2026-07-02 01:05:43,612 [toolkit.py] => config: /home/zll2025/low-rank-cl-main/configs/sdlora/domain.json
2026-07-02 01:05:43,612 [toolkit.py] => device: [device(type='cuda', index=5)]
2026-07-02 01:05:43,612 [toolkit.py] => debug: False
2026-07-02 01:05:43,612 [toolkit.py] => save_ckp: False
2026-07-02 01:05:43,612 [toolkit.py] => moe_list: None
2026-07-02 01:05:43,612 [toolkit.py] => seed: 1993
2026-07-02 01:05:43,612 [toolkit.py] => dataset: domainnet
2026-07-02 01:05:43,613 [toolkit.py] => data_path: data/domainnet
2026-07-02 01:05:43,613 [toolkit.py] => load: vit_base_patch16_224_in21k
2026-07-02 01:05:43,613 [toolkit.py] => init_cls: 69
2026-07-02 01:05:43,613 [toolkit.py] => increment: 69
2026-07-02 01:05:43,613 [toolkit.py] => sessions: 5
2026-07-02 01:05:43,613 [toolkit.py] => shuffle: False
2026-07-02 01:05:43,613 [toolkit.py] => method: sdlora
2026-07-02 01:05:43,613 [toolkit.py] => optimizer: adam
2026-07-02 01:05:43,613 [toolkit.py] => scheduler: cosine
2026-07-02 01:05:43,613 [toolkit.py] => epochs: 5
2026-07-02 01:05:43,613 [toolkit.py] => lrate: 0.0005
2026-07-02 01:05:43,613 [toolkit.py] => fc_lrate: 0.005
2026-07-02 01:05:43,613 [toolkit.py] => weight_decay: 0.0
2026-07-02 01:05:43,613 [toolkit.py] => batch_size: 128
2026-07-02 01:05:43,613 [toolkit.py] => rank: 30
2026-07-02 01:05:43,613 [toolkit.py] => num_workers: 16
2026-07-02 01:05:43,613 [toolkit.py] => logdir: logs/sdlora/domainnet/t5
2026-07-02 01:05:43,613 [toolkit.py] => logfilename: logs/sdlora/domainnet/t5/seed1993
2026-07-02 01:05:43,840 [data_manager.py] => Class index order: 0, 1, 2, 3, 4, ..., 340, 341, 342, 343, 344
2026-07-02 01:07:18,390 [toolkit.py] => config: /home/zll2025/low-rank-cl-main/configs/sdlora/domain.json
2026-07-02 01:07:18,390 [toolkit.py] => device: [device(type='cuda', index=5)]
2026-07-02 01:07:18,390 [toolkit.py] => debug: False
2026-07-02 01:07:18,390 [toolkit.py] => save_ckp: False
2026-07-02 01:07:18,390 [toolkit.py] => moe_list: None
2026-07-02 01:07:18,390 [toolkit.py] => seed: 1993
2026-07-02 01:07:18,390 [toolkit.py] => dataset: domainnet
2026-07-02 01:07:18,390 [toolkit.py] => data_path: data/domainnet
2026-07-02 01:07:18,391 [toolkit.py] => load: vit_base_patch16_224_in21k
2026-07-02 01:07:18,391 [toolkit.py] => init_cls: 69
2026-07-02 01:07:18,391 [toolkit.py] => increment: 69
2026-07-02 01:07:18,391 [toolkit.py] => sessions: 5
2026-07-02 01:07:18,391 [toolkit.py] => shuffle: False
2026-07-02 01:07:18,391 [toolkit.py] => method: sdlora
2026-07-02 01:07:18,391 [toolkit.py] => optimizer: adam
2026-07-02 01:07:18,391 [toolkit.py] => scheduler: cosine
2026-07-02 01:07:18,391 [toolkit.py] => epochs: 5
2026-07-02 01:07:18,391 [toolkit.py] => lrate: 0.0005
2026-07-02 01:07:18,391 [toolkit.py] => fc_lrate: 0.005
2026-07-02 01:07:18,391 [toolkit.py] => weight_decay: 0.0
2026-07-02 01:07:18,391 [toolkit.py] => batch_size: 128
2026-07-02 01:07:18,391 [toolkit.py] => rank: 30
2026-07-02 01:07:18,391 [toolkit.py] => num_workers: 16
2026-07-02 01:07:18,391 [toolkit.py] => lrate_head: 0
2026-07-02 01:07:18,391 [toolkit.py] => logdir: logs/sdlora/domainnet/t5
2026-07-02 01:07:18,391 [toolkit.py] => logfilename: logs/sdlora/domainnet/t5/seed1993
2026-07-02 01:07:18,615 [data_manager.py] => Class index order: 0, 1, 2, 3, 4, ..., 340, 341, 342, 343, 344
2026-07-02 01:07:22,852 [trainer.py] => ================================================================================
2026-07-02 01:07:22,929 [base.py] => Task 0 learning on class 0-69
2026-07-02 01:07:23,716 [toolkit.py] => Total params:     108,390,849
2026-07-02 01:07:23,716 [toolkit.py] => Trainable params: 1,159,002
2026-07-02 01:07:23,716 [toolkit.py] => Trainable ratio:  1.0693%
2026-07-02 10:25:20,703 [toolkit.py] => config: /home/zll2025/low-rank-cl-main/configs/sdlora/domain.json
2026-07-02 10:25:20,703 [toolkit.py] => device: [device(type='cuda', index=5)]
2026-07-02 10:25:20,703 [toolkit.py] => debug: False
2026-07-02 10:25:20,703 [toolkit.py] => save_ckp: False
2026-07-02 10:25:20,703 [toolkit.py] => moe_list: None
2026-07-02 10:25:20,703 [toolkit.py] => seed: 1993
2026-07-02 10:25:20,703 [toolkit.py] => dataset: domainnet
2026-07-02 10:25:20,703 [toolkit.py] => data_path: data/domainnet
2026-07-02 10:25:20,703 [toolkit.py] => load: vit_base_patch16_224_in21k
2026-07-02 10:25:20,703 [toolkit.py] => init_cls: 69
2026-07-02 10:25:20,703 [toolkit.py] => increment: 69
2026-07-02 10:25:20,703 [toolkit.py] => sessions: 5
2026-07-02 10:25:20,703 [toolkit.py] => shuffle: False
2026-07-02 10:25:20,703 [toolkit.py] => method: sdlora
2026-07-02 10:25:20,703 [toolkit.py] => optimizer: adam
2026-07-02 10:25:20,703 [toolkit.py] => scheduler: cosine
2026-07-02 10:25:20,703 [toolkit.py] => epochs: 5
2026-07-02 10:25:20,703 [toolkit.py] => lrate: 0.0005
2026-07-02 10:25:20,703 [toolkit.py] => fc_lrate: 0.005
2026-07-02 10:25:20,703 [toolkit.py] => weight_decay: 0.0
2026-07-02 10:25:20,703 [toolkit.py] => batch_size: 128
2026-07-02 10:25:20,703 [toolkit.py] => rank: 30
2026-07-02 10:25:20,703 [toolkit.py] => num_workers: 16
2026-07-02 10:25:20,703 [toolkit.py] => lrate_head: 0
2026-07-02 10:25:20,704 [toolkit.py] => logdir: logs/sdlora/domainnet/t5
2026-07-02 10:25:20,704 [toolkit.py] => logfilename: logs/sdlora/domainnet/t5/seed1993
2026-07-02 10:25:20,926 [data_manager.py] => Class index order: 0, 1, 2, 3, 4, ..., 340, 341, 342, 343, 344
2026-07-02 10:25:25,133 [trainer.py] => ================================================================================
2026-07-02 10:25:25,188 [base.py] => Task 0 learning on class 0-69
2026-07-02 10:25:25,613 [toolkit.py] => Total params:     108,390,849
2026-07-02 10:25:25,613 [toolkit.py] => Trainable params: 1,159,002
2026-07-02 10:25:25,614 [toolkit.py] => Trainable ratio:  1.0693%
2026-07-02 11:05:40,305 [sdlora.py] => Task 0, Epoch 5/5 => Loss 0.502, Train_accy 87.07
2026-07-02 11:05:40,306 [trainer.py] => Training time: 0h 40m 15s
2026-07-02 11:06:33,194 [trainer.py] => Evaluation time: 0h 0m 52s
2026-07-02 11:06:33,194 [trainer.py] => Accuracy: {'total': 87.79, '00-68': 87.79, 'old': 0, 'new': 87.79}
2026-07-02 11:06:33,194 [trainer.py] => (curve) top1 Acc: [87.79]
2026-07-02 11:06:33,194 [trainer.py] => Avergae Acc: 87.79
2026-07-02 11:06:33,194 [trainer.py] => (curve) top1 Acc with task: [87.79]
2026-07-02 11:06:33,194 [trainer.py] => Avergae Acc: 87.79
2026-07-02 11:06:33,194 [trainer.py] => (curve) top1 Acc task: [100.0]
2026-07-02 11:06:33,194 [trainer.py] => Avergae Acc: 100.00
2026-07-02 11:06:33,194 [trainer.py] => ================================================================================
2026-07-02 11:06:33,194 [trainer.py] => ================================================================================
2026-07-02 11:06:33,248 [base.py] => Task 1 learning on class 69-138
2026-07-02 11:06:33,257 [toolkit.py] => Total params:     108,390,849
2026-07-02 11:06:33,257 [toolkit.py] => Trainable params: 1,159,002
2026-07-02 11:06:33,257 [toolkit.py] => Trainable ratio:  1.0693%
2026-07-02 11:48:28,270 [sdlora.py] => Task 1, Epoch 5/5 => Loss 0.513, Train_accy 86.67
2026-07-02 11:48:28,271 [trainer.py] => Training time: 0h 41m 55s
2026-07-02 11:50:18,766 [trainer.py] => Evaluation time: 0h 1m 50s
2026-07-02 11:50:18,766 [trainer.py] => Accuracy: {'total': 81.04, '00-68': 77.07, '69-137': 85.16, 'old': 77.07, 'new': 85.16}
2026-07-02 11:50:18,766 [trainer.py] => (curve) top1 Acc: [87.79, 81.04]
2026-07-02 11:50:18,766 [trainer.py] => Avergae Acc: 84.42
2026-07-02 11:50:18,766 [trainer.py] => (curve) top1 Acc with task: [87.79, 86.93]
2026-07-02 11:50:18,767 [trainer.py] => Avergae Acc: 87.36
2026-07-02 11:50:18,767 [trainer.py] => (curve) top1 Acc task: [100.0, 88.38]
2026-07-02 11:50:18,767 [trainer.py] => Avergae Acc: 94.19
2026-07-02 11:50:18,767 [trainer.py] => ================================================================================
2026-07-02 11:50:18,767 [trainer.py] => ================================================================================
2026-07-02 11:50:18,824 [base.py] => Task 2 learning on class 138-207
2026-07-02 11:50:18,832 [toolkit.py] => Total params:     108,390,849
2026-07-02 11:50:18,832 [toolkit.py] => Trainable params: 1,159,002
2026-07-02 11:50:18,833 [toolkit.py] => Trainable ratio:  1.0693%
2026-07-02 12:38:52,919 [sdlora.py] => Task 2, Epoch 5/5 => Loss 0.564, Train_accy 85.28
2026-07-02 12:38:52,920 [trainer.py] => Training time: 0h 48m 34s
2026-07-02 12:41:53,608 [trainer.py] => Evaluation time: 0h 3m 0s
2026-07-02 12:41:53,608 [trainer.py] => Accuracy: {'total': 76.84, '00-68': 72.14, '69-137': 75.27, '138-206': 82.79, 'old': 73.68, 'new': 82.79}
2026-07-02 12:41:53,608 [trainer.py] => (curve) top1 Acc: [87.79, 81.04, 76.84]
2026-07-02 12:41:53,608 [trainer.py] => Avergae Acc: 81.89
2026-07-02 12:41:53,608 [trainer.py] => (curve) top1 Acc with task: [87.79, 86.93, 86.06]
2026-07-02 12:41:53,608 [trainer.py] => Avergae Acc: 86.93
2026-07-02 12:41:53,609 [trainer.py] => (curve) top1 Acc task: [100.0, 88.38, 82.72]
2026-07-02 12:41:53,609 [trainer.py] => Avergae Acc: 90.37
2026-07-02 12:41:53,609 [trainer.py] => ================================================================================
2026-07-02 12:41:53,609 [trainer.py] => ================================================================================
2026-07-02 12:41:53,665 [base.py] => Task 3 learning on class 207-276
2026-07-02 12:41:53,674 [toolkit.py] => Total params:     108,390,849
2026-07-02 12:41:53,674 [toolkit.py] => Trainable params: 1,159,002
2026-07-02 12:41:53,674 [toolkit.py] => Trainable ratio:  1.0693%
2026-07-02 13:32:10,993 [sdlora.py] => Task 3, Epoch 5/5 => Loss 0.521, Train_accy 86.34
2026-07-02 13:32:10,994 [trainer.py] => Training time: 0h 50m 17s
2026-07-02 13:36:26,929 [trainer.py] => Evaluation time: 0h 4m 15s
2026-07-02 13:36:26,929 [trainer.py] => Accuracy: {'total': 74.42, '00-68': 69.72, '69-137': 73.04, '138-206': 73.76, '207-275': 81.19, 'old': 72.19, 'new': 81.19}
2026-07-02 13:36:26,929 [trainer.py] => (curve) top1 Acc: [87.79, 81.04, 76.84, 74.42]
2026-07-02 13:36:26,929 [trainer.py] => Avergae Acc: 80.02
2026-07-02 13:36:26,929 [trainer.py] => (curve) top1 Acc with task: [87.79, 86.93, 86.06, 85.77]
2026-07-02 13:36:26,930 [trainer.py] => Avergae Acc: 86.64
2026-07-02 13:36:26,930 [trainer.py] => (curve) top1 Acc task: [100.0, 88.38, 82.72, 79.39]
2026-07-02 13:36:26,930 [trainer.py] => Avergae Acc: 87.62
2026-07-02 13:36:26,930 [trainer.py] => ================================================================================
2026-07-02 13:36:26,930 [trainer.py] => ================================================================================
2026-07-02 13:36:26,984 [base.py] => Task 4 learning on class 276-345
2026-07-02 13:36:26,993 [toolkit.py] => Total params:     108,390,849
2026-07-02 13:36:26,993 [toolkit.py] => Trainable params: 1,159,002
2026-07-02 13:36:26,993 [toolkit.py] => Trainable ratio:  1.0693%
2026-07-02 14:28:53,627 [sdlora.py] => Task 4, Epoch 5/5 => Loss 0.506, Train_accy 86.82
2026-07-02 14:28:53,628 [trainer.py] => Training time: 0h 52m 26s
2026-07-02 14:34:32,970 [trainer.py] => Evaluation time: 0h 5m 39s
2026-07-02 14:34:32,971 [trainer.py] => Accuracy: {'total': 71.87, '00-68': 66.49, '69-137': 68.88, '138-206': 71.38, '207-275': 72.54, '276-344': 80.11, 'old': 69.84, 'new': 80.11}
2026-07-02 14:34:32,971 [trainer.py] => (curve) top1 Acc: [87.79, 81.04, 76.84, 74.42, 71.87]
2026-07-02 14:34:32,971 [trainer.py] => Avergae Acc: 78.39
2026-07-02 14:34:32,971 [trainer.py] => (curve) top1 Acc with task: [87.79, 86.93, 86.06, 85.77, 86.0]
2026-07-02 14:34:32,971 [trainer.py] => Avergae Acc: 86.51
2026-07-02 14:34:32,971 [trainer.py] => (curve) top1 Acc task: [100.0, 88.38, 82.72, 79.39, 75.97]
2026-07-02 14:34:32,971 [trainer.py] => Avergae Acc: 85.29
2026-07-02 14:34:32,971 [trainer.py] => ================================================================================
2026-07-25 18:03:07,024 [toolkit.py] => config: configs/sdlora/domain.json
2026-07-25 18:03:07,036 [toolkit.py] => device: [device(type='cuda', index=3)]
2026-07-25 18:03:07,037 [toolkit.py] => debug: False
2026-07-25 18:03:07,037 [toolkit.py] => save_ckp: False
2026-07-25 18:03:07,037 [toolkit.py] => moe_list: None
2026-07-25 18:03:07,037 [toolkit.py] => seed: 1993
2026-07-25 18:03:07,037 [toolkit.py] => dataset: domainnet
2026-07-25 18:03:07,037 [toolkit.py] => data_path: data/domainnet
2026-07-25 18:03:07,037 [toolkit.py] => load: vit_base_patch16_224_in21k
2026-07-25 18:03:07,037 [toolkit.py] => init_cls: 69
2026-07-25 18:03:07,037 [toolkit.py] => increment: 69
2026-07-25 18:03:07,037 [toolkit.py] => sessions: 5
2026-07-25 18:03:07,037 [toolkit.py] => shuffle: False
2026-07-25 18:03:07,037 [toolkit.py] => method: sdlora
2026-07-25 18:03:07,037 [toolkit.py] => optimizer: adam
2026-07-25 18:03:07,037 [toolkit.py] => scheduler: cosine
2026-07-25 18:03:07,037 [toolkit.py] => epochs: 10
2026-07-25 18:03:07,037 [toolkit.py] => lrate: 0.0005
2026-07-25 18:03:07,037 [toolkit.py] => fc_lrate: 0.005
2026-07-25 18:03:07,037 [toolkit.py] => weight_decay: 0.0
2026-07-25 18:03:07,037 [toolkit.py] => batch_size: 128
2026-07-25 18:03:07,037 [toolkit.py] => rank: 30
2026-07-25 18:03:07,037 [toolkit.py] => num_workers: 16
2026-07-25 18:03:07,037 [toolkit.py] => lrate_head: 0
2026-07-25 18:03:07,037 [toolkit.py] => logdir: logs/sdlora/domainnet/t5
2026-07-25 18:03:07,037 [toolkit.py] => logfilename: logs/sdlora/domainnet/t5/seed1993
2026-07-25 18:03:07,289 [data_manager.py] => Class index order: 0, 1, 2, 3, 4, ..., 340, 341, 342, 343, 344
2026-07-25 18:03:11,665 [trainer.py] => ================================================================================
2026-07-25 18:03:11,740 [base.py] => Task 0 learning on class 0-69
2026-07-25 18:03:12,288 [toolkit.py] => Total params:     108,390,849
2026-07-25 18:03:12,288 [toolkit.py] => Trainable params: 1,159,002
2026-07-25 18:03:12,288 [toolkit.py] => Trainable ratio:  1.0693%
2026-07-25 19:24:00,303 [sdlora.py] => Task 0, Epoch 10/10 => Loss 0.402, Train_accy 89.47
2026-07-25 19:24:00,304 [trainer.py] => Training time: 1h 20m 48s
2026-07-25 19:24:53,493 [trainer.py] => Evaluation time: 0h 0m 53s
2026-07-25 19:24:53,493 [trainer.py] => Accuracy: {'total': 87.84, '00-68': 87.84, 'old': 0, 'new': 87.84}
2026-07-25 19:24:53,493 [trainer.py] => (curve) top1 Acc: [87.84]
2026-07-25 19:24:53,493 [trainer.py] => Avergae Acc: 87.84
2026-07-25 19:24:53,493 [trainer.py] => (curve) top1 Acc with task: [87.84]
2026-07-25 19:24:53,493 [trainer.py] => Avergae Acc: 87.84
2026-07-25 19:24:53,493 [trainer.py] => (curve) top1 Acc task: [100.0]
2026-07-25 19:24:53,493 [trainer.py] => Avergae Acc: 100.00
2026-07-25 19:24:53,493 [trainer.py] => ================================================================================
2026-07-25 19:24:53,494 [trainer.py] => ================================================================================
2026-07-25 19:24:53,555 [base.py] => Task 1 learning on class 69-138
2026-07-25 19:24:53,564 [toolkit.py] => Total params:     108,390,849
2026-07-25 19:24:53,564 [toolkit.py] => Trainable params: 1,159,002
2026-07-25 19:24:53,564 [toolkit.py] => Trainable ratio:  1.0693%
2026-07-25 20:48:50,336 [sdlora.py] => Task 1, Epoch 10/10 => Loss 0.422, Train_accy 88.80
2026-07-25 20:48:50,337 [trainer.py] => Training time: 1h 23m 56s
2026-07-25 20:50:41,122 [trainer.py] => Evaluation time: 0h 1m 50s
2026-07-25 20:50:41,122 [trainer.py] => Accuracy: {'total': 80.32, '00-68': 75.69, '69-137': 85.13, 'old': 75.69, 'new': 85.13}
2026-07-25 20:50:41,122 [trainer.py] => (curve) top1 Acc: [87.84, 80.32]
2026-07-25 20:50:41,122 [trainer.py] => Avergae Acc: 84.08
2026-07-25 20:50:41,122 [trainer.py] => (curve) top1 Acc with task: [87.84, 86.51]
2026-07-25 20:50:41,122 [trainer.py] => Avergae Acc: 87.18
2026-07-25 20:50:41,122 [trainer.py] => (curve) top1 Acc task: [100.0, 87.75]
2026-07-25 20:50:41,122 [trainer.py] => Avergae Acc: 93.88
2026-07-25 20:50:41,122 [trainer.py] => ================================================================================
2026-07-25 20:50:41,122 [trainer.py] => ================================================================================
2026-07-25 20:50:41,184 [base.py] => Task 2 learning on class 138-207
2026-07-25 20:50:41,192 [toolkit.py] => Total params:     108,390,849
2026-07-25 20:50:41,193 [toolkit.py] => Trainable params: 1,159,002
2026-07-25 20:50:41,193 [toolkit.py] => Trainable ratio:  1.0693%
2026-07-25 22:27:56,370 [sdlora.py] => Task 2, Epoch 10/10 => Loss 0.469, Train_accy 87.63
2026-07-25 22:27:56,371 [trainer.py] => Training time: 1h 37m 15s
2026-07-25 22:30:58,087 [trainer.py] => Evaluation time: 0h 3m 1s
2026-07-25 22:30:58,087 [trainer.py] => Accuracy: {'total': 75.47, '00-68': 70.36, '69-137': 72.53, '138-206': 83.1, 'old': 71.42, 'new': 83.1}
2026-07-25 22:30:58,088 [trainer.py] => (curve) top1 Acc: [87.84, 80.32, 75.47]
2026-07-25 22:30:58,088 [trainer.py] => Avergae Acc: 81.21
2026-07-25 22:30:58,088 [trainer.py] => (curve) top1 Acc with task: [87.84, 86.51, 85.35]
2026-07-25 22:30:58,088 [trainer.py] => Avergae Acc: 86.57
2026-07-25 22:30:58,088 [trainer.py] => (curve) top1 Acc task: [100.0, 87.75, 81.46]
2026-07-25 22:30:58,088 [trainer.py] => Avergae Acc: 89.74
2026-07-25 22:30:58,088 [trainer.py] => ================================================================================
2026-07-25 22:30:58,088 [trainer.py] => ================================================================================
2026-07-25 22:30:58,152 [base.py] => Task 3 learning on class 207-276
2026-07-25 22:30:58,161 [toolkit.py] => Total params:     108,390,849
2026-07-25 22:30:58,162 [toolkit.py] => Trainable params: 1,159,002
2026-07-25 22:30:58,162 [toolkit.py] => Trainable ratio:  1.0693%
2026-07-26 00:11:38,299 [sdlora.py] => Task 3, Epoch 10/10 => Loss 0.431, Train_accy 88.60
2026-07-26 00:11:38,300 [trainer.py] => Training time: 1h 40m 40s
2026-07-26 00:15:54,148 [trainer.py] => Evaluation time: 0h 4m 15s
2026-07-26 00:15:54,148 [trainer.py] => Accuracy: {'total': 72.49, '00-68': 67.96, '69-137': 69.1, '138-206': 71.38, '207-275': 81.56, 'old': 69.51, 'new': 81.56}
2026-07-26 00:15:54,148 [trainer.py] => (curve) top1 Acc: [87.84, 80.32, 75.47, 72.49]
2026-07-26 00:15:54,148 [trainer.py] => Avergae Acc: 79.03
2026-07-26 00:15:54,148 [trainer.py] => (curve) top1 Acc with task: [87.84, 86.51, 85.35, 84.86]
2026-07-26 00:15:54,148 [trainer.py] => Avergae Acc: 86.14
2026-07-26 00:15:54,148 [trainer.py] => (curve) top1 Acc task: [100.0, 87.75, 81.46, 77.66]
2026-07-26 00:15:54,148 [trainer.py] => Avergae Acc: 86.72
2026-07-26 00:15:54,148 [trainer.py] => ================================================================================
2026-07-26 00:15:54,148 [trainer.py] => ================================================================================
2026-07-26 00:15:54,204 [base.py] => Task 4 learning on class 276-345
2026-07-26 00:15:54,213 [toolkit.py] => Total params:     108,390,849
2026-07-26 00:15:54,214 [toolkit.py] => Trainable params: 1,159,002
2026-07-26 00:15:54,214 [toolkit.py] => Trainable ratio:  1.0693%
2026-07-26 02:00:48,827 [sdlora.py] => Task 4, Epoch 10/10 => Loss 0.411, Train_accy 89.23
2026-07-26 02:00:48,828 [trainer.py] => Training time: 1h 44m 54s
2026-07-26 02:06:30,752 [trainer.py] => Evaluation time: 0h 5m 41s
2026-07-26 02:06:30,753 [trainer.py] => Accuracy: {'total': 70.16, '00-68': 65.39, '69-137': 66.29, '138-206': 68.72, '207-275': 69.31, '276-344': 81.15, 'old': 67.45, 'new': 81.15}
2026-07-26 02:06:30,753 [trainer.py] => (curve) top1 Acc: [87.84, 80.32, 75.47, 72.49, 70.16]
2026-07-26 02:06:30,753 [trainer.py] => Avergae Acc: 77.26
2026-07-26 02:06:30,753 [trainer.py] => (curve) top1 Acc with task: [87.84, 86.51, 85.35, 84.86, 85.14]
2026-07-26 02:06:30,753 [trainer.py] => Avergae Acc: 85.94
2026-07-26 02:06:30,753 [trainer.py] => (curve) top1 Acc task: [100.0, 87.75, 81.46, 77.66, 74.27]
2026-07-26 02:06:30,753 [trainer.py] => Avergae Acc: 84.23
2026-07-26 02:06:30,753 [trainer.py] => ================================================================================
2026-09-12 08:35:21,223 [toolkit.py] => config: configs/sdlora/domain_seed=1993.json
2026-09-12 08:35:21,245 [toolkit.py] => device: [device(type='cuda', index=1)]
2026-09-12 08:35:21,245 [toolkit.py] => debug: False
2026-09-12 08:35:21,245 [toolkit.py] => save_ckp: False
2026-09-12 08:35:21,245 [toolkit.py] => moe_list: None
2026-09-12 08:35:21,245 [toolkit.py] => seed: 1993
2026-09-12 08:35:21,245 [toolkit.py] => dataset: domainnet
2026-09-12 08:35:21,246 [toolkit.py] => data_path: data/domainnet
2026-09-12 08:35:21,246 [toolkit.py] => load: vit_base_patch16_224_in21k
2026-09-12 08:35:21,246 [toolkit.py] => init_cls: 69
2026-09-12 08:35:21,246 [toolkit.py] => increment: 69
2026-09-12 08:35:21,246 [toolkit.py] => sessions: 5
2026-09-12 08:35:21,246 [toolkit.py] => shuffle: False
2026-09-12 08:35:21,246 [toolkit.py] => method: sdlora
2026-09-12 08:35:21,246 [toolkit.py] => optimizer: adam
2026-09-12 08:35:21,246 [toolkit.py] => scheduler: cosine
2026-09-12 08:35:21,246 [toolkit.py] => epochs: 5
2026-09-12 08:35:21,246 [toolkit.py] => lrate: 0.0005
2026-09-12 08:35:21,246 [toolkit.py] => fc_lrate: 0.005
2026-09-12 08:35:21,246 [toolkit.py] => weight_decay: 0.0
2026-09-12 08:35:21,246 [toolkit.py] => batch_size: 128
2026-09-12 08:35:21,246 [toolkit.py] => rank: 30
2026-09-12 08:35:21,246 [toolkit.py] => num_workers: 16
2026-09-12 08:35:21,246 [toolkit.py] => lrate_head: 0
2026-09-12 08:35:21,246 [toolkit.py] => logdir: logs/sdlora/domainnet/t5
2026-09-12 08:35:21,246 [toolkit.py] => logfilename: logs/sdlora/domainnet/t5/seed1993
2026-09-12 08:35:21,560 [data_manager.py] => Class index order: 0, 1, 2, 3, 4, ..., 340, 341, 342, 343, 344
2026-09-12 08:35:26,150 [trainer.py] => ================================================================================
2026-09-12 08:35:26,151 [trainer.py] => Dataset Information
2026-09-12 08:35:26,151 [trainer.py] => ================================================================================
2026-09-12 08:35:26,151 [trainer.py] =>   Dataset name     : domainnet
2026-09-12 08:35:26,151 [trainer.py] =>   Data path        : data/domainnet
2026-09-12 08:35:26,151 [trainer.py] =>   Total classes    : 345
2026-09-12 08:35:26,151 [trainer.py] =>   Total tasks      : 5
2026-09-12 08:35:26,151 [trainer.py] =>   Task increments  : [69, 69, 69, 69, 69]
2026-09-12 08:35:26,151 [trainer.py] =>   Init classes     : 69
2026-09-12 08:35:26,151 [trainer.py] =>   Increment per task: 69
2026-09-12 08:35:26,151 [trainer.py] =>   Shuffle          : False
2026-09-12 08:35:26,151 [trainer.py] =>   Seed             : 1993
2026-09-12 08:35:26,151 [trainer.py] => --------------------------------------------------------------------------------
2026-09-12 08:35:26,151 [trainer.py] => Task split:
2026-09-12 08:35:26,255 [trainer.py] =>   Task 0: classes 0-68 (69 classes) | Train: 67628 images (265 batches), Test: 17009 images (67 batches)
2026-09-12 08:35:26,318 [trainer.py] =>   Task 1: classes 69-137 (69 classes) | Train: 65335 images (256 batches), Test: 16374 images (64 batches)
2026-09-12 08:35:26,378 [trainer.py] =>   Task 2: classes 138-206 (69 classes) | Train: 70512 images (276 batches), Test: 17747 images (70 batches)
2026-09-12 08:35:26,436 [trainer.py] =>   Task 3: classes 207-275 (69 classes) | Train: 68362 images (268 batches), Test: 16831 images (66 batches)
2026-09-12 08:35:26,495 [trainer.py] =>   Task 4: classes 276-344 (69 classes) | Train: 66967 images (262 batches), Test: 16741 images (66 batches)
2026-09-12 08:35:26,495 [trainer.py] => ================================================================================
2026-09-12 08:35:26,495 [trainer.py] => ================================================================================
2026-09-12 08:35:26,543 [base.py] => Task 0 learning on class 0-69
2026-09-12 08:35:27,218 [toolkit.py] => Total params:     108,390,849
2026-09-12 08:35:27,218 [toolkit.py] => Trainable params: 1,159,002
2026-09-12 08:35:27,219 [toolkit.py] => Trainable ratio:  1.0693%
2026-09-12 09:24:51,005 [sdlora.py] => Task 0, Epoch 5/5 => Loss 0.502, Train_accy 87.07
2026-09-12 09:24:51,006 [trainer.py] => Training time: 0h 49m 24s
2026-09-12 09:26:27,995 [trainer.py] => Evaluation time: 0h 1m 36s
2026-09-12 09:26:27,996 [trainer.py] => Accuracy: {'total': 87.79, '00-68': 87.79, 'old': 0, 'new': 87.79}
2026-09-12 09:26:27,996 [trainer.py] => (curve) top1 Acc: [87.79]
2026-09-12 09:26:27,996 [trainer.py] => Avergae Acc: 87.79
2026-09-12 09:26:27,996 [trainer.py] => (curve) top1 Acc with task: [87.79]
2026-09-12 09:26:27,996 [trainer.py] => Avergae Acc: 87.79
2026-09-12 09:26:27,996 [trainer.py] => (curve) top1 Acc task: [100.0]
2026-09-12 09:26:27,996 [trainer.py] => Avergae Acc: 100.00
2026-09-12 09:26:27,996 [trainer.py] => ================================================================================
2026-09-12 09:26:27,996 [trainer.py] => ================================================================================
2026-09-12 09:26:28,053 [base.py] => Task 1 learning on class 69-138
2026-09-12 09:26:28,062 [toolkit.py] => Total params:     108,390,849
2026-09-12 09:26:28,062 [toolkit.py] => Trainable params: 1,159,002
2026-09-12 09:26:28,062 [toolkit.py] => Trainable ratio:  1.0693%
2026-09-12 10:30:55,961 [sdlora.py] => Task 1, Epoch 5/5 => Loss 0.513, Train_accy 86.67
2026-09-12 10:30:55,962 [trainer.py] => Training time: 1h 4m 27s
2026-09-12 10:34:08,723 [trainer.py] => Evaluation time: 0h 3m 12s
2026-09-12 10:34:08,723 [trainer.py] => Accuracy: {'total': 81.04, '00-68': 77.07, '69-137': 85.16, 'old': 77.07, 'new': 85.16}
2026-09-12 10:34:08,723 [trainer.py] => (curve) top1 Acc: [87.79, 81.04]
2026-09-12 10:34:08,723 [trainer.py] => Avergae Acc: 84.42
2026-09-12 10:34:08,723 [trainer.py] => (curve) top1 Acc with task: [87.79, 86.93]
2026-09-12 10:34:08,724 [trainer.py] => Avergae Acc: 87.36
2026-09-12 10:34:08,724 [trainer.py] => (curve) top1 Acc task: [100.0, 88.38]
2026-09-12 10:34:08,724 [trainer.py] => Avergae Acc: 94.19
2026-09-12 10:34:08,724 [trainer.py] => ================================================================================
2026-09-12 10:34:08,724 [trainer.py] => ================================================================================
2026-09-12 10:34:08,783 [base.py] => Task 2 learning on class 138-207
2026-09-12 10:34:08,792 [toolkit.py] => Total params:     108,390,849
2026-09-12 10:34:08,792 [toolkit.py] => Trainable params: 1,159,002
2026-09-12 10:34:08,792 [toolkit.py] => Trainable ratio:  1.0693%
2026-09-12 11:26:15,334 [sdlora.py] => Task 2, Epoch 5/5 => Loss 0.564, Train_accy 85.28
2026-09-12 11:26:15,336 [trainer.py] => Training time: 0h 52m 6s
2026-09-12 11:32:05,513 [trainer.py] => Evaluation time: 0h 5m 50s
2026-09-12 11:32:05,513 [trainer.py] => Accuracy: {'total': 76.84, '00-68': 72.14, '69-137': 75.27, '138-206': 82.79, 'old': 73.68, 'new': 82.79}
2026-09-12 11:32:05,513 [trainer.py] => (curve) top1 Acc: [87.79, 81.04, 76.84]
2026-09-12 11:32:05,513 [trainer.py] => Avergae Acc: 81.89
2026-09-12 11:32:05,513 [trainer.py] => (curve) top1 Acc with task: [87.79, 86.93, 86.06]
2026-09-12 11:32:05,514 [trainer.py] => Avergae Acc: 86.93
2026-09-12 11:32:05,514 [trainer.py] => (curve) top1 Acc task: [100.0, 88.38, 82.72]
2026-09-12 11:32:05,514 [trainer.py] => Avergae Acc: 90.37
2026-09-12 11:32:05,514 [trainer.py] => ================================================================================
2026-09-12 11:32:05,514 [trainer.py] => ================================================================================
2026-09-12 11:32:05,581 [base.py] => Task 3 learning on class 207-276
2026-09-12 11:32:05,590 [toolkit.py] => Total params:     108,390,849
2026-09-12 11:32:05,590 [toolkit.py] => Trainable params: 1,159,002
2026-09-12 11:32:05,590 [toolkit.py] => Trainable ratio:  1.0693%
2026-09-12 12:59:00,555 [sdlora.py] => Task 3, Epoch 5/5 => Loss 0.521, Train_accy 86.34
2026-09-12 12:59:00,556 [trainer.py] => Training time: 1h 26m 55s
2026-09-12 13:08:05,514 [trainer.py] => Evaluation time: 0h 9m 4s
2026-09-12 13:08:05,514 [trainer.py] => Accuracy: {'total': 74.42, '00-68': 69.72, '69-137': 73.04, '138-206': 73.76, '207-275': 81.19, 'old': 72.19, 'new': 81.19}
2026-09-12 13:08:05,514 [trainer.py] => (curve) top1 Acc: [87.79, 81.04, 76.84, 74.42]
2026-09-12 13:08:05,514 [trainer.py] => Avergae Acc: 80.02
2026-09-12 13:08:05,514 [trainer.py] => (curve) top1 Acc with task: [87.79, 86.93, 86.06, 85.77]
2026-09-12 13:08:05,514 [trainer.py] => Avergae Acc: 86.64
2026-09-12 13:08:05,514 [trainer.py] => (curve) top1 Acc task: [100.0, 88.38, 82.72, 79.39]
2026-09-12 13:08:05,514 [trainer.py] => Avergae Acc: 87.62
2026-09-12 13:08:05,514 [trainer.py] => ================================================================================
2026-09-12 13:08:05,514 [trainer.py] => ================================================================================
2026-09-12 13:08:05,581 [base.py] => Task 4 learning on class 276-345
2026-09-12 13:08:05,590 [toolkit.py] => Total params:     108,390,849
2026-09-12 13:08:05,590 [toolkit.py] => Trainable params: 1,159,002
2026-09-12 13:08:05,590 [toolkit.py] => Trainable ratio:  1.0693%
2026-09-12 14:09:40,011 [sdlora.py] => Task 4, Epoch 5/5 => Loss 0.506, Train_accy 86.82
2026-09-12 14:09:40,029 [trainer.py] => Training time: 1h 1m 34s
2026-09-12 14:15:20,732 [trainer.py] => Evaluation time: 0h 5m 40s
2026-09-12 14:15:20,732 [trainer.py] => Accuracy: {'total': 71.87, '00-68': 66.49, '69-137': 68.88, '138-206': 71.38, '207-275': 72.54, '276-344': 80.11, 'old': 69.84, 'new': 80.11}
2026-09-12 14:15:20,732 [trainer.py] => (curve) top1 Acc: [87.79, 81.04, 76.84, 74.42, 71.87]
2026-09-12 14:15:20,732 [trainer.py] => Avergae Acc: 78.39
2026-09-12 14:15:20,732 [trainer.py] => (curve) top1 Acc with task: [87.79, 86.93, 86.06, 85.77, 86.0]
2026-09-12 14:15:20,732 [trainer.py] => Avergae Acc: 86.51
2026-09-12 14:15:20,732 [trainer.py] => (curve) top1 Acc task: [100.0, 88.38, 82.72, 79.39, 75.97]
2026-09-12 14:15:20,732 [trainer.py] => Avergae Acc: 85.29
2026-09-12 14:15:20,732 [trainer.py] => ================================================================================
