2026-09-11 15:25:25,660 [toolkit.py] => config: configs/sdlora/domain_seed=1997.json
2026-09-11 15:25:25,660 [toolkit.py] => device: [device(type='cuda', index=1)]
2026-09-11 15:25:25,660 [toolkit.py] => debug: False
2026-09-11 15:25:25,660 [toolkit.py] => save_ckp: False
2026-09-11 15:25:25,660 [toolkit.py] => moe_list: None
2026-09-11 15:25:25,660 [toolkit.py] => seed: 1997
2026-09-11 15:25:25,660 [toolkit.py] => dataset: domainnet
2026-09-11 15:25:25,660 [toolkit.py] => data_path: data/domainnet
2026-09-11 15:25:25,660 [toolkit.py] => load: vit_base_patch16_224_in21k
2026-09-11 15:25:25,660 [toolkit.py] => init_cls: 69
2026-09-11 15:25:25,660 [toolkit.py] => increment: 69
2026-09-11 15:25:25,660 [toolkit.py] => sessions: 5
2026-09-11 15:25:25,660 [toolkit.py] => shuffle: False
2026-09-11 15:25:25,660 [toolkit.py] => method: sdlora
2026-09-11 15:25:25,660 [toolkit.py] => optimizer: adam
2026-09-11 15:25:25,660 [toolkit.py] => scheduler: cosine
2026-09-11 15:25:25,661 [toolkit.py] => epochs: 5
2026-09-11 15:25:25,661 [toolkit.py] => lrate: 0.0005
2026-09-11 15:25:25,661 [toolkit.py] => fc_lrate: 0.005
2026-09-11 15:25:25,661 [toolkit.py] => weight_decay: 0.0
2026-09-11 15:25:25,661 [toolkit.py] => batch_size: 128
2026-09-11 15:25:25,661 [toolkit.py] => rank: 30
2026-09-11 15:25:25,661 [toolkit.py] => num_workers: 16
2026-09-11 15:25:25,661 [toolkit.py] => lrate_head: 0
2026-09-11 15:25:25,661 [toolkit.py] => logdir: logs/sdlora/domainnet/t5
2026-09-11 15:25:25,661 [toolkit.py] => logfilename: logs/sdlora/domainnet/t5/seed1997
2026-09-11 15:25:25,985 [data_manager.py] => Class index order: 0, 1, 2, 3, 4, ..., 340, 341, 342, 343, 344
2026-09-11 15:25:30,200 [trainer.py] => ================================================================================
2026-09-11 15:25:30,200 [trainer.py] => Dataset Information
2026-09-11 15:25:30,200 [trainer.py] => ================================================================================
2026-09-11 15:25:30,201 [trainer.py] =>   Dataset name     : domainnet
2026-09-11 15:25:30,201 [trainer.py] =>   Data path        : data/domainnet
2026-09-11 15:25:30,201 [trainer.py] =>   Total classes    : 345
2026-09-11 15:25:30,201 [trainer.py] =>   Total tasks      : 5
2026-09-11 15:25:30,201 [trainer.py] =>   Task increments  : [69, 69, 69, 69, 69]
2026-09-11 15:25:30,201 [trainer.py] =>   Init classes     : 69
2026-09-11 15:25:30,201 [trainer.py] =>   Increment per task: 69
2026-09-11 15:25:30,201 [trainer.py] =>   Shuffle          : False
2026-09-11 15:25:30,201 [trainer.py] =>   Seed             : 1997
2026-09-11 15:25:30,201 [trainer.py] => --------------------------------------------------------------------------------
2026-09-11 15:25:30,201 [trainer.py] => Task split:
2026-09-11 15:25:30,266 [trainer.py] =>   Task 0: classes 0-68 (69 classes) | Train: 67628 images (265 batches), Test: 17009 images (67 batches)
2026-09-11 15:25:30,327 [trainer.py] =>   Task 1: classes 69-137 (69 classes) | Train: 65335 images (256 batches), Test: 16374 images (64 batches)
2026-09-11 15:25:30,387 [trainer.py] =>   Task 2: classes 138-206 (69 classes) | Train: 70512 images (276 batches), Test: 17747 images (70 batches)
2026-09-11 15:25:30,446 [trainer.py] =>   Task 3: classes 207-275 (69 classes) | Train: 68362 images (268 batches), Test: 16831 images (66 batches)
2026-09-11 15:25:30,504 [trainer.py] =>   Task 4: classes 276-344 (69 classes) | Train: 66967 images (262 batches), Test: 16741 images (66 batches)
2026-09-11 15:25:30,504 [trainer.py] => ================================================================================
2026-09-11 15:25:30,504 [trainer.py] => ================================================================================
2026-09-11 15:25:30,552 [base.py] => Task 0 learning on class 0-69
2026-09-11 15:25:31,003 [toolkit.py] => Total params:     108,390,849
2026-09-11 15:25:31,003 [toolkit.py] => Trainable params: 1,159,002
2026-09-11 15:25:31,003 [toolkit.py] => Trainable ratio:  1.0693%
2026-09-11 16:17:54,012 [sdlora.py] => Task 0, Epoch 5/5 => Loss 0.495, Train_accy 87.06
2026-09-11 16:17:54,013 [trainer.py] => Training time: 0h 52m 23s
2026-09-11 16:18:47,020 [trainer.py] => Evaluation time: 0h 0m 53s
2026-09-11 16:18:47,021 [trainer.py] => Accuracy: {'total': 87.73, '00-68': 87.73, 'old': 0, 'new': 87.73}
2026-09-11 16:18:47,021 [trainer.py] => (curve) top1 Acc: [87.73]
2026-09-11 16:18:47,021 [trainer.py] => Avergae Acc: 87.73
2026-09-11 16:18:47,021 [trainer.py] => (curve) top1 Acc with task: [87.73]
2026-09-11 16:18:47,021 [trainer.py] => Avergae Acc: 87.73
2026-09-11 16:18:47,021 [trainer.py] => (curve) top1 Acc task: [100.0]
2026-09-11 16:18:47,021 [trainer.py] => Avergae Acc: 100.00
2026-09-11 16:18:47,021 [trainer.py] => ================================================================================
2026-09-11 16:18:47,021 [trainer.py] => ================================================================================
2026-09-11 16:18:47,076 [base.py] => Task 1 learning on class 69-138
2026-09-11 16:18:47,085 [toolkit.py] => Total params:     108,390,849
2026-09-11 16:18:47,085 [toolkit.py] => Trainable params: 1,159,002
2026-09-11 16:18:47,085 [toolkit.py] => Trainable ratio:  1.0693%
2026-09-11 17:12:55,312 [sdlora.py] => Task 1, Epoch 5/5 => Loss 0.516, Train_accy 86.68
2026-09-11 17:12:55,313 [trainer.py] => Training time: 0h 54m 8s
2026-09-11 17:14:46,624 [trainer.py] => Evaluation time: 0h 1m 51s
2026-09-11 17:14:46,624 [trainer.py] => Accuracy: {'total': 81.03, '00-68': 77.37, '69-137': 84.83, 'old': 77.37, 'new': 84.83}
2026-09-11 17:14:46,624 [trainer.py] => (curve) top1 Acc: [87.73, 81.03]
2026-09-11 17:14:46,624 [trainer.py] => Avergae Acc: 84.38
2026-09-11 17:14:46,624 [trainer.py] => (curve) top1 Acc with task: [87.73, 86.9]
2026-09-11 17:14:46,624 [trainer.py] => Avergae Acc: 87.31
2026-09-11 17:14:46,625 [trainer.py] => (curve) top1 Acc task: [100.0, 88.37]
2026-09-11 17:14:46,625 [trainer.py] => Avergae Acc: 94.19
2026-09-11 17:14:46,625 [trainer.py] => ================================================================================
2026-09-11 17:14:46,625 [trainer.py] => ================================================================================
2026-09-11 17:14:46,683 [base.py] => Task 2 learning on class 138-207
2026-09-11 17:14:46,692 [toolkit.py] => Total params:     108,390,849
2026-09-11 17:14:46,692 [toolkit.py] => Trainable params: 1,159,002
2026-09-11 17:14:46,692 [toolkit.py] => Trainable ratio:  1.0693%
2026-09-11 18:03:26,473 [sdlora.py] => Task 2, Epoch 5/5 => Loss 0.559, Train_accy 85.37
2026-09-11 18:03:26,486 [trainer.py] => Training time: 0h 48m 39s
2026-09-11 18:06:28,415 [trainer.py] => Evaluation time: 0h 3m 1s
2026-09-11 18:06:28,415 [trainer.py] => Accuracy: {'total': 76.44, '00-68': 71.84, '69-137': 74.4, '138-206': 82.72, 'old': 73.1, 'new': 82.72}
2026-09-11 18:06:28,415 [trainer.py] => (curve) top1 Acc: [87.73, 81.03, 76.44]
2026-09-11 18:06:28,415 [trainer.py] => Avergae Acc: 81.73
2026-09-11 18:06:28,415 [trainer.py] => (curve) top1 Acc with task: [87.73, 86.9, 86.06]
2026-09-11 18:06:28,415 [trainer.py] => Avergae Acc: 86.90
2026-09-11 18:06:28,415 [trainer.py] => (curve) top1 Acc task: [100.0, 88.37, 82.19]
2026-09-11 18:06:28,415 [trainer.py] => Avergae Acc: 90.19
2026-09-11 18:06:28,415 [trainer.py] => ================================================================================
2026-09-11 18:06:28,415 [trainer.py] => ================================================================================
2026-09-11 18:06:28,472 [base.py] => Task 3 learning on class 207-276
2026-09-11 18:06:28,480 [toolkit.py] => Total params:     108,390,849
2026-09-11 18:06:28,481 [toolkit.py] => Trainable params: 1,159,002
2026-09-11 18:06:28,481 [toolkit.py] => Trainable ratio:  1.0693%
2026-09-11 18:56:52,572 [sdlora.py] => Task 3, Epoch 5/5 => Loss 0.514, Train_accy 86.50
2026-09-11 18:56:52,573 [trainer.py] => Training time: 0h 50m 24s
2026-09-11 19:01:09,217 [trainer.py] => Evaluation time: 0h 4m 16s
2026-09-11 19:01:09,217 [trainer.py] => Accuracy: {'total': 74.03, '00-68': 69.25, '69-137': 71.68, '138-206': 73.63, '207-275': 81.57, 'old': 71.55, 'new': 81.57}
2026-09-11 19:01:09,217 [trainer.py] => (curve) top1 Acc: [87.73, 81.03, 76.44, 74.03]
2026-09-11 19:01:09,218 [trainer.py] => Avergae Acc: 79.81
2026-09-11 19:01:09,218 [trainer.py] => (curve) top1 Acc with task: [87.73, 86.9, 86.06, 85.86]
2026-09-11 19:01:09,218 [trainer.py] => Avergae Acc: 86.64
2026-09-11 19:01:09,218 [trainer.py] => (curve) top1 Acc task: [100.0, 88.37, 82.19, 78.87]
2026-09-11 19:01:09,218 [trainer.py] => Avergae Acc: 87.36
2026-09-11 19:01:09,218 [trainer.py] => ================================================================================
2026-09-11 19:01:09,218 [trainer.py] => ================================================================================
2026-09-11 19:01:09,284 [base.py] => Task 4 learning on class 276-345
2026-09-11 19:01:09,293 [toolkit.py] => Total params:     108,390,849
2026-09-11 19:01:09,293 [toolkit.py] => Trainable params: 1,159,002
2026-09-11 19:01:09,293 [toolkit.py] => Trainable ratio:  1.0693%
2026-09-11 20:06:40,138 [sdlora.py] => Task 4, Epoch 5/5 => Loss 0.500, Train_accy 86.89
2026-09-11 20:06:40,139 [trainer.py] => Training time: 1h 5m 30s
2026-09-11 20:17:15,506 [trainer.py] => Evaluation time: 0h 10m 35s
2026-09-11 20:17:15,506 [trainer.py] => Accuracy: {'total': 71.85, '00-68': 66.22, '69-137': 68.33, '138-206': 71.49, '207-275': 73.13, '276-344': 80.13, 'old': 69.82, 'new': 80.13}
2026-09-11 20:17:15,506 [trainer.py] => (curve) top1 Acc: [87.73, 81.03, 76.44, 74.03, 71.85]
2026-09-11 20:17:15,506 [trainer.py] => Avergae Acc: 78.22
2026-09-11 20:17:15,506 [trainer.py] => (curve) top1 Acc with task: [87.73, 86.9, 86.06, 85.86, 86.04]
2026-09-11 20:17:15,506 [trainer.py] => Avergae Acc: 86.52
2026-09-11 20:17:15,506 [trainer.py] => (curve) top1 Acc task: [100.0, 88.37, 82.19, 78.87, 75.88]
2026-09-11 20:17:15,506 [trainer.py] => Avergae Acc: 85.06
2026-09-11 20:17:15,506 [trainer.py] => ================================================================================
