2026-09-11 20:17:21,788 [toolkit.py] => config: configs/sdlora/domain_seed=2026.json
2026-09-11 20:17:21,788 [toolkit.py] => device: [device(type='cuda', index=1)]
2026-09-11 20:17:21,788 [toolkit.py] => debug: False
2026-09-11 20:17:21,788 [toolkit.py] => save_ckp: False
2026-09-11 20:17:21,788 [toolkit.py] => moe_list: None
2026-09-11 20:17:21,788 [toolkit.py] => seed: 2026
2026-09-11 20:17:21,788 [toolkit.py] => dataset: domainnet
2026-09-11 20:17:21,788 [toolkit.py] => data_path: data/domainnet
2026-09-11 20:17:21,788 [toolkit.py] => load: vit_base_patch16_224_in21k
2026-09-11 20:17:21,788 [toolkit.py] => init_cls: 69
2026-09-11 20:17:21,789 [toolkit.py] => increment: 69
2026-09-11 20:17:21,789 [toolkit.py] => sessions: 5
2026-09-11 20:17:21,789 [toolkit.py] => shuffle: False
2026-09-11 20:17:21,789 [toolkit.py] => method: sdlora
2026-09-11 20:17:21,789 [toolkit.py] => optimizer: adam
2026-09-11 20:17:21,789 [toolkit.py] => scheduler: cosine
2026-09-11 20:17:21,789 [toolkit.py] => epochs: 5
2026-09-11 20:17:21,789 [toolkit.py] => lrate: 0.0005
2026-09-11 20:17:21,789 [toolkit.py] => fc_lrate: 0.005
2026-09-11 20:17:21,789 [toolkit.py] => weight_decay: 0.0
2026-09-11 20:17:21,789 [toolkit.py] => batch_size: 128
2026-09-11 20:17:21,789 [toolkit.py] => rank: 30
2026-09-11 20:17:21,789 [toolkit.py] => num_workers: 16
2026-09-11 20:17:21,789 [toolkit.py] => lrate_head: 0
2026-09-11 20:17:21,789 [toolkit.py] => logdir: logs/sdlora/domainnet/t5
2026-09-11 20:17:21,789 [toolkit.py] => logfilename: logs/sdlora/domainnet/t5/seed2026
2026-09-11 20:17:22,096 [data_manager.py] => Class index order: 0, 1, 2, 3, 4, ..., 340, 341, 342, 343, 344
2026-09-11 20:17:26,746 [trainer.py] => ================================================================================
2026-09-11 20:17:26,747 [trainer.py] => Dataset Information
2026-09-11 20:17:26,747 [trainer.py] => ================================================================================
2026-09-11 20:17:26,747 [trainer.py] =>   Dataset name     : domainnet
2026-09-11 20:17:26,747 [trainer.py] =>   Data path        : data/domainnet
2026-09-11 20:17:26,747 [trainer.py] =>   Total classes    : 345
2026-09-11 20:17:26,747 [trainer.py] =>   Total tasks      : 5
2026-09-11 20:17:26,747 [trainer.py] =>   Task increments  : [69, 69, 69, 69, 69]
2026-09-11 20:17:26,747 [trainer.py] =>   Init classes     : 69
2026-09-11 20:17:26,747 [trainer.py] =>   Increment per task: 69
2026-09-11 20:17:26,747 [trainer.py] =>   Shuffle          : False
2026-09-11 20:17:26,747 [trainer.py] =>   Seed             : 2026
2026-09-11 20:17:26,747 [trainer.py] => --------------------------------------------------------------------------------
2026-09-11 20:17:26,747 [trainer.py] => Task split:
2026-09-11 20:17:26,855 [trainer.py] =>   Task 0: classes 0-68 (69 classes) | Train: 67628 images (265 batches), Test: 17009 images (67 batches)
2026-09-11 20:17:26,922 [trainer.py] =>   Task 1: classes 69-137 (69 classes) | Train: 65335 images (256 batches), Test: 16374 images (64 batches)
2026-09-11 20:17:26,984 [trainer.py] =>   Task 2: classes 138-206 (69 classes) | Train: 70512 images (276 batches), Test: 17747 images (70 batches)
2026-09-11 20:17:27,045 [trainer.py] =>   Task 3: classes 207-275 (69 classes) | Train: 68362 images (268 batches), Test: 16831 images (66 batches)
2026-09-11 20:17:27,105 [trainer.py] =>   Task 4: classes 276-344 (69 classes) | Train: 66967 images (262 batches), Test: 16741 images (66 batches)
2026-09-11 20:17:27,105 [trainer.py] => ================================================================================
2026-09-11 20:17:27,105 [trainer.py] => ================================================================================
2026-09-11 20:17:27,154 [base.py] => Task 0 learning on class 0-69
2026-09-11 20:17:27,648 [toolkit.py] => Total params:     108,390,849
2026-09-11 20:17:27,649 [toolkit.py] => Trainable params: 1,159,002
2026-09-11 20:17:27,649 [toolkit.py] => Trainable ratio:  1.0693%
2026-09-11 21:21:30,199 [sdlora.py] => Task 0, Epoch 5/5 => Loss 0.495, Train_accy 87.15
2026-09-11 21:21:30,200 [trainer.py] => Training time: 1h 4m 3s
2026-09-11 21:22:23,565 [trainer.py] => Evaluation time: 0h 0m 53s
2026-09-11 21:22:23,566 [trainer.py] => Accuracy: {'total': 87.61, '00-68': 87.61, 'old': 0, 'new': 87.61}
2026-09-11 21:22:23,566 [trainer.py] => (curve) top1 Acc: [87.61]
2026-09-11 21:22:23,566 [trainer.py] => Avergae Acc: 87.61
2026-09-11 21:22:23,566 [trainer.py] => (curve) top1 Acc with task: [87.61]
2026-09-11 21:22:23,566 [trainer.py] => Avergae Acc: 87.61
2026-09-11 21:22:23,566 [trainer.py] => (curve) top1 Acc task: [100.0]
2026-09-11 21:22:23,566 [trainer.py] => Avergae Acc: 100.00
2026-09-11 21:22:23,566 [trainer.py] => ================================================================================
2026-09-11 21:22:23,566 [trainer.py] => ================================================================================
2026-09-11 21:22:23,622 [base.py] => Task 1 learning on class 69-138
2026-09-11 21:22:23,631 [toolkit.py] => Total params:     108,390,849
2026-09-11 21:22:23,631 [toolkit.py] => Trainable params: 1,159,002
2026-09-11 21:22:23,631 [toolkit.py] => Trainable ratio:  1.0693%
2026-09-11 22:04:26,522 [sdlora.py] => Task 1, Epoch 5/5 => Loss 0.509, Train_accy 86.72
2026-09-11 22:04:26,523 [trainer.py] => Training time: 0h 42m 2s
2026-09-11 22:06:17,953 [trainer.py] => Evaluation time: 0h 1m 51s
2026-09-11 22:06:17,953 [trainer.py] => Accuracy: {'total': 80.95, '00-68': 76.94, '69-137': 85.12, 'old': 76.94, 'new': 85.12}
2026-09-11 22:06:17,953 [trainer.py] => (curve) top1 Acc: [87.61, 80.95]
2026-09-11 22:06:17,953 [trainer.py] => Avergae Acc: 84.28
2026-09-11 22:06:17,953 [trainer.py] => (curve) top1 Acc with task: [87.61, 86.97]
2026-09-11 22:06:17,953 [trainer.py] => Avergae Acc: 87.29
2026-09-11 22:06:17,954 [trainer.py] => (curve) top1 Acc task: [100.0, 88.37]
2026-09-11 22:06:17,954 [trainer.py] => Avergae Acc: 94.19
2026-09-11 22:06:17,954 [trainer.py] => ================================================================================
2026-09-11 22:06:17,954 [trainer.py] => ================================================================================
2026-09-11 22:06:18,024 [base.py] => Task 2 learning on class 138-207
2026-09-11 22:06:18,040 [toolkit.py] => Total params:     108,390,849
2026-09-11 22:06:18,040 [toolkit.py] => Trainable params: 1,159,002
2026-09-11 22:06:18,040 [toolkit.py] => Trainable ratio:  1.0693%
2026-09-11 22:54:55,666 [sdlora.py] => Task 2, Epoch 5/5 => Loss 0.559, Train_accy 85.42
2026-09-11 22:54:55,667 [trainer.py] => Training time: 0h 48m 37s
2026-09-11 22:57:57,594 [trainer.py] => Evaluation time: 0h 3m 1s
2026-09-11 22:57:57,594 [trainer.py] => Accuracy: {'total': 76.45, '00-68': 71.4, '69-137': 74.77, '138-206': 82.84, 'old': 73.06, 'new': 82.84}
2026-09-11 22:57:57,594 [trainer.py] => (curve) top1 Acc: [87.61, 80.95, 76.45]
2026-09-11 22:57:57,594 [trainer.py] => Avergae Acc: 81.67
2026-09-11 22:57:57,594 [trainer.py] => (curve) top1 Acc with task: [87.61, 86.97, 86.07]
2026-09-11 22:57:57,594 [trainer.py] => Avergae Acc: 86.88
2026-09-11 22:57:57,594 [trainer.py] => (curve) top1 Acc task: [100.0, 88.37, 82.26]
2026-09-11 22:57:57,594 [trainer.py] => Avergae Acc: 90.21
2026-09-11 22:57:57,594 [trainer.py] => ================================================================================
2026-09-11 22:57:57,594 [trainer.py] => ================================================================================
2026-09-11 22:57:57,656 [base.py] => Task 3 learning on class 207-276
2026-09-11 22:57:57,665 [toolkit.py] => Total params:     108,390,849
2026-09-11 22:57:57,665 [toolkit.py] => Trainable params: 1,159,002
2026-09-11 22:57:57,665 [toolkit.py] => Trainable ratio:  1.0693%
2026-09-11 23:48:17,480 [sdlora.py] => Task 3, Epoch 5/5 => Loss 0.514, Train_accy 86.59
2026-09-11 23:48:17,482 [trainer.py] => Training time: 0h 50m 19s
2026-09-11 23:52:33,880 [trainer.py] => Evaluation time: 0h 4m 16s
2026-09-11 23:52:33,880 [trainer.py] => Accuracy: {'total': 74.09, '00-68': 68.84, '69-137': 72.28, '138-206': 74.09, '207-275': 81.17, 'old': 71.76, 'new': 81.17}
2026-09-11 23:52:33,880 [trainer.py] => (curve) top1 Acc: [87.61, 80.95, 76.45, 74.09]
2026-09-11 23:52:33,880 [trainer.py] => Avergae Acc: 79.78
2026-09-11 23:52:33,880 [trainer.py] => (curve) top1 Acc with task: [87.61, 86.97, 86.07, 85.81]
2026-09-11 23:52:33,880 [trainer.py] => Avergae Acc: 86.61
2026-09-11 23:52:33,880 [trainer.py] => (curve) top1 Acc task: [100.0, 88.37, 82.26, 78.98]
2026-09-11 23:52:33,880 [trainer.py] => Avergae Acc: 87.40
2026-09-11 23:52:33,880 [trainer.py] => ================================================================================
2026-09-11 23:52:33,880 [trainer.py] => ================================================================================
2026-09-11 23:52:33,948 [base.py] => Task 4 learning on class 276-345
2026-09-11 23:52:33,957 [toolkit.py] => Total params:     108,390,849
2026-09-11 23:52:33,957 [toolkit.py] => Trainable params: 1,159,002
2026-09-11 23:52:33,957 [toolkit.py] => Trainable ratio:  1.0693%
2026-09-12 00:45:00,239 [sdlora.py] => Task 4, Epoch 5/5 => Loss 0.500, Train_accy 86.96
2026-09-12 00:45:00,240 [trainer.py] => Training time: 0h 52m 26s
2026-09-12 00:51:44,163 [trainer.py] => Evaluation time: 0h 6m 43s
2026-09-12 00:51:44,163 [trainer.py] => Accuracy: {'total': 71.77, '00-68': 66.51, '69-137': 68.65, '138-206': 71.61, '207-275': 71.65, '276-344': 80.45, 'old': 69.63, 'new': 80.45}
2026-09-12 00:51:44,163 [trainer.py] => (curve) top1 Acc: [87.61, 80.95, 76.45, 74.09, 71.77]
2026-09-12 00:51:44,163 [trainer.py] => Avergae Acc: 78.17
2026-09-12 00:51:44,163 [trainer.py] => (curve) top1 Acc with task: [87.61, 86.97, 86.07, 85.81, 85.95]
2026-09-12 00:51:44,163 [trainer.py] => Avergae Acc: 86.48
2026-09-12 00:51:44,163 [trainer.py] => (curve) top1 Acc task: [100.0, 88.37, 82.26, 78.98, 75.83]
2026-09-12 00:51:44,163 [trainer.py] => Avergae Acc: 85.09
2026-09-12 00:51:44,163 [trainer.py] => ================================================================================
