2026-09-04 08:37:23,459 [toolkit.py] => config: configs/sdlora_e/imagenet-a_seed=1997.json
2026-09-04 08:37:23,459 [toolkit.py] => device: [device(type='cuda', index=2)]
2026-09-04 08:37:23,459 [toolkit.py] => debug: False
2026-09-04 08:37:23,459 [toolkit.py] => save_ckp: False
2026-09-04 08:37:23,459 [toolkit.py] => moe_list: None
2026-09-04 08:37:23,459 [toolkit.py] => seed: 1997
2026-09-04 08:37:23,459 [toolkit.py] => dataset: imagenet-a
2026-09-04 08:37:23,459 [toolkit.py] => data_path: data/imagenet-a
2026-09-04 08:37:23,459 [toolkit.py] => load: vit_base_patch16_224_in21k
2026-09-04 08:37:23,459 [toolkit.py] => init_cls: 20
2026-09-04 08:37:23,459 [toolkit.py] => increment: 20
2026-09-04 08:37:23,459 [toolkit.py] => sessions: 10
2026-09-04 08:37:23,459 [toolkit.py] => shuffle: False
2026-09-04 08:37:23,459 [toolkit.py] => method: sdlora_e
2026-09-04 08:37:23,459 [toolkit.py] => optimizer: adam
2026-09-04 08:37:23,459 [toolkit.py] => scheduler: cosine
2026-09-04 08:37:23,459 [toolkit.py] => epochs: 10
2026-09-04 08:37:23,459 [toolkit.py] => lrate: 0.0005
2026-09-04 08:37:23,460 [toolkit.py] => fc_lrate: 0.005
2026-09-04 08:37:23,460 [toolkit.py] => weight_decay: 0.0
2026-09-04 08:37:23,460 [toolkit.py] => batch_size: 128
2026-09-04 08:37:23,460 [toolkit.py] => rank: 10
2026-09-04 08:37:23,460 [toolkit.py] => num_workers: 16
2026-09-04 08:37:23,460 [toolkit.py] => lrate_head: 0
2026-09-04 08:37:23,460 [toolkit.py] => R: 0.5
2026-09-04 08:37:23,460 [toolkit.py] => logdir: logs/sdlora_e/imagenet-a/t10
2026-09-04 08:37:23,460 [toolkit.py] => logfilename: logs/sdlora_e/imagenet-a/t10/seed1997
2026-09-04 08:37:23,485 [data_manager.py] => Class index order: 0, 1, 2, 3, 4, ..., 195, 196, 197, 198, 199
2026-09-04 08:37:25,845 [trainer.py] => ================================================================================
2026-09-04 08:37:25,846 [trainer.py] => Dataset Information
2026-09-04 08:37:25,846 [trainer.py] => ================================================================================
2026-09-04 08:37:25,846 [trainer.py] =>   Dataset name     : imagenet-a
2026-09-04 08:37:25,846 [trainer.py] =>   Data path        : data/imagenet-a
2026-09-04 08:37:25,846 [trainer.py] =>   Total classes    : 200
2026-09-04 08:37:25,846 [trainer.py] =>   Total tasks      : 10
2026-09-04 08:37:25,846 [trainer.py] =>   Task increments  : [20, 20, 20, 20, 20, 20, 20, 20, 20, 20]
2026-09-04 08:37:25,846 [trainer.py] =>   Init classes     : 20
2026-09-04 08:37:25,846 [trainer.py] =>   Increment per task: 20
2026-09-04 08:37:25,846 [trainer.py] =>   Shuffle          : False
2026-09-04 08:37:25,846 [trainer.py] =>   Seed             : 1997
2026-09-04 08:37:25,846 [trainer.py] => --------------------------------------------------------------------------------
2026-09-04 08:37:25,846 [trainer.py] => Task split:
2026-09-04 08:37:25,847 [trainer.py] =>   Task 0: classes 0-19 (20 classes) | Train: 1253 images (5 batches), Test: 313 images (2 batches)
2026-09-04 08:37:25,848 [trainer.py] =>   Task 1: classes 20-39 (20 classes) | Train: 1000 images (4 batches), Test: 251 images (1 batches)
2026-09-04 08:37:25,849 [trainer.py] =>   Task 2: classes 40-59 (20 classes) | Train: 1000 images (4 batches), Test: 251 images (1 batches)
2026-09-04 08:37:25,850 [trainer.py] =>   Task 3: classes 60-79 (20 classes) | Train: 610 images (3 batches), Test: 151 images (1 batches)
2026-09-04 08:37:25,851 [trainer.py] =>   Task 4: classes 80-99 (20 classes) | Train: 426 images (2 batches), Test: 102 images (1 batches)
2026-09-04 08:37:25,851 [trainer.py] =>   Task 5: classes 100-119 (20 classes) | Train: 263 images (2 batches), Test: 68 images (1 batches)
2026-09-04 08:37:25,852 [trainer.py] =>   Task 6: classes 120-139 (20 classes) | Train: 351 images (2 batches), Test: 89 images (1 batches)
2026-09-04 08:37:25,853 [trainer.py] =>   Task 7: classes 140-159 (20 classes) | Train: 321 images (2 batches), Test: 81 images (1 batches)
2026-09-04 08:37:25,853 [trainer.py] =>   Task 8: classes 160-179 (20 classes) | Train: 391 images (2 batches), Test: 97 images (1 batches)
2026-09-04 08:37:25,854 [trainer.py] =>   Task 9: classes 180-199 (20 classes) | Train: 385 images (2 batches), Test: 97 images (1 batches)
2026-09-04 08:37:25,854 [trainer.py] => ================================================================================
2026-09-04 08:37:25,854 [trainer.py] => ================================================================================
2026-09-04 08:37:25,855 [base.py] => Task 0 learning on class 0-20
2026-09-04 08:37:26,307 [toolkit.py] => Total params:     106,804,784
2026-09-04 08:37:26,307 [toolkit.py] => Trainable params: 752,681
2026-09-04 08:37:26,307 [toolkit.py] => Trainable ratio:  0.7047%
2026-09-04 08:39:20,002 [sdlora_e.py] => Task 0, Epoch 10/10 => Loss 0.262, Train_accy 91.78
2026-09-04 08:39:20,003 [trainer.py] => Training time: 0h 1m 54s
2026-09-04 08:39:22,271 [trainer.py] => Evaluation time: 0h 0m 2s
2026-09-04 08:39:22,272 [trainer.py] => Accuracy: {'total': 86.9, '00-19': 86.9, 'old': 0, 'new': 86.9}
2026-09-04 08:39:22,272 [trainer.py] => (curve) top1 Acc: [86.9]
2026-09-04 08:39:22,272 [trainer.py] => Avergae Acc: 86.90
2026-09-04 08:39:22,272 [trainer.py] => (curve) top1 Acc with task: [86.9]
2026-09-04 08:39:22,272 [trainer.py] => Avergae Acc: 86.90
2026-09-04 08:39:22,272 [trainer.py] => (curve) top1 Acc task: [100.0]
2026-09-04 08:39:22,272 [trainer.py] => Avergae Acc: 100.00
2026-09-04 08:39:22,272 [trainer.py] => ================================================================================
2026-09-04 08:39:22,272 [trainer.py] => ================================================================================
2026-09-04 08:39:22,273 [base.py] => Task 1 learning on class 20-40
2026-09-04 08:39:22,287 [toolkit.py] => Total params:     106,804,784
2026-09-04 08:39:22,287 [toolkit.py] => Trainable params: 752,681
2026-09-04 08:39:22,287 [toolkit.py] => Trainable ratio:  0.7047%
2026-09-04 08:41:00,044 [sdlora_e.py] => Task 1, Epoch 10/10 => Loss 0.249, Train_accy 92.70
2026-09-04 08:41:00,048 [trainer.py] => Training time: 0h 1m 37s
2026-09-04 08:41:03,304 [trainer.py] => Evaluation time: 0h 0m 3s
2026-09-04 08:41:03,304 [trainer.py] => Accuracy: {'total': 80.5, '00-19': 79.23, '20-39': 82.07, 'old': 79.23, 'new': 82.07}
2026-09-04 08:41:03,304 [trainer.py] => (curve) top1 Acc: [86.9, 80.5]
2026-09-04 08:41:03,304 [trainer.py] => Avergae Acc: 83.70
2026-09-04 08:41:03,304 [trainer.py] => (curve) top1 Acc with task: [86.9, 86.17]
2026-09-04 08:41:03,304 [trainer.py] => Avergae Acc: 86.53
2026-09-04 08:41:03,304 [trainer.py] => (curve) top1 Acc task: [100.0, 89.72]
2026-09-04 08:41:03,304 [trainer.py] => Avergae Acc: 94.86
2026-09-04 08:41:03,304 [trainer.py] => ================================================================================
2026-09-04 08:41:03,304 [trainer.py] => ================================================================================
2026-09-04 08:41:03,306 [base.py] => Task 2 learning on class 40-60
2026-09-04 08:41:03,321 [toolkit.py] => Total params:     106,804,784
2026-09-04 08:41:03,321 [toolkit.py] => Trainable params: 752,681
2026-09-04 08:41:03,322 [toolkit.py] => Trainable ratio:  0.7047%
2026-09-04 08:42:47,637 [sdlora_e.py] => Task 2, Epoch 10/10 => Loss 0.290, Train_accy 90.80
2026-09-04 08:42:47,640 [trainer.py] => Training time: 0h 1m 44s
2026-09-04 08:42:52,220 [trainer.py] => Evaluation time: 0h 0m 4s
2026-09-04 08:42:52,220 [trainer.py] => Accuracy: {'total': 75.95, '00-19': 77.32, '20-39': 80.48, '40-59': 69.72, 'old': 78.72, 'new': 69.72}
2026-09-04 08:42:52,220 [trainer.py] => (curve) top1 Acc: [86.9, 80.5, 75.95]
2026-09-04 08:42:52,220 [trainer.py] => Avergae Acc: 81.12
2026-09-04 08:42:52,220 [trainer.py] => (curve) top1 Acc with task: [86.9, 86.17, 84.54]
2026-09-04 08:42:52,220 [trainer.py] => Avergae Acc: 85.87
2026-09-04 08:42:52,220 [trainer.py] => (curve) top1 Acc task: [100.0, 89.72, 84.54]
2026-09-04 08:42:52,220 [trainer.py] => Avergae Acc: 91.42
2026-09-04 08:42:52,220 [trainer.py] => ================================================================================
2026-09-04 08:42:52,220 [trainer.py] => ================================================================================
2026-09-04 08:42:52,221 [base.py] => Task 3 learning on class 60-80
2026-09-04 08:42:52,234 [toolkit.py] => Total params:     106,804,784
2026-09-04 08:42:52,234 [toolkit.py] => Trainable params: 752,681
2026-09-04 08:42:52,234 [toolkit.py] => Trainable ratio:  0.7047%
2026-09-04 08:44:02,667 [sdlora_e.py] => Task 3, Epoch 10/10 => Loss 0.212, Train_accy 94.10
2026-09-04 08:44:02,670 [trainer.py] => Training time: 0h 1m 10s
2026-09-04 08:44:07,888 [trainer.py] => Evaluation time: 0h 0m 5s
2026-09-04 08:44:07,888 [trainer.py] => Accuracy: {'total': 73.81, '00-19': 77.96, '20-39': 77.69, '40-59': 65.74, '60-79': 72.19, 'old': 74.11, 'new': 72.19}
2026-09-04 08:44:07,888 [trainer.py] => (curve) top1 Acc: [86.9, 80.5, 75.95, 73.81]
2026-09-04 08:44:07,888 [trainer.py] => Avergae Acc: 79.29
2026-09-04 08:44:07,888 [trainer.py] => (curve) top1 Acc with task: [86.9, 86.17, 84.54, 84.68]
2026-09-04 08:44:07,888 [trainer.py] => Avergae Acc: 85.57
2026-09-04 08:44:07,888 [trainer.py] => (curve) top1 Acc task: [100.0, 89.72, 84.54, 81.06]
2026-09-04 08:44:07,888 [trainer.py] => Avergae Acc: 88.83
2026-09-04 08:44:07,888 [trainer.py] => ================================================================================
2026-09-04 08:44:07,888 [trainer.py] => ================================================================================
2026-09-04 08:44:07,889 [base.py] => Task 4 learning on class 80-100
2026-09-04 08:44:07,903 [toolkit.py] => Total params:     106,804,784
2026-09-04 08:44:07,903 [toolkit.py] => Trainable params: 752,681
2026-09-04 08:44:07,903 [toolkit.py] => Trainable ratio:  0.7047%
2026-09-04 08:45:01,883 [sdlora_e.py] => Task 4, Epoch 10/10 => Loss 0.147, Train_accy 96.01
2026-09-04 08:45:01,886 [trainer.py] => Training time: 0h 0m 53s
2026-09-04 08:45:07,785 [trainer.py] => Evaluation time: 0h 0m 5s
2026-09-04 08:45:07,786 [trainer.py] => Accuracy: {'total': 70.04, '00-19': 74.12, '20-39': 76.49, '40-59': 64.14, '60-79': 76.16, '80-99': 47.06, 'old': 72.46, 'new': 47.06}
2026-09-04 08:45:07,786 [trainer.py] => (curve) top1 Acc: [86.9, 80.5, 75.95, 73.81, 70.04]
2026-09-04 08:45:07,786 [trainer.py] => Avergae Acc: 77.44
2026-09-04 08:45:07,786 [trainer.py] => (curve) top1 Acc with task: [86.9, 86.17, 84.54, 84.68, 82.12]
2026-09-04 08:45:07,786 [trainer.py] => Avergae Acc: 84.88
2026-09-04 08:45:07,786 [trainer.py] => (curve) top1 Acc task: [100.0, 89.72, 84.54, 81.06, 77.81]
2026-09-04 08:45:07,786 [trainer.py] => Avergae Acc: 86.63
2026-09-04 08:45:07,786 [trainer.py] => ================================================================================
2026-09-04 08:45:07,786 [trainer.py] => ================================================================================
2026-09-04 08:45:07,787 [base.py] => Task 5 learning on class 100-120
2026-09-04 08:45:07,800 [toolkit.py] => Total params:     106,804,784
2026-09-04 08:45:07,800 [toolkit.py] => Trainable params: 752,681
2026-09-04 08:45:07,800 [toolkit.py] => Trainable ratio:  0.7047%
2026-09-04 08:45:46,215 [sdlora_e.py] => Task 5, Epoch 10/10 => Loss 0.115, Train_accy 96.58
2026-09-04 08:45:46,219 [trainer.py] => Training time: 0h 0m 38s
2026-09-04 08:45:52,667 [trainer.py] => Evaluation time: 0h 0m 6s
2026-09-04 08:45:52,667 [trainer.py] => Accuracy: {'total': 67.34, '00-19': 73.8, '20-39': 77.29, '40-59': 63.75, '60-79': 75.5, '80-99': 50.0, '100-119': 22.06, 'old': 70.22, 'new': 22.06}
2026-09-04 08:45:52,667 [trainer.py] => (curve) top1 Acc: [86.9, 80.5, 75.95, 73.81, 70.04, 67.34]
2026-09-04 08:45:52,668 [trainer.py] => Avergae Acc: 75.76
2026-09-04 08:45:52,668 [trainer.py] => (curve) top1 Acc with task: [86.9, 86.17, 84.54, 84.68, 82.12, 80.19]
2026-09-04 08:45:52,668 [trainer.py] => Avergae Acc: 84.10
2026-09-04 08:45:52,668 [trainer.py] => (curve) top1 Acc task: [100.0, 89.72, 84.54, 81.06, 77.81, 74.82]
2026-09-04 08:45:52,668 [trainer.py] => Avergae Acc: 84.66
2026-09-04 08:45:52,668 [trainer.py] => ================================================================================
2026-09-04 08:45:52,668 [trainer.py] => ================================================================================
2026-09-04 08:45:52,669 [base.py] => Task 6 learning on class 120-140
2026-09-04 08:45:52,682 [toolkit.py] => Total params:     106,804,784
2026-09-04 08:45:52,682 [toolkit.py] => Trainable params: 752,681
2026-09-04 08:45:52,683 [toolkit.py] => Trainable ratio:  0.7047%
2026-09-04 08:46:42,421 [sdlora_e.py] => Task 6, Epoch 10/10 => Loss 0.167, Train_accy 94.30
2026-09-04 08:46:42,426 [trainer.py] => Training time: 0h 0m 49s
2026-09-04 08:46:49,630 [trainer.py] => Evaluation time: 0h 0m 7s
2026-09-04 08:46:49,631 [trainer.py] => Accuracy: {'total': 64.33, '00-19': 73.16, '20-39': 76.49, '40-59': 64.14, '60-79': 74.83, '80-99': 45.1, '100-119': 19.12, '120-139': 38.2, 'old': 66.37, 'new': 38.2}
2026-09-04 08:46:49,631 [trainer.py] => (curve) top1 Acc: [86.9, 80.5, 75.95, 73.81, 70.04, 67.34, 64.33]
2026-09-04 08:46:49,631 [trainer.py] => Avergae Acc: 74.12
2026-09-04 08:46:49,631 [trainer.py] => (curve) top1 Acc with task: [86.9, 86.17, 84.54, 84.68, 82.12, 80.19, 79.27]
2026-09-04 08:46:49,631 [trainer.py] => Avergae Acc: 83.41
2026-09-04 08:46:49,631 [trainer.py] => (curve) top1 Acc task: [100.0, 89.72, 84.54, 81.06, 77.81, 74.82, 71.67]
2026-09-04 08:46:49,631 [trainer.py] => Avergae Acc: 82.80
2026-09-04 08:46:49,631 [trainer.py] => ================================================================================
2026-09-04 08:46:49,631 [trainer.py] => ================================================================================
2026-09-04 08:46:49,632 [base.py] => Task 7 learning on class 140-160
2026-09-04 08:46:49,646 [toolkit.py] => Total params:     106,804,784
2026-09-04 08:46:49,646 [toolkit.py] => Trainable params: 752,681
2026-09-04 08:46:49,646 [toolkit.py] => Trainable ratio:  0.7047%
2026-09-04 08:47:37,825 [sdlora_e.py] => Task 7, Epoch 10/10 => Loss 0.103, Train_accy 96.57
2026-09-04 08:47:37,829 [trainer.py] => Training time: 0h 0m 48s
2026-09-04 08:47:45,830 [trainer.py] => Evaluation time: 0h 0m 8s
2026-09-04 08:47:45,830 [trainer.py] => Accuracy: {'total': 63.02, '00-19': 73.16, '20-39': 76.49, '40-59': 64.14, '60-79': 74.83, '80-99': 45.1, '100-119': 17.65, '120-139': 39.33, '140-159': 43.21, 'old': 64.33, 'new': 43.21}
2026-09-04 08:47:45,830 [trainer.py] => (curve) top1 Acc: [86.9, 80.5, 75.95, 73.81, 70.04, 67.34, 64.33, 63.02]
2026-09-04 08:47:45,831 [trainer.py] => Avergae Acc: 72.74
2026-09-04 08:47:45,831 [trainer.py] => (curve) top1 Acc with task: [86.9, 86.17, 84.54, 84.68, 82.12, 80.19, 79.27, 78.71]
2026-09-04 08:47:45,831 [trainer.py] => Avergae Acc: 82.82
2026-09-04 08:47:45,831 [trainer.py] => (curve) top1 Acc task: [100.0, 89.72, 84.54, 81.06, 77.81, 74.82, 71.67, 70.14]
2026-09-04 08:47:45,831 [trainer.py] => Avergae Acc: 81.22
2026-09-04 08:47:45,831 [trainer.py] => ================================================================================
2026-09-04 08:47:45,831 [trainer.py] => ================================================================================
2026-09-04 08:47:45,832 [base.py] => Task 8 learning on class 160-180
2026-09-04 08:47:45,846 [toolkit.py] => Total params:     106,804,784
2026-09-04 08:47:45,846 [toolkit.py] => Trainable params: 752,681
2026-09-04 08:47:45,846 [toolkit.py] => Trainable ratio:  0.7047%
2026-09-04 08:48:45,834 [sdlora_e.py] => Task 8, Epoch 10/10 => Loss 0.187, Train_accy 92.84
2026-09-04 08:48:45,837 [trainer.py] => Training time: 0h 1m 0s
2026-09-04 08:48:54,574 [trainer.py] => Evaluation time: 0h 0m 8s
2026-09-04 08:48:54,574 [trainer.py] => Accuracy: {'total': 60.44, '00-19': 73.16, '20-39': 75.7, '40-59': 62.95, '60-79': 74.17, '80-99': 44.12, '100-119': 19.12, '120-139': 35.96, '140-159': 43.21, '160-179': 35.05, 'old': 62.33, 'new': 35.05}
2026-09-04 08:48:54,574 [trainer.py] => (curve) top1 Acc: [86.9, 80.5, 75.95, 73.81, 70.04, 67.34, 64.33, 63.02, 60.44]
2026-09-04 08:48:54,574 [trainer.py] => Avergae Acc: 71.37
2026-09-04 08:48:54,574 [trainer.py] => (curve) top1 Acc with task: [86.9, 86.17, 84.54, 84.68, 82.12, 80.19, 79.27, 78.71, 76.98]
2026-09-04 08:48:54,574 [trainer.py] => Avergae Acc: 82.17
2026-09-04 08:48:54,575 [trainer.py] => (curve) top1 Acc task: [100.0, 89.72, 84.54, 81.06, 77.81, 74.82, 71.67, 70.14, 67.21]
2026-09-04 08:48:54,575 [trainer.py] => Avergae Acc: 79.66
2026-09-04 08:48:54,575 [trainer.py] => ================================================================================
2026-09-04 08:48:54,575 [trainer.py] => ================================================================================
2026-09-04 08:48:54,576 [base.py] => Task 9 learning on class 180-200
2026-09-04 08:48:54,593 [toolkit.py] => Total params:     106,804,784
2026-09-04 08:48:54,593 [toolkit.py] => Trainable params: 752,681
2026-09-04 08:48:54,593 [toolkit.py] => Trainable ratio:  0.7047%
2026-09-04 08:49:56,449 [sdlora_e.py] => Task 9, Epoch 10/10 => Loss 0.084, Train_accy 96.88
2026-09-04 08:49:56,453 [trainer.py] => Training time: 0h 1m 1s
2026-09-04 08:50:06,103 [trainer.py] => Evaluation time: 0h 0m 9s
2026-09-04 08:50:06,103 [trainer.py] => Accuracy: {'total': 60.33, '00-19': 72.84, '20-39': 75.7, '40-59': 63.35, '60-79': 74.17, '80-99': 46.08, '100-119': 20.59, '120-139': 35.96, '140-159': 41.98, '160-179': 32.99, '180-199': 58.76, 'old': 60.44, 'new': 58.76}
2026-09-04 08:50:06,103 [trainer.py] => (curve) top1 Acc: [86.9, 80.5, 75.95, 73.81, 70.04, 67.34, 64.33, 63.02, 60.44, 60.33]
2026-09-04 08:50:06,103 [trainer.py] => Avergae Acc: 70.27
2026-09-04 08:50:06,103 [trainer.py] => (curve) top1 Acc with task: [86.9, 86.17, 84.54, 84.68, 82.12, 80.19, 79.27, 78.71, 76.98, 76.73]
2026-09-04 08:50:06,103 [trainer.py] => Avergae Acc: 81.63
2026-09-04 08:50:06,103 [trainer.py] => (curve) top1 Acc task: [100.0, 89.72, 84.54, 81.06, 77.81, 74.82, 71.67, 70.14, 67.21, 67.0]
2026-09-04 08:50:06,103 [trainer.py] => Avergae Acc: 78.40
2026-09-04 08:50:06,103 [trainer.py] => ================================================================================
2026-09-09 05:31:05,435 [toolkit.py] => config: configs/sdlora_e/imagenet-a_seed=1997.json
2026-09-09 05:31:05,447 [toolkit.py] => device: [device(type='cuda', index=1)]
2026-09-09 05:31:05,447 [toolkit.py] => debug: False
2026-09-09 05:31:05,447 [toolkit.py] => save_ckp: False
2026-09-09 05:31:05,447 [toolkit.py] => moe_list: None
2026-09-09 05:31:05,447 [toolkit.py] => seed: 1997
2026-09-09 05:31:05,447 [toolkit.py] => dataset: imagenet-a
2026-09-09 05:31:05,447 [toolkit.py] => data_path: data/imagenet-a
2026-09-09 05:31:05,448 [toolkit.py] => load: vit_base_patch16_224_in21k
2026-09-09 05:31:05,448 [toolkit.py] => init_cls: 20
2026-09-09 05:31:05,448 [toolkit.py] => increment: 20
2026-09-09 05:31:05,448 [toolkit.py] => sessions: 10
2026-09-09 05:31:05,448 [toolkit.py] => shuffle: False
2026-09-09 05:31:05,448 [toolkit.py] => method: sdlora_e
2026-09-09 05:31:05,448 [toolkit.py] => optimizer: adam
2026-09-09 05:31:05,448 [toolkit.py] => scheduler: cosine
2026-09-09 05:31:05,448 [toolkit.py] => epochs: 10
2026-09-09 05:31:05,448 [toolkit.py] => lrate: 0.0005
2026-09-09 05:31:05,448 [toolkit.py] => fc_lrate: 0.005
2026-09-09 05:31:05,448 [toolkit.py] => weight_decay: 0.0
2026-09-09 05:31:05,448 [toolkit.py] => batch_size: 128
2026-09-09 05:31:05,448 [toolkit.py] => rank: 10
2026-09-09 05:31:05,448 [toolkit.py] => num_workers: 16
2026-09-09 05:31:05,448 [toolkit.py] => lrate_head: 0
2026-09-09 05:31:05,448 [toolkit.py] => R: 0.5
2026-09-09 05:31:05,448 [toolkit.py] => logdir: logs/sdlora_e/imagenet-a/t10
2026-09-09 05:31:05,448 [toolkit.py] => logfilename: logs/sdlora_e/imagenet-a/t10/seed1997
2026-09-09 05:31:05,476 [data_manager.py] => Class index order: 0, 1, 2, 3, 4, ..., 195, 196, 197, 198, 199
2026-09-09 05:31:07,713 [trainer.py] => ================================================================================
2026-09-09 05:31:07,713 [trainer.py] => Dataset Information
2026-09-09 05:31:07,713 [trainer.py] => ================================================================================
2026-09-09 05:31:07,713 [trainer.py] =>   Dataset name     : imagenet-a
2026-09-09 05:31:07,713 [trainer.py] =>   Data path        : data/imagenet-a
2026-09-09 05:31:07,713 [trainer.py] =>   Total classes    : 200
2026-09-09 05:31:07,714 [trainer.py] =>   Total tasks      : 10
2026-09-09 05:31:07,714 [trainer.py] =>   Task increments  : [20, 20, 20, 20, 20, 20, 20, 20, 20, 20]
2026-09-09 05:31:07,714 [trainer.py] =>   Init classes     : 20
2026-09-09 05:31:07,714 [trainer.py] =>   Increment per task: 20
2026-09-09 05:31:07,714 [trainer.py] =>   Shuffle          : False
2026-09-09 05:31:07,714 [trainer.py] =>   Seed             : 1997
2026-09-09 05:31:07,714 [trainer.py] => --------------------------------------------------------------------------------
2026-09-09 05:31:07,714 [trainer.py] => Task split:
2026-09-09 05:31:07,715 [trainer.py] =>   Task 0: classes 0-19 (20 classes) | Train: 1253 images (5 batches), Test: 313 images (2 batches)
2026-09-09 05:31:07,715 [trainer.py] =>   Task 1: classes 20-39 (20 classes) | Train: 1000 images (4 batches), Test: 251 images (1 batches)
2026-09-09 05:31:07,716 [trainer.py] =>   Task 2: classes 40-59 (20 classes) | Train: 1000 images (4 batches), Test: 251 images (1 batches)
2026-09-09 05:31:07,716 [trainer.py] =>   Task 3: classes 60-79 (20 classes) | Train: 610 images (3 batches), Test: 151 images (1 batches)
2026-09-09 05:31:07,717 [trainer.py] =>   Task 4: classes 80-99 (20 classes) | Train: 426 images (2 batches), Test: 102 images (1 batches)
2026-09-09 05:31:07,717 [trainer.py] =>   Task 5: classes 100-119 (20 classes) | Train: 263 images (2 batches), Test: 68 images (1 batches)
2026-09-09 05:31:07,718 [trainer.py] =>   Task 6: classes 120-139 (20 classes) | Train: 351 images (2 batches), Test: 89 images (1 batches)
2026-09-09 05:31:07,718 [trainer.py] =>   Task 7: classes 140-159 (20 classes) | Train: 321 images (2 batches), Test: 81 images (1 batches)
2026-09-09 05:31:07,719 [trainer.py] =>   Task 8: classes 160-179 (20 classes) | Train: 391 images (2 batches), Test: 97 images (1 batches)
2026-09-09 05:31:07,719 [trainer.py] =>   Task 9: classes 180-199 (20 classes) | Train: 385 images (2 batches), Test: 97 images (1 batches)
2026-09-09 05:31:07,719 [trainer.py] => ================================================================================
2026-09-09 05:31:07,720 [trainer.py] => ================================================================================
2026-09-09 05:31:07,720 [base.py] => Task 0 learning on class 0-20
2026-09-09 05:31:08,149 [toolkit.py] => Total params:     106,804,784
2026-09-09 05:31:08,149 [toolkit.py] => Trainable params: 752,681
2026-09-09 05:31:08,149 [toolkit.py] => Trainable ratio:  0.7047%
2026-09-09 05:33:00,757 [sdlora_e.py] => Task 0, Epoch 10/10 => Loss 0.262, Train_accy 91.78
2026-09-09 05:33:00,758 [trainer.py] => Training time: 0h 1m 53s
2026-09-09 05:33:03,007 [trainer.py] => Evaluation time: 0h 0m 2s
2026-09-09 05:33:03,008 [trainer.py] => Accuracy: {'total': 86.9, '00-19': 86.9, 'old': 0, 'new': 86.9}
2026-09-09 05:33:03,008 [trainer.py] => (curve) top1 Acc: [86.9]
2026-09-09 05:33:03,008 [trainer.py] => Avergae Acc: 86.90
2026-09-09 05:33:03,008 [trainer.py] => (curve) top1 Acc with task: [86.9]
2026-09-09 05:33:03,008 [trainer.py] => Avergae Acc: 86.90
2026-09-09 05:33:03,008 [trainer.py] => (curve) top1 Acc task: [100.0]
2026-09-09 05:33:03,008 [trainer.py] => Avergae Acc: 100.00
2026-09-09 05:33:03,008 [trainer.py] => ================================================================================
2026-09-09 05:33:03,008 [trainer.py] => ================================================================================
2026-09-09 05:33:03,009 [base.py] => Task 1 learning on class 20-40
2026-09-09 05:33:03,022 [toolkit.py] => Total params:     106,804,784
2026-09-09 05:33:03,022 [toolkit.py] => Trainable params: 752,681
2026-09-09 05:33:03,022 [toolkit.py] => Trainable ratio:  0.7047%
2026-09-09 05:34:40,527 [sdlora_e.py] => Task 1, Epoch 10/10 => Loss 0.249, Train_accy 92.70
2026-09-09 05:34:40,530 [trainer.py] => Training time: 0h 1m 37s
2026-09-09 05:34:43,776 [trainer.py] => Evaluation time: 0h 0m 3s
2026-09-09 05:34:43,776 [trainer.py] => Accuracy: {'total': 80.5, '00-19': 79.23, '20-39': 82.07, 'old': 79.23, 'new': 82.07}
2026-09-09 05:34:43,776 [trainer.py] => (curve) top1 Acc: [86.9, 80.5]
2026-09-09 05:34:43,777 [trainer.py] => Avergae Acc: 83.70
2026-09-09 05:34:43,777 [trainer.py] => (curve) top1 Acc with task: [86.9, 86.17]
2026-09-09 05:34:43,777 [trainer.py] => Avergae Acc: 86.53
2026-09-09 05:34:43,777 [trainer.py] => (curve) top1 Acc task: [100.0, 89.72]
2026-09-09 05:34:43,777 [trainer.py] => Avergae Acc: 94.86
2026-09-09 05:34:43,777 [trainer.py] => ================================================================================
2026-09-09 05:34:43,777 [trainer.py] => ================================================================================
2026-09-09 05:34:43,778 [base.py] => Task 2 learning on class 40-60
2026-09-09 05:34:43,791 [toolkit.py] => Total params:     106,804,784
2026-09-09 05:34:43,791 [toolkit.py] => Trainable params: 752,681
2026-09-09 05:34:43,791 [toolkit.py] => Trainable ratio:  0.7047%
2026-09-09 05:36:26,977 [sdlora_e.py] => Task 2, Epoch 10/10 => Loss 0.290, Train_accy 90.80
2026-09-09 05:36:26,981 [trainer.py] => Training time: 0h 1m 43s
2026-09-09 05:36:31,320 [trainer.py] => Evaluation time: 0h 0m 4s
2026-09-09 05:36:31,320 [trainer.py] => Accuracy: {'total': 75.95, '00-19': 77.32, '20-39': 80.48, '40-59': 69.72, 'old': 78.72, 'new': 69.72}
2026-09-09 05:36:31,320 [trainer.py] => (curve) top1 Acc: [86.9, 80.5, 75.95]
2026-09-09 05:36:31,320 [trainer.py] => Avergae Acc: 81.12
2026-09-09 05:36:31,320 [trainer.py] => (curve) top1 Acc with task: [86.9, 86.17, 84.54]
2026-09-09 05:36:31,320 [trainer.py] => Avergae Acc: 85.87
2026-09-09 05:36:31,320 [trainer.py] => (curve) top1 Acc task: [100.0, 89.72, 84.54]
2026-09-09 05:36:31,320 [trainer.py] => Avergae Acc: 91.42
2026-09-09 05:36:31,320 [trainer.py] => ================================================================================
2026-09-09 05:36:31,320 [trainer.py] => ================================================================================
2026-09-09 05:36:31,321 [base.py] => Task 3 learning on class 60-80
2026-09-09 05:36:31,334 [toolkit.py] => Total params:     106,804,784
2026-09-09 05:36:31,334 [toolkit.py] => Trainable params: 752,681
2026-09-09 05:36:31,334 [toolkit.py] => Trainable ratio:  0.7047%
2026-09-09 05:37:41,137 [sdlora_e.py] => Task 3, Epoch 10/10 => Loss 0.212, Train_accy 94.10
2026-09-09 05:37:41,141 [trainer.py] => Training time: 0h 1m 9s
2026-09-09 05:37:46,301 [trainer.py] => Evaluation time: 0h 0m 5s
2026-09-09 05:37:46,301 [trainer.py] => Accuracy: {'total': 73.81, '00-19': 77.96, '20-39': 77.69, '40-59': 65.74, '60-79': 72.19, 'old': 74.11, 'new': 72.19}
2026-09-09 05:37:46,301 [trainer.py] => (curve) top1 Acc: [86.9, 80.5, 75.95, 73.81]
2026-09-09 05:37:46,301 [trainer.py] => Avergae Acc: 79.29
2026-09-09 05:37:46,301 [trainer.py] => (curve) top1 Acc with task: [86.9, 86.17, 84.54, 84.68]
2026-09-09 05:37:46,301 [trainer.py] => Avergae Acc: 85.57
2026-09-09 05:37:46,301 [trainer.py] => (curve) top1 Acc task: [100.0, 89.72, 84.54, 81.06]
2026-09-09 05:37:46,301 [trainer.py] => Avergae Acc: 88.83
2026-09-09 05:37:46,301 [trainer.py] => ================================================================================
2026-09-09 05:37:46,301 [trainer.py] => ================================================================================
2026-09-09 05:37:46,302 [base.py] => Task 4 learning on class 80-100
2026-09-09 05:37:46,321 [toolkit.py] => Total params:     106,804,784
2026-09-09 05:37:46,321 [toolkit.py] => Trainable params: 752,681
2026-09-09 05:37:46,321 [toolkit.py] => Trainable ratio:  0.7047%
2026-09-09 05:38:40,084 [sdlora_e.py] => Task 4, Epoch 10/10 => Loss 0.147, Train_accy 96.01
2026-09-09 05:38:40,088 [trainer.py] => Training time: 0h 0m 53s
2026-09-09 05:38:45,923 [trainer.py] => Evaluation time: 0h 0m 5s
2026-09-09 05:38:45,923 [trainer.py] => Accuracy: {'total': 70.04, '00-19': 74.12, '20-39': 76.49, '40-59': 64.14, '60-79': 76.16, '80-99': 47.06, 'old': 72.46, 'new': 47.06}
2026-09-09 05:38:45,924 [trainer.py] => (curve) top1 Acc: [86.9, 80.5, 75.95, 73.81, 70.04]
2026-09-09 05:38:45,924 [trainer.py] => Avergae Acc: 77.44
2026-09-09 05:38:45,924 [trainer.py] => (curve) top1 Acc with task: [86.9, 86.17, 84.54, 84.68, 82.12]
2026-09-09 05:38:45,924 [trainer.py] => Avergae Acc: 84.88
2026-09-09 05:38:45,924 [trainer.py] => (curve) top1 Acc task: [100.0, 89.72, 84.54, 81.06, 77.81]
2026-09-09 05:38:45,924 [trainer.py] => Avergae Acc: 86.63
2026-09-09 05:38:45,924 [trainer.py] => ================================================================================
2026-09-09 05:38:45,924 [trainer.py] => ================================================================================
2026-09-09 05:38:45,925 [base.py] => Task 5 learning on class 100-120
2026-09-09 05:38:45,938 [toolkit.py] => Total params:     106,804,784
2026-09-09 05:38:45,938 [toolkit.py] => Trainable params: 752,681
2026-09-09 05:38:45,938 [toolkit.py] => Trainable ratio:  0.7047%
2026-09-09 05:39:24,310 [sdlora_e.py] => Task 5, Epoch 10/10 => Loss 0.115, Train_accy 96.58
2026-09-09 05:39:24,315 [trainer.py] => Training time: 0h 0m 38s
2026-09-09 05:39:30,824 [trainer.py] => Evaluation time: 0h 0m 6s
2026-09-09 05:39:30,824 [trainer.py] => Accuracy: {'total': 67.34, '00-19': 73.8, '20-39': 77.29, '40-59': 63.75, '60-79': 75.5, '80-99': 50.0, '100-119': 22.06, 'old': 70.22, 'new': 22.06}
2026-09-09 05:39:30,824 [trainer.py] => (curve) top1 Acc: [86.9, 80.5, 75.95, 73.81, 70.04, 67.34]
2026-09-09 05:39:30,824 [trainer.py] => Avergae Acc: 75.76
2026-09-09 05:39:30,824 [trainer.py] => (curve) top1 Acc with task: [86.9, 86.17, 84.54, 84.68, 82.12, 80.19]
2026-09-09 05:39:30,824 [trainer.py] => Avergae Acc: 84.10
2026-09-09 05:39:30,824 [trainer.py] => (curve) top1 Acc task: [100.0, 89.72, 84.54, 81.06, 77.81, 74.82]
2026-09-09 05:39:30,824 [trainer.py] => Avergae Acc: 84.66
2026-09-09 05:39:30,824 [trainer.py] => ================================================================================
2026-09-09 05:39:30,824 [trainer.py] => ================================================================================
2026-09-09 05:39:30,825 [base.py] => Task 6 learning on class 120-140
2026-09-09 05:39:30,843 [toolkit.py] => Total params:     106,804,784
2026-09-09 05:39:30,843 [toolkit.py] => Trainable params: 752,681
2026-09-09 05:39:30,843 [toolkit.py] => Trainable ratio:  0.7047%
2026-09-09 05:40:20,340 [sdlora_e.py] => Task 6, Epoch 10/10 => Loss 0.167, Train_accy 94.30
2026-09-09 05:40:20,345 [trainer.py] => Training time: 0h 0m 49s
2026-09-09 05:40:27,463 [trainer.py] => Evaluation time: 0h 0m 7s
2026-09-09 05:40:27,463 [trainer.py] => Accuracy: {'total': 64.33, '00-19': 73.16, '20-39': 76.49, '40-59': 64.14, '60-79': 74.83, '80-99': 45.1, '100-119': 19.12, '120-139': 38.2, 'old': 66.37, 'new': 38.2}
2026-09-09 05:40:27,463 [trainer.py] => (curve) top1 Acc: [86.9, 80.5, 75.95, 73.81, 70.04, 67.34, 64.33]
2026-09-09 05:40:27,463 [trainer.py] => Avergae Acc: 74.12
2026-09-09 05:40:27,463 [trainer.py] => (curve) top1 Acc with task: [86.9, 86.17, 84.54, 84.68, 82.12, 80.19, 79.27]
2026-09-09 05:40:27,463 [trainer.py] => Avergae Acc: 83.41
2026-09-09 05:40:27,463 [trainer.py] => (curve) top1 Acc task: [100.0, 89.72, 84.54, 81.06, 77.81, 74.82, 71.67]
2026-09-09 05:40:27,464 [trainer.py] => Avergae Acc: 82.80
2026-09-09 05:40:27,464 [trainer.py] => ================================================================================
2026-09-09 05:40:27,464 [trainer.py] => ================================================================================
2026-09-09 05:40:27,464 [base.py] => Task 7 learning on class 140-160
2026-09-09 05:40:27,479 [toolkit.py] => Total params:     106,804,784
2026-09-09 05:40:27,479 [toolkit.py] => Trainable params: 752,681
2026-09-09 05:40:27,479 [toolkit.py] => Trainable ratio:  0.7047%
2026-09-09 05:41:15,506 [sdlora_e.py] => Task 7, Epoch 10/10 => Loss 0.103, Train_accy 96.57
2026-09-09 05:41:15,512 [trainer.py] => Training time: 0h 0m 48s
2026-09-09 05:41:23,416 [trainer.py] => Evaluation time: 0h 0m 7s
2026-09-09 05:41:23,416 [trainer.py] => Accuracy: {'total': 63.02, '00-19': 73.16, '20-39': 76.49, '40-59': 64.14, '60-79': 74.83, '80-99': 45.1, '100-119': 17.65, '120-139': 39.33, '140-159': 43.21, 'old': 64.33, 'new': 43.21}
2026-09-09 05:41:23,416 [trainer.py] => (curve) top1 Acc: [86.9, 80.5, 75.95, 73.81, 70.04, 67.34, 64.33, 63.02]
2026-09-09 05:41:23,416 [trainer.py] => Avergae Acc: 72.74
2026-09-09 05:41:23,416 [trainer.py] => (curve) top1 Acc with task: [86.9, 86.17, 84.54, 84.68, 82.12, 80.19, 79.27, 78.71]
2026-09-09 05:41:23,417 [trainer.py] => Avergae Acc: 82.82
2026-09-09 05:41:23,417 [trainer.py] => (curve) top1 Acc task: [100.0, 89.72, 84.54, 81.06, 77.81, 74.82, 71.67, 70.14]
2026-09-09 05:41:23,417 [trainer.py] => Avergae Acc: 81.22
2026-09-09 05:41:23,417 [trainer.py] => ================================================================================
2026-09-09 05:41:23,417 [trainer.py] => ================================================================================
2026-09-09 05:41:23,417 [base.py] => Task 8 learning on class 160-180
2026-09-09 05:41:23,432 [toolkit.py] => Total params:     106,804,784
2026-09-09 05:41:23,432 [toolkit.py] => Trainable params: 752,681
2026-09-09 05:41:23,432 [toolkit.py] => Trainable ratio:  0.7047%
2026-09-09 05:42:22,289 [sdlora_e.py] => Task 8, Epoch 10/10 => Loss 0.187, Train_accy 92.84
2026-09-09 05:42:22,293 [trainer.py] => Training time: 0h 0m 58s
2026-09-09 05:42:30,933 [trainer.py] => Evaluation time: 0h 0m 8s
2026-09-09 05:42:30,933 [trainer.py] => Accuracy: {'total': 60.44, '00-19': 73.16, '20-39': 75.7, '40-59': 62.95, '60-79': 74.17, '80-99': 44.12, '100-119': 19.12, '120-139': 35.96, '140-159': 43.21, '160-179': 35.05, 'old': 62.33, 'new': 35.05}
2026-09-09 05:42:30,933 [trainer.py] => (curve) top1 Acc: [86.9, 80.5, 75.95, 73.81, 70.04, 67.34, 64.33, 63.02, 60.44]
2026-09-09 05:42:30,933 [trainer.py] => Avergae Acc: 71.37
2026-09-09 05:42:30,933 [trainer.py] => (curve) top1 Acc with task: [86.9, 86.17, 84.54, 84.68, 82.12, 80.19, 79.27, 78.71, 76.98]
2026-09-09 05:42:30,933 [trainer.py] => Avergae Acc: 82.17
2026-09-09 05:42:30,934 [trainer.py] => (curve) top1 Acc task: [100.0, 89.72, 84.54, 81.06, 77.81, 74.82, 71.67, 70.14, 67.21]
2026-09-09 05:42:30,934 [trainer.py] => Avergae Acc: 79.66
2026-09-09 05:42:30,934 [trainer.py] => ================================================================================
2026-09-09 05:42:30,934 [trainer.py] => ================================================================================
2026-09-09 05:42:30,934 [base.py] => Task 9 learning on class 180-200
2026-09-09 05:42:30,949 [toolkit.py] => Total params:     106,804,784
2026-09-09 05:42:30,950 [toolkit.py] => Trainable params: 752,681
2026-09-09 05:42:30,950 [toolkit.py] => Trainable ratio:  0.7047%
2026-09-09 05:43:32,361 [sdlora_e.py] => Task 9, Epoch 10/10 => Loss 0.084, Train_accy 96.88
2026-09-09 05:43:32,365 [trainer.py] => Training time: 0h 1m 1s
2026-09-09 05:43:41,883 [trainer.py] => Evaluation time: 0h 0m 9s
2026-09-09 05:43:41,883 [trainer.py] => Accuracy: {'total': 60.33, '00-19': 72.84, '20-39': 75.7, '40-59': 63.35, '60-79': 74.17, '80-99': 46.08, '100-119': 20.59, '120-139': 35.96, '140-159': 41.98, '160-179': 32.99, '180-199': 58.76, 'old': 60.44, 'new': 58.76}
2026-09-09 05:43:41,883 [trainer.py] => (curve) top1 Acc: [86.9, 80.5, 75.95, 73.81, 70.04, 67.34, 64.33, 63.02, 60.44, 60.33]
2026-09-09 05:43:41,883 [trainer.py] => Avergae Acc: 70.27
2026-09-09 05:43:41,883 [trainer.py] => (curve) top1 Acc with task: [86.9, 86.17, 84.54, 84.68, 82.12, 80.19, 79.27, 78.71, 76.98, 76.73]
2026-09-09 05:43:41,884 [trainer.py] => Avergae Acc: 81.63
2026-09-09 05:43:41,884 [trainer.py] => (curve) top1 Acc task: [100.0, 89.72, 84.54, 81.06, 77.81, 74.82, 71.67, 70.14, 67.21, 67.0]
2026-09-09 05:43:41,884 [trainer.py] => Avergae Acc: 78.40
2026-09-09 05:43:41,884 [trainer.py] => ================================================================================
