2026-06-29 17:59:21,035 [toolkit.py] => config: /home/zll2025/low-rank-cl-main/configs/sdlora/cifar100.json
2026-06-29 17:59:21,035 [toolkit.py] => device: [device(type='cuda', index=5)]
2026-06-29 17:59:21,035 [toolkit.py] => debug: False
2026-06-29 17:59:21,035 [toolkit.py] => save_ckp: False
2026-06-29 17:59:21,035 [toolkit.py] => moe_list: None
2026-06-29 17:59:21,036 [toolkit.py] => seed: 1993
2026-06-29 17:59:21,036 [toolkit.py] => dataset: cifar100
2026-06-29 17:59:21,036 [toolkit.py] => data_path: data/cifar100
2026-06-29 17:59:21,036 [toolkit.py] => load: vit_base_patch16_224_in21k
2026-06-29 17:59:21,036 [toolkit.py] => init_cls: 10
2026-06-29 17:59:21,036 [toolkit.py] => increment: 10
2026-06-29 17:59:21,036 [toolkit.py] => sessions: 10
2026-06-29 17:59:21,036 [toolkit.py] => shuffle: False
2026-06-29 17:59:21,036 [toolkit.py] => method: sdlora
2026-06-29 17:59:21,036 [toolkit.py] => optimizer: adam
2026-06-29 17:59:21,036 [toolkit.py] => scheduler: cosine
2026-06-29 17:59:21,036 [toolkit.py] => epochs: 20
2026-06-29 17:59:21,036 [toolkit.py] => lrate: 0.008
2026-06-29 17:59:21,036 [toolkit.py] => fc_lrate: 0.008
2026-06-29 17:59:21,036 [toolkit.py] => weight_decay: 0.0
2026-06-29 17:59:21,036 [toolkit.py] => batch_size: 128
2026-06-29 17:59:21,036 [toolkit.py] => rank: 10
2026-06-29 17:59:21,036 [toolkit.py] => num_workers: 16
2026-06-29 17:59:21,036 [toolkit.py] => logdir: logs/sdlora/cifar100/t10
2026-06-29 17:59:21,036 [toolkit.py] => logfilename: logs/sdlora/cifar100/t10/seed1993
2026-06-29 17:59:23,677 [data_manager.py] => Class index order: 0, 1, 2, 3, 4, ..., 95, 96, 97, 98, 99
2026-06-29 17:59:50,774 [toolkit.py] => config: /home/zll2025/low-rank-cl-main/configs/sdlora/cifar100.json
2026-06-29 17:59:50,774 [toolkit.py] => device: [device(type='cuda', index=5)]
2026-06-29 17:59:50,774 [toolkit.py] => debug: False
2026-06-29 17:59:50,774 [toolkit.py] => save_ckp: False
2026-06-29 17:59:50,774 [toolkit.py] => moe_list: None
2026-06-29 17:59:50,774 [toolkit.py] => seed: 1993
2026-06-29 17:59:50,774 [toolkit.py] => dataset: cifar100
2026-06-29 17:59:50,774 [toolkit.py] => data_path: data/cifar100
2026-06-29 17:59:50,774 [toolkit.py] => load: vit_base_patch16_224_in21k
2026-06-29 17:59:50,774 [toolkit.py] => init_cls: 10
2026-06-29 17:59:50,774 [toolkit.py] => increment: 10
2026-06-29 17:59:50,774 [toolkit.py] => sessions: 10
2026-06-29 17:59:50,774 [toolkit.py] => shuffle: False
2026-06-29 17:59:50,774 [toolkit.py] => method: sdlora
2026-06-29 17:59:50,774 [toolkit.py] => optimizer: adam
2026-06-29 17:59:50,774 [toolkit.py] => scheduler: cosine
2026-06-29 17:59:50,774 [toolkit.py] => epochs: 20
2026-06-29 17:59:50,774 [toolkit.py] => lrate: 0.008
2026-06-29 17:59:50,774 [toolkit.py] => fc_lrate: 0.008
2026-06-29 17:59:50,774 [toolkit.py] => weight_decay: 0.0
2026-06-29 17:59:50,774 [toolkit.py] => batch_size: 128
2026-06-29 17:59:50,774 [toolkit.py] => rank: 10
2026-06-29 17:59:50,774 [toolkit.py] => num_workers: 16
2026-06-29 17:59:50,774 [toolkit.py] => lrate_head: 0
2026-06-29 17:59:50,774 [toolkit.py] => logdir: logs/sdlora/cifar100/t10
2026-06-29 17:59:50,775 [toolkit.py] => logfilename: logs/sdlora/cifar100/t10/seed1993
2026-06-29 17:59:53,462 [data_manager.py] => Class index order: 0, 1, 2, 3, 4, ..., 95, 96, 97, 98, 99
2026-06-29 17:59:55,812 [trainer.py] => ================================================================================
2026-06-29 17:59:55,857 [base.py] => Task 0 learning on class 0-10
2026-06-29 17:59:56,323 [toolkit.py] => Total params:     106,359,244
2026-06-29 17:59:56,323 [toolkit.py] => Trainable params: 376,351
2026-06-29 17:59:56,323 [toolkit.py] => Trainable ratio:  0.3538%
2026-06-29 18:12:03,542 [sdlora.py] => Task 0, Epoch 20/20 => Loss 0.085, Train_accy 97.14
2026-06-29 18:12:03,543 [trainer.py] => Training time: 0h 12m 7s
2026-06-29 18:12:07,222 [trainer.py] => Evaluation time: 0h 0m 3s
2026-06-29 18:12:07,222 [trainer.py] => Accuracy: {'total': 99.3, '00-09': 99.3, 'old': 0, 'new': 99.3}
2026-06-29 18:12:07,222 [trainer.py] => (curve) top1 Acc: [99.3]
2026-06-29 18:12:07,222 [trainer.py] => Avergae Acc: 99.30
2026-06-29 18:12:07,222 [trainer.py] => (curve) top1 Acc with task: [99.3]
2026-06-29 18:12:07,222 [trainer.py] => Avergae Acc: 99.30
2026-06-29 18:12:07,222 [trainer.py] => (curve) top1 Acc task: [100.0]
2026-06-29 18:12:07,222 [trainer.py] => Avergae Acc: 100.00
2026-06-29 18:12:07,222 [trainer.py] => ================================================================================
2026-06-29 18:12:07,222 [trainer.py] => ================================================================================
2026-06-29 18:12:07,238 [base.py] => Task 1 learning on class 10-20
2026-06-29 18:12:07,251 [toolkit.py] => Total params:     106,359,244
2026-06-29 18:12:07,251 [toolkit.py] => Trainable params: 376,351
2026-06-29 18:12:07,251 [toolkit.py] => Trainable ratio:  0.3538%
2026-06-29 18:25:11,423 [sdlora.py] => Task 1, Epoch 20/20 => Loss 0.109, Train_accy 96.44
2026-06-29 18:25:11,424 [trainer.py] => Training time: 0h 13m 4s
2026-06-29 18:25:18,727 [trainer.py] => Evaluation time: 0h 0m 7s
2026-06-29 18:25:18,728 [trainer.py] => Accuracy: {'total': 95.25, '00-09': 92.3, '10-19': 98.2, 'old': 92.3, 'new': 98.2}
2026-06-29 18:25:18,728 [trainer.py] => (curve) top1 Acc: [99.3, 95.25]
2026-06-29 18:25:18,728 [trainer.py] => Avergae Acc: 97.28
2026-06-29 18:25:18,728 [trainer.py] => (curve) top1 Acc with task: [99.3, 99.2]
2026-06-29 18:25:18,728 [trainer.py] => Avergae Acc: 99.25
2026-06-29 18:25:18,728 [trainer.py] => (curve) top1 Acc task: [100.0, 95.9]
2026-06-29 18:25:18,728 [trainer.py] => Avergae Acc: 97.95
2026-06-29 18:25:18,728 [trainer.py] => ================================================================================
2026-06-29 18:25:18,728 [trainer.py] => ================================================================================
2026-06-29 18:25:18,742 [base.py] => Task 2 learning on class 20-30
2026-06-29 18:25:18,754 [toolkit.py] => Total params:     106,359,244
2026-06-29 18:25:18,755 [toolkit.py] => Trainable params: 376,351
2026-06-29 18:25:18,755 [toolkit.py] => Trainable ratio:  0.3538%
2026-06-29 18:39:20,351 [sdlora.py] => Task 2, Epoch 20/20 => Loss 0.117, Train_accy 96.34
2026-06-29 18:39:20,352 [trainer.py] => Training time: 0h 14m 1s
2026-06-29 18:39:31,632 [trainer.py] => Evaluation time: 0h 0m 11s
2026-06-29 18:39:31,632 [trainer.py] => Accuracy: {'total': 93.23, '00-09': 87.6, '10-19': 96.3, '20-29': 95.8, 'old': 91.95, 'new': 95.8}
2026-06-29 18:39:31,632 [trainer.py] => (curve) top1 Acc: [99.3, 95.25, 93.23]
2026-06-29 18:39:31,632 [trainer.py] => Avergae Acc: 95.93
2026-06-29 18:39:31,632 [trainer.py] => (curve) top1 Acc with task: [99.3, 99.2, 98.77]
2026-06-29 18:39:31,633 [trainer.py] => Avergae Acc: 99.09
2026-06-29 18:39:31,633 [trainer.py] => (curve) top1 Acc task: [100.0, 95.9, 93.93]
2026-06-29 18:39:31,633 [trainer.py] => Avergae Acc: 96.61
2026-06-29 18:39:31,633 [trainer.py] => ================================================================================
2026-06-29 18:39:31,633 [trainer.py] => ================================================================================
2026-06-29 18:39:31,645 [base.py] => Task 3 learning on class 30-40
2026-06-29 18:39:31,658 [toolkit.py] => Total params:     106,359,244
2026-06-29 18:39:31,658 [toolkit.py] => Trainable params: 376,351
2026-06-29 18:39:31,658 [toolkit.py] => Trainable ratio:  0.3538%
2026-06-29 18:54:28,975 [sdlora.py] => Task 3, Epoch 20/20 => Loss 0.116, Train_accy 96.38
2026-06-29 18:54:28,976 [trainer.py] => Training time: 0h 14m 57s
2026-06-29 18:54:44,612 [trainer.py] => Evaluation time: 0h 0m 15s
2026-06-29 18:54:44,612 [trainer.py] => Accuracy: {'total': 92.4, '00-09': 85.9, '10-19': 92.0, '20-29': 95.5, '30-39': 96.2, 'old': 91.13, 'new': 96.2}
2026-06-29 18:54:44,612 [trainer.py] => (curve) top1 Acc: [99.3, 95.25, 93.23, 92.4]
2026-06-29 18:54:44,612 [trainer.py] => Avergae Acc: 95.05
2026-06-29 18:54:44,612 [trainer.py] => (curve) top1 Acc with task: [99.3, 99.2, 98.77, 98.75]
2026-06-29 18:54:44,612 [trainer.py] => Avergae Acc: 99.00
2026-06-29 18:54:44,612 [trainer.py] => (curve) top1 Acc task: [100.0, 95.9, 93.93, 92.95]
2026-06-29 18:54:44,612 [trainer.py] => Avergae Acc: 95.70
2026-06-29 18:54:44,612 [trainer.py] => ================================================================================
2026-06-29 18:54:44,612 [trainer.py] => ================================================================================
2026-06-29 18:54:44,627 [base.py] => Task 4 learning on class 40-50
2026-06-29 18:54:44,639 [toolkit.py] => Total params:     106,359,244
2026-06-29 18:54:44,639 [toolkit.py] => Trainable params: 376,351
2026-06-29 18:54:44,639 [toolkit.py] => Trainable ratio:  0.3538%
2026-06-29 19:10:37,421 [sdlora.py] => Task 4, Epoch 20/20 => Loss 0.111, Train_accy 96.38
2026-06-29 19:10:37,422 [trainer.py] => Training time: 0h 15m 52s
2026-06-29 19:10:58,235 [trainer.py] => Evaluation time: 0h 0m 20s
2026-06-29 19:10:58,235 [trainer.py] => Accuracy: {'total': 90.8, '00-09': 81.7, '10-19': 89.0, '20-29': 92.9, '30-39': 94.8, '40-49': 95.6, 'old': 89.6, 'new': 95.6}
2026-06-29 19:10:58,235 [trainer.py] => (curve) top1 Acc: [99.3, 95.25, 93.23, 92.4, 90.8]
2026-06-29 19:10:58,235 [trainer.py] => Avergae Acc: 94.20
2026-06-29 19:10:58,235 [trainer.py] => (curve) top1 Acc with task: [99.3, 99.2, 98.77, 98.75, 98.74]
2026-06-29 19:10:58,235 [trainer.py] => Avergae Acc: 98.95
2026-06-29 19:10:58,236 [trainer.py] => (curve) top1 Acc task: [100.0, 95.9, 93.93, 92.95, 91.28]
2026-06-29 19:10:58,236 [trainer.py] => Avergae Acc: 94.81
2026-06-29 19:10:58,236 [trainer.py] => ================================================================================
2026-06-29 19:10:58,236 [trainer.py] => ================================================================================
2026-06-29 19:10:58,256 [base.py] => Task 5 learning on class 50-60
2026-06-29 19:10:58,269 [toolkit.py] => Total params:     106,359,244
2026-06-29 19:10:58,269 [toolkit.py] => Trainable params: 376,351
2026-06-29 19:10:58,269 [toolkit.py] => Trainable ratio:  0.3538%
2026-06-29 19:27:49,410 [sdlora.py] => Task 5, Epoch 20/20 => Loss 0.127, Train_accy 95.28
2026-06-29 19:27:49,411 [trainer.py] => Training time: 0h 16m 51s
2026-06-29 19:28:15,451 [trainer.py] => Evaluation time: 0h 0m 26s
2026-06-29 19:28:15,451 [trainer.py] => Accuracy: {'total': 88.68, '00-09': 79.5, '10-19': 89.0, '20-29': 92.6, '30-39': 93.3, '40-49': 95.6, '50-59': 82.1, 'old': 90.0, 'new': 82.1}
2026-06-29 19:28:15,451 [trainer.py] => (curve) top1 Acc: [99.3, 95.25, 93.23, 92.4, 90.8, 88.68]
2026-06-29 19:28:15,451 [trainer.py] => Avergae Acc: 93.28
2026-06-29 19:28:15,451 [trainer.py] => (curve) top1 Acc with task: [99.3, 99.2, 98.77, 98.75, 98.74, 98.47]
2026-06-29 19:28:15,451 [trainer.py] => Avergae Acc: 98.87
2026-06-29 19:28:15,451 [trainer.py] => (curve) top1 Acc task: [100.0, 95.9, 93.93, 92.95, 91.28, 89.15]
2026-06-29 19:28:15,451 [trainer.py] => Avergae Acc: 93.87
2026-06-29 19:28:15,451 [trainer.py] => ================================================================================
2026-06-29 19:28:15,451 [trainer.py] => ================================================================================
2026-06-29 19:28:15,465 [base.py] => Task 6 learning on class 60-70
2026-06-29 19:28:15,478 [toolkit.py] => Total params:     106,359,244
2026-06-29 19:28:15,478 [toolkit.py] => Trainable params: 376,351
2026-06-29 19:28:15,478 [toolkit.py] => Trainable ratio:  0.3538%
2026-06-29 19:46:01,376 [sdlora.py] => Task 6, Epoch 20/20 => Loss 0.154, Train_accy 95.40
2026-06-29 19:46:01,378 [trainer.py] => Training time: 0h 17m 45s
2026-06-29 19:46:33,499 [trainer.py] => Evaluation time: 0h 0m 32s
2026-06-29 19:46:33,499 [trainer.py] => Accuracy: {'total': 88.31, '00-09': 79.3, '10-19': 86.5, '20-29': 92.0, '30-39': 93.1, '40-49': 94.5, '50-59': 81.5, '60-69': 91.3, 'old': 87.82, 'new': 91.3}
2026-06-29 19:46:33,499 [trainer.py] => (curve) top1 Acc: [99.3, 95.25, 93.23, 92.4, 90.8, 88.68, 88.31]
2026-06-29 19:46:33,499 [trainer.py] => Avergae Acc: 92.57
2026-06-29 19:46:33,499 [trainer.py] => (curve) top1 Acc with task: [99.3, 99.2, 98.77, 98.75, 98.74, 98.47, 98.26]
2026-06-29 19:46:33,499 [trainer.py] => Avergae Acc: 98.78
2026-06-29 19:46:33,499 [trainer.py] => (curve) top1 Acc task: [100.0, 95.9, 93.93, 92.95, 91.28, 89.15, 88.96]
2026-06-29 19:46:33,499 [trainer.py] => Avergae Acc: 93.17
2026-06-29 19:46:33,499 [trainer.py] => ================================================================================
2026-06-29 19:46:33,499 [trainer.py] => ================================================================================
2026-06-29 19:46:33,514 [base.py] => Task 7 learning on class 70-80
2026-06-29 19:46:33,528 [toolkit.py] => Total params:     106,359,244
2026-06-29 19:46:33,528 [toolkit.py] => Trainable params: 376,351
2026-06-29 19:46:33,528 [toolkit.py] => Trainable ratio:  0.3538%
2026-06-29 20:05:17,480 [sdlora.py] => Task 7, Epoch 20/20 => Loss 0.142, Train_accy 95.92
2026-06-29 20:05:17,481 [trainer.py] => Training time: 0h 18m 43s
2026-06-29 20:05:55,974 [trainer.py] => Evaluation time: 0h 0m 38s
2026-06-29 20:05:55,974 [trainer.py] => Accuracy: {'total': 88.0, '00-09': 79.4, '10-19': 86.1, '20-29': 90.4, '30-39': 93.3, '40-49': 94.8, '50-59': 80.5, '60-69': 90.4, '70-79': 89.1, 'old': 87.84, 'new': 89.1}
2026-06-29 20:05:55,974 [trainer.py] => (curve) top1 Acc: [99.3, 95.25, 93.23, 92.4, 90.8, 88.68, 88.31, 88.0]
2026-06-29 20:05:55,974 [trainer.py] => Avergae Acc: 92.00
2026-06-29 20:05:55,974 [trainer.py] => (curve) top1 Acc with task: [99.3, 99.2, 98.77, 98.75, 98.74, 98.47, 98.26, 98.41]
2026-06-29 20:05:55,974 [trainer.py] => Avergae Acc: 98.74
2026-06-29 20:05:55,974 [trainer.py] => (curve) top1 Acc task: [100.0, 95.9, 93.93, 92.95, 91.28, 89.15, 88.96, 88.49]
2026-06-29 20:05:55,975 [trainer.py] => Avergae Acc: 92.58
2026-06-29 20:05:55,975 [trainer.py] => ================================================================================
2026-06-29 20:05:55,975 [trainer.py] => ================================================================================
2026-06-29 20:05:55,988 [base.py] => Task 8 learning on class 80-90
2026-06-29 20:05:56,002 [toolkit.py] => Total params:     106,359,244
2026-06-29 20:05:56,002 [toolkit.py] => Trainable params: 376,351
2026-06-29 20:05:56,002 [toolkit.py] => Trainable ratio:  0.3538%
2026-06-29 20:25:32,857 [sdlora.py] => Task 8, Epoch 20/20 => Loss 0.102, Train_accy 96.74
2026-06-29 20:25:32,859 [trainer.py] => Training time: 0h 19m 36s
2026-06-29 20:26:18,259 [trainer.py] => Evaluation time: 0h 0m 45s
2026-06-29 20:26:18,259 [trainer.py] => Accuracy: {'total': 87.76, '00-09': 77.3, '10-19': 84.6, '20-29': 89.8, '30-39': 91.8, '40-49': 93.7, '50-59': 80.2, '60-69': 88.3, '70-79': 88.0, '80-89': 96.1, 'old': 86.71, 'new': 96.1}
2026-06-29 20:26:18,259 [trainer.py] => (curve) top1 Acc: [99.3, 95.25, 93.23, 92.4, 90.8, 88.68, 88.31, 88.0, 87.76]
2026-06-29 20:26:18,259 [trainer.py] => Avergae Acc: 91.53
2026-06-29 20:26:18,259 [trainer.py] => (curve) top1 Acc with task: [99.3, 99.2, 98.77, 98.75, 98.74, 98.47, 98.26, 98.41, 98.56]
2026-06-29 20:26:18,260 [trainer.py] => Avergae Acc: 98.72
2026-06-29 20:26:18,260 [trainer.py] => (curve) top1 Acc task: [100.0, 95.9, 93.93, 92.95, 91.28, 89.15, 88.96, 88.49, 88.18]
2026-06-29 20:26:18,260 [trainer.py] => Avergae Acc: 92.09
2026-06-29 20:26:18,260 [trainer.py] => ================================================================================
2026-06-29 20:26:18,260 [trainer.py] => ================================================================================
2026-06-29 20:26:18,282 [base.py] => Task 9 learning on class 90-100
2026-06-29 20:26:18,296 [toolkit.py] => Total params:     106,359,244
2026-06-29 20:26:18,296 [toolkit.py] => Trainable params: 376,351
2026-06-29 20:26:18,296 [toolkit.py] => Trainable ratio:  0.3538%
2026-06-29 20:46:52,778 [sdlora.py] => Task 9, Epoch 20/20 => Loss 0.089, Train_accy 97.06
2026-06-29 20:46:52,780 [trainer.py] => Training time: 0h 20m 34s
2026-06-29 20:47:45,568 [trainer.py] => Evaluation time: 0h 0m 52s
2026-06-29 20:47:45,568 [trainer.py] => Accuracy: {'total': 87.21, '00-09': 76.6, '10-19': 83.8, '20-29': 89.7, '30-39': 89.6, '40-49': 92.8, '50-59': 78.8, '60-69': 88.2, '70-79': 86.3, '80-89': 93.9, '90-99': 92.4, 'old': 86.63, 'new': 92.4}
2026-06-29 20:47:45,569 [trainer.py] => (curve) top1 Acc: [99.3, 95.25, 93.23, 92.4, 90.8, 88.68, 88.31, 88.0, 87.76, 87.21]
2026-06-29 20:47:45,569 [trainer.py] => Avergae Acc: 91.09
2026-06-29 20:47:45,569 [trainer.py] => (curve) top1 Acc with task: [99.3, 99.2, 98.77, 98.75, 98.74, 98.47, 98.26, 98.41, 98.56, 98.68]
2026-06-29 20:47:45,569 [trainer.py] => Avergae Acc: 98.71
2026-06-29 20:47:45,569 [trainer.py] => (curve) top1 Acc task: [100.0, 95.9, 93.93, 92.95, 91.28, 89.15, 88.96, 88.49, 88.18, 87.53]
2026-06-29 20:47:45,569 [trainer.py] => Avergae Acc: 91.64
2026-06-29 20:47:45,569 [trainer.py] => ================================================================================
2026-08-29 20:32:13,356 [toolkit.py] => config: configs/sdlora/cifar100_seed=1993.json
2026-08-29 20:32:13,405 [toolkit.py] => device: [device(type='cuda', index=5)]
2026-08-29 20:32:13,405 [toolkit.py] => debug: False
2026-08-29 20:32:13,405 [toolkit.py] => save_ckp: False
2026-08-29 20:32:13,405 [toolkit.py] => moe_list: None
2026-08-29 20:32:13,405 [toolkit.py] => seed: 1993
2026-08-29 20:32:13,405 [toolkit.py] => dataset: cifar100
2026-08-29 20:32:13,405 [toolkit.py] => data_path: data/cifar100
2026-08-29 20:32:13,406 [toolkit.py] => load: vit_base_patch16_224_in21k
2026-08-29 20:32:13,406 [toolkit.py] => init_cls: 10
2026-08-29 20:32:13,406 [toolkit.py] => increment: 10
2026-08-29 20:32:13,406 [toolkit.py] => sessions: 10
2026-08-29 20:32:13,406 [toolkit.py] => shuffle: False
2026-08-29 20:32:13,406 [toolkit.py] => method: sdlora
2026-08-29 20:32:13,406 [toolkit.py] => optimizer: adam
2026-08-29 20:32:13,406 [toolkit.py] => scheduler: cosine
2026-08-29 20:32:13,406 [toolkit.py] => epochs: 20
2026-08-29 20:32:13,406 [toolkit.py] => lrate: 0.008
2026-08-29 20:32:13,406 [toolkit.py] => fc_lrate: 0.008
2026-08-29 20:32:13,406 [toolkit.py] => weight_decay: 0.0
2026-08-29 20:32:13,406 [toolkit.py] => batch_size: 128
2026-08-29 20:32:13,406 [toolkit.py] => rank: 10
2026-08-29 20:32:13,406 [toolkit.py] => num_workers: 16
2026-08-29 20:32:13,406 [toolkit.py] => lrate_head: 0
2026-08-29 20:32:13,406 [toolkit.py] => logdir: logs/sdlora/cifar100/t10
2026-08-29 20:32:13,406 [toolkit.py] => logfilename: logs/sdlora/cifar100/t10/seed1993
2026-08-29 20:32:15,106 [data_manager.py] => Class index order: 0, 1, 2, 3, 4, ..., 95, 96, 97, 98, 99
2026-08-29 20:32:17,592 [trainer.py] => ================================================================================
2026-08-29 20:32:17,592 [trainer.py] => Dataset Information
2026-08-29 20:32:17,592 [trainer.py] => ================================================================================
2026-08-29 20:32:17,592 [trainer.py] =>   Dataset name     : cifar100
2026-08-29 20:32:17,592 [trainer.py] =>   Data path        : data/cifar100
2026-08-29 20:32:17,592 [trainer.py] =>   Total classes    : 100
2026-08-29 20:32:17,592 [trainer.py] =>   Total tasks      : 10
2026-08-29 20:32:17,592 [trainer.py] =>   Task increments  : [10, 10, 10, 10, 10, 10, 10, 10, 10, 10]
2026-08-29 20:32:17,592 [trainer.py] =>   Init classes     : 10
2026-08-29 20:32:17,592 [trainer.py] =>   Increment per task: 10
2026-08-29 20:32:17,592 [trainer.py] =>   Shuffle          : False
2026-08-29 20:32:17,592 [trainer.py] =>   Seed             : 1993
2026-08-29 20:32:17,592 [trainer.py] => --------------------------------------------------------------------------------
2026-08-29 20:32:17,592 [trainer.py] => Task split:
2026-08-29 20:32:17,603 [trainer.py] =>   Task 0: classes 0-9 (10 classes) | Train: 5000 images (20 batches), Test: 1000 images (4 batches)
2026-08-29 20:32:17,615 [trainer.py] =>   Task 1: classes 10-19 (10 classes) | Train: 5000 images (20 batches), Test: 1000 images (4 batches)
2026-08-29 20:32:17,623 [trainer.py] =>   Task 2: classes 20-29 (10 classes) | Train: 5000 images (20 batches), Test: 1000 images (4 batches)
2026-08-29 20:32:17,632 [trainer.py] =>   Task 3: classes 30-39 (10 classes) | Train: 5000 images (20 batches), Test: 1000 images (4 batches)
2026-08-29 20:32:17,643 [trainer.py] =>   Task 4: classes 40-49 (10 classes) | Train: 5000 images (20 batches), Test: 1000 images (4 batches)
2026-08-29 20:32:17,651 [trainer.py] =>   Task 5: classes 50-59 (10 classes) | Train: 5000 images (20 batches), Test: 1000 images (4 batches)
2026-08-29 20:32:17,659 [trainer.py] =>   Task 6: classes 60-69 (10 classes) | Train: 5000 images (20 batches), Test: 1000 images (4 batches)
2026-08-29 20:32:17,667 [trainer.py] =>   Task 7: classes 70-79 (10 classes) | Train: 5000 images (20 batches), Test: 1000 images (4 batches)
2026-08-29 20:32:17,676 [trainer.py] =>   Task 8: classes 80-89 (10 classes) | Train: 5000 images (20 batches), Test: 1000 images (4 batches)
2026-08-29 20:32:17,684 [trainer.py] =>   Task 9: classes 90-99 (10 classes) | Train: 5000 images (20 batches), Test: 1000 images (4 batches)
2026-08-29 20:32:17,684 [trainer.py] => ================================================================================
2026-08-29 20:32:17,684 [trainer.py] => ================================================================================
2026-08-29 20:32:17,691 [base.py] => Task 0 learning on class 0-10
2026-08-29 20:32:18,180 [toolkit.py] => Total params:     106,359,244
2026-08-29 20:32:18,180 [toolkit.py] => Trainable params: 376,351
2026-08-29 20:32:18,180 [toolkit.py] => Trainable ratio:  0.3538%
2026-08-31 07:24:40,150 [toolkit.py] => config: configs/sdlora/cifar100_seed=1993.json
2026-08-31 07:24:40,164 [toolkit.py] => device: [device(type='cuda', index=3)]
2026-08-31 07:24:40,164 [toolkit.py] => debug: False
2026-08-31 07:24:40,164 [toolkit.py] => save_ckp: False
2026-08-31 07:24:40,165 [toolkit.py] => moe_list: None
2026-08-31 07:24:40,165 [toolkit.py] => seed: 1993
2026-08-31 07:24:40,165 [toolkit.py] => dataset: cifar100
2026-08-31 07:24:40,165 [toolkit.py] => data_path: data/cifar100
2026-08-31 07:24:40,165 [toolkit.py] => load: vit_base_patch16_224_in21k
2026-08-31 07:24:40,165 [toolkit.py] => init_cls: 10
2026-08-31 07:24:40,165 [toolkit.py] => increment: 10
2026-08-31 07:24:40,165 [toolkit.py] => sessions: 10
2026-08-31 07:24:40,165 [toolkit.py] => shuffle: False
2026-08-31 07:24:40,165 [toolkit.py] => method: sdlora
2026-08-31 07:24:40,165 [toolkit.py] => optimizer: adam
2026-08-31 07:24:40,165 [toolkit.py] => scheduler: cosine
2026-08-31 07:24:40,165 [toolkit.py] => epochs: 20
2026-08-31 07:24:40,166 [toolkit.py] => lrate: 0.0005
2026-08-31 07:24:40,166 [toolkit.py] => fc_lrate: 0.005
2026-08-31 07:24:40,166 [toolkit.py] => weight_decay: 0.0
2026-08-31 07:24:40,166 [toolkit.py] => batch_size: 128
2026-08-31 07:24:40,166 [toolkit.py] => rank: 10
2026-08-31 07:24:40,166 [toolkit.py] => num_workers: 16
2026-08-31 07:24:40,166 [toolkit.py] => lrate_head: 0
2026-08-31 07:24:40,166 [toolkit.py] => logdir: logs/sdlora/cifar100/t10
2026-08-31 07:24:40,166 [toolkit.py] => logfilename: logs/sdlora/cifar100/t10/seed1993
2026-08-31 07:24:41,917 [data_manager.py] => Class index order: 0, 1, 2, 3, 4, ..., 95, 96, 97, 98, 99
2026-08-31 07:24:44,186 [trainer.py] => ================================================================================
2026-08-31 07:24:44,186 [trainer.py] => Dataset Information
2026-08-31 07:24:44,186 [trainer.py] => ================================================================================
2026-08-31 07:24:44,186 [trainer.py] =>   Dataset name     : cifar100
2026-08-31 07:24:44,186 [trainer.py] =>   Data path        : data/cifar100
2026-08-31 07:24:44,186 [trainer.py] =>   Total classes    : 100
2026-08-31 07:24:44,186 [trainer.py] =>   Total tasks      : 10
2026-08-31 07:24:44,186 [trainer.py] =>   Task increments  : [10, 10, 10, 10, 10, 10, 10, 10, 10, 10]
2026-08-31 07:24:44,186 [trainer.py] =>   Init classes     : 10
2026-08-31 07:24:44,186 [trainer.py] =>   Increment per task: 10
2026-08-31 07:24:44,186 [trainer.py] =>   Shuffle          : False
2026-08-31 07:24:44,186 [trainer.py] =>   Seed             : 1993
2026-08-31 07:24:44,186 [trainer.py] => --------------------------------------------------------------------------------
2026-08-31 07:24:44,186 [trainer.py] => Task split:
2026-08-31 07:24:44,203 [trainer.py] =>   Task 0: classes 0-9 (10 classes) | Train: 5000 images (20 batches), Test: 1000 images (4 batches)
2026-08-31 07:24:44,220 [trainer.py] =>   Task 1: classes 10-19 (10 classes) | Train: 5000 images (20 batches), Test: 1000 images (4 batches)
2026-08-31 07:24:44,228 [trainer.py] =>   Task 2: classes 20-29 (10 classes) | Train: 5000 images (20 batches), Test: 1000 images (4 batches)
2026-08-31 07:24:44,235 [trainer.py] =>   Task 3: classes 30-39 (10 classes) | Train: 5000 images (20 batches), Test: 1000 images (4 batches)
2026-08-31 07:24:44,242 [trainer.py] =>   Task 4: classes 40-49 (10 classes) | Train: 5000 images (20 batches), Test: 1000 images (4 batches)
2026-08-31 07:24:44,249 [trainer.py] =>   Task 5: classes 50-59 (10 classes) | Train: 5000 images (20 batches), Test: 1000 images (4 batches)
2026-08-31 07:24:44,257 [trainer.py] =>   Task 6: classes 60-69 (10 classes) | Train: 5000 images (20 batches), Test: 1000 images (4 batches)
2026-08-31 07:24:44,264 [trainer.py] =>   Task 7: classes 70-79 (10 classes) | Train: 5000 images (20 batches), Test: 1000 images (4 batches)
2026-08-31 07:24:44,271 [trainer.py] =>   Task 8: classes 80-89 (10 classes) | Train: 5000 images (20 batches), Test: 1000 images (4 batches)
2026-08-31 07:24:44,278 [trainer.py] =>   Task 9: classes 90-99 (10 classes) | Train: 5000 images (20 batches), Test: 1000 images (4 batches)
2026-08-31 07:24:44,278 [trainer.py] => ================================================================================
2026-08-31 07:24:44,278 [trainer.py] => ================================================================================
2026-08-31 07:24:44,285 [base.py] => Task 0 learning on class 0-10
2026-08-31 07:24:44,768 [toolkit.py] => Total params:     106,359,244
2026-08-31 07:24:44,768 [toolkit.py] => Trainable params: 376,351
2026-08-31 07:24:44,768 [toolkit.py] => Trainable ratio:  0.3538%
2026-08-31 07:36:48,057 [sdlora.py] => Task 0, Epoch 20/20 => Loss 0.094, Train_accy 96.94
2026-08-31 07:36:48,057 [trainer.py] => Training time: 0h 12m 3s
2026-08-31 07:36:51,690 [trainer.py] => Evaluation time: 0h 0m 3s
2026-08-31 07:36:51,690 [trainer.py] => Accuracy: {'total': 99.3, '00-09': 99.3, 'old': 0, 'new': 99.3}
2026-08-31 07:36:51,690 [trainer.py] => (curve) top1 Acc: [99.3]
2026-08-31 07:36:51,691 [trainer.py] => Avergae Acc: 99.30
2026-08-31 07:36:51,691 [trainer.py] => (curve) top1 Acc with task: [99.3]
2026-08-31 07:36:51,691 [trainer.py] => Avergae Acc: 99.30
2026-08-31 07:36:51,691 [trainer.py] => (curve) top1 Acc task: [100.0]
2026-08-31 07:36:51,691 [trainer.py] => Avergae Acc: 100.00
2026-08-31 07:36:51,691 [trainer.py] => ================================================================================
2026-08-31 07:36:51,691 [trainer.py] => ================================================================================
2026-08-31 07:36:51,705 [base.py] => Task 1 learning on class 10-20
2026-08-31 07:36:51,717 [toolkit.py] => Total params:     106,359,244
2026-08-31 07:36:51,718 [toolkit.py] => Trainable params: 376,351
2026-08-31 07:36:51,718 [toolkit.py] => Trainable ratio:  0.3538%
2026-08-31 07:49:53,024 [sdlora.py] => Task 1, Epoch 20/20 => Loss 0.111, Train_accy 96.30
2026-08-31 07:49:53,025 [trainer.py] => Training time: 0h 13m 1s
2026-08-31 07:50:00,204 [trainer.py] => Evaluation time: 0h 0m 7s
2026-08-31 07:50:00,204 [trainer.py] => Accuracy: {'total': 97.1, '00-09': 96.5, '10-19': 97.7, 'old': 96.5, 'new': 97.7}
2026-08-31 07:50:00,204 [trainer.py] => (curve) top1 Acc: [99.3, 97.1]
2026-08-31 07:50:00,204 [trainer.py] => Avergae Acc: 98.20
2026-08-31 07:50:00,204 [trainer.py] => (curve) top1 Acc with task: [99.3, 99.4]
2026-08-31 07:50:00,204 [trainer.py] => Avergae Acc: 99.35
2026-08-31 07:50:00,204 [trainer.py] => (curve) top1 Acc task: [100.0, 97.5]
2026-08-31 07:50:00,204 [trainer.py] => Avergae Acc: 98.75
2026-08-31 07:50:00,204 [trainer.py] => ================================================================================
2026-08-31 07:50:00,204 [trainer.py] => ================================================================================
2026-08-31 07:50:00,220 [base.py] => Task 2 learning on class 20-30
2026-08-31 07:50:00,232 [toolkit.py] => Total params:     106,359,244
2026-08-31 07:50:00,232 [toolkit.py] => Trainable params: 376,351
2026-08-31 07:50:00,232 [toolkit.py] => Trainable ratio:  0.3538%
2026-08-31 08:03:58,717 [sdlora.py] => Task 2, Epoch 20/20 => Loss 0.107, Train_accy 96.54
2026-08-31 08:03:58,718 [trainer.py] => Training time: 0h 13m 58s
2026-08-31 08:04:09,944 [trainer.py] => Evaluation time: 0h 0m 11s
2026-08-31 08:04:09,945 [trainer.py] => Accuracy: {'total': 93.87, '00-09': 90.5, '10-19': 94.2, '20-29': 96.9, 'old': 92.35, 'new': 96.9}
2026-08-31 08:04:09,945 [trainer.py] => (curve) top1 Acc: [99.3, 97.1, 93.87]
2026-08-31 08:04:09,945 [trainer.py] => Avergae Acc: 96.76
2026-08-31 08:04:09,945 [trainer.py] => (curve) top1 Acc with task: [99.3, 99.4, 98.7]
2026-08-31 08:04:09,945 [trainer.py] => Avergae Acc: 99.13
2026-08-31 08:04:09,945 [trainer.py] => (curve) top1 Acc task: [100.0, 97.5, 94.57]
2026-08-31 08:04:09,945 [trainer.py] => Avergae Acc: 97.36
2026-08-31 08:04:09,945 [trainer.py] => ================================================================================
2026-08-31 08:04:09,945 [trainer.py] => ================================================================================
2026-08-31 08:04:09,958 [base.py] => Task 3 learning on class 30-40
2026-08-31 08:04:09,971 [toolkit.py] => Total params:     106,359,244
2026-08-31 08:04:09,971 [toolkit.py] => Trainable params: 376,351
2026-08-31 08:04:09,971 [toolkit.py] => Trainable ratio:  0.3538%
2026-08-31 08:19:04,127 [sdlora.py] => Task 3, Epoch 20/20 => Loss 0.107, Train_accy 96.54
2026-08-31 08:19:04,129 [trainer.py] => Training time: 0h 14m 54s
2026-08-31 08:19:19,713 [trainer.py] => Evaluation time: 0h 0m 15s
2026-08-31 08:19:19,714 [trainer.py] => Accuracy: {'total': 92.82, '00-09': 88.8, '10-19': 90.2, '20-29': 95.6, '30-39': 96.7, 'old': 91.53, 'new': 96.7}
2026-08-31 08:19:19,714 [trainer.py] => (curve) top1 Acc: [99.3, 97.1, 93.87, 92.82]
2026-08-31 08:19:19,714 [trainer.py] => Avergae Acc: 95.77
2026-08-31 08:19:19,714 [trainer.py] => (curve) top1 Acc with task: [99.3, 99.4, 98.7, 98.6]
2026-08-31 08:19:19,714 [trainer.py] => Avergae Acc: 99.00
2026-08-31 08:19:19,714 [trainer.py] => (curve) top1 Acc task: [100.0, 97.5, 94.57, 93.4]
2026-08-31 08:19:19,714 [trainer.py] => Avergae Acc: 96.37
2026-08-31 08:19:19,714 [trainer.py] => ================================================================================
2026-08-31 08:19:19,714 [trainer.py] => ================================================================================
2026-08-31 08:19:19,728 [base.py] => Task 4 learning on class 40-50
2026-08-31 08:19:19,741 [toolkit.py] => Total params:     106,359,244
2026-08-31 08:19:19,742 [toolkit.py] => Trainable params: 376,351
2026-08-31 08:19:19,742 [toolkit.py] => Trainable ratio:  0.3538%
2026-08-31 08:35:09,717 [sdlora.py] => Task 4, Epoch 20/20 => Loss 0.099, Train_accy 96.64
2026-08-31 08:35:09,718 [trainer.py] => Training time: 0h 15m 50s
2026-08-31 08:35:30,281 [trainer.py] => Evaluation time: 0h 0m 20s
2026-08-31 08:35:30,281 [trainer.py] => Accuracy: {'total': 91.88, '00-09': 86.7, '10-19': 88.2, '20-29': 94.2, '30-39': 94.2, '40-49': 96.1, 'old': 90.82, 'new': 96.1}
2026-08-31 08:35:30,281 [trainer.py] => (curve) top1 Acc: [99.3, 97.1, 93.87, 92.82, 91.88]
2026-08-31 08:35:30,281 [trainer.py] => Avergae Acc: 94.99
2026-08-31 08:35:30,281 [trainer.py] => (curve) top1 Acc with task: [99.3, 99.4, 98.7, 98.6, 98.64]
2026-08-31 08:35:30,281 [trainer.py] => Avergae Acc: 98.93
2026-08-31 08:35:30,281 [trainer.py] => (curve) top1 Acc task: [100.0, 97.5, 94.57, 93.4, 92.46]
2026-08-31 08:35:30,281 [trainer.py] => Avergae Acc: 95.59
2026-08-31 08:35:30,281 [trainer.py] => ================================================================================
2026-08-31 08:35:30,281 [trainer.py] => ================================================================================
2026-08-31 08:35:30,300 [base.py] => Task 5 learning on class 50-60
2026-08-31 08:35:30,313 [toolkit.py] => Total params:     106,359,244
2026-08-31 08:35:30,313 [toolkit.py] => Trainable params: 376,351
2026-08-31 08:35:30,313 [toolkit.py] => Trainable ratio:  0.3538%
2026-08-31 08:52:19,305 [sdlora.py] => Task 5, Epoch 20/20 => Loss 0.111, Train_accy 96.14
2026-08-31 08:52:19,307 [trainer.py] => Training time: 0h 16m 49s
2026-08-31 08:52:45,455 [trainer.py] => Evaluation time: 0h 0m 26s
2026-08-31 08:52:45,456 [trainer.py] => Accuracy: {'total': 90.1, '00-09': 84.6, '10-19': 87.9, '20-29': 93.8, '30-39': 92.9, '40-49': 95.5, '50-59': 85.9, 'old': 90.94, 'new': 85.9}
2026-08-31 08:52:45,456 [trainer.py] => (curve) top1 Acc: [99.3, 97.1, 93.87, 92.82, 91.88, 90.1]
2026-08-31 08:52:45,456 [trainer.py] => Avergae Acc: 94.18
2026-08-31 08:52:45,456 [trainer.py] => (curve) top1 Acc with task: [99.3, 99.4, 98.7, 98.6, 98.64, 98.72]
2026-08-31 08:52:45,456 [trainer.py] => Avergae Acc: 98.89
2026-08-31 08:52:45,456 [trainer.py] => (curve) top1 Acc task: [100.0, 97.5, 94.57, 93.4, 92.46, 90.53]
2026-08-31 08:52:45,456 [trainer.py] => Avergae Acc: 94.74
2026-08-31 08:52:45,456 [trainer.py] => ================================================================================
2026-08-31 08:52:45,456 [trainer.py] => ================================================================================
2026-08-31 08:52:45,472 [base.py] => Task 6 learning on class 60-70
2026-08-31 08:52:45,485 [toolkit.py] => Total params:     106,359,244
2026-08-31 08:52:45,485 [toolkit.py] => Trainable params: 376,351
2026-08-31 08:52:45,486 [toolkit.py] => Trainable ratio:  0.3538%
2026-08-31 09:10:29,753 [sdlora.py] => Task 6, Epoch 20/20 => Loss 0.141, Train_accy 95.70
2026-08-31 09:10:29,754 [trainer.py] => Training time: 0h 17m 44s
2026-08-31 09:11:01,724 [trainer.py] => Evaluation time: 0h 0m 31s
2026-08-31 09:11:01,725 [trainer.py] => Accuracy: {'total': 89.83, '00-09': 83.2, '10-19': 86.8, '20-29': 93.6, '30-39': 92.5, '40-49': 95.0, '50-59': 84.0, '60-69': 93.7, 'old': 89.18, 'new': 93.7}
2026-08-31 09:11:01,725 [trainer.py] => (curve) top1 Acc: [99.3, 97.1, 93.87, 92.82, 91.88, 90.1, 89.83]
2026-08-31 09:11:01,725 [trainer.py] => Avergae Acc: 93.56
2026-08-31 09:11:01,725 [trainer.py] => (curve) top1 Acc with task: [99.3, 99.4, 98.7, 98.6, 98.64, 98.72, 98.57]
2026-08-31 09:11:01,725 [trainer.py] => Avergae Acc: 98.85
2026-08-31 09:11:01,725 [trainer.py] => (curve) top1 Acc task: [100.0, 97.5, 94.57, 93.4, 92.46, 90.53, 90.29]
2026-08-31 09:11:01,725 [trainer.py] => Avergae Acc: 94.11
2026-08-31 09:11:01,725 [trainer.py] => ================================================================================
2026-08-31 09:11:01,725 [trainer.py] => ================================================================================
2026-08-31 09:11:01,738 [base.py] => Task 7 learning on class 70-80
2026-08-31 09:11:01,752 [toolkit.py] => Total params:     106,359,244
2026-08-31 09:11:01,752 [toolkit.py] => Trainable params: 376,351
2026-08-31 09:11:01,752 [toolkit.py] => Trainable ratio:  0.3538%
2026-08-31 09:29:40,349 [sdlora.py] => Task 7, Epoch 20/20 => Loss 0.125, Train_accy 96.26
2026-08-31 09:29:40,351 [trainer.py] => Training time: 0h 18m 38s
2026-08-31 09:30:18,594 [trainer.py] => Evaluation time: 0h 0m 38s
2026-08-31 09:30:18,594 [trainer.py] => Accuracy: {'total': 89.01, '00-09': 81.5, '10-19': 85.8, '20-29': 91.7, '30-39': 92.3, '40-49': 94.2, '50-59': 83.2, '60-69': 90.6, '70-79': 92.8, 'old': 88.47, 'new': 92.8}
2026-08-31 09:30:18,594 [trainer.py] => (curve) top1 Acc: [99.3, 97.1, 93.87, 92.82, 91.88, 90.1, 89.83, 89.01]
2026-08-31 09:30:18,594 [trainer.py] => Avergae Acc: 92.99
2026-08-31 09:30:18,594 [trainer.py] => (curve) top1 Acc with task: [99.3, 99.4, 98.7, 98.6, 98.64, 98.72, 98.57, 98.61]
2026-08-31 09:30:18,595 [trainer.py] => Avergae Acc: 98.82
2026-08-31 09:30:18,595 [trainer.py] => (curve) top1 Acc task: [100.0, 97.5, 94.57, 93.4, 92.46, 90.53, 90.29, 89.41]
2026-08-31 09:30:18,595 [trainer.py] => Avergae Acc: 93.52
2026-08-31 09:30:18,595 [trainer.py] => ================================================================================
2026-08-31 09:30:18,595 [trainer.py] => ================================================================================
2026-08-31 09:30:18,607 [base.py] => Task 8 learning on class 80-90
2026-08-31 09:30:18,621 [toolkit.py] => Total params:     106,359,244
2026-08-31 09:30:18,621 [toolkit.py] => Trainable params: 376,351
2026-08-31 09:30:18,621 [toolkit.py] => Trainable ratio:  0.3538%
2026-08-31 09:49:55,671 [sdlora.py] => Task 8, Epoch 20/20 => Loss 0.094, Train_accy 97.50
2026-08-31 09:49:55,672 [trainer.py] => Training time: 0h 19m 37s
2026-08-31 09:50:41,066 [trainer.py] => Evaluation time: 0h 0m 45s
2026-08-31 09:50:41,066 [trainer.py] => Accuracy: {'total': 89.54, '00-09': 81.8, '10-19': 85.1, '20-29': 91.5, '30-39': 91.7, '40-49': 95.1, '50-59': 84.5, '60-69': 90.1, '70-79': 90.3, '80-89': 95.8, 'old': 88.76, 'new': 95.8}
2026-08-31 09:50:41,066 [trainer.py] => (curve) top1 Acc: [99.3, 97.1, 93.87, 92.82, 91.88, 90.1, 89.83, 89.01, 89.54]
2026-08-31 09:50:41,066 [trainer.py] => Avergae Acc: 92.61
2026-08-31 09:50:41,066 [trainer.py] => (curve) top1 Acc with task: [99.3, 99.4, 98.7, 98.6, 98.64, 98.72, 98.57, 98.61, 98.7]
2026-08-31 09:50:41,067 [trainer.py] => Avergae Acc: 98.80
2026-08-31 09:50:41,067 [trainer.py] => (curve) top1 Acc task: [100.0, 97.5, 94.57, 93.4, 92.46, 90.53, 90.29, 89.41, 89.78]
2026-08-31 09:50:41,067 [trainer.py] => Avergae Acc: 93.10
2026-08-31 09:50:41,067 [trainer.py] => ================================================================================
2026-08-31 09:50:41,067 [trainer.py] => ================================================================================
2026-08-31 09:50:41,080 [base.py] => Task 9 learning on class 90-100
2026-08-31 09:50:41,094 [toolkit.py] => Total params:     106,359,244
2026-08-31 09:50:41,094 [toolkit.py] => Trainable params: 376,351
2026-08-31 09:50:41,094 [toolkit.py] => Trainable ratio:  0.3538%
2026-08-31 10:11:13,762 [sdlora.py] => Task 9, Epoch 20/20 => Loss 0.082, Train_accy 97.36
2026-08-31 10:11:13,764 [trainer.py] => Training time: 0h 20m 32s
2026-08-31 10:12:06,469 [trainer.py] => Evaluation time: 0h 0m 52s
2026-08-31 10:12:06,469 [trainer.py] => Accuracy: {'total': 87.97, '00-09': 80.1, '10-19': 82.6, '20-29': 90.8, '30-39': 89.5, '40-49': 92.7, '50-59': 81.7, '60-69': 88.8, '70-79': 88.8, '80-89': 93.2, '90-99': 91.5, 'old': 87.58, 'new': 91.5}
2026-08-31 10:12:06,469 [trainer.py] => (curve) top1 Acc: [99.3, 97.1, 93.87, 92.82, 91.88, 90.1, 89.83, 89.01, 89.54, 87.97]
2026-08-31 10:12:06,469 [trainer.py] => Avergae Acc: 92.14
2026-08-31 10:12:06,469 [trainer.py] => (curve) top1 Acc with task: [99.3, 99.4, 98.7, 98.6, 98.64, 98.72, 98.57, 98.61, 98.7, 98.78]
2026-08-31 10:12:06,469 [trainer.py] => Avergae Acc: 98.80
2026-08-31 10:12:06,469 [trainer.py] => (curve) top1 Acc task: [100.0, 97.5, 94.57, 93.4, 92.46, 90.53, 90.29, 89.41, 89.78, 88.25]
2026-08-31 10:12:06,470 [trainer.py] => Avergae Acc: 92.62
2026-08-31 10:12:06,470 [trainer.py] => ================================================================================
2026-08-31 11:57:23,466 [toolkit.py] => config: configs/sdlora/cifar100_seed=1993.json
2026-08-31 11:57:23,467 [toolkit.py] => device: [device(type='cuda', index=5)]
2026-08-31 11:57:23,467 [toolkit.py] => debug: False
2026-08-31 11:57:23,467 [toolkit.py] => save_ckp: False
2026-08-31 11:57:23,467 [toolkit.py] => moe_list: None
2026-08-31 11:57:23,467 [toolkit.py] => seed: 1993
2026-08-31 11:57:23,467 [toolkit.py] => dataset: cifar100
2026-08-31 11:57:23,467 [toolkit.py] => data_path: data/cifar100
2026-08-31 11:57:23,467 [toolkit.py] => load: vit_base_patch16_224_in21k
2026-08-31 11:57:23,467 [toolkit.py] => init_cls: 10
2026-08-31 11:57:23,467 [toolkit.py] => increment: 10
2026-08-31 11:57:23,467 [toolkit.py] => sessions: 10
2026-08-31 11:57:23,467 [toolkit.py] => shuffle: False
2026-08-31 11:57:23,467 [toolkit.py] => method: sdlora
2026-08-31 11:57:23,467 [toolkit.py] => optimizer: adam
2026-08-31 11:57:23,467 [toolkit.py] => scheduler: cosine
2026-08-31 11:57:23,467 [toolkit.py] => epochs: 20
2026-08-31 11:57:23,467 [toolkit.py] => lrate: 0.0005
2026-08-31 11:57:23,467 [toolkit.py] => fc_lrate: 0.005
2026-08-31 11:57:23,467 [toolkit.py] => weight_decay: 0.0
2026-08-31 11:57:23,467 [toolkit.py] => batch_size: 128
2026-08-31 11:57:23,467 [toolkit.py] => rank: 10
2026-08-31 11:57:23,467 [toolkit.py] => num_workers: 16
2026-08-31 11:57:23,467 [toolkit.py] => lrate_head: 0
2026-08-31 11:57:23,467 [toolkit.py] => logdir: logs/sdlora/cifar100/t10
2026-08-31 11:57:23,467 [toolkit.py] => logfilename: logs/sdlora/cifar100/t10/seed1993
2026-08-31 11:57:25,154 [data_manager.py] => Class index order: 0, 1, 2, 3, 4, ..., 95, 96, 97, 98, 99
2026-08-31 11:57:27,571 [trainer.py] => ================================================================================
2026-08-31 11:57:27,571 [trainer.py] => Dataset Information
2026-08-31 11:57:27,571 [trainer.py] => ================================================================================
2026-08-31 11:57:27,571 [trainer.py] =>   Dataset name     : cifar100
2026-08-31 11:57:27,571 [trainer.py] =>   Data path        : data/cifar100
2026-08-31 11:57:27,571 [trainer.py] =>   Total classes    : 100
2026-08-31 11:57:27,571 [trainer.py] =>   Total tasks      : 10
2026-08-31 11:57:27,571 [trainer.py] =>   Task increments  : [10, 10, 10, 10, 10, 10, 10, 10, 10, 10]
2026-08-31 11:57:27,571 [trainer.py] =>   Init classes     : 10
2026-08-31 11:57:27,571 [trainer.py] =>   Increment per task: 10
2026-08-31 11:57:27,571 [trainer.py] =>   Shuffle          : False
2026-08-31 11:57:27,571 [trainer.py] =>   Seed             : 1993
2026-08-31 11:57:27,571 [trainer.py] => --------------------------------------------------------------------------------
2026-08-31 11:57:27,571 [trainer.py] => Task split:
2026-08-31 11:57:27,580 [trainer.py] =>   Task 0: classes 0-9 (10 classes) | Train: 5000 images (20 batches), Test: 1000 images (4 batches)
2026-08-31 11:57:27,590 [trainer.py] =>   Task 1: classes 10-19 (10 classes) | Train: 5000 images (20 batches), Test: 1000 images (4 batches)
2026-08-31 11:57:27,597 [trainer.py] =>   Task 2: classes 20-29 (10 classes) | Train: 5000 images (20 batches), Test: 1000 images (4 batches)
2026-08-31 11:57:27,603 [trainer.py] =>   Task 3: classes 30-39 (10 classes) | Train: 5000 images (20 batches), Test: 1000 images (4 batches)
2026-08-31 11:57:27,612 [trainer.py] =>   Task 4: classes 40-49 (10 classes) | Train: 5000 images (20 batches), Test: 1000 images (4 batches)
2026-08-31 11:57:27,618 [trainer.py] =>   Task 5: classes 50-59 (10 classes) | Train: 5000 images (20 batches), Test: 1000 images (4 batches)
2026-08-31 11:57:27,624 [trainer.py] =>   Task 6: classes 60-69 (10 classes) | Train: 5000 images (20 batches), Test: 1000 images (4 batches)
2026-08-31 11:57:27,630 [trainer.py] =>   Task 7: classes 70-79 (10 classes) | Train: 5000 images (20 batches), Test: 1000 images (4 batches)
2026-08-31 11:57:27,636 [trainer.py] =>   Task 8: classes 80-89 (10 classes) | Train: 5000 images (20 batches), Test: 1000 images (4 batches)
2026-08-31 11:57:27,642 [trainer.py] =>   Task 9: classes 90-99 (10 classes) | Train: 5000 images (20 batches), Test: 1000 images (4 batches)
2026-08-31 11:57:27,643 [trainer.py] => ================================================================================
2026-08-31 11:57:27,643 [trainer.py] => ================================================================================
2026-08-31 11:57:27,648 [base.py] => Task 0 learning on class 0-10
2026-08-31 11:57:28,129 [toolkit.py] => Total params:     106,359,244
2026-08-31 11:57:28,130 [toolkit.py] => Trainable params: 376,351
2026-08-31 11:57:28,130 [toolkit.py] => Trainable ratio:  0.3538%
2026-08-31 12:09:39,451 [sdlora.py] => Task 0, Epoch 20/20 => Loss 0.094, Train_accy 96.94
2026-08-31 12:09:39,451 [trainer.py] => Training time: 0h 12m 11s
2026-08-31 12:09:43,182 [trainer.py] => Evaluation time: 0h 0m 3s
2026-08-31 12:09:43,182 [trainer.py] => Accuracy: {'total': 99.3, '00-09': 99.3, 'old': 0, 'new': 99.3}
2026-08-31 12:09:43,183 [trainer.py] => (curve) top1 Acc: [99.3]
2026-08-31 12:09:43,183 [trainer.py] => Avergae Acc: 99.30
2026-08-31 12:09:43,183 [trainer.py] => (curve) top1 Acc with task: [99.3]
2026-08-31 12:09:43,183 [trainer.py] => Avergae Acc: 99.30
2026-08-31 12:09:43,183 [trainer.py] => (curve) top1 Acc task: [100.0]
2026-08-31 12:09:43,183 [trainer.py] => Avergae Acc: 100.00
2026-08-31 12:09:43,183 [trainer.py] => ================================================================================
2026-08-31 12:09:43,183 [trainer.py] => ================================================================================
2026-08-31 12:09:43,198 [base.py] => Task 1 learning on class 10-20
2026-08-31 12:09:43,220 [toolkit.py] => Total params:     106,359,244
2026-08-31 12:09:43,220 [toolkit.py] => Trainable params: 376,351
2026-08-31 12:09:43,220 [toolkit.py] => Trainable ratio:  0.3538%
2026-08-31 12:22:45,741 [sdlora.py] => Task 1, Epoch 20/20 => Loss 0.111, Train_accy 96.30
2026-08-31 12:22:45,741 [trainer.py] => Training time: 0h 13m 2s
2026-08-31 12:22:53,085 [trainer.py] => Evaluation time: 0h 0m 7s
2026-08-31 12:22:53,085 [trainer.py] => Accuracy: {'total': 97.1, '00-09': 96.5, '10-19': 97.7, 'old': 96.5, 'new': 97.7}
2026-08-31 12:22:53,086 [trainer.py] => (curve) top1 Acc: [99.3, 97.1]
2026-08-31 12:22:53,086 [trainer.py] => Avergae Acc: 98.20
2026-08-31 12:22:53,086 [trainer.py] => (curve) top1 Acc with task: [99.3, 99.4]
2026-08-31 12:22:53,086 [trainer.py] => Avergae Acc: 99.35
2026-08-31 12:22:53,086 [trainer.py] => (curve) top1 Acc task: [100.0, 97.5]
2026-08-31 12:22:53,086 [trainer.py] => Avergae Acc: 98.75
2026-08-31 12:22:53,086 [trainer.py] => ================================================================================
2026-08-31 12:22:53,086 [trainer.py] => ================================================================================
2026-08-31 12:22:53,122 [base.py] => Task 2 learning on class 20-30
2026-08-31 12:22:53,134 [toolkit.py] => Total params:     106,359,244
2026-08-31 12:22:53,134 [toolkit.py] => Trainable params: 376,351
2026-08-31 12:22:53,134 [toolkit.py] => Trainable ratio:  0.3538%
2026-08-31 12:36:52,799 [sdlora.py] => Task 2, Epoch 20/20 => Loss 0.107, Train_accy 96.54
2026-08-31 12:36:52,800 [trainer.py] => Training time: 0h 13m 59s
2026-08-31 12:37:04,060 [trainer.py] => Evaluation time: 0h 0m 11s
2026-08-31 12:37:04,060 [trainer.py] => Accuracy: {'total': 93.87, '00-09': 90.5, '10-19': 94.2, '20-29': 96.9, 'old': 92.35, 'new': 96.9}
2026-08-31 12:37:04,060 [trainer.py] => (curve) top1 Acc: [99.3, 97.1, 93.87]
2026-08-31 12:37:04,060 [trainer.py] => Avergae Acc: 96.76
2026-08-31 12:37:04,060 [trainer.py] => (curve) top1 Acc with task: [99.3, 99.4, 98.7]
2026-08-31 12:37:04,060 [trainer.py] => Avergae Acc: 99.13
2026-08-31 12:37:04,060 [trainer.py] => (curve) top1 Acc task: [100.0, 97.5, 94.57]
2026-08-31 12:37:04,060 [trainer.py] => Avergae Acc: 97.36
2026-08-31 12:37:04,060 [trainer.py] => ================================================================================
2026-08-31 12:37:04,060 [trainer.py] => ================================================================================
2026-08-31 12:37:04,075 [base.py] => Task 3 learning on class 30-40
2026-08-31 12:37:04,087 [toolkit.py] => Total params:     106,359,244
2026-08-31 12:37:04,087 [toolkit.py] => Trainable params: 376,351
2026-08-31 12:37:04,088 [toolkit.py] => Trainable ratio:  0.3538%
2026-08-31 12:51:58,740 [sdlora.py] => Task 3, Epoch 20/20 => Loss 0.107, Train_accy 96.54
2026-08-31 12:51:58,741 [trainer.py] => Training time: 0h 14m 54s
2026-08-31 12:52:14,452 [trainer.py] => Evaluation time: 0h 0m 15s
2026-08-31 12:52:14,452 [trainer.py] => Accuracy: {'total': 92.82, '00-09': 88.8, '10-19': 90.2, '20-29': 95.6, '30-39': 96.7, 'old': 91.53, 'new': 96.7}
2026-08-31 12:52:14,452 [trainer.py] => (curve) top1 Acc: [99.3, 97.1, 93.87, 92.82]
2026-08-31 12:52:14,453 [trainer.py] => Avergae Acc: 95.77
2026-08-31 12:52:14,453 [trainer.py] => (curve) top1 Acc with task: [99.3, 99.4, 98.7, 98.6]
2026-08-31 12:52:14,453 [trainer.py] => Avergae Acc: 99.00
2026-08-31 12:52:14,453 [trainer.py] => (curve) top1 Acc task: [100.0, 97.5, 94.57, 93.4]
2026-08-31 12:52:14,453 [trainer.py] => Avergae Acc: 96.37
2026-08-31 12:52:14,453 [trainer.py] => ================================================================================
2026-08-31 12:52:14,453 [trainer.py] => ================================================================================
2026-08-31 12:52:14,466 [base.py] => Task 4 learning on class 40-50
2026-08-31 12:52:14,478 [toolkit.py] => Total params:     106,359,244
2026-08-31 12:52:14,478 [toolkit.py] => Trainable params: 376,351
2026-08-31 12:52:14,478 [toolkit.py] => Trainable ratio:  0.3538%
2026-08-31 13:08:04,788 [sdlora.py] => Task 4, Epoch 20/20 => Loss 0.099, Train_accy 96.64
2026-08-31 13:08:04,789 [trainer.py] => Training time: 0h 15m 50s
2026-08-31 13:08:25,337 [trainer.py] => Evaluation time: 0h 0m 20s
2026-08-31 13:08:25,337 [trainer.py] => Accuracy: {'total': 91.88, '00-09': 86.7, '10-19': 88.2, '20-29': 94.2, '30-39': 94.2, '40-49': 96.1, 'old': 90.82, 'new': 96.1}
2026-08-31 13:08:25,337 [trainer.py] => (curve) top1 Acc: [99.3, 97.1, 93.87, 92.82, 91.88]
2026-08-31 13:08:25,337 [trainer.py] => Avergae Acc: 94.99
2026-08-31 13:08:25,337 [trainer.py] => (curve) top1 Acc with task: [99.3, 99.4, 98.7, 98.6, 98.64]
2026-08-31 13:08:25,337 [trainer.py] => Avergae Acc: 98.93
2026-08-31 13:08:25,337 [trainer.py] => (curve) top1 Acc task: [100.0, 97.5, 94.57, 93.4, 92.46]
2026-08-31 13:08:25,338 [trainer.py] => Avergae Acc: 95.59
2026-08-31 13:08:25,338 [trainer.py] => ================================================================================
2026-08-31 13:08:25,338 [trainer.py] => ================================================================================
2026-08-31 13:08:25,372 [base.py] => Task 5 learning on class 50-60
2026-08-31 13:08:25,385 [toolkit.py] => Total params:     106,359,244
2026-08-31 13:08:25,385 [toolkit.py] => Trainable params: 376,351
2026-08-31 13:08:25,385 [toolkit.py] => Trainable ratio:  0.3538%
2026-08-31 13:25:11,519 [sdlora.py] => Task 5, Epoch 20/20 => Loss 0.111, Train_accy 96.14
2026-08-31 13:25:11,520 [trainer.py] => Training time: 0h 16m 46s
2026-08-31 13:25:37,634 [trainer.py] => Evaluation time: 0h 0m 26s
2026-08-31 13:25:37,635 [trainer.py] => Accuracy: {'total': 90.1, '00-09': 84.6, '10-19': 87.9, '20-29': 93.8, '30-39': 92.9, '40-49': 95.5, '50-59': 85.9, 'old': 90.94, 'new': 85.9}
2026-08-31 13:25:37,635 [trainer.py] => (curve) top1 Acc: [99.3, 97.1, 93.87, 92.82, 91.88, 90.1]
2026-08-31 13:25:37,635 [trainer.py] => Avergae Acc: 94.18
2026-08-31 13:25:37,635 [trainer.py] => (curve) top1 Acc with task: [99.3, 99.4, 98.7, 98.6, 98.64, 98.72]
2026-08-31 13:25:37,635 [trainer.py] => Avergae Acc: 98.89
2026-08-31 13:25:37,635 [trainer.py] => (curve) top1 Acc task: [100.0, 97.5, 94.57, 93.4, 92.46, 90.53]
2026-08-31 13:25:37,635 [trainer.py] => Avergae Acc: 94.74
2026-08-31 13:25:37,635 [trainer.py] => ================================================================================
2026-08-31 13:25:37,635 [trainer.py] => ================================================================================
2026-08-31 13:25:37,653 [base.py] => Task 6 learning on class 60-70
2026-08-31 13:25:37,667 [toolkit.py] => Total params:     106,359,244
2026-08-31 13:25:37,667 [toolkit.py] => Trainable params: 376,351
2026-08-31 13:25:37,667 [toolkit.py] => Trainable ratio:  0.3538%
2026-08-31 13:43:19,726 [sdlora.py] => Task 6, Epoch 20/20 => Loss 0.141, Train_accy 95.70
2026-08-31 13:43:19,727 [trainer.py] => Training time: 0h 17m 42s
2026-08-31 13:43:51,583 [trainer.py] => Evaluation time: 0h 0m 31s
2026-08-31 13:43:51,583 [trainer.py] => Accuracy: {'total': 89.83, '00-09': 83.2, '10-19': 86.8, '20-29': 93.6, '30-39': 92.5, '40-49': 95.0, '50-59': 84.0, '60-69': 93.7, 'old': 89.18, 'new': 93.7}
2026-08-31 13:43:51,583 [trainer.py] => (curve) top1 Acc: [99.3, 97.1, 93.87, 92.82, 91.88, 90.1, 89.83]
2026-08-31 13:43:51,583 [trainer.py] => Avergae Acc: 93.56
2026-08-31 13:43:51,583 [trainer.py] => (curve) top1 Acc with task: [99.3, 99.4, 98.7, 98.6, 98.64, 98.72, 98.57]
2026-08-31 13:43:51,583 [trainer.py] => Avergae Acc: 98.85
2026-08-31 13:43:51,583 [trainer.py] => (curve) top1 Acc task: [100.0, 97.5, 94.57, 93.4, 92.46, 90.53, 90.29]
2026-08-31 13:43:51,584 [trainer.py] => Avergae Acc: 94.11
2026-08-31 13:43:51,584 [trainer.py] => ================================================================================
2026-08-31 13:43:51,584 [trainer.py] => ================================================================================
2026-08-31 13:43:51,597 [base.py] => Task 7 learning on class 70-80
2026-08-31 13:43:51,610 [toolkit.py] => Total params:     106,359,244
2026-08-31 13:43:51,610 [toolkit.py] => Trainable params: 376,351
2026-08-31 13:43:51,610 [toolkit.py] => Trainable ratio:  0.3538%
2026-08-31 14:02:31,432 [sdlora.py] => Task 7, Epoch 20/20 => Loss 0.125, Train_accy 96.26
2026-08-31 14:02:31,434 [trainer.py] => Training time: 0h 18m 39s
2026-08-31 14:03:10,012 [trainer.py] => Evaluation time: 0h 0m 38s
2026-08-31 14:03:10,013 [trainer.py] => Accuracy: {'total': 89.01, '00-09': 81.5, '10-19': 85.8, '20-29': 91.7, '30-39': 92.3, '40-49': 94.2, '50-59': 83.2, '60-69': 90.6, '70-79': 92.8, 'old': 88.47, 'new': 92.8}
2026-08-31 14:03:10,013 [trainer.py] => (curve) top1 Acc: [99.3, 97.1, 93.87, 92.82, 91.88, 90.1, 89.83, 89.01]
2026-08-31 14:03:10,013 [trainer.py] => Avergae Acc: 92.99
2026-08-31 14:03:10,013 [trainer.py] => (curve) top1 Acc with task: [99.3, 99.4, 98.7, 98.6, 98.64, 98.72, 98.57, 98.61]
2026-08-31 14:03:10,013 [trainer.py] => Avergae Acc: 98.82
2026-08-31 14:03:10,013 [trainer.py] => (curve) top1 Acc task: [100.0, 97.5, 94.57, 93.4, 92.46, 90.53, 90.29, 89.41]
2026-08-31 14:03:10,013 [trainer.py] => Avergae Acc: 93.52
2026-08-31 14:03:10,013 [trainer.py] => ================================================================================
2026-08-31 14:03:10,013 [trainer.py] => ================================================================================
2026-08-31 14:03:10,035 [base.py] => Task 8 learning on class 80-90
2026-08-31 14:03:10,049 [toolkit.py] => Total params:     106,359,244
2026-08-31 14:03:10,049 [toolkit.py] => Trainable params: 376,351
2026-08-31 14:03:10,050 [toolkit.py] => Trainable ratio:  0.3538%
2026-08-31 14:22:47,825 [sdlora.py] => Task 8, Epoch 20/20 => Loss 0.094, Train_accy 97.50
2026-08-31 14:22:47,827 [trainer.py] => Training time: 0h 19m 37s
2026-08-31 14:23:33,255 [trainer.py] => Evaluation time: 0h 0m 45s
2026-08-31 14:23:33,255 [trainer.py] => Accuracy: {'total': 89.54, '00-09': 81.8, '10-19': 85.1, '20-29': 91.5, '30-39': 91.7, '40-49': 95.1, '50-59': 84.5, '60-69': 90.1, '70-79': 90.3, '80-89': 95.8, 'old': 88.76, 'new': 95.8}
2026-08-31 14:23:33,255 [trainer.py] => (curve) top1 Acc: [99.3, 97.1, 93.87, 92.82, 91.88, 90.1, 89.83, 89.01, 89.54]
2026-08-31 14:23:33,255 [trainer.py] => Avergae Acc: 92.61
2026-08-31 14:23:33,256 [trainer.py] => (curve) top1 Acc with task: [99.3, 99.4, 98.7, 98.6, 98.64, 98.72, 98.57, 98.61, 98.7]
2026-08-31 14:23:33,256 [trainer.py] => Avergae Acc: 98.80
2026-08-31 14:23:33,256 [trainer.py] => (curve) top1 Acc task: [100.0, 97.5, 94.57, 93.4, 92.46, 90.53, 90.29, 89.41, 89.78]
2026-08-31 14:23:33,256 [trainer.py] => Avergae Acc: 93.10
2026-08-31 14:23:33,256 [trainer.py] => ================================================================================
2026-08-31 14:23:33,256 [trainer.py] => ================================================================================
2026-08-31 14:23:33,272 [base.py] => Task 9 learning on class 90-100
2026-08-31 14:23:33,286 [toolkit.py] => Total params:     106,359,244
2026-08-31 14:23:33,286 [toolkit.py] => Trainable params: 376,351
2026-08-31 14:23:33,286 [toolkit.py] => Trainable ratio:  0.3538%
2026-08-31 14:44:07,221 [sdlora.py] => Task 9, Epoch 20/20 => Loss 0.082, Train_accy 97.36
2026-08-31 14:44:07,223 [trainer.py] => Training time: 0h 20m 33s
2026-08-31 14:45:00,315 [trainer.py] => Evaluation time: 0h 0m 53s
2026-08-31 14:45:00,316 [trainer.py] => Accuracy: {'total': 87.97, '00-09': 80.1, '10-19': 82.6, '20-29': 90.8, '30-39': 89.5, '40-49': 92.7, '50-59': 81.7, '60-69': 88.8, '70-79': 88.8, '80-89': 93.2, '90-99': 91.5, 'old': 87.58, 'new': 91.5}
2026-08-31 14:45:00,316 [trainer.py] => (curve) top1 Acc: [99.3, 97.1, 93.87, 92.82, 91.88, 90.1, 89.83, 89.01, 89.54, 87.97]
2026-08-31 14:45:00,316 [trainer.py] => Avergae Acc: 92.14
2026-08-31 14:45:00,316 [trainer.py] => (curve) top1 Acc with task: [99.3, 99.4, 98.7, 98.6, 98.64, 98.72, 98.57, 98.61, 98.7, 98.78]
2026-08-31 14:45:00,316 [trainer.py] => Avergae Acc: 98.80
2026-08-31 14:45:00,316 [trainer.py] => (curve) top1 Acc task: [100.0, 97.5, 94.57, 93.4, 92.46, 90.53, 90.29, 89.41, 89.78, 88.25]
2026-08-31 14:45:00,316 [trainer.py] => Avergae Acc: 92.62
2026-08-31 14:45:00,316 [trainer.py] => ================================================================================
