2026-05-18 12:28:04,261 [toolkit.py] => config: configs/splitlora_improvedv5/cifar100_seed=1993.json
2026-05-18 12:28:04,261 [toolkit.py] => device: [device(type='cuda', index=0)]
2026-05-18 12:28:04,261 [toolkit.py] => debug: False
2026-05-18 12:28:04,261 [toolkit.py] => save_ckp: False
2026-05-18 12:28:04,261 [toolkit.py] => moe_list: None
2026-05-18 12:28:04,261 [toolkit.py] => seed: 1993
2026-05-18 12:28:04,261 [toolkit.py] => dataset: cifar100
2026-05-18 12:28:04,261 [toolkit.py] => data_path: data/cifar100
2026-05-18 12:28:04,261 [toolkit.py] => load: vit_base_patch16_224_in21k
2026-05-18 12:28:04,261 [toolkit.py] => init_cls: 10
2026-05-18 12:28:04,261 [toolkit.py] => increment: 10
2026-05-18 12:28:04,262 [toolkit.py] => sessions: 10
2026-05-18 12:28:04,262 [toolkit.py] => shuffle: False
2026-05-18 12:28:04,262 [toolkit.py] => method: splitlorav5
2026-05-18 12:28:04,262 [toolkit.py] => optimizer: adamw
2026-05-18 12:28:04,262 [toolkit.py] => scheduler: steplr
2026-05-18 12:28:04,262 [toolkit.py] => epochs: 1
2026-05-18 12:28:04,262 [toolkit.py] => lrate: 0.001
2026-05-18 12:28:04,262 [toolkit.py] => lrate_head: 0.01
2026-05-18 12:28:04,262 [toolkit.py] => weight_decay: 5e-05
2026-05-18 12:28:04,262 [toolkit.py] => batch_size: 256
2026-05-18 12:28:04,262 [toolkit.py] => rank: 10
2026-05-18 12:28:04,262 [toolkit.py] => num_workers: 16
2026-05-18 12:28:04,262 [toolkit.py] => lamb: 0.95
2026-05-18 12:28:04,262 [toolkit.py] => lame: 1.0
2026-05-18 12:28:04,262 [toolkit.py] => in_dim: 768
2026-05-18 12:28:04,262 [toolkit.py] => alpha: 20
2026-05-18 12:28:04,262 [toolkit.py] => logdir: logs/splitlorav5/cifar100/t10
2026-05-18 12:28:04,262 [toolkit.py] => logfilename: logs/splitlorav5/cifar100/t10/seed1993
2026-05-18 12:28:36,130 [toolkit.py] => config: configs/splitlora_improvedv5/cifar100_seed=1993.json
2026-05-18 12:28:36,130 [toolkit.py] => device: [device(type='cuda', index=5)]
2026-05-18 12:28:36,130 [toolkit.py] => debug: False
2026-05-18 12:28:36,130 [toolkit.py] => save_ckp: False
2026-05-18 12:28:36,130 [toolkit.py] => moe_list: None
2026-05-18 12:28:36,130 [toolkit.py] => seed: 1993
2026-05-18 12:28:36,130 [toolkit.py] => dataset: cifar100
2026-05-18 12:28:36,130 [toolkit.py] => data_path: data/cifar100
2026-05-18 12:28:36,130 [toolkit.py] => load: vit_base_patch16_224_in21k
2026-05-18 12:28:36,130 [toolkit.py] => init_cls: 10
2026-05-18 12:28:36,130 [toolkit.py] => increment: 10
2026-05-18 12:28:36,130 [toolkit.py] => sessions: 10
2026-05-18 12:28:36,130 [toolkit.py] => shuffle: False
2026-05-18 12:28:36,130 [toolkit.py] => method: splitlorav5
2026-05-18 12:28:36,130 [toolkit.py] => optimizer: adamw
2026-05-18 12:28:36,131 [toolkit.py] => scheduler: steplr
2026-05-18 12:28:36,131 [toolkit.py] => epochs: 1
2026-05-18 12:28:36,131 [toolkit.py] => lrate: 0.001
2026-05-18 12:28:36,131 [toolkit.py] => lrate_head: 0.01
2026-05-18 12:28:36,131 [toolkit.py] => weight_decay: 5e-05
2026-05-18 12:28:36,131 [toolkit.py] => batch_size: 256
2026-05-18 12:28:36,131 [toolkit.py] => rank: 10
2026-05-18 12:28:36,131 [toolkit.py] => num_workers: 16
2026-05-18 12:28:36,131 [toolkit.py] => lamb: 0.95
2026-05-18 12:28:36,131 [toolkit.py] => lame: 1.0
2026-05-18 12:28:36,131 [toolkit.py] => in_dim: 768
2026-05-18 12:28:36,131 [toolkit.py] => alpha: 20
2026-05-18 12:28:36,131 [toolkit.py] => logdir: logs/splitlorav5/cifar100/t10
2026-05-18 12:28:36,131 [toolkit.py] => logfilename: logs/splitlorav5/cifar100/t10/seed1993
2026-05-18 12:28:37,670 [data_manager.py] => Class index order: 0, 1, 2, 3, 4, ..., 95, 96, 97, 98, 99
2026-05-18 12:29:10,614 [toolkit.py] => config: configs/splitlora_improvedv5/cifar100_seed=1993.json
2026-05-18 12:29:10,615 [toolkit.py] => device: [device(type='cuda', index=1)]
2026-05-18 12:29:10,615 [toolkit.py] => debug: False
2026-05-18 12:29:10,615 [toolkit.py] => save_ckp: False
2026-05-18 12:29:10,615 [toolkit.py] => moe_list: None
2026-05-18 12:29:10,615 [toolkit.py] => seed: 1993
2026-05-18 12:29:10,615 [toolkit.py] => dataset: cifar100
2026-05-18 12:29:10,615 [toolkit.py] => data_path: data/cifar100
2026-05-18 12:29:10,615 [toolkit.py] => load: vit_base_patch16_224_in21k
2026-05-18 12:29:10,615 [toolkit.py] => init_cls: 10
2026-05-18 12:29:10,615 [toolkit.py] => increment: 10
2026-05-18 12:29:10,615 [toolkit.py] => sessions: 10
2026-05-18 12:29:10,615 [toolkit.py] => shuffle: False
2026-05-18 12:29:10,615 [toolkit.py] => method: splitlorav5
2026-05-18 12:29:10,615 [toolkit.py] => optimizer: adamw
2026-05-18 12:29:10,615 [toolkit.py] => scheduler: steplr
2026-05-18 12:29:10,615 [toolkit.py] => epochs: 1
2026-05-18 12:29:10,615 [toolkit.py] => lrate: 0.001
2026-05-18 12:29:10,615 [toolkit.py] => lrate_head: 0.01
2026-05-18 12:29:10,615 [toolkit.py] => weight_decay: 5e-05
2026-05-18 12:29:10,615 [toolkit.py] => batch_size: 256
2026-05-18 12:29:10,615 [toolkit.py] => rank: 10
2026-05-18 12:29:10,615 [toolkit.py] => num_workers: 16
2026-05-18 12:29:10,615 [toolkit.py] => lamb: 0.95
2026-05-18 12:29:10,615 [toolkit.py] => lame: 1.0
2026-05-18 12:29:10,615 [toolkit.py] => in_dim: 768
2026-05-18 12:29:10,615 [toolkit.py] => alpha: 20
2026-05-18 12:29:10,615 [toolkit.py] => logdir: logs/splitlorav5/cifar100/t10
2026-05-18 12:29:10,615 [toolkit.py] => logfilename: logs/splitlorav5/cifar100/t10/seed1993
2026-05-18 12:29:12,165 [data_manager.py] => Class index order: 0, 1, 2, 3, 4, ..., 95, 96, 97, 98, 99
2026-05-18 12:29:14,720 [trainer.py] => ================================================================================
2026-05-18 12:29:14,735 [base.py] => Task 0 learning on class 0-10
2026-05-18 12:29:15,153 [toolkit.py] => Total params:     106,359,223
2026-05-18 12:29:15,153 [toolkit.py] => Trainable params: 376,330
2026-05-18 12:29:15,153 [toolkit.py] => Trainable ratio:  0.3538%
2026-05-18 12:29:49,320 [splitlorav5.py] => Task 0, Epoch 1/1 => Loss 0.945, Train_accy 70.40
2026-05-18 12:30:08,661 [trainer.py] => Training time: 0h 0m 53s
2026-05-18 12:30:12,634 [trainer.py] => Evaluation time: 0h 0m 3s
2026-05-18 12:30:12,635 [trainer.py] => Accuracy: {'total': 98.6, '00-09': 98.6, 'old': 0, 'new': 98.6}
2026-05-18 12:30:12,635 [trainer.py] => (curve) top1 Acc: [98.6]
2026-05-18 12:30:12,635 [trainer.py] => Avergae Acc: 98.60
2026-05-18 12:30:12,635 [trainer.py] => (curve) top1 Acc with task: [98.6]
2026-05-18 12:30:12,635 [trainer.py] => Avergae Acc: 98.60
2026-05-18 12:30:12,635 [trainer.py] => (curve) top1 Acc task: [100.0]
2026-05-18 12:30:12,635 [trainer.py] => Avergae Acc: 100.00
2026-05-18 12:30:12,635 [trainer.py] => ================================================================================
2026-05-18 12:30:12,635 [trainer.py] => ================================================================================
2026-05-18 12:30:12,648 [base.py] => Task 1 learning on class 10-20
2026-05-18 12:30:12,660 [toolkit.py] => Total params:     106,359,223
2026-05-18 12:30:12,660 [toolkit.py] => Trainable params: 376,330
2026-05-18 12:30:12,660 [toolkit.py] => Trainable ratio:  0.3538%
2026-05-18 12:32:45,788 [toolkit.py] => config: configs/splitlora_improvedv5/cifar100_seed=1993.json
2026-05-18 12:32:45,788 [toolkit.py] => device: [device(type='cuda', index=1)]
2026-05-18 12:32:45,788 [toolkit.py] => debug: False
2026-05-18 12:32:45,788 [toolkit.py] => save_ckp: False
2026-05-18 12:32:45,788 [toolkit.py] => moe_list: None
2026-05-18 12:32:45,788 [toolkit.py] => seed: 1993
2026-05-18 12:32:45,788 [toolkit.py] => dataset: cifar100
2026-05-18 12:32:45,788 [toolkit.py] => data_path: data/cifar100
2026-05-18 12:32:45,788 [toolkit.py] => load: vit_base_patch16_224_in21k
2026-05-18 12:32:45,788 [toolkit.py] => init_cls: 10
2026-05-18 12:32:45,788 [toolkit.py] => increment: 10
2026-05-18 12:32:45,788 [toolkit.py] => sessions: 10
2026-05-18 12:32:45,788 [toolkit.py] => shuffle: False
2026-05-18 12:32:45,789 [toolkit.py] => method: splitlorav5
2026-05-18 12:32:45,789 [toolkit.py] => optimizer: adamw
2026-05-18 12:32:45,789 [toolkit.py] => scheduler: steplr
2026-05-18 12:32:45,789 [toolkit.py] => epochs: 1
2026-05-18 12:32:45,789 [toolkit.py] => lrate: 0.001
2026-05-18 12:32:45,789 [toolkit.py] => lrate_head: 0.01
2026-05-18 12:32:45,789 [toolkit.py] => weight_decay: 5e-05
2026-05-18 12:32:45,789 [toolkit.py] => batch_size: 256
2026-05-18 12:32:45,789 [toolkit.py] => rank: 10
2026-05-18 12:32:45,789 [toolkit.py] => num_workers: 16
2026-05-18 12:32:45,789 [toolkit.py] => lamb: 0.95
2026-05-18 12:32:45,789 [toolkit.py] => lame: 1.0
2026-05-18 12:32:45,789 [toolkit.py] => in_dim: 768
2026-05-18 12:32:45,789 [toolkit.py] => alpha: 20
2026-05-18 12:32:45,789 [toolkit.py] => logdir: logs/splitlorav5/cifar100/t10
2026-05-18 12:32:45,789 [toolkit.py] => logfilename: logs/splitlorav5/cifar100/t10/seed1993
2026-05-18 12:32:47,360 [data_manager.py] => Class index order: 0, 1, 2, 3, 4, ..., 95, 96, 97, 98, 99
2026-05-18 12:32:50,509 [trainer.py] => ================================================================================
2026-05-18 12:32:50,518 [base.py] => Task 0 learning on class 0-10
2026-05-18 12:32:51,004 [toolkit.py] => Total params:     106,359,223
2026-05-18 12:32:51,004 [toolkit.py] => Trainable params: 376,330
2026-05-18 12:32:51,004 [toolkit.py] => Trainable ratio:  0.3538%
2026-05-18 12:33:25,426 [splitlorav5.py] => Task 0, Epoch 1/1 => Loss 0.945, Train_accy 70.40
2026-05-18 12:33:44,540 [trainer.py] => Training time: 0h 0m 54s
2026-05-18 12:33:48,537 [trainer.py] => Evaluation time: 0h 0m 3s
2026-05-18 12:33:48,538 [trainer.py] => Accuracy: {'total': 98.6, '00-09': 98.6, 'old': 0, 'new': 98.6}
2026-05-18 12:33:48,538 [trainer.py] => (curve) top1 Acc: [98.6]
2026-05-18 12:33:48,538 [trainer.py] => Avergae Acc: 98.60
2026-05-18 12:33:48,538 [trainer.py] => (curve) top1 Acc with task: [98.6]
2026-05-18 12:33:48,538 [trainer.py] => Avergae Acc: 98.60
2026-05-18 12:33:48,538 [trainer.py] => (curve) top1 Acc task: [100.0]
2026-05-18 12:33:48,538 [trainer.py] => Avergae Acc: 100.00
2026-05-18 12:33:48,538 [trainer.py] => ================================================================================
2026-05-18 12:33:48,538 [trainer.py] => ================================================================================
2026-05-18 12:33:48,558 [base.py] => Task 1 learning on class 10-20
2026-05-18 12:33:48,568 [toolkit.py] => Total params:     106,359,223
2026-05-18 12:33:48,568 [toolkit.py] => Trainable params: 376,330
2026-05-18 12:33:48,569 [toolkit.py] => Trainable ratio:  0.3538%
2026-05-18 12:34:22,998 [splitlorav5.py] => Task 1, Epoch 1/1 => Loss 0.947, Train_accy 69.66
2026-05-18 12:34:41,551 [trainer.py] => Training time: 0h 0m 53s
2026-05-18 12:34:48,840 [trainer.py] => Evaluation time: 0h 0m 7s
2026-05-18 12:34:48,840 [trainer.py] => Accuracy: {'total': 91.35, '00-09': 97.7, '10-19': 85.0, 'old': 97.7, 'new': 85.0}
2026-05-18 12:34:48,840 [trainer.py] => (curve) top1 Acc: [98.6, 91.35]
2026-05-18 12:34:48,840 [trainer.py] => Avergae Acc: 94.97
2026-05-18 12:34:48,841 [trainer.py] => (curve) top1 Acc with task: [98.6, 97.8]
2026-05-18 12:34:48,841 [trainer.py] => Avergae Acc: 98.20
2026-05-18 12:34:48,841 [trainer.py] => (curve) top1 Acc task: [100.0, 92.7]
2026-05-18 12:34:48,841 [trainer.py] => Avergae Acc: 96.35
2026-05-18 12:34:48,841 [trainer.py] => ================================================================================
2026-05-18 12:34:48,841 [trainer.py] => ================================================================================
2026-05-18 12:34:48,856 [base.py] => Task 2 learning on class 20-30
2026-05-18 12:34:48,867 [toolkit.py] => Total params:     106,359,223
2026-05-18 12:34:48,867 [toolkit.py] => Trainable params: 376,330
2026-05-18 12:34:48,867 [toolkit.py] => Trainable ratio:  0.3538%
2026-05-18 12:38:12,169 [toolkit.py] => config: configs/splitlora_improvedv5/cifar100_seed=1993.json
2026-05-18 12:38:12,170 [toolkit.py] => device: [device(type='cuda', index=0)]
2026-05-18 12:38:12,170 [toolkit.py] => debug: False
2026-05-18 12:38:12,170 [toolkit.py] => save_ckp: False
2026-05-18 12:38:12,170 [toolkit.py] => moe_list: None
2026-05-18 12:38:12,170 [toolkit.py] => seed: 1993
2026-05-18 12:38:12,170 [toolkit.py] => dataset: cifar100
2026-05-18 12:38:12,170 [toolkit.py] => data_path: data/cifar100
2026-05-18 12:38:12,170 [toolkit.py] => load: vit_base_patch16_224_in21k
2026-05-18 12:38:12,170 [toolkit.py] => init_cls: 10
2026-05-18 12:38:12,170 [toolkit.py] => increment: 10
2026-05-18 12:38:12,170 [toolkit.py] => sessions: 10
2026-05-18 12:38:12,170 [toolkit.py] => shuffle: False
2026-05-18 12:38:12,170 [toolkit.py] => method: splitlorav5
2026-05-18 12:38:12,170 [toolkit.py] => optimizer: adamw
2026-05-18 12:38:12,170 [toolkit.py] => scheduler: steplr
2026-05-18 12:38:12,170 [toolkit.py] => epochs: 1
2026-05-18 12:38:12,170 [toolkit.py] => lrate: 0.001
2026-05-18 12:38:12,170 [toolkit.py] => lrate_head: 0.01
2026-05-18 12:38:12,170 [toolkit.py] => weight_decay: 5e-05
2026-05-18 12:38:12,170 [toolkit.py] => batch_size: 256
2026-05-18 12:38:12,170 [toolkit.py] => rank: 10
2026-05-18 12:38:12,170 [toolkit.py] => num_workers: 16
2026-05-18 12:38:12,170 [toolkit.py] => lamb: 0.95
2026-05-18 12:38:12,170 [toolkit.py] => lame: 1.0
2026-05-18 12:38:12,170 [toolkit.py] => in_dim: 768
2026-05-18 12:38:12,170 [toolkit.py] => alpha: 20
2026-05-18 12:38:12,170 [toolkit.py] => logdir: logs/splitlorav5/cifar100/t10
2026-05-18 12:38:12,170 [toolkit.py] => logfilename: logs/splitlorav5/cifar100/t10/seed1993
2026-05-18 12:38:13,741 [data_manager.py] => Class index order: 0, 1, 2, 3, 4, ..., 95, 96, 97, 98, 99
2026-05-18 12:38:16,390 [trainer.py] => ================================================================================
2026-05-18 12:38:16,399 [base.py] => Task 0 learning on class 0-10
2026-05-18 12:38:16,837 [toolkit.py] => Total params:     106,359,223
2026-05-18 12:38:16,837 [toolkit.py] => Trainable params: 376,330
2026-05-18 12:38:16,837 [toolkit.py] => Trainable ratio:  0.3538%
2026-05-18 12:38:51,324 [splitlorav5.py] => Task 0, Epoch 1/1 => Loss 0.945, Train_accy 70.40
2026-05-18 12:39:09,889 [trainer.py] => Training time: 0h 0m 53s
2026-05-18 12:39:14,011 [trainer.py] => Evaluation time: 0h 0m 4s
2026-05-18 12:39:14,012 [trainer.py] => Accuracy: {'total': 98.6, '00-09': 98.6, 'old': 0, 'new': 98.6}
2026-05-18 12:39:14,012 [trainer.py] => (curve) top1 Acc: [98.6]
2026-05-18 12:39:14,012 [trainer.py] => Avergae Acc: 98.60
2026-05-18 12:39:14,012 [trainer.py] => (curve) top1 Acc with task: [98.6]
2026-05-18 12:39:14,012 [trainer.py] => Avergae Acc: 98.60
2026-05-18 12:39:14,012 [trainer.py] => (curve) top1 Acc task: [100.0]
2026-05-18 12:39:14,012 [trainer.py] => Avergae Acc: 100.00
2026-05-18 12:39:14,012 [trainer.py] => ================================================================================
2026-05-18 12:39:14,012 [trainer.py] => ================================================================================
2026-05-18 12:39:14,024 [base.py] => Task 1 learning on class 10-20
2026-05-18 12:39:14,034 [toolkit.py] => Total params:     106,359,223
2026-05-18 12:39:14,035 [toolkit.py] => Trainable params: 376,330
2026-05-18 12:39:14,035 [toolkit.py] => Trainable ratio:  0.3538%
2026-05-18 12:39:48,762 [splitlorav5.py] => Task 1, Epoch 1/1 => Loss 0.899, Train_accy 70.96
2026-05-18 12:40:07,594 [trainer.py] => Training time: 0h 0m 53s
2026-05-18 12:40:15,145 [trainer.py] => Evaluation time: 0h 0m 7s
2026-05-18 12:40:15,145 [trainer.py] => Accuracy: {'total': 94.15, '00-09': 95.8, '10-19': 92.5, 'old': 95.8, 'new': 92.5}
2026-05-18 12:40:15,145 [trainer.py] => (curve) top1 Acc: [98.6, 94.15]
2026-05-18 12:40:15,145 [trainer.py] => Avergae Acc: 96.38
2026-05-18 12:40:15,145 [trainer.py] => (curve) top1 Acc with task: [98.6, 98.2]
2026-05-18 12:40:15,145 [trainer.py] => Avergae Acc: 98.40
2026-05-18 12:40:15,145 [trainer.py] => (curve) top1 Acc task: [100.0, 95.35]
2026-05-18 12:40:15,145 [trainer.py] => Avergae Acc: 97.67
2026-05-18 12:40:15,146 [trainer.py] => ================================================================================
2026-05-18 12:40:15,146 [trainer.py] => ================================================================================
2026-05-18 12:40:15,160 [base.py] => Task 2 learning on class 20-30
2026-05-18 12:40:15,170 [toolkit.py] => Total params:     106,359,223
2026-05-18 12:40:15,170 [toolkit.py] => Trainable params: 376,330
2026-05-18 12:40:15,170 [toolkit.py] => Trainable ratio:  0.3538%
2026-05-18 12:41:17,764 [toolkit.py] => config: configs/splitlora_improvedv5/cifar100_seed=1993.json
2026-05-18 12:41:17,765 [toolkit.py] => device: [device(type='cuda', index=0)]
2026-05-18 12:41:17,765 [toolkit.py] => debug: False
2026-05-18 12:41:17,765 [toolkit.py] => save_ckp: False
2026-05-18 12:41:17,765 [toolkit.py] => moe_list: None
2026-05-18 12:41:17,765 [toolkit.py] => seed: 1993
2026-05-18 12:41:17,765 [toolkit.py] => dataset: cifar100
2026-05-18 12:41:17,765 [toolkit.py] => data_path: data/cifar100
2026-05-18 12:41:17,765 [toolkit.py] => load: vit_base_patch16_224_in21k
2026-05-18 12:41:17,765 [toolkit.py] => init_cls: 10
2026-05-18 12:41:17,765 [toolkit.py] => increment: 10
2026-05-18 12:41:17,765 [toolkit.py] => sessions: 10
2026-05-18 12:41:17,765 [toolkit.py] => shuffle: False
2026-05-18 12:41:17,765 [toolkit.py] => method: splitlorav5
2026-05-18 12:41:17,765 [toolkit.py] => optimizer: adamw
2026-05-18 12:41:17,765 [toolkit.py] => scheduler: steplr
2026-05-18 12:41:17,765 [toolkit.py] => epochs: 1
2026-05-18 12:41:17,765 [toolkit.py] => lrate: 0.001
2026-05-18 12:41:17,765 [toolkit.py] => lrate_head: 0.01
2026-05-18 12:41:17,765 [toolkit.py] => weight_decay: 5e-05
2026-05-18 12:41:17,765 [toolkit.py] => batch_size: 256
2026-05-18 12:41:17,765 [toolkit.py] => rank: 10
2026-05-18 12:41:17,765 [toolkit.py] => num_workers: 16
2026-05-18 12:41:17,765 [toolkit.py] => lamb: 0.95
2026-05-18 12:41:17,765 [toolkit.py] => lame: 1.0
2026-05-18 12:41:17,765 [toolkit.py] => in_dim: 768
2026-05-18 12:41:17,765 [toolkit.py] => alpha: 20
2026-05-18 12:41:17,765 [toolkit.py] => logdir: logs/splitlorav5/cifar100/t10
2026-05-18 12:41:17,765 [toolkit.py] => logfilename: logs/splitlorav5/cifar100/t10/seed1993
2026-05-18 12:41:19,340 [data_manager.py] => Class index order: 0, 1, 2, 3, 4, ..., 95, 96, 97, 98, 99
2026-05-18 12:41:21,710 [trainer.py] => ================================================================================
2026-05-18 12:41:21,720 [base.py] => Task 0 learning on class 0-10
2026-05-18 12:41:22,129 [toolkit.py] => Total params:     106,359,223
2026-05-18 12:41:22,129 [toolkit.py] => Trainable params: 376,330
2026-05-18 12:41:22,129 [toolkit.py] => Trainable ratio:  0.3538%
2026-05-18 12:41:36,758 [toolkit.py] => config: configs/splitlora_improvedv5/cifar100_seed=1993.json
2026-05-18 12:41:36,758 [toolkit.py] => device: [device(type='cuda', index=0)]
2026-05-18 12:41:36,758 [toolkit.py] => debug: False
2026-05-18 12:41:36,758 [toolkit.py] => save_ckp: False
2026-05-18 12:41:36,758 [toolkit.py] => moe_list: None
2026-05-18 12:41:36,758 [toolkit.py] => seed: 1993
2026-05-18 12:41:36,758 [toolkit.py] => dataset: cifar100
2026-05-18 12:41:36,758 [toolkit.py] => data_path: data/cifar100
2026-05-18 12:41:36,758 [toolkit.py] => load: vit_base_patch16_224_in21k
2026-05-18 12:41:36,758 [toolkit.py] => init_cls: 10
2026-05-18 12:41:36,758 [toolkit.py] => increment: 10
2026-05-18 12:41:36,758 [toolkit.py] => sessions: 10
2026-05-18 12:41:36,758 [toolkit.py] => shuffle: False
2026-05-18 12:41:36,758 [toolkit.py] => method: splitlorav5
2026-05-18 12:41:36,758 [toolkit.py] => optimizer: adamw
2026-05-18 12:41:36,758 [toolkit.py] => scheduler: steplr
2026-05-18 12:41:36,758 [toolkit.py] => epochs: 10
2026-05-18 12:41:36,758 [toolkit.py] => lrate: 0.001
2026-05-18 12:41:36,758 [toolkit.py] => lrate_head: 0.01
2026-05-18 12:41:36,758 [toolkit.py] => weight_decay: 5e-05
2026-05-18 12:41:36,758 [toolkit.py] => batch_size: 256
2026-05-18 12:41:36,758 [toolkit.py] => rank: 10
2026-05-18 12:41:36,758 [toolkit.py] => num_workers: 16
2026-05-18 12:41:36,758 [toolkit.py] => lamb: 0.95
2026-05-18 12:41:36,758 [toolkit.py] => lame: 1.0
2026-05-18 12:41:36,758 [toolkit.py] => in_dim: 768
2026-05-18 12:41:36,759 [toolkit.py] => alpha: 20
2026-05-18 12:41:36,759 [toolkit.py] => logdir: logs/splitlorav5/cifar100/t10
2026-05-18 12:41:36,759 [toolkit.py] => logfilename: logs/splitlorav5/cifar100/t10/seed1993
2026-05-18 12:41:38,333 [data_manager.py] => Class index order: 0, 1, 2, 3, 4, ..., 95, 96, 97, 98, 99
2026-05-18 12:41:40,768 [trainer.py] => ================================================================================
2026-05-18 12:41:40,777 [base.py] => Task 0 learning on class 0-10
2026-05-18 12:41:41,188 [toolkit.py] => Total params:     106,359,223
2026-05-18 12:41:41,188 [toolkit.py] => Trainable params: 376,330
2026-05-18 12:41:41,188 [toolkit.py] => Trainable ratio:  0.3538%
2026-05-18 12:47:32,461 [splitlorav5.py] => Task 0, Epoch 10/10 => Loss 0.120, Train_accy 96.24
2026-05-18 12:47:52,511 [trainer.py] => Training time: 0h 6m 11s
2026-05-18 12:47:56,687 [trainer.py] => Evaluation time: 0h 0m 4s
2026-05-18 12:47:56,687 [trainer.py] => Accuracy: {'total': 99.5, '00-09': 99.5, 'old': 0, 'new': 99.5}
2026-05-18 12:47:56,687 [trainer.py] => (curve) top1 Acc: [99.5]
2026-05-18 12:47:56,687 [trainer.py] => Avergae Acc: 99.50
2026-05-18 12:47:56,687 [trainer.py] => (curve) top1 Acc with task: [99.5]
2026-05-18 12:47:56,688 [trainer.py] => Avergae Acc: 99.50
2026-05-18 12:47:56,688 [trainer.py] => (curve) top1 Acc task: [100.0]
2026-05-18 12:47:56,688 [trainer.py] => Avergae Acc: 100.00
2026-05-18 12:47:56,689 [trainer.py] => ================================================================================
2026-05-18 12:47:56,689 [trainer.py] => ================================================================================
2026-05-18 12:47:56,701 [base.py] => Task 1 learning on class 10-20
2026-05-18 12:47:56,711 [toolkit.py] => Total params:     106,359,223
2026-05-18 12:47:56,711 [toolkit.py] => Trainable params: 376,330
2026-05-18 12:47:56,711 [toolkit.py] => Trainable ratio:  0.3538%
2026-05-18 12:53:49,664 [splitlorav5.py] => Task 1, Epoch 10/10 => Loss 0.144, Train_accy 95.10
2026-05-18 12:54:09,250 [trainer.py] => Training time: 0h 6m 12s
2026-05-18 12:54:16,743 [trainer.py] => Evaluation time: 0h 0m 7s
2026-05-18 12:54:16,744 [trainer.py] => Accuracy: {'total': 95.85, '00-09': 93.9, '10-19': 97.8, 'old': 93.9, 'new': 97.8}
2026-05-18 12:54:16,744 [trainer.py] => (curve) top1 Acc: [99.5, 95.85]
2026-05-18 12:54:16,744 [trainer.py] => Avergae Acc: 97.67
2026-05-18 12:54:16,744 [trainer.py] => (curve) top1 Acc with task: [99.5, 99.35]
2026-05-18 12:54:16,744 [trainer.py] => Avergae Acc: 99.42
2026-05-18 12:54:16,744 [trainer.py] => (curve) top1 Acc task: [100.0, 96.25]
2026-05-18 12:54:16,744 [trainer.py] => Avergae Acc: 98.12
2026-05-18 12:54:16,744 [trainer.py] => ================================================================================
2026-05-18 12:54:16,744 [trainer.py] => ================================================================================
2026-05-18 12:54:16,796 [base.py] => Task 2 learning on class 20-30
2026-05-18 12:54:16,806 [toolkit.py] => Total params:     106,359,223
2026-05-18 12:54:16,807 [toolkit.py] => Trainable params: 376,330
2026-05-18 12:54:16,807 [toolkit.py] => Trainable ratio:  0.3538%
2026-05-18 13:00:10,235 [splitlorav5.py] => Task 2, Epoch 10/10 => Loss 0.132, Train_accy 95.82
2026-05-18 13:00:29,280 [trainer.py] => Training time: 0h 6m 12s
2026-05-18 13:00:40,138 [trainer.py] => Evaluation time: 0h 0m 10s
2026-05-18 13:00:40,139 [trainer.py] => Accuracy: {'total': 93.9, '00-09': 90.5, '10-19': 95.3, '20-29': 95.9, 'old': 92.9, 'new': 95.9}
2026-05-18 13:00:40,139 [trainer.py] => (curve) top1 Acc: [99.5, 95.85, 93.9]
2026-05-18 13:00:40,139 [trainer.py] => Avergae Acc: 96.42
2026-05-18 13:00:40,139 [trainer.py] => (curve) top1 Acc with task: [99.5, 99.35, 98.87]
2026-05-18 13:00:40,139 [trainer.py] => Avergae Acc: 99.24
2026-05-18 13:00:40,139 [trainer.py] => (curve) top1 Acc task: [100.0, 96.25, 94.57]
2026-05-18 13:00:40,139 [trainer.py] => Avergae Acc: 96.94
2026-05-18 13:00:40,139 [trainer.py] => ================================================================================
2026-05-18 13:00:40,139 [trainer.py] => ================================================================================
2026-05-18 13:00:40,154 [base.py] => Task 3 learning on class 30-40
2026-05-18 13:00:40,164 [toolkit.py] => Total params:     106,359,223
2026-05-18 13:00:40,164 [toolkit.py] => Trainable params: 376,330
2026-05-18 13:00:40,164 [toolkit.py] => Trainable ratio:  0.3538%
2026-05-18 13:06:33,881 [splitlorav5.py] => Task 3, Epoch 10/10 => Loss 0.124, Train_accy 95.94
2026-05-18 13:06:53,472 [trainer.py] => Training time: 0h 6m 13s
2026-05-18 13:07:07,601 [trainer.py] => Evaluation time: 0h 0m 14s
2026-05-18 13:07:07,601 [trainer.py] => Accuracy: {'total': 91.48, '00-09': 89.7, '10-19': 91.7, '20-29': 95.5, '30-39': 89.0, 'old': 92.3, 'new': 89.0}
2026-05-18 13:07:07,601 [trainer.py] => (curve) top1 Acc: [99.5, 95.85, 93.9, 91.48]
2026-05-18 13:07:07,601 [trainer.py] => Avergae Acc: 95.18
2026-05-18 13:07:07,601 [trainer.py] => (curve) top1 Acc with task: [99.5, 99.35, 98.87, 98.78]
2026-05-18 13:07:07,601 [trainer.py] => Avergae Acc: 99.12
2026-05-18 13:07:07,601 [trainer.py] => (curve) top1 Acc task: [100.0, 96.25, 94.57, 92.03]
2026-05-18 13:07:07,601 [trainer.py] => Avergae Acc: 95.71
2026-05-18 13:07:07,601 [trainer.py] => ================================================================================
2026-05-18 13:07:07,602 [trainer.py] => ================================================================================
2026-05-18 13:07:07,624 [base.py] => Task 4 learning on class 40-50
2026-05-18 13:07:07,638 [toolkit.py] => Total params:     106,359,223
2026-05-18 13:07:07,638 [toolkit.py] => Trainable params: 376,330
2026-05-18 13:07:07,638 [toolkit.py] => Trainable ratio:  0.3538%
2026-05-18 13:13:02,101 [splitlorav5.py] => Task 4, Epoch 10/10 => Loss 0.128, Train_accy 95.96
2026-05-18 13:13:21,314 [trainer.py] => Training time: 0h 6m 13s
2026-05-18 13:13:38,851 [trainer.py] => Evaluation time: 0h 0m 17s
2026-05-18 13:13:38,851 [trainer.py] => Accuracy: {'total': 90.0, '00-09': 85.3, '10-19': 90.9, '20-29': 92.1, '30-39': 86.3, '40-49': 95.4, 'old': 88.65, 'new': 95.4}
2026-05-18 13:13:38,851 [trainer.py] => (curve) top1 Acc: [99.5, 95.85, 93.9, 91.48, 90.0]
2026-05-18 13:13:38,851 [trainer.py] => Avergae Acc: 94.15
2026-05-18 13:13:38,851 [trainer.py] => (curve) top1 Acc with task: [99.5, 99.35, 98.87, 98.78, 98.56]
2026-05-18 13:13:38,852 [trainer.py] => Avergae Acc: 99.01
2026-05-18 13:13:38,852 [trainer.py] => (curve) top1 Acc task: [100.0, 96.25, 94.57, 92.03, 90.6]
2026-05-18 13:13:38,852 [trainer.py] => Avergae Acc: 94.69
2026-05-18 13:13:38,852 [trainer.py] => ================================================================================
2026-05-18 13:13:38,852 [trainer.py] => ================================================================================
2026-05-18 13:13:38,872 [base.py] => Task 5 learning on class 50-60
2026-05-18 13:13:38,883 [toolkit.py] => Total params:     106,359,223
2026-05-18 13:13:38,883 [toolkit.py] => Trainable params: 376,330
2026-05-18 13:13:38,883 [toolkit.py] => Trainable ratio:  0.3538%
2026-05-18 13:19:14,944 [toolkit.py] => config: configs/splitlora_improvedv5/cifar100_seed=1993.json
2026-05-18 13:19:14,944 [toolkit.py] => device: [device(type='cuda', index=1)]
2026-05-18 13:19:14,944 [toolkit.py] => debug: False
2026-05-18 13:19:14,944 [toolkit.py] => save_ckp: False
2026-05-18 13:19:14,944 [toolkit.py] => moe_list: None
2026-05-18 13:19:14,944 [toolkit.py] => seed: 1993
2026-05-18 13:19:14,944 [toolkit.py] => dataset: cifar100
2026-05-18 13:19:14,944 [toolkit.py] => data_path: data/cifar100
2026-05-18 13:19:14,944 [toolkit.py] => load: vit_base_patch16_224_in21k
2026-05-18 13:19:14,944 [toolkit.py] => init_cls: 10
2026-05-18 13:19:14,944 [toolkit.py] => increment: 10
2026-05-18 13:19:14,944 [toolkit.py] => sessions: 10
2026-05-18 13:19:14,944 [toolkit.py] => shuffle: False
2026-05-18 13:19:14,944 [toolkit.py] => method: splitlorav5
2026-05-18 13:19:14,944 [toolkit.py] => optimizer: adamw
2026-05-18 13:19:14,944 [toolkit.py] => scheduler: steplr
2026-05-18 13:19:14,944 [toolkit.py] => epochs: 1
2026-05-18 13:19:14,945 [toolkit.py] => lrate: 0.001
2026-05-18 13:19:14,945 [toolkit.py] => lrate_head: 0.01
2026-05-18 13:19:14,945 [toolkit.py] => weight_decay: 5e-05
2026-05-18 13:19:14,945 [toolkit.py] => batch_size: 256
2026-05-18 13:19:14,945 [toolkit.py] => rank: 10
2026-05-18 13:19:14,945 [toolkit.py] => num_workers: 16
2026-05-18 13:19:14,945 [toolkit.py] => lamb: 0.95
2026-05-18 13:19:14,945 [toolkit.py] => lame: 1.0
2026-05-18 13:19:14,945 [toolkit.py] => in_dim: 768
2026-05-18 13:19:14,945 [toolkit.py] => alpha: 20
2026-05-18 13:19:14,945 [toolkit.py] => logdir: logs/splitlorav5/cifar100/t10
2026-05-18 13:19:14,945 [toolkit.py] => logfilename: logs/splitlorav5/cifar100/t10/seed1993
2026-05-18 13:19:16,646 [data_manager.py] => Class index order: 0, 1, 2, 3, 4, ..., 95, 96, 97, 98, 99
2026-05-18 13:19:19,085 [trainer.py] => ================================================================================
2026-05-18 13:19:19,095 [base.py] => Task 0 learning on class 0-10
2026-05-18 13:19:19,550 [toolkit.py] => Total params:     106,359,223
2026-05-18 13:19:19,550 [toolkit.py] => Trainable params: 376,330
2026-05-18 13:19:19,550 [toolkit.py] => Trainable ratio:  0.3538%
2026-05-18 13:19:33,778 [splitlorav5.py] => Task 5, Epoch 10/10 => Loss 0.134, Train_accy 95.12
2026-05-18 13:19:53,401 [trainer.py] => Training time: 0h 6m 14s
2026-05-18 13:19:54,751 [splitlorav5.py] => Task 0, Epoch 1/1 => Loss 0.945, Train_accy 70.40
2026-05-18 13:20:14,190 [trainer.py] => Evaluation time: 0h 0m 20s
2026-05-18 13:20:14,190 [trainer.py] => Accuracy: {'total': 87.87, '00-09': 82.8, '10-19': 87.3, '20-29': 90.5, '30-39': 86.7, '40-49': 93.8, '50-59': 86.1, 'old': 88.22, 'new': 86.1}
2026-05-18 13:20:14,190 [trainer.py] => (curve) top1 Acc: [99.5, 95.85, 93.9, 91.48, 90.0, 87.87]
2026-05-18 13:20:14,190 [trainer.py] => Avergae Acc: 93.10
2026-05-18 13:20:14,190 [trainer.py] => (curve) top1 Acc with task: [99.5, 99.35, 98.87, 98.78, 98.56, 98.22]
2026-05-18 13:20:14,190 [trainer.py] => Avergae Acc: 98.88
2026-05-18 13:20:14,190 [trainer.py] => (curve) top1 Acc task: [100.0, 96.25, 94.57, 92.03, 90.6, 88.52]
2026-05-18 13:20:14,190 [trainer.py] => Avergae Acc: 93.66
2026-05-18 13:20:14,190 [trainer.py] => ================================================================================
2026-05-18 13:20:14,190 [trainer.py] => ================================================================================
2026-05-18 13:20:14,209 [base.py] => Task 6 learning on class 60-70
2026-05-18 13:20:14,222 [toolkit.py] => Total params:     106,359,223
2026-05-18 13:20:14,223 [toolkit.py] => Trainable params: 376,330
2026-05-18 13:20:14,223 [toolkit.py] => Trainable ratio:  0.3538%
2026-05-18 13:20:25,115 [trainer.py] => Training time: 0h 1m 6s
2026-05-18 13:20:32,554 [trainer.py] => Evaluation time: 0h 0m 7s
2026-05-18 13:20:32,554 [trainer.py] => Accuracy: {'total': 98.6, '00-09': 98.6, 'old': 0, 'new': 98.6}
2026-05-18 13:20:32,554 [trainer.py] => (curve) top1 Acc: [98.6]
2026-05-18 13:20:32,554 [trainer.py] => Avergae Acc: 98.60
2026-05-18 13:20:32,555 [trainer.py] => (curve) top1 Acc with task: [98.6]
2026-05-18 13:20:32,555 [trainer.py] => Avergae Acc: 98.60
2026-05-18 13:20:32,555 [trainer.py] => (curve) top1 Acc task: [100.0]
2026-05-18 13:20:32,555 [trainer.py] => Avergae Acc: 100.00
2026-05-18 13:20:32,555 [trainer.py] => ================================================================================
2026-05-18 13:20:32,555 [trainer.py] => ================================================================================
2026-05-18 13:20:32,606 [base.py] => Task 1 learning on class 10-20
2026-05-18 13:20:32,617 [toolkit.py] => Total params:     106,359,223
2026-05-18 13:20:32,617 [toolkit.py] => Trainable params: 376,330
2026-05-18 13:20:32,617 [toolkit.py] => Trainable ratio:  0.3538%
2026-05-18 13:21:11,114 [splitlorav5.py] => Task 1, Epoch 1/1 => Loss 0.891, Train_accy 71.20
2026-05-18 13:21:29,581 [trainer.py] => Training time: 0h 0m 57s
2026-05-18 13:21:36,865 [trainer.py] => Evaluation time: 0h 0m 7s
2026-05-18 13:21:36,866 [trainer.py] => Accuracy: {'total': 93.75, '00-09': 92.5, '10-19': 95.0, 'old': 92.5, 'new': 95.0}
2026-05-18 13:21:36,866 [trainer.py] => (curve) top1 Acc: [98.6, 93.75]
2026-05-18 13:21:36,866 [trainer.py] => Avergae Acc: 96.17
2026-05-18 13:21:36,866 [trainer.py] => (curve) top1 Acc with task: [98.6, 98.4]
2026-05-18 13:21:36,866 [trainer.py] => Avergae Acc: 98.50
2026-05-18 13:21:36,866 [trainer.py] => (curve) top1 Acc task: [100.0, 94.9]
2026-05-18 13:21:36,866 [trainer.py] => Avergae Acc: 97.45
2026-05-18 13:21:36,866 [trainer.py] => ================================================================================
2026-05-18 13:21:36,866 [trainer.py] => ================================================================================
2026-05-18 13:21:36,881 [base.py] => Task 2 learning on class 20-30
2026-05-18 13:21:36,893 [toolkit.py] => Total params:     106,359,223
2026-05-18 13:21:36,893 [toolkit.py] => Trainable params: 376,330
2026-05-18 13:21:36,893 [toolkit.py] => Trainable ratio:  0.3538%
2026-05-18 13:22:31,036 [toolkit.py] => config: configs/splitlora_improvedv5/cifar100_seed=1993.json
2026-05-18 13:22:31,036 [toolkit.py] => device: [device(type='cuda', index=1)]
2026-05-18 13:22:31,036 [toolkit.py] => debug: False
2026-05-18 13:22:31,036 [toolkit.py] => save_ckp: False
2026-05-18 13:22:31,036 [toolkit.py] => moe_list: None
2026-05-18 13:22:31,036 [toolkit.py] => seed: 1993
2026-05-18 13:22:31,036 [toolkit.py] => dataset: cifar100
2026-05-18 13:22:31,036 [toolkit.py] => data_path: data/cifar100
2026-05-18 13:22:31,036 [toolkit.py] => load: vit_base_patch16_224_in21k
2026-05-18 13:22:31,036 [toolkit.py] => init_cls: 10
2026-05-18 13:22:31,036 [toolkit.py] => increment: 10
2026-05-18 13:22:31,036 [toolkit.py] => sessions: 10
2026-05-18 13:22:31,036 [toolkit.py] => shuffle: False
2026-05-18 13:22:31,036 [toolkit.py] => method: splitlorav5
2026-05-18 13:22:31,036 [toolkit.py] => optimizer: adamw
2026-05-18 13:22:31,036 [toolkit.py] => scheduler: steplr
2026-05-18 13:22:31,036 [toolkit.py] => epochs: 1
2026-05-18 13:22:31,036 [toolkit.py] => lrate: 0.001
2026-05-18 13:22:31,036 [toolkit.py] => lrate_head: 0.01
2026-05-18 13:22:31,036 [toolkit.py] => weight_decay: 5e-05
2026-05-18 13:22:31,036 [toolkit.py] => batch_size: 256
2026-05-18 13:22:31,036 [toolkit.py] => rank: 10
2026-05-18 13:22:31,036 [toolkit.py] => num_workers: 16
2026-05-18 13:22:31,036 [toolkit.py] => lamb: 0.95
2026-05-18 13:22:31,036 [toolkit.py] => lame: 1.0
2026-05-18 13:22:31,036 [toolkit.py] => in_dim: 768
2026-05-18 13:22:31,036 [toolkit.py] => alpha: 20
2026-05-18 13:22:31,036 [toolkit.py] => logdir: logs/splitlorav5/cifar100/t10
2026-05-18 13:22:31,036 [toolkit.py] => logfilename: logs/splitlorav5/cifar100/t10/seed1993
2026-05-18 13:22:32,656 [data_manager.py] => Class index order: 0, 1, 2, 3, 4, ..., 95, 96, 97, 98, 99
2026-05-18 13:22:34,950 [trainer.py] => ================================================================================
2026-05-18 13:22:34,958 [base.py] => Task 0 learning on class 0-10
2026-05-18 13:22:35,364 [toolkit.py] => Total params:     106,359,223
2026-05-18 13:22:35,364 [toolkit.py] => Trainable params: 376,330
2026-05-18 13:22:35,364 [toolkit.py] => Trainable ratio:  0.3538%
2026-05-18 13:23:09,833 [splitlorav5.py] => Task 0, Epoch 1/1 => Loss 0.945, Train_accy 70.40
2026-05-18 13:23:28,021 [trainer.py] => Training time: 0h 0m 53s
2026-05-18 13:23:32,168 [trainer.py] => Evaluation time: 0h 0m 4s
2026-05-18 13:23:32,168 [trainer.py] => Accuracy: {'total': 98.6, '00-09': 98.6, 'old': 0, 'new': 98.6}
2026-05-18 13:23:32,168 [trainer.py] => (curve) top1 Acc: [98.6]
2026-05-18 13:23:32,168 [trainer.py] => Avergae Acc: 98.60
2026-05-18 13:23:32,168 [trainer.py] => (curve) top1 Acc with task: [98.6]
2026-05-18 13:23:32,169 [trainer.py] => Avergae Acc: 98.60
2026-05-18 13:23:32,169 [trainer.py] => (curve) top1 Acc task: [100.0]
2026-05-18 13:23:32,169 [trainer.py] => Avergae Acc: 100.00
2026-05-18 13:23:32,169 [trainer.py] => ================================================================================
2026-05-18 13:23:32,169 [trainer.py] => ================================================================================
2026-05-18 13:23:32,220 [base.py] => Task 1 learning on class 10-20
2026-05-18 13:23:32,231 [toolkit.py] => Total params:     106,359,223
2026-05-18 13:23:32,231 [toolkit.py] => Trainable params: 376,330
2026-05-18 13:23:32,231 [toolkit.py] => Trainable ratio:  0.3538%
2026-05-18 13:24:12,360 [splitlorav5.py] => Task 1, Epoch 1/1 => Loss 0.891, Train_accy 71.20
2026-05-18 13:24:43,095 [trainer.py] => Training time: 0h 1m 10s
2026-05-18 13:24:54,071 [trainer.py] => Evaluation time: 0h 0m 10s
2026-05-18 13:24:54,071 [trainer.py] => Accuracy: {'total': 93.75, '00-09': 92.5, '10-19': 95.0, 'old': 92.5, 'new': 95.0}
2026-05-18 13:24:54,071 [trainer.py] => (curve) top1 Acc: [98.6, 93.75]
2026-05-18 13:24:54,071 [trainer.py] => Avergae Acc: 96.17
2026-05-18 13:24:54,071 [trainer.py] => (curve) top1 Acc with task: [98.6, 98.4]
2026-05-18 13:24:54,071 [trainer.py] => Avergae Acc: 98.50
2026-05-18 13:24:54,071 [trainer.py] => (curve) top1 Acc task: [100.0, 94.9]
2026-05-18 13:24:54,071 [trainer.py] => Avergae Acc: 97.45
2026-05-18 13:24:54,071 [trainer.py] => ================================================================================
2026-05-18 13:24:54,071 [trainer.py] => ================================================================================
2026-05-18 13:24:54,086 [base.py] => Task 2 learning on class 20-30
2026-05-18 13:24:54,096 [toolkit.py] => Total params:     106,359,223
2026-05-18 13:24:54,096 [toolkit.py] => Trainable params: 376,330
2026-05-18 13:24:54,096 [toolkit.py] => Trainable ratio:  0.3538%
2026-05-18 13:25:46,590 [toolkit.py] => config: configs/splitlora_improvedv5/cifar100_seed=1993.json
2026-05-18 13:25:46,590 [toolkit.py] => device: [device(type='cuda', index=1)]
2026-05-18 13:25:46,590 [toolkit.py] => debug: False
2026-05-18 13:25:46,590 [toolkit.py] => save_ckp: False
2026-05-18 13:25:46,590 [toolkit.py] => moe_list: None
2026-05-18 13:25:46,590 [toolkit.py] => seed: 1993
2026-05-18 13:25:46,590 [toolkit.py] => dataset: cifar100
2026-05-18 13:25:46,590 [toolkit.py] => data_path: data/cifar100
2026-05-18 13:25:46,590 [toolkit.py] => load: vit_base_patch16_224_in21k
2026-05-18 13:25:46,590 [toolkit.py] => init_cls: 10
2026-05-18 13:25:46,590 [toolkit.py] => increment: 10
2026-05-18 13:25:46,590 [toolkit.py] => sessions: 10
2026-05-18 13:25:46,590 [toolkit.py] => shuffle: False
2026-05-18 13:25:46,590 [toolkit.py] => method: splitlorav5
2026-05-18 13:25:46,590 [toolkit.py] => optimizer: adamw
2026-05-18 13:25:46,590 [toolkit.py] => scheduler: steplr
2026-05-18 13:25:46,590 [toolkit.py] => epochs: 10
2026-05-18 13:25:46,590 [toolkit.py] => lrate: 0.001
2026-05-18 13:25:46,590 [toolkit.py] => lrate_head: 0.01
2026-05-18 13:25:46,590 [toolkit.py] => weight_decay: 5e-05
2026-05-18 13:25:46,591 [toolkit.py] => batch_size: 256
2026-05-18 13:25:46,591 [toolkit.py] => rank: 10
2026-05-18 13:25:46,591 [toolkit.py] => num_workers: 16
2026-05-18 13:25:46,591 [toolkit.py] => lamb: 0.95
2026-05-18 13:25:46,591 [toolkit.py] => lame: 1.0
2026-05-18 13:25:46,591 [toolkit.py] => in_dim: 768
2026-05-18 13:25:46,591 [toolkit.py] => alpha: 20
2026-05-18 13:25:46,591 [toolkit.py] => logdir: logs/splitlorav5/cifar100/t10
2026-05-18 13:25:46,591 [toolkit.py] => logfilename: logs/splitlorav5/cifar100/t10/seed1993
2026-05-18 13:25:48,151 [data_manager.py] => Class index order: 0, 1, 2, 3, 4, ..., 95, 96, 97, 98, 99
2026-05-18 13:25:50,456 [trainer.py] => ================================================================================
2026-05-18 13:25:50,471 [base.py] => Task 0 learning on class 0-10
2026-05-18 13:25:50,912 [toolkit.py] => Total params:     106,359,223
2026-05-18 13:25:50,912 [toolkit.py] => Trainable params: 376,330
2026-05-18 13:25:50,912 [toolkit.py] => Trainable ratio:  0.3538%
2026-05-18 13:26:09,975 [splitlorav5.py] => Task 6, Epoch 10/10 => Loss 0.130, Train_accy 95.72
2026-05-18 13:26:29,134 [trainer.py] => Training time: 0h 6m 14s
2026-05-18 13:26:53,451 [trainer.py] => Evaluation time: 0h 0m 24s
2026-05-18 13:26:53,451 [trainer.py] => Accuracy: {'total': 87.53, '00-09': 83.3, '10-19': 84.7, '20-29': 88.4, '30-39': 86.4, '40-49': 93.8, '50-59': 85.0, '60-69': 91.1, 'old': 86.93, 'new': 91.1}
2026-05-18 13:26:53,452 [trainer.py] => (curve) top1 Acc: [99.5, 95.85, 93.9, 91.48, 90.0, 87.87, 87.53]
2026-05-18 13:26:53,452 [trainer.py] => Avergae Acc: 92.30
2026-05-18 13:26:53,452 [trainer.py] => (curve) top1 Acc with task: [99.5, 99.35, 98.87, 98.78, 98.56, 98.22, 98.17]
2026-05-18 13:26:53,452 [trainer.py] => Avergae Acc: 98.78
2026-05-18 13:26:53,452 [trainer.py] => (curve) top1 Acc task: [100.0, 96.25, 94.57, 92.03, 90.6, 88.52, 88.1]
2026-05-18 13:26:53,452 [trainer.py] => Avergae Acc: 92.87
2026-05-18 13:26:53,452 [trainer.py] => ================================================================================
2026-05-18 13:26:53,452 [trainer.py] => ================================================================================
2026-05-18 13:26:53,472 [base.py] => Task 7 learning on class 70-80
2026-05-18 13:26:53,483 [toolkit.py] => Total params:     106,359,223
2026-05-18 13:26:53,483 [toolkit.py] => Trainable params: 376,330
2026-05-18 13:26:53,483 [toolkit.py] => Trainable ratio:  0.3538%
2026-05-18 13:31:58,394 [splitlorav5.py] => Task 0, Epoch 10/10 => Loss 0.120, Train_accy 96.24
2026-05-18 13:32:21,323 [trainer.py] => Training time: 0h 6m 30s
2026-05-18 13:32:29,000 [trainer.py] => Evaluation time: 0h 0m 7s
2026-05-18 13:32:29,000 [trainer.py] => Accuracy: {'total': 99.5, '00-09': 99.5, 'old': 0, 'new': 99.5}
2026-05-18 13:32:29,000 [trainer.py] => (curve) top1 Acc: [99.5]
2026-05-18 13:32:29,000 [trainer.py] => Avergae Acc: 99.50
2026-05-18 13:32:29,000 [trainer.py] => (curve) top1 Acc with task: [99.5]
2026-05-18 13:32:29,000 [trainer.py] => Avergae Acc: 99.50
2026-05-18 13:32:29,000 [trainer.py] => (curve) top1 Acc task: [100.0]
2026-05-18 13:32:29,000 [trainer.py] => Avergae Acc: 100.00
2026-05-18 13:32:29,000 [trainer.py] => ================================================================================
2026-05-18 13:32:29,000 [trainer.py] => ================================================================================
2026-05-18 13:32:29,012 [base.py] => Task 1 learning on class 10-20
2026-05-18 13:32:29,022 [toolkit.py] => Total params:     106,359,223
2026-05-18 13:32:29,022 [toolkit.py] => Trainable params: 376,330
2026-05-18 13:32:29,022 [toolkit.py] => Trainable ratio:  0.3538%
2026-05-18 13:32:48,374 [splitlorav5.py] => Task 7, Epoch 10/10 => Loss 0.129, Train_accy 95.64
2026-05-18 13:33:07,191 [trainer.py] => Training time: 0h 6m 13s
2026-05-18 13:33:34,504 [trainer.py] => Evaluation time: 0h 0m 27s
2026-05-18 13:33:34,504 [trainer.py] => Accuracy: {'total': 86.45, '00-09': 81.2, '10-19': 82.0, '20-29': 86.0, '30-39': 86.5, '40-49': 91.8, '50-59': 84.0, '60-69': 90.1, '70-79': 90.0, 'old': 85.94, 'new': 90.0}
2026-05-18 13:33:34,504 [trainer.py] => (curve) top1 Acc: [99.5, 95.85, 93.9, 91.48, 90.0, 87.87, 87.53, 86.45]
2026-05-18 13:33:34,504 [trainer.py] => Avergae Acc: 91.57
2026-05-18 13:33:34,504 [trainer.py] => (curve) top1 Acc with task: [99.5, 99.35, 98.87, 98.78, 98.56, 98.22, 98.17, 97.94]
2026-05-18 13:33:34,504 [trainer.py] => Avergae Acc: 98.67
2026-05-18 13:33:34,504 [trainer.py] => (curve) top1 Acc task: [100.0, 96.25, 94.57, 92.03, 90.6, 88.52, 88.1, 87.05]
2026-05-18 13:33:34,505 [trainer.py] => Avergae Acc: 92.14
2026-05-18 13:33:34,505 [trainer.py] => ================================================================================
2026-05-18 13:33:34,505 [trainer.py] => ================================================================================
2026-05-18 13:33:34,536 [base.py] => Task 8 learning on class 80-90
2026-05-18 13:33:34,548 [toolkit.py] => Total params:     106,359,223
2026-05-18 13:33:34,548 [toolkit.py] => Trainable params: 376,330
2026-05-18 13:33:34,548 [toolkit.py] => Trainable ratio:  0.3538%
2026-05-18 13:38:23,115 [splitlorav5.py] => Task 1, Epoch 10/10 => Loss 0.154, Train_accy 95.00
2026-05-18 13:38:41,635 [trainer.py] => Training time: 0h 6m 12s
2026-05-18 13:38:49,186 [trainer.py] => Evaluation time: 0h 0m 7s
2026-05-18 13:38:49,186 [trainer.py] => Accuracy: {'total': 96.5, '00-09': 98.5, '10-19': 94.5, 'old': 98.5, 'new': 94.5}
2026-05-18 13:38:49,186 [trainer.py] => (curve) top1 Acc: [99.5, 96.5]
2026-05-18 13:38:49,186 [trainer.py] => Avergae Acc: 98.00
2026-05-18 13:38:49,186 [trainer.py] => (curve) top1 Acc with task: [99.5, 99.4]
2026-05-18 13:38:49,186 [trainer.py] => Avergae Acc: 99.45
2026-05-18 13:38:49,186 [trainer.py] => (curve) top1 Acc task: [100.0, 96.9]
2026-05-18 13:38:49,186 [trainer.py] => Avergae Acc: 98.45
2026-05-18 13:38:49,186 [trainer.py] => ================================================================================
2026-05-18 13:38:49,186 [trainer.py] => ================================================================================
2026-05-18 13:38:49,201 [base.py] => Task 2 learning on class 20-30
2026-05-18 13:38:49,211 [toolkit.py] => Total params:     106,359,223
2026-05-18 13:38:49,211 [toolkit.py] => Trainable params: 376,330
2026-05-18 13:38:49,211 [toolkit.py] => Trainable ratio:  0.3538%
2026-05-18 13:39:28,650 [splitlorav5.py] => Task 8, Epoch 10/10 => Loss 0.108, Train_accy 96.50
2026-05-18 13:39:47,485 [trainer.py] => Training time: 0h 6m 12s
2026-05-18 13:40:17,962 [trainer.py] => Evaluation time: 0h 0m 30s
2026-05-18 13:40:17,962 [trainer.py] => Accuracy: {'total': 86.43, '00-09': 80.4, '10-19': 84.4, '20-29': 84.5, '30-39': 84.0, '40-49': 92.0, '50-59': 83.3, '60-69': 88.6, '70-79': 87.1, '80-89': 93.6, 'old': 85.54, 'new': 93.6}
2026-05-18 13:40:17,962 [trainer.py] => (curve) top1 Acc: [99.5, 95.85, 93.9, 91.48, 90.0, 87.87, 87.53, 86.45, 86.43]
2026-05-18 13:40:17,962 [trainer.py] => Avergae Acc: 91.00
2026-05-18 13:40:17,962 [trainer.py] => (curve) top1 Acc with task: [99.5, 99.35, 98.87, 98.78, 98.56, 98.22, 98.17, 97.94, 98.3]
2026-05-18 13:40:17,962 [trainer.py] => Avergae Acc: 98.63
2026-05-18 13:40:17,962 [trainer.py] => (curve) top1 Acc task: [100.0, 96.25, 94.57, 92.03, 90.6, 88.52, 88.1, 87.05, 86.86]
2026-05-18 13:40:17,962 [trainer.py] => Avergae Acc: 91.55
2026-05-18 13:40:17,962 [trainer.py] => ================================================================================
2026-05-18 13:40:17,962 [trainer.py] => ================================================================================
2026-05-18 13:40:17,987 [base.py] => Task 9 learning on class 90-100
2026-05-18 13:40:17,999 [toolkit.py] => Total params:     106,359,223
2026-05-18 13:40:17,999 [toolkit.py] => Trainable params: 376,330
2026-05-18 13:40:17,999 [toolkit.py] => Trainable ratio:  0.3538%
2026-05-18 13:44:36,960 [splitlorav5.py] => Task 2, Epoch 10/10 => Loss 0.152, Train_accy 95.52
2026-05-18 13:44:55,252 [trainer.py] => Training time: 0h 6m 6s
2026-05-18 13:45:05,837 [trainer.py] => Evaluation time: 0h 0m 10s
2026-05-18 13:45:05,837 [trainer.py] => Accuracy: {'total': 94.43, '00-09': 98.4, '10-19': 91.1, '20-29': 93.8, 'old': 94.75, 'new': 93.8}
2026-05-18 13:45:05,837 [trainer.py] => (curve) top1 Acc: [99.5, 96.5, 94.43]
2026-05-18 13:45:05,837 [trainer.py] => Avergae Acc: 96.81
2026-05-18 13:45:05,837 [trainer.py] => (curve) top1 Acc with task: [99.5, 99.4, 98.87]
2026-05-18 13:45:05,837 [trainer.py] => Avergae Acc: 99.26
2026-05-18 13:45:05,837 [trainer.py] => (curve) top1 Acc task: [100.0, 96.9, 95.1]
2026-05-18 13:45:05,837 [trainer.py] => Avergae Acc: 97.33
2026-05-18 13:45:05,837 [trainer.py] => ================================================================================
2026-05-18 13:45:05,837 [trainer.py] => ================================================================================
2026-05-18 13:45:05,853 [base.py] => Task 3 learning on class 30-40
2026-05-18 13:45:05,863 [toolkit.py] => Total params:     106,359,223
2026-05-18 13:45:05,863 [toolkit.py] => Trainable params: 376,330
2026-05-18 13:45:05,863 [toolkit.py] => Trainable ratio:  0.3538%
2026-05-18 13:46:11,664 [splitlorav5.py] => Task 9, Epoch 10/10 => Loss 0.088, Train_accy 97.42
2026-05-18 13:46:30,718 [trainer.py] => Training time: 0h 6m 12s
2026-05-18 13:47:04,317 [trainer.py] => Evaluation time: 0h 0m 33s
2026-05-18 13:47:04,317 [trainer.py] => Accuracy: {'total': 85.09, '00-09': 78.1, '10-19': 82.2, '20-29': 86.6, '30-39': 79.3, '40-49': 89.3, '50-59': 81.1, '60-69': 88.8, '70-79': 86.3, '80-89': 90.2, '90-99': 89.0, 'old': 84.66, 'new': 89.0}
2026-05-18 13:47:04,317 [trainer.py] => (curve) top1 Acc: [99.5, 95.85, 93.9, 91.48, 90.0, 87.87, 87.53, 86.45, 86.43, 85.09]
2026-05-18 13:47:04,318 [trainer.py] => Avergae Acc: 90.41
2026-05-18 13:47:04,318 [trainer.py] => (curve) top1 Acc with task: [99.5, 99.35, 98.87, 98.78, 98.56, 98.22, 98.17, 97.94, 98.3, 98.43]
2026-05-18 13:47:04,318 [trainer.py] => Avergae Acc: 98.61
2026-05-18 13:47:04,318 [trainer.py] => (curve) top1 Acc task: [100.0, 96.25, 94.57, 92.03, 90.6, 88.52, 88.1, 87.05, 86.86, 85.41]
2026-05-18 13:47:04,318 [trainer.py] => Avergae Acc: 90.94
2026-05-18 13:47:04,318 [trainer.py] => ================================================================================
2026-05-18 13:50:54,135 [splitlorav5.py] => Task 3, Epoch 10/10 => Loss 0.139, Train_accy 95.30
2026-05-18 13:51:12,708 [trainer.py] => Training time: 0h 6m 6s
2026-05-18 13:51:26,637 [trainer.py] => Evaluation time: 0h 0m 13s
2026-05-18 13:51:26,637 [trainer.py] => Accuracy: {'total': 92.12, '00-09': 97.1, '10-19': 89.6, '20-29': 92.9, '30-39': 88.9, 'old': 93.2, 'new': 88.9}
2026-05-18 13:51:26,637 [trainer.py] => (curve) top1 Acc: [99.5, 96.5, 94.43, 92.12]
2026-05-18 13:51:26,637 [trainer.py] => Avergae Acc: 95.64
2026-05-18 13:51:26,637 [trainer.py] => (curve) top1 Acc with task: [99.5, 99.4, 98.87, 98.9]
2026-05-18 13:51:26,637 [trainer.py] => Avergae Acc: 99.17
2026-05-18 13:51:26,637 [trainer.py] => (curve) top1 Acc task: [100.0, 96.9, 95.1, 92.6]
2026-05-18 13:51:26,637 [trainer.py] => Avergae Acc: 96.15
2026-05-18 13:51:26,637 [trainer.py] => ================================================================================
2026-05-18 13:51:26,637 [trainer.py] => ================================================================================
2026-05-18 13:51:26,692 [base.py] => Task 4 learning on class 40-50
2026-05-18 13:51:26,703 [toolkit.py] => Total params:     106,359,223
2026-05-18 13:51:26,703 [toolkit.py] => Trainable params: 376,330
2026-05-18 13:51:26,703 [toolkit.py] => Trainable ratio:  0.3538%
2026-05-18 13:57:15,537 [splitlorav5.py] => Task 4, Epoch 10/10 => Loss 0.139, Train_accy 95.56
2026-05-18 13:57:34,066 [trainer.py] => Training time: 0h 6m 7s
2026-05-18 13:57:51,235 [trainer.py] => Evaluation time: 0h 0m 17s
2026-05-18 13:57:51,236 [trainer.py] => Accuracy: {'total': 91.16, '00-09': 95.6, '10-19': 88.7, '20-29': 92.2, '30-39': 86.1, '40-49': 93.2, 'old': 90.65, 'new': 93.2}
2026-05-18 13:57:51,236 [trainer.py] => (curve) top1 Acc: [99.5, 96.5, 94.43, 92.12, 91.16]
2026-05-18 13:57:51,236 [trainer.py] => Avergae Acc: 94.74
2026-05-18 13:57:51,236 [trainer.py] => (curve) top1 Acc with task: [99.5, 99.4, 98.87, 98.9, 98.68]
2026-05-18 13:57:51,236 [trainer.py] => Avergae Acc: 99.07
2026-05-18 13:57:51,236 [trainer.py] => (curve) top1 Acc task: [100.0, 96.9, 95.1, 92.6, 91.68]
2026-05-18 13:57:51,236 [trainer.py] => Avergae Acc: 95.26
2026-05-18 13:57:51,236 [trainer.py] => ================================================================================
2026-05-18 13:57:51,236 [trainer.py] => ================================================================================
2026-05-18 13:57:51,254 [base.py] => Task 5 learning on class 50-60
2026-05-18 13:57:51,265 [toolkit.py] => Total params:     106,359,223
2026-05-18 13:57:51,265 [toolkit.py] => Trainable params: 376,330
2026-05-18 13:57:51,265 [toolkit.py] => Trainable ratio:  0.3538%
2026-05-18 14:03:39,753 [splitlorav5.py] => Task 5, Epoch 10/10 => Loss 0.150, Train_accy 94.80
2026-05-18 14:03:58,054 [trainer.py] => Training time: 0h 6m 6s
2026-05-18 14:04:18,269 [trainer.py] => Evaluation time: 0h 0m 20s
2026-05-18 14:04:18,269 [trainer.py] => Accuracy: {'total': 88.72, '00-09': 95.6, '10-19': 87.1, '20-29': 90.7, '30-39': 84.7, '40-49': 93.0, '50-59': 81.2, 'old': 90.22, 'new': 81.2}
2026-05-18 14:04:18,269 [trainer.py] => (curve) top1 Acc: [99.5, 96.5, 94.43, 92.12, 91.16, 88.72]
2026-05-18 14:04:18,269 [trainer.py] => Avergae Acc: 93.74
2026-05-18 14:04:18,269 [trainer.py] => (curve) top1 Acc with task: [99.5, 99.4, 98.87, 98.9, 98.68, 98.62]
2026-05-18 14:04:18,269 [trainer.py] => Avergae Acc: 99.00
2026-05-18 14:04:18,269 [trainer.py] => (curve) top1 Acc task: [100.0, 96.9, 95.1, 92.6, 91.68, 89.12]
2026-05-18 14:04:18,269 [trainer.py] => Avergae Acc: 94.23
2026-05-18 14:04:18,269 [trainer.py] => ================================================================================
2026-05-18 14:04:18,269 [trainer.py] => ================================================================================
2026-05-18 14:04:18,284 [base.py] => Task 6 learning on class 60-70
2026-05-18 14:04:18,294 [toolkit.py] => Total params:     106,359,223
2026-05-18 14:04:18,295 [toolkit.py] => Trainable params: 376,330
2026-05-18 14:04:18,295 [toolkit.py] => Trainable ratio:  0.3538%
2026-05-18 14:10:06,526 [splitlorav5.py] => Task 6, Epoch 10/10 => Loss 0.140, Train_accy 94.94
2026-05-18 14:10:24,897 [trainer.py] => Training time: 0h 6m 6s
2026-05-18 14:10:48,346 [trainer.py] => Evaluation time: 0h 0m 23s
2026-05-18 14:10:48,346 [trainer.py] => Accuracy: {'total': 87.99, '00-09': 94.9, '10-19': 86.1, '20-29': 90.2, '30-39': 84.2, '40-49': 92.8, '50-59': 80.4, '60-69': 87.3, 'old': 88.1, 'new': 87.3}
2026-05-18 14:10:48,346 [trainer.py] => (curve) top1 Acc: [99.5, 96.5, 94.43, 92.12, 91.16, 88.72, 87.99]
2026-05-18 14:10:48,346 [trainer.py] => Avergae Acc: 92.92
2026-05-18 14:10:48,346 [trainer.py] => (curve) top1 Acc with task: [99.5, 99.4, 98.87, 98.9, 98.68, 98.62, 98.5]
2026-05-18 14:10:48,346 [trainer.py] => Avergae Acc: 98.92
2026-05-18 14:10:48,346 [trainer.py] => (curve) top1 Acc task: [100.0, 96.9, 95.1, 92.6, 91.68, 89.12, 88.41]
2026-05-18 14:10:48,346 [trainer.py] => Avergae Acc: 93.40
2026-05-18 14:10:48,346 [trainer.py] => ================================================================================
2026-05-18 14:10:48,346 [trainer.py] => ================================================================================
2026-05-18 14:10:48,372 [base.py] => Task 7 learning on class 70-80
2026-05-18 14:10:48,385 [toolkit.py] => Total params:     106,359,223
2026-05-18 14:10:48,385 [toolkit.py] => Trainable params: 376,330
2026-05-18 14:10:48,385 [toolkit.py] => Trainable ratio:  0.3538%
2026-05-18 14:16:36,570 [splitlorav5.py] => Task 7, Epoch 10/10 => Loss 0.136, Train_accy 95.60
2026-05-18 14:16:54,750 [trainer.py] => Training time: 0h 6m 6s
2026-05-18 14:17:21,270 [trainer.py] => Evaluation time: 0h 0m 26s
2026-05-18 14:17:21,271 [trainer.py] => Accuracy: {'total': 87.51, '00-09': 94.8, '10-19': 84.8, '20-29': 90.1, '30-39': 84.7, '40-49': 92.2, '50-59': 80.5, '60-69': 85.3, '70-79': 87.7, 'old': 87.49, 'new': 87.7}
2026-05-18 14:17:21,271 [trainer.py] => (curve) top1 Acc: [99.5, 96.5, 94.43, 92.12, 91.16, 88.72, 87.99, 87.51]
2026-05-18 14:17:21,271 [trainer.py] => Avergae Acc: 92.24
2026-05-18 14:17:21,271 [trainer.py] => (curve) top1 Acc with task: [99.5, 99.4, 98.87, 98.9, 98.68, 98.62, 98.5, 98.4]
2026-05-18 14:17:21,271 [trainer.py] => Avergae Acc: 98.86
2026-05-18 14:17:21,271 [trainer.py] => (curve) top1 Acc task: [100.0, 96.9, 95.1, 92.6, 91.68, 89.12, 88.41, 87.92]
2026-05-18 14:17:21,271 [trainer.py] => Avergae Acc: 92.72
2026-05-18 14:17:21,271 [trainer.py] => ================================================================================
2026-05-18 14:17:21,271 [trainer.py] => ================================================================================
2026-05-18 14:17:21,287 [base.py] => Task 8 learning on class 80-90
2026-05-18 14:17:21,298 [toolkit.py] => Total params:     106,359,223
2026-05-18 14:17:21,298 [toolkit.py] => Trainable params: 376,330
2026-05-18 14:17:21,298 [toolkit.py] => Trainable ratio:  0.3538%
2026-05-18 14:23:09,963 [splitlorav5.py] => Task 8, Epoch 10/10 => Loss 0.109, Train_accy 96.20
2026-05-18 14:23:28,319 [trainer.py] => Training time: 0h 6m 7s
2026-05-18 14:23:58,193 [trainer.py] => Evaluation time: 0h 0m 29s
2026-05-18 14:23:58,193 [trainer.py] => Accuracy: {'total': 87.29, '00-09': 93.2, '10-19': 86.0, '20-29': 88.0, '30-39': 84.1, '40-49': 91.3, '50-59': 79.8, '60-69': 86.3, '70-79': 84.3, '80-89': 92.6, 'old': 86.62, 'new': 92.6}
2026-05-18 14:23:58,193 [trainer.py] => (curve) top1 Acc: [99.5, 96.5, 94.43, 92.12, 91.16, 88.72, 87.99, 87.51, 87.29]
2026-05-18 14:23:58,193 [trainer.py] => Avergae Acc: 91.69
2026-05-18 14:23:58,193 [trainer.py] => (curve) top1 Acc with task: [99.5, 99.4, 98.87, 98.9, 98.68, 98.62, 98.5, 98.4, 98.49]
2026-05-18 14:23:58,193 [trainer.py] => Avergae Acc: 98.82
2026-05-18 14:23:58,193 [trainer.py] => (curve) top1 Acc task: [100.0, 96.9, 95.1, 92.6, 91.68, 89.12, 88.41, 87.92, 87.66]
2026-05-18 14:23:58,193 [trainer.py] => Avergae Acc: 92.15
2026-05-18 14:23:58,193 [trainer.py] => ================================================================================
2026-05-18 14:23:58,193 [trainer.py] => ================================================================================
2026-05-18 14:23:58,216 [base.py] => Task 9 learning on class 90-100
2026-05-18 14:23:58,227 [toolkit.py] => Total params:     106,359,223
2026-05-18 14:23:58,227 [toolkit.py] => Trainable params: 376,330
2026-05-18 14:23:58,227 [toolkit.py] => Trainable ratio:  0.3538%
2026-05-18 14:29:47,077 [splitlorav5.py] => Task 9, Epoch 10/10 => Loss 0.092, Train_accy 96.92
2026-05-18 14:30:05,490 [trainer.py] => Training time: 0h 6m 7s
2026-05-18 14:30:38,500 [trainer.py] => Evaluation time: 0h 0m 33s
2026-05-18 14:30:38,500 [trainer.py] => Accuracy: {'total': 86.06, '00-09': 93.7, '10-19': 84.3, '20-29': 88.6, '30-39': 81.2, '40-49': 87.6, '50-59': 76.9, '60-69': 85.0, '70-79': 82.0, '80-89': 90.5, '90-99': 90.8, 'old': 85.53, 'new': 90.8}
2026-05-18 14:30:38,500 [trainer.py] => (curve) top1 Acc: [99.5, 96.5, 94.43, 92.12, 91.16, 88.72, 87.99, 87.51, 87.29, 86.06]
2026-05-18 14:30:38,501 [trainer.py] => Avergae Acc: 91.13
2026-05-18 14:30:38,501 [trainer.py] => (curve) top1 Acc with task: [99.5, 99.4, 98.87, 98.9, 98.68, 98.62, 98.5, 98.4, 98.49, 98.59]
2026-05-18 14:30:38,501 [trainer.py] => Avergae Acc: 98.80
2026-05-18 14:30:38,501 [trainer.py] => (curve) top1 Acc task: [100.0, 96.9, 95.1, 92.6, 91.68, 89.12, 88.41, 87.92, 87.66, 86.37]
2026-05-18 14:30:38,501 [trainer.py] => Avergae Acc: 91.58
2026-05-18 14:30:38,501 [trainer.py] => ================================================================================
2026-05-19 19:56:12,143 [toolkit.py] => config: configs/splitlora_improvedv5/cifar100_seed=1993.json
2026-05-19 19:56:12,148 [toolkit.py] => device: [device(type='cuda', index=0)]
2026-05-19 19:56:12,148 [toolkit.py] => debug: False
2026-05-19 19:56:12,148 [toolkit.py] => save_ckp: False
2026-05-19 19:56:12,148 [toolkit.py] => moe_list: None
2026-05-19 19:56:12,148 [toolkit.py] => seed: 1993
2026-05-19 19:56:12,148 [toolkit.py] => dataset: cifar100
2026-05-19 19:56:12,148 [toolkit.py] => data_path: data/cifar100
2026-05-19 19:56:12,148 [toolkit.py] => load: vit_base_patch16_224_in21k
2026-05-19 19:56:12,148 [toolkit.py] => init_cls: 10
2026-05-19 19:56:12,149 [toolkit.py] => increment: 10
2026-05-19 19:56:12,149 [toolkit.py] => sessions: 10
2026-05-19 19:56:12,149 [toolkit.py] => shuffle: False
2026-05-19 19:56:12,149 [toolkit.py] => method: splitlorav5
2026-05-19 19:56:12,149 [toolkit.py] => optimizer: adamw
2026-05-19 19:56:12,149 [toolkit.py] => scheduler: steplr
2026-05-19 19:56:12,149 [toolkit.py] => epochs: 10
2026-05-19 19:56:12,149 [toolkit.py] => lrate: 0.001
2026-05-19 19:56:12,149 [toolkit.py] => lrate_head: 0.01
2026-05-19 19:56:12,149 [toolkit.py] => weight_decay: 5e-05
2026-05-19 19:56:12,149 [toolkit.py] => batch_size: 256
2026-05-19 19:56:12,149 [toolkit.py] => rank: 10
2026-05-19 19:56:12,149 [toolkit.py] => num_workers: 16
2026-05-19 19:56:12,149 [toolkit.py] => lamb: 0.95
2026-05-19 19:56:12,150 [toolkit.py] => lame: 1.0
2026-05-19 19:56:12,150 [toolkit.py] => in_dim: 768
2026-05-19 19:56:12,150 [toolkit.py] => alpha: 20
2026-05-19 19:56:12,150 [toolkit.py] => logdir: logs/splitlorav5/cifar100/t10
2026-05-19 19:56:12,150 [toolkit.py] => logfilename: logs/splitlorav5/cifar100/t10/seed1993
2026-05-19 19:56:14,132 [data_manager.py] => Class index order: 0, 1, 2, 3, 4, ..., 95, 96, 97, 98, 99
2026-05-19 19:56:19,280 [trainer.py] => ================================================================================
2026-05-19 19:56:19,288 [base.py] => Task 0 learning on class 0-10
2026-05-19 19:56:20,165 [toolkit.py] => Total params:     106,359,223
2026-05-19 19:56:20,166 [toolkit.py] => Trainable params: 376,330
2026-05-19 19:56:20,166 [toolkit.py] => Trainable ratio:  0.3538%
2026-05-19 20:01:33,849 [splitlorav5.py] => Task 0, Epoch 10/10 => Loss 0.118, Train_accy 96.14
2026-05-19 20:01:51,180 [trainer.py] => Training time: 0h 5m 31s
2026-05-19 20:01:54,976 [trainer.py] => Evaluation time: 0h 0m 3s
2026-05-19 20:01:54,976 [trainer.py] => Accuracy: {'total': 99.5, '00-09': 99.5, 'old': 0, 'new': 99.5}
2026-05-19 20:01:54,976 [trainer.py] => (curve) top1 Acc: [99.5]
2026-05-19 20:01:54,977 [trainer.py] => Avergae Acc: 99.50
2026-05-19 20:01:54,977 [trainer.py] => (curve) top1 Acc with task: [99.5]
2026-05-19 20:01:54,977 [trainer.py] => Avergae Acc: 99.50
2026-05-19 20:01:54,977 [trainer.py] => (curve) top1 Acc task: [100.0]
2026-05-19 20:01:54,977 [trainer.py] => Avergae Acc: 100.00
2026-05-19 20:01:54,977 [trainer.py] => ================================================================================
2026-05-19 20:01:54,977 [trainer.py] => ================================================================================
2026-05-19 20:01:54,992 [base.py] => Task 1 learning on class 10-20
2026-05-19 20:01:55,008 [toolkit.py] => Total params:     106,359,223
2026-05-19 20:01:55,009 [toolkit.py] => Trainable params: 376,330
2026-05-19 20:01:55,009 [toolkit.py] => Trainable ratio:  0.3538%
2026-05-19 20:07:13,113 [splitlorav5.py] => Task 1, Epoch 10/10 => Loss 0.171, Train_accy 94.18
2026-05-19 20:07:30,659 [trainer.py] => Training time: 0h 5m 35s
2026-05-19 20:07:37,523 [trainer.py] => Evaluation time: 0h 0m 6s
2026-05-19 20:07:37,523 [trainer.py] => Accuracy: {'total': 93.1, '00-09': 88.5, '10-19': 97.7, 'old': 88.5, 'new': 97.7}
2026-05-19 20:07:37,523 [trainer.py] => (curve) top1 Acc: [99.5, 93.1]
2026-05-19 20:07:37,523 [trainer.py] => Avergae Acc: 96.30
2026-05-19 20:07:37,524 [trainer.py] => (curve) top1 Acc with task: [99.5, 98.85]
2026-05-19 20:07:37,524 [trainer.py] => Avergae Acc: 99.17
2026-05-19 20:07:37,524 [trainer.py] => (curve) top1 Acc task: [100.0, 93.9]
2026-05-19 20:07:37,524 [trainer.py] => Avergae Acc: 96.95
2026-05-19 20:07:37,524 [trainer.py] => ================================================================================
2026-05-19 20:07:37,524 [trainer.py] => ================================================================================
2026-05-19 20:07:37,537 [base.py] => Task 2 learning on class 20-30
2026-05-19 20:07:37,547 [toolkit.py] => Total params:     106,359,223
2026-05-19 20:07:37,548 [toolkit.py] => Trainable params: 376,330
2026-05-19 20:07:37,548 [toolkit.py] => Trainable ratio:  0.3538%
2026-05-19 20:12:57,287 [splitlorav5.py] => Task 2, Epoch 10/10 => Loss 0.156, Train_accy 95.22
2026-05-19 20:13:16,235 [trainer.py] => Training time: 0h 5m 38s
2026-05-19 20:13:26,191 [trainer.py] => Evaluation time: 0h 0m 9s
2026-05-19 20:13:26,192 [trainer.py] => Accuracy: {'total': 91.6, '00-09': 88.8, '10-19': 88.8, '20-29': 97.2, 'old': 88.8, 'new': 97.2}
2026-05-19 20:13:26,192 [trainer.py] => (curve) top1 Acc: [99.5, 93.1, 91.6]
2026-05-19 20:13:26,192 [trainer.py] => Avergae Acc: 94.73
2026-05-19 20:13:26,192 [trainer.py] => (curve) top1 Acc with task: [99.5, 98.85, 98.1]
2026-05-19 20:13:26,192 [trainer.py] => Avergae Acc: 98.82
2026-05-19 20:13:26,192 [trainer.py] => (curve) top1 Acc task: [100.0, 93.9, 92.53]
2026-05-19 20:13:26,192 [trainer.py] => Avergae Acc: 95.48
2026-05-19 20:13:26,192 [trainer.py] => ================================================================================
2026-05-19 20:13:26,192 [trainer.py] => ================================================================================
2026-05-19 20:13:26,206 [base.py] => Task 3 learning on class 30-40
2026-05-19 20:13:26,217 [toolkit.py] => Total params:     106,359,223
2026-05-19 20:13:26,217 [toolkit.py] => Trainable params: 376,330
2026-05-19 20:13:26,217 [toolkit.py] => Trainable ratio:  0.3538%
2026-05-19 20:30:48,274 [toolkit.py] => config: configs/splitlora_improvedv5/cifar100_seed=1993.json
2026-05-19 20:30:48,274 [toolkit.py] => device: [device(type='cuda', index=0)]
2026-05-19 20:30:48,274 [toolkit.py] => debug: False
2026-05-19 20:30:48,274 [toolkit.py] => save_ckp: False
2026-05-19 20:30:48,274 [toolkit.py] => moe_list: None
2026-05-19 20:30:48,274 [toolkit.py] => seed: 1993
2026-05-19 20:30:48,274 [toolkit.py] => dataset: cifar100
2026-05-19 20:30:48,274 [toolkit.py] => data_path: data/cifar100
2026-05-19 20:30:48,274 [toolkit.py] => load: vit_base_patch16_224_in21k
2026-05-19 20:30:48,274 [toolkit.py] => init_cls: 10
2026-05-19 20:30:48,274 [toolkit.py] => increment: 10
2026-05-19 20:30:48,274 [toolkit.py] => sessions: 10
2026-05-19 20:30:48,274 [toolkit.py] => shuffle: False
2026-05-19 20:30:48,274 [toolkit.py] => method: splitlorav5
2026-05-19 20:30:48,275 [toolkit.py] => optimizer: adamw
2026-05-19 20:30:48,275 [toolkit.py] => scheduler: steplr
2026-05-19 20:30:48,275 [toolkit.py] => epochs: 10
2026-05-19 20:30:48,275 [toolkit.py] => lrate: 0.001
2026-05-19 20:30:48,275 [toolkit.py] => lrate_head: 0.01
2026-05-19 20:30:48,275 [toolkit.py] => weight_decay: 5e-05
2026-05-19 20:30:48,275 [toolkit.py] => batch_size: 256
2026-05-19 20:30:48,275 [toolkit.py] => rank: 10
2026-05-19 20:30:48,275 [toolkit.py] => num_workers: 16
2026-05-19 20:30:48,275 [toolkit.py] => lamb: 0.95
2026-05-19 20:30:48,275 [toolkit.py] => lame: 1.0
2026-05-19 20:30:48,275 [toolkit.py] => in_dim: 768
2026-05-19 20:30:48,275 [toolkit.py] => alpha: 20
2026-05-19 20:30:48,275 [toolkit.py] => logdir: logs/splitlorav5/cifar100/t10
2026-05-19 20:30:48,275 [toolkit.py] => logfilename: logs/splitlorav5/cifar100/t10/seed1993
2026-05-19 20:30:50,421 [data_manager.py] => Class index order: 0, 1, 2, 3, 4, ..., 95, 96, 97, 98, 99
2026-05-19 20:30:55,579 [trainer.py] => ================================================================================
2026-05-19 20:30:55,588 [base.py] => Task 0 learning on class 0-10
2026-05-19 20:30:56,012 [toolkit.py] => Total params:     106,359,223
2026-05-19 20:30:56,013 [toolkit.py] => Trainable params: 376,330
2026-05-19 20:30:56,013 [toolkit.py] => Trainable ratio:  0.3538%
2026-05-19 20:35:46,387 [toolkit.py] => config: configs/splitlora_improvedv5/cifar100_seed=1993.json
2026-05-19 20:35:46,387 [toolkit.py] => device: [device(type='cuda', index=0)]
2026-05-19 20:35:46,387 [toolkit.py] => debug: False
2026-05-19 20:35:46,387 [toolkit.py] => save_ckp: False
2026-05-19 20:35:46,387 [toolkit.py] => moe_list: None
2026-05-19 20:35:46,387 [toolkit.py] => seed: 1993
2026-05-19 20:35:46,387 [toolkit.py] => dataset: cifar100
2026-05-19 20:35:46,387 [toolkit.py] => data_path: data/cifar100
2026-05-19 20:35:46,387 [toolkit.py] => load: vit_base_patch16_224_in21k
2026-05-19 20:35:46,387 [toolkit.py] => init_cls: 10
2026-05-19 20:35:46,387 [toolkit.py] => increment: 10
2026-05-19 20:35:46,387 [toolkit.py] => sessions: 10
2026-05-19 20:35:46,387 [toolkit.py] => shuffle: False
2026-05-19 20:35:46,387 [toolkit.py] => method: splitlorav5
2026-05-19 20:35:46,387 [toolkit.py] => optimizer: adamw
2026-05-19 20:35:46,387 [toolkit.py] => scheduler: steplr
2026-05-19 20:35:46,387 [toolkit.py] => epochs: 10
2026-05-19 20:35:46,387 [toolkit.py] => lrate: 0.001
2026-05-19 20:35:46,387 [toolkit.py] => lrate_head: 0.01
2026-05-19 20:35:46,387 [toolkit.py] => weight_decay: 5e-05
2026-05-19 20:35:46,387 [toolkit.py] => batch_size: 256
2026-05-19 20:35:46,387 [toolkit.py] => rank: 10
2026-05-19 20:35:46,387 [toolkit.py] => num_workers: 16
2026-05-19 20:35:46,387 [toolkit.py] => lamb: 0.95
2026-05-19 20:35:46,387 [toolkit.py] => lame: 1.0
2026-05-19 20:35:46,387 [toolkit.py] => in_dim: 768
2026-05-19 20:35:46,387 [toolkit.py] => alpha: 20
2026-05-19 20:35:46,388 [toolkit.py] => logdir: logs/splitlorav5/cifar100/t10
2026-05-19 20:35:46,388 [toolkit.py] => logfilename: logs/splitlorav5/cifar100/t10/seed1993
2026-05-19 20:35:47,938 [data_manager.py] => Class index order: 0, 1, 2, 3, 4, ..., 95, 96, 97, 98, 99
2026-05-19 20:35:50,616 [trainer.py] => ================================================================================
2026-05-19 20:35:50,633 [base.py] => Task 0 learning on class 0-10
2026-05-19 20:35:51,067 [toolkit.py] => Total params:     106,359,223
2026-05-19 20:35:51,067 [toolkit.py] => Trainable params: 376,330
2026-05-19 20:35:51,067 [toolkit.py] => Trainable ratio:  0.3538%
2026-05-19 20:41:09,615 [splitlorav5.py] => Task 0, Epoch 10/10 => Loss 0.118, Train_accy 96.14
2026-05-19 20:41:27,323 [trainer.py] => Training time: 0h 5m 36s
2026-05-19 20:41:31,219 [trainer.py] => Evaluation time: 0h 0m 3s
2026-05-19 20:41:31,219 [trainer.py] => Accuracy: {'total': 99.5, '00-09': 99.5, 'old': 0, 'new': 99.5}
2026-05-19 20:41:31,219 [trainer.py] => (curve) top1 Acc: [99.5]
2026-05-19 20:41:31,220 [trainer.py] => Avergae Acc: 99.50
2026-05-19 20:41:31,220 [trainer.py] => (curve) top1 Acc with task: [99.5]
2026-05-19 20:41:31,220 [trainer.py] => Avergae Acc: 99.50
2026-05-19 20:41:31,220 [trainer.py] => (curve) top1 Acc task: [100.0]
2026-05-19 20:41:31,220 [trainer.py] => Avergae Acc: 100.00
2026-05-19 20:41:31,220 [trainer.py] => ================================================================================
2026-05-19 20:41:31,220 [trainer.py] => ================================================================================
2026-05-19 20:41:31,232 [base.py] => Task 1 learning on class 10-20
2026-05-19 20:41:31,242 [toolkit.py] => Total params:     106,359,223
2026-05-19 20:41:31,242 [toolkit.py] => Trainable params: 376,330
2026-05-19 20:41:31,242 [toolkit.py] => Trainable ratio:  0.3538%
2026-05-19 20:47:08,279 [splitlorav5.py] => Task 1, Epoch 10/10 => Loss 0.162, Train_accy 94.72
2026-05-19 20:47:26,555 [trainer.py] => Training time: 0h 5m 55s
2026-05-19 20:47:33,856 [trainer.py] => Evaluation time: 0h 0m 7s
2026-05-19 20:47:33,856 [trainer.py] => Accuracy: {'total': 95.8, '00-09': 96.4, '10-19': 95.2, 'old': 96.4, 'new': 95.2}
2026-05-19 20:47:33,856 [trainer.py] => (curve) top1 Acc: [99.5, 95.8]
2026-05-19 20:47:33,856 [trainer.py] => Avergae Acc: 97.65
2026-05-19 20:47:33,856 [trainer.py] => (curve) top1 Acc with task: [99.5, 99.05]
2026-05-19 20:47:33,856 [trainer.py] => Avergae Acc: 99.28
2026-05-19 20:47:33,856 [trainer.py] => (curve) top1 Acc task: [100.0, 96.45]
2026-05-19 20:47:33,856 [trainer.py] => Avergae Acc: 98.22
2026-05-19 20:47:33,856 [trainer.py] => ================================================================================
2026-05-19 20:47:33,856 [trainer.py] => ================================================================================
2026-05-19 20:47:33,908 [base.py] => Task 2 learning on class 20-30
2026-05-19 20:47:33,918 [toolkit.py] => Total params:     106,359,223
2026-05-19 20:47:33,918 [toolkit.py] => Trainable params: 376,330
2026-05-19 20:47:33,918 [toolkit.py] => Trainable ratio:  0.3538%
2026-05-19 20:52:42,021 [toolkit.py] => config: configs/splitlora_improvedv5/cifar100_seed=1993.json
2026-05-19 20:52:42,022 [toolkit.py] => device: [device(type='cuda', index=1)]
2026-05-19 20:52:42,022 [toolkit.py] => debug: False
2026-05-19 20:52:42,022 [toolkit.py] => save_ckp: False
2026-05-19 20:52:42,022 [toolkit.py] => moe_list: None
2026-05-19 20:52:42,022 [toolkit.py] => seed: 1993
2026-05-19 20:52:42,022 [toolkit.py] => dataset: cifar100
2026-05-19 20:52:42,022 [toolkit.py] => data_path: data/cifar100
2026-05-19 20:52:42,022 [toolkit.py] => load: vit_base_patch16_224_in21k
2026-05-19 20:52:42,022 [toolkit.py] => init_cls: 10
2026-05-19 20:52:42,022 [toolkit.py] => increment: 10
2026-05-19 20:52:42,022 [toolkit.py] => sessions: 10
2026-05-19 20:52:42,022 [toolkit.py] => shuffle: False
2026-05-19 20:52:42,022 [toolkit.py] => method: splitlorav5
2026-05-19 20:52:42,022 [toolkit.py] => optimizer: adamw
2026-05-19 20:52:42,022 [toolkit.py] => scheduler: steplr
2026-05-19 20:52:42,022 [toolkit.py] => epochs: 10
2026-05-19 20:52:42,022 [toolkit.py] => lrate: 0.001
2026-05-19 20:52:42,022 [toolkit.py] => lrate_head: 0.01
2026-05-19 20:52:42,022 [toolkit.py] => weight_decay: 5e-05
2026-05-19 20:52:42,022 [toolkit.py] => batch_size: 256
2026-05-19 20:52:42,022 [toolkit.py] => rank: 10
2026-05-19 20:52:42,022 [toolkit.py] => num_workers: 16
2026-05-19 20:52:42,022 [toolkit.py] => lamb: 0.95
2026-05-19 20:52:42,022 [toolkit.py] => lame: 1.0
2026-05-19 20:52:42,022 [toolkit.py] => in_dim: 768
2026-05-19 20:52:42,022 [toolkit.py] => alpha: 20
2026-05-19 20:52:42,022 [toolkit.py] => logdir: logs/splitlorav5/cifar100/t10
2026-05-19 20:52:42,022 [toolkit.py] => logfilename: logs/splitlorav5/cifar100/t10/seed1993
2026-05-19 20:52:43,650 [data_manager.py] => Class index order: 0, 1, 2, 3, 4, ..., 95, 96, 97, 98, 99
2026-05-19 20:52:45,952 [trainer.py] => ================================================================================
2026-05-19 20:52:45,961 [base.py] => Task 0 learning on class 0-10
2026-05-19 20:52:46,549 [toolkit.py] => Total params:     106,359,223
2026-05-19 20:52:46,549 [toolkit.py] => Trainable params: 376,330
2026-05-19 20:52:46,549 [toolkit.py] => Trainable ratio:  0.3538%
2026-05-19 20:53:26,484 [splitlorav5.py] => Task 2, Epoch 10/10 => Loss 0.147, Train_accy 95.38
2026-05-19 20:53:45,665 [trainer.py] => Training time: 0h 6m 11s
2026-05-19 20:53:56,745 [trainer.py] => Evaluation time: 0h 0m 11s
2026-05-19 20:53:56,745 [trainer.py] => Accuracy: {'total': 94.37, '00-09': 97.2, '10-19': 91.1, '20-29': 94.8, 'old': 94.15, 'new': 94.8}
2026-05-19 20:53:56,745 [trainer.py] => (curve) top1 Acc: [99.5, 95.8, 94.37]
2026-05-19 20:53:56,745 [trainer.py] => Avergae Acc: 96.56
2026-05-19 20:53:56,746 [trainer.py] => (curve) top1 Acc with task: [99.5, 99.05, 98.8]
2026-05-19 20:53:56,746 [trainer.py] => Avergae Acc: 99.12
2026-05-19 20:53:56,746 [trainer.py] => (curve) top1 Acc task: [100.0, 96.45, 95.03]
2026-05-19 20:53:56,746 [trainer.py] => Avergae Acc: 97.16
2026-05-19 20:53:56,746 [trainer.py] => ================================================================================
2026-05-19 20:53:56,746 [trainer.py] => ================================================================================
2026-05-19 20:53:56,762 [base.py] => Task 3 learning on class 30-40
2026-05-19 20:53:56,772 [toolkit.py] => Total params:     106,359,223
2026-05-19 20:53:56,773 [toolkit.py] => Trainable params: 376,330
2026-05-19 20:53:56,773 [toolkit.py] => Trainable ratio:  0.3538%
2026-05-19 20:58:00,955 [splitlorav5.py] => Task 0, Epoch 10/10 => Loss 0.138, Train_accy 95.42
2026-05-19 20:58:18,333 [trainer.py] => Training time: 0h 5m 32s
2026-05-19 20:58:22,251 [trainer.py] => Evaluation time: 0h 0m 3s
2026-05-19 20:58:22,251 [trainer.py] => Accuracy: {'total': 99.5, '00-09': 99.5, 'old': 0, 'new': 99.5}
2026-05-19 20:58:22,251 [trainer.py] => (curve) top1 Acc: [99.5]
2026-05-19 20:58:22,251 [trainer.py] => Avergae Acc: 99.50
2026-05-19 20:58:22,251 [trainer.py] => (curve) top1 Acc with task: [99.5]
2026-05-19 20:58:22,252 [trainer.py] => Avergae Acc: 99.50
2026-05-19 20:58:22,252 [trainer.py] => (curve) top1 Acc task: [100.0]
2026-05-19 20:58:22,252 [trainer.py] => Avergae Acc: 100.00
2026-05-19 20:58:22,252 [trainer.py] => ================================================================================
2026-05-19 20:58:22,252 [trainer.py] => ================================================================================
2026-05-19 20:58:22,289 [base.py] => Task 1 learning on class 10-20
2026-05-19 20:58:22,299 [toolkit.py] => Total params:     106,359,223
2026-05-19 20:58:22,299 [toolkit.py] => Trainable params: 376,330
2026-05-19 20:58:22,299 [toolkit.py] => Trainable ratio:  0.3538%
2026-05-19 21:00:04,739 [splitlorav5.py] => Task 3, Epoch 10/10 => Loss 0.141, Train_accy 95.64
2026-05-19 21:00:24,984 [trainer.py] => Training time: 0h 6m 28s
2026-05-19 21:00:39,949 [trainer.py] => Evaluation time: 0h 0m 14s
2026-05-19 21:00:39,950 [trainer.py] => Accuracy: {'total': 92.25, '00-09': 95.7, '10-19': 90.2, '20-29': 94.3, '30-39': 88.8, 'old': 93.4, 'new': 88.8}
2026-05-19 21:00:39,950 [trainer.py] => (curve) top1 Acc: [99.5, 95.8, 94.37, 92.25]
2026-05-19 21:00:39,950 [trainer.py] => Avergae Acc: 95.48
2026-05-19 21:00:39,950 [trainer.py] => (curve) top1 Acc with task: [99.5, 99.05, 98.8, 98.75]
2026-05-19 21:00:39,950 [trainer.py] => Avergae Acc: 99.03
2026-05-19 21:00:39,950 [trainer.py] => (curve) top1 Acc task: [100.0, 96.45, 95.03, 92.85]
2026-05-19 21:00:39,950 [trainer.py] => Avergae Acc: 96.08
2026-05-19 21:00:39,950 [trainer.py] => ================================================================================
2026-05-19 21:00:39,950 [trainer.py] => ================================================================================
2026-05-19 21:00:39,969 [base.py] => Task 4 learning on class 40-50
2026-05-19 21:00:39,980 [toolkit.py] => Total params:     106,359,223
2026-05-19 21:00:39,980 [toolkit.py] => Trainable params: 376,330
2026-05-19 21:00:39,980 [toolkit.py] => Trainable ratio:  0.3538%
2026-05-19 21:03:54,471 [splitlorav5.py] => Task 1, Epoch 10/10 => Loss 0.172, Train_accy 94.32
2026-05-19 21:04:12,485 [trainer.py] => Training time: 0h 5m 50s
2026-05-19 21:04:19,693 [trainer.py] => Evaluation time: 0h 0m 7s
2026-05-19 21:04:19,693 [trainer.py] => Accuracy: {'total': 95.15, '00-09': 93.3, '10-19': 97.0, 'old': 93.3, 'new': 97.0}
2026-05-19 21:04:19,693 [trainer.py] => (curve) top1 Acc: [99.5, 95.15]
2026-05-19 21:04:19,693 [trainer.py] => Avergae Acc: 97.33
2026-05-19 21:04:19,693 [trainer.py] => (curve) top1 Acc with task: [99.5, 99.05]
2026-05-19 21:04:19,693 [trainer.py] => Avergae Acc: 99.28
2026-05-19 21:04:19,693 [trainer.py] => (curve) top1 Acc task: [100.0, 95.9]
2026-05-19 21:04:19,693 [trainer.py] => Avergae Acc: 97.95
2026-05-19 21:04:19,693 [trainer.py] => ================================================================================
2026-05-19 21:04:19,693 [trainer.py] => ================================================================================
2026-05-19 21:04:19,707 [base.py] => Task 2 learning on class 20-30
2026-05-19 21:04:19,717 [toolkit.py] => Total params:     106,359,223
2026-05-19 21:04:19,717 [toolkit.py] => Trainable params: 376,330
2026-05-19 21:04:19,717 [toolkit.py] => Trainable ratio:  0.3538%
2026-05-19 21:07:00,806 [splitlorav5.py] => Task 4, Epoch 10/10 => Loss 0.153, Train_accy 95.32
2026-05-19 21:07:21,268 [trainer.py] => Training time: 0h 6m 41s
2026-05-19 21:07:40,319 [trainer.py] => Evaluation time: 0h 0m 19s
2026-05-19 21:07:40,319 [trainer.py] => Accuracy: {'total': 91.02, '00-09': 93.3, '10-19': 88.9, '20-29': 92.3, '30-39': 86.1, '40-49': 94.5, 'old': 90.15, 'new': 94.5}
2026-05-19 21:07:40,319 [trainer.py] => (curve) top1 Acc: [99.5, 95.8, 94.37, 92.25, 91.02]
2026-05-19 21:07:40,320 [trainer.py] => Avergae Acc: 94.59
2026-05-19 21:07:40,320 [trainer.py] => (curve) top1 Acc with task: [99.5, 99.05, 98.8, 98.75, 98.74]
2026-05-19 21:07:40,320 [trainer.py] => Avergae Acc: 98.97
2026-05-19 21:07:40,320 [trainer.py] => (curve) top1 Acc task: [100.0, 96.45, 95.03, 92.85, 91.5]
2026-05-19 21:07:40,320 [trainer.py] => Avergae Acc: 95.17
2026-05-19 21:07:40,320 [trainer.py] => ================================================================================
2026-05-19 21:07:40,320 [trainer.py] => ================================================================================
2026-05-19 21:07:40,338 [base.py] => Task 5 learning on class 50-60
2026-05-19 21:07:40,348 [toolkit.py] => Total params:     106,359,223
2026-05-19 21:07:40,348 [toolkit.py] => Trainable params: 376,330
2026-05-19 21:07:40,348 [toolkit.py] => Trainable ratio:  0.3538%
2026-05-19 21:10:06,129 [splitlorav5.py] => Task 2, Epoch 10/10 => Loss 0.163, Train_accy 94.84
2026-05-19 21:10:24,925 [trainer.py] => Training time: 0h 6m 5s
2026-05-19 21:10:35,774 [trainer.py] => Evaluation time: 0h 0m 10s
2026-05-19 21:10:35,774 [trainer.py] => Accuracy: {'total': 94.87, '00-09': 95.3, '10-19': 93.3, '20-29': 96.0, 'old': 94.3, 'new': 96.0}
2026-05-19 21:10:35,774 [trainer.py] => (curve) top1 Acc: [99.5, 95.15, 94.87]
2026-05-19 21:10:35,774 [trainer.py] => Avergae Acc: 96.51
2026-05-19 21:10:35,774 [trainer.py] => (curve) top1 Acc with task: [99.5, 99.05, 98.63]
2026-05-19 21:10:35,774 [trainer.py] => Avergae Acc: 99.06
2026-05-19 21:10:35,774 [trainer.py] => (curve) top1 Acc task: [100.0, 95.9, 95.7]
2026-05-19 21:10:35,775 [trainer.py] => Avergae Acc: 97.20
2026-05-19 21:10:35,775 [trainer.py] => ================================================================================
2026-05-19 21:10:35,775 [trainer.py] => ================================================================================
2026-05-19 21:10:35,792 [base.py] => Task 3 learning on class 30-40
2026-05-19 21:10:35,802 [toolkit.py] => Total params:     106,359,223
2026-05-19 21:10:35,802 [toolkit.py] => Trainable params: 376,330
2026-05-19 21:10:35,802 [toolkit.py] => Trainable ratio:  0.3538%
2026-05-19 21:14:15,888 [splitlorav5.py] => Task 5, Epoch 10/10 => Loss 0.158, Train_accy 94.38
2026-05-19 21:14:37,066 [trainer.py] => Training time: 0h 6m 56s
2026-05-19 21:15:00,375 [trainer.py] => Evaluation time: 0h 0m 23s
2026-05-19 21:15:00,375 [trainer.py] => Accuracy: {'total': 88.62, '00-09': 94.3, '10-19': 87.7, '20-29': 91.2, '30-39': 84.2, '40-49': 93.6, '50-59': 80.7, 'old': 90.2, 'new': 80.7}
2026-05-19 21:15:00,376 [trainer.py] => (curve) top1 Acc: [99.5, 95.8, 94.37, 92.25, 91.02, 88.62]
2026-05-19 21:15:00,376 [trainer.py] => Avergae Acc: 93.59
2026-05-19 21:15:00,376 [trainer.py] => (curve) top1 Acc with task: [99.5, 99.05, 98.8, 98.75, 98.74, 98.42]
2026-05-19 21:15:00,376 [trainer.py] => Avergae Acc: 98.88
2026-05-19 21:15:00,376 [trainer.py] => (curve) top1 Acc task: [100.0, 96.45, 95.03, 92.85, 91.5, 89.03]
2026-05-19 21:15:00,376 [trainer.py] => Avergae Acc: 94.14
2026-05-19 21:15:00,376 [trainer.py] => ================================================================================
2026-05-19 21:15:00,376 [trainer.py] => ================================================================================
2026-05-19 21:15:00,393 [base.py] => Task 6 learning on class 60-70
2026-05-19 21:15:00,404 [toolkit.py] => Total params:     106,359,223
2026-05-19 21:15:00,404 [toolkit.py] => Trainable params: 376,330
2026-05-19 21:15:00,404 [toolkit.py] => Trainable ratio:  0.3538%
2026-05-19 21:16:36,860 [splitlorav5.py] => Task 3, Epoch 10/10 => Loss 0.146, Train_accy 95.52
2026-05-19 21:16:56,369 [trainer.py] => Training time: 0h 6m 20s
2026-05-19 21:17:11,013 [trainer.py] => Evaluation time: 0h 0m 14s
2026-05-19 21:17:11,013 [trainer.py] => Accuracy: {'total': 91.5, '00-09': 92.3, '10-19': 90.3, '20-29': 93.2, '30-39': 90.2, 'old': 91.93, 'new': 90.2}
2026-05-19 21:17:11,013 [trainer.py] => (curve) top1 Acc: [99.5, 95.15, 94.87, 91.5]
2026-05-19 21:17:11,013 [trainer.py] => Avergae Acc: 95.25
2026-05-19 21:17:11,013 [trainer.py] => (curve) top1 Acc with task: [99.5, 99.05, 98.63, 98.42]
2026-05-19 21:17:11,013 [trainer.py] => Avergae Acc: 98.90
2026-05-19 21:17:11,013 [trainer.py] => (curve) top1 Acc task: [100.0, 95.9, 95.7, 92.17]
2026-05-19 21:17:11,014 [trainer.py] => Avergae Acc: 95.94
2026-05-19 21:17:11,014 [trainer.py] => ================================================================================
2026-05-19 21:17:11,014 [trainer.py] => ================================================================================
2026-05-19 21:17:11,031 [base.py] => Task 4 learning on class 40-50
2026-05-19 21:17:11,041 [toolkit.py] => Total params:     106,359,223
2026-05-19 21:17:11,041 [toolkit.py] => Trainable params: 376,330
2026-05-19 21:17:11,041 [toolkit.py] => Trainable ratio:  0.3538%
2026-05-19 21:21:48,615 [splitlorav5.py] => Task 6, Epoch 10/10 => Loss 0.141, Train_accy 94.84
2026-05-19 21:22:10,429 [trainer.py] => Training time: 0h 7m 10s
2026-05-19 21:22:38,442 [trainer.py] => Evaluation time: 0h 0m 28s
2026-05-19 21:22:38,442 [trainer.py] => Accuracy: {'total': 87.77, '00-09': 91.4, '10-19': 86.4, '20-29': 90.6, '30-39': 83.4, '40-49': 92.9, '50-59': 79.7, '60-69': 90.0, 'old': 87.4, 'new': 90.0}
2026-05-19 21:22:38,442 [trainer.py] => (curve) top1 Acc: [99.5, 95.8, 94.37, 92.25, 91.02, 88.62, 87.77]
2026-05-19 21:22:38,442 [trainer.py] => Avergae Acc: 92.76
2026-05-19 21:22:38,442 [trainer.py] => (curve) top1 Acc with task: [99.5, 99.05, 98.8, 98.75, 98.74, 98.42, 98.27]
2026-05-19 21:22:38,442 [trainer.py] => Avergae Acc: 98.79
2026-05-19 21:22:38,442 [trainer.py] => (curve) top1 Acc task: [100.0, 96.45, 95.03, 92.85, 91.5, 89.03, 88.2]
2026-05-19 21:22:38,442 [trainer.py] => Avergae Acc: 93.29
2026-05-19 21:22:38,442 [trainer.py] => ================================================================================
2026-05-19 21:22:38,442 [trainer.py] => ================================================================================
2026-05-19 21:22:38,470 [base.py] => Task 7 learning on class 70-80
2026-05-19 21:22:38,482 [toolkit.py] => Total params:     106,359,223
2026-05-19 21:22:38,482 [toolkit.py] => Trainable params: 376,330
2026-05-19 21:22:38,482 [toolkit.py] => Trainable ratio:  0.3538%
2026-05-19 21:23:27,039 [splitlorav5.py] => Task 4, Epoch 10/10 => Loss 0.165, Train_accy 94.44
2026-05-19 21:23:47,441 [trainer.py] => Training time: 0h 6m 36s
2026-05-19 21:24:06,301 [trainer.py] => Evaluation time: 0h 0m 18s
2026-05-19 21:24:06,301 [trainer.py] => Accuracy: {'total': 89.14, '00-09': 88.5, '10-19': 86.7, '20-29': 89.4, '30-39': 85.6, '40-49': 95.5, 'old': 87.55, 'new': 95.5}
2026-05-19 21:24:06,301 [trainer.py] => (curve) top1 Acc: [99.5, 95.15, 94.87, 91.5, 89.14]
2026-05-19 21:24:06,301 [trainer.py] => Avergae Acc: 94.03
2026-05-19 21:24:06,301 [trainer.py] => (curve) top1 Acc with task: [99.5, 99.05, 98.63, 98.42, 98.2]
2026-05-19 21:24:06,301 [trainer.py] => Avergae Acc: 98.76
2026-05-19 21:24:06,301 [trainer.py] => (curve) top1 Acc task: [100.0, 95.9, 95.7, 92.17, 89.82]
2026-05-19 21:24:06,301 [trainer.py] => Avergae Acc: 94.72
2026-05-19 21:24:06,301 [trainer.py] => ================================================================================
2026-05-19 21:24:06,301 [trainer.py] => ================================================================================
2026-05-19 21:24:06,320 [base.py] => Task 5 learning on class 50-60
2026-05-19 21:24:06,331 [toolkit.py] => Total params:     106,359,223
2026-05-19 21:24:06,331 [toolkit.py] => Trainable params: 376,330
2026-05-19 21:24:06,331 [toolkit.py] => Trainable ratio:  0.3538%
2026-05-19 21:29:41,918 [splitlorav5.py] => Task 7, Epoch 10/10 => Loss 0.141, Train_accy 95.22
2026-05-19 21:30:04,284 [trainer.py] => Training time: 0h 7m 25s
2026-05-19 21:30:36,853 [splitlorav5.py] => Task 5, Epoch 10/10 => Loss 0.167, Train_accy 94.10
2026-05-19 21:30:37,214 [trainer.py] => Evaluation time: 0h 0m 32s
2026-05-19 21:30:37,215 [trainer.py] => Accuracy: {'total': 87.7, '00-09': 92.2, '10-19': 86.5, '20-29': 91.0, '30-39': 84.6, '40-49': 91.4, '50-59': 78.8, '60-69': 86.6, '70-79': 90.5, 'old': 87.3, 'new': 90.5}
2026-05-19 21:30:37,215 [trainer.py] => (curve) top1 Acc: [99.5, 95.8, 94.37, 92.25, 91.02, 88.62, 87.77, 87.7]
2026-05-19 21:30:37,215 [trainer.py] => Avergae Acc: 92.13
2026-05-19 21:30:37,215 [trainer.py] => (curve) top1 Acc with task: [99.5, 99.05, 98.8, 98.75, 98.74, 98.42, 98.27, 98.4]
2026-05-19 21:30:37,215 [trainer.py] => Avergae Acc: 98.74
2026-05-19 21:30:37,215 [trainer.py] => (curve) top1 Acc task: [100.0, 96.45, 95.03, 92.85, 91.5, 89.03, 88.2, 88.06]
2026-05-19 21:30:37,215 [trainer.py] => Avergae Acc: 92.64
2026-05-19 21:30:37,215 [trainer.py] => ================================================================================
2026-05-19 21:30:37,215 [trainer.py] => ================================================================================
2026-05-19 21:30:37,232 [base.py] => Task 8 learning on class 80-90
2026-05-19 21:30:37,244 [toolkit.py] => Total params:     106,359,223
2026-05-19 21:30:37,244 [toolkit.py] => Trainable params: 376,330
2026-05-19 21:30:37,244 [toolkit.py] => Trainable ratio:  0.3538%
2026-05-19 21:30:57,899 [trainer.py] => Training time: 0h 6m 51s
2026-05-19 21:31:21,092 [trainer.py] => Evaluation time: 0h 0m 23s
2026-05-19 21:31:21,092 [trainer.py] => Accuracy: {'total': 88.43, '00-09': 91.1, '10-19': 88.0, '20-29': 89.5, '30-39': 84.4, '40-49': 93.5, '50-59': 84.1, 'old': 89.3, 'new': 84.1}
2026-05-19 21:31:21,092 [trainer.py] => (curve) top1 Acc: [99.5, 95.15, 94.87, 91.5, 89.14, 88.43]
2026-05-19 21:31:21,092 [trainer.py] => Avergae Acc: 93.10
2026-05-19 21:31:21,092 [trainer.py] => (curve) top1 Acc with task: [99.5, 99.05, 98.63, 98.42, 98.2, 98.08]
2026-05-19 21:31:21,092 [trainer.py] => Avergae Acc: 98.65
2026-05-19 21:31:21,092 [trainer.py] => (curve) top1 Acc task: [100.0, 95.9, 95.7, 92.17, 89.82, 89.07]
2026-05-19 21:31:21,093 [trainer.py] => Avergae Acc: 93.78
2026-05-19 21:31:21,093 [trainer.py] => ================================================================================
2026-05-19 21:31:21,093 [trainer.py] => ================================================================================
2026-05-19 21:31:21,119 [base.py] => Task 6 learning on class 60-70
2026-05-19 21:31:21,140 [toolkit.py] => Total params:     106,359,223
2026-05-19 21:31:21,140 [toolkit.py] => Trainable params: 376,330
2026-05-19 21:31:21,141 [toolkit.py] => Trainable ratio:  0.3538%
2026-05-19 21:37:55,063 [splitlorav5.py] => Task 8, Epoch 10/10 => Loss 0.116, Train_accy 95.98
2026-05-19 21:38:06,296 [splitlorav5.py] => Task 6, Epoch 10/10 => Loss 0.158, Train_accy 94.58
2026-05-19 21:38:18,517 [trainer.py] => Training time: 0h 7m 41s
2026-05-19 21:38:27,996 [trainer.py] => Training time: 0h 7m 6s
2026-05-19 21:38:55,861 [trainer.py] => Evaluation time: 0h 0m 27s
2026-05-19 21:38:55,862 [trainer.py] => Accuracy: {'total': 87.76, '00-09': 88.5, '10-19': 85.9, '20-29': 89.3, '30-39': 84.6, '40-49': 89.7, '50-59': 84.0, '60-69': 92.3, 'old': 87.0, 'new': 92.3}
2026-05-19 21:38:55,862 [trainer.py] => (curve) top1 Acc: [99.5, 95.15, 94.87, 91.5, 89.14, 88.43, 87.76]
2026-05-19 21:38:55,862 [trainer.py] => Avergae Acc: 92.34
2026-05-19 21:38:55,862 [trainer.py] => (curve) top1 Acc with task: [99.5, 99.05, 98.63, 98.42, 98.2, 98.08, 98.1]
2026-05-19 21:38:55,862 [trainer.py] => Avergae Acc: 98.57
2026-05-19 21:38:55,862 [trainer.py] => (curve) top1 Acc task: [100.0, 95.9, 95.7, 92.17, 89.82, 89.07, 88.34]
2026-05-19 21:38:55,862 [trainer.py] => Avergae Acc: 93.00
2026-05-19 21:38:55,862 [trainer.py] => ================================================================================
2026-05-19 21:38:55,862 [trainer.py] => ================================================================================
2026-05-19 21:38:55,886 [base.py] => Task 7 learning on class 70-80
2026-05-19 21:38:55,897 [toolkit.py] => Total params:     106,359,223
2026-05-19 21:38:55,897 [toolkit.py] => Trainable params: 376,330
2026-05-19 21:38:55,897 [toolkit.py] => Trainable ratio:  0.3538%
2026-05-19 21:38:56,673 [trainer.py] => Evaluation time: 0h 0m 38s
2026-05-19 21:38:56,673 [trainer.py] => Accuracy: {'total': 87.34, '00-09': 89.9, '10-19': 85.8, '20-29': 89.5, '30-39': 83.7, '40-49': 91.8, '50-59': 77.4, '60-69': 86.8, '70-79': 87.7, '80-89': 93.5, 'old': 86.58, 'new': 93.5}
2026-05-19 21:38:56,673 [trainer.py] => (curve) top1 Acc: [99.5, 95.8, 94.37, 92.25, 91.02, 88.62, 87.77, 87.7, 87.34]
2026-05-19 21:38:56,673 [trainer.py] => Avergae Acc: 91.60
2026-05-19 21:38:56,673 [trainer.py] => (curve) top1 Acc with task: [99.5, 99.05, 98.8, 98.75, 98.74, 98.42, 98.27, 98.4, 98.27]
2026-05-19 21:38:56,673 [trainer.py] => Avergae Acc: 98.69
2026-05-19 21:38:56,673 [trainer.py] => (curve) top1 Acc task: [100.0, 96.45, 95.03, 92.85, 91.5, 89.03, 88.2, 88.06, 87.81]
2026-05-19 21:38:56,673 [trainer.py] => Avergae Acc: 92.10
2026-05-19 21:38:56,674 [trainer.py] => ================================================================================
2026-05-19 21:38:56,674 [trainer.py] => ================================================================================
2026-05-19 21:38:56,707 [base.py] => Task 9 learning on class 90-100
2026-05-19 21:38:56,719 [toolkit.py] => Total params:     106,359,223
2026-05-19 21:38:56,719 [toolkit.py] => Trainable params: 376,330
2026-05-19 21:38:56,719 [toolkit.py] => Trainable ratio:  0.3538%
2026-05-19 21:45:54,838 [splitlorav5.py] => Task 7, Epoch 10/10 => Loss 0.152, Train_accy 94.86
2026-05-19 21:46:16,914 [trainer.py] => Training time: 0h 7m 21s
2026-05-19 21:46:28,600 [splitlorav5.py] => Task 9, Epoch 10/10 => Loss 0.094, Train_accy 96.88
2026-05-19 21:46:49,602 [trainer.py] => Evaluation time: 0h 0m 32s
2026-05-19 21:46:49,603 [trainer.py] => Accuracy: {'total': 87.09, '00-09': 90.0, '10-19': 81.9, '20-29': 89.2, '30-39': 84.5, '40-49': 89.7, '50-59': 81.2, '60-69': 88.4, '70-79': 91.8, 'old': 86.41, 'new': 91.8}
2026-05-19 21:46:49,603 [trainer.py] => (curve) top1 Acc: [99.5, 95.15, 94.87, 91.5, 89.14, 88.43, 87.76, 87.09]
2026-05-19 21:46:49,603 [trainer.py] => Avergae Acc: 91.68
2026-05-19 21:46:49,603 [trainer.py] => (curve) top1 Acc with task: [99.5, 99.05, 98.63, 98.42, 98.2, 98.08, 98.1, 98.0]
2026-05-19 21:46:49,603 [trainer.py] => Avergae Acc: 98.50
2026-05-19 21:46:49,603 [trainer.py] => (curve) top1 Acc task: [100.0, 95.9, 95.7, 92.17, 89.82, 89.07, 88.34, 87.7]
2026-05-19 21:46:49,603 [trainer.py] => Avergae Acc: 92.34
2026-05-19 21:46:49,603 [trainer.py] => ================================================================================
2026-05-19 21:46:49,603 [trainer.py] => ================================================================================
2026-05-19 21:46:49,626 [base.py] => Task 8 learning on class 80-90
2026-05-19 21:46:49,637 [toolkit.py] => Total params:     106,359,223
2026-05-19 21:46:49,637 [toolkit.py] => Trainable params: 376,330
2026-05-19 21:46:49,637 [toolkit.py] => Trainable ratio:  0.3538%
2026-05-19 21:46:53,774 [trainer.py] => Training time: 0h 7m 57s
2026-05-19 21:47:37,184 [trainer.py] => Evaluation time: 0h 0m 43s
2026-05-19 21:47:37,185 [trainer.py] => Accuracy: {'total': 85.66, '00-09': 91.6, '10-19': 82.9, '20-29': 89.9, '30-39': 79.3, '40-49': 86.4, '50-59': 75.1, '60-69': 83.2, '70-79': 85.3, '80-89': 89.4, '90-99': 93.5, 'old': 84.79, 'new': 93.5}
2026-05-19 21:47:37,185 [trainer.py] => (curve) top1 Acc: [99.5, 95.8, 94.37, 92.25, 91.02, 88.62, 87.77, 87.7, 87.34, 85.66]
2026-05-19 21:47:37,185 [trainer.py] => Avergae Acc: 91.00
2026-05-19 21:47:37,185 [trainer.py] => (curve) top1 Acc with task: [99.5, 99.05, 98.8, 98.75, 98.74, 98.42, 98.27, 98.4, 98.27, 98.48]
2026-05-19 21:47:37,185 [trainer.py] => Avergae Acc: 98.67
2026-05-19 21:47:37,185 [trainer.py] => (curve) top1 Acc task: [100.0, 96.45, 95.03, 92.85, 91.5, 89.03, 88.2, 88.06, 87.81, 85.91]
2026-05-19 21:47:37,185 [trainer.py] => Avergae Acc: 91.48
2026-05-19 21:47:37,185 [trainer.py] => ================================================================================
2026-05-19 21:54:00,730 [splitlorav5.py] => Task 8, Epoch 10/10 => Loss 0.123, Train_accy 95.90
2026-05-19 21:54:23,467 [trainer.py] => Training time: 0h 7m 33s
2026-05-19 21:55:01,017 [trainer.py] => Evaluation time: 0h 0m 37s
2026-05-19 21:55:01,018 [trainer.py] => Accuracy: {'total': 85.3, '00-09': 86.4, '10-19': 81.4, '20-29': 87.4, '30-39': 82.9, '40-49': 87.7, '50-59': 76.7, '60-69': 86.3, '70-79': 84.8, '80-89': 94.1, 'old': 84.2, 'new': 94.1}
2026-05-19 21:55:01,018 [trainer.py] => (curve) top1 Acc: [99.5, 95.15, 94.87, 91.5, 89.14, 88.43, 87.76, 87.09, 85.3]
2026-05-19 21:55:01,018 [trainer.py] => Avergae Acc: 90.97
2026-05-19 21:55:01,018 [trainer.py] => (curve) top1 Acc with task: [99.5, 99.05, 98.63, 98.42, 98.2, 98.08, 98.1, 98.0, 97.82]
2026-05-19 21:55:01,018 [trainer.py] => Avergae Acc: 98.42
2026-05-19 21:55:01,018 [trainer.py] => (curve) top1 Acc task: [100.0, 95.9, 95.7, 92.17, 89.82, 89.07, 88.34, 87.7, 85.77]
2026-05-19 21:55:01,018 [trainer.py] => Avergae Acc: 91.61
2026-05-19 21:55:01,018 [trainer.py] => ================================================================================
2026-05-19 21:55:01,018 [trainer.py] => ================================================================================
2026-05-19 21:55:01,037 [base.py] => Task 9 learning on class 90-100
2026-05-19 21:55:01,048 [toolkit.py] => Total params:     106,359,223
2026-05-19 21:55:01,049 [toolkit.py] => Trainable params: 376,330
2026-05-19 21:55:01,049 [toolkit.py] => Trainable ratio:  0.3538%
2026-05-19 22:02:26,709 [splitlorav5.py] => Task 9, Epoch 10/10 => Loss 0.104, Train_accy 96.82
2026-05-19 22:02:50,187 [trainer.py] => Training time: 0h 7m 49s
2026-05-19 22:03:33,153 [trainer.py] => Evaluation time: 0h 0m 42s
2026-05-19 22:03:33,153 [trainer.py] => Accuracy: {'total': 82.79, '00-09': 87.8, '10-19': 73.9, '20-29': 86.6, '30-39': 76.8, '40-49': 82.8, '50-59': 75.7, '60-69': 81.0, '70-79': 80.9, '80-89': 87.2, '90-99': 95.2, 'old': 81.41, 'new': 95.2}
2026-05-19 22:03:33,153 [trainer.py] => (curve) top1 Acc: [99.5, 95.15, 94.87, 91.5, 89.14, 88.43, 87.76, 87.09, 85.3, 82.79]
2026-05-19 22:03:33,153 [trainer.py] => Avergae Acc: 90.15
2026-05-19 22:03:33,153 [trainer.py] => (curve) top1 Acc with task: [99.5, 99.05, 98.63, 98.42, 98.2, 98.08, 98.1, 98.0, 97.82, 98.2]
2026-05-19 22:03:33,153 [trainer.py] => Avergae Acc: 98.40
2026-05-19 22:03:33,153 [trainer.py] => (curve) top1 Acc task: [100.0, 95.9, 95.7, 92.17, 89.82, 89.07, 88.34, 87.7, 85.77, 83.16]
2026-05-19 22:03:33,153 [trainer.py] => Avergae Acc: 90.76
2026-05-19 22:03:33,154 [trainer.py] => ================================================================================
