nohup: ignoring input
  cifar100_seed=1997_lo=0.1_ls_0.1_mu=0.1
    OK
  cifar100_seed=1997_lo=0.01_ls_0.01_mu=0.01
    OK
  cifar100_seed=1997_lo=0.001_ls_0.001_mu=0.001
    OK
  cifar100_seed=1997_lo=0.0001_ls_0.0001_mu=0.0001
    OK
  cifar100_seed=1997_lo=0.00001_ls_0.00001_mu=0.00001
    OK
  cifar100_seed=1997_lo=0.000001_ls_0.000001_mu=0.000001
    OK
  cifar100_seed=1997_lo=0.0000001_ls_0.0000001_mu=0.0000001
    OK
  cifar100_seed=1997_lo=1_ls_1_mu=1
    OK
  cifar100_seed=1997_lo=10_ls_10_mu=10
    OK
  cifar100_seed=1997_lo=100_ls_100_mu=100
    OK
  domain_seed=1997_lo=0.1_ls_0.1_mu=0.1
    OK
  domain_seed=1997_lo=0.01_ls_0.01_mu=0.01
    OK
  domain_seed=1997_lo=0.001_ls_0.001_mu=0.001
    OK
  domain_seed=1997_lo=0.0001_ls_0.0001_mu=0.0001
