2026-08-30 07:22:27,248 [toolkit.py] => config: configs/bilora_e/imagenet-a_bilora.json
2026-08-30 07:22:27,249 [toolkit.py] => device: [device(type='cuda', index=0)]
2026-08-30 07:22:27,249 [toolkit.py] => debug: False
2026-08-30 07:22:27,249 [toolkit.py] => save_ckp: False
2026-08-30 07:22:27,249 [toolkit.py] => moe_list: None
2026-08-30 07:22:27,249 [toolkit.py] => prefix: reproduce
2026-08-30 07:22:27,249 [toolkit.py] => dataset: imagenet-a
2026-08-30 07:22:27,249 [toolkit.py] => data_path: data/imagenet-a
2026-08-30 07:22:27,249 [toolkit.py] => memory_size: 0
2026-08-30 07:22:27,249 [toolkit.py] => memory_per_class: 0
2026-08-30 07:22:27,249 [toolkit.py] => fixed_memory: True
2026-08-30 07:22:27,249 [toolkit.py] => shuffle: False
2026-08-30 07:22:27,249 [toolkit.py] => init_cls: 20
2026-08-30 07:22:27,249 [toolkit.py] => increment: 20
2026-08-30 07:22:27,249 [toolkit.py] => model_name: bilora_e
2026-08-30 07:22:27,249 [toolkit.py] => method: bilora_e
2026-08-30 07:22:27,249 [toolkit.py] => net_type: sip
2026-08-30 07:22:27,249 [toolkit.py] => embd_dim: 768
2026-08-30 07:22:27,249 [toolkit.py] => num_heads: 12
2026-08-30 07:22:27,249 [toolkit.py] => total_sessions: 10
2026-08-30 07:22:27,249 [toolkit.py] => sessions: 10
2026-08-30 07:22:27,249 [toolkit.py] => seed: 1993
2026-08-30 07:22:27,249 [toolkit.py] => EPSILON: 1e-08
2026-08-30 07:22:27,249 [toolkit.py] => init_epoch: 10
2026-08-30 07:22:27,249 [toolkit.py] => optim: adam
2026-08-30 07:22:27,250 [toolkit.py] => scheduler: cosine
2026-08-30 07:22:27,250 [toolkit.py] => optimizer: adam
2026-08-30 07:22:27,250 [toolkit.py] => init_lr: 0.0005
2026-08-30 07:22:27,250 [toolkit.py] => init_lr_decay: 0.1
2026-08-30 07:22:27,250 [toolkit.py] => init_weight_decay: 0.0
2026-08-30 07:22:27,250 [toolkit.py] => epochs: 10
2026-08-30 07:22:27,250 [toolkit.py] => lrate: 0.0005
2026-08-30 07:22:27,250 [toolkit.py] => lrate_decay: 0.1
2026-08-30 07:22:27,250 [toolkit.py] => batch_size: 128
2026-08-30 07:22:27,250 [toolkit.py] => weight_decay: 0.0
2026-08-30 07:22:27,250 [toolkit.py] => rank: 10
2026-08-30 07:22:27,250 [toolkit.py] => lamb: 0.95
2026-08-30 07:22:27,250 [toolkit.py] => lame: 1.0
2026-08-30 07:22:27,250 [toolkit.py] => num_workers: 16
2026-08-30 07:22:27,250 [toolkit.py] => lrate_head: 0
2026-08-30 07:22:27,250 [toolkit.py] => logdir: logs/bilora_e/imagenet-a/t10
2026-08-30 07:22:27,250 [toolkit.py] => logfilename: logs/bilora_e/imagenet-a/t10/seed1993
2026-08-30 07:22:27,276 [data_manager.py] => Class index order: 0, 1, 2, 3, 4, ..., 195, 196, 197, 198, 199
2026-08-30 07:23:25,210 [toolkit.py] => config: configs/bilora_e/imagenet-a_bilora.json
2026-08-30 07:23:25,211 [toolkit.py] => device: [device(type='cuda', index=0)]
2026-08-30 07:23:25,211 [toolkit.py] => debug: False
2026-08-30 07:23:25,211 [toolkit.py] => save_ckp: False
2026-08-30 07:23:25,211 [toolkit.py] => moe_list: None
2026-08-30 07:23:25,211 [toolkit.py] => prefix: reproduce
2026-08-30 07:23:25,211 [toolkit.py] => dataset: imagenet-a
2026-08-30 07:23:25,211 [toolkit.py] => data_path: data/imagenet-a
2026-08-30 07:23:25,211 [toolkit.py] => memory_size: 0
2026-08-30 07:23:25,211 [toolkit.py] => memory_per_class: 0
2026-08-30 07:23:25,211 [toolkit.py] => fixed_memory: True
2026-08-30 07:23:25,211 [toolkit.py] => shuffle: False
2026-08-30 07:23:25,211 [toolkit.py] => init_cls: 20
2026-08-30 07:23:25,211 [toolkit.py] => increment: 20
2026-08-30 07:23:25,211 [toolkit.py] => model_name: bilora_e
2026-08-30 07:23:25,211 [toolkit.py] => method: bilora_e
2026-08-30 07:23:25,211 [toolkit.py] => net_type: sip
2026-08-30 07:23:25,211 [toolkit.py] => embd_dim: 768
2026-08-30 07:23:25,211 [toolkit.py] => num_heads: 12
2026-08-30 07:23:25,211 [toolkit.py] => total_sessions: 10
2026-08-30 07:23:25,211 [toolkit.py] => sessions: 10
2026-08-30 07:23:25,211 [toolkit.py] => seed: 1993
2026-08-30 07:23:25,211 [toolkit.py] => EPSILON: 1e-08
2026-08-30 07:23:25,211 [toolkit.py] => init_epoch: 10
2026-08-30 07:23:25,211 [toolkit.py] => optim: adam
2026-08-30 07:23:25,211 [toolkit.py] => scheduler: cosine
2026-08-30 07:23:25,211 [toolkit.py] => optimizer: adam
2026-08-30 07:23:25,211 [toolkit.py] => init_lr: 0.0005
2026-08-30 07:23:25,212 [toolkit.py] => init_lr_decay: 0.1
2026-08-30 07:23:25,212 [toolkit.py] => init_weight_decay: 0.0
2026-08-30 07:23:25,212 [toolkit.py] => epochs: 10
2026-08-30 07:23:25,212 [toolkit.py] => lrate: 0.0005
2026-08-30 07:23:25,212 [toolkit.py] => lrate_decay: 0.1
2026-08-30 07:23:25,212 [toolkit.py] => batch_size: 128
2026-08-30 07:23:25,212 [toolkit.py] => weight_decay: 0.0
2026-08-30 07:23:25,212 [toolkit.py] => rank: 10
2026-08-30 07:23:25,212 [toolkit.py] => lamb: 0.95
2026-08-30 07:23:25,212 [toolkit.py] => lame: 1.0
2026-08-30 07:23:25,212 [toolkit.py] => num_workers: 16
2026-08-30 07:23:25,212 [toolkit.py] => lrate_head: 0
2026-08-30 07:23:25,212 [toolkit.py] => R: 0.5
2026-08-30 07:23:25,212 [toolkit.py] => logdir: logs/bilora_e/imagenet-a/t10
2026-08-30 07:23:25,212 [toolkit.py] => logfilename: logs/bilora_e/imagenet-a/t10/seed1993
2026-08-30 07:23:25,238 [data_manager.py] => Class index order: 0, 1, 2, 3, 4, ..., 195, 196, 197, 198, 199
2026-08-30 07:23:28,751 [trainer.py] => ================================================================================
2026-08-30 07:23:28,751 [trainer.py] => Dataset Information
2026-08-30 07:23:28,751 [trainer.py] => ================================================================================
2026-08-30 07:23:28,752 [trainer.py] =>   Dataset name     : imagenet-a
2026-08-30 07:23:28,752 [trainer.py] =>   Data path        : data/imagenet-a
2026-08-30 07:23:28,752 [trainer.py] =>   Total classes    : 200
2026-08-30 07:23:28,752 [trainer.py] =>   Total tasks      : 10
2026-08-30 07:23:28,752 [trainer.py] =>   Task increments  : [20, 20, 20, 20, 20, 20, 20, 20, 20, 20]
2026-08-30 07:23:28,752 [trainer.py] =>   Init classes     : 20
2026-08-30 07:23:28,752 [trainer.py] =>   Increment per task: 20
2026-08-30 07:23:28,752 [trainer.py] =>   Shuffle          : False
2026-08-30 07:23:28,752 [trainer.py] =>   Seed             : 1993
2026-08-30 07:23:28,752 [trainer.py] => --------------------------------------------------------------------------------
2026-08-30 07:23:28,752 [trainer.py] => Task split:
2026-08-30 07:23:28,753 [trainer.py] =>   Task 0: classes 0-19 (20 classes) | Train: 1253 images (5 batches), Test: 313 images (2 batches)
2026-08-30 07:23:28,754 [trainer.py] =>   Task 1: classes 20-39 (20 classes) | Train: 1000 images (4 batches), Test: 251 images (1 batches)
2026-08-30 07:23:28,755 [trainer.py] =>   Task 2: classes 40-59 (20 classes) | Train: 1000 images (4 batches), Test: 251 images (1 batches)
2026-08-30 07:23:28,756 [trainer.py] =>   Task 3: classes 60-79 (20 classes) | Train: 610 images (3 batches), Test: 151 images (1 batches)
2026-08-30 07:23:28,756 [trainer.py] =>   Task 4: classes 80-99 (20 classes) | Train: 426 images (2 batches), Test: 102 images (1 batches)
2026-08-30 07:23:28,757 [trainer.py] =>   Task 5: classes 100-119 (20 classes) | Train: 263 images (2 batches), Test: 68 images (1 batches)
2026-08-30 07:23:28,757 [trainer.py] =>   Task 6: classes 120-139 (20 classes) | Train: 351 images (2 batches), Test: 89 images (1 batches)
2026-08-30 07:23:28,758 [trainer.py] =>   Task 7: classes 140-159 (20 classes) | Train: 321 images (2 batches), Test: 81 images (1 batches)
2026-08-30 07:23:28,759 [trainer.py] =>   Task 8: classes 160-179 (20 classes) | Train: 391 images (2 batches), Test: 97 images (1 batches)
2026-08-30 07:23:28,759 [trainer.py] =>   Task 9: classes 180-199 (20 classes) | Train: 385 images (2 batches), Test: 97 images (1 batches)
2026-08-30 07:23:28,759 [trainer.py] => ================================================================================
2026-08-30 07:23:28,759 [trainer.py] => ================================================================================
2026-08-30 07:38:22,127 [toolkit.py] => config: configs/bilora_e/imagenet-a_bilora.json
2026-08-30 07:38:22,127 [toolkit.py] => device: [device(type='cuda', index=0)]
2026-08-30 07:38:22,127 [toolkit.py] => debug: False
2026-08-30 07:38:22,127 [toolkit.py] => save_ckp: False
2026-08-30 07:38:22,127 [toolkit.py] => moe_list: None
2026-08-30 07:38:22,127 [toolkit.py] => prefix: reproduce
2026-08-30 07:38:22,127 [toolkit.py] => dataset: imagenet-a
2026-08-30 07:38:22,127 [toolkit.py] => data_path: data/imagenet-a
2026-08-30 07:38:22,127 [toolkit.py] => memory_size: 0
2026-08-30 07:38:22,127 [toolkit.py] => memory_per_class: 0
2026-08-30 07:38:22,127 [toolkit.py] => fixed_memory: True
2026-08-30 07:38:22,128 [toolkit.py] => shuffle: False
2026-08-30 07:38:22,128 [toolkit.py] => init_cls: 20
2026-08-30 07:38:22,128 [toolkit.py] => increment: 20
2026-08-30 07:38:22,128 [toolkit.py] => model_name: bilora_e
2026-08-30 07:38:22,128 [toolkit.py] => method: bilora_e
2026-08-30 07:38:22,128 [toolkit.py] => net_type: sip
2026-08-30 07:38:22,128 [toolkit.py] => embd_dim: 768
2026-08-30 07:38:22,128 [toolkit.py] => num_heads: 12
2026-08-30 07:38:22,128 [toolkit.py] => total_sessions: 10
2026-08-30 07:38:22,128 [toolkit.py] => sessions: 10
2026-08-30 07:38:22,128 [toolkit.py] => seed: 1993
2026-08-30 07:38:22,128 [toolkit.py] => EPSILON: 1e-08
2026-08-30 07:38:22,128 [toolkit.py] => init_epoch: 10
2026-08-30 07:38:22,128 [toolkit.py] => optim: adam
2026-08-30 07:38:22,128 [toolkit.py] => scheduler: cosine
2026-08-30 07:38:22,128 [toolkit.py] => optimizer: adam
2026-08-30 07:38:22,128 [toolkit.py] => init_lr: 0.0005
2026-08-30 07:38:22,128 [toolkit.py] => init_lr_decay: 0.1
2026-08-30 07:38:22,128 [toolkit.py] => init_weight_decay: 0.0
2026-08-30 07:38:22,128 [toolkit.py] => epochs: 10
2026-08-30 07:38:22,128 [toolkit.py] => lrate: 0.0005
2026-08-30 07:38:22,128 [toolkit.py] => lrate_decay: 0.1
2026-08-30 07:38:22,128 [toolkit.py] => batch_size: 128
2026-08-30 07:38:22,128 [toolkit.py] => weight_decay: 0.0
2026-08-30 07:38:22,128 [toolkit.py] => rank: 10
2026-08-30 07:38:22,128 [toolkit.py] => lamb: 0.95
2026-08-30 07:38:22,128 [toolkit.py] => lame: 1.0
2026-08-30 07:38:22,128 [toolkit.py] => num_workers: 16
2026-08-30 07:38:22,128 [toolkit.py] => lrate_head: 0
2026-08-30 07:38:22,129 [toolkit.py] => R: 0.5
2026-08-30 07:38:22,129 [toolkit.py] => logdir: logs/bilora_e/imagenet-a/t10
2026-08-30 07:38:22,129 [toolkit.py] => logfilename: logs/bilora_e/imagenet-a/t10/seed1993
2026-08-30 07:38:22,154 [data_manager.py] => Class index order: 0, 1, 2, 3, 4, ..., 195, 196, 197, 198, 199
2026-08-30 07:38:26,450 [trainer.py] => ================================================================================
2026-08-30 07:38:26,451 [trainer.py] => Dataset Information
2026-08-30 07:38:26,451 [trainer.py] => ================================================================================
2026-08-30 07:38:26,451 [trainer.py] =>   Dataset name     : imagenet-a
2026-08-30 07:38:26,451 [trainer.py] =>   Data path        : data/imagenet-a
2026-08-30 07:38:26,451 [trainer.py] =>   Total classes    : 200
2026-08-30 07:38:26,451 [trainer.py] =>   Total tasks      : 10
2026-08-30 07:38:26,451 [trainer.py] =>   Task increments  : [20, 20, 20, 20, 20, 20, 20, 20, 20, 20]
2026-08-30 07:38:26,451 [trainer.py] =>   Init classes     : 20
2026-08-30 07:38:26,451 [trainer.py] =>   Increment per task: 20
2026-08-30 07:38:26,451 [trainer.py] =>   Shuffle          : False
2026-08-30 07:38:26,451 [trainer.py] =>   Seed             : 1993
2026-08-30 07:38:26,451 [trainer.py] => --------------------------------------------------------------------------------
2026-08-30 07:38:26,451 [trainer.py] => Task split:
2026-08-30 07:38:26,452 [trainer.py] =>   Task 0: classes 0-19 (20 classes) | Train: 1253 images (5 batches), Test: 313 images (2 batches)
2026-08-30 07:38:26,453 [trainer.py] =>   Task 1: classes 20-39 (20 classes) | Train: 1000 images (4 batches), Test: 251 images (1 batches)
2026-08-30 07:38:26,454 [trainer.py] =>   Task 2: classes 40-59 (20 classes) | Train: 1000 images (4 batches), Test: 251 images (1 batches)
2026-08-30 07:38:26,454 [trainer.py] =>   Task 3: classes 60-79 (20 classes) | Train: 610 images (3 batches), Test: 151 images (1 batches)
2026-08-30 07:38:26,455 [trainer.py] =>   Task 4: classes 80-99 (20 classes) | Train: 426 images (2 batches), Test: 102 images (1 batches)
2026-08-30 07:38:26,455 [trainer.py] =>   Task 5: classes 100-119 (20 classes) | Train: 263 images (2 batches), Test: 68 images (1 batches)
2026-08-30 07:38:26,456 [trainer.py] =>   Task 6: classes 120-139 (20 classes) | Train: 351 images (2 batches), Test: 89 images (1 batches)
2026-08-30 07:38:26,456 [trainer.py] =>   Task 7: classes 140-159 (20 classes) | Train: 321 images (2 batches), Test: 81 images (1 batches)
2026-08-30 07:38:26,457 [trainer.py] =>   Task 8: classes 160-179 (20 classes) | Train: 391 images (2 batches), Test: 97 images (1 batches)
2026-08-30 07:38:26,457 [trainer.py] =>   Task 9: classes 180-199 (20 classes) | Train: 385 images (2 batches), Test: 97 images (1 batches)
2026-08-30 07:38:26,457 [trainer.py] => ================================================================================
2026-08-30 07:38:26,458 [trainer.py] => ================================================================================
2026-08-30 07:38:26,458 [bilora_e.py] => Task 0/10 learning on classes 0-19
2026-08-30 07:38:26,458 [bilora_e.py] => Learning on 0-20
2026-08-30 07:40:24,950 [bilora_e.py] => Task 0, Epoch 10/10 => Loss 0.482, Train_accy 85.08
2026-08-30 07:40:31,435 [trainer.py] => Training time: 0h 2m 4s
2026-08-30 07:40:33,975 [trainer.py] => Evaluation time: 0h 0m 2s
2026-08-30 07:40:33,975 [bilora_e.py] => Exemplar size: 0
2026-08-30 07:40:33,975 [trainer.py] => Accuracy: {'total': 84.66, '00-19': 84.66, 'old': 0, 'new': 84.66}
2026-08-30 07:40:33,975 [trainer.py] => (curve) top1 Acc: [84.66]
2026-08-30 07:40:33,975 [trainer.py] => Avergae Acc: 84.66
2026-08-30 07:40:33,975 [trainer.py] => (curve) top1 Acc with task: [84.66]
2026-08-30 07:40:33,975 [trainer.py] => Avergae Acc: 84.66
2026-08-30 07:40:33,976 [trainer.py] => (curve) top1 Acc task: [100.0]
2026-08-30 07:40:33,976 [trainer.py] => Avergae Acc: 100.00
2026-08-30 07:40:33,976 [trainer.py] => ================================================================================
2026-08-30 07:40:33,976 [trainer.py] => ================================================================================
2026-08-30 07:40:33,976 [bilora_e.py] => Task 1/10 learning on classes 20-39
2026-08-30 07:40:33,976 [bilora_e.py] => Learning on 20-40
2026-08-30 07:42:12,439 [bilora_e.py] => Task 1, Epoch 10/10 => Loss 0.420, Train_accy 87.40
2026-08-30 07:42:18,057 [trainer.py] => Training time: 0h 1m 44s
2026-08-30 07:42:21,526 [trainer.py] => Evaluation time: 0h 0m 3s
2026-08-30 07:42:21,526 [bilora_e.py] => Exemplar size: 0
2026-08-30 07:42:21,526 [trainer.py] => Accuracy: {'total': 73.94, '00-19': 81.79, '20-39': 64.14, 'old': 81.79, 'new': 64.14}
2026-08-30 07:42:21,526 [trainer.py] => (curve) top1 Acc: [84.66, 73.94]
2026-08-30 07:42:21,526 [trainer.py] => Avergae Acc: 79.30
2026-08-30 07:42:21,526 [trainer.py] => (curve) top1 Acc with task: [84.66, 84.04]
2026-08-30 07:42:21,526 [trainer.py] => Avergae Acc: 84.35
2026-08-30 07:42:21,526 [trainer.py] => (curve) top1 Acc task: [100.0, 84.75]
2026-08-30 07:42:21,526 [trainer.py] => Avergae Acc: 92.38
2026-08-30 07:42:21,526 [trainer.py] => ================================================================================
2026-08-30 07:42:21,526 [trainer.py] => ================================================================================
2026-08-30 07:42:21,526 [bilora_e.py] => Task 2/10 learning on classes 40-59
2026-08-30 07:42:21,526 [bilora_e.py] => Learning on 40-60
2026-08-30 07:44:01,830 [bilora_e.py] => Task 2, Epoch 10/10 => Loss 0.544, Train_accy 83.50
2026-08-30 07:44:07,357 [trainer.py] => Training time: 0h 1m 45s
2026-08-30 07:44:11,904 [trainer.py] => Evaluation time: 0h 0m 4s
2026-08-30 07:44:11,904 [bilora_e.py] => Exemplar size: 0
2026-08-30 07:44:11,905 [trainer.py] => Accuracy: {'total': 67.85, '00-19': 81.47, '20-39': 64.94, '40-59': 53.78, 'old': 74.11, 'new': 53.78}
2026-08-30 07:44:11,905 [trainer.py] => (curve) top1 Acc: [84.66, 73.94, 67.85]
2026-08-30 07:44:11,905 [trainer.py] => Avergae Acc: 75.48
2026-08-30 07:44:11,905 [trainer.py] => (curve) top1 Acc with task: [84.66, 84.04, 81.6]
2026-08-30 07:44:11,905 [trainer.py] => Avergae Acc: 83.43
2026-08-30 07:44:11,905 [trainer.py] => (curve) top1 Acc task: [100.0, 84.75, 78.4]
2026-08-30 07:44:11,905 [trainer.py] => Avergae Acc: 87.72
2026-08-30 07:44:11,905 [trainer.py] => ================================================================================
2026-08-30 07:44:11,905 [trainer.py] => ================================================================================
2026-08-30 07:44:11,905 [bilora_e.py] => Task 3/10 learning on classes 60-79
2026-08-30 07:44:11,905 [bilora_e.py] => Learning on 60-80
2026-08-30 07:45:18,308 [bilora_e.py] => Task 3, Epoch 10/10 => Loss 0.534, Train_accy 84.59
2026-08-30 07:45:22,451 [trainer.py] => Training time: 0h 1m 10s
2026-08-30 07:45:27,669 [trainer.py] => Evaluation time: 0h 0m 5s
2026-08-30 07:45:27,669 [bilora_e.py] => Exemplar size: 0
2026-08-30 07:45:27,669 [trainer.py] => Accuracy: {'total': 63.87, '00-19': 79.87, '20-39': 60.56, '40-59': 51.79, '60-79': 56.29, 'old': 65.28, 'new': 56.29}
2026-08-30 07:45:27,669 [trainer.py] => (curve) top1 Acc: [84.66, 73.94, 67.85, 63.87]
2026-08-30 07:45:27,669 [trainer.py] => Avergae Acc: 72.58
2026-08-30 07:45:27,669 [trainer.py] => (curve) top1 Acc with task: [84.66, 84.04, 81.6, 82.3]
2026-08-30 07:45:27,669 [trainer.py] => Avergae Acc: 83.15
2026-08-30 07:45:27,669 [trainer.py] => (curve) top1 Acc task: [100.0, 84.75, 78.4, 72.15]
2026-08-30 07:45:27,669 [trainer.py] => Avergae Acc: 83.82
2026-08-30 07:45:27,669 [trainer.py] => ================================================================================
2026-08-30 07:45:27,670 [trainer.py] => ================================================================================
2026-08-30 07:45:27,670 [bilora_e.py] => Task 4/10 learning on classes 80-99
2026-08-30 07:45:27,670 [bilora_e.py] => Learning on 80-100
2026-08-30 07:46:17,979 [bilora_e.py] => Task 4, Epoch 10/10 => Loss 0.970, Train_accy 73.00
2026-08-30 07:46:21,182 [trainer.py] => Training time: 0h 0m 53s
2026-08-30 07:46:26,847 [trainer.py] => Evaluation time: 0h 0m 5s
2026-08-30 07:46:26,847 [bilora_e.py] => Exemplar size: 0
2026-08-30 07:46:26,847 [trainer.py] => Accuracy: {'total': 60.11, '00-19': 79.87, '20-39': 59.76, '40-59': 52.99, '60-79': 54.97, '80-99': 25.49, 'old': 63.77, 'new': 25.49}
2026-08-30 07:46:26,847 [trainer.py] => (curve) top1 Acc: [84.66, 73.94, 67.85, 63.87, 60.11]
2026-08-30 07:46:26,847 [trainer.py] => Avergae Acc: 70.09
2026-08-30 07:46:26,847 [trainer.py] => (curve) top1 Acc with task: [84.66, 84.04, 81.6, 82.3, 79.87]
2026-08-30 07:46:26,847 [trainer.py] => Avergae Acc: 82.49
2026-08-30 07:46:26,847 [trainer.py] => (curve) top1 Acc task: [100.0, 84.75, 78.4, 72.15, 67.23]
2026-08-30 07:46:26,847 [trainer.py] => Avergae Acc: 80.51
2026-08-30 07:46:26,847 [trainer.py] => ================================================================================
2026-08-30 07:46:26,847 [trainer.py] => ================================================================================
2026-08-30 07:46:26,847 [bilora_e.py] => Task 5/10 learning on classes 100-119
2026-08-30 07:46:26,847 [bilora_e.py] => Learning on 100-120
2026-08-30 07:47:02,768 [bilora_e.py] => Task 5, Epoch 10/10 => Loss 1.641, Train_accy 52.09
2026-08-30 07:47:05,350 [trainer.py] => Training time: 0h 0m 38s
2026-08-30 07:47:11,363 [trainer.py] => Evaluation time: 0h 0m 6s
2026-08-30 07:47:11,363 [bilora_e.py] => Exemplar size: 0
2026-08-30 07:47:11,364 [trainer.py] => Accuracy: {'total': 56.6, '00-19': 79.87, '20-39': 60.56, '40-59': 53.39, '60-79': 53.64, '80-99': 24.51, '100-119': 1.47, 'old': 60.11, 'new': 1.47}
2026-08-30 07:47:11,364 [trainer.py] => (curve) top1 Acc: [84.66, 73.94, 67.85, 63.87, 60.11, 56.6]
2026-08-30 07:47:11,364 [trainer.py] => Avergae Acc: 67.84
2026-08-30 07:47:11,364 [trainer.py] => (curve) top1 Acc with task: [84.66, 84.04, 81.6, 82.3, 79.87, 76.06]
2026-08-30 07:47:11,364 [trainer.py] => Avergae Acc: 81.42
2026-08-30 07:47:11,364 [trainer.py] => (curve) top1 Acc task: [100.0, 84.75, 78.4, 72.15, 67.23, 64.26]
2026-08-30 07:47:11,364 [trainer.py] => Avergae Acc: 77.80
2026-08-30 07:47:11,364 [trainer.py] => ================================================================================
2026-08-30 07:47:11,364 [trainer.py] => ================================================================================
2026-08-30 07:47:11,364 [bilora_e.py] => Task 6/10 learning on classes 120-139
2026-08-30 07:47:11,364 [bilora_e.py] => Learning on 120-140
2026-08-30 07:47:54,685 [bilora_e.py] => Task 6, Epoch 10/10 => Loss 1.272, Train_accy 64.10
2026-08-30 07:47:57,661 [trainer.py] => Training time: 0h 0m 46s
2026-08-30 07:48:04,255 [trainer.py] => Evaluation time: 0h 0m 6s
2026-08-30 07:48:04,256 [bilora_e.py] => Exemplar size: 0
2026-08-30 07:48:04,256 [trainer.py] => Accuracy: {'total': 52.65, '00-19': 80.19, '20-39': 58.96, '40-59': 51.0, '60-79': 54.97, '80-99': 23.53, '100-119': 1.47, '120-139': 11.24, 'old': 55.9, 'new': 11.24}
2026-08-30 07:48:04,256 [trainer.py] => (curve) top1 Acc: [84.66, 73.94, 67.85, 63.87, 60.11, 56.6, 52.65]
2026-08-30 07:48:04,256 [trainer.py] => Avergae Acc: 65.67
2026-08-30 07:48:04,256 [trainer.py] => (curve) top1 Acc with task: [84.66, 84.04, 81.6, 82.3, 79.87, 76.06, 72.16]
2026-08-30 07:48:04,256 [trainer.py] => Avergae Acc: 80.10
2026-08-30 07:48:04,256 [trainer.py] => (curve) top1 Acc task: [100.0, 84.75, 78.4, 72.15, 67.23, 64.26, 59.92]
2026-08-30 07:48:04,256 [trainer.py] => Avergae Acc: 75.24
2026-08-30 07:48:04,256 [trainer.py] => ================================================================================
2026-08-30 07:48:04,256 [trainer.py] => ================================================================================
2026-08-30 07:48:04,256 [bilora_e.py] => Task 7/10 learning on classes 140-159
2026-08-30 07:48:04,256 [bilora_e.py] => Learning on 140-160
2026-08-30 07:48:45,925 [bilora_e.py] => Task 7, Epoch 10/10 => Loss 1.179, Train_accy 70.40
2026-08-30 07:48:48,968 [trainer.py] => Training time: 0h 0m 44s
2026-08-30 07:48:56,043 [trainer.py] => Evaluation time: 0h 0m 7s
2026-08-30 07:48:56,043 [bilora_e.py] => Exemplar size: 0
2026-08-30 07:48:56,043 [trainer.py] => Accuracy: {'total': 50.23, '00-19': 79.55, '20-39': 57.77, '40-59': 51.39, '60-79': 52.98, '80-99': 21.57, '100-119': 2.94, '120-139': 10.11, '140-159': 24.69, 'old': 51.92, 'new': 24.69}
2026-08-30 07:48:56,043 [trainer.py] => (curve) top1 Acc: [84.66, 73.94, 67.85, 63.87, 60.11, 56.6, 52.65, 50.23]
2026-08-30 07:48:56,043 [trainer.py] => Avergae Acc: 63.74
2026-08-30 07:48:56,043 [trainer.py] => (curve) top1 Acc with task: [84.66, 84.04, 81.6, 82.3, 79.87, 76.06, 72.16, 69.6]
2026-08-30 07:48:56,043 [trainer.py] => Avergae Acc: 78.79
2026-08-30 07:48:56,044 [trainer.py] => (curve) top1 Acc task: [100.0, 84.75, 78.4, 72.15, 67.23, 64.26, 59.92, 57.89]
2026-08-30 07:48:56,044 [trainer.py] => Avergae Acc: 73.08
2026-08-30 07:48:56,044 [trainer.py] => ================================================================================
2026-08-30 07:48:56,044 [trainer.py] => ================================================================================
2026-08-30 07:48:56,044 [bilora_e.py] => Task 8/10 learning on classes 160-179
2026-08-30 07:48:56,044 [bilora_e.py] => Learning on 160-180
2026-08-30 07:49:44,833 [bilora_e.py] => Task 8, Epoch 10/10 => Loss 1.339, Train_accy 63.43
2026-08-30 07:49:48,039 [trainer.py] => Training time: 0h 0m 51s
2026-08-30 07:49:55,509 [trainer.py] => Evaluation time: 0h 0m 7s
2026-08-30 07:49:55,509 [bilora_e.py] => Exemplar size: 0
2026-08-30 07:49:55,509 [trainer.py] => Accuracy: {'total': 46.69, '00-19': 78.27, '20-39': 56.57, '40-59': 49.8, '60-79': 51.66, '80-99': 21.57, '100-119': 1.47, '120-139': 12.36, '140-159': 20.99, '160-179': 14.43, 'old': 49.08, 'new': 14.43}
2026-08-30 07:49:55,509 [trainer.py] => (curve) top1 Acc: [84.66, 73.94, 67.85, 63.87, 60.11, 56.6, 52.65, 50.23, 46.69]
2026-08-30 07:49:55,510 [trainer.py] => Avergae Acc: 61.84
2026-08-30 07:49:55,510 [trainer.py] => (curve) top1 Acc with task: [84.66, 84.04, 81.6, 82.3, 79.87, 76.06, 72.16, 69.6, 67.64]
2026-08-30 07:49:55,510 [trainer.py] => Avergae Acc: 77.55
2026-08-30 07:49:55,510 [trainer.py] => (curve) top1 Acc task: [100.0, 84.75, 78.4, 72.15, 67.23, 64.26, 59.92, 57.89, 53.46]
2026-08-30 07:49:55,510 [trainer.py] => Avergae Acc: 70.90
2026-08-30 07:49:55,510 [trainer.py] => ================================================================================
2026-08-30 07:49:55,510 [trainer.py] => ================================================================================
2026-08-30 07:49:55,510 [bilora_e.py] => Task 9/10 learning on classes 180-199
2026-08-30 07:49:55,510 [bilora_e.py] => Learning on 180-200
2026-08-30 07:50:45,387 [bilora_e.py] => Task 9, Epoch 10/10 => Loss 1.120, Train_accy 64.16
2026-08-30 07:50:49,319 [trainer.py] => Training time: 0h 0m 53s
2026-08-30 07:50:57,502 [trainer.py] => Evaluation time: 0h 0m 8s
2026-08-30 07:50:57,502 [bilora_e.py] => Exemplar size: 0
2026-08-30 07:50:57,502 [trainer.py] => Accuracy: {'total': 44.8, '00-19': 77.96, '20-39': 55.78, '40-59': 47.81, '60-79': 52.32, '80-99': 21.57, '100-119': 2.94, '120-139': 12.36, '140-159': 22.22, '160-179': 12.37, '180-199': 24.74, 'old': 46.19, 'new': 24.74}
2026-08-30 07:50:57,502 [trainer.py] => (curve) top1 Acc: [84.66, 73.94, 67.85, 63.87, 60.11, 56.6, 52.65, 50.23, 46.69, 44.8]
2026-08-30 07:50:57,502 [trainer.py] => Avergae Acc: 60.14
2026-08-30 07:50:57,502 [trainer.py] => (curve) top1 Acc with task: [84.66, 84.04, 81.6, 82.3, 79.87, 76.06, 72.16, 69.6, 67.64, 65.8]
2026-08-30 07:50:57,502 [trainer.py] => Avergae Acc: 76.37
2026-08-30 07:50:57,502 [trainer.py] => (curve) top1 Acc task: [100.0, 84.75, 78.4, 72.15, 67.23, 64.26, 59.92, 57.89, 53.46, 51.13]
2026-08-30 07:50:57,502 [trainer.py] => Avergae Acc: 68.92
2026-08-30 07:50:57,502 [trainer.py] => ================================================================================
2026-08-30 21:04:01,333 [toolkit.py] => config: configs/bilora_e/imagenet-a_bilora.json
2026-08-30 21:04:01,344 [toolkit.py] => device: [device(type='cuda', index=0)]
2026-08-30 21:04:01,345 [toolkit.py] => debug: False
2026-08-30 21:04:01,345 [toolkit.py] => save_ckp: False
2026-08-30 21:04:01,345 [toolkit.py] => moe_list: None
2026-08-30 21:04:01,345 [toolkit.py] => prefix: reproduce
2026-08-30 21:04:01,345 [toolkit.py] => dataset: imagenet-a
2026-08-30 21:04:01,345 [toolkit.py] => data_path: data/imagenet-a
2026-08-30 21:04:01,345 [toolkit.py] => memory_size: 0
2026-08-30 21:04:01,345 [toolkit.py] => memory_per_class: 0
2026-08-30 21:04:01,346 [toolkit.py] => fixed_memory: True
2026-08-30 21:04:01,346 [toolkit.py] => shuffle: False
2026-08-30 21:04:01,346 [toolkit.py] => init_cls: 20
2026-08-30 21:04:01,346 [toolkit.py] => increment: 20
2026-08-30 21:04:01,346 [toolkit.py] => model_name: bilora_e
2026-08-30 21:04:01,346 [toolkit.py] => method: bilora_e
2026-08-30 21:04:01,346 [toolkit.py] => net_type: sip
2026-08-30 21:04:01,346 [toolkit.py] => embd_dim: 768
2026-08-30 21:04:01,346 [toolkit.py] => num_heads: 12
2026-08-30 21:04:01,346 [toolkit.py] => total_sessions: 10
2026-08-30 21:04:01,346 [toolkit.py] => sessions: 10
2026-08-30 21:04:01,346 [toolkit.py] => seed: 1993
2026-08-30 21:04:01,346 [toolkit.py] => EPSILON: 1e-08
2026-08-30 21:04:01,346 [toolkit.py] => init_epoch: 10
2026-08-30 21:04:01,346 [toolkit.py] => optim: adam
2026-08-30 21:04:01,346 [toolkit.py] => scheduler: cosine
2026-08-30 21:04:01,346 [toolkit.py] => optimizer: adam
2026-08-30 21:04:01,346 [toolkit.py] => init_lr: 0.0005
2026-08-30 21:04:01,346 [toolkit.py] => init_lr_decay: 0.1
2026-08-30 21:04:01,346 [toolkit.py] => init_weight_decay: 0.0
2026-08-30 21:04:01,346 [toolkit.py] => epochs: 10
2026-08-30 21:04:01,346 [toolkit.py] => lrate: 0.0005
2026-08-30 21:04:01,346 [toolkit.py] => lrate_decay: 0.1
2026-08-30 21:04:01,346 [toolkit.py] => batch_size: 128
2026-08-30 21:04:01,347 [toolkit.py] => weight_decay: 0.0
2026-08-30 21:04:01,347 [toolkit.py] => rank: 10
2026-08-30 21:04:01,347 [toolkit.py] => lamb: 0.95
2026-08-30 21:04:01,347 [toolkit.py] => lame: 1.0
2026-08-30 21:04:01,347 [toolkit.py] => num_workers: 16
2026-08-30 21:04:01,347 [toolkit.py] => lrate_head: 0
2026-08-30 21:04:01,347 [toolkit.py] => R: 0.5
2026-08-30 21:04:01,347 [toolkit.py] => logdir: logs/bilora_e/imagenet-a/t10
2026-08-30 21:04:01,347 [toolkit.py] => logfilename: logs/bilora_e/imagenet-a/t10/seed1993
2026-08-30 21:04:01,373 [data_manager.py] => Class index order: 0, 1, 2, 3, 4, ..., 195, 196, 197, 198, 199
2026-08-30 21:04:04,820 [trainer.py] => ================================================================================
2026-08-30 21:04:04,821 [trainer.py] => Dataset Information
2026-08-30 21:04:04,821 [trainer.py] => ================================================================================
2026-08-30 21:04:04,821 [trainer.py] =>   Dataset name     : imagenet-a
2026-08-30 21:04:04,821 [trainer.py] =>   Data path        : data/imagenet-a
2026-08-30 21:04:04,821 [trainer.py] =>   Total classes    : 200
2026-08-30 21:04:04,821 [trainer.py] =>   Total tasks      : 10
2026-08-30 21:04:04,821 [trainer.py] =>   Task increments  : [20, 20, 20, 20, 20, 20, 20, 20, 20, 20]
2026-08-30 21:04:04,821 [trainer.py] =>   Init classes     : 20
2026-08-30 21:04:04,821 [trainer.py] =>   Increment per task: 20
2026-08-30 21:04:04,821 [trainer.py] =>   Shuffle          : False
2026-08-30 21:04:04,821 [trainer.py] =>   Seed             : 1993
2026-08-30 21:04:04,821 [trainer.py] => --------------------------------------------------------------------------------
2026-08-30 21:04:04,821 [trainer.py] => Task split:
2026-08-30 21:04:04,823 [trainer.py] =>   Task 0: classes 0-19 (20 classes) | Train: 1253 images (5 batches), Test: 313 images (2 batches)
2026-08-30 21:04:04,824 [trainer.py] =>   Task 1: classes 20-39 (20 classes) | Train: 1000 images (4 batches), Test: 251 images (1 batches)
2026-08-30 21:04:04,826 [trainer.py] =>   Task 2: classes 40-59 (20 classes) | Train: 1000 images (4 batches), Test: 251 images (1 batches)
2026-08-30 21:04:04,827 [trainer.py] =>   Task 3: classes 60-79 (20 classes) | Train: 610 images (3 batches), Test: 151 images (1 batches)
2026-08-30 21:04:04,828 [trainer.py] =>   Task 4: classes 80-99 (20 classes) | Train: 426 images (2 batches), Test: 102 images (1 batches)
2026-08-30 21:04:04,828 [trainer.py] =>   Task 5: classes 100-119 (20 classes) | Train: 263 images (2 batches), Test: 68 images (1 batches)
2026-08-30 21:04:04,829 [trainer.py] =>   Task 6: classes 120-139 (20 classes) | Train: 351 images (2 batches), Test: 89 images (1 batches)
2026-08-30 21:04:04,830 [trainer.py] =>   Task 7: classes 140-159 (20 classes) | Train: 321 images (2 batches), Test: 81 images (1 batches)
2026-08-30 21:04:04,830 [trainer.py] =>   Task 8: classes 160-179 (20 classes) | Train: 391 images (2 batches), Test: 97 images (1 batches)
2026-08-30 21:04:04,831 [trainer.py] =>   Task 9: classes 180-199 (20 classes) | Train: 385 images (2 batches), Test: 97 images (1 batches)
2026-08-30 21:04:04,831 [trainer.py] => ================================================================================
2026-08-30 21:04:04,831 [trainer.py] => ================================================================================
2026-08-30 21:04:04,831 [bilora_e.py] => Task 0/10 learning on classes 0-19
2026-08-30 21:04:04,831 [bilora_e.py] => Learning on 0-20
2026-08-30 21:06:03,177 [bilora_e.py] => Task 0, Epoch 10/10 => Loss 0.250, Train_accy 92.18
2026-08-30 21:06:10,988 [trainer.py] => Training time: 0h 2m 6s
2026-08-30 21:06:14,519 [trainer.py] => Evaluation time: 0h 0m 3s
2026-08-30 21:06:14,519 [bilora_e.py] => Exemplar size: 0
2026-08-30 21:06:14,519 [trainer.py] => Accuracy: {'total': 79.87, '00-19': 79.87, 'old': 0, 'new': 79.87}
2026-08-30 21:06:14,519 [trainer.py] => (curve) top1 Acc: [79.87]
2026-08-30 21:06:14,520 [trainer.py] => Avergae Acc: 79.87
2026-08-30 21:06:14,520 [trainer.py] => (curve) top1 Acc with task: [79.87]
2026-08-30 21:06:14,520 [trainer.py] => Avergae Acc: 79.87
2026-08-30 21:06:14,520 [trainer.py] => (curve) top1 Acc task: [100.0]
2026-08-30 21:06:14,520 [trainer.py] => Avergae Acc: 100.00
2026-08-30 21:06:14,520 [trainer.py] => ================================================================================
2026-08-30 21:06:14,520 [trainer.py] => ================================================================================
2026-08-30 21:06:14,520 [bilora_e.py] => Task 1/10 learning on classes 20-39
2026-08-30 21:06:14,520 [bilora_e.py] => Learning on 20-40
2026-08-30 21:09:25,281 [bilora_e.py] => Task 1, Epoch 10/10 => Loss 0.444, Train_accy 86.20
2026-08-30 21:09:33,402 [trainer.py] => Training time: 0h 3m 18s
2026-08-30 21:09:39,383 [trainer.py] => Evaluation time: 0h 0m 5s
2026-08-30 21:09:39,383 [bilora_e.py] => Exemplar size: 0
2026-08-30 21:09:39,383 [trainer.py] => Accuracy: {'total': 48.94, '00-19': 83.07, '20-39': 6.37, 'old': 83.07, 'new': 6.37}
2026-08-30 21:09:39,383 [trainer.py] => (curve) top1 Acc: [79.87, 48.94]
2026-08-30 21:09:39,383 [trainer.py] => Avergae Acc: 64.41
2026-08-30 21:09:39,383 [trainer.py] => (curve) top1 Acc with task: [79.87, 80.5]
2026-08-30 21:09:39,383 [trainer.py] => Avergae Acc: 80.19
2026-08-30 21:09:39,383 [trainer.py] => (curve) top1 Acc task: [100.0, 58.51]
2026-08-30 21:09:39,383 [trainer.py] => Avergae Acc: 79.25
2026-08-30 21:09:39,384 [trainer.py] => ================================================================================
2026-08-30 21:09:39,384 [trainer.py] => ================================================================================
2026-08-30 21:09:39,384 [bilora_e.py] => Task 2/10 learning on classes 40-59
2026-08-30 21:09:39,384 [bilora_e.py] => Learning on 40-60
2026-08-30 21:12:44,541 [bilora_e.py] => Task 2, Epoch 10/10 => Loss 0.551, Train_accy 83.80
2026-08-30 21:12:55,179 [trainer.py] => Training time: 0h 3m 15s
2026-08-30 21:13:05,002 [trainer.py] => Evaluation time: 0h 0m 9s
2026-08-30 21:13:05,003 [bilora_e.py] => Exemplar size: 0
2026-08-30 21:13:05,003 [trainer.py] => Accuracy: {'total': 38.04, '00-19': 84.98, '20-39': 7.17, '40-59': 10.36, 'old': 50.35, 'new': 10.36}
2026-08-30 21:13:05,003 [trainer.py] => (curve) top1 Acc: [79.87, 48.94, 38.04]
2026-08-30 21:13:05,003 [trainer.py] => Avergae Acc: 55.62
2026-08-30 21:13:05,003 [trainer.py] => (curve) top1 Acc with task: [79.87, 80.5, 78.53]
2026-08-30 21:13:05,003 [trainer.py] => Avergae Acc: 79.63
2026-08-30 21:13:05,003 [trainer.py] => (curve) top1 Acc task: [100.0, 58.51, 44.17]
2026-08-30 21:13:05,003 [trainer.py] => Avergae Acc: 67.56
2026-08-30 21:13:05,003 [trainer.py] => ================================================================================
2026-08-30 21:13:05,003 [trainer.py] => ================================================================================
2026-08-30 21:13:05,003 [bilora_e.py] => Task 3/10 learning on classes 60-79
2026-08-30 21:13:05,003 [bilora_e.py] => Learning on 60-80
2026-08-30 21:15:06,423 [bilora_e.py] => Task 3, Epoch 10/10 => Loss 0.537, Train_accy 84.43
2026-08-30 21:15:14,169 [trainer.py] => Training time: 0h 2m 9s
2026-08-30 21:15:24,297 [trainer.py] => Evaluation time: 0h 0m 10s
2026-08-30 21:15:24,297 [bilora_e.py] => Exemplar size: 0
2026-08-30 21:15:24,297 [trainer.py] => Accuracy: {'total': 33.54, '00-19': 83.39, '20-39': 6.77, '40-59': 10.36, '60-79': 13.25, 'old': 37.3, 'new': 13.25}
2026-08-30 21:15:24,297 [trainer.py] => (curve) top1 Acc: [79.87, 48.94, 38.04, 33.54]
2026-08-30 21:15:24,297 [trainer.py] => Avergae Acc: 50.10
2026-08-30 21:15:24,297 [trainer.py] => (curve) top1 Acc with task: [79.87, 80.5, 78.53, 78.67]
2026-08-30 21:15:24,297 [trainer.py] => Avergae Acc: 79.39
2026-08-30 21:15:24,297 [trainer.py] => (curve) top1 Acc task: [100.0, 58.51, 44.17, 39.13]
2026-08-30 21:15:24,297 [trainer.py] => Avergae Acc: 60.45
2026-08-30 21:15:24,297 [trainer.py] => ================================================================================
2026-08-30 21:15:24,297 [trainer.py] => ================================================================================
2026-08-30 21:15:24,297 [bilora_e.py] => Task 4/10 learning on classes 80-99
2026-08-30 21:15:24,297 [bilora_e.py] => Learning on 80-100
2026-08-30 21:16:57,157 [bilora_e.py] => Task 4, Epoch 10/10 => Loss 1.006, Train_accy 72.54
2026-08-30 21:17:03,383 [trainer.py] => Training time: 0h 1m 39s
2026-08-30 21:17:15,783 [trainer.py] => Evaluation time: 0h 0m 12s
2026-08-30 21:17:15,783 [bilora_e.py] => Exemplar size: 0
2026-08-30 21:17:15,783 [trainer.py] => Accuracy: {'total': 30.43, '00-19': 83.07, '20-39': 7.17, '40-59': 9.96, '60-79': 11.26, '80-99': 4.9, 'old': 33.13, 'new': 4.9}
2026-08-30 21:17:15,783 [trainer.py] => (curve) top1 Acc: [79.87, 48.94, 38.04, 33.54, 30.43]
2026-08-30 21:17:15,783 [trainer.py] => Avergae Acc: 46.16
2026-08-30 21:17:15,783 [trainer.py] => (curve) top1 Acc with task: [79.87, 80.5, 78.53, 78.67, 74.53]
2026-08-30 21:17:15,783 [trainer.py] => Avergae Acc: 78.42
2026-08-30 21:17:15,783 [trainer.py] => (curve) top1 Acc task: [100.0, 58.51, 44.17, 39.13, 35.49]
2026-08-30 21:17:15,784 [trainer.py] => Avergae Acc: 55.46
2026-08-30 21:17:15,784 [trainer.py] => ================================================================================
2026-08-30 21:17:15,784 [trainer.py] => ================================================================================
2026-08-30 21:17:15,784 [bilora_e.py] => Task 5/10 learning on classes 100-119
2026-08-30 21:17:15,784 [bilora_e.py] => Learning on 100-120
2026-08-30 21:18:17,321 [bilora_e.py] => Task 5, Epoch 10/10 => Loss 1.699, Train_accy 48.29
2026-08-30 21:18:22,732 [trainer.py] => Training time: 0h 1m 6s
2026-08-30 21:18:34,988 [trainer.py] => Evaluation time: 0h 0m 12s
2026-08-30 21:18:34,988 [bilora_e.py] => Exemplar size: 0
2026-08-30 21:18:34,988 [trainer.py] => Accuracy: {'total': 28.7, '00-19': 81.79, '20-39': 8.76, '40-59': 10.76, '60-79': 10.6, '80-99': 4.9, '100-119': 0.0, 'old': 30.52, 'new': 0.0}
2026-08-30 21:18:34,988 [trainer.py] => (curve) top1 Acc: [79.87, 48.94, 38.04, 33.54, 30.43, 28.7]
2026-08-30 21:18:34,988 [trainer.py] => Avergae Acc: 43.25
2026-08-30 21:18:34,988 [trainer.py] => (curve) top1 Acc with task: [79.87, 80.5, 78.53, 78.67, 74.53, 70.42]
2026-08-30 21:18:34,988 [trainer.py] => Avergae Acc: 77.09
2026-08-30 21:18:34,988 [trainer.py] => (curve) top1 Acc task: [100.0, 58.51, 44.17, 39.13, 35.49, 34.15]
2026-08-30 21:18:34,988 [trainer.py] => Avergae Acc: 51.91
2026-08-30 21:18:34,988 [trainer.py] => ================================================================================
2026-08-30 21:18:34,988 [trainer.py] => ================================================================================
2026-08-30 21:18:34,989 [bilora_e.py] => Task 6/10 learning on classes 120-139
2026-08-30 21:18:34,989 [bilora_e.py] => Learning on 120-140
2026-08-30 21:19:53,364 [bilora_e.py] => Task 6, Epoch 10/10 => Loss 1.322, Train_accy 63.82
2026-08-30 21:19:58,622 [trainer.py] => Training time: 0h 1m 23s
2026-08-30 21:20:13,068 [trainer.py] => Evaluation time: 0h 0m 14s
2026-08-30 21:20:13,069 [bilora_e.py] => Exemplar size: 0
2026-08-30 21:20:13,069 [trainer.py] => Accuracy: {'total': 26.78, '00-19': 81.79, '20-39': 9.16, '40-59': 9.96, '60-79': 12.58, '80-99': 3.92, '100-119': 0.0, '120-139': 1.12, 'old': 28.79, 'new': 1.12}
2026-08-30 21:20:13,069 [trainer.py] => (curve) top1 Acc: [79.87, 48.94, 38.04, 33.54, 30.43, 28.7, 26.78]
2026-08-30 21:20:13,069 [trainer.py] => Avergae Acc: 40.90
2026-08-30 21:20:13,069 [trainer.py] => (curve) top1 Acc with task: [79.87, 80.5, 78.53, 78.67, 74.53, 70.42, 68.0]
2026-08-30 21:20:13,069 [trainer.py] => Avergae Acc: 75.79
2026-08-30 21:20:13,069 [trainer.py] => (curve) top1 Acc task: [100.0, 58.51, 44.17, 39.13, 35.49, 34.15, 32.08]
2026-08-30 21:20:13,069 [trainer.py] => Avergae Acc: 49.08
2026-08-30 21:20:13,069 [trainer.py] => ================================================================================
2026-08-30 21:20:13,069 [trainer.py] => ================================================================================
2026-08-30 21:20:13,069 [bilora_e.py] => Task 7/10 learning on classes 140-159
2026-08-30 21:20:13,069 [bilora_e.py] => Learning on 140-160
2026-08-30 21:21:28,203 [bilora_e.py] => Task 7, Epoch 10/10 => Loss 1.217, Train_accy 65.11
2026-08-30 21:21:34,984 [trainer.py] => Training time: 0h 1m 21s
2026-08-30 21:21:51,297 [trainer.py] => Evaluation time: 0h 0m 16s
2026-08-30 21:21:51,298 [bilora_e.py] => Exemplar size: 0
2026-08-30 21:21:51,298 [trainer.py] => Accuracy: {'total': 24.5, '00-19': 80.83, '20-39': 8.37, '40-59': 9.16, '60-79': 11.26, '80-99': 3.92, '100-119': 0.0, '120-139': 1.12, '140-159': 1.23, 'old': 26.04, 'new': 1.23}
2026-08-30 21:21:51,298 [trainer.py] => (curve) top1 Acc: [79.87, 48.94, 38.04, 33.54, 30.43, 28.7, 26.78, 24.5]
2026-08-30 21:21:51,298 [trainer.py] => Avergae Acc: 38.85
2026-08-30 21:21:51,298 [trainer.py] => (curve) top1 Acc with task: [79.87, 80.5, 78.53, 78.67, 74.53, 70.42, 68.0, 66.0]
2026-08-30 21:21:51,298 [trainer.py] => Avergae Acc: 74.56
2026-08-30 21:21:51,298 [trainer.py] => (curve) top1 Acc task: [100.0, 58.51, 44.17, 39.13, 35.49, 34.15, 32.08, 29.71]
2026-08-30 21:21:51,298 [trainer.py] => Avergae Acc: 46.66
2026-08-30 21:21:51,298 [trainer.py] => ================================================================================
2026-08-30 21:21:51,298 [trainer.py] => ================================================================================
2026-08-30 21:21:51,298 [bilora_e.py] => Task 8/10 learning on classes 160-179
2026-08-30 21:21:51,298 [bilora_e.py] => Learning on 160-180
2026-08-30 21:23:19,912 [bilora_e.py] => Task 8, Epoch 10/10 => Loss 1.457, Train_accy 59.59
2026-08-30 21:23:26,413 [trainer.py] => Training time: 0h 1m 35s
2026-08-30 21:23:43,251 [trainer.py] => Evaluation time: 0h 0m 16s
2026-08-30 21:23:43,251 [bilora_e.py] => Exemplar size: 0
2026-08-30 21:23:43,251 [trainer.py] => Accuracy: {'total': 22.95, '00-19': 80.19, '20-39': 9.16, '40-59': 7.97, '60-79': 11.92, '80-99': 3.92, '100-119': 0.0, '120-139': 1.12, '140-159': 2.47, '160-179': 3.09, 'old': 24.43, 'new': 3.09}
2026-08-30 21:23:43,251 [trainer.py] => (curve) top1 Acc: [79.87, 48.94, 38.04, 33.54, 30.43, 28.7, 26.78, 24.5, 22.95]
2026-08-30 21:23:43,251 [trainer.py] => Avergae Acc: 37.08
2026-08-30 21:23:43,251 [trainer.py] => (curve) top1 Acc with task: [79.87, 80.5, 78.53, 78.67, 74.53, 70.42, 68.0, 66.0, 62.58]
2026-08-30 21:23:43,252 [trainer.py] => Avergae Acc: 73.23
2026-08-30 21:23:43,252 [trainer.py] => (curve) top1 Acc task: [100.0, 58.51, 44.17, 39.13, 35.49, 34.15, 32.08, 29.71, 27.94]
2026-08-30 21:23:43,252 [trainer.py] => Avergae Acc: 44.58
2026-08-30 21:23:43,252 [trainer.py] => ================================================================================
2026-08-30 21:23:43,252 [trainer.py] => ================================================================================
2026-08-30 21:23:43,252 [bilora_e.py] => Task 9/10 learning on classes 180-199
2026-08-30 21:23:43,252 [bilora_e.py] => Learning on 180-200
2026-08-30 21:25:24,245 [bilora_e.py] => Task 9, Epoch 10/10 => Loss 1.214, Train_accy 63.64
2026-08-30 21:25:31,158 [trainer.py] => Training time: 0h 1m 47s
2026-08-30 21:25:51,896 [trainer.py] => Evaluation time: 0h 0m 20s
2026-08-30 21:25:51,896 [bilora_e.py] => Exemplar size: 0
2026-08-30 21:25:51,896 [trainer.py] => Accuracy: {'total': 21.8, '00-19': 82.11, '20-39': 9.16, '40-59': 8.76, '60-79': 10.6, '80-99': 2.94, '100-119': 0.0, '120-139': 1.12, '140-159': 1.23, '160-179': 2.06, '180-199': 2.06, 'old': 23.16, 'new': 2.06}
2026-08-30 21:25:51,896 [trainer.py] => (curve) top1 Acc: [79.87, 48.94, 38.04, 33.54, 30.43, 28.7, 26.78, 24.5, 22.95, 21.8]
2026-08-30 21:25:51,896 [trainer.py] => Avergae Acc: 35.55
2026-08-30 21:25:51,896 [trainer.py] => (curve) top1 Acc with task: [79.87, 80.5, 78.53, 78.67, 74.53, 70.42, 68.0, 66.0, 62.58, 63.2]
2026-08-30 21:25:51,896 [trainer.py] => Avergae Acc: 72.23
2026-08-30 21:25:51,896 [trainer.py] => (curve) top1 Acc task: [100.0, 58.51, 44.17, 39.13, 35.49, 34.15, 32.08, 29.71, 27.94, 26.13]
2026-08-30 21:25:51,896 [trainer.py] => Avergae Acc: 42.73
2026-08-30 21:25:51,897 [trainer.py] => ================================================================================
