2026-06-28 13:07:30,492 [toolkit.py] => config: configs/splitlora_improvedv6/cifar100_seed=1993.json
2026-06-28 13:07:30,492 [toolkit.py] => device: [device(type='cuda', index=2)]
2026-06-28 13:07:30,492 [toolkit.py] => debug: False
2026-06-28 13:07:30,492 [toolkit.py] => save_ckp: False
2026-06-28 13:07:30,492 [toolkit.py] => moe_list: None
2026-06-28 13:07:30,492 [toolkit.py] => seed: 1993
2026-06-28 13:07:30,493 [toolkit.py] => dataset: cifar100
2026-06-28 13:07:30,493 [toolkit.py] => data_path: data/cifar100
2026-06-28 13:07:30,493 [toolkit.py] => load: vit_base_patch16_224_in21k
2026-06-28 13:07:30,493 [toolkit.py] => init_cls: 10
2026-06-28 13:07:30,493 [toolkit.py] => increment: 10
2026-06-28 13:07:30,493 [toolkit.py] => sessions: 10
2026-06-28 13:07:30,493 [toolkit.py] => shuffle: False
2026-06-28 13:07:30,493 [toolkit.py] => method: splitlorav1
2026-06-28 13:07:30,493 [toolkit.py] => optimizer: adamw
2026-06-28 13:07:30,493 [toolkit.py] => scheduler: steplr
2026-06-28 13:07:30,493 [toolkit.py] => epochs: 10
2026-06-28 13:07:30,493 [toolkit.py] => lrate: 0.001
2026-06-28 13:07:30,493 [toolkit.py] => lrate_head: 0.01
2026-06-28 13:07:30,493 [toolkit.py] => weight_decay: 5e-05
2026-06-28 13:07:30,493 [toolkit.py] => batch_size: 256
2026-06-28 13:07:30,493 [toolkit.py] => rank: 10
2026-06-28 13:07:30,493 [toolkit.py] => num_workers: 16
2026-06-28 13:07:30,493 [toolkit.py] => lamb: 0.95
2026-06-28 13:07:30,493 [toolkit.py] => lame: 1.0
2026-06-28 13:07:30,493 [toolkit.py] => in_dim: 768
2026-06-28 13:07:30,493 [toolkit.py] => alpha: 20
2026-06-28 13:07:30,493 [toolkit.py] => margin_inter: 1.0
2026-06-28 13:07:30,493 [toolkit.py] => lambada: 0.05
2026-06-28 13:07:30,493 [toolkit.py] => atl: False
2026-06-28 13:07:30,493 [toolkit.py] => use_reatain: False
2026-06-28 13:07:30,494 [toolkit.py] => pca: False
2026-06-28 13:07:30,494 [toolkit.py] => svd: False
2026-06-28 13:07:30,494 [toolkit.py] => global_res: False
2026-06-28 13:07:30,494 [toolkit.py] => space: False
2026-06-28 13:07:30,494 [toolkit.py] => tsne: False
2026-06-28 13:07:30,494 [toolkit.py] => mds: True
2026-06-28 13:07:30,494 [toolkit.py] => umap: False
2026-06-28 13:07:30,494 [toolkit.py] => logdir: logs/splitlorav1/cifar100/t10
2026-06-28 13:07:30,494 [toolkit.py] => logfilename: logs/splitlorav1/cifar100/t10/seed1993
2026-06-28 13:07:34,169 [data_manager.py] => Class index order: 0, 1, 2, 3, 4, ..., 95, 96, 97, 98, 99
