bash: line 2: 660926 Killed                  python main.py --device 0 --config configs/maiflora/cifar100.json > results/maiflora_cifar100.txt 2>&1
Traceback (most recent call last):
  File "/home/zll2025/low-rank-cl-main/main.py", line 55, in <module>
    main()
  File "/home/zll2025/low-rank-cl-main/main.py", line 13, in main
    param = load_json(args.config)
  File "/home/zll2025/low-rank-cl-main/main.py", line 33, in load_json
    with open(settings_path) as data_file:
FileNotFoundError: [Errno 2] No such file or directory: 'configs/splitlora/cifar100_seed=42_bs=128.json'
Terminated
Terminated
bash:    python main.py --device  3  --config  /home/zll2025/low-rank-cl-main/configs/splitlora_improvedv2/cifar100_seed=42.json  >  results/splitlora_improvedv2_cifar100_seed=42_epoch=10_QKV.txt            2>&1; : No such file or directory
bash:    python main.py --device  3  --config  configs/splitlora_improvedv2/cifar100_seed=42.json  >  results/splitlora_improvedv2_cifar100_seed=42_epoch=10_QKV.txt            2>&1; : No such file or directory
Terminated
bash: -c: line 4: syntax error: unexpected end of file
bash: -c: line 4: syntax error: unexpected end of file
bash: -c: line 4: syntax error: unexpected end of file
bash: -c: line 4: syntax error: unexpected end of file
bash: -c: line 4: syntax error: unexpected end of file
bash: -c: line 4: syntax error: unexpected end of file
bash: -c: line 4: syntax error: unexpected end of file
bash: -c: line 4: syntax error: unexpected end of file
bash: -c: line 4: syntax error: unexpected end of file
bash: -c: line 4: syntax error: unexpected end of file
bash: -c: line 4: syntax error: unexpected end of file
bash: -c: line 4: syntax error: unexpected end of file
bash: -c: line 4: syntax error: unexpected end of file
bash: -c: line 4: syntax error: unexpected end of file
bash: -c: line 4: syntax error: unexpected end of file
bash: -c: line 4: syntax error: unexpected end of file
bash: line 1: results/splitlora_improvedv4/cifar100_seed=1993_1.log: No such file or directory
bash: line 1: results/splitlora_improvedv4/cifar100_seed=1993_1.log: No such file or directory
Terminated
Terminated
Terminated
Terminated
Terminated
Terminated
Terminated
Terminated
Terminated
Terminated
Terminated
Terminated
Terminated
Terminated
Terminated
Terminated
Terminated
Terminated
Terminated
Terminated
Terminated
Terminated
Terminated
Terminated
bash: line 1: results/splitlora_cifar100_seed=1993_v6_baseline3_emav2_rank10_0.9999_K=/V_coeffs_Q_noise=0.1.log: No such file or directory
bash: line 1: results/splitlora_cifar100_seed=1993_v6_baseline3_emav2_rank10_0.9999_K=/V_coeffs_Q_noise=0.1.log: No such file or directory
2026-07-06 22:53:24,457 [toolkit.py] => config: /home/zll2025/low-rank-cl-main/configs/splitlora/cifar100_seed=1993.json
2026-07-06 22:53:24,471 [toolkit.py] => device: [device(type='cuda', index=4)]
2026-07-06 22:53:24,471 [toolkit.py] => debug: False
2026-07-06 22:53:24,472 [toolkit.py] => save_ckp: False
2026-07-06 22:53:24,472 [toolkit.py] => moe_list: None
2026-07-06 22:53:24,472 [toolkit.py] => seed: 1993
2026-07-06 22:53:24,472 [toolkit.py] => dataset: cifar100
2026-07-06 22:53:24,472 [toolkit.py] => data_path: data/cifar100
2026-07-06 22:53:24,472 [toolkit.py] => load: vit_base_patch16_224_in21k
2026-07-06 22:53:24,472 [toolkit.py] => init_cls: 10
2026-07-06 22:53:24,472 [toolkit.py] => increment: 10
2026-07-06 22:53:24,472 [toolkit.py] => sessions: 10
2026-07-06 22:53:24,472 [toolkit.py] => shuffle: False
2026-07-06 22:53:24,472 [toolkit.py] => method: splitlora
2026-07-06 22:53:24,472 [toolkit.py] => optimizer: adamw
2026-07-06 22:53:24,472 [toolkit.py] => scheduler: steplr
2026-07-06 22:53:24,472 [toolkit.py] => epochs: 10
2026-07-06 22:53:24,472 [toolkit.py] => lrate: 0.001
2026-07-06 22:53:24,472 [toolkit.py] => lrate_head: 0.01
2026-07-06 22:53:24,472 [toolkit.py] => weight_decay: 5e-05
2026-07-06 22:53:24,473 [toolkit.py] => batch_size: 256
2026-07-06 22:53:24,473 [toolkit.py] => rank: 10
2026-07-06 22:53:24,473 [toolkit.py] => num_workers: 16
2026-07-06 22:53:24,473 [toolkit.py] => lamb: 0.95
2026-07-06 22:53:24,473 [toolkit.py] => lame: 1.0
2026-07-06 22:53:24,473 [toolkit.py] => in_dim: 768
2026-07-06 22:53:24,473 [toolkit.py] => alpha: 20
2026-07-06 22:53:24,473 [toolkit.py] => logdir: logs/splitlora/cifar100/t10
2026-07-06 22:53:24,473 [toolkit.py] => logfilename: logs/splitlora/cifar100/t10/seed1993
Traceback (most recent call last):
  File "/home/zll2025/low-rank-cl-main/main.py", line 57, in <module>
    main()
  File "/home/zll2025/low-rank-cl-main/main.py", line 30, in main
    start(args)
  File "/home/zll2025/low-rank-cl-main/trainer.py", line 14, in start
    data_manager, model = initialize(args)
  File "/home/zll2025/low-rank-cl-main/trainer.py", line 29, in initialize
    data_manager = DataManager(args['dataset'], args['shuffle'], args['seed'], args['init_cls'], 
  File "/home/zll2025/low-rank-cl-main/dataloaders/data_manager.py", line 34, in __init__
    self._setup_data(dataset_name, shuffle, seed)
  File "/home/zll2025/low-rank-cl-main/dataloaders/data_manager.py", line 66, in _setup_data
    idata.download_data()
  File "/home/zll2025/low-rank-cl-main/dataloaders/data.py", line 88, in download_data
    train_dataset = datasets.cifar.CIFAR100(self.args['data_path'], train=True, download=True)
  File "/home/zll2025/anaconda3/envs/low-rank-cl/lib/python3.9/site-packages/torchvision/datasets/cifar.py", line 66, in __init__
    self.download()
  File "/home/zll2025/anaconda3/envs/low-rank-cl/lib/python3.9/site-packages/torchvision/datasets/cifar.py", line 137, in download
    if self._check_integrity():
  File "/home/zll2025/anaconda3/envs/low-rank-cl/lib/python3.9/site-packages/torchvision/datasets/cifar.py", line 132, in _check_integrity
    if not check_integrity(fpath, md5):
  File "/home/zll2025/anaconda3/envs/low-rank-cl/lib/python3.9/site-packages/torchvision/datasets/utils.py", line 58, in check_integrity
    return check_md5(fpath, md5)
  File "/home/zll2025/anaconda3/envs/low-rank-cl/lib/python3.9/site-packages/torchvision/datasets/utils.py", line 50, in check_md5
    return md5 == calculate_md5(fpath, **kwargs)
  File "/home/zll2025/anaconda3/envs/low-rank-cl/lib/python3.9/site-packages/torchvision/datasets/utils.py", line 45, in calculate_md5
    md5.update(chunk)
KeyboardInterrupt
2026-07-13 21:18:02,220 [toolkit.py] => config: /home/zll2025/low-rank-cl-main/configs/splitlorav6/domain_seed=1993.json
2026-07-13 21:18:02,263 [toolkit.py] => device: [device(type='cuda', index=1)]
2026-07-13 21:18:02,263 [toolkit.py] => debug: False
2026-07-13 21:18:02,264 [toolkit.py] => save_ckp: False
2026-07-13 21:18:02,264 [toolkit.py] => moe_list: None
2026-07-13 21:18:02,264 [toolkit.py] => seed: 1993
2026-07-13 21:18:02,264 [toolkit.py] => dataset: domainnet
2026-07-13 21:18:02,264 [toolkit.py] => data_path: data/domainnet
2026-07-13 21:18:02,264 [toolkit.py] => load: vit_base_patch16_224_in21k
2026-07-13 21:18:02,264 [toolkit.py] => init_cls: 69
2026-07-13 21:18:02,264 [toolkit.py] => increment: 69
2026-07-13 21:18:02,265 [toolkit.py] => sessions: 5
2026-07-13 21:18:02,265 [toolkit.py] => shuffle: False
2026-07-13 21:18:02,265 [toolkit.py] => method: splitlorav6
2026-07-13 21:18:02,265 [toolkit.py] => optimizer: adam
2026-07-13 21:18:02,265 [toolkit.py] => scheduler: steplr
2026-07-13 21:18:02,265 [toolkit.py] => epochs: 10
2026-07-13 21:18:02,265 [toolkit.py] => lrate: 0.001
2026-07-13 21:18:02,265 [toolkit.py] => lrate_head: 0.01
2026-07-13 21:18:02,265 [toolkit.py] => weight_decay: 5e-05
2026-07-13 21:18:02,265 [toolkit.py] => batch_size: 256
2026-07-13 21:18:02,265 [toolkit.py] => rank: 30
2026-07-13 21:18:02,265 [toolkit.py] => num_workers: 16
2026-07-13 21:18:02,265 [toolkit.py] => lamb: 0.95
2026-07-13 21:18:02,265 [toolkit.py] => lame: 1.0
2026-07-13 21:18:02,265 [toolkit.py] => in_dim: 768
2026-07-13 21:18:02,265 [toolkit.py] => alpha: 20
2026-07-13 21:18:02,265 [toolkit.py] => logdir: logs/splitlorav6/domainnet/t5
2026-07-13 21:18:02,265 [toolkit.py] => logfilename: logs/splitlorav6/domainnet/t5/seed1993
2026-07-13 21:18:02,586 [data_manager.py] => Class index order: 0, 1, 2, 3, 4, ..., 340, 341, 342, 343, 344
2026-07-13 21:18:07,132 [trainer.py] => ================================================================================
2026-07-13 21:18:07,235 [splitlorav6.py] => Task 0 learning on class 0-69
Parameters to be updated:
[Trainable] image_encoder.blocks.0.attn.lora_B_k.0.weight                (768, 30) | 23040
[Trainable] image_encoder.blocks.0.attn.lora_B_v.0.weight                (768, 30) | 23040
[Trainable] image_encoder.blocks.0.attn.Lora_shared_A_k.weight           (30, 768) | 23040
[Trainable] image_encoder.blocks.0.attn.Lora_shared_B_k.weight           (768, 30) | 23040
[Trainable] image_encoder.blocks.0.attn.Lora_shared_A_v.weight           (30, 768) | 23040
[Trainable] image_encoder.blocks.0.attn.Lora_shared_B_v.weight           (768, 30) | 23040
[Trainable] image_encoder.blocks.1.attn.lora_B_k.0.weight                (768, 30) | 23040
[Trainable] image_encoder.blocks.1.attn.lora_B_v.0.weight                (768, 30) | 23040
[Trainable] image_encoder.blocks.1.attn.Lora_shared_A_k.weight           (30, 768) | 23040
[Trainable] image_encoder.blocks.1.attn.Lora_shared_B_k.weight           (768, 30) | 23040
[Trainable] image_encoder.blocks.1.attn.Lora_shared_A_v.weight           (30, 768) | 23040
[Trainable] image_encoder.blocks.1.attn.Lora_shared_B_v.weight           (768, 30) | 23040
[Trainable] image_encoder.blocks.2.attn.lora_B_k.0.weight                (768, 30) | 23040
[Trainable] image_encoder.blocks.2.attn.lora_B_v.0.weight                (768, 30) | 23040
[Trainable] image_encoder.blocks.2.attn.Lora_shared_A_k.weight           (30, 768) | 23040
[Trainable] image_encoder.blocks.2.attn.Lora_shared_B_k.weight           (768, 30) | 23040
[Trainable] image_encoder.blocks.2.attn.Lora_shared_A_v.weight           (30, 768) | 23040
[Trainable] image_encoder.blocks.2.attn.Lora_shared_B_v.weight           (768, 30) | 23040
[Trainable] image_encoder.blocks.3.attn.lora_B_k.0.weight                (768, 30) | 23040
[Trainable] image_encoder.blocks.3.attn.lora_B_v.0.weight                (768, 30) | 23040
[Trainable] image_encoder.blocks.3.attn.Lora_shared_A_k.weight           (30, 768) | 23040
[Trainable] image_encoder.blocks.3.attn.Lora_shared_B_k.weight           (768, 30) | 23040
[Trainable] image_encoder.blocks.3.attn.Lora_shared_A_v.weight           (30, 768) | 23040
[Trainable] image_encoder.blocks.3.attn.Lora_shared_B_v.weight           (768, 30) | 23040
[Trainable] image_encoder.blocks.4.attn.lora_B_k.0.weight                (768, 30) | 23040
[Trainable] image_encoder.blocks.4.attn.lora_B_v.0.weight                (768, 30) | 23040
[Trainable] image_encoder.blocks.4.attn.Lora_shared_A_k.weight           (30, 768) | 23040
[Trainable] image_encoder.blocks.4.attn.Lora_shared_B_k.weight           (768, 30) | 23040
[Trainable] image_encoder.blocks.4.attn.Lora_shared_A_v.weight           (30, 768) | 23040
[Trainable] image_encoder.blocks.4.attn.Lora_shared_B_v.weight           (768, 30) | 23040
[Trainable] image_encoder.blocks.5.attn.lora_B_k.0.weight                (768, 30) | 23040
[Trainable] image_encoder.blocks.5.attn.lora_B_v.0.weight                (768, 30) | 23040
[Trainable] image_encoder.blocks.5.attn.Lora_shared_A_k.weight           (30, 768) | 23040
[Trainable] image_encoder.blocks.5.attn.Lora_shared_B_k.weight           (768, 30) | 23040
[Trainable] image_encoder.blocks.5.attn.Lora_shared_A_v.weight           (30, 768) | 23040
[Trainable] image_encoder.blocks.5.attn.Lora_shared_B_v.weight           (768, 30) | 23040
[Trainable] image_encoder.blocks.6.attn.lora_B_k.0.weight                (768, 30) | 23040
[Trainable] image_encoder.blocks.6.attn.lora_B_v.0.weight                (768, 30) | 23040
[Trainable] image_encoder.blocks.6.attn.Lora_shared_A_k.weight           (30, 768) | 23040
[Trainable] image_encoder.blocks.6.attn.Lora_shared_B_k.weight           (768, 30) | 23040
[Trainable] image_encoder.blocks.6.attn.Lora_shared_A_v.weight           (30, 768) | 23040
[Trainable] image_encoder.blocks.6.attn.Lora_shared_B_v.weight           (768, 30) | 23040
[Trainable] image_encoder.blocks.7.attn.lora_B_k.0.weight                (768, 30) | 23040
[Trainable] image_encoder.blocks.7.attn.lora_B_v.0.weight                (768, 30) | 23040
[Trainable] image_encoder.blocks.7.attn.Lora_shared_A_k.weight           (30, 768) | 23040
[Trainable] image_encoder.blocks.7.attn.Lora_shared_B_k.weight           (768, 30) | 23040
[Trainable] image_encoder.blocks.7.attn.Lora_shared_A_v.weight           (30, 768) | 23040
[Trainable] image_encoder.blocks.7.attn.Lora_shared_B_v.weight           (768, 30) | 23040
[Trainable] image_encoder.blocks.8.attn.lora_B_k.0.weight                (768, 30) | 23040
[Trainable] image_encoder.blocks.8.attn.lora_B_v.0.weight                (768, 30) | 23040
[Trainable] image_encoder.blocks.8.attn.Lora_shared_A_k.weight           (30, 768) | 23040
[Trainable] image_encoder.blocks.8.attn.Lora_shared_B_k.weight           (768, 30) | 23040
[Trainable] image_encoder.blocks.8.attn.Lora_shared_A_v.weight           (30, 768) | 23040
[Trainable] image_encoder.blocks.8.attn.Lora_shared_B_v.weight           (768, 30) | 23040
[Trainable] image_encoder.blocks.9.attn.lora_B_k.0.weight                (768, 30) | 23040
[Trainable] image_encoder.blocks.9.attn.lora_B_v.0.weight                (768, 30) | 23040
[Trainable] image_encoder.blocks.9.attn.Lora_shared_A_k.weight           (30, 768) | 23040
[Trainable] image_encoder.blocks.9.attn.Lora_shared_B_k.weight           (768, 30) | 23040
[Trainable] image_encoder.blocks.9.attn.Lora_shared_A_v.weight           (30, 768) | 23040
[Trainable] image_encoder.blocks.9.attn.Lora_shared_B_v.weight           (768, 30) | 23040
[Trainable] image_encoder.blocks.10.attn.lora_B_k.0.weight               (768, 30) | 23040
[Trainable] image_encoder.blocks.10.attn.lora_B_v.0.weight               (768, 30) | 23040
[Trainable] image_encoder.blocks.10.attn.Lora_shared_A_k.weight          (30, 768) | 23040
[Trainable] image_encoder.blocks.10.attn.Lora_shared_B_k.weight          (768, 30) | 23040
[Trainable] image_encoder.blocks.10.attn.Lora_shared_A_v.weight          (30, 768) | 23040
[Trainable] image_encoder.blocks.10.attn.Lora_shared_B_v.weight          (768, 30) | 23040
[Trainable] image_encoder.blocks.11.attn.lora_B_k.0.weight               (768, 30) | 23040
[Trainable] image_encoder.blocks.11.attn.lora_B_v.0.weight               (768, 30) | 23040
[Trainable] image_encoder.blocks.11.attn.Lora_shared_A_k.weight          (30, 768) | 23040
[Trainable] image_encoder.blocks.11.attn.Lora_shared_B_k.weight          (768, 30) | 23040
[Trainable] image_encoder.blocks.11.attn.Lora_shared_A_v.weight          (30, 768) | 23040
[Trainable] image_encoder.blocks.11.attn.Lora_shared_B_v.weight          (768, 30) | 23040
[Trainable] classifier_pool.0.weight                                     (69, 768) | 52992
[Trainable] classifier_pool.0.bias                                       (69,) | 69
2026-07-13 21:18:07,688 [toolkit.py] => Total params:     109,496,748
2026-07-13 21:18:07,688 [toolkit.py] => Trainable params: 1,711,941
2026-07-13 21:18:07,688 [toolkit.py] => Trainable ratio:  1.5635%
✅ Requires_grad parameters and optimizer parameters are consistent.
  0%|          | 0/10 [00:00<?, ?it/s]  0%|          | 0/10 [00:16<?, ?it/s]
Traceback (most recent call last):
  File "/home/zll2025/low-rank-cl-main/main.py", line 57, in <module>
    main()
  File "/home/zll2025/low-rank-cl-main/main.py", line 30, in main
    start(args)
  File "/home/zll2025/low-rank-cl-main/trainer.py", line 15, in start
    train(data_manager, model, args)
  File "/home/zll2025/low-rank-cl-main/trainer.py", line 48, in train
    model.incremental_train(data_manager)
  File "/home/zll2025/low-rank-cl-main/methods/splitlorav6.py", line 122, in incremental_train
    self._train(self.train_loader)
  File "/home/zll2025/low-rank-cl-main/methods/splitlorav6.py", line 255, in _train
    self._train_function(train_loader, optimizer, scheduler)
  File "/home/zll2025/low-rank-cl-main/methods/splitlorav6.py", line 433, in _train_function
    losses += loss.item()
KeyboardInterrupt
