nohup: ignoring input
=========================================
GPU5: Running experiments at Tue Sep  8 10:49:58 AM CST 2026
=========================================
[1/4] sdlora_ov4 - priority: 0.00001
  sdlora_ov4/cifar100_seed=1993_lo=0.00001_ls_0.00001_mu=0.00001
  sdlora_ov4/imagenet-r_seed=1993_lo=0.00001_ls_0.00001_mu=0.00001
  sdlora_ov4/domain_seed=1993_lo=0.00001_ls_0.00001_mu=0.00001
[3/4] splitlorav64 - priority: 0.00001
  splitlorav64/cifar100_seed=1993_lo=0.00001_ls_0.00001_mu=0.00001
  splitlorav64/imagenet-r_seed=1993_lo=0.00001_ls_0.00001_mu=0.00001
  splitlorav64/domain_seed=1993_lo=0.00001_ls_0.00001_mu=0.00001
[2/4] sdlora_ov4 - remaining values
  sdlora_ov4/cifar100_seed=1993_lo=0.000001_ls_0.000001_mu=0.000001
  sdlora_ov4/cifar100_seed=1993_lo=0.0001_ls_0.0001_mu=0.0001
  sdlora_ov4/cifar100_seed=1993_lo=0.001_ls_0.001_mu=0.001
  sdlora_ov4/cifar100_seed=1993_lo=0.01_ls_0.01_mu=0.01
  sdlora_ov4/imagenet-r_seed=1993_lo=0.000001_ls_0.000001_mu=0.000001
  sdlora_ov4/imagenet-r_seed=1993_lo=0.0001_ls_0.0001_mu=0.0001
  sdlora_ov4/imagenet-r_seed=1993_lo=0.001_ls_0.001_mu=0.001
  sdlora_ov4/imagenet-r_seed=1993_lo=0.01_ls_0.01_mu=0.01
  sdlora_ov4/domain_seed=1993_lo=0.000001_ls_0.000001_mu=0.000001
  sdlora_ov4/domain_seed=1993_lo=0.0001_ls_0.0001_mu=0.0001
  sdlora_ov4/domain_seed=1993_lo=0.001_ls_0.001_mu=0.001
  sdlora_ov4/domain_seed=1993_lo=0.01_ls_0.01_mu=0.01
[4/4] splitlorav64 - remaining values (0.000001, 0.0001)
  splitlorav64/cifar100_seed=1993_lo=0.000001_ls_0.000001_mu=0.000001
  splitlorav64/cifar100_seed=1993_lo=0.0001_ls_0.0001_mu=0.0001
  splitlorav64/imagenet-r_seed=1993_lo=0.000001_ls_0.000001_mu=0.000001
  splitlorav64/imagenet-r_seed=1993_lo=0.0001_ls_0.0001_mu=0.0001
  splitlorav64/domain_seed=1993_lo=0.000001_ls_0.000001_mu=0.000001
  splitlorav64/domain_seed=1993_lo=0.0001_ls_0.0001_mu=0.0001
GPU5: All experiments completed at Sat Sep 12 06:06:41 AM CST 2026
