2026-08-28 09:31:04,092 [toolkit.py] => config: configs/inflora_o/imagenet-r_seed=1993.json
2026-08-28 09:31:04,092 [toolkit.py] => device: [device(type='cuda', index=5)]
2026-08-28 09:31:04,092 [toolkit.py] => debug: False
2026-08-28 09:31:04,092 [toolkit.py] => save_ckp: False
2026-08-28 09:31:04,092 [toolkit.py] => moe_list: None
2026-08-28 09:31:04,092 [toolkit.py] => seed: 1993
2026-08-28 09:31:04,092 [toolkit.py] => dataset: imagenet-r
2026-08-28 09:31:04,092 [toolkit.py] => data_path: data/imagenet-r
2026-08-28 09:31:04,092 [toolkit.py] => load: vit_base_patch16_224_in21k
2026-08-28 09:31:04,092 [toolkit.py] => init_cls: 20
2026-08-28 09:31:04,092 [toolkit.py] => increment: 20
2026-08-28 09:31:04,092 [toolkit.py] => sessions: 10
2026-08-28 09:31:04,092 [toolkit.py] => shuffle: False
2026-08-28 09:31:04,092 [toolkit.py] => method: inflorao
2026-08-28 09:31:04,092 [toolkit.py] => optimizer: adam
2026-08-28 09:31:04,092 [toolkit.py] => scheduler: cosine
2026-08-28 09:31:04,092 [toolkit.py] => epochs: 50
2026-08-28 09:31:04,092 [toolkit.py] => lrate: 0.0005
2026-08-28 09:31:04,092 [toolkit.py] => weight_decay: 0.0
2026-08-28 09:31:04,093 [toolkit.py] => batch_size: 128
2026-08-28 09:31:04,093 [toolkit.py] => rank: 10
2026-08-28 09:31:04,093 [toolkit.py] => num_workers: 16
2026-08-28 09:31:04,093 [toolkit.py] => lamb: 0.98
2026-08-28 09:31:04,093 [toolkit.py] => lame: 1.0
2026-08-28 09:31:04,093 [toolkit.py] => lrate_head: 0
2026-08-28 09:31:04,093 [toolkit.py] => R: 0.5
2026-08-28 09:31:04,093 [toolkit.py] => logdir: logs/inflorao/imagenet-r/t10
2026-08-28 09:31:04,093 [toolkit.py] => logfilename: logs/inflorao/imagenet-r/t10/seed1993
2026-08-28 09:31:04,170 [data_manager.py] => Class index order: 0, 1, 2, 3, 4, ..., 195, 196, 197, 198, 199
2026-08-28 09:31:06,504 [trainer.py] => ================================================================================
2026-08-28 09:31:06,504 [trainer.py] => Dataset Information
2026-08-28 09:31:06,504 [trainer.py] => ================================================================================
2026-08-28 09:31:06,504 [trainer.py] =>   Dataset name     : imagenet-r
2026-08-28 09:31:06,504 [trainer.py] =>   Data path        : data/imagenet-r
2026-08-28 09:31:06,504 [trainer.py] =>   Total classes    : 200
2026-08-28 09:31:06,504 [trainer.py] =>   Total tasks      : 10
2026-08-28 09:31:06,504 [trainer.py] =>   Task increments  : [20, 20, 20, 20, 20, 20, 20, 20, 20, 20]
2026-08-28 09:31:06,504 [trainer.py] =>   Init classes     : 20
2026-08-28 09:31:06,504 [trainer.py] =>   Increment per task: 20
2026-08-28 09:31:06,504 [trainer.py] =>   Shuffle          : False
2026-08-28 09:31:06,504 [trainer.py] =>   Seed             : 1993
2026-08-28 09:31:06,504 [trainer.py] => --------------------------------------------------------------------------------
2026-08-28 09:31:06,504 [trainer.py] => Task split:
2026-08-28 09:31:06,506 [trainer.py] =>   Task 0: classes 0-19 (20 classes) | Train: 2585 images (11 batches), Test: 646 images (3 batches)
2026-08-28 09:31:06,507 [trainer.py] =>   Task 1: classes 20-39 (20 classes) | Train: 2886 images (12 batches), Test: 720 images (3 batches)
2026-08-28 09:31:06,509 [trainer.py] =>   Task 2: classes 40-59 (20 classes) | Train: 1739 images (7 batches), Test: 436 images (2 batches)
2026-08-28 09:31:06,510 [trainer.py] =>   Task 3: classes 60-79 (20 classes) | Train: 2344 images (10 batches), Test: 589 images (3 batches)
2026-08-28 09:31:06,511 [trainer.py] =>   Task 4: classes 80-99 (20 classes) | Train: 2816 images (11 batches), Test: 703 images (3 batches)
2026-08-28 09:31:06,512 [trainer.py] =>   Task 5: classes 100-119 (20 classes) | Train: 2215 images (9 batches), Test: 555 images (3 batches)
2026-08-28 09:31:06,513 [trainer.py] =>   Task 6: classes 120-139 (20 classes) | Train: 2274 images (9 batches), Test: 568 images (3 batches)
2026-08-28 09:31:06,515 [trainer.py] =>   Task 7: classes 140-159 (20 classes) | Train: 1821 images (8 batches), Test: 456 images (2 batches)
2026-08-28 09:31:06,516 [trainer.py] =>   Task 8: classes 160-179 (20 classes) | Train: 2489 images (10 batches), Test: 621 images (3 batches)
2026-08-28 09:31:06,517 [trainer.py] =>   Task 9: classes 180-199 (20 classes) | Train: 2831 images (12 batches), Test: 706 images (3 batches)
2026-08-28 09:31:06,517 [trainer.py] => ================================================================================
2026-08-28 09:31:06,517 [trainer.py] => ================================================================================
2026-08-28 09:31:06,518 [base.py] => Task 0 learning on class 0-20
2026-08-28 09:31:07,091 [toolkit.py] => Total params:     106,804,763
2026-08-28 09:31:07,091 [toolkit.py] => Trainable params: 568,340
2026-08-28 09:31:07,091 [toolkit.py] => Trainable ratio:  0.5321%
2026-08-28 12:24:23,729 [toolkit.py] => config: configs/inflora_o/imagenet-r_seed=1993.json
2026-08-28 12:24:23,729 [toolkit.py] => device: [device(type='cuda', index=2)]
2026-08-28 12:24:23,729 [toolkit.py] => debug: False
2026-08-28 12:24:23,729 [toolkit.py] => save_ckp: False
2026-08-28 12:24:23,729 [toolkit.py] => moe_list: None
2026-08-28 12:24:23,729 [toolkit.py] => seed: 1993
2026-08-28 12:24:23,729 [toolkit.py] => dataset: imagenet-r
2026-08-28 12:24:23,729 [toolkit.py] => data_path: data/imagenet-r
2026-08-28 12:24:23,729 [toolkit.py] => load: vit_base_patch16_224_in21k
2026-08-28 12:24:23,729 [toolkit.py] => init_cls: 20
2026-08-28 12:24:23,729 [toolkit.py] => increment: 20
2026-08-28 12:24:23,729 [toolkit.py] => sessions: 10
2026-08-28 12:24:23,729 [toolkit.py] => shuffle: False
2026-08-28 12:24:23,729 [toolkit.py] => method: inflorao
2026-08-28 12:24:23,729 [toolkit.py] => optimizer: adam
2026-08-28 12:24:23,729 [toolkit.py] => scheduler: cosine
2026-08-28 12:24:23,729 [toolkit.py] => epochs: 50
2026-08-28 12:24:23,729 [toolkit.py] => lrate: 0.0005
2026-08-28 12:24:23,729 [toolkit.py] => weight_decay: 0.0
2026-08-28 12:24:23,729 [toolkit.py] => batch_size: 128
2026-08-28 12:24:23,730 [toolkit.py] => rank: 10
2026-08-28 12:24:23,730 [toolkit.py] => num_workers: 16
2026-08-28 12:24:23,730 [toolkit.py] => lamb: 0.98
2026-08-28 12:24:23,730 [toolkit.py] => lame: 1.0
2026-08-28 12:24:23,730 [toolkit.py] => lrate_head: 0
2026-08-28 12:24:23,730 [toolkit.py] => R: 0.5
2026-08-28 12:24:23,730 [toolkit.py] => logdir: logs/inflorao/imagenet-r/t10
2026-08-28 12:24:23,730 [toolkit.py] => logfilename: logs/inflorao/imagenet-r/t10/seed1993
2026-08-28 12:24:23,825 [data_manager.py] => Class index order: 0, 1, 2, 3, 4, ..., 195, 196, 197, 198, 199
2026-08-28 12:24:24,372 [trainer.py] => ================================================================================
2026-08-28 12:24:24,372 [trainer.py] => Dataset Information
2026-08-28 12:24:24,372 [trainer.py] => ================================================================================
2026-08-28 12:24:24,372 [trainer.py] =>   Dataset name     : imagenet-r
2026-08-28 12:24:24,372 [trainer.py] =>   Data path        : data/imagenet-r
2026-08-28 12:24:24,372 [trainer.py] =>   Total classes    : 200
2026-08-28 12:24:24,372 [trainer.py] =>   Total tasks      : 10
2026-08-28 12:24:24,372 [trainer.py] =>   Task increments  : [20, 20, 20, 20, 20, 20, 20, 20, 20, 20]
2026-08-28 12:24:24,373 [trainer.py] =>   Init classes     : 20
2026-08-28 12:24:24,373 [trainer.py] =>   Increment per task: 20
2026-08-28 12:24:24,373 [trainer.py] =>   Shuffle          : False
2026-08-28 12:24:24,373 [trainer.py] =>   Seed             : 1993
2026-08-28 12:24:24,373 [trainer.py] => --------------------------------------------------------------------------------
2026-08-28 12:24:24,373 [trainer.py] => Task split:
2026-08-28 12:24:24,374 [trainer.py] =>   Task 0: classes 0-19 (20 classes) | Train: 2585 images (11 batches), Test: 646 images (3 batches)
2026-08-28 12:24:24,376 [trainer.py] =>   Task 1: classes 20-39 (20 classes) | Train: 2886 images (12 batches), Test: 720 images (3 batches)
2026-08-28 12:24:24,377 [trainer.py] =>   Task 2: classes 40-59 (20 classes) | Train: 1739 images (7 batches), Test: 436 images (2 batches)
2026-08-28 12:24:24,378 [trainer.py] =>   Task 3: classes 60-79 (20 classes) | Train: 2344 images (10 batches), Test: 589 images (3 batches)
2026-08-28 12:24:24,380 [trainer.py] =>   Task 4: classes 80-99 (20 classes) | Train: 2816 images (11 batches), Test: 703 images (3 batches)
2026-08-28 12:24:24,381 [trainer.py] =>   Task 5: classes 100-119 (20 classes) | Train: 2215 images (9 batches), Test: 555 images (3 batches)
2026-08-28 12:24:24,382 [trainer.py] =>   Task 6: classes 120-139 (20 classes) | Train: 2274 images (9 batches), Test: 568 images (3 batches)
2026-08-28 12:24:24,383 [trainer.py] =>   Task 7: classes 140-159 (20 classes) | Train: 1821 images (8 batches), Test: 456 images (2 batches)
2026-08-28 12:24:24,384 [trainer.py] =>   Task 8: classes 160-179 (20 classes) | Train: 2489 images (10 batches), Test: 621 images (3 batches)
2026-08-28 12:24:24,385 [trainer.py] =>   Task 9: classes 180-199 (20 classes) | Train: 2831 images (12 batches), Test: 706 images (3 batches)
2026-08-28 12:24:24,386 [trainer.py] => ================================================================================
2026-08-28 12:24:24,386 [trainer.py] => ================================================================================
