2026-07-03 12:44:48,226 [toolkit.py] => config: /home/zll2025/low-rank-cl-main/configs/splitlorav6/domain_seed=2026.json
2026-07-03 12:44:48,226 [toolkit.py] => device: [device(type='cuda', index=3)]
2026-07-03 12:44:48,226 [toolkit.py] => debug: False
2026-07-03 12:44:48,226 [toolkit.py] => save_ckp: False
2026-07-03 12:44:48,226 [toolkit.py] => moe_list: None
2026-07-03 12:44:48,226 [toolkit.py] => seed: 2026
2026-07-03 12:44:48,226 [toolkit.py] => dataset: domainnet
2026-07-03 12:44:48,226 [toolkit.py] => data_path: data/domainnet
2026-07-03 12:44:48,226 [toolkit.py] => load: vit_base_patch16_224_in21k
2026-07-03 12:44:48,226 [toolkit.py] => init_cls: 69
2026-07-03 12:44:48,226 [toolkit.py] => increment: 69
2026-07-03 12:44:48,226 [toolkit.py] => sessions: 5
2026-07-03 12:44:48,226 [toolkit.py] => shuffle: False
2026-07-03 12:44:48,226 [toolkit.py] => method: splitlorav6
2026-07-03 12:44:48,226 [toolkit.py] => optimizer: adamw
2026-07-03 12:44:48,226 [toolkit.py] => scheduler: steplr
2026-07-03 12:44:48,227 [toolkit.py] => epochs: 10
2026-07-03 12:44:48,227 [toolkit.py] => lrate: 0.001
2026-07-03 12:44:48,227 [toolkit.py] => lrate_head: 0.01
2026-07-03 12:44:48,227 [toolkit.py] => weight_decay: 5e-05
2026-07-03 12:44:48,227 [toolkit.py] => batch_size: 256
2026-07-03 12:44:48,227 [toolkit.py] => rank: 10
2026-07-03 12:44:48,227 [toolkit.py] => num_workers: 16
2026-07-03 12:44:48,227 [toolkit.py] => lamb: 0.95
2026-07-03 12:44:48,227 [toolkit.py] => lame: 1.0
2026-07-03 12:44:48,227 [toolkit.py] => in_dim: 768
2026-07-03 12:44:48,227 [toolkit.py] => alpha: 20
2026-07-03 12:44:48,227 [toolkit.py] => logdir: logs/splitlorav6/domainnet/t5
2026-07-03 12:44:48,227 [toolkit.py] => logfilename: logs/splitlorav6/domainnet/t5/seed2026
2026-07-03 12:44:48,454 [data_manager.py] => Class index order: 0, 1, 2, 3, 4, ..., 340, 341, 342, 343, 344
2026-07-03 12:44:54,380 [trainer.py] => ================================================================================
2026-07-03 12:44:54,456 [base.py] => Task 0 learning on class 0-69
2026-07-03 12:44:54,963 [toolkit.py] => Total params:     105,073,068
2026-07-03 12:44:54,963 [toolkit.py] => Trainable params: 606,021
2026-07-03 12:44:54,963 [toolkit.py] => Trainable ratio:  0.5768%
2026-07-03 14:13:19,171 [splitlorav6.py] => Task 0, Epoch 10/10 => Loss 0.542, Train_accy 86.14
2026-07-03 14:17:55,278 [trainer.py] => Training time: 1h 33m 0s
2026-07-03 14:18:59,384 [trainer.py] => Evaluation time: 0h 1m 4s
2026-07-03 14:18:59,384 [trainer.py] => Accuracy: {'total': 86.52, '00-68': 86.52, 'old': 0, 'new': 86.52}
2026-07-03 14:18:59,384 [trainer.py] => (curve) top1 Acc: [86.52]
2026-07-03 14:18:59,384 [trainer.py] => Avergae Acc: 86.52
2026-07-03 14:18:59,384 [trainer.py] => (curve) top1 Acc with task: [86.52]
2026-07-03 14:18:59,384 [trainer.py] => Avergae Acc: 86.52
2026-07-03 14:18:59,385 [trainer.py] => (curve) top1 Acc task: [100.0]
2026-07-03 14:18:59,385 [trainer.py] => Avergae Acc: 100.00
2026-07-03 14:18:59,385 [trainer.py] => ================================================================================
2026-07-03 14:18:59,385 [trainer.py] => ================================================================================
2026-07-03 14:18:59,503 [base.py] => Task 1 learning on class 69-138
2026-07-03 14:18:59,514 [toolkit.py] => Total params:     105,073,068
2026-07-03 14:18:59,515 [toolkit.py] => Trainable params: 237,381
2026-07-03 14:18:59,515 [toolkit.py] => Trainable ratio:  0.2259%
2026-07-03 15:41:52,185 [splitlorav6.py] => Task 1, Epoch 10/10 => Loss 0.621, Train_accy 83.96
2026-07-03 15:46:22,155 [trainer.py] => Training time: 1h 27m 22s
2026-07-03 15:48:28,383 [trainer.py] => Evaluation time: 0h 2m 6s
2026-07-03 15:48:28,384 [trainer.py] => Accuracy: {'total': 81.05, '00-68': 79.45, '69-137': 82.71, 'old': 79.45, 'new': 82.71}
2026-07-03 15:48:28,384 [trainer.py] => (curve) top1 Acc: [86.52, 81.05]
2026-07-03 15:48:28,384 [trainer.py] => Avergae Acc: 83.78
2026-07-03 15:48:28,384 [trainer.py] => (curve) top1 Acc with task: [86.52, 86.53]
2026-07-03 15:48:28,384 [trainer.py] => Avergae Acc: 86.53
2026-07-03 15:48:28,384 [trainer.py] => (curve) top1 Acc task: [100.0, 88.92]
2026-07-03 15:48:28,384 [trainer.py] => Avergae Acc: 94.46
2026-07-03 15:48:28,384 [trainer.py] => ================================================================================
2026-07-03 15:48:28,384 [trainer.py] => ================================================================================
2026-07-03 15:48:28,471 [base.py] => Task 2 learning on class 138-207
2026-07-03 15:48:28,480 [toolkit.py] => Total params:     105,073,068
2026-07-03 15:48:28,480 [toolkit.py] => Trainable params: 237,381
2026-07-03 15:48:28,480 [toolkit.py] => Trainable ratio:  0.2259%
2026-07-03 17:17:50,642 [splitlorav6.py] => Task 2, Epoch 10/10 => Loss 0.679, Train_accy 82.33
2026-07-03 17:22:28,332 [trainer.py] => Training time: 1h 33m 59s
2026-07-03 17:25:37,253 [trainer.py] => Evaluation time: 0h 3m 8s
2026-07-03 17:25:37,253 [trainer.py] => Accuracy: {'total': 76.63, '00-68': 73.24, '69-137': 78.15, '138-206': 78.48, 'old': 75.65, 'new': 78.48}
2026-07-03 17:25:37,253 [trainer.py] => (curve) top1 Acc: [86.52, 81.05, 76.63]
2026-07-03 17:25:37,253 [trainer.py] => Avergae Acc: 81.40
2026-07-03 17:25:37,253 [trainer.py] => (curve) top1 Acc with task: [86.52, 86.53, 85.74]
2026-07-03 17:25:37,253 [trainer.py] => Avergae Acc: 86.26
2026-07-03 17:25:37,253 [trainer.py] => (curve) top1 Acc task: [100.0, 88.92, 82.88]
2026-07-03 17:25:37,253 [trainer.py] => Avergae Acc: 90.60
2026-07-03 17:25:37,253 [trainer.py] => ================================================================================
2026-07-03 17:25:37,253 [trainer.py] => ================================================================================
2026-07-03 17:25:37,321 [base.py] => Task 3 learning on class 207-276
2026-07-03 17:25:37,328 [toolkit.py] => Total params:     105,073,068
2026-07-03 17:25:37,329 [toolkit.py] => Trainable params: 237,381
2026-07-03 17:25:37,329 [toolkit.py] => Trainable ratio:  0.2259%
2026-07-03 18:52:21,299 [splitlorav6.py] => Task 3, Epoch 10/10 => Loss 0.629, Train_accy 83.57
2026-07-03 18:57:06,839 [trainer.py] => Training time: 1h 31m 29s
2026-07-03 19:01:19,200 [trainer.py] => Evaluation time: 0h 4m 12s
2026-07-03 19:01:19,200 [trainer.py] => Accuracy: {'total': 73.81, '00-68': 68.11, '69-137': 75.04, '138-206': 75.87, '207-275': 76.21, 'old': 73.02, 'new': 76.21}
2026-07-03 19:01:19,201 [trainer.py] => (curve) top1 Acc: [86.52, 81.05, 76.63, 73.81]
2026-07-03 19:01:19,201 [trainer.py] => Avergae Acc: 79.50
2026-07-03 19:01:19,201 [trainer.py] => (curve) top1 Acc with task: [86.52, 86.53, 85.74, 85.6]
2026-07-03 19:01:19,201 [trainer.py] => Avergae Acc: 86.10
2026-07-03 19:01:19,201 [trainer.py] => (curve) top1 Acc task: [100.0, 88.92, 82.88, 78.98]
2026-07-03 19:01:19,201 [trainer.py] => Avergae Acc: 87.70
2026-07-03 19:01:19,201 [trainer.py] => ================================================================================
2026-07-03 19:01:19,201 [trainer.py] => ================================================================================
2026-07-03 19:01:19,301 [base.py] => Task 4 learning on class 276-345
2026-07-03 19:01:19,313 [toolkit.py] => Total params:     105,073,068
2026-07-03 19:01:19,313 [toolkit.py] => Trainable params: 237,381
2026-07-03 19:01:19,313 [toolkit.py] => Trainable ratio:  0.2259%
2026-07-03 20:26:20,862 [splitlorav6.py] => Task 4, Epoch 10/10 => Loss 0.612, Train_accy 84.05
2026-07-03 20:31:03,739 [trainer.py] => Training time: 1h 29m 44s
2026-07-03 20:36:18,202 [trainer.py] => Evaluation time: 0h 5m 14s
2026-07-03 20:36:18,202 [trainer.py] => Accuracy: {'total': 71.41, '00-68': 64.6, '69-137': 71.75, '138-206': 73.2, '207-275': 73.74, '276-344': 73.75, 'old': 70.83, 'new': 73.75}
2026-07-03 20:36:18,202 [trainer.py] => (curve) top1 Acc: [86.52, 81.05, 76.63, 73.81, 71.41]
2026-07-03 20:36:18,202 [trainer.py] => Avergae Acc: 77.88
2026-07-03 20:36:18,202 [trainer.py] => (curve) top1 Acc with task: [86.52, 86.53, 85.74, 85.6, 85.6]
2026-07-03 20:36:18,202 [trainer.py] => Avergae Acc: 86.00
2026-07-03 20:36:18,202 [trainer.py] => (curve) top1 Acc task: [100.0, 88.92, 82.88, 78.98, 75.66]
2026-07-03 20:36:18,202 [trainer.py] => Avergae Acc: 85.29
2026-07-03 20:36:18,202 [trainer.py] => ================================================================================
2026-09-08 11:17:27,230 [toolkit.py] => config: configs/splitlorav64_e/domain_seed=2026.json
2026-09-08 11:17:27,230 [toolkit.py] => device: [device(type='cuda', index=1)]
2026-09-08 11:17:27,230 [toolkit.py] => debug: False
2026-09-08 11:17:27,230 [toolkit.py] => save_ckp: False
2026-09-08 11:17:27,230 [toolkit.py] => moe_list: None
2026-09-08 11:17:27,230 [toolkit.py] => seed: 2026
2026-09-08 11:17:27,230 [toolkit.py] => dataset: domainnet
2026-09-08 11:17:27,230 [toolkit.py] => data_path: data/domainnet
2026-09-08 11:17:27,230 [toolkit.py] => load: vit_base_patch16_224_in21k
2026-09-08 11:17:27,230 [toolkit.py] => init_cls: 69
2026-09-08 11:17:27,230 [toolkit.py] => increment: 69
2026-09-08 11:17:27,230 [toolkit.py] => sessions: 5
2026-09-08 11:17:27,230 [toolkit.py] => shuffle: False
2026-09-08 11:17:27,230 [toolkit.py] => method: splitlorav6
2026-09-08 11:17:27,230 [toolkit.py] => optimizer: adamw
2026-09-08 11:17:27,230 [toolkit.py] => scheduler: steplr
2026-09-08 11:17:27,230 [toolkit.py] => ema_type: EMA
2026-09-08 11:17:27,230 [toolkit.py] => epochs: 10
2026-09-08 11:17:27,230 [toolkit.py] => lrate: 0.001
2026-09-08 11:17:27,230 [toolkit.py] => lrate_head: 0.01
2026-09-08 11:17:27,230 [toolkit.py] => weight_decay: 5e-05
2026-09-08 11:17:27,230 [toolkit.py] => batch_size: 256
2026-09-08 11:17:27,230 [toolkit.py] => rank: 10
2026-09-08 11:17:27,230 [toolkit.py] => num_workers: 16
2026-09-08 11:17:27,230 [toolkit.py] => lamb: 0.95
2026-09-08 11:17:27,230 [toolkit.py] => lame: 1.0
2026-09-08 11:17:27,230 [toolkit.py] => in_dim: 768
2026-09-08 11:17:27,231 [toolkit.py] => alpha: 20
2026-09-08 11:17:27,231 [toolkit.py] => ema_decay: 0
2026-09-08 11:17:27,231 [toolkit.py] => ema_decay2: 0
2026-09-08 11:17:27,231 [toolkit.py] => R: 0.5
2026-09-08 11:17:27,231 [toolkit.py] => logdir: logs/splitlorav6/domainnet/t5
2026-09-08 11:17:27,231 [toolkit.py] => logfilename: logs/splitlorav6/domainnet/t5/seed2026
2026-09-08 11:17:27,455 [data_manager.py] => Class index order: 0, 1, 2, 3, 4, ..., 340, 341, 342, 343, 344
2026-09-08 11:17:31,814 [trainer.py] => ================================================================================
2026-09-08 11:17:31,814 [trainer.py] => Dataset Information
2026-09-08 11:17:31,814 [trainer.py] => ================================================================================
2026-09-08 11:17:31,814 [trainer.py] =>   Dataset name     : domainnet
2026-09-08 11:17:31,814 [trainer.py] =>   Data path        : data/domainnet
2026-09-08 11:17:31,814 [trainer.py] =>   Total classes    : 345
2026-09-08 11:17:31,814 [trainer.py] =>   Total tasks      : 5
2026-09-08 11:17:31,814 [trainer.py] =>   Task increments  : [69, 69, 69, 69, 69]
2026-09-08 11:17:31,814 [trainer.py] =>   Init classes     : 69
2026-09-08 11:17:31,814 [trainer.py] =>   Increment per task: 69
2026-09-08 11:17:31,814 [trainer.py] =>   Shuffle          : False
2026-09-08 11:17:31,814 [trainer.py] =>   Seed             : 2026
2026-09-08 11:17:31,814 [trainer.py] => --------------------------------------------------------------------------------
2026-09-08 11:17:31,814 [trainer.py] => Task split:
2026-09-08 11:17:31,876 [trainer.py] =>   Task 0: classes 0-68 (69 classes) | Train: 67628 images (265 batches), Test: 17009 images (67 batches)
2026-09-08 11:17:31,937 [trainer.py] =>   Task 1: classes 69-137 (69 classes) | Train: 65335 images (256 batches), Test: 16374 images (64 batches)
2026-09-08 11:17:31,999 [trainer.py] =>   Task 2: classes 138-206 (69 classes) | Train: 70512 images (276 batches), Test: 17747 images (70 batches)
2026-09-08 11:17:32,060 [trainer.py] =>   Task 3: classes 207-275 (69 classes) | Train: 68362 images (268 batches), Test: 16831 images (66 batches)
2026-09-08 11:17:32,119 [trainer.py] =>   Task 4: classes 276-344 (69 classes) | Train: 66967 images (262 batches), Test: 16741 images (66 batches)
2026-09-08 11:17:32,119 [trainer.py] => ================================================================================
2026-09-08 11:17:32,119 [trainer.py] => ================================================================================
2026-09-08 11:17:32,167 [splitlorav6.py] => Task 0 learning on class 0-69
2026-09-08 11:17:32,696 [toolkit.py] => Total params:     105,073,068
2026-09-08 11:17:32,696 [toolkit.py] => Trainable params: 606,021
2026-09-08 11:17:32,697 [toolkit.py] => Trainable ratio:  0.5768%
2026-09-08 12:45:08,058 [splitlorav6.py] => Task 0, Epoch 10/10 => Loss 0.452, Train_accy 88.20
2026-09-08 12:49:22,330 [trainer.py] => Training time: 1h 31m 50s
2026-09-08 12:50:25,452 [trainer.py] => Evaluation time: 0h 1m 3s
2026-09-08 12:50:25,452 [trainer.py] => Accuracy: {'total': 87.79, '00-68': 87.79, 'old': 0, 'new': 87.79}
2026-09-08 12:50:25,452 [trainer.py] => (curve) top1 Acc: [87.79]
2026-09-08 12:50:25,452 [trainer.py] => Avergae Acc: 87.79
2026-09-08 12:50:25,452 [trainer.py] => (curve) top1 Acc with task: [87.79]
2026-09-08 12:50:25,452 [trainer.py] => Avergae Acc: 87.79
2026-09-08 12:50:25,452 [trainer.py] => (curve) top1 Acc task: [100.0]
2026-09-08 12:50:25,452 [trainer.py] => Avergae Acc: 100.00
2026-09-08 12:50:25,452 [trainer.py] => ================================================================================
2026-09-08 12:50:25,452 [trainer.py] => ================================================================================
2026-09-08 12:50:25,513 [splitlorav6.py] => Task 1 learning on class 69-138
2026-09-08 12:50:25,521 [toolkit.py] => Total params:     105,073,068
2026-09-08 12:50:25,521 [toolkit.py] => Trainable params: 606,021
2026-09-08 12:50:25,521 [toolkit.py] => Trainable ratio:  0.5768%
2026-09-08 14:14:53,535 [splitlorav6.py] => Task 1, Epoch 10/10 => Loss 0.465, Train_accy 87.95
2026-09-08 14:18:57,192 [trainer.py] => Training time: 1h 28m 31s
2026-09-08 14:20:58,819 [trainer.py] => Evaluation time: 0h 2m 1s
2026-09-08 14:20:58,820 [trainer.py] => Accuracy: {'total': 81.75, '00-68': 79.27, '69-137': 84.33, 'old': 79.27, 'new': 84.33}
2026-09-08 14:20:58,820 [trainer.py] => (curve) top1 Acc: [87.79, 81.75]
2026-09-08 14:20:58,820 [trainer.py] => Avergae Acc: 84.77
2026-09-08 14:20:58,820 [trainer.py] => (curve) top1 Acc with task: [87.79, 87.55]
2026-09-08 14:20:58,820 [trainer.py] => Avergae Acc: 87.67
2026-09-08 14:20:58,820 [trainer.py] => (curve) top1 Acc task: [100.0, 89.03]
2026-09-08 14:20:58,820 [trainer.py] => Avergae Acc: 94.52
2026-09-08 14:20:58,820 [trainer.py] => ================================================================================
2026-09-08 14:20:58,820 [trainer.py] => ================================================================================
2026-09-08 14:20:58,885 [splitlorav6.py] => Task 2 learning on class 138-207
2026-09-08 14:20:58,893 [toolkit.py] => Total params:     105,073,068
2026-09-08 14:20:58,893 [toolkit.py] => Trainable params: 606,021
2026-09-08 14:20:58,893 [toolkit.py] => Trainable ratio:  0.5768%
2026-09-08 15:52:12,313 [splitlorav6.py] => Task 2, Epoch 10/10 => Loss 0.501, Train_accy 86.75
2026-09-08 15:56:37,906 [trainer.py] => Training time: 1h 35m 39s
2026-09-08 15:59:43,672 [trainer.py] => Evaluation time: 0h 3m 5s
2026-09-08 15:59:43,673 [trainer.py] => Accuracy: {'total': 77.62, '00-68': 71.91, '69-137': 79.64, '138-206': 81.22, 'old': 75.7, 'new': 81.22}
2026-09-08 15:59:43,673 [trainer.py] => (curve) top1 Acc: [87.79, 81.75, 77.62]
2026-09-08 15:59:43,673 [trainer.py] => Avergae Acc: 82.39
2026-09-08 15:59:43,673 [trainer.py] => (curve) top1 Acc with task: [87.79, 87.55, 86.93]
2026-09-08 15:59:43,673 [trainer.py] => Avergae Acc: 87.42
2026-09-08 15:59:43,673 [trainer.py] => (curve) top1 Acc task: [100.0, 89.03, 83.23]
2026-09-08 15:59:43,673 [trainer.py] => Avergae Acc: 90.75
2026-09-08 15:59:43,673 [trainer.py] => ================================================================================
2026-09-08 15:59:43,673 [trainer.py] => ================================================================================
2026-09-08 15:59:43,741 [splitlorav6.py] => Task 3 learning on class 207-276
2026-09-08 15:59:43,748 [toolkit.py] => Total params:     105,073,068
2026-09-08 15:59:43,749 [toolkit.py] => Trainable params: 606,021
2026-09-08 15:59:43,749 [toolkit.py] => Trainable ratio:  0.5768%
2026-09-08 17:28:25,927 [splitlorav6.py] => Task 3, Epoch 10/10 => Loss 0.472, Train_accy 87.70
2026-09-08 17:36:31,617 [trainer.py] => Training time: 1h 36m 47s
2026-09-08 17:40:44,933 [trainer.py] => Evaluation time: 0h 4m 13s
2026-09-08 17:40:44,933 [trainer.py] => Accuracy: {'total': 74.65, '00-68': 65.48, '69-137': 75.44, '138-206': 77.76, '207-275': 79.88, 'old': 72.93, 'new': 79.88}
2026-09-08 17:40:44,933 [trainer.py] => (curve) top1 Acc: [87.79, 81.75, 77.62, 74.65]
2026-09-08 17:40:44,934 [trainer.py] => Avergae Acc: 80.45
2026-09-08 17:40:44,934 [trainer.py] => (curve) top1 Acc with task: [87.79, 87.55, 86.93, 86.6]
2026-09-08 17:40:44,934 [trainer.py] => Avergae Acc: 87.22
2026-09-08 17:40:44,934 [trainer.py] => (curve) top1 Acc task: [100.0, 89.03, 83.23, 79.49]
2026-09-08 17:40:44,938 [trainer.py] => Avergae Acc: 87.94
2026-09-08 17:40:44,938 [trainer.py] => ================================================================================
2026-09-08 17:40:44,938 [trainer.py] => ================================================================================
2026-09-08 17:40:45,040 [splitlorav6.py] => Task 4 learning on class 276-345
2026-09-08 17:40:45,053 [toolkit.py] => Total params:     105,073,068
2026-09-08 17:40:45,053 [toolkit.py] => Trainable params: 606,021
2026-09-08 17:40:45,053 [toolkit.py] => Trainable ratio:  0.5768%
2026-09-08 19:40:26,984 [splitlorav6.py] => Task 4, Epoch 10/10 => Loss 0.444, Train_accy 88.34
2026-09-08 19:45:32,547 [trainer.py] => Training time: 2h 4m 47s
2026-09-08 19:51:56,946 [trainer.py] => Evaluation time: 0h 6m 24s
2026-09-08 19:51:56,946 [trainer.py] => Accuracy: {'total': 72.28, '00-68': 61.47, '69-137': 71.2, '138-206': 74.61, '207-275': 76.15, '276-344': 77.94, 'old': 70.88, 'new': 77.94}
2026-09-08 19:51:56,946 [trainer.py] => (curve) top1 Acc: [87.79, 81.75, 77.62, 74.65, 72.28]
2026-09-08 19:51:56,947 [trainer.py] => Avergae Acc: 78.82
2026-09-08 19:51:56,947 [trainer.py] => (curve) top1 Acc with task: [87.79, 87.55, 86.93, 86.6, 86.64]
2026-09-08 19:51:56,947 [trainer.py] => Avergae Acc: 87.10
2026-09-08 19:51:56,947 [trainer.py] => (curve) top1 Acc task: [100.0, 89.03, 83.23, 79.49, 76.32]
2026-09-08 19:51:56,947 [trainer.py] => Avergae Acc: 85.61
2026-09-08 19:51:56,947 [trainer.py] => ================================================================================
2026-09-13 16:25:27,886 [toolkit.py] => config: configs/splitlorav64/domain_seed=2026_lo=10_ls_10_mu=10.json
2026-09-13 16:25:27,930 [toolkit.py] => device: [device(type='cuda', index=4)]
2026-09-13 16:25:27,930 [toolkit.py] => debug: False
2026-09-13 16:25:27,930 [toolkit.py] => save_ckp: False
2026-09-13 16:25:27,930 [toolkit.py] => moe_list: None
2026-09-13 16:25:27,930 [toolkit.py] => seed: 2026
2026-09-13 16:25:27,930 [toolkit.py] => dataset: domainnet
2026-09-13 16:25:27,931 [toolkit.py] => data_path: data/domainnet
2026-09-13 16:25:27,931 [toolkit.py] => load: vit_base_patch16_224_in21k
2026-09-13 16:25:27,931 [toolkit.py] => init_cls: 69
2026-09-13 16:25:27,931 [toolkit.py] => increment: 69
2026-09-13 16:25:27,931 [toolkit.py] => sessions: 5
2026-09-13 16:25:27,931 [toolkit.py] => shuffle: False
2026-09-13 16:25:27,931 [toolkit.py] => method: splitlorav6
2026-09-13 16:25:27,931 [toolkit.py] => optimizer: adamw
2026-09-13 16:25:27,931 [toolkit.py] => scheduler: steplr
2026-09-13 16:25:27,931 [toolkit.py] => ema_type: EMA
2026-09-13 16:25:27,931 [toolkit.py] => epochs: 10
2026-09-13 16:25:27,931 [toolkit.py] => lrate: 0.001
2026-09-13 16:25:27,931 [toolkit.py] => lrate_head: 0.01
2026-09-13 16:25:27,932 [toolkit.py] => weight_decay: 5e-05
2026-09-13 16:25:27,932 [toolkit.py] => batch_size: 256
2026-09-13 16:25:27,932 [toolkit.py] => rank: 10
2026-09-13 16:25:27,932 [toolkit.py] => num_workers: 16
2026-09-13 16:25:27,932 [toolkit.py] => lamb: 0.95
2026-09-13 16:25:27,932 [toolkit.py] => lame: 1.0
2026-09-13 16:25:27,932 [toolkit.py] => in_dim: 768
2026-09-13 16:25:27,932 [toolkit.py] => alpha: 20
2026-09-13 16:25:27,932 [toolkit.py] => ema_decay: 0
2026-09-13 16:25:27,932 [toolkit.py] => ema_decay2: 0
2026-09-13 16:25:27,932 [toolkit.py] => R: 0.5
2026-09-13 16:25:27,932 [toolkit.py] => lambda_o: 10
2026-09-13 16:25:27,932 [toolkit.py] => lambda_s: 10
2026-09-13 16:25:27,932 [toolkit.py] => mu: 10
2026-09-13 16:25:27,932 [toolkit.py] => ortho_loss_typev2: True
2026-09-13 16:25:27,932 [toolkit.py] => logdir: logs/splitlorav6/domainnet/t5
2026-09-13 16:25:27,932 [toolkit.py] => logfilename: logs/splitlorav6/domainnet/t5/seed2026
2026-09-13 16:25:28,148 [data_manager.py] => Class index order: 0, 1, 2, 3, 4, ..., 340, 341, 342, 343, 344
2026-09-13 16:25:32,773 [trainer.py] => ================================================================================
2026-09-13 16:25:32,774 [trainer.py] => Dataset Information
2026-09-13 16:25:32,774 [trainer.py] => ================================================================================
2026-09-13 16:25:32,774 [trainer.py] =>   Dataset name     : domainnet
2026-09-13 16:25:32,774 [trainer.py] =>   Data path        : data/domainnet
2026-09-13 16:25:32,774 [trainer.py] =>   Total classes    : 345
2026-09-13 16:25:32,774 [trainer.py] =>   Total tasks      : 5
2026-09-13 16:25:32,774 [trainer.py] =>   Task increments  : [69, 69, 69, 69, 69]
2026-09-13 16:25:32,774 [trainer.py] =>   Init classes     : 69
2026-09-13 16:25:32,774 [trainer.py] =>   Increment per task: 69
2026-09-13 16:25:32,774 [trainer.py] =>   Shuffle          : False
2026-09-13 16:25:32,774 [trainer.py] =>   Seed             : 2026
2026-09-13 16:25:32,774 [trainer.py] => --------------------------------------------------------------------------------
2026-09-13 16:25:32,774 [trainer.py] => Task split:
2026-09-13 16:25:32,864 [trainer.py] =>   Task 0: classes 0-68 (69 classes) | Train: 67628 images (265 batches), Test: 17009 images (67 batches)
2026-09-13 16:25:32,930 [trainer.py] =>   Task 1: classes 69-137 (69 classes) | Train: 65335 images (256 batches), Test: 16374 images (64 batches)
2026-09-13 16:25:32,996 [trainer.py] =>   Task 2: classes 138-206 (69 classes) | Train: 70512 images (276 batches), Test: 17747 images (70 batches)
2026-09-13 16:25:33,061 [trainer.py] =>   Task 3: classes 207-275 (69 classes) | Train: 68362 images (268 batches), Test: 16831 images (66 batches)
2026-09-13 16:25:33,122 [trainer.py] =>   Task 4: classes 276-344 (69 classes) | Train: 66967 images (262 batches), Test: 16741 images (66 batches)
2026-09-13 16:25:33,122 [trainer.py] => ================================================================================
2026-09-13 16:25:33,122 [trainer.py] => ================================================================================
2026-09-13 16:25:33,172 [splitlorav6.py] => Task 0 learning on class 0-69
2026-09-13 16:25:33,667 [toolkit.py] => Total params:     105,073,068
2026-09-13 16:25:33,667 [toolkit.py] => Trainable params: 606,021
2026-09-13 16:25:33,667 [toolkit.py] => Trainable ratio:  0.5768%
