2026-07-02 13:10:38,852 [toolkit.py] => config: /home/zll2025/low-rank-cl-main/configs/splitlorav6/domain_seed=1.json
2026-07-02 13:10:38,852 [toolkit.py] => device: [device(type='cuda', index=3)]
2026-07-02 13:10:38,852 [toolkit.py] => debug: False
2026-07-02 13:10:38,852 [toolkit.py] => save_ckp: False
2026-07-02 13:10:38,852 [toolkit.py] => moe_list: None
2026-07-02 13:10:38,852 [toolkit.py] => seed: 1
2026-07-02 13:10:38,852 [toolkit.py] => dataset: domainnet
2026-07-02 13:10:38,853 [toolkit.py] => data_path: data/domainnet
2026-07-02 13:10:38,853 [toolkit.py] => load: vit_base_patch16_224_in21k
2026-07-02 13:10:38,853 [toolkit.py] => init_cls: 69
2026-07-02 13:10:38,853 [toolkit.py] => increment: 69
2026-07-02 13:10:38,853 [toolkit.py] => sessions: 5
2026-07-02 13:10:38,853 [toolkit.py] => shuffle: False
2026-07-02 13:10:38,853 [toolkit.py] => method: splitlorav6
2026-07-02 13:10:38,853 [toolkit.py] => optimizer: adamw
2026-07-02 13:10:38,853 [toolkit.py] => scheduler: steplr
2026-07-02 13:10:38,853 [toolkit.py] => epochs: 10
2026-07-02 13:10:38,853 [toolkit.py] => lrate: 0.001
2026-07-02 13:10:38,853 [toolkit.py] => lrate_head: 0.01
2026-07-02 13:10:38,853 [toolkit.py] => weight_decay: 5e-05
2026-07-02 13:10:38,853 [toolkit.py] => batch_size: 256
2026-07-02 13:10:38,853 [toolkit.py] => rank: 10
2026-07-02 13:10:38,853 [toolkit.py] => num_workers: 16
2026-07-02 13:10:38,853 [toolkit.py] => lamb: 0.95
2026-07-02 13:10:38,853 [toolkit.py] => lame: 1.0
2026-07-02 13:10:38,853 [toolkit.py] => in_dim: 768
2026-07-02 13:10:38,853 [toolkit.py] => alpha: 20
2026-07-02 13:10:38,853 [toolkit.py] => logdir: logs/splitlorav6/domainnet/t5
2026-07-02 13:10:38,853 [toolkit.py] => logfilename: logs/splitlorav6/domainnet/t5/seed1
2026-07-02 13:10:39,077 [data_manager.py] => Class index order: 0, 1, 2, 3, 4, ..., 340, 341, 342, 343, 344
2026-07-02 13:10:43,397 [trainer.py] => ================================================================================
2026-07-02 13:10:43,451 [base.py] => Task 0 learning on class 0-69
2026-07-02 13:10:43,948 [toolkit.py] => Total params:     105,073,068
2026-07-02 13:10:43,948 [toolkit.py] => Trainable params: 606,021
2026-07-02 13:10:43,948 [toolkit.py] => Trainable ratio:  0.5768%
2026-07-02 14:38:15,529 [splitlorav6.py] => Task 0, Epoch 10/10 => Loss 0.549, Train_accy 85.69
2026-07-02 14:42:27,659 [trainer.py] => Training time: 1h 31m 44s
2026-07-02 14:43:30,542 [trainer.py] => Evaluation time: 0h 1m 2s
2026-07-02 14:43:30,542 [trainer.py] => Accuracy: {'total': 86.78, '00-68': 86.78, 'old': 0, 'new': 86.78}
2026-07-02 14:43:30,542 [trainer.py] => (curve) top1 Acc: [86.78]
2026-07-02 14:43:30,543 [trainer.py] => Avergae Acc: 86.78
2026-07-02 14:43:30,543 [trainer.py] => (curve) top1 Acc with task: [86.78]
2026-07-02 14:43:30,543 [trainer.py] => Avergae Acc: 86.78
2026-07-02 14:43:30,543 [trainer.py] => (curve) top1 Acc task: [100.0]
2026-07-02 14:43:30,543 [trainer.py] => Avergae Acc: 100.00
2026-07-02 14:43:30,543 [trainer.py] => ================================================================================
2026-07-02 14:43:30,543 [trainer.py] => ================================================================================
2026-07-02 14:43:30,601 [base.py] => Task 1 learning on class 69-138
2026-07-02 14:43:30,609 [toolkit.py] => Total params:     105,073,068
2026-07-02 14:43:30,609 [toolkit.py] => Trainable params: 237,381
2026-07-02 14:43:30,609 [toolkit.py] => Trainable ratio:  0.2259%
2026-07-02 16:05:25,876 [splitlorav6.py] => Task 1, Epoch 10/10 => Loss 0.610, Train_accy 84.16
2026-07-02 16:09:30,859 [trainer.py] => Training time: 1h 26m 0s
2026-07-02 16:11:34,704 [trainer.py] => Evaluation time: 0h 2m 3s
2026-07-02 16:11:34,704 [trainer.py] => Accuracy: {'total': 80.75, '00-68': 79.13, '69-137': 82.43, 'old': 79.13, 'new': 82.43}
2026-07-02 16:11:34,704 [trainer.py] => (curve) top1 Acc: [86.78, 80.75]
2026-07-02 16:11:34,704 [trainer.py] => Avergae Acc: 83.77
2026-07-02 16:11:34,704 [trainer.py] => (curve) top1 Acc with task: [86.78, 86.66]
2026-07-02 16:11:34,704 [trainer.py] => Avergae Acc: 86.72
2026-07-02 16:11:34,704 [trainer.py] => (curve) top1 Acc task: [100.0, 88.48]
2026-07-02 16:11:34,704 [trainer.py] => Avergae Acc: 94.24
2026-07-02 16:11:34,704 [trainer.py] => ================================================================================
2026-07-02 16:11:34,704 [trainer.py] => ================================================================================
2026-07-02 16:11:34,779 [base.py] => Task 2 learning on class 138-207
2026-07-02 16:11:34,786 [toolkit.py] => Total params:     105,073,068
2026-07-02 16:11:34,786 [toolkit.py] => Trainable params: 237,381
2026-07-02 16:11:34,786 [toolkit.py] => Trainable ratio:  0.2259%
2026-07-02 17:40:04,517 [splitlorav6.py] => Task 2, Epoch 10/10 => Loss 0.680, Train_accy 82.41
2026-07-02 17:45:23,363 [trainer.py] => Training time: 1h 33m 48s
2026-07-02 17:48:35,448 [trainer.py] => Evaluation time: 0h 3m 12s
2026-07-02 17:48:35,448 [trainer.py] => Accuracy: {'total': 76.43, '00-68': 72.32, '69-137': 78.2, '138-206': 78.74, 'old': 75.2, 'new': 78.74}
2026-07-02 17:48:35,449 [trainer.py] => (curve) top1 Acc: [86.78, 80.75, 76.43]
2026-07-02 17:48:35,450 [trainer.py] => Avergae Acc: 81.32
2026-07-02 17:48:35,450 [trainer.py] => (curve) top1 Acc with task: [86.78, 86.66, 85.88]
2026-07-02 17:48:35,450 [trainer.py] => Avergae Acc: 86.44
2026-07-02 17:48:35,450 [trainer.py] => (curve) top1 Acc task: [100.0, 88.48, 82.58]
2026-07-02 17:48:35,450 [trainer.py] => Avergae Acc: 90.35
2026-07-02 17:48:35,450 [trainer.py] => ================================================================================
2026-07-02 17:48:35,451 [trainer.py] => ================================================================================
2026-07-02 17:48:35,563 [base.py] => Task 3 learning on class 207-276
2026-07-02 17:48:35,576 [toolkit.py] => Total params:     105,073,068
2026-07-02 17:48:35,576 [toolkit.py] => Trainable params: 237,381
2026-07-02 17:48:35,576 [toolkit.py] => Trainable ratio:  0.2259%
2026-07-02 19:14:59,885 [splitlorav6.py] => Task 3, Epoch 10/10 => Loss 0.626, Train_accy 83.62
2026-07-02 19:19:46,194 [trainer.py] => Training time: 1h 31m 10s
2026-07-02 19:23:55,790 [trainer.py] => Evaluation time: 0h 4m 9s
2026-07-02 19:23:55,790 [trainer.py] => Accuracy: {'total': 73.36, '00-68': 66.55, '69-137': 74.5, '138-206': 76.13, '207-275': 76.22, 'old': 72.42, 'new': 76.22}
2026-07-02 19:23:55,790 [trainer.py] => (curve) top1 Acc: [86.78, 80.75, 76.43, 73.36]
2026-07-02 19:23:55,791 [trainer.py] => Avergae Acc: 79.33
2026-07-02 19:23:55,791 [trainer.py] => (curve) top1 Acc with task: [86.78, 86.66, 85.88, 85.67]
2026-07-02 19:23:55,791 [trainer.py] => Avergae Acc: 86.25
2026-07-02 19:23:55,791 [trainer.py] => (curve) top1 Acc task: [100.0, 88.48, 82.58, 78.48]
2026-07-02 19:23:55,791 [trainer.py] => Avergae Acc: 87.39
2026-07-02 19:23:55,791 [trainer.py] => ================================================================================
2026-07-02 19:23:55,791 [trainer.py] => ================================================================================
2026-07-02 19:23:55,854 [base.py] => Task 4 learning on class 276-345
2026-07-02 19:23:55,863 [toolkit.py] => Total params:     105,073,068
2026-07-02 19:23:55,863 [toolkit.py] => Trainable params: 237,381
2026-07-02 19:23:55,863 [toolkit.py] => Trainable ratio:  0.2259%
2026-07-02 20:48:36,009 [splitlorav6.py] => Task 4, Epoch 10/10 => Loss 0.612, Train_accy 84.14
2026-07-02 20:54:11,259 [trainer.py] => Training time: 1h 30m 15s
2026-07-02 20:59:27,508 [trainer.py] => Evaluation time: 0h 5m 16s
2026-07-02 20:59:27,508 [trainer.py] => Accuracy: {'total': 70.9, '00-68': 63.26, '69-137': 70.21, '138-206': 73.79, '207-275': 73.86, '276-344': 73.28, 'old': 70.31, 'new': 73.28}
2026-07-02 20:59:27,509 [trainer.py] => (curve) top1 Acc: [86.78, 80.75, 76.43, 73.36, 70.9]
2026-07-02 20:59:27,509 [trainer.py] => Avergae Acc: 77.64
2026-07-02 20:59:27,509 [trainer.py] => (curve) top1 Acc with task: [86.78, 86.66, 85.88, 85.67, 85.56]
2026-07-02 20:59:27,509 [trainer.py] => Avergae Acc: 86.11
2026-07-02 20:59:27,509 [trainer.py] => (curve) top1 Acc task: [100.0, 88.48, 82.58, 78.48, 75.23]
2026-07-02 20:59:27,509 [trainer.py] => Avergae Acc: 84.95
2026-07-02 20:59:27,509 [trainer.py] => ================================================================================
