2026-07-02 05:24:58,166 [toolkit.py] => config: /home/zll2025/low-rank-cl-main/configs/splitlorav6/domain_seed=0.json
2026-07-02 05:24:58,166 [toolkit.py] => device: [device(type='cuda', index=3)]
2026-07-02 05:24:58,166 [toolkit.py] => debug: False
2026-07-02 05:24:58,166 [toolkit.py] => save_ckp: False
2026-07-02 05:24:58,166 [toolkit.py] => moe_list: None
2026-07-02 05:24:58,166 [toolkit.py] => seed: 0
2026-07-02 05:24:58,166 [toolkit.py] => dataset: domainnet
2026-07-02 05:24:58,166 [toolkit.py] => data_path: data/domainnet
2026-07-02 05:24:58,166 [toolkit.py] => load: vit_base_patch16_224_in21k
2026-07-02 05:24:58,166 [toolkit.py] => init_cls: 69
2026-07-02 05:24:58,166 [toolkit.py] => increment: 69
2026-07-02 05:24:58,166 [toolkit.py] => sessions: 5
2026-07-02 05:24:58,166 [toolkit.py] => shuffle: False
2026-07-02 05:24:58,166 [toolkit.py] => method: splitlorav6
2026-07-02 05:24:58,166 [toolkit.py] => optimizer: adamw
2026-07-02 05:24:58,166 [toolkit.py] => scheduler: steplr
2026-07-02 05:24:58,166 [toolkit.py] => epochs: 10
2026-07-02 05:24:58,166 [toolkit.py] => lrate: 0.001
2026-07-02 05:24:58,166 [toolkit.py] => lrate_head: 0.01
2026-07-02 05:24:58,166 [toolkit.py] => weight_decay: 5e-05
2026-07-02 05:24:58,166 [toolkit.py] => batch_size: 256
2026-07-02 05:24:58,166 [toolkit.py] => rank: 10
2026-07-02 05:24:58,166 [toolkit.py] => num_workers: 16
2026-07-02 05:24:58,166 [toolkit.py] => lamb: 0.95
2026-07-02 05:24:58,166 [toolkit.py] => lame: 1.0
2026-07-02 05:24:58,166 [toolkit.py] => in_dim: 768
2026-07-02 05:24:58,166 [toolkit.py] => alpha: 20
2026-07-02 05:24:58,166 [toolkit.py] => logdir: logs/splitlorav6/domainnet/t5
2026-07-02 05:24:58,166 [toolkit.py] => logfilename: logs/splitlorav6/domainnet/t5/seed0
2026-07-02 05:24:58,388 [data_manager.py] => Class index order: 0, 1, 2, 3, 4, ..., 340, 341, 342, 343, 344
2026-07-02 05:25:02,944 [trainer.py] => ================================================================================
2026-07-02 05:25:02,999 [base.py] => Task 0 learning on class 0-69
2026-07-02 05:25:03,430 [toolkit.py] => Total params:     105,073,068
2026-07-02 05:25:03,430 [toolkit.py] => Trainable params: 606,021
2026-07-02 05:25:03,430 [toolkit.py] => Trainable ratio:  0.5768%
2026-07-02 06:53:07,418 [splitlorav6.py] => Task 0, Epoch 10/10 => Loss 0.544, Train_accy 86.03
2026-07-02 06:57:20,546 [trainer.py] => Training time: 1h 32m 17s
2026-07-02 06:58:23,760 [trainer.py] => Evaluation time: 0h 1m 3s
2026-07-02 06:58:23,760 [trainer.py] => Accuracy: {'total': 86.45, '00-68': 86.45, 'old': 0, 'new': 86.45}
2026-07-02 06:58:23,760 [trainer.py] => (curve) top1 Acc: [86.45]
2026-07-02 06:58:23,760 [trainer.py] => Avergae Acc: 86.45
2026-07-02 06:58:23,760 [trainer.py] => (curve) top1 Acc with task: [86.45]
2026-07-02 06:58:23,760 [trainer.py] => Avergae Acc: 86.45
2026-07-02 06:58:23,760 [trainer.py] => (curve) top1 Acc task: [100.0]
2026-07-02 06:58:23,760 [trainer.py] => Avergae Acc: 100.00
2026-07-02 06:58:23,760 [trainer.py] => ================================================================================
2026-07-02 06:58:23,760 [trainer.py] => ================================================================================
2026-07-02 06:58:23,824 [base.py] => Task 1 learning on class 69-138
2026-07-02 06:58:23,831 [toolkit.py] => Total params:     105,073,068
2026-07-02 06:58:23,831 [toolkit.py] => Trainable params: 237,381
2026-07-02 06:58:23,831 [toolkit.py] => Trainable ratio:  0.2259%
2026-07-02 08:20:35,689 [splitlorav6.py] => Task 1, Epoch 10/10 => Loss 0.610, Train_accy 84.36
2026-07-02 08:24:40,656 [trainer.py] => Training time: 1h 26m 16s
2026-07-02 08:26:42,919 [trainer.py] => Evaluation time: 0h 2m 2s
2026-07-02 08:26:42,919 [trainer.py] => Accuracy: {'total': 80.85, '00-68': 78.91, '69-137': 82.87, 'old': 78.91, 'new': 82.87}
2026-07-02 08:26:42,919 [trainer.py] => (curve) top1 Acc: [86.45, 80.85]
2026-07-02 08:26:42,919 [trainer.py] => Avergae Acc: 83.65
2026-07-02 08:26:42,919 [trainer.py] => (curve) top1 Acc with task: [86.45, 86.45]
2026-07-02 08:26:42,919 [trainer.py] => Avergae Acc: 86.45
2026-07-02 08:26:42,919 [trainer.py] => (curve) top1 Acc task: [100.0, 88.63]
2026-07-02 08:26:42,920 [trainer.py] => Avergae Acc: 94.31
2026-07-02 08:26:42,920 [trainer.py] => ================================================================================
2026-07-02 08:26:42,920 [trainer.py] => ================================================================================
2026-07-02 08:26:42,986 [base.py] => Task 2 learning on class 138-207
2026-07-02 08:26:42,993 [toolkit.py] => Total params:     105,073,068
2026-07-02 08:26:42,993 [toolkit.py] => Trainable params: 237,381
2026-07-02 08:26:42,993 [toolkit.py] => Trainable ratio:  0.2259%
2026-07-02 09:55:26,830 [splitlorav6.py] => Task 2, Epoch 10/10 => Loss 0.686, Train_accy 82.14
2026-07-02 09:59:51,983 [trainer.py] => Training time: 1h 33m 9s
2026-07-02 10:02:58,933 [trainer.py] => Evaluation time: 0h 3m 6s
2026-07-02 10:02:58,933 [trainer.py] => Accuracy: {'total': 76.26, '00-68': 72.56, '69-137': 77.97, '138-206': 78.22, 'old': 75.21, 'new': 78.22}
2026-07-02 10:02:58,933 [trainer.py] => (curve) top1 Acc: [86.45, 80.85, 76.26]
2026-07-02 10:02:58,933 [trainer.py] => Avergae Acc: 81.19
2026-07-02 10:02:58,933 [trainer.py] => (curve) top1 Acc with task: [86.45, 86.45, 85.56]
2026-07-02 10:02:58,933 [trainer.py] => Avergae Acc: 86.15
2026-07-02 10:02:58,934 [trainer.py] => (curve) top1 Acc task: [100.0, 88.63, 82.47]
2026-07-02 10:02:58,934 [trainer.py] => Avergae Acc: 90.37
2026-07-02 10:02:58,934 [trainer.py] => ================================================================================
2026-07-02 10:02:58,934 [trainer.py] => ================================================================================
2026-07-02 10:02:58,997 [base.py] => Task 3 learning on class 207-276
2026-07-02 10:02:59,005 [toolkit.py] => Total params:     105,073,068
2026-07-02 10:02:59,005 [toolkit.py] => Trainable params: 237,381
2026-07-02 10:02:59,005 [toolkit.py] => Trainable ratio:  0.2259%
2026-07-02 11:28:55,505 [splitlorav6.py] => Task 3, Epoch 10/10 => Loss 0.631, Train_accy 83.56
2026-07-02 11:33:11,932 [trainer.py] => Training time: 1h 30m 12s
2026-07-02 11:37:18,318 [trainer.py] => Evaluation time: 0h 4m 6s
2026-07-02 11:37:18,318 [trainer.py] => Accuracy: {'total': 73.65, '00-68': 68.08, '69-137': 75.02, '138-206': 76.06, '207-275': 75.43, 'old': 73.07, 'new': 75.43}
2026-07-02 11:37:18,318 [trainer.py] => (curve) top1 Acc: [86.45, 80.85, 76.26, 73.65]
2026-07-02 11:37:18,318 [trainer.py] => Avergae Acc: 79.30
2026-07-02 11:37:18,318 [trainer.py] => (curve) top1 Acc with task: [86.45, 86.45, 85.56, 85.41]
2026-07-02 11:37:18,318 [trainer.py] => Avergae Acc: 85.97
2026-07-02 11:37:18,318 [trainer.py] => (curve) top1 Acc task: [100.0, 88.63, 82.47, 78.89]
2026-07-02 11:37:18,318 [trainer.py] => Avergae Acc: 87.50
2026-07-02 11:37:18,319 [trainer.py] => ================================================================================
2026-07-02 11:37:18,319 [trainer.py] => ================================================================================
2026-07-02 11:37:18,380 [base.py] => Task 4 learning on class 276-345
2026-07-02 11:37:18,388 [toolkit.py] => Total params:     105,073,068
2026-07-02 11:37:18,388 [toolkit.py] => Trainable params: 237,381
2026-07-02 11:37:18,388 [toolkit.py] => Trainable ratio:  0.2259%
2026-07-02 13:01:16,377 [splitlorav6.py] => Task 4, Epoch 10/10 => Loss 0.614, Train_accy 83.98
2026-07-02 13:05:29,329 [trainer.py] => Training time: 1h 28m 11s
2026-07-02 13:10:35,123 [trainer.py] => Evaluation time: 0h 5m 5s
2026-07-02 13:10:35,124 [trainer.py] => Accuracy: {'total': 71.03, '00-68': 64.14, '69-137': 70.47, '138-206': 73.36, '207-275': 72.81, '276-344': 74.3, 'old': 70.22, 'new': 74.3}
2026-07-02 13:10:35,124 [trainer.py] => (curve) top1 Acc: [86.45, 80.85, 76.26, 73.65, 71.03]
2026-07-02 13:10:35,124 [trainer.py] => Avergae Acc: 77.65
2026-07-02 13:10:35,124 [trainer.py] => (curve) top1 Acc with task: [86.45, 86.45, 85.56, 85.41, 85.46]
2026-07-02 13:10:35,124 [trainer.py] => Avergae Acc: 85.87
2026-07-02 13:10:35,124 [trainer.py] => (curve) top1 Acc task: [100.0, 88.63, 82.47, 78.89, 75.36]
2026-07-02 13:10:35,124 [trainer.py] => Avergae Acc: 85.07
2026-07-02 13:10:35,124 [trainer.py] => ================================================================================
