2026-09-08 00:47:07,574 [toolkit.py] => config: configs/splitlorav64_e/domain_seed=1997.json
2026-09-08 00:47:07,574 [toolkit.py] => device: [device(type='cuda', index=1)]
2026-09-08 00:47:07,574 [toolkit.py] => debug: False
2026-09-08 00:47:07,574 [toolkit.py] => save_ckp: False
2026-09-08 00:47:07,574 [toolkit.py] => moe_list: None
2026-09-08 00:47:07,574 [toolkit.py] => seed: 1997
2026-09-08 00:47:07,574 [toolkit.py] => dataset: domainnet
2026-09-08 00:47:07,574 [toolkit.py] => data_path: data/domainnet
2026-09-08 00:47:07,574 [toolkit.py] => load: vit_base_patch16_224_in21k
2026-09-08 00:47:07,574 [toolkit.py] => init_cls: 69
2026-09-08 00:47:07,574 [toolkit.py] => increment: 69
2026-09-08 00:47:07,574 [toolkit.py] => sessions: 5
2026-09-08 00:47:07,574 [toolkit.py] => shuffle: False
2026-09-08 00:47:07,574 [toolkit.py] => method: splitlorav6
2026-09-08 00:47:07,575 [toolkit.py] => optimizer: adamw
2026-09-08 00:47:07,575 [toolkit.py] => scheduler: steplr
2026-09-08 00:47:07,575 [toolkit.py] => ema_type: EMA
2026-09-08 00:47:07,575 [toolkit.py] => epochs: 10
2026-09-08 00:47:07,575 [toolkit.py] => lrate: 0.001
2026-09-08 00:47:07,575 [toolkit.py] => lrate_head: 0.01
2026-09-08 00:47:07,575 [toolkit.py] => weight_decay: 5e-05
2026-09-08 00:47:07,575 [toolkit.py] => batch_size: 256
2026-09-08 00:47:07,575 [toolkit.py] => rank: 10
2026-09-08 00:47:07,575 [toolkit.py] => num_workers: 16
2026-09-08 00:47:07,575 [toolkit.py] => lamb: 0.95
2026-09-08 00:47:07,575 [toolkit.py] => lame: 1.0
2026-09-08 00:47:07,575 [toolkit.py] => in_dim: 768
2026-09-08 00:47:07,575 [toolkit.py] => alpha: 20
2026-09-08 00:47:07,575 [toolkit.py] => ema_decay: 0
2026-09-08 00:47:07,575 [toolkit.py] => ema_decay2: 0
2026-09-08 00:47:07,575 [toolkit.py] => R: 0.5
2026-09-08 00:47:07,575 [toolkit.py] => logdir: logs/splitlorav6/domainnet/t5
2026-09-08 00:47:07,575 [toolkit.py] => logfilename: logs/splitlorav6/domainnet/t5/seed1997
2026-09-08 00:47:08,003 [data_manager.py] => Class index order: 0, 1, 2, 3, 4, ..., 340, 341, 342, 343, 344
2026-09-08 00:47:13,232 [trainer.py] => ================================================================================
2026-09-08 00:47:13,232 [trainer.py] => Dataset Information
2026-09-08 00:47:13,232 [trainer.py] => ================================================================================
2026-09-08 00:47:13,232 [trainer.py] =>   Dataset name     : domainnet
2026-09-08 00:47:13,233 [trainer.py] =>   Data path        : data/domainnet
2026-09-08 00:47:13,233 [trainer.py] =>   Total classes    : 345
2026-09-08 00:47:13,233 [trainer.py] =>   Total tasks      : 5
2026-09-08 00:47:13,233 [trainer.py] =>   Task increments  : [69, 69, 69, 69, 69]
2026-09-08 00:47:13,233 [trainer.py] =>   Init classes     : 69
2026-09-08 00:47:13,233 [trainer.py] =>   Increment per task: 69
2026-09-08 00:47:13,233 [trainer.py] =>   Shuffle          : False
2026-09-08 00:47:13,233 [trainer.py] =>   Seed             : 1997
2026-09-08 00:47:13,233 [trainer.py] => --------------------------------------------------------------------------------
2026-09-08 00:47:13,233 [trainer.py] => Task split:
2026-09-08 00:47:13,293 [trainer.py] =>   Task 0: classes 0-68 (69 classes) | Train: 67628 images (265 batches), Test: 17009 images (67 batches)
2026-09-08 00:47:13,377 [trainer.py] =>   Task 1: classes 69-137 (69 classes) | Train: 65335 images (256 batches), Test: 16374 images (64 batches)
2026-09-08 00:47:13,450 [trainer.py] =>   Task 2: classes 138-206 (69 classes) | Train: 70512 images (276 batches), Test: 17747 images (70 batches)
2026-09-08 00:47:13,516 [trainer.py] =>   Task 3: classes 207-275 (69 classes) | Train: 68362 images (268 batches), Test: 16831 images (66 batches)
2026-09-08 00:47:13,576 [trainer.py] =>   Task 4: classes 276-344 (69 classes) | Train: 66967 images (262 batches), Test: 16741 images (66 batches)
2026-09-08 00:47:13,576 [trainer.py] => ================================================================================
2026-09-08 00:47:13,576 [trainer.py] => ================================================================================
2026-09-08 00:47:13,627 [splitlorav6.py] => Task 0 learning on class 0-69
2026-09-08 00:47:15,206 [toolkit.py] => Total params:     105,073,068
2026-09-08 00:47:15,206 [toolkit.py] => Trainable params: 606,021
2026-09-08 00:47:15,206 [toolkit.py] => Trainable ratio:  0.5768%
2026-09-08 02:44:15,459 [splitlorav6.py] => Task 0, Epoch 10/10 => Loss 0.452, Train_accy 88.07
2026-09-08 02:48:30,626 [trainer.py] => Training time: 2h 1m 17s
2026-09-08 02:49:40,794 [trainer.py] => Evaluation time: 0h 1m 10s
2026-09-08 02:49:40,794 [trainer.py] => Accuracy: {'total': 87.69, '00-68': 87.69, 'old': 0, 'new': 87.69}
2026-09-08 02:49:40,794 [trainer.py] => (curve) top1 Acc: [87.69]
2026-09-08 02:49:40,794 [trainer.py] => Avergae Acc: 87.69
2026-09-08 02:49:40,794 [trainer.py] => (curve) top1 Acc with task: [87.69]
2026-09-08 02:49:40,794 [trainer.py] => Avergae Acc: 87.69
2026-09-08 02:49:40,794 [trainer.py] => (curve) top1 Acc task: [100.0]
2026-09-08 02:49:40,795 [trainer.py] => Avergae Acc: 100.00
2026-09-08 02:49:40,795 [trainer.py] => ================================================================================
2026-09-08 02:49:40,795 [trainer.py] => ================================================================================
2026-09-08 02:49:40,857 [splitlorav6.py] => Task 1 learning on class 69-138
2026-09-08 02:49:40,865 [toolkit.py] => Total params:     105,073,068
2026-09-08 02:49:40,865 [toolkit.py] => Trainable params: 606,021
2026-09-08 02:49:40,865 [toolkit.py] => Trainable ratio:  0.5768%
2026-09-08 04:14:20,655 [splitlorav6.py] => Task 1, Epoch 10/10 => Loss 0.470, Train_accy 87.68
2026-09-08 04:18:27,580 [trainer.py] => Training time: 1h 28m 46s
2026-09-08 04:20:35,452 [trainer.py] => Evaluation time: 0h 2m 7s
2026-09-08 04:20:35,452 [trainer.py] => Accuracy: {'total': 81.78, '00-68': 78.82, '69-137': 84.86, 'old': 78.82, 'new': 84.86}
2026-09-08 04:20:35,452 [trainer.py] => (curve) top1 Acc: [87.69, 81.78]
2026-09-08 04:20:35,452 [trainer.py] => Avergae Acc: 84.73
2026-09-08 04:20:35,452 [trainer.py] => (curve) top1 Acc with task: [87.69, 87.71]
2026-09-08 04:20:35,452 [trainer.py] => Avergae Acc: 87.70
2026-09-08 04:20:35,453 [trainer.py] => (curve) top1 Acc task: [100.0, 88.97]
2026-09-08 04:20:35,453 [trainer.py] => Avergae Acc: 94.48
2026-09-08 04:20:35,453 [trainer.py] => ================================================================================
2026-09-08 04:20:35,453 [trainer.py] => ================================================================================
2026-09-08 04:20:35,521 [splitlorav6.py] => Task 2 learning on class 138-207
2026-09-08 04:20:35,528 [toolkit.py] => Total params:     105,073,068
2026-09-08 04:20:35,528 [toolkit.py] => Trainable params: 606,021
2026-09-08 04:20:35,528 [toolkit.py] => Trainable ratio:  0.5768%
2026-09-08 05:51:48,308 [splitlorav6.py] => Task 2, Epoch 10/10 => Loss 0.508, Train_accy 86.58
2026-09-08 05:56:11,213 [trainer.py] => Training time: 1h 35m 35s
2026-09-08 05:59:22,987 [trainer.py] => Evaluation time: 0h 3m 11s
2026-09-08 05:59:22,988 [trainer.py] => Accuracy: {'total': 77.6, '00-68': 71.22, '69-137': 79.95, '138-206': 81.55, 'old': 75.5, 'new': 81.55}
2026-09-08 05:59:22,988 [trainer.py] => (curve) top1 Acc: [87.69, 81.78, 77.6]
2026-09-08 05:59:22,988 [trainer.py] => Avergae Acc: 82.36
2026-09-08 05:59:22,988 [trainer.py] => (curve) top1 Acc with task: [87.69, 87.71, 86.98]
2026-09-08 05:59:22,988 [trainer.py] => Avergae Acc: 87.46
2026-09-08 05:59:22,988 [trainer.py] => (curve) top1 Acc task: [100.0, 88.97, 83.22]
2026-09-08 05:59:22,988 [trainer.py] => Avergae Acc: 90.73
2026-09-08 05:59:22,988 [trainer.py] => ================================================================================
2026-09-08 05:59:22,988 [trainer.py] => ================================================================================
2026-09-08 05:59:23,061 [splitlorav6.py] => Task 3 learning on class 207-276
2026-09-08 05:59:23,068 [toolkit.py] => Total params:     105,073,068
2026-09-08 05:59:23,069 [toolkit.py] => Trainable params: 606,021
2026-09-08 05:59:23,069 [toolkit.py] => Trainable ratio:  0.5768%
2026-09-08 07:27:53,898 [splitlorav6.py] => Task 3, Epoch 10/10 => Loss 0.462, Train_accy 87.80
2026-09-08 07:32:08,035 [trainer.py] => Training time: 1h 32m 45s
2026-09-08 07:36:14,976 [trainer.py] => Evaluation time: 0h 4m 6s
2026-09-08 07:36:14,976 [trainer.py] => Accuracy: {'total': 74.68, '00-68': 65.03, '69-137': 76.1, '138-206': 78.57, '207-275': 78.97, 'old': 73.27, 'new': 78.97}
2026-09-08 07:36:14,976 [trainer.py] => (curve) top1 Acc: [87.69, 81.78, 77.6, 74.68]
2026-09-08 07:36:14,976 [trainer.py] => Avergae Acc: 80.44
2026-09-08 07:36:14,976 [trainer.py] => (curve) top1 Acc with task: [87.69, 87.71, 86.98, 86.69]
2026-09-08 07:36:14,976 [trainer.py] => Avergae Acc: 87.27
2026-09-08 07:36:14,976 [trainer.py] => (curve) top1 Acc task: [100.0, 88.97, 83.22, 79.39]
2026-09-08 07:36:14,976 [trainer.py] => Avergae Acc: 87.89
2026-09-08 07:36:14,976 [trainer.py] => ================================================================================
2026-09-08 07:36:14,976 [trainer.py] => ================================================================================
2026-09-08 07:36:15,038 [splitlorav6.py] => Task 4 learning on class 276-345
2026-09-08 07:36:15,045 [toolkit.py] => Total params:     105,073,068
2026-09-08 07:36:15,045 [toolkit.py] => Trainable params: 606,021
2026-09-08 07:36:15,045 [toolkit.py] => Trainable ratio:  0.5768%
2026-09-08 09:02:52,339 [splitlorav6.py] => Task 4, Epoch 10/10 => Loss 0.436, Train_accy 88.44
2026-09-08 09:07:17,025 [trainer.py] => Training time: 1h 31m 2s
2026-09-08 09:12:22,660 [trainer.py] => Evaluation time: 0h 5m 5s
2026-09-08 09:12:22,661 [trainer.py] => Accuracy: {'total': 72.13, '00-68': 61.0, '69-137': 71.65, '138-206': 75.19, '207-275': 75.11, '276-344': 77.68, 'old': 70.77, 'new': 77.68}
2026-09-08 09:12:22,661 [trainer.py] => (curve) top1 Acc: [87.69, 81.78, 77.6, 74.68, 72.13]
2026-09-08 09:12:22,661 [trainer.py] => Avergae Acc: 78.78
2026-09-08 09:12:22,661 [trainer.py] => (curve) top1 Acc with task: [87.69, 87.71, 86.98, 86.69, 86.7]
2026-09-08 09:12:22,661 [trainer.py] => Avergae Acc: 87.15
2026-09-08 09:12:22,661 [trainer.py] => (curve) top1 Acc task: [100.0, 88.97, 83.22, 79.39, 76.15]
2026-09-08 09:12:22,662 [trainer.py] => Avergae Acc: 85.55
2026-09-08 09:12:22,662 [trainer.py] => ================================================================================
2026-09-13 12:43:50,187 [toolkit.py] => config: configs/splitlorav64/domain_seed=1997_lo=0.1_ls_0.1_mu=0.1.json
2026-09-13 12:43:50,213 [toolkit.py] => device: [device(type='cuda', index=3)]
2026-09-13 12:43:50,213 [toolkit.py] => debug: False
2026-09-13 12:43:50,213 [toolkit.py] => save_ckp: False
2026-09-13 12:43:50,213 [toolkit.py] => moe_list: None
2026-09-13 12:43:50,213 [toolkit.py] => seed: 1997
2026-09-13 12:43:50,214 [toolkit.py] => dataset: domainnet
2026-09-13 12:43:50,214 [toolkit.py] => data_path: data/domainnet
2026-09-13 12:43:50,214 [toolkit.py] => load: vit_base_patch16_224_in21k
2026-09-13 12:43:50,214 [toolkit.py] => init_cls: 69
2026-09-13 12:43:50,214 [toolkit.py] => increment: 69
2026-09-13 12:43:50,214 [toolkit.py] => sessions: 5
2026-09-13 12:43:50,214 [toolkit.py] => shuffle: False
2026-09-13 12:43:50,214 [toolkit.py] => method: splitlorav6
2026-09-13 12:43:50,214 [toolkit.py] => optimizer: adamw
2026-09-13 12:43:50,214 [toolkit.py] => scheduler: steplr
2026-09-13 12:43:50,214 [toolkit.py] => ema_type: EMA
2026-09-13 12:43:50,214 [toolkit.py] => epochs: 10
2026-09-13 12:43:50,214 [toolkit.py] => lrate: 0.001
2026-09-13 12:43:50,214 [toolkit.py] => lrate_head: 0.01
2026-09-13 12:43:50,214 [toolkit.py] => weight_decay: 5e-05
2026-09-13 12:43:50,214 [toolkit.py] => batch_size: 256
2026-09-13 12:43:50,215 [toolkit.py] => rank: 10
2026-09-13 12:43:50,215 [toolkit.py] => num_workers: 16
2026-09-13 12:43:50,215 [toolkit.py] => lamb: 0.95
2026-09-13 12:43:50,215 [toolkit.py] => lame: 1.0
2026-09-13 12:43:50,215 [toolkit.py] => in_dim: 768
2026-09-13 12:43:50,215 [toolkit.py] => alpha: 20
2026-09-13 12:43:50,215 [toolkit.py] => ema_decay: 0
2026-09-13 12:43:50,215 [toolkit.py] => ema_decay2: 0
2026-09-13 12:43:50,215 [toolkit.py] => R: 0.5
2026-09-13 12:43:50,215 [toolkit.py] => lambda_o: 0.1
2026-09-13 12:43:50,215 [toolkit.py] => lambda_s: 0.1
2026-09-13 12:43:50,215 [toolkit.py] => mu: 0.1
2026-09-13 12:43:50,215 [toolkit.py] => ortho_loss_typev2: True
2026-09-13 12:43:50,215 [toolkit.py] => logdir: logs/splitlorav6/domainnet/t5
2026-09-13 12:43:50,215 [toolkit.py] => logfilename: logs/splitlorav6/domainnet/t5/seed1997
2026-09-13 12:43:50,436 [data_manager.py] => Class index order: 0, 1, 2, 3, 4, ..., 340, 341, 342, 343, 344
2026-09-13 12:43:55,178 [trainer.py] => ================================================================================
2026-09-13 12:43:55,178 [trainer.py] => Dataset Information
2026-09-13 12:43:55,178 [trainer.py] => ================================================================================
2026-09-13 12:43:55,178 [trainer.py] =>   Dataset name     : domainnet
2026-09-13 12:43:55,178 [trainer.py] =>   Data path        : data/domainnet
2026-09-13 12:43:55,178 [trainer.py] =>   Total classes    : 345
2026-09-13 12:43:55,178 [trainer.py] =>   Total tasks      : 5
2026-09-13 12:43:55,178 [trainer.py] =>   Task increments  : [69, 69, 69, 69, 69]
2026-09-13 12:43:55,178 [trainer.py] =>   Init classes     : 69
2026-09-13 12:43:55,178 [trainer.py] =>   Increment per task: 69
2026-09-13 12:43:55,178 [trainer.py] =>   Shuffle          : False
2026-09-13 12:43:55,178 [trainer.py] =>   Seed             : 1997
2026-09-13 12:43:55,178 [trainer.py] => --------------------------------------------------------------------------------
2026-09-13 12:43:55,178 [trainer.py] => Task split:
2026-09-13 12:43:55,263 [trainer.py] =>   Task 0: classes 0-68 (69 classes) | Train: 67628 images (265 batches), Test: 17009 images (67 batches)
2026-09-13 12:43:55,324 [trainer.py] =>   Task 1: classes 69-137 (69 classes) | Train: 65335 images (256 batches), Test: 16374 images (64 batches)
2026-09-13 12:43:55,385 [trainer.py] =>   Task 2: classes 138-206 (69 classes) | Train: 70512 images (276 batches), Test: 17747 images (70 batches)
2026-09-13 12:43:55,445 [trainer.py] =>   Task 3: classes 207-275 (69 classes) | Train: 68362 images (268 batches), Test: 16831 images (66 batches)
2026-09-13 12:43:55,502 [trainer.py] =>   Task 4: classes 276-344 (69 classes) | Train: 66967 images (262 batches), Test: 16741 images (66 batches)
2026-09-13 12:43:55,502 [trainer.py] => ================================================================================
2026-09-13 12:43:55,502 [trainer.py] => ================================================================================
2026-09-13 12:43:55,550 [splitlorav6.py] => Task 0 learning on class 0-69
2026-09-13 12:43:56,044 [toolkit.py] => Total params:     105,073,068
2026-09-13 12:43:56,044 [toolkit.py] => Trainable params: 606,021
2026-09-13 12:43:56,044 [toolkit.py] => Trainable ratio:  0.5768%
2026-09-13 14:12:29,606 [splitlorav6.py] => Task 0, Epoch 10/10 => Loss 0.452, Train_accy 88.07
2026-09-13 14:17:10,995 [trainer.py] => Training time: 1h 33m 15s
2026-09-13 14:18:14,121 [trainer.py] => Evaluation time: 0h 1m 3s
2026-09-13 14:18:14,121 [trainer.py] => Accuracy: {'total': 87.69, '00-68': 87.69, 'old': 0, 'new': 87.69}
2026-09-13 14:18:14,121 [trainer.py] => (curve) top1 Acc: [87.69]
2026-09-13 14:18:14,121 [trainer.py] => Avergae Acc: 87.69
2026-09-13 14:18:14,121 [trainer.py] => (curve) top1 Acc with task: [87.69]
2026-09-13 14:18:14,121 [trainer.py] => Avergae Acc: 87.69
2026-09-13 14:18:14,121 [trainer.py] => (curve) top1 Acc task: [100.0]
2026-09-13 14:18:14,121 [trainer.py] => Avergae Acc: 100.00
2026-09-13 14:18:14,121 [trainer.py] => ================================================================================
2026-09-13 14:18:14,121 [trainer.py] => ================================================================================
2026-09-13 14:18:14,185 [splitlorav6.py] => Task 1 learning on class 69-138
2026-09-13 14:18:14,192 [toolkit.py] => Total params:     105,073,068
2026-09-13 14:18:14,192 [toolkit.py] => Trainable params: 606,021
2026-09-13 14:18:14,192 [toolkit.py] => Trainable ratio:  0.5768%
2026-09-13 15:43:38,462 [splitlorav6.py] => Task 1, Epoch 10/10 => Loss 0.830, Train_accy 86.35
2026-09-13 15:47:49,339 [trainer.py] => Training time: 1h 29m 35s
2026-09-13 15:49:51,478 [trainer.py] => Evaluation time: 0h 2m 2s
2026-09-13 15:49:51,479 [trainer.py] => Accuracy: {'total': 82.21, '00-68': 80.79, '69-137': 83.69, 'old': 80.79, 'new': 83.69}
2026-09-13 15:49:51,479 [trainer.py] => (curve) top1 Acc: [87.69, 82.21]
2026-09-13 15:49:51,479 [trainer.py] => Avergae Acc: 84.95
2026-09-13 15:49:51,479 [trainer.py] => (curve) top1 Acc with task: [87.69, 87.57]
2026-09-13 15:49:51,479 [trainer.py] => Avergae Acc: 87.63
2026-09-13 15:49:51,479 [trainer.py] => (curve) top1 Acc task: [100.0, 89.37]
2026-09-13 15:49:51,479 [trainer.py] => Avergae Acc: 94.69
2026-09-13 15:49:51,479 [trainer.py] => ================================================================================
2026-09-13 15:49:51,479 [trainer.py] => ================================================================================
2026-09-13 15:49:51,545 [splitlorav6.py] => Task 2 learning on class 138-207
2026-09-13 15:49:51,553 [toolkit.py] => Total params:     105,073,068
2026-09-13 15:49:51,554 [toolkit.py] => Trainable params: 606,021
2026-09-13 15:49:51,554 [toolkit.py] => Trainable ratio:  0.5768%
2026-09-13 17:31:07,379 [splitlorav6.py] => Task 2, Epoch 10/10 => Loss 0.851, Train_accy 84.95
2026-09-13 17:35:36,790 [trainer.py] => Training time: 1h 45m 45s
2026-09-13 17:38:50,078 [trainer.py] => Evaluation time: 0h 3m 13s
2026-09-13 17:38:50,078 [trainer.py] => Accuracy: {'total': 78.11, '00-68': 74.25, '69-137': 79.71, '138-206': 80.34, 'old': 76.93, 'new': 80.34}
2026-09-13 17:38:50,079 [trainer.py] => (curve) top1 Acc: [87.69, 82.21, 78.11]
2026-09-13 17:38:50,098 [trainer.py] => Avergae Acc: 82.67
2026-09-13 17:38:50,098 [trainer.py] => (curve) top1 Acc with task: [87.69, 87.57, 86.88]
2026-09-13 17:38:50,098 [trainer.py] => Avergae Acc: 87.38
2026-09-13 17:38:50,098 [trainer.py] => (curve) top1 Acc task: [100.0, 89.37, 83.87]
2026-09-13 17:38:50,098 [trainer.py] => Avergae Acc: 91.08
2026-09-13 17:38:50,098 [trainer.py] => ================================================================================
2026-09-13 17:38:50,098 [trainer.py] => ================================================================================
2026-09-13 17:38:50,451 [splitlorav6.py] => Task 3 learning on class 207-276
2026-09-13 17:38:50,509 [toolkit.py] => Total params:     105,073,068
2026-09-13 17:38:50,509 [toolkit.py] => Trainable params: 606,021
2026-09-13 17:38:50,509 [toolkit.py] => Trainable ratio:  0.5768%
2026-09-13 19:12:33,346 [splitlorav6.py] => Task 3, Epoch 10/10 => Loss 0.773, Train_accy 86.24
2026-09-13 19:16:51,690 [trainer.py] => Training time: 1h 38m 1s
2026-09-13 19:20:59,005 [trainer.py] => Evaluation time: 0h 4m 7s
2026-09-13 19:20:59,005 [trainer.py] => Accuracy: {'total': 75.32, '00-68': 68.84, '69-137': 76.49, '138-206': 77.87, '207-275': 78.02, 'old': 74.43, 'new': 78.02}
2026-09-13 19:20:59,005 [trainer.py] => (curve) top1 Acc: [87.69, 82.21, 78.11, 75.32]
2026-09-13 19:20:59,005 [trainer.py] => Avergae Acc: 80.83
2026-09-13 19:20:59,005 [trainer.py] => (curve) top1 Acc with task: [87.69, 87.57, 86.88, 86.7]
2026-09-13 19:20:59,005 [trainer.py] => Avergae Acc: 87.21
2026-09-13 19:20:59,005 [trainer.py] => (curve) top1 Acc task: [100.0, 89.37, 83.87, 80.1]
2026-09-13 19:20:59,006 [trainer.py] => Avergae Acc: 88.34
2026-09-13 19:20:59,006 [trainer.py] => ================================================================================
2026-09-13 19:20:59,006 [trainer.py] => ================================================================================
2026-09-13 19:20:59,068 [splitlorav6.py] => Task 4 learning on class 276-345
2026-09-13 19:20:59,076 [toolkit.py] => Total params:     105,073,068
2026-09-13 19:20:59,076 [toolkit.py] => Trainable params: 606,021
2026-09-13 19:20:59,076 [toolkit.py] => Trainable ratio:  0.5768%
2026-09-13 20:50:01,402 [splitlorav6.py] => Task 4, Epoch 10/10 => Loss 0.740, Train_accy 86.70
2026-09-13 21:03:36,640 [trainer.py] => Training time: 1h 42m 37s
2026-09-13 21:08:46,765 [trainer.py] => Evaluation time: 0h 5m 10s
2026-09-13 21:08:46,785 [trainer.py] => Accuracy: {'total': 73.23, '00-68': 65.55, '69-137': 73.64, '138-206': 75.96, '207-275': 75.87, '276-344': 75.09, 'old': 72.77, 'new': 75.09}
2026-09-13 21:08:46,785 [trainer.py] => (curve) top1 Acc: [87.69, 82.21, 78.11, 75.32, 73.23]
2026-09-13 21:08:46,827 [trainer.py] => Avergae Acc: 79.31
2026-09-13 21:08:46,827 [trainer.py] => (curve) top1 Acc with task: [87.69, 87.57, 86.88, 86.7, 86.72]
2026-09-13 21:08:46,827 [trainer.py] => Avergae Acc: 87.11
2026-09-13 21:08:46,827 [trainer.py] => (curve) top1 Acc task: [100.0, 89.37, 83.87, 80.1, 77.27]
2026-09-13 21:08:46,827 [trainer.py] => Avergae Acc: 86.12
2026-09-13 21:08:46,827 [trainer.py] => ================================================================================
2026-09-13 21:09:17,483 [toolkit.py] => config: configs/splitlorav64/domain_seed=1997_lo=0.01_ls_0.01_mu=0.01.json
2026-09-13 21:09:17,483 [toolkit.py] => device: [device(type='cuda', index=3)]
2026-09-13 21:09:17,483 [toolkit.py] => debug: False
2026-09-13 21:09:17,483 [toolkit.py] => save_ckp: False
2026-09-13 21:09:17,483 [toolkit.py] => moe_list: None
2026-09-13 21:09:17,483 [toolkit.py] => seed: 1997
2026-09-13 21:09:17,483 [toolkit.py] => dataset: domainnet
2026-09-13 21:09:17,483 [toolkit.py] => data_path: data/domainnet
2026-09-13 21:09:17,483 [toolkit.py] => load: vit_base_patch16_224_in21k
2026-09-13 21:09:17,483 [toolkit.py] => init_cls: 69
2026-09-13 21:09:17,483 [toolkit.py] => increment: 69
2026-09-13 21:09:17,483 [toolkit.py] => sessions: 5
2026-09-13 21:09:17,483 [toolkit.py] => shuffle: False
2026-09-13 21:09:17,483 [toolkit.py] => method: splitlorav6
2026-09-13 21:09:17,483 [toolkit.py] => optimizer: adamw
2026-09-13 21:09:17,483 [toolkit.py] => scheduler: steplr
2026-09-13 21:09:17,483 [toolkit.py] => ema_type: EMA
2026-09-13 21:09:17,483 [toolkit.py] => epochs: 10
2026-09-13 21:09:17,483 [toolkit.py] => lrate: 0.001
2026-09-13 21:09:17,483 [toolkit.py] => lrate_head: 0.01
2026-09-13 21:09:17,483 [toolkit.py] => weight_decay: 5e-05
2026-09-13 21:09:17,483 [toolkit.py] => batch_size: 256
2026-09-13 21:09:17,484 [toolkit.py] => rank: 10
2026-09-13 21:09:17,484 [toolkit.py] => num_workers: 16
2026-09-13 21:09:17,484 [toolkit.py] => lamb: 0.95
2026-09-13 21:09:17,484 [toolkit.py] => lame: 1.0
2026-09-13 21:09:17,484 [toolkit.py] => in_dim: 768
2026-09-13 21:09:17,484 [toolkit.py] => alpha: 20
2026-09-13 21:09:17,484 [toolkit.py] => ema_decay: 0
2026-09-13 21:09:17,484 [toolkit.py] => ema_decay2: 0
2026-09-13 21:09:17,484 [toolkit.py] => R: 0.5
2026-09-13 21:09:17,484 [toolkit.py] => lambda_o: 0.01
2026-09-13 21:09:17,484 [toolkit.py] => lambda_s: 0.01
2026-09-13 21:09:17,484 [toolkit.py] => mu: 0.01
2026-09-13 21:09:17,484 [toolkit.py] => ortho_loss_typev2: True
2026-09-13 21:09:17,484 [toolkit.py] => logdir: logs/splitlorav6/domainnet/t5
2026-09-13 21:09:17,484 [toolkit.py] => logfilename: logs/splitlorav6/domainnet/t5/seed1997
2026-09-13 21:09:17,775 [data_manager.py] => Class index order: 0, 1, 2, 3, 4, ..., 340, 341, 342, 343, 344
2026-09-13 21:09:22,311 [trainer.py] => ================================================================================
2026-09-13 21:09:22,311 [trainer.py] => Dataset Information
2026-09-13 21:09:22,311 [trainer.py] => ================================================================================
2026-09-13 21:09:22,311 [trainer.py] =>   Dataset name     : domainnet
2026-09-13 21:09:22,311 [trainer.py] =>   Data path        : data/domainnet
2026-09-13 21:09:22,311 [trainer.py] =>   Total classes    : 345
2026-09-13 21:09:22,311 [trainer.py] =>   Total tasks      : 5
2026-09-13 21:09:22,311 [trainer.py] =>   Task increments  : [69, 69, 69, 69, 69]
2026-09-13 21:09:22,311 [trainer.py] =>   Init classes     : 69
2026-09-13 21:09:22,311 [trainer.py] =>   Increment per task: 69
2026-09-13 21:09:22,311 [trainer.py] =>   Shuffle          : False
2026-09-13 21:09:22,311 [trainer.py] =>   Seed             : 1997
2026-09-13 21:09:22,311 [trainer.py] => --------------------------------------------------------------------------------
2026-09-13 21:09:22,311 [trainer.py] => Task split:
2026-09-13 21:09:22,369 [trainer.py] =>   Task 0: classes 0-68 (69 classes) | Train: 67628 images (265 batches), Test: 17009 images (67 batches)
2026-09-13 21:09:22,429 [trainer.py] =>   Task 1: classes 69-137 (69 classes) | Train: 65335 images (256 batches), Test: 16374 images (64 batches)
2026-09-13 21:09:22,490 [trainer.py] =>   Task 2: classes 138-206 (69 classes) | Train: 70512 images (276 batches), Test: 17747 images (70 batches)
2026-09-13 21:09:22,548 [trainer.py] =>   Task 3: classes 207-275 (69 classes) | Train: 68362 images (268 batches), Test: 16831 images (66 batches)
2026-09-13 21:09:22,606 [trainer.py] =>   Task 4: classes 276-344 (69 classes) | Train: 66967 images (262 batches), Test: 16741 images (66 batches)
2026-09-13 21:09:22,606 [trainer.py] => ================================================================================
2026-09-13 21:09:22,606 [trainer.py] => ================================================================================
2026-09-13 21:09:22,654 [splitlorav6.py] => Task 0 learning on class 0-69
2026-09-13 21:09:23,106 [toolkit.py] => Total params:     105,073,068
2026-09-13 21:09:23,106 [toolkit.py] => Trainable params: 606,021
2026-09-13 21:09:23,106 [toolkit.py] => Trainable ratio:  0.5768%
2026-09-13 23:07:11,564 [splitlorav6.py] => Task 0, Epoch 10/10 => Loss 0.452, Train_accy 88.07
2026-09-13 23:11:26,782 [trainer.py] => Training time: 2h 2m 4s
2026-09-13 23:12:56,698 [trainer.py] => Evaluation time: 0h 1m 29s
2026-09-13 23:12:56,698 [trainer.py] => Accuracy: {'total': 87.69, '00-68': 87.69, 'old': 0, 'new': 87.69}
2026-09-13 23:12:56,698 [trainer.py] => (curve) top1 Acc: [87.69]
2026-09-13 23:12:56,699 [trainer.py] => Avergae Acc: 87.69
2026-09-13 23:12:56,699 [trainer.py] => (curve) top1 Acc with task: [87.69]
2026-09-13 23:12:56,699 [trainer.py] => Avergae Acc: 87.69
2026-09-13 23:12:56,699 [trainer.py] => (curve) top1 Acc task: [100.0]
2026-09-13 23:12:56,699 [trainer.py] => Avergae Acc: 100.00
2026-09-13 23:12:56,699 [trainer.py] => ================================================================================
2026-09-13 23:12:56,699 [trainer.py] => ================================================================================
2026-09-13 23:12:56,765 [splitlorav6.py] => Task 1 learning on class 69-138
2026-09-13 23:12:56,772 [toolkit.py] => Total params:     105,073,068
2026-09-13 23:12:56,772 [toolkit.py] => Trainable params: 606,021
2026-09-13 23:12:56,772 [toolkit.py] => Trainable ratio:  0.5768%
2026-09-14 00:38:30,926 [splitlorav6.py] => Task 1, Epoch 10/10 => Loss 0.538, Train_accy 87.28
2026-09-14 00:42:37,294 [trainer.py] => Training time: 1h 29m 40s
2026-09-14 00:44:40,313 [trainer.py] => Evaluation time: 0h 2m 3s
2026-09-14 00:44:40,313 [trainer.py] => Accuracy: {'total': 81.87, '00-68': 79.65, '69-137': 84.18, 'old': 79.65, 'new': 84.18}
2026-09-14 00:44:40,313 [trainer.py] => (curve) top1 Acc: [87.69, 81.87]
2026-09-14 00:44:40,313 [trainer.py] => Avergae Acc: 84.78
2026-09-14 00:44:40,313 [trainer.py] => (curve) top1 Acc with task: [87.69, 87.58]
2026-09-14 00:44:40,313 [trainer.py] => Avergae Acc: 87.63
2026-09-14 00:44:40,313 [trainer.py] => (curve) top1 Acc task: [100.0, 89.16]
2026-09-14 00:44:40,313 [trainer.py] => Avergae Acc: 94.58
2026-09-14 00:44:40,313 [trainer.py] => ================================================================================
2026-09-14 00:44:40,313 [trainer.py] => ================================================================================
2026-09-14 00:44:40,377 [splitlorav6.py] => Task 2 learning on class 138-207
2026-09-14 00:44:40,384 [toolkit.py] => Total params:     105,073,068
2026-09-14 00:44:40,384 [toolkit.py] => Trainable params: 606,021
2026-09-14 00:44:40,384 [toolkit.py] => Trainable ratio:  0.5768%
2026-09-14 03:06:55,510 [splitlorav6.py] => Task 2, Epoch 10/10 => Loss 0.568, Train_accy 86.45
2026-09-14 03:14:27,843 [trainer.py] => Training time: 2h 29m 47s
2026-09-14 03:19:47,544 [trainer.py] => Evaluation time: 0h 5m 19s
2026-09-14 03:19:47,548 [trainer.py] => Accuracy: {'total': 77.7, '00-68': 72.29, '69-137': 79.75, '138-206': 80.99, 'old': 75.95, 'new': 80.99}
2026-09-14 03:19:47,548 [trainer.py] => (curve) top1 Acc: [87.69, 81.87, 77.7]
2026-09-14 03:19:47,588 [trainer.py] => Avergae Acc: 82.42
2026-09-14 03:19:47,588 [trainer.py] => (curve) top1 Acc with task: [87.69, 87.58, 86.94]
2026-09-14 03:19:47,589 [trainer.py] => Avergae Acc: 87.40
2026-09-14 03:19:47,589 [trainer.py] => (curve) top1 Acc task: [100.0, 89.16, 83.35]
2026-09-14 03:19:47,589 [trainer.py] => Avergae Acc: 90.84
2026-09-14 03:19:47,589 [trainer.py] => ================================================================================
2026-09-14 03:19:47,589 [trainer.py] => ================================================================================
2026-09-14 03:19:47,660 [splitlorav6.py] => Task 3 learning on class 207-276
2026-09-14 03:19:47,872 [toolkit.py] => Total params:     105,073,068
2026-09-14 03:19:47,872 [toolkit.py] => Trainable params: 606,021
2026-09-14 03:19:47,872 [toolkit.py] => Trainable ratio:  0.5768%
2026-09-14 05:13:11,295 [splitlorav6.py] => Task 3, Epoch 10/10 => Loss 0.516, Train_accy 87.65
2026-09-14 05:18:18,434 [trainer.py] => Training time: 1h 58m 30s
2026-09-14 05:23:50,521 [trainer.py] => Evaluation time: 0h 5m 32s
2026-09-14 05:23:50,522 [trainer.py] => Accuracy: {'total': 74.88, '00-68': 66.61, '69-137': 75.93, '138-206': 77.86, '207-275': 79.09, 'old': 73.5, 'new': 79.09}
2026-09-14 05:23:50,522 [trainer.py] => (curve) top1 Acc: [87.69, 81.87, 77.7, 74.88]
2026-09-14 05:23:50,522 [trainer.py] => Avergae Acc: 80.53
2026-09-14 05:23:50,522 [trainer.py] => (curve) top1 Acc with task: [87.69, 87.58, 86.94, 86.82]
2026-09-14 05:23:50,522 [trainer.py] => Avergae Acc: 87.26
2026-09-14 05:23:50,522 [trainer.py] => (curve) top1 Acc task: [100.0, 89.16, 83.35, 79.65]
2026-09-14 05:23:50,522 [trainer.py] => Avergae Acc: 88.04
2026-09-14 05:23:50,522 [trainer.py] => ================================================================================
2026-09-14 05:23:50,522 [trainer.py] => ================================================================================
2026-09-14 05:23:50,581 [splitlorav6.py] => Task 4 learning on class 276-345
2026-09-14 05:23:50,588 [toolkit.py] => Total params:     105,073,068
2026-09-14 05:23:50,588 [toolkit.py] => Trainable params: 606,021
2026-09-14 05:23:50,588 [toolkit.py] => Trainable ratio:  0.5768%
2026-09-14 07:12:30,446 [splitlorav6.py] => Task 4, Epoch 10/10 => Loss 0.505, Train_accy 88.13
2026-09-14 07:18:21,698 [trainer.py] => Training time: 1h 54m 31s
2026-09-14 07:25:10,979 [trainer.py] => Evaluation time: 0h 6m 49s
2026-09-14 07:25:10,980 [trainer.py] => Accuracy: {'total': 72.47, '00-68': 62.84, '69-137': 72.38, '138-206': 75.26, '207-275': 75.0, '276-344': 76.87, 'old': 71.39, 'new': 76.87}
2026-09-14 07:25:10,980 [trainer.py] => (curve) top1 Acc: [87.69, 81.87, 77.7, 74.88, 72.47]
2026-09-14 07:25:10,980 [trainer.py] => Avergae Acc: 78.92
2026-09-14 07:25:10,980 [trainer.py] => (curve) top1 Acc with task: [87.69, 87.58, 86.94, 86.82, 86.7]
2026-09-14 07:25:10,980 [trainer.py] => Avergae Acc: 87.15
2026-09-14 07:25:10,980 [trainer.py] => (curve) top1 Acc task: [100.0, 89.16, 83.35, 79.65, 76.58]
2026-09-14 07:25:10,980 [trainer.py] => Avergae Acc: 85.75
2026-09-14 07:25:10,980 [trainer.py] => ================================================================================
2026-09-14 07:25:53,548 [toolkit.py] => config: configs/splitlorav64/domain_seed=1997_lo=0.001_ls_0.001_mu=0.001.json
2026-09-14 07:25:53,548 [toolkit.py] => device: [device(type='cuda', index=3)]
2026-09-14 07:25:53,548 [toolkit.py] => debug: False
2026-09-14 07:25:53,548 [toolkit.py] => save_ckp: False
2026-09-14 07:25:53,548 [toolkit.py] => moe_list: None
2026-09-14 07:25:53,549 [toolkit.py] => seed: 1997
2026-09-14 07:25:53,549 [toolkit.py] => dataset: domainnet
2026-09-14 07:25:53,549 [toolkit.py] => data_path: data/domainnet
2026-09-14 07:25:53,549 [toolkit.py] => load: vit_base_patch16_224_in21k
2026-09-14 07:25:53,549 [toolkit.py] => init_cls: 69
2026-09-14 07:25:53,549 [toolkit.py] => increment: 69
2026-09-14 07:25:53,549 [toolkit.py] => sessions: 5
2026-09-14 07:25:53,549 [toolkit.py] => shuffle: False
2026-09-14 07:25:53,549 [toolkit.py] => method: splitlorav6
2026-09-14 07:25:53,549 [toolkit.py] => optimizer: adamw
2026-09-14 07:25:53,549 [toolkit.py] => scheduler: steplr
2026-09-14 07:25:53,549 [toolkit.py] => ema_type: EMA
2026-09-14 07:25:53,549 [toolkit.py] => epochs: 10
2026-09-14 07:25:53,549 [toolkit.py] => lrate: 0.001
2026-09-14 07:25:53,549 [toolkit.py] => lrate_head: 0.01
2026-09-14 07:25:53,549 [toolkit.py] => weight_decay: 5e-05
2026-09-14 07:25:53,549 [toolkit.py] => batch_size: 256
2026-09-14 07:25:53,549 [toolkit.py] => rank: 10
2026-09-14 07:25:53,549 [toolkit.py] => num_workers: 16
2026-09-14 07:25:53,549 [toolkit.py] => lamb: 0.95
2026-09-14 07:25:53,549 [toolkit.py] => lame: 1.0
2026-09-14 07:25:53,549 [toolkit.py] => in_dim: 768
2026-09-14 07:25:53,549 [toolkit.py] => alpha: 20
2026-09-14 07:25:53,549 [toolkit.py] => ema_decay: 0
2026-09-14 07:25:53,549 [toolkit.py] => ema_decay2: 0
2026-09-14 07:25:53,549 [toolkit.py] => R: 0.5
2026-09-14 07:25:53,549 [toolkit.py] => lambda_o: 0.001
2026-09-14 07:25:53,549 [toolkit.py] => lambda_s: 0.001
2026-09-14 07:25:53,549 [toolkit.py] => mu: 0.001
2026-09-14 07:25:53,549 [toolkit.py] => ortho_loss_typev2: True
2026-09-14 07:25:53,549 [toolkit.py] => logdir: logs/splitlorav6/domainnet/t5
2026-09-14 07:25:53,549 [toolkit.py] => logfilename: logs/splitlorav6/domainnet/t5/seed1997
2026-09-14 07:25:53,884 [data_manager.py] => Class index order: 0, 1, 2, 3, 4, ..., 340, 341, 342, 343, 344
2026-09-14 07:26:01,058 [trainer.py] => ================================================================================
2026-09-14 07:26:01,059 [trainer.py] => Dataset Information
2026-09-14 07:26:01,059 [trainer.py] => ================================================================================
2026-09-14 07:26:01,059 [trainer.py] =>   Dataset name     : domainnet
2026-09-14 07:26:01,059 [trainer.py] =>   Data path        : data/domainnet
2026-09-14 07:26:01,059 [trainer.py] =>   Total classes    : 345
2026-09-14 07:26:01,059 [trainer.py] =>   Total tasks      : 5
2026-09-14 07:26:01,059 [trainer.py] =>   Task increments  : [69, 69, 69, 69, 69]
2026-09-14 07:26:01,059 [trainer.py] =>   Init classes     : 69
2026-09-14 07:26:01,059 [trainer.py] =>   Increment per task: 69
2026-09-14 07:26:01,059 [trainer.py] =>   Shuffle          : False
2026-09-14 07:26:01,059 [trainer.py] =>   Seed             : 1997
2026-09-14 07:26:01,059 [trainer.py] => --------------------------------------------------------------------------------
2026-09-14 07:26:01,059 [trainer.py] => Task split:
2026-09-14 07:26:01,149 [trainer.py] =>   Task 0: classes 0-68 (69 classes) | Train: 67628 images (265 batches), Test: 17009 images (67 batches)
2026-09-14 07:26:01,213 [trainer.py] =>   Task 1: classes 69-137 (69 classes) | Train: 65335 images (256 batches), Test: 16374 images (64 batches)
2026-09-14 07:26:01,279 [trainer.py] =>   Task 2: classes 138-206 (69 classes) | Train: 70512 images (276 batches), Test: 17747 images (70 batches)
2026-09-14 07:26:01,342 [trainer.py] =>   Task 3: classes 207-275 (69 classes) | Train: 68362 images (268 batches), Test: 16831 images (66 batches)
2026-09-14 07:26:01,406 [trainer.py] =>   Task 4: classes 276-344 (69 classes) | Train: 66967 images (262 batches), Test: 16741 images (66 batches)
2026-09-14 07:26:01,407 [trainer.py] => ================================================================================
2026-09-14 07:26:01,407 [trainer.py] => ================================================================================
2026-09-14 07:26:01,459 [splitlorav6.py] => Task 0 learning on class 0-69
2026-09-14 07:26:01,964 [toolkit.py] => Total params:     105,073,068
2026-09-14 07:26:01,964 [toolkit.py] => Trainable params: 606,021
2026-09-14 07:26:01,964 [toolkit.py] => Trainable ratio:  0.5768%
2026-09-14 09:01:30,449 [splitlorav6.py] => Task 0, Epoch 10/10 => Loss 0.452, Train_accy 88.07
2026-09-14 09:05:51,394 [trainer.py] => Training time: 1h 39m 49s
2026-09-14 09:06:55,325 [trainer.py] => Evaluation time: 0h 1m 3s
2026-09-14 09:06:55,325 [trainer.py] => Accuracy: {'total': 87.69, '00-68': 87.69, 'old': 0, 'new': 87.69}
2026-09-14 09:06:55,326 [trainer.py] => (curve) top1 Acc: [87.69]
2026-09-14 09:06:55,326 [trainer.py] => Avergae Acc: 87.69
2026-09-14 09:06:55,326 [trainer.py] => (curve) top1 Acc with task: [87.69]
2026-09-14 09:06:55,326 [trainer.py] => Avergae Acc: 87.69
2026-09-14 09:06:55,326 [trainer.py] => (curve) top1 Acc task: [100.0]
2026-09-14 09:06:55,326 [trainer.py] => Avergae Acc: 100.00
2026-09-14 09:06:55,326 [trainer.py] => ================================================================================
2026-09-14 09:06:55,326 [trainer.py] => ================================================================================
2026-09-14 09:06:55,492 [splitlorav6.py] => Task 1 learning on class 69-138
2026-09-14 09:06:55,502 [toolkit.py] => Total params:     105,073,068
2026-09-14 09:06:55,502 [toolkit.py] => Trainable params: 606,021
2026-09-14 09:06:55,502 [toolkit.py] => Trainable ratio:  0.5768%
2026-09-14 10:32:18,014 [splitlorav6.py] => Task 1, Epoch 10/10 => Loss 0.488, Train_accy 87.59
2026-09-14 10:36:25,086 [trainer.py] => Training time: 1h 29m 29s
2026-09-14 10:38:27,024 [trainer.py] => Evaluation time: 0h 2m 1s
2026-09-14 10:38:27,025 [trainer.py] => Accuracy: {'total': 81.9, '00-68': 79.49, '69-137': 84.41, 'old': 79.49, 'new': 84.41}
2026-09-14 10:38:27,025 [trainer.py] => (curve) top1 Acc: [87.69, 81.9]
2026-09-14 10:38:27,025 [trainer.py] => Avergae Acc: 84.80
2026-09-14 10:38:27,025 [trainer.py] => (curve) top1 Acc with task: [87.69, 87.65]
2026-09-14 10:38:27,025 [trainer.py] => Avergae Acc: 87.67
2026-09-14 10:38:27,025 [trainer.py] => (curve) top1 Acc task: [100.0, 89.15]
2026-09-14 10:38:27,025 [trainer.py] => Avergae Acc: 94.58
2026-09-14 10:38:27,025 [trainer.py] => ================================================================================
2026-09-14 10:38:27,025 [trainer.py] => ================================================================================
2026-09-14 10:38:27,088 [splitlorav6.py] => Task 2 learning on class 138-207
2026-09-14 10:38:27,095 [toolkit.py] => Total params:     105,073,068
2026-09-14 10:38:27,095 [toolkit.py] => Trainable params: 606,021
2026-09-14 10:38:27,095 [toolkit.py] => Trainable ratio:  0.5768%
2026-09-14 12:31:11,715 [splitlorav6.py] => Task 2, Epoch 10/10 => Loss 0.519, Train_accy 86.56
2026-09-14 12:36:04,123 [trainer.py] => Training time: 1h 57m 37s
2026-09-14 12:39:37,443 [trainer.py] => Evaluation time: 0h 3m 33s
2026-09-14 12:39:37,444 [trainer.py] => Accuracy: {'total': 77.62, '00-68': 72.12, '69-137': 79.49, '138-206': 81.17, 'old': 75.73, 'new': 81.17}
2026-09-14 12:39:37,444 [trainer.py] => (curve) top1 Acc: [87.69, 81.9, 77.62]
2026-09-14 12:39:37,444 [trainer.py] => Avergae Acc: 82.40
2026-09-14 12:39:37,444 [trainer.py] => (curve) top1 Acc with task: [87.69, 87.65, 86.93]
2026-09-14 12:39:37,444 [trainer.py] => Avergae Acc: 87.42
2026-09-14 12:39:37,444 [trainer.py] => (curve) top1 Acc task: [100.0, 89.15, 83.2]
2026-09-14 12:39:37,444 [trainer.py] => Avergae Acc: 90.78
2026-09-14 12:39:37,444 [trainer.py] => ================================================================================
2026-09-14 12:39:37,444 [trainer.py] => ================================================================================
2026-09-14 12:39:37,507 [splitlorav6.py] => Task 3 learning on class 207-276
2026-09-14 12:39:37,514 [toolkit.py] => Total params:     105,073,068
2026-09-14 12:39:37,514 [toolkit.py] => Trainable params: 606,021
2026-09-14 12:39:37,514 [toolkit.py] => Trainable ratio:  0.5768%
2026-09-14 14:30:18,888 [splitlorav6.py] => Task 3, Epoch 10/10 => Loss 0.476, Train_accy 87.68
2026-09-14 14:38:22,555 [trainer.py] => Training time: 1h 58m 45s
2026-09-14 14:43:55,979 [trainer.py] => Evaluation time: 0h 5m 33s
2026-09-14 14:43:55,979 [trainer.py] => Accuracy: {'total': 74.88, '00-68': 66.64, '69-137': 75.55, '138-206': 78.48, '207-275': 78.75, 'old': 73.6, 'new': 78.75}
2026-09-14 14:43:55,979 [trainer.py] => (curve) top1 Acc: [87.69, 81.9, 77.62, 74.88]
2026-09-14 14:43:55,980 [trainer.py] => Avergae Acc: 80.52
2026-09-14 14:43:55,980 [trainer.py] => (curve) top1 Acc with task: [87.69, 87.65, 86.93, 86.74]
2026-09-14 14:43:55,980 [trainer.py] => Avergae Acc: 87.25
2026-09-14 14:43:55,980 [trainer.py] => (curve) top1 Acc task: [100.0, 89.15, 83.2, 79.63]
2026-09-14 14:43:55,980 [trainer.py] => Avergae Acc: 88.00
2026-09-14 14:43:55,980 [trainer.py] => ================================================================================
2026-09-14 14:43:55,980 [trainer.py] => ================================================================================
2026-09-14 14:43:56,047 [splitlorav6.py] => Task 4 learning on class 276-345
2026-09-14 14:43:56,056 [toolkit.py] => Total params:     105,073,068
2026-09-14 14:43:56,056 [toolkit.py] => Trainable params: 606,021
2026-09-14 14:43:56,057 [toolkit.py] => Trainable ratio:  0.5768%
2026-09-14 16:30:09,560 [splitlorav6.py] => Task 4, Epoch 10/10 => Loss 0.455, Train_accy 88.20
2026-09-14 16:34:45,991 [trainer.py] => Training time: 1h 50m 50s
2026-09-14 16:39:55,107 [trainer.py] => Evaluation time: 0h 5m 9s
2026-09-14 16:39:55,107 [trainer.py] => Accuracy: {'total': 72.47, '00-68': 62.3, '69-137': 71.8, '138-206': 75.26, '207-275': 75.1, '276-344': 77.86, 'old': 71.14, 'new': 77.86}
2026-09-14 16:39:55,107 [trainer.py] => (curve) top1 Acc: [87.69, 81.9, 77.62, 74.88, 72.47]
2026-09-14 16:39:55,107 [trainer.py] => Avergae Acc: 78.91
2026-09-14 16:39:55,107 [trainer.py] => (curve) top1 Acc with task: [87.69, 87.65, 86.93, 86.74, 86.69]
2026-09-14 16:39:55,108 [trainer.py] => Avergae Acc: 87.14
2026-09-14 16:39:55,108 [trainer.py] => (curve) top1 Acc task: [100.0, 89.15, 83.2, 79.63, 76.45]
2026-09-14 16:39:55,108 [trainer.py] => Avergae Acc: 85.69
2026-09-14 16:39:55,108 [trainer.py] => ================================================================================
2026-09-14 16:39:59,065 [toolkit.py] => config: configs/splitlorav64/domain_seed=1997_lo=0.0001_ls_0.0001_mu=0.0001.json
2026-09-14 16:39:59,066 [toolkit.py] => device: [device(type='cuda', index=3)]
2026-09-14 16:39:59,066 [toolkit.py] => debug: False
2026-09-14 16:39:59,066 [toolkit.py] => save_ckp: False
2026-09-14 16:39:59,066 [toolkit.py] => moe_list: None
2026-09-14 16:39:59,066 [toolkit.py] => seed: 1997
2026-09-14 16:39:59,066 [toolkit.py] => dataset: domainnet
2026-09-14 16:39:59,066 [toolkit.py] => data_path: data/domainnet
2026-09-14 16:39:59,066 [toolkit.py] => load: vit_base_patch16_224_in21k
2026-09-14 16:39:59,066 [toolkit.py] => init_cls: 69
2026-09-14 16:39:59,066 [toolkit.py] => increment: 69
2026-09-14 16:39:59,066 [toolkit.py] => sessions: 5
2026-09-14 16:39:59,066 [toolkit.py] => shuffle: False
2026-09-14 16:39:59,066 [toolkit.py] => method: splitlorav6
2026-09-14 16:39:59,066 [toolkit.py] => optimizer: adamw
2026-09-14 16:39:59,066 [toolkit.py] => scheduler: steplr
2026-09-14 16:39:59,066 [toolkit.py] => ema_type: EMA
2026-09-14 16:39:59,066 [toolkit.py] => epochs: 10
2026-09-14 16:39:59,066 [toolkit.py] => lrate: 0.001
2026-09-14 16:39:59,066 [toolkit.py] => lrate_head: 0.01
2026-09-14 16:39:59,066 [toolkit.py] => weight_decay: 5e-05
2026-09-14 16:39:59,066 [toolkit.py] => batch_size: 256
2026-09-14 16:39:59,066 [toolkit.py] => rank: 10
2026-09-14 16:39:59,066 [toolkit.py] => num_workers: 16
2026-09-14 16:39:59,066 [toolkit.py] => lamb: 0.95
2026-09-14 16:39:59,066 [toolkit.py] => lame: 1.0
2026-09-14 16:39:59,066 [toolkit.py] => in_dim: 768
2026-09-14 16:39:59,066 [toolkit.py] => alpha: 20
2026-09-14 16:39:59,067 [toolkit.py] => ema_decay: 0
2026-09-14 16:39:59,067 [toolkit.py] => ema_decay2: 0
2026-09-14 16:39:59,067 [toolkit.py] => R: 0.5
2026-09-14 16:39:59,067 [toolkit.py] => lambda_o: 0.0001
2026-09-14 16:39:59,067 [toolkit.py] => lambda_s: 0.0001
2026-09-14 16:39:59,067 [toolkit.py] => mu: 0.0001
2026-09-14 16:39:59,067 [toolkit.py] => ortho_loss_typev2: True
2026-09-14 16:39:59,067 [toolkit.py] => logdir: logs/splitlorav6/domainnet/t5
2026-09-14 16:39:59,067 [toolkit.py] => logfilename: logs/splitlorav6/domainnet/t5/seed1997
2026-09-14 16:39:59,320 [data_manager.py] => Class index order: 0, 1, 2, 3, 4, ..., 340, 341, 342, 343, 344
2026-09-14 16:40:04,716 [trainer.py] => ================================================================================
2026-09-14 16:40:04,716 [trainer.py] => Dataset Information
2026-09-14 16:40:04,716 [trainer.py] => ================================================================================
2026-09-14 16:40:04,716 [trainer.py] =>   Dataset name     : domainnet
2026-09-14 16:40:04,716 [trainer.py] =>   Data path        : data/domainnet
2026-09-14 16:40:04,716 [trainer.py] =>   Total classes    : 345
2026-09-14 16:40:04,716 [trainer.py] =>   Total tasks      : 5
2026-09-14 16:40:04,716 [trainer.py] =>   Task increments  : [69, 69, 69, 69, 69]
2026-09-14 16:40:04,716 [trainer.py] =>   Init classes     : 69
2026-09-14 16:40:04,716 [trainer.py] =>   Increment per task: 69
2026-09-14 16:40:04,716 [trainer.py] =>   Shuffle          : False
2026-09-14 16:40:04,717 [trainer.py] =>   Seed             : 1997
2026-09-14 16:40:04,717 [trainer.py] => --------------------------------------------------------------------------------
2026-09-14 16:40:04,717 [trainer.py] => Task split:
2026-09-14 16:40:04,777 [trainer.py] =>   Task 0: classes 0-68 (69 classes) | Train: 67628 images (265 batches), Test: 17009 images (67 batches)
2026-09-14 16:40:04,839 [trainer.py] =>   Task 1: classes 69-137 (69 classes) | Train: 65335 images (256 batches), Test: 16374 images (64 batches)
2026-09-14 16:40:04,902 [trainer.py] =>   Task 2: classes 138-206 (69 classes) | Train: 70512 images (276 batches), Test: 17747 images (70 batches)
2026-09-14 16:40:04,975 [trainer.py] =>   Task 3: classes 207-275 (69 classes) | Train: 68362 images (268 batches), Test: 16831 images (66 batches)
2026-09-14 16:40:05,055 [trainer.py] =>   Task 4: classes 276-344 (69 classes) | Train: 66967 images (262 batches), Test: 16741 images (66 batches)
2026-09-14 16:40:05,056 [trainer.py] => ================================================================================
2026-09-14 16:40:05,056 [trainer.py] => ================================================================================
2026-09-14 16:40:05,105 [splitlorav6.py] => Task 0 learning on class 0-69
2026-09-14 16:40:05,612 [toolkit.py] => Total params:     105,073,068
2026-09-14 16:40:05,612 [toolkit.py] => Trainable params: 606,021
2026-09-14 16:40:05,612 [toolkit.py] => Trainable ratio:  0.5768%
