2026-07-01 00:10:11,386 [toolkit.py] => config: /home/zll2025/low-rank-cl-main/configs/cllora/imagenet-a.json
2026-07-01 00:10:11,387 [toolkit.py] => device: [device(type='cuda', index=5)]
2026-07-01 00:10:11,387 [toolkit.py] => debug: False
2026-07-01 00:10:11,387 [toolkit.py] => save_ckp: False
2026-07-01 00:10:11,387 [toolkit.py] => moe_list: None
2026-07-01 00:10:11,387 [toolkit.py] => seed: 1993
2026-07-01 00:10:11,387 [toolkit.py] => dataset: imagenet-a
2026-07-01 00:10:11,387 [toolkit.py] => data_path: data/imagenet-a
2026-07-01 00:10:11,387 [toolkit.py] => load: vit_base_patch16_224_in21k
2026-07-01 00:10:11,387 [toolkit.py] => init_cls: 20
2026-07-01 00:10:11,387 [toolkit.py] => increment: 20
2026-07-01 00:10:11,387 [toolkit.py] => sessions: 10
2026-07-01 00:10:11,387 [toolkit.py] => shuffle: True
2026-07-01 00:10:11,387 [toolkit.py] => method: cllora
2026-07-01 00:10:11,387 [toolkit.py] => optimizer: sgd
2026-07-01 00:10:11,387 [toolkit.py] => scheduler: cosine
2026-07-01 00:10:11,387 [toolkit.py] => epochs: 25
2026-07-01 00:10:11,387 [toolkit.py] => lrate: 0.05
2026-07-01 00:10:11,387 [toolkit.py] => weight_decay: 0.005
2026-07-01 00:10:11,387 [toolkit.py] => batch_size: 32
2026-07-01 00:10:11,387 [toolkit.py] => rank: 10
2026-07-01 00:10:11,387 [toolkit.py] => num_workers: 16
2026-07-01 00:10:11,387 [toolkit.py] => kd_ratio: 5.0
2026-07-01 00:10:11,387 [toolkit.py] => temperature: 2
2026-07-01 00:10:11,387 [toolkit.py] => msa: [1, 0, 1]
2026-07-01 00:10:11,387 [toolkit.py] => shared_pos: [0, 1, 2, 3, 4, 5]
2026-07-01 00:10:11,387 [toolkit.py] => specific_pos: [6, 7, 8, 9, 10, 11]
2026-07-01 00:10:11,387 [toolkit.py] => lrate_head: 0
2026-07-01 00:10:11,387 [toolkit.py] => logdir: logs/cllora/imagenet-a/t10
2026-07-01 00:10:11,387 [toolkit.py] => logfilename: logs/cllora/imagenet-a/t10/seed1993
2026-07-01 00:10:11,414 [data_manager.py] => Class index order: 0, 1, 2, 3, 4, ..., 195, 196, 197, 198, 199
2026-07-01 00:10:13,351 [trainer.py] => ================================================================================
2026-07-01 00:10:13,670 [base.py] => Task 0 learning on class 0-20
2026-07-01 00:10:13,753 [toolkit.py] => Total params:     88,041,398
2026-07-01 00:10:13,753 [toolkit.py] => Trainable params: 291,859
2026-07-01 00:10:13,753 [toolkit.py] => Trainable ratio:  0.3315%
2026-07-01 00:12:17,551 [cllora.py] => Task 0, Epoch 25/25 => Loss 0.284, Train_accy 93.30
2026-07-01 00:12:20,264 [trainer.py] => Training time: 0h 2m 6s
2026-07-01 00:12:21,403 [trainer.py] => Evaluation time: 0h 0m 1s
2026-07-01 00:12:21,405 [trainer.py] => Accuracy: {'total': 89.39, '00-19': 89.39, 'old': 0, 'new': 89.39}
2026-07-01 00:12:21,405 [trainer.py] => (curve) top1 Acc: [89.39]
2026-07-01 00:12:21,405 [trainer.py] => Avergae Acc: 89.39
2026-07-01 00:12:21,405 [trainer.py] => (curve) top1 Acc with task: [89.39]
2026-07-01 00:12:21,405 [trainer.py] => Avergae Acc: 89.39
2026-07-01 00:12:21,405 [trainer.py] => (curve) top1 Acc task: [100.0]
2026-07-01 00:12:21,405 [trainer.py] => Avergae Acc: 100.00
2026-07-01 00:12:21,405 [trainer.py] => ================================================================================
2026-07-01 00:12:21,405 [trainer.py] => ================================================================================
2026-07-01 00:12:21,407 [base.py] => Task 1 learning on class 20-40
2026-07-01 00:12:21,415 [toolkit.py] => Total params:     88,087,478
2026-07-01 00:12:21,415 [toolkit.py] => Trainable params: 291,859
2026-07-01 00:12:21,415 [toolkit.py] => Trainable ratio:  0.3313%
2026-07-01 00:16:00,337 [cllora.py] => Task 1, Epoch 25/25 => Loss 0.360, Train_accy 91.34
2026-07-01 00:16:06,433 [trainer.py] => Training time: 0h 3m 45s
2026-07-01 00:16:09,286 [trainer.py] => Evaluation time: 0h 0m 2s
2026-07-01 00:16:09,288 [trainer.py] => Accuracy: {'total': 79.62, '00-19': 84.36, '20-39': 75.13, 'old': 84.36, 'new': 75.13}
2026-07-01 00:16:09,288 [trainer.py] => (curve) top1 Acc: [89.39, 79.62]
2026-07-01 00:16:09,288 [trainer.py] => Avergae Acc: 84.50
2026-07-01 00:16:09,288 [trainer.py] => (curve) top1 Acc with task: [89.39, 86.14]
2026-07-01 00:16:09,288 [trainer.py] => Avergae Acc: 87.77
2026-07-01 00:16:09,288 [trainer.py] => (curve) top1 Acc task: [100.0, 87.5]
2026-07-01 00:16:09,288 [trainer.py] => Avergae Acc: 93.75
2026-07-01 00:16:09,288 [trainer.py] => ================================================================================
2026-07-01 00:16:09,288 [trainer.py] => ================================================================================
2026-07-01 00:16:09,290 [base.py] => Task 2 learning on class 40-60
2026-07-01 00:16:09,298 [toolkit.py] => Total params:     88,164,278
2026-07-01 00:16:09,299 [toolkit.py] => Trainable params: 291,859
2026-07-01 00:16:09,299 [toolkit.py] => Trainable ratio:  0.3310%
2026-07-01 00:18:37,532 [cllora.py] => Task 2, Epoch 25/25 => Loss 0.266, Train_accy 95.81
2026-07-01 00:18:44,299 [trainer.py] => Training time: 0h 2m 35s
2026-07-01 00:18:49,394 [trainer.py] => Evaluation time: 0h 0m 5s
2026-07-01 00:18:49,396 [trainer.py] => Accuracy: {'total': 73.28, '00-19': 81.56, '20-39': 67.72, '40-59': 69.84, 'old': 74.46, 'new': 69.84}
2026-07-01 00:18:49,396 [trainer.py] => (curve) top1 Acc: [89.39, 79.62, 73.28]
2026-07-01 00:18:49,397 [trainer.py] => Avergae Acc: 80.76
2026-07-01 00:18:49,397 [trainer.py] => (curve) top1 Acc with task: [89.39, 86.14, 85.22]
2026-07-01 00:18:49,397 [trainer.py] => Avergae Acc: 86.92
2026-07-01 00:18:49,397 [trainer.py] => (curve) top1 Acc task: [100.0, 87.5, 79.35]
2026-07-01 00:18:49,397 [trainer.py] => Avergae Acc: 88.95
2026-07-01 00:18:49,397 [trainer.py] => ================================================================================
2026-07-01 00:18:49,397 [trainer.py] => ================================================================================
2026-07-01 00:18:49,400 [base.py] => Task 3 learning on class 60-80
2026-07-01 00:18:49,408 [toolkit.py] => Total params:     88,271,798
2026-07-01 00:18:49,409 [toolkit.py] => Trainable params: 291,859
2026-07-01 00:18:49,409 [toolkit.py] => Trainable ratio:  0.3306%
2026-07-01 00:22:39,068 [cllora.py] => Task 3, Epoch 25/25 => Loss 0.392, Train_accy 91.92
2026-07-01 00:22:51,583 [trainer.py] => Training time: 0h 4m 2s
2026-07-01 00:23:00,321 [trainer.py] => Evaluation time: 0h 0m 8s
2026-07-01 00:23:00,323 [trainer.py] => Accuracy: {'total': 72.56, '00-19': 78.21, '20-39': 68.78, '40-59': 67.46, '60-79': 74.26, 'old': 71.86, 'new': 74.26}
2026-07-01 00:23:00,323 [trainer.py] => (curve) top1 Acc: [89.39, 79.62, 73.28, 72.56]
2026-07-01 00:23:00,323 [trainer.py] => Avergae Acc: 78.71
2026-07-01 00:23:00,324 [trainer.py] => (curve) top1 Acc with task: [89.39, 86.14, 85.22, 87.64]
2026-07-01 00:23:00,324 [trainer.py] => Avergae Acc: 87.10
2026-07-01 00:23:00,324 [trainer.py] => (curve) top1 Acc task: [100.0, 87.5, 79.35, 76.87]
2026-07-01 00:23:00,324 [trainer.py] => Avergae Acc: 85.93
2026-07-01 00:23:00,324 [trainer.py] => ================================================================================
2026-07-01 00:23:00,324 [trainer.py] => ================================================================================
2026-07-01 00:23:00,328 [base.py] => Task 4 learning on class 80-100
2026-07-01 00:23:00,336 [toolkit.py] => Total params:     88,410,038
2026-07-01 00:23:00,336 [toolkit.py] => Trainable params: 291,859
2026-07-01 00:23:00,336 [toolkit.py] => Trainable ratio:  0.3301%
2026-07-01 00:25:38,553 [cllora.py] => Task 4, Epoch 25/25 => Loss 0.243, Train_accy 95.31
2026-07-01 00:25:50,138 [trainer.py] => Training time: 0h 2m 49s
2026-07-01 00:26:02,895 [trainer.py] => Evaluation time: 0h 0m 12s
2026-07-01 00:26:02,897 [trainer.py] => Accuracy: {'total': 66.27, '00-19': 72.63, '20-39': 64.55, '40-59': 66.67, '60-79': 66.34, '80-99': 59.7, 'old': 67.53, 'new': 59.7}
2026-07-01 00:26:02,897 [trainer.py] => (curve) top1 Acc: [89.39, 79.62, 73.28, 72.56, 66.27]
2026-07-01 00:26:02,898 [trainer.py] => Avergae Acc: 76.22
2026-07-01 00:26:02,898 [trainer.py] => (curve) top1 Acc with task: [89.39, 86.14, 85.22, 87.64, 86.75]
2026-07-01 00:26:02,898 [trainer.py] => Avergae Acc: 87.03
2026-07-01 00:26:02,898 [trainer.py] => (curve) top1 Acc task: [100.0, 87.5, 79.35, 76.87, 70.84]
2026-07-01 00:26:02,898 [trainer.py] => Avergae Acc: 82.91
2026-07-01 00:26:02,898 [trainer.py] => ================================================================================
2026-07-01 00:26:02,898 [trainer.py] => ================================================================================
2026-07-01 00:26:02,903 [base.py] => Task 5 learning on class 100-120
2026-07-01 00:26:02,911 [toolkit.py] => Total params:     88,578,998
2026-07-01 00:26:02,911 [toolkit.py] => Trainable params: 291,859
2026-07-01 00:26:02,911 [toolkit.py] => Trainable ratio:  0.3295%
2026-07-01 00:28:38,105 [cllora.py] => Task 5, Epoch 25/25 => Loss 0.340, Train_accy 94.48
2026-07-01 00:28:51,712 [trainer.py] => Training time: 0h 2m 48s
2026-07-01 00:29:09,312 [trainer.py] => Evaluation time: 0h 0m 17s
2026-07-01 00:29:09,315 [trainer.py] => Accuracy: {'total': 61.43, '00-19': 64.8, '20-39': 58.73, '40-59': 61.11, '60-79': 58.42, '80-99': 52.24, '100-119': 75.0, 'old': 59.28, 'new': 75.0}
2026-07-01 00:29:09,315 [trainer.py] => (curve) top1 Acc: [89.39, 79.62, 73.28, 72.56, 66.27, 61.43]
2026-07-01 00:29:09,315 [trainer.py] => Avergae Acc: 73.76
2026-07-01 00:29:09,315 [trainer.py] => (curve) top1 Acc with task: [89.39, 86.14, 85.22, 87.64, 86.75, 85.97]
2026-07-01 00:29:09,315 [trainer.py] => Avergae Acc: 86.85
2026-07-01 00:29:09,315 [trainer.py] => (curve) top1 Acc task: [100.0, 87.5, 79.35, 76.87, 70.84, 64.66]
2026-07-01 00:29:09,315 [trainer.py] => Avergae Acc: 79.87
2026-07-01 00:29:09,315 [trainer.py] => ================================================================================
2026-07-01 00:29:09,315 [trainer.py] => ================================================================================
2026-07-01 00:29:09,322 [base.py] => Task 6 learning on class 120-140
2026-07-01 00:29:09,330 [toolkit.py] => Total params:     88,778,678
2026-07-01 00:29:09,330 [toolkit.py] => Trainable params: 291,859
2026-07-01 00:29:09,330 [toolkit.py] => Trainable ratio:  0.3287%
2026-07-01 00:31:51,392 [cllora.py] => Task 6, Epoch 25/25 => Loss 0.365, Train_accy 94.35
2026-07-01 00:32:07,725 [trainer.py] => Training time: 0h 2m 58s
2026-07-01 00:32:30,705 [trainer.py] => Evaluation time: 0h 0m 22s
2026-07-01 00:32:30,707 [trainer.py] => Accuracy: {'total': 58.65, '00-19': 65.92, '20-39': 55.03, '40-59': 57.94, '60-79': 57.92, '80-99': 46.27, '100-119': 73.48, '120-139': 53.68, 'old': 59.36, 'new': 53.68}
2026-07-01 00:32:30,707 [trainer.py] => (curve) top1 Acc: [89.39, 79.62, 73.28, 72.56, 66.27, 61.43, 58.65]
2026-07-01 00:32:30,707 [trainer.py] => Avergae Acc: 71.60
2026-07-01 00:32:30,707 [trainer.py] => (curve) top1 Acc with task: [89.39, 86.14, 85.22, 87.64, 86.75, 85.97, 84.15]
2026-07-01 00:32:30,707 [trainer.py] => Avergae Acc: 86.47
2026-07-01 00:32:30,707 [trainer.py] => (curve) top1 Acc task: [100.0, 87.5, 79.35, 76.87, 70.84, 64.66, 62.3]
2026-07-01 00:32:30,707 [trainer.py] => Avergae Acc: 77.36
2026-07-01 00:32:30,707 [trainer.py] => ================================================================================
2026-07-01 00:32:30,707 [trainer.py] => ================================================================================
2026-07-01 00:32:30,715 [base.py] => Task 7 learning on class 140-160
2026-07-01 00:32:30,724 [toolkit.py] => Total params:     89,009,078
2026-07-01 00:32:30,725 [toolkit.py] => Trainable params: 291,859
2026-07-01 00:32:30,725 [toolkit.py] => Trainable ratio:  0.3279%
2026-07-01 00:35:07,016 [cllora.py] => Task 7, Epoch 25/25 => Loss 0.327, Train_accy 94.12
2026-07-01 00:35:24,890 [trainer.py] => Training time: 0h 2m 54s
2026-07-01 00:35:54,228 [trainer.py] => Evaluation time: 0h 0m 29s
2026-07-01 00:35:54,230 [trainer.py] => Accuracy: {'total': 58.1, '00-19': 65.92, '20-39': 54.5, '40-59': 58.73, '60-79': 59.41, '80-99': 46.27, '100-119': 69.7, '120-139': 51.47, '140-159': 57.25, 'old': 58.2, 'new': 57.25}
2026-07-01 00:35:54,230 [trainer.py] => (curve) top1 Acc: [89.39, 79.62, 73.28, 72.56, 66.27, 61.43, 58.65, 58.1]
2026-07-01 00:35:54,230 [trainer.py] => Avergae Acc: 69.91
2026-07-01 00:35:54,230 [trainer.py] => (curve) top1 Acc with task: [89.39, 86.14, 85.22, 87.64, 86.75, 85.97, 84.15, 85.11]
2026-07-01 00:35:54,230 [trainer.py] => Avergae Acc: 86.30
2026-07-01 00:35:54,230 [trainer.py] => (curve) top1 Acc task: [100.0, 87.5, 79.35, 76.87, 70.84, 64.66, 62.3, 60.37]
2026-07-01 00:35:54,230 [trainer.py] => Avergae Acc: 75.24
2026-07-01 00:35:54,230 [trainer.py] => ================================================================================
2026-07-01 00:35:54,230 [trainer.py] => ================================================================================
2026-07-01 00:35:54,242 [base.py] => Task 8 learning on class 160-180
2026-07-01 00:35:54,251 [toolkit.py] => Total params:     89,270,198
2026-07-01 00:35:54,251 [toolkit.py] => Trainable params: 291,859
2026-07-01 00:35:54,251 [toolkit.py] => Trainable ratio:  0.3269%
2026-07-01 00:38:43,561 [cllora.py] => Task 8, Epoch 25/25 => Loss 0.418, Train_accy 92.52
2026-07-01 00:39:05,259 [trainer.py] => Training time: 0h 3m 11s
2026-07-01 00:39:41,676 [trainer.py] => Evaluation time: 0h 0m 36s
2026-07-01 00:39:41,678 [trainer.py] => Accuracy: {'total': 56.2, '00-19': 67.04, '20-39': 57.14, '40-59': 56.35, '60-79': 55.45, '80-99': 47.01, '100-119': 72.73, '120-139': 50.0, '140-159': 54.2, '160-179': 43.36, 'old': 57.69, 'new': 43.36}
2026-07-01 00:39:41,679 [trainer.py] => (curve) top1 Acc: [89.39, 79.62, 73.28, 72.56, 66.27, 61.43, 58.65, 58.1, 56.2]
2026-07-01 00:39:41,679 [trainer.py] => Avergae Acc: 68.39
2026-07-01 00:39:41,679 [trainer.py] => (curve) top1 Acc with task: [89.39, 86.14, 85.22, 87.64, 86.75, 85.97, 84.15, 85.11, 84.26]
2026-07-01 00:39:41,679 [trainer.py] => Avergae Acc: 86.07
2026-07-01 00:39:41,679 [trainer.py] => (curve) top1 Acc task: [100.0, 87.5, 79.35, 76.87, 70.84, 64.66, 62.3, 60.37, 58.82]
2026-07-01 00:39:41,679 [trainer.py] => Avergae Acc: 73.41
2026-07-01 00:39:41,679 [trainer.py] => ================================================================================
2026-07-01 00:39:41,679 [trainer.py] => ================================================================================
2026-07-01 00:39:41,691 [base.py] => Task 9 learning on class 180-200
2026-07-01 00:39:41,699 [toolkit.py] => Total params:     89,562,038
2026-07-01 00:39:41,700 [toolkit.py] => Trainable params: 291,859
2026-07-01 00:39:41,700 [toolkit.py] => Trainable ratio:  0.3259%
2026-07-01 00:42:17,668 [cllora.py] => Task 9, Epoch 25/25 => Loss 0.366, Train_accy 93.69
2026-07-01 00:42:40,329 [trainer.py] => Training time: 0h 2m 58s
2026-07-01 00:43:24,414 [trainer.py] => Evaluation time: 0h 0m 44s
2026-07-01 00:43:24,416 [trainer.py] => Accuracy: {'total': 53.27, '00-19': 61.45, '20-39': 53.44, '40-59': 53.97, '60-79': 54.95, '80-99': 42.54, '100-119': 67.42, '120-139': 46.32, '140-159': 54.2, '160-179': 33.57, '180-199': 63.28, 'old': 52.33, 'new': 63.28}
2026-07-01 00:43:24,416 [trainer.py] => (curve) top1 Acc: [89.39, 79.62, 73.28, 72.56, 66.27, 61.43, 58.65, 58.1, 56.2, 53.27]
2026-07-01 00:43:24,416 [trainer.py] => Avergae Acc: 66.88
2026-07-01 00:43:24,416 [trainer.py] => (curve) top1 Acc with task: [89.39, 86.14, 85.22, 87.64, 86.75, 85.97, 84.15, 85.11, 84.26, 82.93]
2026-07-01 00:43:24,416 [trainer.py] => Avergae Acc: 85.76
2026-07-01 00:43:24,416 [trainer.py] => (curve) top1 Acc task: [100.0, 87.5, 79.35, 76.87, 70.84, 64.66, 62.3, 60.37, 58.82, 55.87]
2026-07-01 00:43:24,416 [trainer.py] => Avergae Acc: 71.66
2026-07-01 00:43:24,416 [trainer.py] => ================================================================================
2026-07-01 17:34:37,766 [toolkit.py] => config: /home/zll2025/low-rank-cl-main/configs/cllora/imagenet-a.json
2026-07-01 17:34:37,784 [toolkit.py] => device: [device(type='cuda', index=5)]
2026-07-01 17:34:37,784 [toolkit.py] => debug: False
2026-07-01 17:34:37,784 [toolkit.py] => save_ckp: False
2026-07-01 17:34:37,784 [toolkit.py] => moe_list: None
2026-07-01 17:34:37,785 [toolkit.py] => seed: 1993
2026-07-01 17:34:37,785 [toolkit.py] => dataset: imagenet-a
2026-07-01 17:34:37,785 [toolkit.py] => data_path: data/imagenet-a
2026-07-01 17:34:37,785 [toolkit.py] => load: vit_base_patch16_224_in21k
2026-07-01 17:34:37,785 [toolkit.py] => init_cls: 20
2026-07-01 17:34:37,785 [toolkit.py] => increment: 20
2026-07-01 17:34:37,785 [toolkit.py] => sessions: 10
2026-07-01 17:34:37,785 [toolkit.py] => shuffle: False
2026-07-01 17:34:37,785 [toolkit.py] => method: cllora
2026-07-01 17:34:37,786 [toolkit.py] => optimizer: sgd
2026-07-01 17:34:37,786 [toolkit.py] => scheduler: cosine
2026-07-01 17:34:37,786 [toolkit.py] => epochs: 25
2026-07-01 17:34:37,786 [toolkit.py] => lrate: 0.05
2026-07-01 17:34:37,786 [toolkit.py] => weight_decay: 0.005
2026-07-01 17:34:37,786 [toolkit.py] => batch_size: 32
2026-07-01 17:34:37,786 [toolkit.py] => rank: 10
2026-07-01 17:34:37,786 [toolkit.py] => num_workers: 16
2026-07-01 17:34:37,786 [toolkit.py] => kd_ratio: 5.0
2026-07-01 17:34:37,786 [toolkit.py] => temperature: 2
2026-07-01 17:34:37,786 [toolkit.py] => msa: [1, 0, 1]
2026-07-01 17:34:37,786 [toolkit.py] => shared_pos: [0, 1, 2, 3, 4, 5]
2026-07-01 17:34:37,786 [toolkit.py] => specific_pos: [6, 7, 8, 9, 10, 11]
2026-07-01 17:34:37,786 [toolkit.py] => lrate_head: 0
2026-07-01 17:34:37,786 [toolkit.py] => logdir: logs/cllora/imagenet-a/t10
2026-07-01 17:34:37,786 [toolkit.py] => logfilename: logs/cllora/imagenet-a/t10/seed1993
2026-07-01 17:34:37,808 [data_manager.py] => Class index order: 0, 1, 2, 3, 4, ..., 195, 196, 197, 198, 199
2026-07-01 17:35:57,160 [toolkit.py] => config: /home/zll2025/low-rank-cl-main/configs/cllora/imagenet-a.json
2026-07-01 17:35:57,160 [toolkit.py] => device: [device(type='cuda', index=5)]
2026-07-01 17:35:57,160 [toolkit.py] => debug: False
2026-07-01 17:35:57,160 [toolkit.py] => save_ckp: False
2026-07-01 17:35:57,160 [toolkit.py] => moe_list: None
2026-07-01 17:35:57,160 [toolkit.py] => seed: 1993
2026-07-01 17:35:57,160 [toolkit.py] => dataset: imagenet-a
2026-07-01 17:35:57,160 [toolkit.py] => data_path: data/imagenet-a
2026-07-01 17:35:57,160 [toolkit.py] => load: vit_base_patch16_224_in21k
2026-07-01 17:35:57,161 [toolkit.py] => init_cls: 20
2026-07-01 17:35:57,161 [toolkit.py] => increment: 20
2026-07-01 17:35:57,161 [toolkit.py] => sessions: 10
2026-07-01 17:35:57,161 [toolkit.py] => shuffle: False
2026-07-01 17:35:57,161 [toolkit.py] => method: cllora
2026-07-01 17:35:57,161 [toolkit.py] => optimizer: sgd
2026-07-01 17:35:57,161 [toolkit.py] => scheduler: cosine
2026-07-01 17:35:57,161 [toolkit.py] => epochs: 25
2026-07-01 17:35:57,161 [toolkit.py] => lrate: 0.05
2026-07-01 17:35:57,161 [toolkit.py] => weight_decay: 0.005
2026-07-01 17:35:57,161 [toolkit.py] => batch_size: 32
2026-07-01 17:35:57,161 [toolkit.py] => rank: 10
2026-07-01 17:35:57,161 [toolkit.py] => num_workers: 16
2026-07-01 17:35:57,161 [toolkit.py] => kd_ratio: 5.0
2026-07-01 17:35:57,161 [toolkit.py] => temperature: 2
2026-07-01 17:35:57,161 [toolkit.py] => msa: [1, 0, 1]
2026-07-01 17:35:57,161 [toolkit.py] => shared_pos: [0, 1, 2, 3, 4, 5]
2026-07-01 17:35:57,161 [toolkit.py] => specific_pos: [6, 7, 8, 9, 10, 11]
2026-07-01 17:35:57,161 [toolkit.py] => lrate_head: 0
2026-07-01 17:35:57,161 [toolkit.py] => logdir: logs/cllora/imagenet-a/t10
2026-07-01 17:35:57,161 [toolkit.py] => logfilename: logs/cllora/imagenet-a/t10/seed1993
2026-07-01 17:35:57,187 [data_manager.py] => Class index order: 0, 1, 2, 3, 4, ..., 195, 196, 197, 198, 199
2026-07-01 17:36:00,347 [trainer.py] => ================================================================================
2026-07-01 17:36:00,818 [base.py] => Task 0 learning on class 0-20
2026-07-01 17:36:00,894 [toolkit.py] => Total params:     88,041,398
2026-07-01 17:36:00,895 [toolkit.py] => Trainable params: 291,859
2026-07-01 17:36:00,895 [toolkit.py] => Trainable ratio:  0.3315%
2026-07-01 17:39:31,668 [cllora.py] => Task 0, Epoch 25/25 => Loss 0.364, Train_accy 90.42
2026-07-01 17:39:36,170 [trainer.py] => Training time: 0h 3m 35s
2026-07-01 17:39:38,270 [trainer.py] => Evaluation time: 0h 0m 2s
2026-07-01 17:39:38,272 [trainer.py] => Accuracy: {'total': 89.14, '00-19': 89.14, 'old': 0, 'new': 89.14}
2026-07-01 17:39:38,272 [trainer.py] => (curve) top1 Acc: [89.14]
2026-07-01 17:39:38,273 [trainer.py] => Avergae Acc: 89.14
2026-07-01 17:39:38,273 [trainer.py] => (curve) top1 Acc with task: [89.14]
2026-07-01 17:39:38,273 [trainer.py] => Avergae Acc: 89.14
2026-07-01 17:39:38,273 [trainer.py] => (curve) top1 Acc task: [100.0]
2026-07-01 17:39:38,273 [trainer.py] => Avergae Acc: 100.00
2026-07-01 17:39:38,273 [trainer.py] => ================================================================================
2026-07-01 17:39:38,273 [trainer.py] => ================================================================================
2026-07-01 17:39:38,275 [base.py] => Task 1 learning on class 20-40
2026-07-01 17:39:38,282 [toolkit.py] => Total params:     88,087,478
2026-07-01 17:39:38,282 [toolkit.py] => Trainable params: 291,859
2026-07-01 17:39:38,282 [toolkit.py] => Trainable ratio:  0.3313%
2026-07-01 17:44:18,835 [cllora.py] => Task 1, Epoch 25/25 => Loss 0.336, Train_accy 92.80
2026-07-01 17:44:26,063 [trainer.py] => Training time: 0h 4m 47s
2026-07-01 17:44:30,001 [trainer.py] => Evaluation time: 0h 0m 3s
2026-07-01 17:44:30,003 [trainer.py] => Accuracy: {'total': 81.03, '00-19': 82.43, '20-39': 79.28, 'old': 82.43, 'new': 79.28}
2026-07-01 17:44:30,003 [trainer.py] => (curve) top1 Acc: [89.14, 81.03]
2026-07-01 17:44:30,004 [trainer.py] => Avergae Acc: 85.09
2026-07-01 17:44:30,004 [trainer.py] => (curve) top1 Acc with task: [89.14, 89.54]
2026-07-01 17:44:30,004 [trainer.py] => Avergae Acc: 89.34
2026-07-01 17:44:30,004 [trainer.py] => (curve) top1 Acc task: [100.0, 89.72]
2026-07-01 17:44:30,004 [trainer.py] => Avergae Acc: 94.86
2026-07-01 17:44:30,004 [trainer.py] => ================================================================================
2026-07-01 17:44:30,004 [trainer.py] => ================================================================================
2026-07-01 17:44:30,006 [base.py] => Task 2 learning on class 40-60
2026-07-01 17:44:30,014 [toolkit.py] => Total params:     88,164,278
2026-07-01 17:44:30,014 [toolkit.py] => Trainable params: 291,859
2026-07-01 17:44:30,014 [toolkit.py] => Trainable ratio:  0.3310%
2026-07-01 17:49:11,309 [cllora.py] => Task 2, Epoch 25/25 => Loss 0.471, Train_accy 89.10
2026-07-01 17:49:22,369 [trainer.py] => Training time: 0h 4m 52s
2026-07-01 17:49:30,154 [trainer.py] => Evaluation time: 0h 0m 7s
2026-07-01 17:49:30,156 [trainer.py] => Accuracy: {'total': 76.2, '00-19': 80.51, '20-39': 76.89, '40-59': 70.12, 'old': 78.9, 'new': 70.12}
2026-07-01 17:49:30,157 [trainer.py] => (curve) top1 Acc: [89.14, 81.03, 76.2]
2026-07-01 17:49:30,157 [trainer.py] => Avergae Acc: 82.12
2026-07-01 17:49:30,157 [trainer.py] => (curve) top1 Acc with task: [89.14, 89.54, 87.36]
2026-07-01 17:49:30,157 [trainer.py] => Avergae Acc: 88.68
2026-07-01 17:49:30,157 [trainer.py] => (curve) top1 Acc task: [100.0, 89.72, 84.42]
2026-07-01 17:49:30,157 [trainer.py] => Avergae Acc: 91.38
2026-07-01 17:49:30,157 [trainer.py] => ================================================================================
2026-07-01 17:49:30,157 [trainer.py] => ================================================================================
2026-07-01 17:49:30,160 [base.py] => Task 3 learning on class 60-80
2026-07-01 17:49:30,168 [toolkit.py] => Total params:     88,271,798
2026-07-01 17:49:30,168 [toolkit.py] => Trainable params: 291,859
2026-07-01 17:49:30,168 [toolkit.py] => Trainable ratio:  0.3306%
2026-07-01 17:52:28,110 [cllora.py] => Task 3, Epoch 25/25 => Loss 0.449, Train_accy 88.20
2026-07-01 17:52:37,900 [trainer.py] => Training time: 0h 3m 7s
2026-07-01 17:52:49,897 [trainer.py] => Evaluation time: 0h 0m 11s
2026-07-01 17:52:49,899 [trainer.py] => Accuracy: {'total': 73.71, '00-19': 80.51, '20-39': 71.71, '40-59': 63.75, '60-79': 79.47, 'old': 72.64, 'new': 79.47}
2026-07-01 17:52:49,899 [trainer.py] => (curve) top1 Acc: [89.14, 81.03, 76.2, 73.71]
2026-07-01 17:52:49,899 [trainer.py] => Avergae Acc: 80.02
2026-07-01 17:52:49,899 [trainer.py] => (curve) top1 Acc with task: [89.14, 89.54, 87.36, 87.06]
2026-07-01 17:52:49,899 [trainer.py] => Avergae Acc: 88.28
2026-07-01 17:52:49,899 [trainer.py] => (curve) top1 Acc task: [100.0, 89.72, 84.42, 80.02]
2026-07-01 17:52:49,899 [trainer.py] => Avergae Acc: 88.54
2026-07-01 17:52:49,899 [trainer.py] => ================================================================================
2026-07-01 17:52:49,899 [trainer.py] => ================================================================================
2026-07-01 17:52:49,903 [base.py] => Task 4 learning on class 80-100
2026-07-01 17:52:49,911 [toolkit.py] => Total params:     88,410,038
2026-07-01 17:52:49,911 [toolkit.py] => Trainable params: 291,859
2026-07-01 17:52:49,911 [toolkit.py] => Trainable ratio:  0.3301%
2026-07-01 17:54:56,953 [cllora.py] => Task 4, Epoch 25/25 => Loss 0.484, Train_accy 91.31
2026-07-01 17:55:06,263 [trainer.py] => Training time: 0h 2m 16s
2026-07-01 17:55:22,409 [trainer.py] => Evaluation time: 0h 0m 16s
2026-07-01 17:55:22,411 [trainer.py] => Accuracy: {'total': 66.76, '00-19': 73.8, '20-39': 68.53, '40-59': 59.36, '60-79': 72.19, '80-99': 50.98, 'old': 68.43, 'new': 50.98}
2026-07-01 17:55:22,411 [trainer.py] => (curve) top1 Acc: [89.14, 81.03, 76.2, 73.71, 66.76]
2026-07-01 17:55:22,411 [trainer.py] => Avergae Acc: 77.37
2026-07-01 17:55:22,411 [trainer.py] => (curve) top1 Acc with task: [89.14, 89.54, 87.36, 87.06, 82.12]
2026-07-01 17:55:22,411 [trainer.py] => Avergae Acc: 87.04
2026-07-01 17:55:22,411 [trainer.py] => (curve) top1 Acc task: [100.0, 89.72, 84.42, 80.02, 75.47]
2026-07-01 17:55:22,411 [trainer.py] => Avergae Acc: 85.93
2026-07-01 17:55:22,411 [trainer.py] => ================================================================================
2026-07-01 17:55:22,411 [trainer.py] => ================================================================================
2026-07-01 17:55:22,416 [base.py] => Task 5 learning on class 100-120
2026-07-01 17:55:22,424 [toolkit.py] => Total params:     88,578,998
2026-07-01 17:55:22,424 [toolkit.py] => Trainable params: 291,859
2026-07-01 17:55:22,424 [toolkit.py] => Trainable ratio:  0.3295%
2026-07-01 17:56:46,079 [cllora.py] => Task 5, Epoch 25/25 => Loss 0.613, Train_accy 89.73
2026-07-01 17:56:54,261 [trainer.py] => Training time: 0h 1m 31s
2026-07-01 17:57:14,688 [trainer.py] => Evaluation time: 0h 0m 20s
2026-07-01 17:57:14,690 [trainer.py] => Accuracy: {'total': 63.38, '00-19': 73.16, '20-39': 68.92, '40-59': 58.17, '60-79': 67.55, '80-99': 42.16, '100-119': 39.71, 'old': 64.89, 'new': 39.71}
2026-07-01 17:57:14,690 [trainer.py] => (curve) top1 Acc: [89.14, 81.03, 76.2, 73.71, 66.76, 63.38]
2026-07-01 17:57:14,690 [trainer.py] => Avergae Acc: 75.04
2026-07-01 17:57:14,690 [trainer.py] => (curve) top1 Acc with task: [89.14, 89.54, 87.36, 87.06, 82.12, 80.63]
2026-07-01 17:57:14,690 [trainer.py] => Avergae Acc: 85.98
2026-07-01 17:57:14,690 [trainer.py] => (curve) top1 Acc task: [100.0, 89.72, 84.42, 80.02, 75.47, 71.74]
2026-07-01 17:57:14,690 [trainer.py] => Avergae Acc: 83.56
2026-07-01 17:57:14,690 [trainer.py] => ================================================================================
2026-07-01 17:57:14,690 [trainer.py] => ================================================================================
2026-07-01 17:57:14,696 [base.py] => Task 6 learning on class 120-140
2026-07-01 17:57:14,704 [toolkit.py] => Total params:     88,778,678
2026-07-01 17:57:14,704 [toolkit.py] => Trainable params: 291,859
2026-07-01 17:57:14,704 [toolkit.py] => Trainable ratio:  0.3287%
2026-07-01 17:59:01,292 [cllora.py] => Task 6, Epoch 25/25 => Loss 0.440, Train_accy 94.02
2026-07-01 17:59:12,643 [trainer.py] => Training time: 0h 1m 57s
2026-07-01 17:59:38,185 [trainer.py] => Evaluation time: 0h 0m 25s
2026-07-01 17:59:38,187 [trainer.py] => Accuracy: {'total': 62.69, '00-19': 76.36, '20-39': 70.12, '40-59': 54.98, '60-79': 73.51, '80-99': 45.1, '100-119': 39.71, '120-139': 34.83, 'old': 64.88, 'new': 34.83}
2026-07-01 17:59:38,187 [trainer.py] => (curve) top1 Acc: [89.14, 81.03, 76.2, 73.71, 66.76, 63.38, 62.69]
2026-07-01 17:59:38,187 [trainer.py] => Avergae Acc: 73.27
2026-07-01 17:59:38,187 [trainer.py] => (curve) top1 Acc with task: [89.14, 89.54, 87.36, 87.06, 82.12, 80.63, 79.92]
2026-07-01 17:59:38,187 [trainer.py] => Avergae Acc: 85.11
2026-07-01 17:59:38,187 [trainer.py] => (curve) top1 Acc task: [100.0, 89.72, 84.42, 80.02, 75.47, 71.74, 70.53]
2026-07-01 17:59:38,187 [trainer.py] => Avergae Acc: 81.70
2026-07-01 17:59:38,187 [trainer.py] => ================================================================================
2026-07-01 17:59:38,187 [trainer.py] => ================================================================================
2026-07-01 17:59:38,196 [base.py] => Task 7 learning on class 140-160
2026-07-01 17:59:38,204 [toolkit.py] => Total params:     89,009,078
2026-07-01 17:59:38,204 [toolkit.py] => Trainable params: 291,859
2026-07-01 17:59:38,204 [toolkit.py] => Trainable ratio:  0.3279%
2026-07-01 18:01:18,481 [cllora.py] => Task 7, Epoch 25/25 => Loss 0.745, Train_accy 85.98
2026-07-01 18:01:31,011 [trainer.py] => Training time: 0h 1m 52s
2026-07-01 18:02:01,924 [trainer.py] => Evaluation time: 0h 0m 30s
2026-07-01 18:02:01,926 [trainer.py] => Accuracy: {'total': 34.99, '00-19': 39.62, '20-39': 38.25, '40-59': 29.88, '60-79': 41.72, '80-99': 32.35, '100-119': 23.53, '120-139': 21.35, '140-159': 38.27, 'old': 34.78, 'new': 38.27}
2026-07-01 18:02:01,926 [trainer.py] => (curve) top1 Acc: [89.14, 81.03, 76.2, 73.71, 66.76, 63.38, 62.69, 34.99]
2026-07-01 18:02:01,926 [trainer.py] => Avergae Acc: 68.49
2026-07-01 18:02:01,926 [trainer.py] => (curve) top1 Acc with task: [89.14, 89.54, 87.36, 87.06, 82.12, 80.63, 79.92, 58.35]
2026-07-01 18:02:01,926 [trainer.py] => Avergae Acc: 81.77
2026-07-01 18:02:01,926 [trainer.py] => (curve) top1 Acc task: [100.0, 89.72, 84.42, 80.02, 75.47, 71.74, 70.53, 46.94]
2026-07-01 18:02:01,926 [trainer.py] => Avergae Acc: 77.35
2026-07-01 18:02:01,926 [trainer.py] => ================================================================================
2026-07-01 18:02:01,926 [trainer.py] => ================================================================================
2026-07-01 18:02:01,937 [base.py] => Task 8 learning on class 160-180
2026-07-01 18:02:01,945 [toolkit.py] => Total params:     89,270,198
2026-07-01 18:02:01,945 [toolkit.py] => Trainable params: 291,859
2026-07-01 18:02:01,945 [toolkit.py] => Trainable ratio:  0.3269%
2026-07-01 18:03:59,966 [cllora.py] => Task 8, Epoch 25/25 => Loss 0.690, Train_accy 87.98
2026-07-01 18:04:15,941 [trainer.py] => Training time: 0h 2m 14s
2026-07-01 18:04:53,165 [trainer.py] => Evaluation time: 0h 0m 37s
2026-07-01 18:04:53,167 [trainer.py] => Accuracy: {'total': 39.06, '00-19': 46.96, '20-39': 45.02, '40-59': 34.26, '60-79': 45.7, '80-99': 30.39, '100-119': 30.88, '120-139': 23.6, '140-159': 33.33, '160-179': 34.02, 'old': 39.43, 'new': 34.02}
2026-07-01 18:04:53,167 [trainer.py] => (curve) top1 Acc: [89.14, 81.03, 76.2, 73.71, 66.76, 63.38, 62.69, 34.99, 39.06]
2026-07-01 18:04:53,167 [trainer.py] => Avergae Acc: 65.22
2026-07-01 18:04:53,167 [trainer.py] => (curve) top1 Acc with task: [89.14, 89.54, 87.36, 87.06, 82.12, 80.63, 79.92, 58.35, 63.58]
2026-07-01 18:04:53,168 [trainer.py] => Avergae Acc: 79.74
2026-07-01 18:04:53,168 [trainer.py] => (curve) top1 Acc task: [100.0, 89.72, 84.42, 80.02, 75.47, 71.74, 70.53, 46.94, 48.82]
2026-07-01 18:04:53,168 [trainer.py] => Avergae Acc: 74.18
2026-07-01 18:04:53,168 [trainer.py] => ================================================================================
2026-07-01 18:04:53,168 [trainer.py] => ================================================================================
2026-07-01 18:04:53,179 [base.py] => Task 9 learning on class 180-200
2026-07-01 18:04:53,187 [toolkit.py] => Total params:     89,562,038
2026-07-01 18:04:53,187 [toolkit.py] => Trainable params: 291,859
2026-07-01 18:04:53,187 [toolkit.py] => Trainable ratio:  0.3259%
2026-07-01 18:06:50,593 [cllora.py] => Task 9, Epoch 25/25 => Loss 0.740, Train_accy 83.64
2026-07-01 18:07:08,057 [trainer.py] => Training time: 0h 2m 14s
2026-07-01 18:07:52,102 [trainer.py] => Evaluation time: 0h 0m 44s
2026-07-01 18:07:52,104 [trainer.py] => Accuracy: {'total': 22.47, '00-19': 22.36, '20-39': 24.3, '40-59': 16.33, '60-79': 23.18, '80-99': 24.51, '100-119': 20.59, '120-139': 13.48, '140-159': 25.93, '160-179': 16.49, '180-199': 43.3, 'old': 21.03, 'new': 43.3}
2026-07-01 18:07:52,104 [trainer.py] => (curve) top1 Acc: [89.14, 81.03, 76.2, 73.71, 66.76, 63.38, 62.69, 34.99, 39.06, 22.47]
2026-07-01 18:07:52,104 [trainer.py] => Avergae Acc: 60.94
2026-07-01 18:07:52,104 [trainer.py] => (curve) top1 Acc with task: [89.14, 89.54, 87.36, 87.06, 82.12, 80.63, 79.92, 58.35, 63.58, 50.27]
2026-07-01 18:07:52,104 [trainer.py] => Avergae Acc: 76.80
2026-07-01 18:07:52,104 [trainer.py] => (curve) top1 Acc task: [100.0, 89.72, 84.42, 80.02, 75.47, 71.74, 70.53, 46.94, 48.82, 30.47]
2026-07-01 18:07:52,104 [trainer.py] => Avergae Acc: 69.81
2026-07-01 18:07:52,104 [trainer.py] => ================================================================================
2026-09-03 15:28:02,171 [toolkit.py] => config: configs/cllora/imagenet-a.json
2026-09-03 15:28:02,206 [toolkit.py] => device: [device(type='cuda', index=1)]
2026-09-03 15:28:02,206 [toolkit.py] => debug: False
2026-09-03 15:28:02,206 [toolkit.py] => save_ckp: False
2026-09-03 15:28:02,206 [toolkit.py] => moe_list: None
2026-09-03 15:28:02,206 [toolkit.py] => seed: 1993
2026-09-03 15:28:02,206 [toolkit.py] => dataset: imagenet-a
2026-09-03 15:28:02,206 [toolkit.py] => data_path: data/imagenet-a
2026-09-03 15:28:02,206 [toolkit.py] => load: vit_base_patch16_224_in21k
2026-09-03 15:28:02,207 [toolkit.py] => init_cls: 20
2026-09-03 15:28:02,207 [toolkit.py] => increment: 20
2026-09-03 15:28:02,207 [toolkit.py] => sessions: 10
2026-09-03 15:28:02,207 [toolkit.py] => shuffle: False
2026-09-03 15:28:02,207 [toolkit.py] => method: cllora
2026-09-03 15:28:02,207 [toolkit.py] => optimizer: sgd
2026-09-03 15:28:02,207 [toolkit.py] => scheduler: cosine
2026-09-03 15:28:02,207 [toolkit.py] => epochs: 25
2026-09-03 15:28:02,207 [toolkit.py] => lrate: 0.05
2026-09-03 15:28:02,207 [toolkit.py] => weight_decay: 0.005
2026-09-03 15:28:02,207 [toolkit.py] => batch_size: 32
2026-09-03 15:28:02,207 [toolkit.py] => rank: 10
2026-09-03 15:28:02,208 [toolkit.py] => num_workers: 16
2026-09-03 15:28:02,208 [toolkit.py] => kd_ratio: 5.0
2026-09-03 15:28:02,208 [toolkit.py] => temperature: 2
2026-09-03 15:28:02,208 [toolkit.py] => msa: [1, 0, 1]
2026-09-03 15:28:02,208 [toolkit.py] => shared_pos: [0, 1, 2, 3, 4, 5]
2026-09-03 15:28:02,208 [toolkit.py] => specific_pos: [6, 7, 8, 9, 10, 11]
2026-09-03 15:28:02,208 [toolkit.py] => lrate_head: 0
2026-09-03 15:28:02,208 [toolkit.py] => logdir: logs/cllora/imagenet-a/t10
2026-09-03 15:28:02,208 [toolkit.py] => logfilename: logs/cllora/imagenet-a/t10/seed1993
2026-09-03 15:28:02,248 [data_manager.py] => Class index order: 0, 1, 2, 3, 4, ..., 195, 196, 197, 198, 199
2026-09-03 15:28:16,242 [trainer.py] => ================================================================================
2026-09-03 15:28:16,242 [trainer.py] => Dataset Information
2026-09-03 15:28:16,242 [trainer.py] => ================================================================================
2026-09-03 15:28:16,242 [trainer.py] =>   Dataset name     : imagenet-a
2026-09-03 15:28:16,242 [trainer.py] =>   Data path        : data/imagenet-a
2026-09-03 15:28:16,242 [trainer.py] =>   Total classes    : 200
2026-09-03 15:28:16,242 [trainer.py] =>   Total tasks      : 10
2026-09-03 15:28:16,242 [trainer.py] =>   Task increments  : [20, 20, 20, 20, 20, 20, 20, 20, 20, 20]
2026-09-03 15:28:16,242 [trainer.py] =>   Init classes     : 20
2026-09-03 15:28:16,242 [trainer.py] =>   Increment per task: 20
2026-09-03 15:28:16,242 [trainer.py] =>   Shuffle          : False
2026-09-03 15:28:16,242 [trainer.py] =>   Seed             : 1993
2026-09-03 15:28:16,242 [trainer.py] => --------------------------------------------------------------------------------
2026-09-03 15:28:16,242 [trainer.py] => Task split:
2026-09-03 15:28:16,244 [trainer.py] =>   Task 0: classes 0-19 (20 classes) | Train: 1253 images (5 batches), Test: 313 images (2 batches)
2026-09-03 15:28:16,245 [trainer.py] =>   Task 1: classes 20-39 (20 classes) | Train: 1000 images (4 batches), Test: 251 images (1 batches)
2026-09-03 15:28:16,246 [trainer.py] =>   Task 2: classes 40-59 (20 classes) | Train: 1000 images (4 batches), Test: 251 images (1 batches)
2026-09-03 15:28:16,247 [trainer.py] =>   Task 3: classes 60-79 (20 classes) | Train: 610 images (3 batches), Test: 151 images (1 batches)
2026-09-03 15:28:16,249 [trainer.py] =>   Task 4: classes 80-99 (20 classes) | Train: 426 images (2 batches), Test: 102 images (1 batches)
2026-09-03 15:28:16,250 [trainer.py] =>   Task 5: classes 100-119 (20 classes) | Train: 263 images (2 batches), Test: 68 images (1 batches)
2026-09-03 15:28:16,251 [trainer.py] =>   Task 6: classes 120-139 (20 classes) | Train: 351 images (2 batches), Test: 89 images (1 batches)
2026-09-03 15:28:16,251 [trainer.py] =>   Task 7: classes 140-159 (20 classes) | Train: 321 images (2 batches), Test: 81 images (1 batches)
2026-09-03 15:28:16,252 [trainer.py] =>   Task 8: classes 160-179 (20 classes) | Train: 391 images (2 batches), Test: 97 images (1 batches)
2026-09-03 15:28:16,253 [trainer.py] =>   Task 9: classes 180-199 (20 classes) | Train: 385 images (2 batches), Test: 97 images (1 batches)
2026-09-03 15:28:16,253 [trainer.py] => ================================================================================
2026-09-03 15:28:16,253 [trainer.py] => ================================================================================
2026-09-03 15:28:16,784 [base.py] => Task 0 learning on class 0-20
2026-09-03 15:28:16,935 [toolkit.py] => Total params:     88,041,398
2026-09-03 15:28:16,935 [toolkit.py] => Trainable params: 291,859
2026-09-03 15:28:16,936 [toolkit.py] => Trainable ratio:  0.3315%
2026-09-03 15:31:57,607 [cllora.py] => Task 0, Epoch 25/25 => Loss 0.364, Train_accy 90.42
2026-09-03 15:32:03,354 [trainer.py] => Training time: 0h 3m 46s
2026-09-03 15:32:05,352 [trainer.py] => Evaluation time: 0h 0m 1s
2026-09-03 15:32:05,355 [trainer.py] => Accuracy: {'total': 89.14, '00-19': 89.14, 'old': 0, 'new': 89.14}
2026-09-03 15:32:05,355 [trainer.py] => (curve) top1 Acc: [89.14]
2026-09-03 15:32:05,356 [trainer.py] => Avergae Acc: 89.14
2026-09-03 15:32:05,356 [trainer.py] => (curve) top1 Acc with task: [89.14]
2026-09-03 15:32:05,356 [trainer.py] => Avergae Acc: 89.14
2026-09-03 15:32:05,356 [trainer.py] => (curve) top1 Acc task: [100.0]
2026-09-03 15:32:05,356 [trainer.py] => Avergae Acc: 100.00
2026-09-03 15:32:05,356 [trainer.py] => ================================================================================
2026-09-03 15:32:05,356 [trainer.py] => ================================================================================
2026-09-03 15:32:05,359 [base.py] => Task 1 learning on class 20-40
2026-09-03 15:32:05,372 [toolkit.py] => Total params:     88,087,478
2026-09-03 15:32:05,372 [toolkit.py] => Trainable params: 291,859
2026-09-03 15:32:05,372 [toolkit.py] => Trainable ratio:  0.3313%
2026-09-03 15:36:55,652 [cllora.py] => Task 1, Epoch 25/25 => Loss 0.336, Train_accy 92.80
2026-09-03 15:37:04,788 [trainer.py] => Training time: 0h 4m 59s
2026-09-03 15:37:09,221 [trainer.py] => Evaluation time: 0h 0m 4s
2026-09-03 15:37:09,224 [trainer.py] => Accuracy: {'total': 81.03, '00-19': 82.43, '20-39': 79.28, 'old': 82.43, 'new': 79.28}
2026-09-03 15:37:09,224 [trainer.py] => (curve) top1 Acc: [89.14, 81.03]
2026-09-03 15:37:09,224 [trainer.py] => Avergae Acc: 85.09
2026-09-03 15:37:09,224 [trainer.py] => (curve) top1 Acc with task: [89.14, 89.54]
2026-09-03 15:37:09,224 [trainer.py] => Avergae Acc: 89.34
2026-09-03 15:37:09,224 [trainer.py] => (curve) top1 Acc task: [100.0, 89.72]
2026-09-03 15:37:09,225 [trainer.py] => Avergae Acc: 94.86
2026-09-03 15:37:09,225 [trainer.py] => ================================================================================
2026-09-03 15:37:09,225 [trainer.py] => ================================================================================
2026-09-03 15:37:09,229 [base.py] => Task 2 learning on class 40-60
2026-09-03 15:37:09,259 [toolkit.py] => Total params:     88,164,278
2026-09-03 15:37:09,261 [toolkit.py] => Trainable params: 291,859
2026-09-03 15:37:09,261 [toolkit.py] => Trainable ratio:  0.3310%
2026-09-03 15:42:02,360 [cllora.py] => Task 2, Epoch 25/25 => Loss 0.471, Train_accy 89.10
2026-09-03 15:42:17,064 [trainer.py] => Training time: 0h 5m 7s
2026-09-03 15:42:25,505 [trainer.py] => Evaluation time: 0h 0m 8s
2026-09-03 15:42:25,508 [trainer.py] => Accuracy: {'total': 76.2, '00-19': 80.51, '20-39': 76.89, '40-59': 70.12, 'old': 78.9, 'new': 70.12}
2026-09-03 15:42:25,508 [trainer.py] => (curve) top1 Acc: [89.14, 81.03, 76.2]
2026-09-03 15:42:25,508 [trainer.py] => Avergae Acc: 82.12
2026-09-03 15:42:25,508 [trainer.py] => (curve) top1 Acc with task: [89.14, 89.54, 87.36]
2026-09-03 15:42:25,509 [trainer.py] => Avergae Acc: 88.68
2026-09-03 15:42:25,509 [trainer.py] => (curve) top1 Acc task: [100.0, 89.72, 84.42]
2026-09-03 15:42:25,509 [trainer.py] => Avergae Acc: 91.38
2026-09-03 15:42:25,509 [trainer.py] => ================================================================================
2026-09-03 15:42:25,509 [trainer.py] => ================================================================================
2026-09-03 15:42:25,514 [base.py] => Task 3 learning on class 60-80
2026-09-03 15:42:25,526 [toolkit.py] => Total params:     88,271,798
2026-09-03 15:42:25,527 [toolkit.py] => Trainable params: 291,859
2026-09-03 15:42:25,527 [toolkit.py] => Trainable ratio:  0.3306%
2026-09-03 15:45:34,473 [cllora.py] => Task 3, Epoch 25/25 => Loss 0.449, Train_accy 88.20
2026-09-03 15:45:49,481 [trainer.py] => Training time: 0h 3m 23s
2026-09-03 15:46:01,829 [trainer.py] => Evaluation time: 0h 0m 12s
2026-09-03 15:46:01,832 [trainer.py] => Accuracy: {'total': 73.71, '00-19': 80.51, '20-39': 71.71, '40-59': 63.75, '60-79': 79.47, 'old': 72.64, 'new': 79.47}
2026-09-03 15:46:01,832 [trainer.py] => (curve) top1 Acc: [89.14, 81.03, 76.2, 73.71]
2026-09-03 15:46:01,832 [trainer.py] => Avergae Acc: 80.02
2026-09-03 15:46:01,832 [trainer.py] => (curve) top1 Acc with task: [89.14, 89.54, 87.36, 87.06]
2026-09-03 15:46:01,832 [trainer.py] => Avergae Acc: 88.28
2026-09-03 15:46:01,832 [trainer.py] => (curve) top1 Acc task: [100.0, 89.72, 84.42, 80.02]
2026-09-03 15:46:01,832 [trainer.py] => Avergae Acc: 88.54
2026-09-03 15:46:01,832 [trainer.py] => ================================================================================
2026-09-03 15:46:01,832 [trainer.py] => ================================================================================
2026-09-03 15:46:01,840 [base.py] => Task 4 learning on class 80-100
2026-09-03 15:46:01,852 [toolkit.py] => Total params:     88,410,038
2026-09-03 15:46:01,852 [toolkit.py] => Trainable params: 291,859
2026-09-03 15:46:01,852 [toolkit.py] => Trainable ratio:  0.3301%
2026-09-03 15:48:59,911 [cllora.py] => Task 4, Epoch 25/25 => Loss 0.484, Train_accy 91.31
2026-09-03 15:49:19,768 [trainer.py] => Training time: 0h 3m 17s
2026-09-03 15:49:51,043 [trainer.py] => Evaluation time: 0h 0m 31s
2026-09-03 15:49:51,050 [trainer.py] => Accuracy: {'total': 66.76, '00-19': 73.8, '20-39': 68.53, '40-59': 59.36, '60-79': 72.19, '80-99': 50.98, 'old': 68.43, 'new': 50.98}
2026-09-03 15:49:51,051 [trainer.py] => (curve) top1 Acc: [89.14, 81.03, 76.2, 73.71, 66.76]
2026-09-03 15:49:51,052 [trainer.py] => Avergae Acc: 77.37
2026-09-03 15:49:51,052 [trainer.py] => (curve) top1 Acc with task: [89.14, 89.54, 87.36, 87.06, 82.12]
2026-09-03 15:49:51,052 [trainer.py] => Avergae Acc: 87.04
2026-09-03 15:49:51,052 [trainer.py] => (curve) top1 Acc task: [100.0, 89.72, 84.42, 80.02, 75.47]
2026-09-03 15:49:51,053 [trainer.py] => Avergae Acc: 85.93
2026-09-03 15:49:51,053 [trainer.py] => ================================================================================
2026-09-03 15:49:51,053 [trainer.py] => ================================================================================
2026-09-03 15:49:51,077 [base.py] => Task 5 learning on class 100-120
2026-09-03 15:49:51,098 [toolkit.py] => Total params:     88,578,998
2026-09-03 15:49:51,098 [toolkit.py] => Trainable params: 291,859
2026-09-03 15:49:51,099 [toolkit.py] => Trainable ratio:  0.3295%
2026-09-03 15:52:24,276 [cllora.py] => Task 5, Epoch 25/25 => Loss 0.613, Train_accy 89.73
2026-09-03 15:52:41,561 [trainer.py] => Training time: 0h 2m 50s
2026-09-03 15:53:11,405 [trainer.py] => Evaluation time: 0h 0m 29s
2026-09-03 15:53:11,408 [trainer.py] => Accuracy: {'total': 63.38, '00-19': 73.16, '20-39': 68.92, '40-59': 58.17, '60-79': 67.55, '80-99': 42.16, '100-119': 39.71, 'old': 64.89, 'new': 39.71}
2026-09-03 15:53:11,408 [trainer.py] => (curve) top1 Acc: [89.14, 81.03, 76.2, 73.71, 66.76, 63.38]
2026-09-03 15:53:11,408 [trainer.py] => Avergae Acc: 75.04
2026-09-03 15:53:11,409 [trainer.py] => (curve) top1 Acc with task: [89.14, 89.54, 87.36, 87.06, 82.12, 80.63]
2026-09-03 15:53:11,409 [trainer.py] => Avergae Acc: 85.98
2026-09-03 15:53:11,409 [trainer.py] => (curve) top1 Acc task: [100.0, 89.72, 84.42, 80.02, 75.47, 71.74]
2026-09-03 15:53:11,409 [trainer.py] => Avergae Acc: 83.56
2026-09-03 15:53:11,409 [trainer.py] => ================================================================================
2026-09-03 15:53:11,409 [trainer.py] => ================================================================================
2026-09-03 15:53:11,428 [base.py] => Task 6 learning on class 120-140
2026-09-03 15:53:11,439 [toolkit.py] => Total params:     88,778,678
2026-09-03 15:53:11,439 [toolkit.py] => Trainable params: 291,859
2026-09-03 15:53:11,439 [toolkit.py] => Trainable ratio:  0.3287%
2026-09-03 15:56:29,121 [cllora.py] => Task 6, Epoch 25/25 => Loss 0.440, Train_accy 94.02
2026-09-03 15:56:53,927 [trainer.py] => Training time: 0h 3m 42s
2026-09-03 15:57:41,546 [trainer.py] => Evaluation time: 0h 0m 47s
2026-09-03 15:57:41,554 [trainer.py] => Accuracy: {'total': 62.69, '00-19': 76.36, '20-39': 70.12, '40-59': 54.98, '60-79': 73.51, '80-99': 45.1, '100-119': 39.71, '120-139': 34.83, 'old': 64.88, 'new': 34.83}
2026-09-03 15:57:41,555 [trainer.py] => (curve) top1 Acc: [89.14, 81.03, 76.2, 73.71, 66.76, 63.38, 62.69]
2026-09-03 15:57:41,557 [trainer.py] => Avergae Acc: 73.27
2026-09-03 15:57:41,557 [trainer.py] => (curve) top1 Acc with task: [89.14, 89.54, 87.36, 87.06, 82.12, 80.63, 79.92]
2026-09-03 15:57:41,557 [trainer.py] => Avergae Acc: 85.11
2026-09-03 15:57:41,557 [trainer.py] => (curve) top1 Acc task: [100.0, 89.72, 84.42, 80.02, 75.47, 71.74, 70.53]
2026-09-03 15:57:41,557 [trainer.py] => Avergae Acc: 81.70
2026-09-03 15:57:41,557 [trainer.py] => ================================================================================
2026-09-03 15:57:41,557 [trainer.py] => ================================================================================
2026-09-03 15:57:41,589 [base.py] => Task 7 learning on class 140-160
2026-09-03 15:57:41,629 [toolkit.py] => Total params:     89,009,078
2026-09-03 15:57:41,629 [toolkit.py] => Trainable params: 291,859
2026-09-03 15:57:41,629 [toolkit.py] => Trainable ratio:  0.3279%
2026-09-03 16:00:33,619 [cllora.py] => Task 7, Epoch 25/25 => Loss 0.745, Train_accy 85.98
2026-09-03 16:00:59,229 [trainer.py] => Training time: 0h 3m 17s
2026-09-03 16:02:00,760 [trainer.py] => Evaluation time: 0h 1m 1s
2026-09-03 16:02:00,763 [trainer.py] => Accuracy: {'total': 34.99, '00-19': 39.62, '20-39': 38.25, '40-59': 29.88, '60-79': 41.72, '80-99': 32.35, '100-119': 23.53, '120-139': 21.35, '140-159': 38.27, 'old': 34.78, 'new': 38.27}
2026-09-03 16:02:00,763 [trainer.py] => (curve) top1 Acc: [89.14, 81.03, 76.2, 73.71, 66.76, 63.38, 62.69, 34.99]
2026-09-03 16:02:00,764 [trainer.py] => Avergae Acc: 68.49
2026-09-03 16:02:00,764 [trainer.py] => (curve) top1 Acc with task: [89.14, 89.54, 87.36, 87.06, 82.12, 80.63, 79.92, 58.35]
2026-09-03 16:02:00,764 [trainer.py] => Avergae Acc: 81.77
2026-09-03 16:02:00,764 [trainer.py] => (curve) top1 Acc task: [100.0, 89.72, 84.42, 80.02, 75.47, 71.74, 70.53, 46.94]
2026-09-03 16:02:00,764 [trainer.py] => Avergae Acc: 77.35
2026-09-03 16:02:00,764 [trainer.py] => ================================================================================
2026-09-03 16:02:00,764 [trainer.py] => ================================================================================
2026-09-03 16:02:00,785 [base.py] => Task 8 learning on class 160-180
2026-09-03 16:02:00,797 [toolkit.py] => Total params:     89,270,198
2026-09-03 16:02:00,797 [toolkit.py] => Trainable params: 291,859
2026-09-03 16:02:00,797 [toolkit.py] => Trainable ratio:  0.3269%
2026-09-03 16:05:32,331 [cllora.py] => Task 8, Epoch 25/25 => Loss 0.690, Train_accy 87.98
2026-09-03 16:06:06,309 [trainer.py] => Training time: 0h 4m 5s
2026-09-03 16:07:15,394 [trainer.py] => Evaluation time: 0h 1m 9s
2026-09-03 16:07:15,397 [trainer.py] => Accuracy: {'total': 39.06, '00-19': 46.96, '20-39': 45.02, '40-59': 34.26, '60-79': 45.7, '80-99': 30.39, '100-119': 30.88, '120-139': 23.6, '140-159': 33.33, '160-179': 34.02, 'old': 39.43, 'new': 34.02}
2026-09-03 16:07:15,397 [trainer.py] => (curve) top1 Acc: [89.14, 81.03, 76.2, 73.71, 66.76, 63.38, 62.69, 34.99, 39.06]
2026-09-03 16:07:15,398 [trainer.py] => Avergae Acc: 65.22
2026-09-03 16:07:15,398 [trainer.py] => (curve) top1 Acc with task: [89.14, 89.54, 87.36, 87.06, 82.12, 80.63, 79.92, 58.35, 63.58]
2026-09-03 16:07:15,398 [trainer.py] => Avergae Acc: 79.74
2026-09-03 16:07:15,398 [trainer.py] => (curve) top1 Acc task: [100.0, 89.72, 84.42, 80.02, 75.47, 71.74, 70.53, 46.94, 48.82]
2026-09-03 16:07:15,398 [trainer.py] => Avergae Acc: 74.18
2026-09-03 16:07:15,398 [trainer.py] => ================================================================================
2026-09-03 16:07:15,398 [trainer.py] => ================================================================================
2026-09-03 16:07:15,426 [base.py] => Task 9 learning on class 180-200
2026-09-03 16:07:15,440 [toolkit.py] => Total params:     89,562,038
2026-09-03 16:07:15,440 [toolkit.py] => Trainable params: 291,859
2026-09-03 16:07:15,440 [toolkit.py] => Trainable ratio:  0.3259%
2026-09-03 16:11:02,084 [cllora.py] => Task 9, Epoch 25/25 => Loss 0.740, Train_accy 83.64
2026-09-03 16:11:41,247 [trainer.py] => Training time: 0h 4m 25s
2026-09-03 16:13:11,261 [trainer.py] => Evaluation time: 0h 1m 30s
2026-09-03 16:13:11,268 [trainer.py] => Accuracy: {'total': 22.47, '00-19': 22.36, '20-39': 24.3, '40-59': 16.33, '60-79': 23.18, '80-99': 24.51, '100-119': 20.59, '120-139': 13.48, '140-159': 25.93, '160-179': 16.49, '180-199': 43.3, 'old': 21.03, 'new': 43.3}
2026-09-03 16:13:11,268 [trainer.py] => (curve) top1 Acc: [89.14, 81.03, 76.2, 73.71, 66.76, 63.38, 62.69, 34.99, 39.06, 22.47]
2026-09-03 16:13:11,269 [trainer.py] => Avergae Acc: 60.94
2026-09-03 16:13:11,269 [trainer.py] => (curve) top1 Acc with task: [89.14, 89.54, 87.36, 87.06, 82.12, 80.63, 79.92, 58.35, 63.58, 50.27]
2026-09-03 16:13:11,269 [trainer.py] => Avergae Acc: 76.80
2026-09-03 16:13:11,269 [trainer.py] => (curve) top1 Acc task: [100.0, 89.72, 84.42, 80.02, 75.47, 71.74, 70.53, 46.94, 48.82, 30.47]
2026-09-03 16:13:11,269 [trainer.py] => Avergae Acc: 69.81
2026-09-03 16:13:11,269 [trainer.py] => ================================================================================
