2026-09-13 15:49:06,643 [toolkit.py] => config: configs/ewclora_ov4/imagenet-a_seed=1997_lo=0.00000001_ls_0.00000001_mu=0.00000001.json
2026-09-13 15:49:06,643 [toolkit.py] => device: [device(type='cuda', index=4)]
2026-09-13 15:49:06,643 [toolkit.py] => debug: False
2026-09-13 15:49:06,643 [toolkit.py] => save_ckp: False
2026-09-13 15:49:06,643 [toolkit.py] => moe_list: None
2026-09-13 15:49:06,643 [toolkit.py] => seed: 1997
2026-09-13 15:49:06,643 [toolkit.py] => dataset: imagenet-a
2026-09-13 15:49:06,643 [toolkit.py] => data_path: data/imagenet-a
2026-09-13 15:49:06,644 [toolkit.py] => load: vit_base_patch16_224_in21k
2026-09-13 15:49:06,644 [toolkit.py] => init_cls: 20
2026-09-13 15:49:06,644 [toolkit.py] => increment: 20
2026-09-13 15:49:06,644 [toolkit.py] => sessions: 10
2026-09-13 15:49:06,644 [toolkit.py] => shuffle: False
2026-09-13 15:49:06,644 [toolkit.py] => method: ewclora_o
2026-09-13 15:49:06,644 [toolkit.py] => optimizer: adam
2026-09-13 15:49:06,644 [toolkit.py] => scheduler: cosine
2026-09-13 15:49:06,644 [toolkit.py] => epochs: 10
2026-09-13 15:49:06,644 [toolkit.py] => lrate: 0.0005
2026-09-13 15:49:06,644 [toolkit.py] => fc_lrate: 0.005
2026-09-13 15:49:06,644 [toolkit.py] => weight_decay: 0.0
2026-09-13 15:49:06,644 [toolkit.py] => batch_size: 128
2026-09-13 15:49:06,644 [toolkit.py] => rank: 10
2026-09-13 15:49:06,644 [toolkit.py] => num_workers: 16
2026-09-13 15:49:06,644 [toolkit.py] => gamma: 0.9
2026-09-13 15:49:06,644 [toolkit.py] => lambda: 10000000.0
2026-09-13 15:49:06,644 [toolkit.py] => lrate_head: 0
2026-09-13 15:49:06,644 [toolkit.py] => R: 0.5
2026-09-13 15:49:06,644 [toolkit.py] => lambda_o: 1e-08
2026-09-13 15:49:06,644 [toolkit.py] => lambda_s: 1e-08
2026-09-13 15:49:06,644 [toolkit.py] => mu: 1e-08
2026-09-13 15:49:06,644 [toolkit.py] => ortho_loss_typev2: True
2026-09-13 15:49:06,644 [toolkit.py] => logdir: logs/ewclora_o/imagenet-a/t10
2026-09-13 15:49:06,644 [toolkit.py] => logfilename: logs/ewclora_o/imagenet-a/t10/seed1997
2026-09-13 15:49:06,670 [data_manager.py] => Class index order: 0, 1, 2, 3, 4, ..., 195, 196, 197, 198, 199
2026-09-13 15:49:09,061 [trainer.py] => ================================================================================
2026-09-13 15:49:09,061 [trainer.py] => Dataset Information
2026-09-13 15:49:09,061 [trainer.py] => ================================================================================
2026-09-13 15:49:09,061 [trainer.py] =>   Dataset name     : imagenet-a
2026-09-13 15:49:09,061 [trainer.py] =>   Data path        : data/imagenet-a
2026-09-13 15:49:09,061 [trainer.py] =>   Total classes    : 200
2026-09-13 15:49:09,061 [trainer.py] =>   Total tasks      : 10
2026-09-13 15:49:09,061 [trainer.py] =>   Task increments  : [20, 20, 20, 20, 20, 20, 20, 20, 20, 20]
2026-09-13 15:49:09,061 [trainer.py] =>   Init classes     : 20
2026-09-13 15:49:09,061 [trainer.py] =>   Increment per task: 20
2026-09-13 15:49:09,061 [trainer.py] =>   Shuffle          : False
2026-09-13 15:49:09,061 [trainer.py] =>   Seed             : 1997
2026-09-13 15:49:09,061 [trainer.py] => --------------------------------------------------------------------------------
2026-09-13 15:49:09,061 [trainer.py] => Task split:
2026-09-13 15:49:09,062 [trainer.py] =>   Task 0: classes 0-19 (20 classes) | Train: 1253 images (5 batches), Test: 313 images (2 batches)
2026-09-13 15:49:09,063 [trainer.py] =>   Task 1: classes 20-39 (20 classes) | Train: 1000 images (4 batches), Test: 251 images (1 batches)
2026-09-13 15:49:09,064 [trainer.py] =>   Task 2: classes 40-59 (20 classes) | Train: 1000 images (4 batches), Test: 251 images (1 batches)
2026-09-13 15:49:09,065 [trainer.py] =>   Task 3: classes 60-79 (20 classes) | Train: 610 images (3 batches), Test: 151 images (1 batches)
2026-09-13 15:49:09,065 [trainer.py] =>   Task 4: classes 80-99 (20 classes) | Train: 426 images (2 batches), Test: 102 images (1 batches)
2026-09-13 15:49:09,066 [trainer.py] =>   Task 5: classes 100-119 (20 classes) | Train: 263 images (2 batches), Test: 68 images (1 batches)
2026-09-13 15:49:09,067 [trainer.py] =>   Task 6: classes 120-139 (20 classes) | Train: 351 images (2 batches), Test: 89 images (1 batches)
2026-09-13 15:49:09,067 [trainer.py] =>   Task 7: classes 140-159 (20 classes) | Train: 321 images (2 batches), Test: 81 images (1 batches)
2026-09-13 15:49:09,068 [trainer.py] =>   Task 8: classes 160-179 (20 classes) | Train: 391 images (2 batches), Test: 97 images (1 batches)
2026-09-13 15:49:09,068 [trainer.py] =>   Task 9: classes 180-199 (20 classes) | Train: 385 images (2 batches), Test: 97 images (1 batches)
2026-09-13 15:49:09,068 [trainer.py] => ================================================================================
2026-09-13 15:49:09,068 [trainer.py] => ================================================================================
2026-09-13 15:49:09,069 [base.py] => Task 0 learning on class 0-20
2026-09-13 15:49:09,635 [toolkit.py] => Total params:     103,855,643
2026-09-13 15:49:09,635 [toolkit.py] => Trainable params: 752,660
2026-09-13 15:49:09,635 [toolkit.py] => Trainable ratio:  0.7247%
2026-09-13 15:51:19,064 [ewclora_o.py] => Task 0, Epoch 10/10 => Loss 0.266, Train_accy 91.54
2026-09-13 15:51:19,066 [trainer.py] => Training time: 0h 2m 9s
2026-09-13 15:51:21,413 [trainer.py] => Evaluation time: 0h 0m 2s
2026-09-13 15:51:34,357 [trainer.py] => Accuracy: {'total': 86.9, '00-19': 86.9, 'old': 0, 'new': 86.9}
2026-09-13 15:51:34,357 [trainer.py] => (curve) top1 Acc: [86.9]
2026-09-13 15:51:34,358 [trainer.py] => Avergae Acc: 86.90
2026-09-13 15:51:34,358 [trainer.py] => (curve) top1 Acc with task: [86.9]
2026-09-13 15:51:34,358 [trainer.py] => Avergae Acc: 86.90
2026-09-13 15:51:34,358 [trainer.py] => (curve) top1 Acc task: [100.0]
2026-09-13 15:51:34,358 [trainer.py] => Avergae Acc: 100.00
2026-09-13 15:51:34,358 [trainer.py] => ================================================================================
2026-09-13 15:51:34,358 [trainer.py] => ================================================================================
2026-09-13 15:51:34,359 [base.py] => Task 1 learning on class 20-40
2026-09-13 15:51:34,364 [toolkit.py] => Total params:     103,855,643
2026-09-13 15:51:34,364 [toolkit.py] => Trainable params: 752,660
2026-09-13 15:51:34,364 [toolkit.py] => Trainable ratio:  0.7247%
2026-09-13 15:53:20,705 [ewclora_o.py] => Task 1, Epoch 10/10 => Loss 0.246, Train_accy 92.20
2026-09-13 15:53:20,708 [trainer.py] => Training time: 0h 1m 46s
2026-09-13 15:53:24,040 [trainer.py] => Evaluation time: 0h 0m 3s
2026-09-13 15:53:34,138 [trainer.py] => Accuracy: {'total': 79.96, '00-19': 79.87, '20-39': 80.08, 'old': 79.87, 'new': 80.08}
2026-09-13 15:53:34,138 [trainer.py] => (curve) top1 Acc: [86.9, 79.96]
2026-09-13 15:53:34,138 [trainer.py] => Avergae Acc: 83.43
2026-09-13 15:53:34,138 [trainer.py] => (curve) top1 Acc with task: [86.9, 87.23]
2026-09-13 15:53:34,139 [trainer.py] => Avergae Acc: 87.06
2026-09-13 15:53:34,139 [trainer.py] => (curve) top1 Acc task: [100.0, 88.48]
2026-09-13 15:53:34,139 [trainer.py] => Avergae Acc: 94.24
2026-09-13 15:53:34,139 [trainer.py] => ================================================================================
2026-09-13 15:53:34,139 [trainer.py] => ================================================================================
2026-09-13 15:53:34,140 [base.py] => Task 2 learning on class 40-60
2026-09-13 15:53:34,145 [toolkit.py] => Total params:     103,855,643
2026-09-13 15:53:34,145 [toolkit.py] => Trainable params: 752,660
2026-09-13 15:53:34,145 [toolkit.py] => Trainable ratio:  0.7247%
2026-09-13 15:55:20,787 [ewclora_o.py] => Task 2, Epoch 10/10 => Loss 0.362, Train_accy 89.60
2026-09-13 15:55:20,791 [trainer.py] => Training time: 0h 1m 46s
2026-09-13 15:55:25,117 [trainer.py] => Evaluation time: 0h 0m 4s
2026-09-13 15:55:35,214 [trainer.py] => Accuracy: {'total': 75.21, '00-19': 78.59, '20-39': 80.48, '40-59': 65.74, 'old': 79.43, 'new': 65.74}
2026-09-13 15:55:35,214 [trainer.py] => (curve) top1 Acc: [86.9, 79.96, 75.21]
2026-09-13 15:55:35,214 [trainer.py] => Avergae Acc: 80.69
2026-09-13 15:55:35,214 [trainer.py] => (curve) top1 Acc with task: [86.9, 87.23, 84.05]
2026-09-13 15:55:35,214 [trainer.py] => Avergae Acc: 86.06
2026-09-13 15:55:35,214 [trainer.py] => (curve) top1 Acc task: [100.0, 88.48, 84.29]
2026-09-13 15:55:35,215 [trainer.py] => Avergae Acc: 90.92
2026-09-13 15:55:35,215 [trainer.py] => ================================================================================
2026-09-13 15:55:35,215 [trainer.py] => ================================================================================
2026-09-13 15:55:35,216 [base.py] => Task 3 learning on class 60-80
2026-09-13 15:55:35,225 [toolkit.py] => Total params:     103,855,643
2026-09-13 15:55:35,225 [toolkit.py] => Trainable params: 752,660
2026-09-13 15:55:35,225 [toolkit.py] => Trainable ratio:  0.7247%
2026-09-13 15:56:44,557 [ewclora_o.py] => Task 3, Epoch 10/10 => Loss 0.275, Train_accy 91.15
2026-09-13 15:56:44,560 [trainer.py] => Training time: 0h 1m 9s
2026-09-13 15:56:49,387 [trainer.py] => Evaluation time: 0h 0m 4s
2026-09-13 15:56:55,809 [trainer.py] => Accuracy: {'total': 74.43, '00-19': 77.32, '20-39': 80.08, '40-59': 63.75, '60-79': 76.82, 'old': 73.99, 'new': 76.82}
2026-09-13 15:56:55,809 [trainer.py] => (curve) top1 Acc: [86.9, 79.96, 75.21, 74.43]
2026-09-13 15:56:55,809 [trainer.py] => Avergae Acc: 79.12
2026-09-13 15:56:55,809 [trainer.py] => (curve) top1 Acc with task: [86.9, 87.23, 84.05, 84.99]
2026-09-13 15:56:55,809 [trainer.py] => Avergae Acc: 85.79
2026-09-13 15:56:55,809 [trainer.py] => (curve) top1 Acc task: [100.0, 88.48, 84.29, 82.19]
2026-09-13 15:56:55,809 [trainer.py] => Avergae Acc: 88.74
2026-09-13 15:56:55,809 [trainer.py] => ================================================================================
2026-09-13 15:56:55,809 [trainer.py] => ================================================================================
2026-09-13 15:56:55,810 [base.py] => Task 4 learning on class 80-100
2026-09-13 15:56:55,815 [toolkit.py] => Total params:     103,855,643
2026-09-13 15:56:55,815 [toolkit.py] => Trainable params: 752,660
2026-09-13 15:56:55,815 [toolkit.py] => Trainable ratio:  0.7247%
2026-09-13 15:57:46,767 [ewclora_o.py] => Task 4, Epoch 10/10 => Loss 0.164, Train_accy 95.54
2026-09-13 15:57:46,770 [trainer.py] => Training time: 0h 0m 50s
2026-09-13 15:57:51,991 [trainer.py] => Evaluation time: 0h 0m 5s
2026-09-13 15:57:56,854 [trainer.py] => Accuracy: {'total': 71.44, '00-19': 76.36, '20-39': 78.49, '40-59': 64.14, '60-79': 76.82, '80-99': 49.02, 'old': 73.81, 'new': 49.02}
2026-09-13 15:57:56,854 [trainer.py] => (curve) top1 Acc: [86.9, 79.96, 75.21, 74.43, 71.44]
2026-09-13 15:57:56,854 [trainer.py] => Avergae Acc: 77.59
2026-09-13 15:57:56,854 [trainer.py] => (curve) top1 Acc with task: [86.9, 87.23, 84.05, 84.99, 82.96]
2026-09-13 15:57:56,854 [trainer.py] => Avergae Acc: 85.23
2026-09-13 15:57:56,854 [trainer.py] => (curve) top1 Acc task: [100.0, 88.48, 84.29, 82.19, 79.49]
2026-09-13 15:57:56,854 [trainer.py] => Avergae Acc: 86.89
2026-09-13 15:57:56,854 [trainer.py] => ================================================================================
2026-09-13 15:57:56,854 [trainer.py] => ================================================================================
2026-09-13 15:57:56,855 [base.py] => Task 5 learning on class 100-120
2026-09-13 15:57:56,860 [toolkit.py] => Total params:     103,855,643
2026-09-13 15:57:56,860 [toolkit.py] => Trainable params: 752,660
2026-09-13 15:57:56,860 [toolkit.py] => Trainable ratio:  0.7247%
2026-09-13 15:58:32,418 [ewclora_o.py] => Task 5, Epoch 10/10 => Loss 0.184, Train_accy 92.40
2026-09-13 15:58:32,421 [trainer.py] => Training time: 0h 0m 35s
2026-09-13 15:58:37,895 [trainer.py] => Evaluation time: 0h 0m 5s
2026-09-13 15:58:41,403 [trainer.py] => Accuracy: {'total': 68.31, '00-19': 77.32, '20-39': 77.69, '40-59': 62.55, '60-79': 76.82, '80-99': 49.02, '100-119': 23.53, 'old': 71.16, 'new': 23.53}
2026-09-13 15:58:41,404 [trainer.py] => (curve) top1 Acc: [86.9, 79.96, 75.21, 74.43, 71.44, 68.31]
2026-09-13 15:58:41,404 [trainer.py] => Avergae Acc: 76.04
2026-09-13 15:58:41,404 [trainer.py] => (curve) top1 Acc with task: [86.9, 87.23, 84.05, 84.99, 82.96, 81.16]
2026-09-13 15:58:41,404 [trainer.py] => Avergae Acc: 84.55
2026-09-13 15:58:41,404 [trainer.py] => (curve) top1 Acc task: [100.0, 88.48, 84.29, 82.19, 79.49, 76.41]
2026-09-13 15:58:41,404 [trainer.py] => Avergae Acc: 85.14
2026-09-13 15:58:41,404 [trainer.py] => ================================================================================
2026-09-13 15:58:41,404 [trainer.py] => ================================================================================
2026-09-13 15:58:41,405 [base.py] => Task 6 learning on class 120-140
2026-09-13 15:58:41,410 [toolkit.py] => Total params:     103,855,643
2026-09-13 15:58:41,410 [toolkit.py] => Trainable params: 752,660
2026-09-13 15:58:41,410 [toolkit.py] => Trainable ratio:  0.7247%
2026-09-13 15:59:24,998 [ewclora_o.py] => Task 6, Epoch 10/10 => Loss 0.185, Train_accy 94.87
2026-09-13 15:59:25,001 [trainer.py] => Training time: 0h 0m 43s
2026-09-13 15:59:30,777 [trainer.py] => Evaluation time: 0h 0m 5s
2026-09-13 15:59:34,790 [trainer.py] => Accuracy: {'total': 66.04, '00-19': 76.68, '20-39': 78.09, '40-59': 61.75, '60-79': 76.82, '80-99': 42.16, '100-119': 23.53, '120-139': 48.31, 'old': 67.43, 'new': 48.31}
2026-09-13 15:59:34,790 [trainer.py] => (curve) top1 Acc: [86.9, 79.96, 75.21, 74.43, 71.44, 68.31, 66.04]
2026-09-13 15:59:34,790 [trainer.py] => Avergae Acc: 74.61
2026-09-13 15:59:34,790 [trainer.py] => (curve) top1 Acc with task: [86.9, 87.23, 84.05, 84.99, 82.96, 81.16, 79.92]
2026-09-13 15:59:34,790 [trainer.py] => Avergae Acc: 83.89
2026-09-13 15:59:34,790 [trainer.py] => (curve) top1 Acc task: [100.0, 88.48, 84.29, 82.19, 79.49, 76.41, 73.71]
2026-09-13 15:59:34,790 [trainer.py] => Avergae Acc: 83.51
2026-09-13 15:59:34,790 [trainer.py] => ================================================================================
2026-09-13 15:59:34,790 [trainer.py] => ================================================================================
2026-09-13 15:59:34,791 [base.py] => Task 7 learning on class 140-160
2026-09-13 15:59:34,796 [toolkit.py] => Total params:     103,855,643
2026-09-13 15:59:34,796 [toolkit.py] => Trainable params: 752,660
2026-09-13 15:59:34,796 [toolkit.py] => Trainable ratio:  0.7247%
2026-09-13 16:00:15,386 [ewclora_o.py] => Task 7, Epoch 10/10 => Loss 0.145, Train_accy 95.64
2026-09-13 16:00:15,389 [trainer.py] => Training time: 0h 0m 40s
2026-09-13 16:00:21,497 [trainer.py] => Evaluation time: 0h 0m 6s
2026-09-13 16:00:25,281 [trainer.py] => Accuracy: {'total': 63.94, '00-19': 75.4, '20-39': 77.29, '40-59': 63.35, '60-79': 76.16, '80-99': 41.18, '100-119': 25.0, '120-139': 44.94, '140-159': 39.51, 'old': 65.55, 'new': 39.51}
2026-09-13 16:00:25,281 [trainer.py] => (curve) top1 Acc: [86.9, 79.96, 75.21, 74.43, 71.44, 68.31, 66.04, 63.94]
2026-09-13 16:00:25,281 [trainer.py] => Avergae Acc: 73.28
2026-09-13 16:00:25,282 [trainer.py] => (curve) top1 Acc with task: [86.9, 87.23, 84.05, 84.99, 82.96, 81.16, 79.92, 79.1]
2026-09-13 16:00:25,282 [trainer.py] => Avergae Acc: 83.29
2026-09-13 16:00:25,282 [trainer.py] => (curve) top1 Acc task: [100.0, 88.48, 84.29, 82.19, 79.49, 76.41, 73.71, 70.67]
2026-09-13 16:00:25,282 [trainer.py] => Avergae Acc: 81.91
2026-09-13 16:00:25,282 [trainer.py] => ================================================================================
2026-09-13 16:00:25,282 [trainer.py] => ================================================================================
2026-09-13 16:00:25,282 [base.py] => Task 8 learning on class 160-180
2026-09-13 16:00:25,287 [toolkit.py] => Total params:     103,855,643
2026-09-13 16:00:25,287 [toolkit.py] => Trainable params: 752,660
2026-09-13 16:00:25,287 [toolkit.py] => Trainable ratio:  0.7247%
2026-09-13 16:01:12,772 [ewclora_o.py] => Task 8, Epoch 10/10 => Loss 0.194, Train_accy 93.09
2026-09-13 16:01:12,775 [trainer.py] => Training time: 0h 0m 47s
2026-09-13 16:01:19,255 [trainer.py] => Evaluation time: 0h 0m 6s
2026-09-13 16:01:23,960 [trainer.py] => Accuracy: {'total': 60.94, '00-19': 74.76, '20-39': 77.29, '40-59': 61.75, '60-79': 76.16, '80-99': 39.22, '100-119': 22.06, '120-139': 41.57, '140-159': 38.27, '160-179': 35.05, 'old': 62.86, 'new': 35.05}
2026-09-13 16:01:23,960 [trainer.py] => (curve) top1 Acc: [86.9, 79.96, 75.21, 74.43, 71.44, 68.31, 66.04, 63.94, 60.94]
2026-09-13 16:01:23,960 [trainer.py] => Avergae Acc: 71.91
2026-09-13 16:01:23,960 [trainer.py] => (curve) top1 Acc with task: [86.9, 87.23, 84.05, 84.99, 82.96, 81.16, 79.92, 79.1, 77.76]
2026-09-13 16:01:23,960 [trainer.py] => Avergae Acc: 82.67
2026-09-13 16:01:23,960 [trainer.py] => (curve) top1 Acc task: [100.0, 88.48, 84.29, 82.19, 79.49, 76.41, 73.71, 70.67, 67.78]
2026-09-13 16:01:23,960 [trainer.py] => Avergae Acc: 80.34
2026-09-13 16:01:23,960 [trainer.py] => ================================================================================
2026-09-13 16:01:23,961 [trainer.py] => ================================================================================
2026-09-13 16:01:23,961 [base.py] => Task 9 learning on class 180-200
2026-09-13 16:01:23,966 [toolkit.py] => Total params:     103,855,643
2026-09-13 16:01:23,966 [toolkit.py] => Trainable params: 752,660
2026-09-13 16:01:23,966 [toolkit.py] => Trainable ratio:  0.7247%
2026-09-13 16:02:11,527 [ewclora_o.py] => Task 9, Epoch 10/10 => Loss 0.672, Train_accy 95.58
2026-09-13 16:02:11,530 [trainer.py] => Training time: 0h 0m 47s
2026-09-13 16:02:18,298 [trainer.py] => Evaluation time: 0h 0m 6s
2026-09-13 16:02:22,963 [trainer.py] => Accuracy: {'total': 59.33, '00-19': 75.4, '20-39': 76.89, '40-59': 60.96, '60-79': 74.17, '80-99': 38.24, '100-119': 23.53, '120-139': 40.45, '140-159': 33.33, '160-179': 31.96, '180-199': 48.45, 'old': 60.09, 'new': 48.45}
2026-09-13 16:02:22,963 [trainer.py] => (curve) top1 Acc: [86.9, 79.96, 75.21, 74.43, 71.44, 68.31, 66.04, 63.94, 60.94, 59.33]
2026-09-13 16:02:22,963 [trainer.py] => Avergae Acc: 70.65
2026-09-13 16:02:22,963 [trainer.py] => (curve) top1 Acc with task: [86.9, 87.23, 84.05, 84.99, 82.96, 81.16, 79.92, 79.1, 77.76, 77.2]
2026-09-13 16:02:22,963 [trainer.py] => Avergae Acc: 82.13
2026-09-13 16:02:22,963 [trainer.py] => (curve) top1 Acc task: [100.0, 88.48, 84.29, 82.19, 79.49, 76.41, 73.71, 70.67, 67.78, 65.93]
2026-09-13 16:02:22,963 [trainer.py] => Avergae Acc: 78.90
2026-09-13 16:02:22,963 [trainer.py] => ================================================================================
2026-09-13 16:21:59,279 [toolkit.py] => config: configs/ewclora_ov4/imagenet-a_seed=1997_lo=0.0000001_ls_0.0000001_mu=0.0000001.json
2026-09-13 16:21:59,280 [toolkit.py] => device: [device(type='cuda', index=4)]
2026-09-13 16:21:59,280 [toolkit.py] => debug: False
2026-09-13 16:21:59,280 [toolkit.py] => save_ckp: False
2026-09-13 16:21:59,280 [toolkit.py] => moe_list: None
2026-09-13 16:21:59,280 [toolkit.py] => seed: 1997
2026-09-13 16:21:59,280 [toolkit.py] => dataset: imagenet-a
2026-09-13 16:21:59,280 [toolkit.py] => data_path: data/imagenet-a
2026-09-13 16:21:59,280 [toolkit.py] => load: vit_base_patch16_224_in21k
2026-09-13 16:21:59,280 [toolkit.py] => init_cls: 20
2026-09-13 16:21:59,280 [toolkit.py] => increment: 20
2026-09-13 16:21:59,280 [toolkit.py] => sessions: 10
2026-09-13 16:21:59,280 [toolkit.py] => shuffle: False
2026-09-13 16:21:59,280 [toolkit.py] => method: ewclora_o
2026-09-13 16:21:59,280 [toolkit.py] => optimizer: adam
2026-09-13 16:21:59,280 [toolkit.py] => scheduler: cosine
2026-09-13 16:21:59,280 [toolkit.py] => epochs: 10
2026-09-13 16:21:59,280 [toolkit.py] => lrate: 0.0005
2026-09-13 16:21:59,280 [toolkit.py] => fc_lrate: 0.005
2026-09-13 16:21:59,280 [toolkit.py] => weight_decay: 0.0
2026-09-13 16:21:59,280 [toolkit.py] => batch_size: 128
2026-09-13 16:21:59,280 [toolkit.py] => rank: 10
2026-09-13 16:21:59,280 [toolkit.py] => num_workers: 16
2026-09-13 16:21:59,280 [toolkit.py] => gamma: 0.9
2026-09-13 16:21:59,280 [toolkit.py] => lambda: 10000000.0
2026-09-13 16:21:59,280 [toolkit.py] => lrate_head: 0
2026-09-13 16:21:59,280 [toolkit.py] => R: 0.5
2026-09-13 16:21:59,280 [toolkit.py] => lambda_o: 1e-07
2026-09-13 16:21:59,280 [toolkit.py] => lambda_s: 1e-07
2026-09-13 16:21:59,281 [toolkit.py] => mu: 1e-07
2026-09-13 16:21:59,281 [toolkit.py] => ortho_loss_typev2: True
2026-09-13 16:21:59,281 [toolkit.py] => logdir: logs/ewclora_o/imagenet-a/t10
2026-09-13 16:21:59,281 [toolkit.py] => logfilename: logs/ewclora_o/imagenet-a/t10/seed1997
2026-09-13 16:21:59,306 [data_manager.py] => Class index order: 0, 1, 2, 3, 4, ..., 195, 196, 197, 198, 199
2026-09-13 16:22:01,415 [trainer.py] => ================================================================================
2026-09-13 16:22:01,415 [trainer.py] => Dataset Information
2026-09-13 16:22:01,415 [trainer.py] => ================================================================================
2026-09-13 16:22:01,415 [trainer.py] =>   Dataset name     : imagenet-a
2026-09-13 16:22:01,416 [trainer.py] =>   Data path        : data/imagenet-a
2026-09-13 16:22:01,416 [trainer.py] =>   Total classes    : 200
2026-09-13 16:22:01,416 [trainer.py] =>   Total tasks      : 10
2026-09-13 16:22:01,416 [trainer.py] =>   Task increments  : [20, 20, 20, 20, 20, 20, 20, 20, 20, 20]
2026-09-13 16:22:01,416 [trainer.py] =>   Init classes     : 20
2026-09-13 16:22:01,416 [trainer.py] =>   Increment per task: 20
2026-09-13 16:22:01,416 [trainer.py] =>   Shuffle          : False
2026-09-13 16:22:01,416 [trainer.py] =>   Seed             : 1997
2026-09-13 16:22:01,416 [trainer.py] => --------------------------------------------------------------------------------
2026-09-13 16:22:01,416 [trainer.py] => Task split:
2026-09-13 16:22:01,417 [trainer.py] =>   Task 0: classes 0-19 (20 classes) | Train: 1253 images (5 batches), Test: 313 images (2 batches)
2026-09-13 16:22:01,417 [trainer.py] =>   Task 1: classes 20-39 (20 classes) | Train: 1000 images (4 batches), Test: 251 images (1 batches)
2026-09-13 16:22:01,418 [trainer.py] =>   Task 2: classes 40-59 (20 classes) | Train: 1000 images (4 batches), Test: 251 images (1 batches)
2026-09-13 16:22:01,419 [trainer.py] =>   Task 3: classes 60-79 (20 classes) | Train: 610 images (3 batches), Test: 151 images (1 batches)
2026-09-13 16:22:01,419 [trainer.py] =>   Task 4: classes 80-99 (20 classes) | Train: 426 images (2 batches), Test: 102 images (1 batches)
2026-09-13 16:22:01,420 [trainer.py] =>   Task 5: classes 100-119 (20 classes) | Train: 263 images (2 batches), Test: 68 images (1 batches)
2026-09-13 16:22:01,420 [trainer.py] =>   Task 6: classes 120-139 (20 classes) | Train: 351 images (2 batches), Test: 89 images (1 batches)
2026-09-13 16:22:01,421 [trainer.py] =>   Task 7: classes 140-159 (20 classes) | Train: 321 images (2 batches), Test: 81 images (1 batches)
2026-09-13 16:22:01,421 [trainer.py] =>   Task 8: classes 160-179 (20 classes) | Train: 391 images (2 batches), Test: 97 images (1 batches)
2026-09-13 16:22:01,422 [trainer.py] =>   Task 9: classes 180-199 (20 classes) | Train: 385 images (2 batches), Test: 97 images (1 batches)
2026-09-13 16:22:01,422 [trainer.py] => ================================================================================
2026-09-13 16:22:01,422 [trainer.py] => ================================================================================
2026-09-13 16:22:01,422 [base.py] => Task 0 learning on class 0-20
2026-09-13 16:22:01,868 [toolkit.py] => Total params:     103,855,643
2026-09-13 16:22:01,868 [toolkit.py] => Trainable params: 752,660
2026-09-13 16:22:01,868 [toolkit.py] => Trainable ratio:  0.7247%
2026-09-13 16:22:40,547 [toolkit.py] => config: configs/ewclora_ov4/imagenet-a_seed=1997_lo=0.00000001_ls_0.00000001_mu=0.00000001.json
2026-09-13 16:22:40,547 [toolkit.py] => device: [device(type='cuda', index=4)]
2026-09-13 16:22:40,547 [toolkit.py] => debug: False
2026-09-13 16:22:40,547 [toolkit.py] => save_ckp: False
2026-09-13 16:22:40,547 [toolkit.py] => moe_list: None
2026-09-13 16:22:40,547 [toolkit.py] => seed: 1997
2026-09-13 16:22:40,547 [toolkit.py] => dataset: imagenet-a
2026-09-13 16:22:40,547 [toolkit.py] => data_path: data/imagenet-a
2026-09-13 16:22:40,547 [toolkit.py] => load: vit_base_patch16_224_in21k
2026-09-13 16:22:40,547 [toolkit.py] => init_cls: 20
2026-09-13 16:22:40,547 [toolkit.py] => increment: 20
2026-09-13 16:22:40,547 [toolkit.py] => sessions: 10
2026-09-13 16:22:40,547 [toolkit.py] => shuffle: False
2026-09-13 16:22:40,547 [toolkit.py] => method: ewclora_o
2026-09-13 16:22:40,547 [toolkit.py] => optimizer: adam
2026-09-13 16:22:40,547 [toolkit.py] => scheduler: cosine
2026-09-13 16:22:40,547 [toolkit.py] => epochs: 10
2026-09-13 16:22:40,547 [toolkit.py] => lrate: 0.0005
2026-09-13 16:22:40,547 [toolkit.py] => fc_lrate: 0.005
2026-09-13 16:22:40,547 [toolkit.py] => weight_decay: 0.0
2026-09-13 16:22:40,547 [toolkit.py] => batch_size: 128
2026-09-13 16:22:40,547 [toolkit.py] => rank: 10
2026-09-13 16:22:40,547 [toolkit.py] => num_workers: 16
2026-09-13 16:22:40,547 [toolkit.py] => gamma: 0.9
2026-09-13 16:22:40,547 [toolkit.py] => lambda: 10000000.0
2026-09-13 16:22:40,547 [toolkit.py] => lrate_head: 0
2026-09-13 16:22:40,548 [toolkit.py] => R: 0.5
2026-09-13 16:22:40,548 [toolkit.py] => lambda_o: 1e-08
2026-09-13 16:22:40,548 [toolkit.py] => lambda_s: 1e-08
2026-09-13 16:22:40,548 [toolkit.py] => mu: 1e-08
2026-09-13 16:22:40,548 [toolkit.py] => ortho_loss_typev2: True
2026-09-13 16:22:40,548 [toolkit.py] => logdir: logs/ewclora_o/imagenet-a/t10
2026-09-13 16:22:40,548 [toolkit.py] => logfilename: logs/ewclora_o/imagenet-a/t10/seed1997
2026-09-13 16:22:40,573 [data_manager.py] => Class index order: 0, 1, 2, 3, 4, ..., 195, 196, 197, 198, 199
2026-09-13 16:22:42,714 [trainer.py] => ================================================================================
2026-09-13 16:22:42,715 [trainer.py] => Dataset Information
2026-09-13 16:22:42,715 [trainer.py] => ================================================================================
2026-09-13 16:22:42,715 [trainer.py] =>   Dataset name     : imagenet-a
2026-09-13 16:22:42,715 [trainer.py] =>   Data path        : data/imagenet-a
2026-09-13 16:22:42,715 [trainer.py] =>   Total classes    : 200
2026-09-13 16:22:42,715 [trainer.py] =>   Total tasks      : 10
2026-09-13 16:22:42,715 [trainer.py] =>   Task increments  : [20, 20, 20, 20, 20, 20, 20, 20, 20, 20]
2026-09-13 16:22:42,715 [trainer.py] =>   Init classes     : 20
2026-09-13 16:22:42,715 [trainer.py] =>   Increment per task: 20
2026-09-13 16:22:42,715 [trainer.py] =>   Shuffle          : False
2026-09-13 16:22:42,715 [trainer.py] =>   Seed             : 1997
2026-09-13 16:22:42,715 [trainer.py] => --------------------------------------------------------------------------------
2026-09-13 16:22:42,715 [trainer.py] => Task split:
2026-09-13 16:22:42,716 [trainer.py] =>   Task 0: classes 0-19 (20 classes) | Train: 1253 images (5 batches), Test: 313 images (2 batches)
2026-09-13 16:22:42,717 [trainer.py] =>   Task 1: classes 20-39 (20 classes) | Train: 1000 images (4 batches), Test: 251 images (1 batches)
2026-09-13 16:22:42,717 [trainer.py] =>   Task 2: classes 40-59 (20 classes) | Train: 1000 images (4 batches), Test: 251 images (1 batches)
2026-09-13 16:22:42,718 [trainer.py] =>   Task 3: classes 60-79 (20 classes) | Train: 610 images (3 batches), Test: 151 images (1 batches)
2026-09-13 16:22:42,718 [trainer.py] =>   Task 4: classes 80-99 (20 classes) | Train: 426 images (2 batches), Test: 102 images (1 batches)
2026-09-13 16:22:42,719 [trainer.py] =>   Task 5: classes 100-119 (20 classes) | Train: 263 images (2 batches), Test: 68 images (1 batches)
2026-09-13 16:22:42,719 [trainer.py] =>   Task 6: classes 120-139 (20 classes) | Train: 351 images (2 batches), Test: 89 images (1 batches)
2026-09-13 16:22:42,720 [trainer.py] =>   Task 7: classes 140-159 (20 classes) | Train: 321 images (2 batches), Test: 81 images (1 batches)
2026-09-13 16:22:42,721 [trainer.py] =>   Task 8: classes 160-179 (20 classes) | Train: 391 images (2 batches), Test: 97 images (1 batches)
2026-09-13 16:22:42,721 [trainer.py] =>   Task 9: classes 180-199 (20 classes) | Train: 385 images (2 batches), Test: 97 images (1 batches)
2026-09-13 16:22:42,721 [trainer.py] => ================================================================================
2026-09-13 16:22:42,721 [trainer.py] => ================================================================================
2026-09-13 16:22:42,722 [base.py] => Task 0 learning on class 0-20
2026-09-13 16:22:43,405 [toolkit.py] => Total params:     103,855,643
2026-09-13 16:22:43,406 [toolkit.py] => Trainable params: 752,660
2026-09-13 16:22:43,406 [toolkit.py] => Trainable ratio:  0.7247%
