2026-09-14 03:23:06,646 [toolkit.py] => config: configs/ewclora_ov4/domain_seed=1997_lo=0.1_ls_0.1_mu=0.1.json
2026-09-14 03:23:06,646 [toolkit.py] => device: [device(type='cuda', index=5)]
2026-09-14 03:23:06,647 [toolkit.py] => debug: False
2026-09-14 03:23:06,647 [toolkit.py] => save_ckp: False
2026-09-14 03:23:06,647 [toolkit.py] => moe_list: None
2026-09-14 03:23:06,647 [toolkit.py] => seed: 1997
2026-09-14 03:23:06,647 [toolkit.py] => dataset: domainnet
2026-09-14 03:23:06,647 [toolkit.py] => data_path: data/domainnet
2026-09-14 03:23:06,647 [toolkit.py] => load: vit_base_patch16_224_in21k
2026-09-14 03:23:06,647 [toolkit.py] => init_cls: 69
2026-09-14 03:23:06,647 [toolkit.py] => increment: 69
2026-09-14 03:23:06,647 [toolkit.py] => sessions: 5
2026-09-14 03:23:06,647 [toolkit.py] => shuffle: False
2026-09-14 03:23:06,647 [toolkit.py] => method: ewclora_o
2026-09-14 03:23:06,647 [toolkit.py] => optimizer: adam
2026-09-14 03:23:06,647 [toolkit.py] => scheduler: cosine
2026-09-14 03:23:06,647 [toolkit.py] => epochs: 5
2026-09-14 03:23:06,647 [toolkit.py] => lrate: 0.0005
2026-09-14 03:23:06,647 [toolkit.py] => fc_lrate: 0.005
2026-09-14 03:23:06,647 [toolkit.py] => weight_decay: 0.0
2026-09-14 03:23:06,647 [toolkit.py] => batch_size: 128
2026-09-14 03:23:06,647 [toolkit.py] => rank: 30
2026-09-14 03:23:06,647 [toolkit.py] => num_workers: 16
2026-09-14 03:23:06,647 [toolkit.py] => gamma: 0.9
2026-09-14 03:23:06,648 [toolkit.py] => lambda: 10000000.0
2026-09-14 03:23:06,648 [toolkit.py] => lrate_head: 0
2026-09-14 03:23:06,648 [toolkit.py] => R: 0.5
2026-09-14 03:23:06,648 [toolkit.py] => ortho_loss_type: True
2026-09-14 03:23:06,648 [toolkit.py] => ortho_loss_weight: 0.09
2026-09-14 03:23:06,648 [toolkit.py] => lambda_o: 0.1
2026-09-14 03:23:06,648 [toolkit.py] => lambda_s: 0.1
2026-09-14 03:23:06,648 [toolkit.py] => mu: 0.1
2026-09-14 03:23:06,648 [toolkit.py] => logdir: logs/ewclora_o/domainnet/t5
2026-09-14 03:23:06,648 [toolkit.py] => logfilename: logs/ewclora_o/domainnet/t5/seed1997
2026-09-14 03:23:07,477 [data_manager.py] => Class index order: 0, 1, 2, 3, 4, ..., 340, 341, 342, 343, 344
2026-09-14 03:23:41,543 [trainer.py] => ================================================================================
2026-09-14 03:23:41,543 [trainer.py] => Dataset Information
2026-09-14 03:23:41,543 [trainer.py] => ================================================================================
2026-09-14 03:23:41,543 [trainer.py] =>   Dataset name     : domainnet
2026-09-14 03:23:41,544 [trainer.py] =>   Data path        : data/domainnet
2026-09-14 03:23:41,544 [trainer.py] =>   Total classes    : 345
2026-09-14 03:23:41,544 [trainer.py] =>   Total tasks      : 5
2026-09-14 03:23:41,544 [trainer.py] =>   Task increments  : [69, 69, 69, 69, 69]
2026-09-14 03:23:41,544 [trainer.py] =>   Init classes     : 69
2026-09-14 03:23:41,544 [trainer.py] =>   Increment per task: 69
2026-09-14 03:23:41,544 [trainer.py] =>   Shuffle          : False
2026-09-14 03:23:41,544 [trainer.py] =>   Seed             : 1997
2026-09-14 03:23:41,544 [trainer.py] => --------------------------------------------------------------------------------
2026-09-14 03:23:41,544 [trainer.py] => Task split:
2026-09-14 03:23:41,653 [trainer.py] =>   Task 0: classes 0-68 (69 classes) | Train: 67628 images (265 batches), Test: 17009 images (67 batches)
2026-09-14 03:23:41,723 [trainer.py] =>   Task 1: classes 69-137 (69 classes) | Train: 65335 images (256 batches), Test: 16374 images (64 batches)
2026-09-14 03:23:41,788 [trainer.py] =>   Task 2: classes 138-206 (69 classes) | Train: 70512 images (276 batches), Test: 17747 images (70 batches)
2026-09-14 03:23:41,851 [trainer.py] =>   Task 3: classes 207-275 (69 classes) | Train: 68362 images (268 batches), Test: 16831 images (66 batches)
2026-09-14 03:23:41,916 [trainer.py] =>   Task 4: classes 276-344 (69 classes) | Train: 66967 images (262 batches), Test: 16741 images (66 batches)
2026-09-14 03:23:41,917 [trainer.py] => ================================================================================
2026-09-14 03:23:41,917 [trainer.py] => ================================================================================
2026-09-14 03:23:41,970 [base.py] => Task 0 learning on class 0-69
2026-09-14 03:23:42,722 [toolkit.py] => Total params:     106,178,988
2026-09-14 03:23:42,722 [toolkit.py] => Trainable params: 2,264,901
2026-09-14 03:23:42,722 [toolkit.py] => Trainable ratio:  2.1331%
2026-09-14 04:29:37,766 [ewclora_o.py] => Task 0, Epoch 5/5 => Loss 0.470, Train_accy 87.81
2026-09-14 04:29:37,768 [trainer.py] => Training time: 1h 5m 55s
2026-09-14 04:31:08,912 [trainer.py] => Evaluation time: 0h 1m 31s
2026-09-14 04:42:51,678 [trainer.py] => Accuracy: {'total': 87.92, '00-68': 87.92, 'old': 0, 'new': 87.92}
2026-09-14 04:42:51,679 [trainer.py] => (curve) top1 Acc: [87.92]
2026-09-14 04:42:51,679 [trainer.py] => Avergae Acc: 87.92
2026-09-14 04:42:51,679 [trainer.py] => (curve) top1 Acc with task: [87.92]
2026-09-14 04:42:51,679 [trainer.py] => Avergae Acc: 87.92
2026-09-14 04:42:51,679 [trainer.py] => (curve) top1 Acc task: [100.0]
2026-09-14 04:42:51,679 [trainer.py] => Avergae Acc: 100.00
2026-09-14 04:42:51,679 [trainer.py] => ================================================================================
2026-09-14 04:42:51,679 [trainer.py] => ================================================================================
2026-09-14 04:42:51,740 [base.py] => Task 1 learning on class 69-138
2026-09-14 04:42:51,745 [toolkit.py] => Total params:     106,178,988
2026-09-14 04:42:51,745 [toolkit.py] => Trainable params: 2,264,901
2026-09-14 04:42:51,745 [toolkit.py] => Trainable ratio:  2.1331%
2026-09-14 05:42:42,207 [ewclora_o.py] => Task 1, Epoch 5/5 => Loss 0.822, Train_accy 86.10, Ortho 0.0862
2026-09-14 05:42:42,210 [trainer.py] => Training time: 0h 59m 50s
2026-09-14 05:44:49,496 [trainer.py] => Evaluation time: 0h 2m 7s
2026-09-14 05:56:29,390 [trainer.py] => Accuracy: {'total': 82.71, '00-68': 83.47, '69-137': 81.93, 'old': 83.47, 'new': 81.93}
2026-09-14 05:56:29,474 [trainer.py] => (curve) top1 Acc: [87.92, 82.71]
2026-09-14 05:56:29,568 [trainer.py] => Avergae Acc: 85.31
2026-09-14 05:56:29,568 [trainer.py] => (curve) top1 Acc with task: [87.92, 87.73]
2026-09-14 05:56:29,568 [trainer.py] => Avergae Acc: 87.83
2026-09-14 05:56:29,569 [trainer.py] => (curve) top1 Acc task: [100.0, 89.87]
2026-09-14 05:56:29,569 [trainer.py] => Avergae Acc: 94.94
2026-09-14 05:56:29,569 [trainer.py] => ================================================================================
2026-09-14 05:56:29,569 [trainer.py] => ================================================================================
2026-09-14 05:57:16,569 [base.py] => Task 2 learning on class 138-207
2026-09-14 05:57:16,644 [toolkit.py] => Total params:     106,178,988
2026-09-14 05:57:16,644 [toolkit.py] => Trainable params: 2,264,901
2026-09-14 05:57:16,644 [toolkit.py] => Trainable ratio:  2.1331%
2026-09-14 07:03:10,430 [ewclora_o.py] => Task 2, Epoch 5/5 => Loss 0.820, Train_accy 84.95, Ortho 0.0492
2026-09-14 07:03:10,595 [trainer.py] => Training time: 1h 6m 40s
2026-09-14 07:07:04,530 [trainer.py] => Evaluation time: 0h 3m 53s
2026-09-14 07:20:44,051 [trainer.py] => Accuracy: {'total': 78.91, '00-68': 79.09, '69-137': 78.77, '138-206': 78.86, 'old': 78.93, 'new': 78.86}
2026-09-14 07:20:44,051 [trainer.py] => (curve) top1 Acc: [87.92, 82.71, 78.91]
2026-09-14 07:20:44,084 [trainer.py] => Avergae Acc: 83.18
2026-09-14 07:20:44,084 [trainer.py] => (curve) top1 Acc with task: [87.92, 87.73, 87.03]
2026-09-14 07:20:44,085 [trainer.py] => Avergae Acc: 87.56
2026-09-14 07:20:44,085 [trainer.py] => (curve) top1 Acc task: [100.0, 89.87, 84.56]
2026-09-14 07:20:44,085 [trainer.py] => Avergae Acc: 91.48
2026-09-14 07:20:44,089 [trainer.py] => ================================================================================
2026-09-14 07:20:44,089 [trainer.py] => ================================================================================
2026-09-14 07:21:08,064 [base.py] => Task 3 learning on class 207-276
2026-09-14 07:21:08,082 [toolkit.py] => Total params:     106,178,988
2026-09-14 07:21:08,083 [toolkit.py] => Trainable params: 2,264,901
2026-09-14 07:21:08,083 [toolkit.py] => Trainable ratio:  2.1331%
2026-09-14 08:23:15,517 [ewclora_o.py] => Task 3, Epoch 5/5 => Loss 0.741, Train_accy 85.84, Ortho 0.0315
2026-09-14 08:23:15,520 [trainer.py] => Training time: 1h 2m 31s
2026-09-14 08:27:31,577 [trainer.py] => Evaluation time: 0h 4m 16s
2026-09-14 08:39:16,587 [trainer.py] => Accuracy: {'total': 76.27, '00-68': 75.0, '69-137': 75.91, '138-206': 76.8, '207-275': 77.37, 'old': 75.91, 'new': 77.37}
2026-09-14 08:39:16,587 [trainer.py] => (curve) top1 Acc: [87.92, 82.71, 78.91, 76.27]
2026-09-14 08:39:16,587 [trainer.py] => Avergae Acc: 81.45
2026-09-14 08:39:16,587 [trainer.py] => (curve) top1 Acc with task: [87.92, 87.73, 87.03, 86.92]
2026-09-14 08:39:16,587 [trainer.py] => Avergae Acc: 87.40
2026-09-14 08:39:16,587 [trainer.py] => (curve) top1 Acc task: [100.0, 89.87, 84.56, 81.0]
2026-09-14 08:39:16,587 [trainer.py] => Avergae Acc: 88.86
2026-09-14 08:39:16,587 [trainer.py] => ================================================================================
2026-09-14 08:39:16,587 [trainer.py] => ================================================================================
2026-09-14 08:39:17,053 [base.py] => Task 4 learning on class 276-345
2026-09-14 08:39:17,058 [toolkit.py] => Total params:     106,178,988
2026-09-14 08:39:17,058 [toolkit.py] => Trainable params: 2,264,901
2026-09-14 08:39:17,058 [toolkit.py] => Trainable ratio:  2.1331%
2026-09-14 09:47:06,824 [ewclora_o.py] => Task 4, Epoch 5/5 => Loss 0.697, Train_accy 86.35, Ortho 0.0233
2026-09-14 09:47:06,827 [trainer.py] => Training time: 1h 7m 50s
2026-09-14 09:52:27,356 [trainer.py] => Evaluation time: 0h 5m 20s
2026-09-14 10:04:28,675 [trainer.py] => Accuracy: {'total': 73.79, '00-68': 71.89, '69-137': 72.68, '138-206': 74.36, '207-275': 74.35, '276-344': 75.66, 'old': 73.33, 'new': 75.66}
2026-09-14 10:04:28,675 [trainer.py] => (curve) top1 Acc: [87.92, 82.71, 78.91, 76.27, 73.79]
2026-09-14 10:04:28,676 [trainer.py] => Avergae Acc: 79.92
2026-09-14 10:04:28,676 [trainer.py] => (curve) top1 Acc with task: [87.92, 87.73, 87.03, 86.92, 86.8]
2026-09-14 10:04:28,676 [trainer.py] => Avergae Acc: 87.28
2026-09-14 10:04:28,676 [trainer.py] => (curve) top1 Acc task: [100.0, 89.87, 84.56, 81.0, 77.77]
2026-09-14 10:04:28,676 [trainer.py] => Avergae Acc: 86.64
2026-09-14 10:04:28,676 [trainer.py] => ================================================================================
2026-09-14 10:06:18,229 [toolkit.py] => config: configs/ewclora_ov4/domain_seed=1997_lo=0.01_ls_0.01_mu=0.01.json
2026-09-14 10:06:18,229 [toolkit.py] => device: [device(type='cuda', index=5)]
2026-09-14 10:06:18,229 [toolkit.py] => debug: False
2026-09-14 10:06:18,229 [toolkit.py] => save_ckp: False
2026-09-14 10:06:18,229 [toolkit.py] => moe_list: None
2026-09-14 10:06:18,229 [toolkit.py] => seed: 1997
2026-09-14 10:06:18,229 [toolkit.py] => dataset: domainnet
2026-09-14 10:06:18,229 [toolkit.py] => data_path: data/domainnet
2026-09-14 10:06:18,229 [toolkit.py] => load: vit_base_patch16_224_in21k
2026-09-14 10:06:18,229 [toolkit.py] => init_cls: 69
2026-09-14 10:06:18,229 [toolkit.py] => increment: 69
2026-09-14 10:06:18,229 [toolkit.py] => sessions: 5
2026-09-14 10:06:18,229 [toolkit.py] => shuffle: False
2026-09-14 10:06:18,229 [toolkit.py] => method: ewclora_o
2026-09-14 10:06:18,229 [toolkit.py] => optimizer: adam
2026-09-14 10:06:18,229 [toolkit.py] => scheduler: cosine
2026-09-14 10:06:18,229 [toolkit.py] => epochs: 5
2026-09-14 10:06:18,229 [toolkit.py] => lrate: 0.0005
2026-09-14 10:06:18,229 [toolkit.py] => fc_lrate: 0.005
2026-09-14 10:06:18,229 [toolkit.py] => weight_decay: 0.0
2026-09-14 10:06:18,230 [toolkit.py] => batch_size: 128
2026-09-14 10:06:18,230 [toolkit.py] => rank: 30
2026-09-14 10:06:18,230 [toolkit.py] => num_workers: 16
2026-09-14 10:06:18,230 [toolkit.py] => gamma: 0.9
2026-09-14 10:06:18,230 [toolkit.py] => lambda: 10000000.0
2026-09-14 10:06:18,230 [toolkit.py] => lrate_head: 0
2026-09-14 10:06:18,230 [toolkit.py] => R: 0.5
2026-09-14 10:06:18,230 [toolkit.py] => ortho_loss_type: True
2026-09-14 10:06:18,230 [toolkit.py] => ortho_loss_weight: 0.09
2026-09-14 10:06:18,230 [toolkit.py] => lambda_o: 0.01
2026-09-14 10:06:18,230 [toolkit.py] => lambda_s: 0.01
2026-09-14 10:06:18,230 [toolkit.py] => mu: 0.01
2026-09-14 10:06:18,230 [toolkit.py] => logdir: logs/ewclora_o/domainnet/t5
2026-09-14 10:06:18,230 [toolkit.py] => logfilename: logs/ewclora_o/domainnet/t5/seed1997
2026-09-14 10:06:18,474 [data_manager.py] => Class index order: 0, 1, 2, 3, 4, ..., 340, 341, 342, 343, 344
2026-09-14 10:06:22,752 [trainer.py] => ================================================================================
2026-09-14 10:06:22,752 [trainer.py] => Dataset Information
2026-09-14 10:06:22,752 [trainer.py] => ================================================================================
2026-09-14 10:06:22,752 [trainer.py] =>   Dataset name     : domainnet
2026-09-14 10:06:22,752 [trainer.py] =>   Data path        : data/domainnet
2026-09-14 10:06:22,752 [trainer.py] =>   Total classes    : 345
2026-09-14 10:06:22,752 [trainer.py] =>   Total tasks      : 5
2026-09-14 10:06:22,752 [trainer.py] =>   Task increments  : [69, 69, 69, 69, 69]
2026-09-14 10:06:22,752 [trainer.py] =>   Init classes     : 69
2026-09-14 10:06:22,752 [trainer.py] =>   Increment per task: 69
2026-09-14 10:06:22,752 [trainer.py] =>   Shuffle          : False
2026-09-14 10:06:22,753 [trainer.py] =>   Seed             : 1997
2026-09-14 10:06:22,753 [trainer.py] => --------------------------------------------------------------------------------
2026-09-14 10:06:22,753 [trainer.py] => Task split:
2026-09-14 10:06:22,845 [trainer.py] =>   Task 0: classes 0-68 (69 classes) | Train: 67628 images (265 batches), Test: 17009 images (67 batches)
2026-09-14 10:06:22,907 [trainer.py] =>   Task 1: classes 69-137 (69 classes) | Train: 65335 images (256 batches), Test: 16374 images (64 batches)
2026-09-14 10:06:22,973 [trainer.py] =>   Task 2: classes 138-206 (69 classes) | Train: 70512 images (276 batches), Test: 17747 images (70 batches)
2026-09-14 10:06:23,034 [trainer.py] =>   Task 3: classes 207-275 (69 classes) | Train: 68362 images (268 batches), Test: 16831 images (66 batches)
2026-09-14 10:06:23,093 [trainer.py] =>   Task 4: classes 276-344 (69 classes) | Train: 66967 images (262 batches), Test: 16741 images (66 batches)
2026-09-14 10:06:23,093 [trainer.py] => ================================================================================
2026-09-14 10:06:23,094 [trainer.py] => ================================================================================
2026-09-14 10:06:23,142 [base.py] => Task 0 learning on class 0-69
2026-09-14 10:06:23,574 [toolkit.py] => Total params:     106,178,988
2026-09-14 10:06:23,574 [toolkit.py] => Trainable params: 2,264,901
2026-09-14 10:06:23,574 [toolkit.py] => Trainable ratio:  2.1331%
2026-09-14 11:07:30,757 [ewclora_o.py] => Task 0, Epoch 5/5 => Loss 0.470, Train_accy 87.81
2026-09-14 11:07:30,758 [trainer.py] => Training time: 1h 1m 7s
2026-09-14 11:08:36,542 [trainer.py] => Evaluation time: 0h 1m 5s
2026-09-14 11:20:19,930 [trainer.py] => Accuracy: {'total': 87.92, '00-68': 87.92, 'old': 0, 'new': 87.92}
2026-09-14 11:20:19,930 [trainer.py] => (curve) top1 Acc: [87.92]
2026-09-14 11:20:19,930 [trainer.py] => Avergae Acc: 87.92
2026-09-14 11:20:19,930 [trainer.py] => (curve) top1 Acc with task: [87.92]
2026-09-14 11:20:19,930 [trainer.py] => Avergae Acc: 87.92
2026-09-14 11:20:19,930 [trainer.py] => (curve) top1 Acc task: [100.0]
2026-09-14 11:20:19,930 [trainer.py] => Avergae Acc: 100.00
2026-09-14 11:20:19,930 [trainer.py] => ================================================================================
2026-09-14 11:20:19,930 [trainer.py] => ================================================================================
2026-09-14 11:20:19,984 [base.py] => Task 1 learning on class 69-138
2026-09-14 11:20:19,989 [toolkit.py] => Total params:     106,178,988
2026-09-14 11:20:19,989 [toolkit.py] => Trainable params: 2,264,901
2026-09-14 11:20:19,989 [toolkit.py] => Trainable ratio:  2.1331%
2026-09-14 12:27:15,273 [ewclora_o.py] => Task 1, Epoch 5/5 => Loss 0.553, Train_accy 86.97, Ortho 0.0668
2026-09-14 12:27:15,276 [trainer.py] => Training time: 1h 6m 55s
2026-09-14 12:29:22,731 [trainer.py] => Evaluation time: 0h 2m 7s
2026-09-14 12:41:29,495 [trainer.py] => Accuracy: {'total': 82.83, '00-68': 82.94, '69-137': 82.72, 'old': 82.94, 'new': 82.72}
2026-09-14 12:41:29,495 [trainer.py] => (curve) top1 Acc: [87.92, 82.83]
2026-09-14 12:41:29,495 [trainer.py] => Avergae Acc: 85.38
2026-09-14 12:41:29,495 [trainer.py] => (curve) top1 Acc with task: [87.92, 87.74]
2026-09-14 12:41:29,495 [trainer.py] => Avergae Acc: 87.83
2026-09-14 12:41:29,496 [trainer.py] => (curve) top1 Acc task: [100.0, 89.93]
2026-09-14 12:41:29,496 [trainer.py] => Avergae Acc: 94.97
2026-09-14 12:41:29,496 [trainer.py] => ================================================================================
2026-09-14 12:41:29,496 [trainer.py] => ================================================================================
2026-09-14 12:41:29,579 [base.py] => Task 2 learning on class 138-207
2026-09-14 12:41:29,585 [toolkit.py] => Total params:     106,178,988
2026-09-14 12:41:29,585 [toolkit.py] => Trainable params: 2,264,901
2026-09-14 12:41:29,585 [toolkit.py] => Trainable ratio:  2.1331%
2026-09-14 13:53:20,368 [ewclora_o.py] => Task 2, Epoch 5/5 => Loss 0.584, Train_accy 86.06, Ortho 0.0505
2026-09-14 13:53:20,370 [trainer.py] => Training time: 1h 11m 50s
2026-09-14 13:56:33,855 [trainer.py] => Evaluation time: 0h 3m 13s
2026-09-14 14:09:20,784 [trainer.py] => Accuracy: {'total': 78.86, '00-68': 77.92, '69-137': 78.95, '138-206': 79.67, 'old': 78.43, 'new': 79.67}
2026-09-14 14:09:20,784 [trainer.py] => (curve) top1 Acc: [87.92, 82.83, 78.86]
2026-09-14 14:09:20,784 [trainer.py] => Avergae Acc: 83.20
2026-09-14 14:09:20,784 [trainer.py] => (curve) top1 Acc with task: [87.92, 87.74, 87.04]
2026-09-14 14:09:20,784 [trainer.py] => Avergae Acc: 87.57
2026-09-14 14:09:20,784 [trainer.py] => (curve) top1 Acc task: [100.0, 89.93, 84.48]
2026-09-14 14:09:20,785 [trainer.py] => Avergae Acc: 91.47
2026-09-14 14:09:20,785 [trainer.py] => ================================================================================
2026-09-14 14:09:20,785 [trainer.py] => ================================================================================
2026-09-14 14:09:20,842 [base.py] => Task 3 learning on class 207-276
2026-09-14 14:09:20,847 [toolkit.py] => Total params:     106,178,988
2026-09-14 14:09:20,847 [toolkit.py] => Trainable params: 2,264,901
2026-09-14 14:09:20,847 [toolkit.py] => Trainable ratio:  2.1331%
2026-09-14 15:22:25,626 [ewclora_o.py] => Task 3, Epoch 5/5 => Loss 0.542, Train_accy 87.08, Ortho 0.0418
2026-09-14 15:22:25,628 [trainer.py] => Training time: 1h 13m 4s
2026-09-14 15:31:04,225 [trainer.py] => Evaluation time: 0h 8m 38s
2026-09-14 15:44:37,454 [trainer.py] => Accuracy: {'total': 75.99, '00-68': 72.9, '69-137': 75.61, '138-206': 77.18, '207-275': 78.22, 'old': 75.26, 'new': 78.22}
2026-09-14 15:44:37,455 [trainer.py] => (curve) top1 Acc: [87.92, 82.83, 78.86, 75.99]
2026-09-14 15:44:37,455 [trainer.py] => Avergae Acc: 81.40
2026-09-14 15:44:37,455 [trainer.py] => (curve) top1 Acc with task: [87.92, 87.74, 87.04, 86.92]
2026-09-14 15:44:37,455 [trainer.py] => Avergae Acc: 87.41
2026-09-14 15:44:37,455 [trainer.py] => (curve) top1 Acc task: [100.0, 89.93, 84.48, 80.76]
2026-09-14 15:44:37,455 [trainer.py] => Avergae Acc: 88.79
2026-09-14 15:44:37,455 [trainer.py] => ================================================================================
2026-09-14 15:44:37,455 [trainer.py] => ================================================================================
2026-09-14 15:44:37,516 [base.py] => Task 4 learning on class 276-345
2026-09-14 15:44:37,521 [toolkit.py] => Total params:     106,178,988
2026-09-14 15:44:37,521 [toolkit.py] => Trainable params: 2,264,901
2026-09-14 15:44:37,521 [toolkit.py] => Trainable ratio:  2.1331%
2026-09-14 16:43:47,385 [ewclora_o.py] => Task 4, Epoch 5/5 => Loss 0.524, Train_accy 87.63, Ortho 0.0375
2026-09-14 16:43:47,388 [trainer.py] => Training time: 0h 59m 9s
2026-09-14 16:49:07,223 [trainer.py] => Evaluation time: 0h 5m 19s
2026-09-14 16:59:49,122 [trainer.py] => Accuracy: {'total': 73.36, '00-68': 69.66, '69-137': 71.57, '138-206': 73.96, '207-275': 74.89, '276-344': 76.71, 'old': 72.54, 'new': 76.71}
2026-09-14 16:59:49,122 [trainer.py] => (curve) top1 Acc: [87.92, 82.83, 78.86, 75.99, 73.36]
2026-09-14 16:59:49,122 [trainer.py] => Avergae Acc: 79.79
2026-09-14 16:59:49,123 [trainer.py] => (curve) top1 Acc with task: [87.92, 87.74, 87.04, 86.92, 86.86]
2026-09-14 16:59:49,123 [trainer.py] => Avergae Acc: 87.30
2026-09-14 16:59:49,123 [trainer.py] => (curve) top1 Acc task: [100.0, 89.93, 84.48, 80.76, 77.36]
2026-09-14 16:59:49,123 [trainer.py] => Avergae Acc: 86.51
2026-09-14 16:59:49,123 [trainer.py] => ================================================================================
2026-09-14 16:59:52,661 [toolkit.py] => config: configs/ewclora_ov4/domain_seed=1997_lo=0.001_ls_0.001_mu=0.001.json
2026-09-14 16:59:52,661 [toolkit.py] => device: [device(type='cuda', index=5)]
2026-09-14 16:59:52,661 [toolkit.py] => debug: False
2026-09-14 16:59:52,661 [toolkit.py] => save_ckp: False
2026-09-14 16:59:52,661 [toolkit.py] => moe_list: None
2026-09-14 16:59:52,661 [toolkit.py] => seed: 1997
2026-09-14 16:59:52,661 [toolkit.py] => dataset: domainnet
2026-09-14 16:59:52,661 [toolkit.py] => data_path: data/domainnet
2026-09-14 16:59:52,661 [toolkit.py] => load: vit_base_patch16_224_in21k
2026-09-14 16:59:52,661 [toolkit.py] => init_cls: 69
2026-09-14 16:59:52,661 [toolkit.py] => increment: 69
2026-09-14 16:59:52,661 [toolkit.py] => sessions: 5
2026-09-14 16:59:52,661 [toolkit.py] => shuffle: False
2026-09-14 16:59:52,661 [toolkit.py] => method: ewclora_o
2026-09-14 16:59:52,661 [toolkit.py] => optimizer: adam
2026-09-14 16:59:52,661 [toolkit.py] => scheduler: cosine
2026-09-14 16:59:52,661 [toolkit.py] => epochs: 5
2026-09-14 16:59:52,661 [toolkit.py] => lrate: 0.0005
2026-09-14 16:59:52,661 [toolkit.py] => fc_lrate: 0.005
2026-09-14 16:59:52,662 [toolkit.py] => weight_decay: 0.0
2026-09-14 16:59:52,662 [toolkit.py] => batch_size: 128
2026-09-14 16:59:52,662 [toolkit.py] => rank: 30
2026-09-14 16:59:52,662 [toolkit.py] => num_workers: 16
2026-09-14 16:59:52,662 [toolkit.py] => gamma: 0.9
2026-09-14 16:59:52,662 [toolkit.py] => lambda: 10000000.0
2026-09-14 16:59:52,662 [toolkit.py] => lrate_head: 0
2026-09-14 16:59:52,662 [toolkit.py] => R: 0.5
2026-09-14 16:59:52,662 [toolkit.py] => ortho_loss_type: True
2026-09-14 16:59:52,662 [toolkit.py] => ortho_loss_weight: 0.09
2026-09-14 16:59:52,662 [toolkit.py] => lambda_o: 0.001
2026-09-14 16:59:52,662 [toolkit.py] => lambda_s: 0.001
2026-09-14 16:59:52,662 [toolkit.py] => mu: 0.001
2026-09-14 16:59:52,662 [toolkit.py] => logdir: logs/ewclora_o/domainnet/t5
2026-09-14 16:59:52,662 [toolkit.py] => logfilename: logs/ewclora_o/domainnet/t5/seed1997
2026-09-14 16:59:52,886 [data_manager.py] => Class index order: 0, 1, 2, 3, 4, ..., 340, 341, 342, 343, 344
2026-09-14 16:59:57,152 [trainer.py] => ================================================================================
2026-09-14 16:59:57,152 [trainer.py] => Dataset Information
2026-09-14 16:59:57,152 [trainer.py] => ================================================================================
2026-09-14 16:59:57,152 [trainer.py] =>   Dataset name     : domainnet
2026-09-14 16:59:57,152 [trainer.py] =>   Data path        : data/domainnet
2026-09-14 16:59:57,152 [trainer.py] =>   Total classes    : 345
2026-09-14 16:59:57,152 [trainer.py] =>   Total tasks      : 5
2026-09-14 16:59:57,152 [trainer.py] =>   Task increments  : [69, 69, 69, 69, 69]
2026-09-14 16:59:57,152 [trainer.py] =>   Init classes     : 69
2026-09-14 16:59:57,152 [trainer.py] =>   Increment per task: 69
2026-09-14 16:59:57,152 [trainer.py] =>   Shuffle          : False
2026-09-14 16:59:57,152 [trainer.py] =>   Seed             : 1997
2026-09-14 16:59:57,152 [trainer.py] => --------------------------------------------------------------------------------
2026-09-14 16:59:57,152 [trainer.py] => Task split:
2026-09-14 16:59:57,246 [trainer.py] =>   Task 0: classes 0-68 (69 classes) | Train: 67628 images (265 batches), Test: 17009 images (67 batches)
2026-09-14 16:59:57,309 [trainer.py] =>   Task 1: classes 69-137 (69 classes) | Train: 65335 images (256 batches), Test: 16374 images (64 batches)
2026-09-14 16:59:57,370 [trainer.py] =>   Task 2: classes 138-206 (69 classes) | Train: 70512 images (276 batches), Test: 17747 images (70 batches)
2026-09-14 16:59:57,430 [trainer.py] =>   Task 3: classes 207-275 (69 classes) | Train: 68362 images (268 batches), Test: 16831 images (66 batches)
2026-09-14 16:59:57,490 [trainer.py] =>   Task 4: classes 276-344 (69 classes) | Train: 66967 images (262 batches), Test: 16741 images (66 batches)
2026-09-14 16:59:57,490 [trainer.py] => ================================================================================
2026-09-14 16:59:57,490 [trainer.py] => ================================================================================
2026-09-14 16:59:57,539 [base.py] => Task 0 learning on class 0-69
2026-09-14 16:59:58,041 [toolkit.py] => Total params:     106,178,988
2026-09-14 16:59:58,042 [toolkit.py] => Trainable params: 2,264,901
2026-09-14 16:59:58,042 [toolkit.py] => Trainable ratio:  2.1331%
