2026-08-28 10:32:18,774 [toolkit.py] => config: configs/inflora_o2/imagenet-r_seed=1993.json
2026-08-28 10:32:18,774 [toolkit.py] => device: [device(type='cuda', index=5)]
2026-08-28 10:32:18,774 [toolkit.py] => debug: False
2026-08-28 10:32:18,774 [toolkit.py] => save_ckp: False
2026-08-28 10:32:18,775 [toolkit.py] => moe_list: None
2026-08-28 10:32:18,775 [toolkit.py] => seed: 1993
2026-08-28 10:32:18,775 [toolkit.py] => dataset: imagenet-r
2026-08-28 10:32:18,775 [toolkit.py] => data_path: data/imagenet-r
2026-08-28 10:32:18,775 [toolkit.py] => load: vit_base_patch16_224_in21k
2026-08-28 10:32:18,775 [toolkit.py] => init_cls: 20
2026-08-28 10:32:18,775 [toolkit.py] => increment: 20
2026-08-28 10:32:18,775 [toolkit.py] => sessions: 10
2026-08-28 10:32:18,775 [toolkit.py] => shuffle: False
2026-08-28 10:32:18,775 [toolkit.py] => method: inflorao2
2026-08-28 10:32:18,775 [toolkit.py] => optimizer: adam
2026-08-28 10:32:18,775 [toolkit.py] => scheduler: cosine
2026-08-28 10:32:18,775 [toolkit.py] => epochs: 50
2026-08-28 10:32:18,775 [toolkit.py] => lrate: 0.0005
2026-08-28 10:32:18,775 [toolkit.py] => weight_decay: 0.0
2026-08-28 10:32:18,775 [toolkit.py] => batch_size: 128
2026-08-28 10:32:18,775 [toolkit.py] => rank: 10
2026-08-28 10:32:18,775 [toolkit.py] => num_workers: 16
2026-08-28 10:32:18,775 [toolkit.py] => lamb: 0.98
2026-08-28 10:32:18,775 [toolkit.py] => lame: 1.0
2026-08-28 10:32:18,775 [toolkit.py] => lrate_head: 0
2026-08-28 10:32:18,775 [toolkit.py] => R: 0.5
2026-08-28 10:32:18,775 [toolkit.py] => ortho_loss_type: True
2026-08-28 10:32:18,775 [toolkit.py] => ortho_loss_weight: 0.1
2026-08-28 10:32:18,775 [toolkit.py] => logdir: logs/inflorao2/imagenet-r/t10
2026-08-28 10:32:18,775 [toolkit.py] => logfilename: logs/inflorao2/imagenet-r/t10/seed1993
2026-08-28 10:32:18,855 [data_manager.py] => Class index order: 0, 1, 2, 3, 4, ..., 195, 196, 197, 198, 199
2026-08-28 10:32:21,059 [trainer.py] => ================================================================================
2026-08-28 10:32:21,059 [trainer.py] => Dataset Information
2026-08-28 10:32:21,059 [trainer.py] => ================================================================================
2026-08-28 10:32:21,059 [trainer.py] =>   Dataset name     : imagenet-r
2026-08-28 10:32:21,059 [trainer.py] =>   Data path        : data/imagenet-r
2026-08-28 10:32:21,059 [trainer.py] =>   Total classes    : 200
2026-08-28 10:32:21,059 [trainer.py] =>   Total tasks      : 10
2026-08-28 10:32:21,059 [trainer.py] =>   Task increments  : [20, 20, 20, 20, 20, 20, 20, 20, 20, 20]
2026-08-28 10:32:21,059 [trainer.py] =>   Init classes     : 20
2026-08-28 10:32:21,059 [trainer.py] =>   Increment per task: 20
2026-08-28 10:32:21,059 [trainer.py] =>   Shuffle          : False
2026-08-28 10:32:21,059 [trainer.py] =>   Seed             : 1993
2026-08-28 10:32:21,059 [trainer.py] => --------------------------------------------------------------------------------
2026-08-28 10:32:21,059 [trainer.py] => Task split:
2026-08-28 10:32:21,061 [trainer.py] =>   Task 0: classes 0-19 (20 classes) | Train: 2585 images (11 batches), Test: 646 images (3 batches)
2026-08-28 10:32:21,062 [trainer.py] =>   Task 1: classes 20-39 (20 classes) | Train: 2886 images (12 batches), Test: 720 images (3 batches)
2026-08-28 10:32:21,063 [trainer.py] =>   Task 2: classes 40-59 (20 classes) | Train: 1739 images (7 batches), Test: 436 images (2 batches)
2026-08-28 10:32:21,064 [trainer.py] =>   Task 3: classes 60-79 (20 classes) | Train: 2344 images (10 batches), Test: 589 images (3 batches)
2026-08-28 10:32:21,066 [trainer.py] =>   Task 4: classes 80-99 (20 classes) | Train: 2816 images (11 batches), Test: 703 images (3 batches)
2026-08-28 10:32:21,067 [trainer.py] =>   Task 5: classes 100-119 (20 classes) | Train: 2215 images (9 batches), Test: 555 images (3 batches)
2026-08-28 10:32:21,068 [trainer.py] =>   Task 6: classes 120-139 (20 classes) | Train: 2274 images (9 batches), Test: 568 images (3 batches)
2026-08-28 10:32:21,069 [trainer.py] =>   Task 7: classes 140-159 (20 classes) | Train: 1821 images (8 batches), Test: 456 images (2 batches)
2026-08-28 10:32:21,070 [trainer.py] =>   Task 8: classes 160-179 (20 classes) | Train: 2489 images (10 batches), Test: 621 images (3 batches)
2026-08-28 10:32:21,071 [trainer.py] =>   Task 9: classes 180-199 (20 classes) | Train: 2831 images (12 batches), Test: 706 images (3 batches)
2026-08-28 10:32:21,072 [trainer.py] => ================================================================================
2026-08-28 10:32:21,072 [trainer.py] => ================================================================================
2026-08-28 10:32:21,073 [base.py] => Task 0 learning on class 0-20
2026-08-28 10:32:22,652 [toolkit.py] => Total params:     106,804,763
2026-08-28 10:32:22,652 [toolkit.py] => Trainable params: 568,340
2026-08-28 10:32:22,652 [toolkit.py] => Trainable ratio:  0.5321%
2026-08-28 13:42:42,242 [toolkit.py] => config: configs/inflora_o2/imagenet-r_seed=1993.json
2026-08-28 13:42:42,242 [toolkit.py] => device: [device(type='cuda', index=0)]
2026-08-28 13:42:42,242 [toolkit.py] => debug: False
2026-08-28 13:42:42,242 [toolkit.py] => save_ckp: False
2026-08-28 13:42:42,242 [toolkit.py] => moe_list: None
2026-08-28 13:42:42,242 [toolkit.py] => seed: 1993
2026-08-28 13:42:42,242 [toolkit.py] => dataset: imagenet-r
2026-08-28 13:42:42,242 [toolkit.py] => data_path: data/imagenet-r
2026-08-28 13:42:42,242 [toolkit.py] => load: vit_base_patch16_224_in21k
2026-08-28 13:42:42,242 [toolkit.py] => init_cls: 20
2026-08-28 13:42:42,243 [toolkit.py] => increment: 20
2026-08-28 13:42:42,243 [toolkit.py] => sessions: 10
2026-08-28 13:42:42,243 [toolkit.py] => shuffle: False
2026-08-28 13:42:42,243 [toolkit.py] => method: inflorao2
2026-08-28 13:42:42,243 [toolkit.py] => optimizer: adam
2026-08-28 13:42:42,243 [toolkit.py] => scheduler: cosine
2026-08-28 13:42:42,243 [toolkit.py] => epochs: 50
2026-08-28 13:42:42,243 [toolkit.py] => lrate: 0.0005
2026-08-28 13:42:42,243 [toolkit.py] => weight_decay: 0.0
2026-08-28 13:42:42,243 [toolkit.py] => batch_size: 128
2026-08-28 13:42:42,243 [toolkit.py] => rank: 10
2026-08-28 13:42:42,243 [toolkit.py] => num_workers: 16
2026-08-28 13:42:42,243 [toolkit.py] => lamb: 0.98
2026-08-28 13:42:42,243 [toolkit.py] => lame: 1.0
2026-08-28 13:42:42,243 [toolkit.py] => lrate_head: 0
2026-08-28 13:42:42,243 [toolkit.py] => R: 0.5
2026-08-28 13:42:42,243 [toolkit.py] => ortho_loss_type: True
2026-08-28 13:42:42,243 [toolkit.py] => ortho_loss_weight: 0.1
2026-08-28 13:42:42,243 [toolkit.py] => logdir: logs/inflorao2/imagenet-r/t10
2026-08-28 13:42:42,243 [toolkit.py] => logfilename: logs/inflorao2/imagenet-r/t10/seed1993
2026-08-28 13:42:42,320 [data_manager.py] => Class index order: 0, 1, 2, 3, 4, ..., 195, 196, 197, 198, 199
2026-08-28 13:42:44,802 [trainer.py] => ================================================================================
2026-08-28 13:42:44,803 [trainer.py] => Dataset Information
2026-08-28 13:42:44,803 [trainer.py] => ================================================================================
2026-08-28 13:42:44,803 [trainer.py] =>   Dataset name     : imagenet-r
2026-08-28 13:42:44,803 [trainer.py] =>   Data path        : data/imagenet-r
2026-08-28 13:42:44,803 [trainer.py] =>   Total classes    : 200
2026-08-28 13:42:44,803 [trainer.py] =>   Total tasks      : 10
2026-08-28 13:42:44,803 [trainer.py] =>   Task increments  : [20, 20, 20, 20, 20, 20, 20, 20, 20, 20]
2026-08-28 13:42:44,803 [trainer.py] =>   Init classes     : 20
2026-08-28 13:42:44,803 [trainer.py] =>   Increment per task: 20
2026-08-28 13:42:44,803 [trainer.py] =>   Shuffle          : False
2026-08-28 13:42:44,803 [trainer.py] =>   Seed             : 1993
2026-08-28 13:42:44,803 [trainer.py] => --------------------------------------------------------------------------------
2026-08-28 13:42:44,803 [trainer.py] => Task split:
2026-08-28 13:42:44,805 [trainer.py] =>   Task 0: classes 0-19 (20 classes) | Train: 2585 images (11 batches), Test: 646 images (3 batches)
2026-08-28 13:42:44,807 [trainer.py] =>   Task 1: classes 20-39 (20 classes) | Train: 2886 images (12 batches), Test: 720 images (3 batches)
2026-08-28 13:42:44,808 [trainer.py] =>   Task 2: classes 40-59 (20 classes) | Train: 1739 images (7 batches), Test: 436 images (2 batches)
2026-08-28 13:42:44,810 [trainer.py] =>   Task 3: classes 60-79 (20 classes) | Train: 2344 images (10 batches), Test: 589 images (3 batches)
2026-08-28 13:42:44,811 [trainer.py] =>   Task 4: classes 80-99 (20 classes) | Train: 2816 images (11 batches), Test: 703 images (3 batches)
2026-08-28 13:42:44,812 [trainer.py] =>   Task 5: classes 100-119 (20 classes) | Train: 2215 images (9 batches), Test: 555 images (3 batches)
2026-08-28 13:42:44,814 [trainer.py] =>   Task 6: classes 120-139 (20 classes) | Train: 2274 images (9 batches), Test: 568 images (3 batches)
2026-08-28 13:42:44,815 [trainer.py] =>   Task 7: classes 140-159 (20 classes) | Train: 1821 images (8 batches), Test: 456 images (2 batches)
2026-08-28 13:42:44,817 [trainer.py] =>   Task 8: classes 160-179 (20 classes) | Train: 2489 images (10 batches), Test: 621 images (3 batches)
2026-08-28 13:42:44,818 [trainer.py] =>   Task 9: classes 180-199 (20 classes) | Train: 2831 images (12 batches), Test: 706 images (3 batches)
2026-08-28 13:42:44,818 [trainer.py] => ================================================================================
2026-08-28 13:42:44,818 [trainer.py] => ================================================================================
2026-08-28 13:42:44,819 [base.py] => Task 0 learning on class 0-20
2026-08-28 13:42:45,401 [toolkit.py] => Total params:     106,804,763
2026-08-28 13:42:45,401 [toolkit.py] => Trainable params: 568,340
2026-08-28 13:42:45,401 [toolkit.py] => Trainable ratio:  0.5321%
2026-08-28 14:01:20,727 [inflora_o2.py] => Task 0, Epoch 50/50 => Loss 0.138, Train_accy 96.02
2026-08-28 14:01:35,395 [trainer.py] => Training time: 0h 18m 50s
2026-08-28 14:01:39,645 [trainer.py] => Evaluation time: 0h 0m 4s
2026-08-28 14:01:39,645 [trainer.py] => Accuracy: {'total': 89.78, '00-19': 89.78, 'old': 0, 'new': 89.78}
2026-08-28 14:01:39,645 [trainer.py] => (curve) top1 Acc: [89.78]
2026-08-28 14:01:39,645 [trainer.py] => Avergae Acc: 89.78
2026-08-28 14:01:39,645 [trainer.py] => (curve) top1 Acc with task: [89.78]
2026-08-28 14:01:39,645 [trainer.py] => Avergae Acc: 89.78
2026-08-28 14:01:39,645 [trainer.py] => (curve) top1 Acc task: [100.0]
2026-08-28 14:01:39,645 [trainer.py] => Avergae Acc: 100.00
2026-08-28 14:01:39,645 [trainer.py] => ================================================================================
2026-08-28 14:01:39,645 [trainer.py] => ================================================================================
2026-08-28 14:01:39,647 [base.py] => Task 1 learning on class 20-40
2026-08-28 14:01:39,658 [toolkit.py] => Total params:     106,804,763
2026-08-28 14:01:39,658 [toolkit.py] => Trainable params: 568,340
2026-08-28 14:01:39,658 [toolkit.py] => Trainable ratio:  0.5321%
2026-08-28 14:22:39,189 [inflora_o2.py] => Task 1, Epoch 50/50 => Loss 0.132, Train_accy 96.12, Ortho 0.0321
2026-08-28 14:23:06,832 [trainer.py] => Training time: 0h 21m 27s
2026-08-28 14:23:13,171 [trainer.py] => Evaluation time: 0h 0m 6s
2026-08-28 14:23:13,171 [trainer.py] => Accuracy: {'total': 84.55, '00-19': 89.16, '20-39': 80.42, 'old': 89.16, 'new': 80.42}
2026-08-28 14:23:13,171 [trainer.py] => (curve) top1 Acc: [89.78, 84.55]
2026-08-28 14:23:13,171 [trainer.py] => Avergae Acc: 87.16
2026-08-28 14:23:13,171 [trainer.py] => (curve) top1 Acc with task: [89.78, 91.29]
2026-08-28 14:23:13,171 [trainer.py] => Avergae Acc: 90.53
2026-08-28 14:23:13,171 [trainer.py] => (curve) top1 Acc task: [100.0, 89.82]
2026-08-28 14:23:13,171 [trainer.py] => Avergae Acc: 94.91
2026-08-28 14:23:13,171 [trainer.py] => ================================================================================
2026-08-28 14:23:13,171 [trainer.py] => ================================================================================
2026-08-28 14:23:13,173 [base.py] => Task 2 learning on class 40-60
2026-08-28 14:23:13,183 [toolkit.py] => Total params:     106,804,763
2026-08-28 14:23:13,183 [toolkit.py] => Trainable params: 568,340
2026-08-28 14:23:13,183 [toolkit.py] => Trainable ratio:  0.5321%
2026-08-28 14:36:25,562 [inflora_o2.py] => Task 2, Epoch 50/50 => Loss 0.183, Train_accy 94.08, Ortho 0.0264
2026-08-28 14:36:43,929 [trainer.py] => Training time: 0h 13m 30s
2026-08-28 14:36:52,841 [trainer.py] => Evaluation time: 0h 0m 8s
2026-08-28 14:36:52,841 [trainer.py] => Accuracy: {'total': 81.52, '00-19': 88.24, '20-39': 80.14, '40-59': 73.85, 'old': 83.97, 'new': 73.85}
2026-08-28 14:36:52,841 [trainer.py] => (curve) top1 Acc: [89.78, 84.55, 81.52]
2026-08-28 14:36:52,841 [trainer.py] => Avergae Acc: 85.28
2026-08-28 14:36:52,841 [trainer.py] => (curve) top1 Acc with task: [89.78, 91.29, 89.23]
2026-08-28 14:36:52,841 [trainer.py] => Avergae Acc: 90.10
2026-08-28 14:36:52,841 [trainer.py] => (curve) top1 Acc task: [100.0, 89.82, 87.4]
2026-08-28 14:36:52,841 [trainer.py] => Avergae Acc: 92.41
2026-08-28 14:36:52,841 [trainer.py] => ================================================================================
2026-08-28 14:36:52,841 [trainer.py] => ================================================================================
2026-08-28 14:36:52,843 [base.py] => Task 3 learning on class 60-80
2026-08-28 14:36:52,854 [toolkit.py] => Total params:     106,804,763
2026-08-28 14:36:52,854 [toolkit.py] => Trainable params: 568,340
2026-08-28 14:36:52,854 [toolkit.py] => Trainable ratio:  0.5321%
2026-08-28 14:54:32,377 [inflora_o2.py] => Task 3, Epoch 50/50 => Loss 0.147, Train_accy 96.46, Ortho 0.0212
2026-08-28 14:54:48,934 [trainer.py] => Training time: 0h 17m 56s
2026-08-28 14:55:00,508 [trainer.py] => Evaluation time: 0h 0m 11s
2026-08-28 14:55:00,509 [trainer.py] => Accuracy: {'total': 79.09, '00-19': 87.62, '20-39': 77.36, '40-59': 72.25, '60-79': 76.91, 'old': 79.8, 'new': 76.91}
2026-08-28 14:55:00,509 [trainer.py] => (curve) top1 Acc: [89.78, 84.55, 81.52, 79.09]
2026-08-28 14:55:00,509 [trainer.py] => Avergae Acc: 83.73
2026-08-28 14:55:00,509 [trainer.py] => (curve) top1 Acc with task: [89.78, 91.29, 89.23, 88.5]
2026-08-28 14:55:00,509 [trainer.py] => Avergae Acc: 89.70
2026-08-28 14:55:00,509 [trainer.py] => (curve) top1 Acc task: [100.0, 89.82, 87.4, 85.24]
2026-08-28 14:55:00,509 [trainer.py] => Avergae Acc: 90.62
2026-08-28 14:55:00,509 [trainer.py] => ================================================================================
2026-08-28 14:55:00,509 [trainer.py] => ================================================================================
2026-08-28 14:55:00,511 [base.py] => Task 4 learning on class 80-100
2026-08-28 14:55:00,522 [toolkit.py] => Total params:     106,804,763
2026-08-28 14:55:00,522 [toolkit.py] => Trainable params: 568,340
2026-08-28 14:55:00,522 [toolkit.py] => Trainable ratio:  0.5321%
2026-08-28 15:15:49,110 [inflora_o2.py] => Task 4, Epoch 50/50 => Loss 0.151, Train_accy 95.42, Ortho 0.0195
2026-08-28 15:16:11,477 [trainer.py] => Training time: 0h 21m 10s
2026-08-28 15:16:24,213 [trainer.py] => Evaluation time: 0h 0m 12s
2026-08-28 15:16:24,213 [trainer.py] => Accuracy: {'total': 77.93, '00-19': 87.31, '20-39': 76.94, '40-59': 71.33, '60-79': 74.87, '80-99': 76.96, 'old': 78.21, 'new': 76.96}
2026-08-28 15:16:24,213 [trainer.py] => (curve) top1 Acc: [89.78, 84.55, 81.52, 79.09, 77.93]
2026-08-28 15:16:24,213 [trainer.py] => Avergae Acc: 82.57
2026-08-28 15:16:24,213 [trainer.py] => (curve) top1 Acc with task: [89.78, 91.29, 89.23, 88.5, 88.56]
2026-08-28 15:16:24,213 [trainer.py] => Avergae Acc: 89.47
2026-08-28 15:16:24,213 [trainer.py] => (curve) top1 Acc task: [100.0, 89.82, 87.4, 85.24, 83.1]
2026-08-28 15:16:24,213 [trainer.py] => Avergae Acc: 89.11
2026-08-28 15:16:24,213 [trainer.py] => ================================================================================
2026-08-28 15:16:24,213 [trainer.py] => ================================================================================
2026-08-28 15:16:24,215 [base.py] => Task 5 learning on class 100-120
2026-08-28 15:16:24,226 [toolkit.py] => Total params:     106,804,763
2026-08-28 15:16:24,226 [toolkit.py] => Trainable params: 568,340
2026-08-28 15:16:24,226 [toolkit.py] => Trainable ratio:  0.5321%
2026-08-28 15:33:20,093 [inflora_o2.py] => Task 5, Epoch 50/50 => Loss 0.157, Train_accy 95.21, Ortho 0.0171
2026-08-28 15:37:16,044 [trainer.py] => Training time: 0h 20m 51s
2026-08-28 15:37:32,259 [trainer.py] => Evaluation time: 0h 0m 16s
2026-08-28 15:37:32,260 [trainer.py] => Accuracy: {'total': 76.08, '00-19': 83.9, '20-39': 74.44, '40-59': 71.33, '60-79': 73.68, '80-99': 75.96, '100-119': 75.5, 'old': 76.18, 'new': 75.5}
2026-08-28 15:37:32,260 [trainer.py] => (curve) top1 Acc: [89.78, 84.55, 81.52, 79.09, 77.93, 76.08]
2026-08-28 15:37:32,260 [trainer.py] => Avergae Acc: 81.49
2026-08-28 15:37:32,260 [trainer.py] => (curve) top1 Acc with task: [89.78, 91.29, 89.23, 88.5, 88.56, 87.78]
2026-08-28 15:37:32,260 [trainer.py] => Avergae Acc: 89.19
2026-08-28 15:37:32,260 [trainer.py] => (curve) top1 Acc task: [100.0, 89.82, 87.4, 85.24, 83.1, 80.79]
2026-08-28 15:37:32,261 [trainer.py] => Avergae Acc: 87.73
2026-08-28 15:37:32,261 [trainer.py] => ================================================================================
2026-08-28 15:37:32,261 [trainer.py] => ================================================================================
2026-08-28 15:37:32,263 [base.py] => Task 6 learning on class 120-140
2026-08-28 15:37:32,279 [toolkit.py] => Total params:     106,804,763
2026-08-28 15:37:32,279 [toolkit.py] => Trainable params: 568,340
2026-08-28 15:37:32,279 [toolkit.py] => Trainable ratio:  0.5321%
2026-08-28 15:55:28,098 [inflora_o2.py] => Task 6, Epoch 50/50 => Loss 0.173, Train_accy 95.03, Ortho 0.0169
2026-08-28 15:56:04,178 [trainer.py] => Training time: 0h 18m 31s
2026-08-28 15:56:21,541 [trainer.py] => Evaluation time: 0h 0m 17s
2026-08-28 15:56:21,542 [trainer.py] => Accuracy: {'total': 74.51, '00-19': 81.42, '20-39': 74.03, '40-59': 71.56, '60-79': 71.99, '80-99': 75.11, '100-119': 74.05, '120-139': 71.83, 'old': 74.92, 'new': 71.83}
2026-08-28 15:56:21,542 [trainer.py] => (curve) top1 Acc: [89.78, 84.55, 81.52, 79.09, 77.93, 76.08, 74.51]
2026-08-28 15:56:21,542 [trainer.py] => Avergae Acc: 80.49
2026-08-28 15:56:21,542 [trainer.py] => (curve) top1 Acc with task: [89.78, 91.29, 89.23, 88.5, 88.56, 87.78, 86.55]
2026-08-28 15:56:21,542 [trainer.py] => Avergae Acc: 88.81
2026-08-28 15:56:21,542 [trainer.py] => (curve) top1 Acc task: [100.0, 89.82, 87.4, 85.24, 83.1, 80.79, 79.72]
2026-08-28 15:56:21,542 [trainer.py] => Avergae Acc: 86.58
2026-08-28 15:56:21,542 [trainer.py] => ================================================================================
2026-08-28 15:56:21,542 [trainer.py] => ================================================================================
2026-08-28 15:56:21,545 [base.py] => Task 7 learning on class 140-160
2026-08-28 15:56:21,565 [toolkit.py] => Total params:     106,804,763
2026-08-28 15:56:21,566 [toolkit.py] => Trainable params: 568,340
2026-08-28 15:56:21,566 [toolkit.py] => Trainable ratio:  0.5321%
2026-08-28 16:10:32,402 [inflora_o2.py] => Task 7, Epoch 50/50 => Loss 0.164, Train_accy 94.89, Ortho 0.0149
2026-08-28 16:11:04,112 [trainer.py] => Training time: 0h 14m 42s
2026-08-28 16:11:24,307 [trainer.py] => Evaluation time: 0h 0m 20s
2026-08-28 16:11:24,307 [trainer.py] => Accuracy: {'total': 72.12, '00-19': 80.03, '20-39': 70.28, '40-59': 68.81, '60-79': 69.44, '80-99': 73.4, '100-119': 71.35, '120-139': 71.48, '140-159': 70.18, 'old': 72.33, 'new': 70.18}
2026-08-28 16:11:24,307 [trainer.py] => (curve) top1 Acc: [89.78, 84.55, 81.52, 79.09, 77.93, 76.08, 74.51, 72.12]
2026-08-28 16:11:24,307 [trainer.py] => Avergae Acc: 79.45
2026-08-28 16:11:24,307 [trainer.py] => (curve) top1 Acc with task: [89.78, 91.29, 89.23, 88.5, 88.56, 87.78, 86.55, 85.06]
2026-08-28 16:11:24,307 [trainer.py] => Avergae Acc: 88.34
2026-08-28 16:11:24,307 [trainer.py] => (curve) top1 Acc task: [100.0, 89.82, 87.4, 85.24, 83.1, 80.79, 79.72, 77.62]
2026-08-28 16:11:24,307 [trainer.py] => Avergae Acc: 85.46
2026-08-28 16:11:24,307 [trainer.py] => ================================================================================
2026-08-28 16:11:24,308 [trainer.py] => ================================================================================
2026-08-28 16:11:24,309 [base.py] => Task 8 learning on class 160-180
2026-08-28 16:11:24,321 [toolkit.py] => Total params:     106,804,763
2026-08-28 16:11:24,321 [toolkit.py] => Trainable params: 568,340
2026-08-28 16:11:24,321 [toolkit.py] => Trainable ratio:  0.5321%
2026-08-28 16:30:22,352 [inflora_o2.py] => Task 8, Epoch 50/50 => Loss 0.128, Train_accy 96.14, Ortho 0.0143
2026-08-28 16:32:54,021 [trainer.py] => Training time: 0h 21m 29s
2026-08-28 16:33:14,657 [trainer.py] => Evaluation time: 0h 0m 20s
2026-08-28 16:33:14,657 [trainer.py] => Accuracy: {'total': 72.4, '00-19': 80.03, '20-39': 69.86, '40-59': 65.6, '60-79': 67.06, '80-99': 71.98, '100-119': 70.09, '120-139': 70.07, '140-159': 69.74, '160-179': 83.9, 'old': 70.88, 'new': 83.9}
2026-08-28 16:33:14,658 [trainer.py] => (curve) top1 Acc: [89.78, 84.55, 81.52, 79.09, 77.93, 76.08, 74.51, 72.12, 72.4]
2026-08-28 16:33:14,658 [trainer.py] => Avergae Acc: 78.66
2026-08-28 16:33:14,658 [trainer.py] => (curve) top1 Acc with task: [89.78, 91.29, 89.23, 88.5, 88.56, 87.78, 86.55, 85.06, 85.68]
2026-08-28 16:33:14,658 [trainer.py] => Avergae Acc: 88.05
2026-08-28 16:33:14,658 [trainer.py] => (curve) top1 Acc task: [100.0, 89.82, 87.4, 85.24, 83.1, 80.79, 79.72, 77.62, 76.75]
2026-08-28 16:33:14,658 [trainer.py] => Avergae Acc: 84.49
2026-08-28 16:33:14,658 [trainer.py] => ================================================================================
2026-08-28 16:33:14,658 [trainer.py] => ================================================================================
2026-08-28 16:33:14,660 [base.py] => Task 9 learning on class 180-200
2026-08-28 16:33:14,671 [toolkit.py] => Total params:     106,804,763
2026-08-28 16:33:14,671 [toolkit.py] => Trainable params: 568,340
2026-08-28 16:33:14,672 [toolkit.py] => Trainable ratio:  0.5321%
2026-08-28 16:54:56,723 [inflora_o2.py] => Task 9, Epoch 50/50 => Loss 0.151, Train_accy 95.80, Ortho 0.0156
2026-08-28 16:55:32,997 [trainer.py] => Training time: 0h 22m 18s
2026-08-28 16:55:56,166 [trainer.py] => Evaluation time: 0h 0m 23s
2026-08-28 16:55:56,166 [trainer.py] => Accuracy: {'total': 72.12, '00-19': 78.02, '20-39': 68.75, '40-59': 66.06, '60-79': 67.74, '80-99': 69.13, '100-119': 68.83, '120-139': 70.25, '140-159': 65.35, '160-179': 82.61, '180-199': 79.75, 'old': 71.1, 'new': 79.75}
2026-08-28 16:55:56,166 [trainer.py] => (curve) top1 Acc: [89.78, 84.55, 81.52, 79.09, 77.93, 76.08, 74.51, 72.12, 72.4, 72.12]
2026-08-28 16:55:56,166 [trainer.py] => Avergae Acc: 78.01
2026-08-28 16:55:56,166 [trainer.py] => (curve) top1 Acc with task: [89.78, 91.29, 89.23, 88.5, 88.56, 87.78, 86.55, 85.06, 85.68, 85.88]
2026-08-28 16:55:56,167 [trainer.py] => Avergae Acc: 87.83
2026-08-28 16:55:56,167 [trainer.py] => (curve) top1 Acc task: [100.0, 89.82, 87.4, 85.24, 83.1, 80.79, 79.72, 77.62, 76.75, 76.07]
2026-08-28 16:55:56,167 [trainer.py] => Avergae Acc: 83.65
2026-08-28 16:55:56,167 [trainer.py] => ================================================================================
