2026-08-01 23:47:36,357 [toolkit.py] => config: configs/splitlorav16/domain_seed=1993_ema=0.8.json
2026-08-01 23:47:36,357 [toolkit.py] => device: [device(type='cuda', index=1)]
2026-08-01 23:47:36,357 [toolkit.py] => debug: False
2026-08-01 23:47:36,357 [toolkit.py] => save_ckp: False
2026-08-01 23:47:36,357 [toolkit.py] => moe_list: None
2026-08-01 23:47:36,357 [toolkit.py] => seed: 1993
2026-08-01 23:47:36,357 [toolkit.py] => dataset: domainnet
2026-08-01 23:47:36,357 [toolkit.py] => data_path: data/domainnet
2026-08-01 23:47:36,357 [toolkit.py] => load: vit_base_patch16_224_in21k
2026-08-01 23:47:36,358 [toolkit.py] => init_cls: 69
2026-08-01 23:47:36,358 [toolkit.py] => increment: 69
2026-08-01 23:47:36,358 [toolkit.py] => sessions: 5
2026-08-01 23:47:36,358 [toolkit.py] => shuffle: False
2026-08-01 23:47:36,358 [toolkit.py] => method: splitlorav16
2026-08-01 23:47:36,358 [toolkit.py] => optimizer: adamw
2026-08-01 23:47:36,358 [toolkit.py] => scheduler: steplr
2026-08-01 23:47:36,358 [toolkit.py] => ema_type: EMA
2026-08-01 23:47:36,358 [toolkit.py] => epochs: 10
2026-08-01 23:47:36,358 [toolkit.py] => lrate: 0.001
2026-08-01 23:47:36,358 [toolkit.py] => lrate_head: 0.01
2026-08-01 23:47:36,358 [toolkit.py] => weight_decay: 5e-05
2026-08-01 23:47:36,358 [toolkit.py] => batch_size: 256
2026-08-01 23:47:36,358 [toolkit.py] => rank: 10
2026-08-01 23:47:36,358 [toolkit.py] => num_workers: 16
2026-08-01 23:47:36,358 [toolkit.py] => lamb: 0.95
2026-08-01 23:47:36,358 [toolkit.py] => lame: 1.0
2026-08-01 23:47:36,358 [toolkit.py] => in_dim: 768
2026-08-01 23:47:36,358 [toolkit.py] => alpha: 20
2026-08-01 23:47:36,358 [toolkit.py] => ema_decay: 0.8
2026-08-01 23:47:36,358 [toolkit.py] => ema_decay2: 0
2026-08-01 23:47:36,358 [toolkit.py] => logdir: logs/splitlorav16/domainnet/t5
2026-08-01 23:47:36,358 [toolkit.py] => logfilename: logs/splitlorav16/domainnet/t5/seed1993
2026-08-01 23:47:36,573 [data_manager.py] => Class index order: 0, 1, 2, 3, 4, ..., 340, 341, 342, 343, 344
2026-08-01 23:47:40,738 [trainer.py] => ================================================================================
2026-08-01 23:47:40,787 [splitlorav16.py] => Task 0 learning on class 0-69
2026-08-01 23:47:41,288 [toolkit.py] => Total params:     103,229,868
2026-08-01 23:47:41,288 [toolkit.py] => Trainable params: 421,701
2026-08-01 23:47:41,288 [toolkit.py] => Trainable ratio:  0.4085%
2026-08-01 23:48:06,354 [toolkit.py] => config: configs/splitlorav16/domain_seed=1993_ema=0.85.json
2026-08-01 23:48:06,354 [toolkit.py] => device: [device(type='cuda', index=2)]
2026-08-01 23:48:06,354 [toolkit.py] => debug: False
2026-08-01 23:48:06,354 [toolkit.py] => save_ckp: False
2026-08-01 23:48:06,354 [toolkit.py] => moe_list: None
2026-08-01 23:48:06,354 [toolkit.py] => seed: 1993
2026-08-01 23:48:06,354 [toolkit.py] => dataset: domainnet
2026-08-01 23:48:06,354 [toolkit.py] => data_path: data/domainnet
2026-08-01 23:48:06,354 [toolkit.py] => load: vit_base_patch16_224_in21k
2026-08-01 23:48:06,354 [toolkit.py] => init_cls: 69
2026-08-01 23:48:06,354 [toolkit.py] => increment: 69
2026-08-01 23:48:06,354 [toolkit.py] => sessions: 5
2026-08-01 23:48:06,354 [toolkit.py] => shuffle: False
2026-08-01 23:48:06,354 [toolkit.py] => method: splitlorav16
2026-08-01 23:48:06,354 [toolkit.py] => optimizer: adamw
2026-08-01 23:48:06,354 [toolkit.py] => scheduler: steplr
2026-08-01 23:48:06,354 [toolkit.py] => ema_type: EMA
2026-08-01 23:48:06,354 [toolkit.py] => epochs: 10
2026-08-01 23:48:06,354 [toolkit.py] => lrate: 0.001
2026-08-01 23:48:06,354 [toolkit.py] => lrate_head: 0.01
2026-08-01 23:48:06,354 [toolkit.py] => weight_decay: 5e-05
2026-08-01 23:48:06,354 [toolkit.py] => batch_size: 256
2026-08-01 23:48:06,354 [toolkit.py] => rank: 10
2026-08-01 23:48:06,354 [toolkit.py] => num_workers: 16
2026-08-01 23:48:06,355 [toolkit.py] => lamb: 0.95
2026-08-01 23:48:06,355 [toolkit.py] => lame: 1.0
2026-08-01 23:48:06,355 [toolkit.py] => in_dim: 768
2026-08-01 23:48:06,355 [toolkit.py] => alpha: 20
2026-08-01 23:48:06,355 [toolkit.py] => ema_decay: 0.85
2026-08-01 23:48:06,355 [toolkit.py] => ema_decay2: 0
2026-08-01 23:48:06,355 [toolkit.py] => logdir: logs/splitlorav16/domainnet/t5
2026-08-01 23:48:06,355 [toolkit.py] => logfilename: logs/splitlorav16/domainnet/t5/seed1993
2026-08-01 23:48:06,565 [data_manager.py] => Class index order: 0, 1, 2, 3, 4, ..., 340, 341, 342, 343, 344
2026-08-01 23:48:10,767 [trainer.py] => ================================================================================
2026-08-01 23:48:10,816 [splitlorav16.py] => Task 0 learning on class 0-69
2026-08-01 23:48:11,242 [toolkit.py] => Total params:     103,229,868
2026-08-01 23:48:11,242 [toolkit.py] => Trainable params: 421,701
2026-08-01 23:48:11,242 [toolkit.py] => Trainable ratio:  0.4085%
2026-08-01 23:48:17,275 [toolkit.py] => config: configs/splitlorav16/domain_seed=1993_ema=0.9.json
2026-08-01 23:48:17,275 [toolkit.py] => device: [device(type='cuda', index=3)]
2026-08-01 23:48:17,275 [toolkit.py] => debug: False
2026-08-01 23:48:17,275 [toolkit.py] => save_ckp: False
2026-08-01 23:48:17,275 [toolkit.py] => moe_list: None
2026-08-01 23:48:17,275 [toolkit.py] => seed: 1993
2026-08-01 23:48:17,275 [toolkit.py] => dataset: domainnet
2026-08-01 23:48:17,275 [toolkit.py] => data_path: data/domainnet
2026-08-01 23:48:17,275 [toolkit.py] => load: vit_base_patch16_224_in21k
2026-08-01 23:48:17,275 [toolkit.py] => init_cls: 69
2026-08-01 23:48:17,276 [toolkit.py] => increment: 69
2026-08-01 23:48:17,276 [toolkit.py] => sessions: 5
2026-08-01 23:48:17,276 [toolkit.py] => shuffle: False
2026-08-01 23:48:17,276 [toolkit.py] => method: splitlorav16
2026-08-01 23:48:17,276 [toolkit.py] => optimizer: adamw
2026-08-01 23:48:17,276 [toolkit.py] => scheduler: steplr
2026-08-01 23:48:17,276 [toolkit.py] => ema_type: EMA
2026-08-01 23:48:17,276 [toolkit.py] => epochs: 10
2026-08-01 23:48:17,276 [toolkit.py] => lrate: 0.001
2026-08-01 23:48:17,276 [toolkit.py] => lrate_head: 0.01
2026-08-01 23:48:17,276 [toolkit.py] => weight_decay: 5e-05
2026-08-01 23:48:17,276 [toolkit.py] => batch_size: 256
2026-08-01 23:48:17,276 [toolkit.py] => rank: 10
2026-08-01 23:48:17,276 [toolkit.py] => num_workers: 16
2026-08-01 23:48:17,276 [toolkit.py] => lamb: 0.95
2026-08-01 23:48:17,276 [toolkit.py] => lame: 1.0
2026-08-01 23:48:17,276 [toolkit.py] => in_dim: 768
2026-08-01 23:48:17,276 [toolkit.py] => alpha: 20
2026-08-01 23:48:17,276 [toolkit.py] => ema_decay: 0.9
2026-08-01 23:48:17,276 [toolkit.py] => ema_decay2: 0
2026-08-01 23:48:17,276 [toolkit.py] => logdir: logs/splitlorav16/domainnet/t5
2026-08-01 23:48:17,276 [toolkit.py] => logfilename: logs/splitlorav16/domainnet/t5/seed1993
2026-08-01 23:48:17,486 [data_manager.py] => Class index order: 0, 1, 2, 3, 4, ..., 340, 341, 342, 343, 344
2026-08-01 23:48:21,858 [trainer.py] => ================================================================================
2026-08-01 23:48:21,928 [splitlorav16.py] => Task 0 learning on class 0-69
2026-08-01 23:48:22,371 [toolkit.py] => Total params:     103,229,868
2026-08-01 23:48:22,371 [toolkit.py] => Trainable params: 421,701
2026-08-01 23:48:22,371 [toolkit.py] => Trainable ratio:  0.4085%
2026-08-02 01:03:38,583 [splitlorav16.py] => Task 0, Epoch 10/10 => Loss 0.465, Train_accy 87.84
2026-08-02 01:03:38,583 [trainer.py] => Training time: 1h 15m 57s
2026-08-02 01:04:20,052 [splitlorav16.py] => Task 0, Epoch 10/10 => Loss 0.465, Train_accy 87.84
2026-08-02 01:04:20,053 [trainer.py] => Training time: 1h 16m 9s
2026-08-02 01:04:34,878 [trainer.py] => Evaluation time: 0h 0m 56s
2026-08-02 01:04:34,879 [trainer.py] => Accuracy: {'total': 87.67, '00-68': 87.67, 'old': 0, 'new': 87.67}
2026-08-02 01:04:34,879 [trainer.py] => (curve) top1 Acc: [87.67]
2026-08-02 01:04:34,879 [trainer.py] => Avergae Acc: 87.67
2026-08-02 01:04:34,879 [trainer.py] => (curve) top1 Acc with task: [87.67]
2026-08-02 01:04:34,879 [trainer.py] => Avergae Acc: 87.67
2026-08-02 01:04:34,879 [trainer.py] => (curve) top1 Acc task: [100.0]
2026-08-02 01:04:34,879 [trainer.py] => Avergae Acc: 100.00
2026-08-02 01:04:34,879 [trainer.py] => ================================================================================
2026-08-02 01:04:34,879 [trainer.py] => ================================================================================
2026-08-02 01:04:34,969 [splitlorav16.py] => Task 1 learning on class 69-138
2026-08-02 01:04:34,973 [toolkit.py] => Total params:     103,229,868
2026-08-02 01:04:34,973 [toolkit.py] => Trainable params: 421,701
2026-08-02 01:04:34,973 [toolkit.py] => Trainable ratio:  0.4085%
2026-08-02 01:04:40,136 [splitlorav16.py] => Task 0, Epoch 10/10 => Loss 0.465, Train_accy 87.84
2026-08-02 01:04:40,136 [trainer.py] => Training time: 1h 16m 18s
2026-08-02 01:05:16,673 [trainer.py] => Evaluation time: 0h 0m 56s
2026-08-02 01:05:16,674 [trainer.py] => Accuracy: {'total': 87.67, '00-68': 87.67, 'old': 0, 'new': 87.67}
2026-08-02 01:05:16,674 [trainer.py] => (curve) top1 Acc: [87.67]
2026-08-02 01:05:16,674 [trainer.py] => Avergae Acc: 87.67
2026-08-02 01:05:16,674 [trainer.py] => (curve) top1 Acc with task: [87.67]
2026-08-02 01:05:16,674 [trainer.py] => Avergae Acc: 87.67
2026-08-02 01:05:16,674 [trainer.py] => (curve) top1 Acc task: [100.0]
2026-08-02 01:05:16,674 [trainer.py] => Avergae Acc: 100.00
2026-08-02 01:05:16,674 [trainer.py] => ================================================================================
2026-08-02 01:05:16,674 [trainer.py] => ================================================================================
2026-08-02 01:05:16,728 [splitlorav16.py] => Task 1 learning on class 69-138
2026-08-02 01:05:16,731 [toolkit.py] => Total params:     103,229,868
2026-08-02 01:05:16,732 [toolkit.py] => Trainable params: 421,701
2026-08-02 01:05:16,732 [toolkit.py] => Trainable ratio:  0.4085%
2026-08-02 01:05:36,973 [trainer.py] => Evaluation time: 0h 0m 56s
2026-08-02 01:05:36,973 [trainer.py] => Accuracy: {'total': 87.67, '00-68': 87.67, 'old': 0, 'new': 87.67}
2026-08-02 01:05:36,973 [trainer.py] => (curve) top1 Acc: [87.67]
2026-08-02 01:05:36,973 [trainer.py] => Avergae Acc: 87.67
2026-08-02 01:05:36,973 [trainer.py] => (curve) top1 Acc with task: [87.67]
2026-08-02 01:05:36,973 [trainer.py] => Avergae Acc: 87.67
2026-08-02 01:05:36,973 [trainer.py] => (curve) top1 Acc task: [100.0]
2026-08-02 01:05:36,973 [trainer.py] => Avergae Acc: 100.00
2026-08-02 01:05:36,973 [trainer.py] => ================================================================================
2026-08-02 01:05:36,973 [trainer.py] => ================================================================================
2026-08-02 01:05:37,026 [splitlorav16.py] => Task 1 learning on class 69-138
2026-08-02 01:05:37,030 [toolkit.py] => Total params:     103,229,868
2026-08-02 01:05:37,030 [toolkit.py] => Trainable params: 421,701
2026-08-02 01:05:37,030 [toolkit.py] => Trainable ratio:  0.4085%
2026-08-02 02:17:58,512 [splitlorav16.py] => Task 1, Epoch 10/10 => Loss 0.472, Train_accy 87.67
2026-08-02 02:17:58,514 [trainer.py] => Training time: 1h 13m 23s
2026-08-02 02:19:00,166 [splitlorav16.py] => Task 1, Epoch 10/10 => Loss 0.472, Train_accy 87.67
2026-08-02 02:19:00,167 [trainer.py] => Training time: 1h 13m 43s
2026-08-02 02:19:18,569 [splitlorav16.py] => Task 1, Epoch 10/10 => Loss 0.472, Train_accy 87.67
2026-08-02 02:19:18,571 [trainer.py] => Training time: 1h 13m 41s
2026-08-02 02:19:49,734 [trainer.py] => Evaluation time: 0h 1m 51s
2026-08-02 02:19:49,734 [trainer.py] => Accuracy: {'total': 80.1, '00-68': 74.27, '69-137': 86.15, 'old': 74.27, 'new': 86.15}
2026-08-02 02:19:49,734 [trainer.py] => (curve) top1 Acc: [87.67, 80.1]
2026-08-02 02:19:49,734 [trainer.py] => Avergae Acc: 83.88
2026-08-02 02:19:49,734 [trainer.py] => (curve) top1 Acc with task: [87.67, 87.0]
2026-08-02 02:19:49,734 [trainer.py] => Avergae Acc: 87.34
2026-08-02 02:19:49,734 [trainer.py] => (curve) top1 Acc task: [100.0, 87.41]
2026-08-02 02:19:49,734 [trainer.py] => Avergae Acc: 93.70
2026-08-02 02:19:49,734 [trainer.py] => ================================================================================
2026-08-02 02:19:49,734 [trainer.py] => ================================================================================
2026-08-02 02:19:49,793 [splitlorav16.py] => Task 2 learning on class 138-207
2026-08-02 02:19:49,797 [toolkit.py] => Total params:     103,229,868
2026-08-02 02:19:49,797 [toolkit.py] => Trainable params: 421,701
2026-08-02 02:19:49,797 [toolkit.py] => Trainable ratio:  0.4085%
2026-08-02 02:20:48,836 [trainer.py] => Evaluation time: 0h 1m 48s
2026-08-02 02:20:48,836 [trainer.py] => Accuracy: {'total': 80.1, '00-68': 74.27, '69-137': 86.15, 'old': 74.27, 'new': 86.15}
2026-08-02 02:20:48,837 [trainer.py] => (curve) top1 Acc: [87.67, 80.1]
2026-08-02 02:20:48,837 [trainer.py] => Avergae Acc: 83.88
2026-08-02 02:20:48,837 [trainer.py] => (curve) top1 Acc with task: [87.67, 87.0]
2026-08-02 02:20:48,837 [trainer.py] => Avergae Acc: 87.34
2026-08-02 02:20:48,837 [trainer.py] => (curve) top1 Acc task: [100.0, 87.41]
2026-08-02 02:20:48,837 [trainer.py] => Avergae Acc: 93.70
2026-08-02 02:20:48,837 [trainer.py] => ================================================================================
2026-08-02 02:20:48,837 [trainer.py] => ================================================================================
2026-08-02 02:20:48,893 [splitlorav16.py] => Task 2 learning on class 138-207
2026-08-02 02:20:48,896 [toolkit.py] => Total params:     103,229,868
2026-08-02 02:20:48,897 [toolkit.py] => Trainable params: 421,701
2026-08-02 02:20:48,897 [toolkit.py] => Trainable ratio:  0.4085%
2026-08-02 02:21:07,923 [trainer.py] => Evaluation time: 0h 1m 49s
2026-08-02 02:21:07,923 [trainer.py] => Accuracy: {'total': 80.1, '00-68': 74.27, '69-137': 86.15, 'old': 74.27, 'new': 86.15}
2026-08-02 02:21:07,923 [trainer.py] => (curve) top1 Acc: [87.67, 80.1]
2026-08-02 02:21:07,923 [trainer.py] => Avergae Acc: 83.88
2026-08-02 02:21:07,923 [trainer.py] => (curve) top1 Acc with task: [87.67, 87.0]
2026-08-02 02:21:07,923 [trainer.py] => Avergae Acc: 87.34
2026-08-02 02:21:07,923 [trainer.py] => (curve) top1 Acc task: [100.0, 87.41]
2026-08-02 02:21:07,924 [trainer.py] => Avergae Acc: 93.70
2026-08-02 02:21:07,924 [trainer.py] => ================================================================================
2026-08-02 02:21:07,924 [trainer.py] => ================================================================================
2026-08-02 02:21:07,980 [splitlorav16.py] => Task 2 learning on class 138-207
2026-08-02 02:21:07,983 [toolkit.py] => Total params:     103,229,868
2026-08-02 02:21:07,983 [toolkit.py] => Trainable params: 421,701
2026-08-02 02:21:07,983 [toolkit.py] => Trainable ratio:  0.4085%
2026-08-02 03:39:01,825 [splitlorav16.py] => Task 2, Epoch 10/10 => Loss 0.517, Train_accy 86.33
2026-08-02 03:39:01,827 [trainer.py] => Training time: 1h 19m 12s
2026-08-02 03:40:21,443 [splitlorav16.py] => Task 2, Epoch 10/10 => Loss 0.516, Train_accy 86.38
2026-08-02 03:40:21,445 [trainer.py] => Training time: 1h 19m 32s
2026-08-02 03:40:42,252 [splitlorav16.py] => Task 2, Epoch 10/10 => Loss 0.520, Train_accy 86.28
2026-08-02 03:40:42,254 [trainer.py] => Training time: 1h 19m 34s
2026-08-02 03:41:47,308 [trainer.py] => Evaluation time: 0h 2m 45s
2026-08-02 03:41:47,309 [trainer.py] => Accuracy: {'total': 74.5, '00-68': 62.78, '69-137': 76.73, '138-206': 83.66, 'old': 69.63, 'new': 83.66}
2026-08-02 03:41:47,309 [trainer.py] => (curve) top1 Acc: [87.67, 80.1, 74.5]
2026-08-02 03:41:47,309 [trainer.py] => Avergae Acc: 80.76
2026-08-02 03:41:47,309 [trainer.py] => (curve) top1 Acc with task: [87.67, 87.0, 85.85]
2026-08-02 03:41:47,309 [trainer.py] => Avergae Acc: 86.84
2026-08-02 03:41:47,309 [trainer.py] => (curve) top1 Acc task: [100.0, 87.41, 80.27]
2026-08-02 03:41:47,309 [trainer.py] => Avergae Acc: 89.23
2026-08-02 03:41:47,309 [trainer.py] => ================================================================================
2026-08-02 03:41:47,309 [trainer.py] => ================================================================================
2026-08-02 03:41:47,363 [splitlorav16.py] => Task 3 learning on class 207-276
2026-08-02 03:41:47,367 [toolkit.py] => Total params:     103,229,868
2026-08-02 03:41:47,367 [toolkit.py] => Trainable params: 421,701
2026-08-02 03:41:47,367 [toolkit.py] => Trainable ratio:  0.4085%
2026-08-02 03:43:08,608 [trainer.py] => Evaluation time: 0h 2m 47s
2026-08-02 03:43:08,609 [trainer.py] => Accuracy: {'total': 74.45, '00-68': 62.69, '69-137': 76.58, '138-206': 83.75, 'old': 69.51, 'new': 83.75}
2026-08-02 03:43:08,609 [trainer.py] => (curve) top1 Acc: [87.67, 80.1, 74.45]
2026-08-02 03:43:08,609 [trainer.py] => Avergae Acc: 80.74
2026-08-02 03:43:08,609 [trainer.py] => (curve) top1 Acc with task: [87.67, 87.0, 85.88]
2026-08-02 03:43:08,609 [trainer.py] => Avergae Acc: 86.85
2026-08-02 03:43:08,609 [trainer.py] => (curve) top1 Acc task: [100.0, 87.41, 80.24]
2026-08-02 03:43:08,609 [trainer.py] => Avergae Acc: 89.22
2026-08-02 03:43:08,609 [trainer.py] => ================================================================================
2026-08-02 03:43:08,609 [trainer.py] => ================================================================================
2026-08-02 03:43:08,665 [splitlorav16.py] => Task 3 learning on class 207-276
2026-08-02 03:43:08,668 [toolkit.py] => Total params:     103,229,868
2026-08-02 03:43:08,668 [toolkit.py] => Trainable params: 421,701
2026-08-02 03:43:08,668 [toolkit.py] => Trainable ratio:  0.4085%
2026-08-02 03:43:28,769 [trainer.py] => Evaluation time: 0h 2m 46s
2026-08-02 03:43:28,769 [trainer.py] => Accuracy: {'total': 74.54, '00-68': 63.05, '69-137': 76.62, '138-206': 83.63, 'old': 69.71, 'new': 83.63}
2026-08-02 03:43:28,769 [trainer.py] => (curve) top1 Acc: [87.67, 80.1, 74.54]
2026-08-02 03:43:28,769 [trainer.py] => Avergae Acc: 80.77
2026-08-02 03:43:28,769 [trainer.py] => (curve) top1 Acc with task: [87.67, 87.0, 85.84]
2026-08-02 03:43:28,769 [trainer.py] => Avergae Acc: 86.84
2026-08-02 03:43:28,769 [trainer.py] => (curve) top1 Acc task: [100.0, 87.41, 80.36]
2026-08-02 03:43:28,769 [trainer.py] => Avergae Acc: 89.26
2026-08-02 03:43:28,769 [trainer.py] => ================================================================================
2026-08-02 03:43:28,769 [trainer.py] => ================================================================================
2026-08-02 03:43:28,830 [splitlorav16.py] => Task 3 learning on class 207-276
2026-08-02 03:43:28,833 [toolkit.py] => Total params:     103,229,868
2026-08-02 03:43:28,833 [toolkit.py] => Trainable params: 421,701
2026-08-02 03:43:28,833 [toolkit.py] => Trainable ratio:  0.4085%
2026-08-02 04:58:33,294 [splitlorav16.py] => Task 3, Epoch 10/10 => Loss 0.469, Train_accy 87.54
2026-08-02 04:58:33,324 [trainer.py] => Training time: 1h 16m 46s
2026-08-02 05:00:25,556 [splitlorav16.py] => Task 3, Epoch 10/10 => Loss 0.468, Train_accy 87.61
2026-08-02 05:00:25,558 [trainer.py] => Training time: 1h 17m 16s
2026-08-02 05:00:37,718 [splitlorav16.py] => Task 3, Epoch 10/10 => Loss 0.467, Train_accy 87.64
2026-08-02 05:00:37,720 [trainer.py] => Training time: 1h 17m 8s
2026-08-02 05:02:13,412 [trainer.py] => Evaluation time: 0h 3m 40s
2026-08-02 05:02:13,412 [trainer.py] => Accuracy: {'total': 71.47, '00-68': 56.5, '69-137': 70.55, '138-206': 76.38, '207-275': 82.3, 'old': 67.9, 'new': 82.3}
2026-08-02 05:02:13,412 [trainer.py] => (curve) top1 Acc: [87.67, 80.1, 74.5, 71.47]
2026-08-02 05:02:13,412 [trainer.py] => Avergae Acc: 78.44
2026-08-02 05:02:13,412 [trainer.py] => (curve) top1 Acc with task: [87.67, 87.0, 85.85, 85.48]
2026-08-02 05:02:13,412 [trainer.py] => Avergae Acc: 86.50
2026-08-02 05:02:13,412 [trainer.py] => (curve) top1 Acc task: [100.0, 87.41, 80.27, 76.39]
2026-08-02 05:02:13,412 [trainer.py] => Avergae Acc: 86.02
2026-08-02 05:02:13,412 [trainer.py] => ================================================================================
2026-08-02 05:02:13,412 [trainer.py] => ================================================================================
2026-08-02 05:02:13,478 [splitlorav16.py] => Task 4 learning on class 276-345
2026-08-02 05:02:13,481 [toolkit.py] => Total params:     103,229,868
2026-08-02 05:02:13,481 [toolkit.py] => Trainable params: 421,701
2026-08-02 05:02:13,481 [toolkit.py] => Trainable ratio:  0.4085%
2026-08-02 05:04:06,582 [trainer.py] => Evaluation time: 0h 3m 41s
2026-08-02 05:04:06,583 [trainer.py] => Accuracy: {'total': 71.57, '00-68': 56.74, '69-137': 71.09, '138-206': 76.2, '207-275': 82.13, 'old': 68.09, 'new': 82.13}
2026-08-02 05:04:06,583 [trainer.py] => (curve) top1 Acc: [87.67, 80.1, 74.45, 71.57]
2026-08-02 05:04:06,583 [trainer.py] => Avergae Acc: 78.45
2026-08-02 05:04:06,583 [trainer.py] => (curve) top1 Acc with task: [87.67, 87.0, 85.88, 85.46]
2026-08-02 05:04:06,583 [trainer.py] => Avergae Acc: 86.50
2026-08-02 05:04:06,583 [trainer.py] => (curve) top1 Acc task: [100.0, 87.41, 80.24, 76.54]
2026-08-02 05:04:06,583 [trainer.py] => Avergae Acc: 86.05
2026-08-02 05:04:06,583 [trainer.py] => ================================================================================
2026-08-02 05:04:06,583 [trainer.py] => ================================================================================
2026-08-02 05:04:06,641 [splitlorav16.py] => Task 4 learning on class 276-345
2026-08-02 05:04:06,644 [toolkit.py] => Total params:     103,229,868
2026-08-02 05:04:06,644 [toolkit.py] => Trainable params: 421,701
2026-08-02 05:04:06,644 [toolkit.py] => Trainable ratio:  0.4085%
2026-08-02 05:04:18,046 [trainer.py] => Evaluation time: 0h 3m 40s
2026-08-02 05:04:18,046 [trainer.py] => Accuracy: {'total': 71.54, '00-68': 56.98, '69-137': 70.92, '138-206': 76.07, '207-275': 82.08, 'old': 68.07, 'new': 82.08}
2026-08-02 05:04:18,046 [trainer.py] => (curve) top1 Acc: [87.67, 80.1, 74.54, 71.54]
2026-08-02 05:04:18,047 [trainer.py] => Avergae Acc: 78.46
2026-08-02 05:04:18,047 [trainer.py] => (curve) top1 Acc with task: [87.67, 87.0, 85.84, 85.58]
2026-08-02 05:04:18,047 [trainer.py] => Avergae Acc: 86.52
2026-08-02 05:04:18,047 [trainer.py] => (curve) top1 Acc task: [100.0, 87.41, 80.36, 76.43]
2026-08-02 05:04:18,047 [trainer.py] => Avergae Acc: 86.05
2026-08-02 05:04:18,047 [trainer.py] => ================================================================================
2026-08-02 05:04:18,047 [trainer.py] => ================================================================================
2026-08-02 05:04:18,113 [splitlorav16.py] => Task 4 learning on class 276-345
2026-08-02 05:04:18,117 [toolkit.py] => Total params:     103,229,868
2026-08-02 05:04:18,117 [toolkit.py] => Trainable params: 421,701
2026-08-02 05:04:18,117 [toolkit.py] => Trainable ratio:  0.4085%
2026-08-02 06:17:28,653 [splitlorav16.py] => Task 4, Epoch 10/10 => Loss 0.450, Train_accy 88.09
2026-08-02 06:17:28,655 [trainer.py] => Training time: 1h 15m 15s
2026-08-02 06:19:42,159 [splitlorav16.py] => Task 4, Epoch 10/10 => Loss 0.455, Train_accy 88.02
2026-08-02 06:19:42,161 [trainer.py] => Training time: 1h 15m 35s
2026-08-02 06:19:56,257 [splitlorav16.py] => Task 4, Epoch 10/10 => Loss 0.453, Train_accy 88.15
2026-08-02 06:19:56,259 [trainer.py] => Training time: 1h 15m 38s
2026-08-02 06:22:00,632 [trainer.py] => Evaluation time: 0h 4m 31s
2026-08-02 06:22:00,632 [trainer.py] => Accuracy: {'total': 68.56, '00-68': 52.48, '69-137': 65.1, '138-206': 70.61, '207-275': 73.93, '276-344': 80.73, 'old': 65.57, 'new': 80.73}
2026-08-02 06:22:00,632 [trainer.py] => (curve) top1 Acc: [87.67, 80.1, 74.5, 71.47, 68.56]
2026-08-02 06:22:00,632 [trainer.py] => Avergae Acc: 76.46
2026-08-02 06:22:00,632 [trainer.py] => (curve) top1 Acc with task: [87.67, 87.0, 85.85, 85.48, 85.26]
2026-08-02 06:22:00,632 [trainer.py] => Avergae Acc: 86.25
2026-08-02 06:22:00,633 [trainer.py] => (curve) top1 Acc task: [100.0, 87.41, 80.27, 76.39, 72.7]
2026-08-02 06:22:00,633 [trainer.py] => Avergae Acc: 83.35
2026-08-02 06:22:00,633 [trainer.py] => ================================================================================
2026-08-02 06:22:04,465 [toolkit.py] => config: configs/splitlorav16/domain_seed=1993_ema=0.999.json
2026-08-02 06:22:04,466 [toolkit.py] => device: [device(type='cuda', index=1)]
2026-08-02 06:22:04,466 [toolkit.py] => debug: False
2026-08-02 06:22:04,466 [toolkit.py] => save_ckp: False
2026-08-02 06:22:04,466 [toolkit.py] => moe_list: None
2026-08-02 06:22:04,466 [toolkit.py] => seed: 1993
2026-08-02 06:22:04,466 [toolkit.py] => dataset: domainnet
2026-08-02 06:22:04,466 [toolkit.py] => data_path: data/domainnet
2026-08-02 06:22:04,466 [toolkit.py] => load: vit_base_patch16_224_in21k
2026-08-02 06:22:04,466 [toolkit.py] => init_cls: 69
2026-08-02 06:22:04,466 [toolkit.py] => increment: 69
2026-08-02 06:22:04,466 [toolkit.py] => sessions: 5
2026-08-02 06:22:04,466 [toolkit.py] => shuffle: False
2026-08-02 06:22:04,466 [toolkit.py] => method: splitlorav16
2026-08-02 06:22:04,466 [toolkit.py] => optimizer: adamw
2026-08-02 06:22:04,466 [toolkit.py] => scheduler: steplr
2026-08-02 06:22:04,466 [toolkit.py] => ema_type: EMA
2026-08-02 06:22:04,466 [toolkit.py] => epochs: 10
2026-08-02 06:22:04,466 [toolkit.py] => lrate: 0.001
2026-08-02 06:22:04,466 [toolkit.py] => lrate_head: 0.01
2026-08-02 06:22:04,466 [toolkit.py] => weight_decay: 5e-05
2026-08-02 06:22:04,466 [toolkit.py] => batch_size: 256
2026-08-02 06:22:04,466 [toolkit.py] => rank: 10
2026-08-02 06:22:04,467 [toolkit.py] => num_workers: 16
2026-08-02 06:22:04,467 [toolkit.py] => lamb: 0.95
2026-08-02 06:22:04,467 [toolkit.py] => lame: 1.0
2026-08-02 06:22:04,467 [toolkit.py] => in_dim: 768
2026-08-02 06:22:04,467 [toolkit.py] => alpha: 20
2026-08-02 06:22:04,467 [toolkit.py] => ema_decay: 0.999
2026-08-02 06:22:04,467 [toolkit.py] => ema_decay2: 0
2026-08-02 06:22:04,467 [toolkit.py] => logdir: logs/splitlorav16/domainnet/t5
2026-08-02 06:22:04,467 [toolkit.py] => logfilename: logs/splitlorav16/domainnet/t5/seed1993
2026-08-02 06:22:04,740 [data_manager.py] => Class index order: 0, 1, 2, 3, 4, ..., 340, 341, 342, 343, 344
2026-08-02 06:22:09,059 [trainer.py] => ================================================================================
2026-08-02 06:22:09,109 [splitlorav16.py] => Task 0 learning on class 0-69
2026-08-02 06:22:09,518 [toolkit.py] => Total params:     103,229,868
2026-08-02 06:22:09,518 [toolkit.py] => Trainable params: 421,701
2026-08-02 06:22:09,518 [toolkit.py] => Trainable ratio:  0.4085%
2026-08-02 06:24:17,597 [trainer.py] => Evaluation time: 0h 4m 35s
2026-08-02 06:24:17,597 [trainer.py] => Accuracy: {'total': 68.61, '00-68': 52.32, '69-137': 64.78, '138-206': 71.05, '207-275': 73.85, '276-344': 81.03, 'old': 65.54, 'new': 81.03}
2026-08-02 06:24:17,597 [trainer.py] => (curve) top1 Acc: [87.67, 80.1, 74.45, 71.57, 68.61]
2026-08-02 06:24:17,597 [trainer.py] => Avergae Acc: 76.48
2026-08-02 06:24:17,597 [trainer.py] => (curve) top1 Acc with task: [87.67, 87.0, 85.88, 85.46, 85.15]
2026-08-02 06:24:17,597 [trainer.py] => Avergae Acc: 86.23
2026-08-02 06:24:17,597 [trainer.py] => (curve) top1 Acc task: [100.0, 87.41, 80.24, 76.54, 72.72]
2026-08-02 06:24:17,597 [trainer.py] => Avergae Acc: 83.38
2026-08-02 06:24:17,597 [trainer.py] => ================================================================================
2026-08-02 06:24:21,173 [toolkit.py] => config: configs/splitlorav16/domain_seed=1993_ema=0.9999.json
2026-08-02 06:24:21,173 [toolkit.py] => device: [device(type='cuda', index=2)]
2026-08-02 06:24:21,173 [toolkit.py] => debug: False
2026-08-02 06:24:21,173 [toolkit.py] => save_ckp: False
2026-08-02 06:24:21,173 [toolkit.py] => moe_list: None
2026-08-02 06:24:21,173 [toolkit.py] => seed: 1993
2026-08-02 06:24:21,173 [toolkit.py] => dataset: domainnet
2026-08-02 06:24:21,173 [toolkit.py] => data_path: data/domainnet
2026-08-02 06:24:21,173 [toolkit.py] => load: vit_base_patch16_224_in21k
2026-08-02 06:24:21,173 [toolkit.py] => init_cls: 69
2026-08-02 06:24:21,173 [toolkit.py] => increment: 69
2026-08-02 06:24:21,174 [toolkit.py] => sessions: 5
2026-08-02 06:24:21,174 [toolkit.py] => shuffle: False
2026-08-02 06:24:21,174 [toolkit.py] => method: splitlorav16
2026-08-02 06:24:21,174 [toolkit.py] => optimizer: adamw
2026-08-02 06:24:21,174 [toolkit.py] => scheduler: steplr
2026-08-02 06:24:21,174 [toolkit.py] => ema_type: EMA
2026-08-02 06:24:21,174 [toolkit.py] => epochs: 10
2026-08-02 06:24:21,174 [toolkit.py] => lrate: 0.001
2026-08-02 06:24:21,174 [toolkit.py] => lrate_head: 0.01
2026-08-02 06:24:21,174 [toolkit.py] => weight_decay: 5e-05
2026-08-02 06:24:21,174 [toolkit.py] => batch_size: 256
2026-08-02 06:24:21,174 [toolkit.py] => rank: 10
2026-08-02 06:24:21,174 [toolkit.py] => num_workers: 16
2026-08-02 06:24:21,174 [toolkit.py] => lamb: 0.95
2026-08-02 06:24:21,174 [toolkit.py] => lame: 1.0
2026-08-02 06:24:21,174 [toolkit.py] => in_dim: 768
2026-08-02 06:24:21,174 [toolkit.py] => alpha: 20
2026-08-02 06:24:21,174 [toolkit.py] => ema_decay: 0.9999
2026-08-02 06:24:21,174 [toolkit.py] => ema_decay2: 0
2026-08-02 06:24:21,174 [toolkit.py] => logdir: logs/splitlorav16/domainnet/t5
2026-08-02 06:24:21,174 [toolkit.py] => logfilename: logs/splitlorav16/domainnet/t5/seed1993
2026-08-02 06:24:21,389 [data_manager.py] => Class index order: 0, 1, 2, 3, 4, ..., 340, 341, 342, 343, 344
2026-08-02 06:24:25,531 [trainer.py] => ================================================================================
2026-08-02 06:24:25,580 [splitlorav16.py] => Task 0 learning on class 0-69
2026-08-02 06:24:25,986 [toolkit.py] => Total params:     103,229,868
2026-08-02 06:24:25,986 [toolkit.py] => Trainable params: 421,701
2026-08-02 06:24:25,986 [toolkit.py] => Trainable ratio:  0.4085%
2026-08-02 06:24:30,226 [trainer.py] => Evaluation time: 0h 4m 33s
2026-08-02 06:24:30,227 [trainer.py] => Accuracy: {'total': 68.71, '00-68': 52.32, '69-137': 65.0, '138-206': 70.78, '207-275': 74.2, '276-344': 81.28, 'old': 65.62, 'new': 81.28}
2026-08-02 06:24:30,227 [trainer.py] => (curve) top1 Acc: [87.67, 80.1, 74.54, 71.54, 68.71]
2026-08-02 06:24:30,227 [trainer.py] => Avergae Acc: 76.51
2026-08-02 06:24:30,227 [trainer.py] => (curve) top1 Acc with task: [87.67, 87.0, 85.84, 85.58, 85.31]
2026-08-02 06:24:30,227 [trainer.py] => Avergae Acc: 86.28
2026-08-02 06:24:30,227 [trainer.py] => (curve) top1 Acc task: [100.0, 87.41, 80.36, 76.43, 72.78]
2026-08-02 06:24:30,227 [trainer.py] => Avergae Acc: 83.40
2026-08-02 06:24:30,227 [trainer.py] => ================================================================================
2026-08-02 06:24:33,740 [toolkit.py] => config: configs/splitlorav16/domain_seed=1993_ema=0.99999.json
2026-08-02 06:24:33,740 [toolkit.py] => device: [device(type='cuda', index=3)]
2026-08-02 06:24:33,740 [toolkit.py] => debug: False
2026-08-02 06:24:33,740 [toolkit.py] => save_ckp: False
2026-08-02 06:24:33,741 [toolkit.py] => moe_list: None
2026-08-02 06:24:33,741 [toolkit.py] => seed: 1993
2026-08-02 06:24:33,741 [toolkit.py] => dataset: domainnet
2026-08-02 06:24:33,741 [toolkit.py] => data_path: data/domainnet
2026-08-02 06:24:33,741 [toolkit.py] => load: vit_base_patch16_224_in21k
2026-08-02 06:24:33,741 [toolkit.py] => init_cls: 69
2026-08-02 06:24:33,741 [toolkit.py] => increment: 69
2026-08-02 06:24:33,741 [toolkit.py] => sessions: 5
2026-08-02 06:24:33,741 [toolkit.py] => shuffle: False
2026-08-02 06:24:33,741 [toolkit.py] => method: splitlorav16
2026-08-02 06:24:33,741 [toolkit.py] => optimizer: adamw
2026-08-02 06:24:33,741 [toolkit.py] => scheduler: steplr
2026-08-02 06:24:33,741 [toolkit.py] => ema_type: EMA
2026-08-02 06:24:33,741 [toolkit.py] => epochs: 10
2026-08-02 06:24:33,741 [toolkit.py] => lrate: 0.001
2026-08-02 06:24:33,741 [toolkit.py] => lrate_head: 0.01
2026-08-02 06:24:33,741 [toolkit.py] => weight_decay: 5e-05
2026-08-02 06:24:33,741 [toolkit.py] => batch_size: 256
2026-08-02 06:24:33,741 [toolkit.py] => rank: 10
2026-08-02 06:24:33,741 [toolkit.py] => num_workers: 16
2026-08-02 06:24:33,741 [toolkit.py] => lamb: 0.95
2026-08-02 06:24:33,741 [toolkit.py] => lame: 1.0
2026-08-02 06:24:33,741 [toolkit.py] => in_dim: 768
2026-08-02 06:24:33,741 [toolkit.py] => alpha: 20
2026-08-02 06:24:33,741 [toolkit.py] => ema_decay: 0.99999
2026-08-02 06:24:33,741 [toolkit.py] => ema_decay2: 0
2026-08-02 06:24:33,741 [toolkit.py] => logdir: logs/splitlorav16/domainnet/t5
2026-08-02 06:24:33,741 [toolkit.py] => logfilename: logs/splitlorav16/domainnet/t5/seed1993
2026-08-02 06:24:33,952 [data_manager.py] => Class index order: 0, 1, 2, 3, 4, ..., 340, 341, 342, 343, 344
2026-08-02 06:24:38,413 [trainer.py] => ================================================================================
2026-08-02 06:24:38,461 [splitlorav16.py] => Task 0 learning on class 0-69
2026-08-02 06:24:38,880 [toolkit.py] => Total params:     103,229,868
2026-08-02 06:24:38,880 [toolkit.py] => Trainable params: 421,701
2026-08-02 06:24:38,880 [toolkit.py] => Trainable ratio:  0.4085%
2026-08-02 07:34:57,732 [toolkit.py] => config: configs/splitlorav16/domain_seed=1993_ema=0.99.json
2026-08-02 07:34:57,732 [toolkit.py] => device: [device(type='cuda', index=4)]
2026-08-02 07:34:57,732 [toolkit.py] => debug: False
2026-08-02 07:34:57,732 [toolkit.py] => save_ckp: False
2026-08-02 07:34:57,732 [toolkit.py] => moe_list: None
2026-08-02 07:34:57,732 [toolkit.py] => seed: 1993
2026-08-02 07:34:57,732 [toolkit.py] => dataset: domainnet
2026-08-02 07:34:57,733 [toolkit.py] => data_path: data/domainnet
2026-08-02 07:34:57,733 [toolkit.py] => load: vit_base_patch16_224_in21k
2026-08-02 07:34:57,733 [toolkit.py] => init_cls: 69
2026-08-02 07:34:57,733 [toolkit.py] => increment: 69
2026-08-02 07:34:57,733 [toolkit.py] => sessions: 5
2026-08-02 07:34:57,733 [toolkit.py] => shuffle: False
2026-08-02 07:34:57,733 [toolkit.py] => method: splitlorav16
2026-08-02 07:34:57,733 [toolkit.py] => optimizer: adamw
2026-08-02 07:34:57,733 [toolkit.py] => scheduler: steplr
2026-08-02 07:34:57,733 [toolkit.py] => ema_type: EMA
2026-08-02 07:34:57,733 [toolkit.py] => epochs: 10
2026-08-02 07:34:57,733 [toolkit.py] => lrate: 0.001
2026-08-02 07:34:57,733 [toolkit.py] => lrate_head: 0.01
2026-08-02 07:34:57,733 [toolkit.py] => weight_decay: 5e-05
2026-08-02 07:34:57,733 [toolkit.py] => batch_size: 256
2026-08-02 07:34:57,733 [toolkit.py] => rank: 10
2026-08-02 07:34:57,733 [toolkit.py] => num_workers: 16
2026-08-02 07:34:57,733 [toolkit.py] => lamb: 0.95
2026-08-02 07:34:57,733 [toolkit.py] => lame: 1.0
2026-08-02 07:34:57,733 [toolkit.py] => in_dim: 768
2026-08-02 07:34:57,733 [toolkit.py] => alpha: 20
2026-08-02 07:34:57,733 [toolkit.py] => ema_decay: 0.99
2026-08-02 07:34:57,733 [toolkit.py] => ema_decay2: 0
2026-08-02 07:34:57,733 [toolkit.py] => logdir: logs/splitlorav16/domainnet/t5
2026-08-02 07:34:57,733 [toolkit.py] => logfilename: logs/splitlorav16/domainnet/t5/seed1993
2026-08-02 07:34:57,946 [data_manager.py] => Class index order: 0, 1, 2, 3, 4, ..., 340, 341, 342, 343, 344
2026-08-02 07:35:02,115 [trainer.py] => ================================================================================
2026-08-02 07:35:02,166 [splitlorav16.py] => Task 0 learning on class 0-69
2026-08-02 07:35:02,573 [toolkit.py] => Total params:     103,229,868
2026-08-02 07:35:02,573 [toolkit.py] => Trainable params: 421,701
2026-08-02 07:35:02,573 [toolkit.py] => Trainable ratio:  0.4085%
2026-08-02 07:37:58,307 [splitlorav16.py] => Task 0, Epoch 10/10 => Loss 0.465, Train_accy 87.84
2026-08-02 07:37:58,308 [trainer.py] => Training time: 1h 15m 49s
2026-08-02 07:38:54,282 [trainer.py] => Evaluation time: 0h 0m 55s
2026-08-02 07:38:54,282 [trainer.py] => Accuracy: {'total': 87.67, '00-68': 87.67, 'old': 0, 'new': 87.67}
2026-08-02 07:38:54,282 [trainer.py] => (curve) top1 Acc: [87.67]
2026-08-02 07:38:54,282 [trainer.py] => Avergae Acc: 87.67
2026-08-02 07:38:54,282 [trainer.py] => (curve) top1 Acc with task: [87.67]
2026-08-02 07:38:54,282 [trainer.py] => Avergae Acc: 87.67
2026-08-02 07:38:54,282 [trainer.py] => (curve) top1 Acc task: [100.0]
2026-08-02 07:38:54,282 [trainer.py] => Avergae Acc: 100.00
2026-08-02 07:38:54,282 [trainer.py] => ================================================================================
2026-08-02 07:38:54,282 [trainer.py] => ================================================================================
2026-08-02 07:38:54,337 [splitlorav16.py] => Task 1 learning on class 69-138
2026-08-02 07:38:54,341 [toolkit.py] => Total params:     103,229,868
2026-08-02 07:38:54,341 [toolkit.py] => Trainable params: 421,701
2026-08-02 07:38:54,341 [toolkit.py] => Trainable ratio:  0.4085%
2026-08-02 07:40:32,222 [splitlorav16.py] => Task 0, Epoch 10/10 => Loss 0.465, Train_accy 87.84
2026-08-02 07:40:32,223 [trainer.py] => Training time: 1h 16m 6s
2026-08-02 07:40:58,731 [splitlorav16.py] => Task 0, Epoch 10/10 => Loss 0.465, Train_accy 87.84
2026-08-02 07:40:58,732 [trainer.py] => Training time: 1h 16m 20s
2026-08-02 07:41:28,327 [trainer.py] => Evaluation time: 0h 0m 56s
2026-08-02 07:41:28,327 [trainer.py] => Accuracy: {'total': 87.67, '00-68': 87.67, 'old': 0, 'new': 87.67}
2026-08-02 07:41:28,327 [trainer.py] => (curve) top1 Acc: [87.67]
2026-08-02 07:41:28,327 [trainer.py] => Avergae Acc: 87.67
2026-08-02 07:41:28,327 [trainer.py] => (curve) top1 Acc with task: [87.67]
2026-08-02 07:41:28,327 [trainer.py] => Avergae Acc: 87.67
2026-08-02 07:41:28,327 [trainer.py] => (curve) top1 Acc task: [100.0]
2026-08-02 07:41:28,327 [trainer.py] => Avergae Acc: 100.00
2026-08-02 07:41:28,327 [trainer.py] => ================================================================================
2026-08-02 07:41:28,327 [trainer.py] => ================================================================================
2026-08-02 07:41:28,382 [splitlorav16.py] => Task 1 learning on class 69-138
2026-08-02 07:41:28,385 [toolkit.py] => Total params:     103,229,868
2026-08-02 07:41:28,385 [toolkit.py] => Trainable params: 421,701
2026-08-02 07:41:28,386 [toolkit.py] => Trainable ratio:  0.4085%
2026-08-02 07:41:55,357 [trainer.py] => Evaluation time: 0h 0m 56s
2026-08-02 07:41:55,357 [trainer.py] => Accuracy: {'total': 87.67, '00-68': 87.67, 'old': 0, 'new': 87.67}
2026-08-02 07:41:55,358 [trainer.py] => (curve) top1 Acc: [87.67]
2026-08-02 07:41:55,358 [trainer.py] => Avergae Acc: 87.67
2026-08-02 07:41:55,358 [trainer.py] => (curve) top1 Acc with task: [87.67]
2026-08-02 07:41:55,358 [trainer.py] => Avergae Acc: 87.67
2026-08-02 07:41:55,358 [trainer.py] => (curve) top1 Acc task: [100.0]
2026-08-02 07:41:55,358 [trainer.py] => Avergae Acc: 100.00
2026-08-02 07:41:55,358 [trainer.py] => ================================================================================
2026-08-02 07:41:55,358 [trainer.py] => ================================================================================
2026-08-02 07:41:55,412 [splitlorav16.py] => Task 1 learning on class 69-138
2026-08-02 07:41:55,416 [toolkit.py] => Total params:     103,229,868
2026-08-02 07:41:55,416 [toolkit.py] => Trainable params: 421,701
2026-08-02 07:41:55,416 [toolkit.py] => Trainable ratio:  0.4085%
2026-08-02 08:50:00,496 [splitlorav16.py] => Task 0, Epoch 10/10 => Loss 0.465, Train_accy 87.84
2026-08-02 08:50:00,496 [trainer.py] => Training time: 1h 14m 58s
2026-08-02 08:50:56,061 [trainer.py] => Evaluation time: 0h 0m 55s
2026-08-02 08:50:56,061 [trainer.py] => Accuracy: {'total': 87.67, '00-68': 87.67, 'old': 0, 'new': 87.67}
2026-08-02 08:50:56,061 [trainer.py] => (curve) top1 Acc: [87.67]
2026-08-02 08:50:56,061 [trainer.py] => Avergae Acc: 87.67
2026-08-02 08:50:56,061 [trainer.py] => (curve) top1 Acc with task: [87.67]
2026-08-02 08:50:56,061 [trainer.py] => Avergae Acc: 87.67
2026-08-02 08:50:56,062 [trainer.py] => (curve) top1 Acc task: [100.0]
2026-08-02 08:50:56,062 [trainer.py] => Avergae Acc: 100.00
2026-08-02 08:50:56,062 [trainer.py] => ================================================================================
2026-08-02 08:50:56,062 [trainer.py] => ================================================================================
2026-08-02 08:50:56,116 [splitlorav16.py] => Task 1 learning on class 69-138
2026-08-02 08:50:56,120 [toolkit.py] => Total params:     103,229,868
2026-08-02 08:50:56,120 [toolkit.py] => Trainable params: 421,701
2026-08-02 08:50:56,120 [toolkit.py] => Trainable ratio:  0.4085%
2026-08-02 08:52:16,026 [splitlorav16.py] => Task 1, Epoch 10/10 => Loss 0.472, Train_accy 87.67
2026-08-02 08:52:16,028 [trainer.py] => Training time: 1h 13m 21s
2026-08-02 08:54:04,489 [trainer.py] => Evaluation time: 0h 1m 48s
2026-08-02 08:54:04,490 [trainer.py] => Accuracy: {'total': 80.76, '00-68': 75.61, '69-137': 86.11, 'old': 75.61, 'new': 86.11}
2026-08-02 08:54:04,490 [trainer.py] => (curve) top1 Acc: [87.67, 80.76]
2026-08-02 08:54:04,490 [trainer.py] => Avergae Acc: 84.22
2026-08-02 08:54:04,490 [trainer.py] => (curve) top1 Acc with task: [87.67, 87.38]
2026-08-02 08:54:04,490 [trainer.py] => Avergae Acc: 87.53
2026-08-02 08:54:04,490 [trainer.py] => (curve) top1 Acc task: [100.0, 88.01]
2026-08-02 08:54:04,490 [trainer.py] => Avergae Acc: 94.00
2026-08-02 08:54:04,490 [trainer.py] => ================================================================================
2026-08-02 08:54:04,490 [trainer.py] => ================================================================================
2026-08-02 08:54:04,545 [splitlorav16.py] => Task 2 learning on class 138-207
2026-08-02 08:54:04,549 [toolkit.py] => Total params:     103,229,868
2026-08-02 08:54:04,549 [toolkit.py] => Trainable params: 421,701
2026-08-02 08:54:04,549 [toolkit.py] => Trainable ratio:  0.4085%
2026-08-02 08:55:00,928 [splitlorav16.py] => Task 1, Epoch 10/10 => Loss 0.472, Train_accy 87.67
2026-08-02 08:55:00,930 [trainer.py] => Training time: 1h 13m 32s
2026-08-02 08:55:54,329 [splitlorav16.py] => Task 1, Epoch 10/10 => Loss 0.472, Train_accy 87.67
2026-08-02 08:55:54,331 [trainer.py] => Training time: 1h 13m 58s
2026-08-02 08:56:50,013 [trainer.py] => Evaluation time: 0h 1m 49s
2026-08-02 08:56:50,014 [trainer.py] => Accuracy: {'total': 81.67, '00-68': 80.65, '69-137': 82.73, 'old': 80.65, 'new': 82.73}
2026-08-02 08:56:50,014 [trainer.py] => (curve) top1 Acc: [87.67, 81.67]
2026-08-02 08:56:50,014 [trainer.py] => Avergae Acc: 84.67
2026-08-02 08:56:50,014 [trainer.py] => (curve) top1 Acc with task: [87.67, 87.17]
2026-08-02 08:56:50,014 [trainer.py] => Avergae Acc: 87.42
2026-08-02 08:56:50,014 [trainer.py] => (curve) top1 Acc task: [100.0, 89.14]
2026-08-02 08:56:50,014 [trainer.py] => Avergae Acc: 94.57
2026-08-02 08:56:50,014 [trainer.py] => ================================================================================
2026-08-02 08:56:50,014 [trainer.py] => ================================================================================
2026-08-02 08:56:50,071 [splitlorav16.py] => Task 2 learning on class 138-207
2026-08-02 08:56:50,075 [toolkit.py] => Total params:     103,229,868
2026-08-02 08:56:50,075 [toolkit.py] => Trainable params: 421,701
2026-08-02 08:56:50,075 [toolkit.py] => Trainable ratio:  0.4085%
2026-08-02 08:57:44,432 [trainer.py] => Evaluation time: 0h 1m 50s
2026-08-02 08:57:44,432 [trainer.py] => Accuracy: {'total': 81.12, '00-68': 81.42, '69-137': 80.81, 'old': 81.42, 'new': 80.81}
2026-08-02 08:57:44,432 [trainer.py] => (curve) top1 Acc: [87.67, 81.12]
2026-08-02 08:57:44,432 [trainer.py] => Avergae Acc: 84.40
2026-08-02 08:57:44,432 [trainer.py] => (curve) top1 Acc with task: [87.67, 86.58]
2026-08-02 08:57:44,432 [trainer.py] => Avergae Acc: 87.12
2026-08-02 08:57:44,432 [trainer.py] => (curve) top1 Acc task: [100.0, 88.86]
2026-08-02 08:57:44,432 [trainer.py] => Avergae Acc: 94.43
2026-08-02 08:57:44,432 [trainer.py] => ================================================================================
2026-08-02 08:57:44,432 [trainer.py] => ================================================================================
2026-08-02 08:57:44,490 [splitlorav16.py] => Task 2 learning on class 138-207
2026-08-02 08:57:44,494 [toolkit.py] => Total params:     103,229,868
2026-08-02 08:57:44,494 [toolkit.py] => Trainable params: 421,701
2026-08-02 08:57:44,494 [toolkit.py] => Trainable ratio:  0.4085%
2026-08-02 10:03:28,977 [splitlorav16.py] => Task 1, Epoch 10/10 => Loss 0.472, Train_accy 87.67
2026-08-02 10:03:28,979 [trainer.py] => Training time: 1h 12m 32s
2026-08-02 10:05:16,383 [trainer.py] => Evaluation time: 0h 1m 47s
2026-08-02 10:05:16,383 [trainer.py] => Accuracy: {'total': 80.09, '00-68': 74.26, '69-137': 86.15, 'old': 74.26, 'new': 86.15}
2026-08-02 10:05:16,383 [trainer.py] => (curve) top1 Acc: [87.67, 80.09]
2026-08-02 10:05:16,383 [trainer.py] => Avergae Acc: 83.88
2026-08-02 10:05:16,383 [trainer.py] => (curve) top1 Acc with task: [87.67, 87.01]
2026-08-02 10:05:16,383 [trainer.py] => Avergae Acc: 87.34
2026-08-02 10:05:16,383 [trainer.py] => (curve) top1 Acc task: [100.0, 87.41]
2026-08-02 10:05:16,383 [trainer.py] => Avergae Acc: 93.70
2026-08-02 10:05:16,383 [trainer.py] => ================================================================================
2026-08-02 10:05:16,383 [trainer.py] => ================================================================================
2026-08-02 10:05:16,439 [splitlorav16.py] => Task 2 learning on class 138-207
2026-08-02 10:05:16,443 [toolkit.py] => Total params:     103,229,868
2026-08-02 10:05:16,443 [toolkit.py] => Trainable params: 421,701
2026-08-02 10:05:16,443 [toolkit.py] => Trainable ratio:  0.4085%
2026-08-02 10:13:10,869 [splitlorav16.py] => Task 2, Epoch 10/10 => Loss 0.516, Train_accy 86.37
2026-08-02 10:13:10,870 [trainer.py] => Training time: 1h 19m 6s
2026-08-02 10:15:55,410 [trainer.py] => Evaluation time: 0h 2m 44s
2026-08-02 10:15:55,410 [trainer.py] => Accuracy: {'total': 75.54, '00-68': 64.89, '69-137': 77.6, '138-206': 83.84, 'old': 71.13, 'new': 83.84}
2026-08-02 10:15:55,410 [trainer.py] => (curve) top1 Acc: [87.67, 80.76, 75.54]
2026-08-02 10:15:55,410 [trainer.py] => Avergae Acc: 81.32
2026-08-02 10:15:55,410 [trainer.py] => (curve) top1 Acc with task: [87.67, 87.38, 86.42]
2026-08-02 10:15:55,410 [trainer.py] => Avergae Acc: 87.16
2026-08-02 10:15:55,411 [trainer.py] => (curve) top1 Acc task: [100.0, 88.01, 81.16]
2026-08-02 10:15:55,411 [trainer.py] => Avergae Acc: 89.72
2026-08-02 10:15:55,411 [trainer.py] => ================================================================================
2026-08-02 10:15:55,411 [trainer.py] => ================================================================================
2026-08-02 10:15:55,465 [splitlorav16.py] => Task 3 learning on class 207-276
2026-08-02 10:15:55,469 [toolkit.py] => Total params:     103,229,868
2026-08-02 10:15:55,469 [toolkit.py] => Trainable params: 421,701
2026-08-02 10:15:55,469 [toolkit.py] => Trainable ratio:  0.4085%
2026-08-02 10:16:18,834 [splitlorav16.py] => Task 2, Epoch 10/10 => Loss 0.520, Train_accy 86.36
2026-08-02 10:16:18,836 [trainer.py] => Training time: 1h 19m 28s
2026-08-02 10:17:29,435 [splitlorav16.py] => Task 2, Epoch 10/10 => Loss 0.523, Train_accy 86.21
2026-08-02 10:17:29,437 [trainer.py] => Training time: 1h 19m 45s
2026-08-02 10:19:04,996 [trainer.py] => Evaluation time: 0h 2m 46s
2026-08-02 10:19:04,997 [trainer.py] => Accuracy: {'total': 77.43, '00-68': 74.44, '69-137': 78.56, '138-206': 79.25, 'old': 76.46, 'new': 79.25}
2026-08-02 10:19:04,997 [trainer.py] => (curve) top1 Acc: [87.67, 81.67, 77.43]
2026-08-02 10:19:04,997 [trainer.py] => Avergae Acc: 82.26
2026-08-02 10:19:04,997 [trainer.py] => (curve) top1 Acc with task: [87.67, 87.17, 86.54]
2026-08-02 10:19:04,997 [trainer.py] => Avergae Acc: 87.13
2026-08-02 10:19:04,997 [trainer.py] => (curve) top1 Acc task: [100.0, 89.14, 83.27]
2026-08-02 10:19:04,997 [trainer.py] => Avergae Acc: 90.80
2026-08-02 10:19:04,997 [trainer.py] => ================================================================================
2026-08-02 10:19:04,997 [trainer.py] => ================================================================================
2026-08-02 10:19:05,054 [splitlorav16.py] => Task 3 learning on class 207-276
2026-08-02 10:19:05,058 [toolkit.py] => Total params:     103,229,868
2026-08-02 10:19:05,058 [toolkit.py] => Trainable params: 421,701
2026-08-02 10:19:05,058 [toolkit.py] => Trainable ratio:  0.4085%
2026-08-02 10:20:15,665 [trainer.py] => Evaluation time: 0h 2m 46s
2026-08-02 10:20:15,665 [trainer.py] => Accuracy: {'total': 76.68, '00-68': 76.32, '69-137': 76.72, '138-206': 76.98, 'old': 76.51, 'new': 76.98}
2026-08-02 10:20:15,665 [trainer.py] => (curve) top1 Acc: [87.67, 81.12, 76.68]
2026-08-02 10:20:15,665 [trainer.py] => Avergae Acc: 81.82
2026-08-02 10:20:15,666 [trainer.py] => (curve) top1 Acc with task: [87.67, 86.58, 85.63]
2026-08-02 10:20:15,666 [trainer.py] => Avergae Acc: 86.63
2026-08-02 10:20:15,666 [trainer.py] => (curve) top1 Acc task: [100.0, 88.86, 82.96]
2026-08-02 10:20:15,666 [trainer.py] => Avergae Acc: 90.61
2026-08-02 10:20:15,666 [trainer.py] => ================================================================================
2026-08-02 10:20:15,666 [trainer.py] => ================================================================================
2026-08-02 10:20:15,739 [splitlorav16.py] => Task 3 learning on class 207-276
2026-08-02 10:20:15,743 [toolkit.py] => Total params:     103,229,868
2026-08-02 10:20:15,743 [toolkit.py] => Trainable params: 421,701
2026-08-02 10:20:15,743 [toolkit.py] => Trainable ratio:  0.4085%
2026-08-02 11:23:34,667 [splitlorav16.py] => Task 2, Epoch 10/10 => Loss 0.518, Train_accy 86.33
2026-08-02 11:23:34,669 [trainer.py] => Training time: 1h 18m 18s
2026-08-02 11:26:18,351 [trainer.py] => Evaluation time: 0h 2m 43s
2026-08-02 11:26:18,351 [trainer.py] => Accuracy: {'total': 74.52, '00-68': 62.78, '69-137': 76.58, '138-206': 83.86, 'old': 69.55, 'new': 83.86}
2026-08-02 11:26:18,351 [trainer.py] => (curve) top1 Acc: [87.67, 80.09, 74.52]
2026-08-02 11:26:18,351 [trainer.py] => Avergae Acc: 80.76
2026-08-02 11:26:18,351 [trainer.py] => (curve) top1 Acc with task: [87.67, 87.01, 85.8]
2026-08-02 11:26:18,352 [trainer.py] => Avergae Acc: 86.83
2026-08-02 11:26:18,352 [trainer.py] => (curve) top1 Acc task: [100.0, 87.41, 80.26]
2026-08-02 11:26:18,352 [trainer.py] => Avergae Acc: 89.22
2026-08-02 11:26:18,352 [trainer.py] => ================================================================================
2026-08-02 11:26:18,352 [trainer.py] => ================================================================================
2026-08-02 11:26:18,406 [splitlorav16.py] => Task 3 learning on class 207-276
2026-08-02 11:26:18,410 [toolkit.py] => Total params:     103,229,868
2026-08-02 11:26:18,410 [toolkit.py] => Trainable params: 421,701
2026-08-02 11:26:18,410 [toolkit.py] => Trainable ratio:  0.4085%
2026-08-02 11:32:36,313 [splitlorav16.py] => Task 3, Epoch 10/10 => Loss 0.465, Train_accy 87.81
2026-08-02 11:32:36,315 [trainer.py] => Training time: 1h 16m 40s
2026-08-02 11:36:08,672 [splitlorav16.py] => Task 3, Epoch 10/10 => Loss 0.467, Train_accy 87.72
2026-08-02 11:36:08,673 [trainer.py] => Training time: 1h 17m 3s
2026-08-02 11:36:15,045 [trainer.py] => Evaluation time: 0h 3m 38s
2026-08-02 11:36:15,046 [trainer.py] => Accuracy: {'total': 72.39, '00-68': 58.16, '69-137': 71.82, '138-206': 77.2, '207-275': 82.28, 'old': 69.14, 'new': 82.28}
2026-08-02 11:36:15,046 [trainer.py] => (curve) top1 Acc: [87.67, 80.76, 75.54, 72.39]
2026-08-02 11:36:15,046 [trainer.py] => Avergae Acc: 79.09
2026-08-02 11:36:15,046 [trainer.py] => (curve) top1 Acc with task: [87.67, 87.38, 86.42, 86.11]
2026-08-02 11:36:15,046 [trainer.py] => Avergae Acc: 86.90
2026-08-02 11:36:15,046 [trainer.py] => (curve) top1 Acc task: [100.0, 88.01, 81.16, 77.24]
2026-08-02 11:36:15,046 [trainer.py] => Avergae Acc: 86.60
2026-08-02 11:36:15,046 [trainer.py] => ================================================================================
2026-08-02 11:36:15,046 [trainer.py] => ================================================================================
2026-08-02 11:36:15,104 [splitlorav16.py] => Task 4 learning on class 276-345
2026-08-02 11:36:15,107 [toolkit.py] => Total params:     103,229,868
2026-08-02 11:36:15,107 [toolkit.py] => Trainable params: 421,701
2026-08-02 11:36:15,107 [toolkit.py] => Trainable ratio:  0.4085%
2026-08-02 11:37:33,131 [splitlorav16.py] => Task 3, Epoch 10/10 => Loss 0.471, Train_accy 87.60
2026-08-02 11:37:33,133 [trainer.py] => Training time: 1h 17m 17s
2026-08-02 11:39:47,977 [trainer.py] => Evaluation time: 0h 3m 39s
2026-08-02 11:39:47,977 [trainer.py] => Accuracy: {'total': 74.79, '00-68': 68.72, '69-137': 75.39, '138-206': 77.15, '207-275': 77.87, 'old': 73.78, 'new': 77.87}
2026-08-02 11:39:47,977 [trainer.py] => (curve) top1 Acc: [87.67, 81.67, 77.43, 74.79]
2026-08-02 11:39:47,978 [trainer.py] => Avergae Acc: 80.39
2026-08-02 11:39:47,978 [trainer.py] => (curve) top1 Acc with task: [87.67, 87.17, 86.54, 86.42]
2026-08-02 11:39:47,978 [trainer.py] => Avergae Acc: 86.95
2026-08-02 11:39:47,978 [trainer.py] => (curve) top1 Acc task: [100.0, 89.14, 83.27, 79.67]
2026-08-02 11:39:47,978 [trainer.py] => Avergae Acc: 88.02
2026-08-02 11:39:47,978 [trainer.py] => ================================================================================
2026-08-02 11:39:47,978 [trainer.py] => ================================================================================
2026-08-02 11:39:48,038 [splitlorav16.py] => Task 4 learning on class 276-345
2026-08-02 11:39:48,042 [toolkit.py] => Total params:     103,229,868
2026-08-02 11:39:48,042 [toolkit.py] => Trainable params: 421,701
2026-08-02 11:39:48,042 [toolkit.py] => Trainable ratio:  0.4085%
2026-08-02 11:41:13,133 [trainer.py] => Evaluation time: 0h 3m 39s
2026-08-02 11:41:13,134 [trainer.py] => Accuracy: {'total': 73.82, '00-68': 71.65, '69-137': 73.64, '138-206': 74.84, '207-275': 75.11, 'old': 73.39, 'new': 75.11}
2026-08-02 11:41:13,134 [trainer.py] => (curve) top1 Acc: [87.67, 81.12, 76.68, 73.82]
2026-08-02 11:41:13,134 [trainer.py] => Avergae Acc: 79.82
2026-08-02 11:41:13,134 [trainer.py] => (curve) top1 Acc with task: [87.67, 86.58, 85.63, 85.37]
2026-08-02 11:41:13,134 [trainer.py] => Avergae Acc: 86.31
2026-08-02 11:41:13,134 [trainer.py] => (curve) top1 Acc task: [100.0, 88.86, 82.96, 79.02]
2026-08-02 11:41:13,134 [trainer.py] => Avergae Acc: 87.71
2026-08-02 11:41:13,134 [trainer.py] => ================================================================================
2026-08-02 11:41:13,134 [trainer.py] => ================================================================================
2026-08-02 11:41:13,192 [splitlorav16.py] => Task 4 learning on class 276-345
2026-08-02 11:41:13,196 [toolkit.py] => Total params:     103,229,868
2026-08-02 11:41:13,196 [toolkit.py] => Trainable params: 421,701
2026-08-02 11:41:13,196 [toolkit.py] => Trainable ratio:  0.4085%
2026-08-02 12:42:15,476 [splitlorav16.py] => Task 3, Epoch 10/10 => Loss 0.467, Train_accy 87.64
2026-08-02 12:42:15,478 [trainer.py] => Training time: 1h 15m 57s
2026-08-02 12:45:53,080 [trainer.py] => Evaluation time: 0h 3m 37s
2026-08-02 12:45:53,081 [trainer.py] => Accuracy: {'total': 71.41, '00-68': 56.38, '69-137': 70.69, '138-206': 76.11, '207-275': 82.37, 'old': 67.81, 'new': 82.37}
2026-08-02 12:45:53,081 [trainer.py] => (curve) top1 Acc: [87.67, 80.09, 74.52, 71.41]
2026-08-02 12:45:53,081 [trainer.py] => Avergae Acc: 78.42
2026-08-02 12:45:53,081 [trainer.py] => (curve) top1 Acc with task: [87.67, 87.01, 85.8, 85.52]
2026-08-02 12:45:53,081 [trainer.py] => Avergae Acc: 86.50
2026-08-02 12:45:53,081 [trainer.py] => (curve) top1 Acc task: [100.0, 87.41, 80.26, 76.42]
2026-08-02 12:45:53,081 [trainer.py] => Avergae Acc: 86.02
2026-08-02 12:45:53,081 [trainer.py] => ================================================================================
2026-08-02 12:45:53,081 [trainer.py] => ================================================================================
2026-08-02 12:45:53,143 [splitlorav16.py] => Task 4 learning on class 276-345
2026-08-02 12:45:53,146 [toolkit.py] => Total params:     103,229,868
2026-08-02 12:45:53,147 [toolkit.py] => Trainable params: 421,701
2026-08-02 12:45:53,147 [toolkit.py] => Trainable ratio:  0.4085%
2026-08-02 12:51:26,775 [splitlorav16.py] => Task 4, Epoch 10/10 => Loss 0.449, Train_accy 88.16
2026-08-02 12:51:26,777 [trainer.py] => Training time: 1h 15m 11s
2026-08-02 12:55:11,061 [splitlorav16.py] => Task 4, Epoch 10/10 => Loss 0.451, Train_accy 88.15
2026-08-02 12:55:11,063 [trainer.py] => Training time: 1h 15m 23s
2026-08-02 12:55:59,432 [trainer.py] => Evaluation time: 0h 4m 32s
2026-08-02 12:55:59,432 [trainer.py] => Accuracy: {'total': 69.76, '00-68': 54.05, '69-137': 66.24, '138-206': 72.49, '207-275': 75.63, '276-344': 80.4, 'old': 67.15, 'new': 80.4}
2026-08-02 12:55:59,432 [trainer.py] => (curve) top1 Acc: [87.67, 80.76, 75.54, 72.39, 69.76]
2026-08-02 12:55:59,432 [trainer.py] => Avergae Acc: 77.22
2026-08-02 12:55:59,432 [trainer.py] => (curve) top1 Acc with task: [87.67, 87.38, 86.42, 86.11, 85.86]
2026-08-02 12:55:59,432 [trainer.py] => Avergae Acc: 86.69
2026-08-02 12:55:59,432 [trainer.py] => (curve) top1 Acc task: [100.0, 88.01, 81.16, 77.24, 73.76]
2026-08-02 12:55:59,432 [trainer.py] => Avergae Acc: 84.03
2026-08-02 12:55:59,432 [trainer.py] => ================================================================================
2026-08-02 12:56:55,086 [splitlorav16.py] => Task 4, Epoch 10/10 => Loss 0.457, Train_accy 88.02
2026-08-02 12:56:55,088 [trainer.py] => Training time: 1h 15m 41s
2026-08-02 12:59:48,557 [trainer.py] => Evaluation time: 0h 4m 37s
2026-08-02 12:59:48,557 [trainer.py] => Accuracy: {'total': 72.55, '00-68': 65.48, '69-137': 71.99, '138-206': 74.65, '207-275': 74.96, '276-344': 75.62, 'old': 71.79, 'new': 75.62}
2026-08-02 12:59:48,557 [trainer.py] => (curve) top1 Acc: [87.67, 81.67, 77.43, 74.79, 72.55]
2026-08-02 12:59:48,557 [trainer.py] => Avergae Acc: 78.82
2026-08-02 12:59:48,557 [trainer.py] => (curve) top1 Acc with task: [87.67, 87.17, 86.54, 86.42, 86.44]
2026-08-02 12:59:48,558 [trainer.py] => Avergae Acc: 86.85
2026-08-02 12:59:48,558 [trainer.py] => (curve) top1 Acc task: [100.0, 89.14, 83.27, 79.67, 76.62]
2026-08-02 12:59:48,558 [trainer.py] => Avergae Acc: 85.74
2026-08-02 12:59:48,558 [trainer.py] => ================================================================================
2026-08-02 13:01:31,287 [trainer.py] => Evaluation time: 0h 4m 36s
2026-08-02 13:01:31,287 [trainer.py] => Accuracy: {'total': 71.46, '00-68': 69.35, '69-137': 70.78, '138-206': 72.73, '207-275': 72.47, '276-344': 71.9, 'old': 71.35, 'new': 71.9}
2026-08-02 13:01:31,287 [trainer.py] => (curve) top1 Acc: [87.67, 81.12, 76.68, 73.82, 71.46]
2026-08-02 13:01:31,288 [trainer.py] => Avergae Acc: 78.15
2026-08-02 13:01:31,288 [trainer.py] => (curve) top1 Acc with task: [87.67, 86.58, 85.63, 85.37, 85.35]
2026-08-02 13:01:31,288 [trainer.py] => Avergae Acc: 86.12
2026-08-02 13:01:31,288 [trainer.py] => (curve) top1 Acc task: [100.0, 88.86, 82.96, 79.02, 75.76]
2026-08-02 13:01:31,288 [trainer.py] => Avergae Acc: 85.32
2026-08-02 13:01:31,288 [trainer.py] => ================================================================================
2026-08-02 14:00:33,427 [splitlorav16.py] => Task 4, Epoch 10/10 => Loss 0.450, Train_accy 88.18
2026-08-02 14:00:33,456 [trainer.py] => Training time: 1h 14m 40s
2026-08-02 14:05:06,704 [trainer.py] => Evaluation time: 0h 4m 33s
2026-08-02 14:05:06,705 [trainer.py] => Accuracy: {'total': 68.74, '00-68': 52.75, '69-137': 64.73, '138-206': 71.11, '207-275': 74.55, '276-344': 80.55, 'old': 65.83, 'new': 80.55}
2026-08-02 14:05:06,705 [trainer.py] => (curve) top1 Acc: [87.67, 80.09, 74.52, 71.41, 68.74]
2026-08-02 14:05:06,705 [trainer.py] => Avergae Acc: 76.49
2026-08-02 14:05:06,705 [trainer.py] => (curve) top1 Acc with task: [87.67, 87.01, 85.8, 85.52, 85.18]
2026-08-02 14:05:06,705 [trainer.py] => Avergae Acc: 86.24
2026-08-02 14:05:06,705 [trainer.py] => (curve) top1 Acc task: [100.0, 87.41, 80.26, 76.42, 72.86]
2026-08-02 14:05:06,705 [trainer.py] => Avergae Acc: 83.39
2026-08-02 14:05:06,705 [trainer.py] => ================================================================================
2026-08-02 14:49:29,207 [toolkit.py] => config: configs/splitlorav16/domain_seed=1993_Cum_avg.json
2026-08-02 14:49:29,207 [toolkit.py] => device: [device(type='cuda', index=2)]
2026-08-02 14:49:29,207 [toolkit.py] => debug: False
2026-08-02 14:49:29,207 [toolkit.py] => save_ckp: False
2026-08-02 14:49:29,207 [toolkit.py] => moe_list: None
2026-08-02 14:49:29,207 [toolkit.py] => seed: 1993
2026-08-02 14:49:29,207 [toolkit.py] => dataset: domainnet
2026-08-02 14:49:29,207 [toolkit.py] => data_path: data/domainnet
2026-08-02 14:49:29,207 [toolkit.py] => load: vit_base_patch16_224_in21k
2026-08-02 14:49:29,207 [toolkit.py] => init_cls: 69
2026-08-02 14:49:29,207 [toolkit.py] => increment: 69
2026-08-02 14:49:29,207 [toolkit.py] => sessions: 5
2026-08-02 14:49:29,207 [toolkit.py] => shuffle: False
2026-08-02 14:49:29,207 [toolkit.py] => method: splitlorav16
2026-08-02 14:49:29,207 [toolkit.py] => optimizer: adamw
2026-08-02 14:49:29,207 [toolkit.py] => scheduler: steplr
2026-08-02 14:49:29,207 [toolkit.py] => ema_type: Cum_avg
2026-08-02 14:49:29,207 [toolkit.py] => epochs: 10
2026-08-02 14:49:29,207 [toolkit.py] => lrate: 0.001
2026-08-02 14:49:29,207 [toolkit.py] => lrate_head: 0.01
2026-08-02 14:49:29,207 [toolkit.py] => weight_decay: 5e-05
2026-08-02 14:49:29,207 [toolkit.py] => batch_size: 256
2026-08-02 14:49:29,207 [toolkit.py] => rank: 10
2026-08-02 14:49:29,207 [toolkit.py] => num_workers: 16
2026-08-02 14:49:29,207 [toolkit.py] => lamb: 0.95
2026-08-02 14:49:29,208 [toolkit.py] => lame: 1.0
2026-08-02 14:49:29,208 [toolkit.py] => in_dim: 768
2026-08-02 14:49:29,208 [toolkit.py] => alpha: 20
2026-08-02 14:49:29,208 [toolkit.py] => ema_decay: 0.99999
2026-08-02 14:49:29,208 [toolkit.py] => ema_decay2: 0
2026-08-02 14:49:29,208 [toolkit.py] => logdir: logs/splitlorav16/domainnet/t5
2026-08-02 14:49:29,208 [toolkit.py] => logfilename: logs/splitlorav16/domainnet/t5/seed1993
2026-08-02 14:49:29,402 [data_manager.py] => Class index order: 0, 1, 2, 3, 4, ..., 340, 341, 342, 343, 344
2026-08-02 14:49:35,155 [toolkit.py] => config: configs/splitlorav16/domain_seed=1993_Cum_avg.json
2026-08-02 14:49:35,155 [toolkit.py] => device: [device(type='cuda', index=2)]
2026-08-02 14:49:35,155 [toolkit.py] => debug: False
2026-08-02 14:49:35,155 [toolkit.py] => save_ckp: False
2026-08-02 14:49:35,155 [toolkit.py] => moe_list: None
2026-08-02 14:49:35,155 [toolkit.py] => seed: 1993
2026-08-02 14:49:35,155 [toolkit.py] => dataset: domainnet
2026-08-02 14:49:35,155 [toolkit.py] => data_path: data/domainnet
2026-08-02 14:49:35,155 [toolkit.py] => load: vit_base_patch16_224_in21k
2026-08-02 14:49:35,155 [toolkit.py] => init_cls: 69
2026-08-02 14:49:35,155 [toolkit.py] => increment: 69
2026-08-02 14:49:35,155 [toolkit.py] => sessions: 5
2026-08-02 14:49:35,155 [toolkit.py] => shuffle: False
2026-08-02 14:49:35,155 [toolkit.py] => method: splitlorav16
2026-08-02 14:49:35,155 [toolkit.py] => optimizer: adamw
2026-08-02 14:49:35,155 [toolkit.py] => scheduler: steplr
2026-08-02 14:49:35,155 [toolkit.py] => ema_type: Cum_avg
2026-08-02 14:49:35,155 [toolkit.py] => epochs: 10
2026-08-02 14:49:35,155 [toolkit.py] => lrate: 0.001
2026-08-02 14:49:35,156 [toolkit.py] => lrate_head: 0.01
2026-08-02 14:49:35,156 [toolkit.py] => weight_decay: 5e-05
2026-08-02 14:49:35,156 [toolkit.py] => batch_size: 256
2026-08-02 14:49:35,156 [toolkit.py] => rank: 10
2026-08-02 14:49:35,156 [toolkit.py] => num_workers: 16
2026-08-02 14:49:35,156 [toolkit.py] => lamb: 0.95
2026-08-02 14:49:35,156 [toolkit.py] => lame: 1.0
2026-08-02 14:49:35,156 [toolkit.py] => in_dim: 768
2026-08-02 14:49:35,156 [toolkit.py] => alpha: 20
2026-08-02 14:49:35,156 [toolkit.py] => ema_decay: 0.99999
2026-08-02 14:49:35,156 [toolkit.py] => ema_decay2: 0
2026-08-02 14:49:35,156 [toolkit.py] => logdir: logs/splitlorav16/domainnet/t5
2026-08-02 14:49:35,156 [toolkit.py] => logfilename: logs/splitlorav16/domainnet/t5/seed1993
2026-08-02 14:49:35,360 [data_manager.py] => Class index order: 0, 1, 2, 3, 4, ..., 340, 341, 342, 343, 344
2026-08-02 14:51:34,983 [toolkit.py] => config: configs/splitlorav16/domain_seed=1993_Cum_avg.json
2026-08-02 14:51:34,983 [toolkit.py] => device: [device(type='cuda', index=2)]
2026-08-02 14:51:34,983 [toolkit.py] => debug: False
2026-08-02 14:51:34,983 [toolkit.py] => save_ckp: False
2026-08-02 14:51:34,983 [toolkit.py] => moe_list: None
2026-08-02 14:51:34,983 [toolkit.py] => seed: 1993
2026-08-02 14:51:34,983 [toolkit.py] => dataset: domainnet
2026-08-02 14:51:34,983 [toolkit.py] => data_path: data/domainnet
2026-08-02 14:51:34,983 [toolkit.py] => load: vit_base_patch16_224_in21k
2026-08-02 14:51:34,983 [toolkit.py] => init_cls: 69
2026-08-02 14:51:34,983 [toolkit.py] => increment: 69
2026-08-02 14:51:34,983 [toolkit.py] => sessions: 5
2026-08-02 14:51:34,983 [toolkit.py] => shuffle: False
2026-08-02 14:51:34,983 [toolkit.py] => method: splitlorav16
2026-08-02 14:51:34,984 [toolkit.py] => optimizer: adamw
2026-08-02 14:51:34,984 [toolkit.py] => scheduler: steplr
2026-08-02 14:51:34,984 [toolkit.py] => ema_type: Cum_avg
2026-08-02 14:51:34,984 [toolkit.py] => epochs: 10
2026-08-02 14:51:34,984 [toolkit.py] => lrate: 0.001
2026-08-02 14:51:34,984 [toolkit.py] => lrate_head: 0.01
2026-08-02 14:51:34,984 [toolkit.py] => weight_decay: 5e-05
2026-08-02 14:51:34,984 [toolkit.py] => batch_size: 256
2026-08-02 14:51:34,984 [toolkit.py] => rank: 10
2026-08-02 14:51:34,984 [toolkit.py] => num_workers: 16
2026-08-02 14:51:34,984 [toolkit.py] => lamb: 0.95
2026-08-02 14:51:34,984 [toolkit.py] => lame: 1.0
2026-08-02 14:51:34,984 [toolkit.py] => in_dim: 768
2026-08-02 14:51:34,984 [toolkit.py] => alpha: 20
2026-08-02 14:51:34,984 [toolkit.py] => ema_decay: 0.99999
2026-08-02 14:51:34,984 [toolkit.py] => ema_decay2: 0
2026-08-02 14:51:34,984 [toolkit.py] => logdir: logs/splitlorav16/domainnet/t5
2026-08-02 14:51:34,984 [toolkit.py] => logfilename: logs/splitlorav16/domainnet/t5/seed1993
2026-08-02 14:51:35,219 [data_manager.py] => Class index order: 0, 1, 2, 3, 4, ..., 340, 341, 342, 343, 344
2026-08-02 14:52:26,509 [toolkit.py] => config: configs/splitlorav16/domain_seed=1993_Cum_avg.json
2026-08-02 14:52:26,509 [toolkit.py] => device: [device(type='cuda', index=2)]
2026-08-02 14:52:26,509 [toolkit.py] => debug: False
2026-08-02 14:52:26,509 [toolkit.py] => save_ckp: False
2026-08-02 14:52:26,509 [toolkit.py] => moe_list: None
2026-08-02 14:52:26,509 [toolkit.py] => seed: 1993
2026-08-02 14:52:26,509 [toolkit.py] => dataset: domainnet
2026-08-02 14:52:26,509 [toolkit.py] => data_path: data/domainnet
2026-08-02 14:52:26,509 [toolkit.py] => load: vit_base_patch16_224_in21k
2026-08-02 14:52:26,509 [toolkit.py] => init_cls: 69
2026-08-02 14:52:26,509 [toolkit.py] => increment: 69
2026-08-02 14:52:26,509 [toolkit.py] => sessions: 5
2026-08-02 14:52:26,509 [toolkit.py] => shuffle: False
2026-08-02 14:52:26,509 [toolkit.py] => method: splitlorav16
2026-08-02 14:52:26,509 [toolkit.py] => optimizer: adamw
2026-08-02 14:52:26,509 [toolkit.py] => scheduler: steplr
2026-08-02 14:52:26,509 [toolkit.py] => ema_type: Cum_avg
2026-08-02 14:52:26,509 [toolkit.py] => epochs: 10
2026-08-02 14:52:26,509 [toolkit.py] => lrate: 0.001
2026-08-02 14:52:26,509 [toolkit.py] => lrate_head: 0.01
2026-08-02 14:52:26,509 [toolkit.py] => weight_decay: 5e-05
2026-08-02 14:52:26,509 [toolkit.py] => batch_size: 256
2026-08-02 14:52:26,509 [toolkit.py] => rank: 10
2026-08-02 14:52:26,509 [toolkit.py] => num_workers: 16
2026-08-02 14:52:26,510 [toolkit.py] => lamb: 0.95
2026-08-02 14:52:26,510 [toolkit.py] => lame: 1.0
2026-08-02 14:52:26,510 [toolkit.py] => in_dim: 768
2026-08-02 14:52:26,510 [toolkit.py] => alpha: 20
2026-08-02 14:52:26,510 [toolkit.py] => ema_decay: 0.99999
2026-08-02 14:52:26,510 [toolkit.py] => ema_decay2: 0
2026-08-02 14:52:26,510 [toolkit.py] => logdir: logs/splitlorav16/domainnet/t5
2026-08-02 14:52:26,510 [toolkit.py] => logfilename: logs/splitlorav16/domainnet/t5/seed1993
2026-08-02 14:52:26,717 [data_manager.py] => Class index order: 0, 1, 2, 3, 4, ..., 340, 341, 342, 343, 344
2026-08-02 14:52:31,563 [trainer.py] => ================================================================================
2026-08-02 14:52:31,632 [splitlorav16.py] => Task 0 learning on class 0-69
2026-08-02 14:52:32,114 [toolkit.py] => Total params:     103,229,868
2026-08-02 14:52:32,114 [toolkit.py] => Trainable params: 421,701
2026-08-02 14:52:32,114 [toolkit.py] => Trainable ratio:  0.4085%
2026-08-02 16:08:49,169 [splitlorav16.py] => Task 0, Epoch 10/10 => Loss 0.465, Train_accy 87.84
2026-08-02 16:08:49,170 [trainer.py] => Training time: 1h 16m 17s
2026-08-02 16:09:45,554 [trainer.py] => Evaluation time: 0h 0m 56s
2026-08-02 16:09:45,554 [trainer.py] => Accuracy: {'total': 87.67, '00-68': 87.67, 'old': 0, 'new': 87.67}
2026-08-02 16:09:45,554 [trainer.py] => (curve) top1 Acc: [87.67]
2026-08-02 16:09:45,554 [trainer.py] => Avergae Acc: 87.67
2026-08-02 16:09:45,554 [trainer.py] => (curve) top1 Acc with task: [87.67]
2026-08-02 16:09:45,554 [trainer.py] => Avergae Acc: 87.67
2026-08-02 16:09:45,554 [trainer.py] => (curve) top1 Acc task: [100.0]
2026-08-02 16:09:45,554 [trainer.py] => Avergae Acc: 100.00
2026-08-02 16:09:45,554 [trainer.py] => ================================================================================
2026-08-02 16:09:45,554 [trainer.py] => ================================================================================
2026-08-02 16:09:45,609 [splitlorav16.py] => Task 1 learning on class 69-138
2026-08-02 16:09:45,613 [toolkit.py] => Total params:     103,229,868
2026-08-02 16:09:45,613 [toolkit.py] => Trainable params: 421,701
2026-08-02 16:09:45,613 [toolkit.py] => Trainable ratio:  0.4085%
2026-08-02 17:23:29,744 [splitlorav16.py] => Task 1, Epoch 10/10 => Loss 0.472, Train_accy 87.67
2026-08-02 17:23:29,746 [trainer.py] => Training time: 1h 13m 44s
2026-08-02 17:25:18,449 [trainer.py] => Evaluation time: 0h 1m 48s
2026-08-02 17:25:18,450 [trainer.py] => Accuracy: {'total': 81.31, '00-68': 81.22, '69-137': 81.4, 'old': 81.22, 'new': 81.4}
2026-08-02 17:25:18,450 [trainer.py] => (curve) top1 Acc: [87.67, 81.31]
2026-08-02 17:25:18,450 [trainer.py] => Avergae Acc: 84.49
2026-08-02 17:25:18,450 [trainer.py] => (curve) top1 Acc with task: [87.67, 86.76]
2026-08-02 17:25:18,450 [trainer.py] => Avergae Acc: 87.22
2026-08-02 17:25:18,450 [trainer.py] => (curve) top1 Acc task: [100.0, 88.98]
2026-08-02 17:25:18,450 [trainer.py] => Avergae Acc: 94.49
2026-08-02 17:25:18,450 [trainer.py] => ================================================================================
2026-08-02 17:25:18,450 [trainer.py] => ================================================================================
2026-08-02 17:25:18,506 [splitlorav16.py] => Task 2 learning on class 138-207
2026-08-02 17:25:18,509 [toolkit.py] => Total params:     103,229,868
2026-08-02 17:25:18,509 [toolkit.py] => Trainable params: 421,701
2026-08-02 17:25:18,509 [toolkit.py] => Trainable ratio:  0.4085%
2026-08-02 18:44:50,069 [splitlorav16.py] => Task 2, Epoch 10/10 => Loss 0.521, Train_accy 86.22
2026-08-02 18:44:50,071 [trainer.py] => Training time: 1h 19m 31s
2026-08-02 18:47:36,204 [trainer.py] => Evaluation time: 0h 2m 46s
2026-08-02 18:47:36,204 [trainer.py] => Accuracy: {'total': 76.82, '00-68': 75.95, '69-137': 77.27, '138-206': 77.23, 'old': 76.6, 'new': 77.23}
2026-08-02 18:47:36,204 [trainer.py] => (curve) top1 Acc: [87.67, 81.31, 76.82]
2026-08-02 18:47:36,204 [trainer.py] => Avergae Acc: 81.93
2026-08-02 18:47:36,204 [trainer.py] => (curve) top1 Acc with task: [87.67, 86.76, 85.76]
2026-08-02 18:47:36,204 [trainer.py] => Avergae Acc: 86.73
2026-08-02 18:47:36,204 [trainer.py] => (curve) top1 Acc task: [100.0, 88.98, 83.05]
2026-08-02 18:47:36,204 [trainer.py] => Avergae Acc: 90.68
2026-08-02 18:47:36,204 [trainer.py] => ================================================================================
2026-08-02 18:47:36,204 [trainer.py] => ================================================================================
2026-08-02 18:47:36,260 [splitlorav16.py] => Task 3 learning on class 207-276
2026-08-02 18:47:36,264 [toolkit.py] => Total params:     103,229,868
2026-08-02 18:47:36,264 [toolkit.py] => Trainable params: 421,701
2026-08-02 18:47:36,264 [toolkit.py] => Trainable ratio:  0.4085%
2026-08-02 20:04:36,802 [splitlorav16.py] => Task 3, Epoch 10/10 => Loss 0.471, Train_accy 87.60
2026-08-02 20:04:36,803 [trainer.py] => Training time: 1h 17m 0s
2026-08-02 20:08:15,742 [trainer.py] => Evaluation time: 0h 3m 38s
2026-08-02 20:08:15,743 [trainer.py] => Accuracy: {'total': 73.94, '00-68': 71.42, '69-137': 74.12, '138-206': 75.09, '207-275': 75.11, 'old': 73.56, 'new': 75.11}
2026-08-02 20:08:15,743 [trainer.py] => (curve) top1 Acc: [87.67, 81.31, 76.82, 73.94]
2026-08-02 20:08:15,743 [trainer.py] => Avergae Acc: 79.94
2026-08-02 20:08:15,743 [trainer.py] => (curve) top1 Acc with task: [87.67, 86.76, 85.76, 85.42]
2026-08-02 20:08:15,743 [trainer.py] => Avergae Acc: 86.40
2026-08-02 20:08:15,743 [trainer.py] => (curve) top1 Acc task: [100.0, 88.98, 83.05, 79.13]
2026-08-02 20:08:15,743 [trainer.py] => Avergae Acc: 87.79
2026-08-02 20:08:15,743 [trainer.py] => ================================================================================
2026-08-02 20:08:15,743 [trainer.py] => ================================================================================
2026-08-02 20:08:15,799 [splitlorav16.py] => Task 4 learning on class 276-345
2026-08-02 20:08:15,803 [toolkit.py] => Total params:     103,229,868
2026-08-02 20:08:15,803 [toolkit.py] => Trainable params: 421,701
2026-08-02 20:08:15,803 [toolkit.py] => Trainable ratio:  0.4085%
2026-08-02 21:23:46,225 [splitlorav16.py] => Task 4, Epoch 10/10 => Loss 0.458, Train_accy 87.95
2026-08-02 21:23:46,227 [trainer.py] => Training time: 1h 15m 30s
2026-08-02 21:28:20,221 [trainer.py] => Evaluation time: 0h 4m 33s
2026-08-02 21:28:20,221 [trainer.py] => Accuracy: {'total': 71.59, '00-68': 69.23, '69-137': 71.25, '138-206': 72.91, '207-275': 72.77, '276-344': 71.76, 'old': 71.55, 'new': 71.76}
2026-08-02 21:28:20,221 [trainer.py] => (curve) top1 Acc: [87.67, 81.31, 76.82, 73.94, 71.59]
2026-08-02 21:28:20,221 [trainer.py] => Avergae Acc: 78.27
2026-08-02 21:28:20,222 [trainer.py] => (curve) top1 Acc with task: [87.67, 86.76, 85.76, 85.42, 85.34]
2026-08-02 21:28:20,222 [trainer.py] => Avergae Acc: 86.19
2026-08-02 21:28:20,222 [trainer.py] => (curve) top1 Acc task: [100.0, 88.98, 83.05, 79.13, 75.91]
2026-08-02 21:28:20,222 [trainer.py] => Avergae Acc: 85.41
2026-08-02 21:28:20,222 [trainer.py] => ================================================================================
2026-08-02 22:39:58,024 [toolkit.py] => config: configs/splitlorav16/domain_seed=1993.json
2026-08-02 22:39:58,024 [toolkit.py] => device: [device(type='cuda', index=5)]
2026-08-02 22:39:58,024 [toolkit.py] => debug: False
2026-08-02 22:39:58,024 [toolkit.py] => save_ckp: False
2026-08-02 22:39:58,024 [toolkit.py] => moe_list: None
2026-08-02 22:39:58,024 [toolkit.py] => seed: 1993
2026-08-02 22:39:58,024 [toolkit.py] => dataset: domainnet
2026-08-02 22:39:58,024 [toolkit.py] => data_path: data/domainnet
2026-08-02 22:39:58,024 [toolkit.py] => load: vit_base_patch16_224_in21k
2026-08-02 22:39:58,024 [toolkit.py] => init_cls: 69
2026-08-02 22:39:58,024 [toolkit.py] => increment: 69
2026-08-02 22:39:58,024 [toolkit.py] => sessions: 5
2026-08-02 22:39:58,024 [toolkit.py] => shuffle: False
2026-08-02 22:39:58,024 [toolkit.py] => method: splitlorav16
2026-08-02 22:39:58,024 [toolkit.py] => optimizer: adamw
2026-08-02 22:39:58,024 [toolkit.py] => scheduler: steplr
2026-08-02 22:39:58,024 [toolkit.py] => ema_type: EMA
2026-08-02 22:39:58,024 [toolkit.py] => epochs: 10
2026-08-02 22:39:58,024 [toolkit.py] => lrate: 0.001
2026-08-02 22:39:58,024 [toolkit.py] => lrate_head: 0.01
2026-08-02 22:39:58,024 [toolkit.py] => weight_decay: 5e-05
2026-08-02 22:39:58,024 [toolkit.py] => batch_size: 256
2026-08-02 22:39:58,024 [toolkit.py] => rank: 10
2026-08-02 22:39:58,024 [toolkit.py] => num_workers: 16
2026-08-02 22:39:58,024 [toolkit.py] => lamb: 0.95
2026-08-02 22:39:58,025 [toolkit.py] => lame: 1.0
2026-08-02 22:39:58,025 [toolkit.py] => in_dim: 768
2026-08-02 22:39:58,025 [toolkit.py] => alpha: 20
2026-08-02 22:39:58,025 [toolkit.py] => ema_decay: 0.8
2026-08-02 22:39:58,025 [toolkit.py] => ema_decay2: 0
2026-08-02 22:39:58,025 [toolkit.py] => logdir: logs/splitlorav16/domainnet/t5
2026-08-02 22:39:58,025 [toolkit.py] => logfilename: logs/splitlorav16/domainnet/t5/seed1993
2026-08-02 22:39:58,243 [data_manager.py] => Class index order: 0, 1, 2, 3, 4, ..., 340, 341, 342, 343, 344
2026-08-02 22:40:02,394 [trainer.py] => ================================================================================
2026-08-02 22:40:02,443 [splitlorav16.py] => Task 0 learning on class 0-69
2026-08-02 22:40:03,477 [toolkit.py] => Total params:     103,229,868
2026-08-02 22:40:03,477 [toolkit.py] => Trainable params: 421,701
2026-08-02 22:40:03,477 [toolkit.py] => Trainable ratio:  0.4085%
2026-08-02 23:56:19,132 [splitlorav16.py] => Task 0, Epoch 10/10 => Loss 0.465, Train_accy 87.84
2026-08-02 23:56:19,145 [splitlorav16.py] => Checkpoint saved for task 0 at logs/splitlorav16/domainnet/t5/task_checkpoints/task_0_checkpoint.pt
2026-08-02 23:56:19,145 [trainer.py] => Training time: 1h 16m 16s
2026-08-02 23:57:15,685 [trainer.py] => Evaluation time: 0h 0m 56s
2026-08-02 23:57:15,685 [trainer.py] => Accuracy: {'total': 87.67, '00-68': 87.67, 'old': 0, 'new': 87.67}
2026-08-02 23:57:15,685 [trainer.py] => (curve) top1 Acc: [87.67]
2026-08-02 23:57:15,685 [trainer.py] => Avergae Acc: 87.67
2026-08-02 23:57:15,685 [trainer.py] => (curve) top1 Acc with task: [87.67]
2026-08-02 23:57:15,685 [trainer.py] => Avergae Acc: 87.67
2026-08-02 23:57:15,685 [trainer.py] => (curve) top1 Acc task: [100.0]
2026-08-02 23:57:15,685 [trainer.py] => Avergae Acc: 100.00
2026-08-02 23:57:15,686 [trainer.py] => ================================================================================
2026-08-02 23:57:15,686 [trainer.py] => ================================================================================
2026-08-02 23:57:15,742 [splitlorav16.py] => Task 1 learning on class 69-138
2026-08-02 23:57:15,746 [toolkit.py] => Total params:     103,229,868
2026-08-02 23:57:15,746 [toolkit.py] => Trainable params: 421,701
2026-08-02 23:57:15,746 [toolkit.py] => Trainable ratio:  0.4085%
2026-08-03 01:10:56,064 [splitlorav16.py] => Task 1, Epoch 10/10 => Loss 0.472, Train_accy 87.67
2026-08-03 01:10:56,073 [splitlorav16.py] => Checkpoint saved for task 1 at logs/splitlorav16/domainnet/t5/task_checkpoints/task_1_checkpoint.pt
2026-08-03 01:10:56,073 [trainer.py] => Training time: 1h 13m 40s
2026-08-03 01:12:45,012 [trainer.py] => Evaluation time: 0h 1m 48s
2026-08-03 01:12:45,012 [trainer.py] => Accuracy: {'total': 80.1, '00-68': 74.27, '69-137': 86.15, 'old': 74.27, 'new': 86.15}
2026-08-03 01:12:45,012 [trainer.py] => (curve) top1 Acc: [87.67, 80.1]
2026-08-03 01:12:45,012 [trainer.py] => Avergae Acc: 83.88
2026-08-03 01:12:45,012 [trainer.py] => (curve) top1 Acc with task: [87.67, 87.0]
2026-08-03 01:12:45,013 [trainer.py] => Avergae Acc: 87.34
2026-08-03 01:12:45,013 [trainer.py] => (curve) top1 Acc task: [100.0, 87.41]
2026-08-03 01:12:45,013 [trainer.py] => Avergae Acc: 93.70
2026-08-03 01:12:45,013 [trainer.py] => ================================================================================
2026-08-03 01:12:45,013 [trainer.py] => ================================================================================
2026-08-03 01:12:45,070 [splitlorav16.py] => Task 2 learning on class 138-207
2026-08-03 01:12:45,073 [toolkit.py] => Total params:     103,229,868
2026-08-03 01:12:45,074 [toolkit.py] => Trainable params: 421,701
2026-08-03 01:12:45,074 [toolkit.py] => Trainable ratio:  0.4085%
2026-08-03 02:32:11,283 [splitlorav16.py] => Task 2, Epoch 10/10 => Loss 0.516, Train_accy 86.42
2026-08-03 02:32:11,293 [splitlorav16.py] => Checkpoint saved for task 2 at logs/splitlorav16/domainnet/t5/task_checkpoints/task_2_checkpoint.pt
2026-08-03 02:32:11,293 [trainer.py] => Training time: 1h 19m 26s
2026-08-03 02:34:57,268 [trainer.py] => Evaluation time: 0h 2m 45s
2026-08-03 02:34:57,268 [trainer.py] => Accuracy: {'total': 74.5, '00-68': 62.75, '69-137': 76.59, '138-206': 83.84, 'old': 69.54, 'new': 83.84}
2026-08-03 02:34:57,268 [trainer.py] => (curve) top1 Acc: [87.67, 80.1, 74.5]
2026-08-03 02:34:57,268 [trainer.py] => Avergae Acc: 80.76
2026-08-03 02:34:57,268 [trainer.py] => (curve) top1 Acc with task: [87.67, 87.0, 86.0]
2026-08-03 02:34:57,268 [trainer.py] => Avergae Acc: 86.89
2026-08-03 02:34:57,268 [trainer.py] => (curve) top1 Acc task: [100.0, 87.41, 80.34]
2026-08-03 02:34:57,268 [trainer.py] => Avergae Acc: 89.25
2026-08-03 02:34:57,268 [trainer.py] => ================================================================================
2026-08-03 02:34:57,268 [trainer.py] => ================================================================================
2026-08-03 02:34:57,327 [splitlorav16.py] => Task 3 learning on class 207-276
2026-08-03 02:34:57,331 [toolkit.py] => Total params:     103,229,868
2026-08-03 02:34:57,331 [toolkit.py] => Trainable params: 421,701
2026-08-03 02:34:57,331 [toolkit.py] => Trainable ratio:  0.4085%
2026-08-03 03:52:11,890 [splitlorav16.py] => Task 3, Epoch 10/10 => Loss 0.466, Train_accy 87.74
2026-08-03 03:52:11,899 [splitlorav16.py] => Checkpoint saved for task 3 at logs/splitlorav16/domainnet/t5/task_checkpoints/task_3_checkpoint.pt
2026-08-03 03:52:11,899 [trainer.py] => Training time: 1h 17m 14s
2026-08-03 03:55:52,242 [trainer.py] => Evaluation time: 0h 3m 40s
2026-08-03 03:55:52,242 [trainer.py] => Accuracy: {'total': 71.36, '00-68': 56.58, '69-137': 70.63, '138-206': 75.92, '207-275': 82.21, 'old': 67.79, 'new': 82.21}
2026-08-03 03:55:52,242 [trainer.py] => (curve) top1 Acc: [87.67, 80.1, 74.5, 71.36]
2026-08-03 03:55:52,242 [trainer.py] => Avergae Acc: 78.41
2026-08-03 03:55:52,242 [trainer.py] => (curve) top1 Acc with task: [87.67, 87.0, 86.0, 85.4]
2026-08-03 03:55:52,242 [trainer.py] => Avergae Acc: 86.52
2026-08-03 03:55:52,243 [trainer.py] => (curve) top1 Acc task: [100.0, 87.41, 80.34, 76.35]
2026-08-03 03:55:52,243 [trainer.py] => Avergae Acc: 86.03
2026-08-03 03:55:52,243 [trainer.py] => ================================================================================
2026-08-03 03:55:52,243 [trainer.py] => ================================================================================
2026-08-03 03:55:52,300 [splitlorav16.py] => Task 4 learning on class 276-345
2026-08-03 03:55:52,303 [toolkit.py] => Total params:     103,229,868
2026-08-03 03:55:52,303 [toolkit.py] => Trainable params: 421,701
2026-08-03 03:55:52,303 [toolkit.py] => Trainable ratio:  0.4085%
2026-08-03 05:11:29,783 [splitlorav16.py] => Task 4, Epoch 10/10 => Loss 0.453, Train_accy 88.06
2026-08-03 05:11:29,792 [splitlorav16.py] => Checkpoint saved for task 4 at logs/splitlorav16/domainnet/t5/task_checkpoints/task_4_checkpoint.pt
2026-08-03 05:11:29,792 [trainer.py] => Training time: 1h 15m 37s
2026-08-03 05:16:04,333 [trainer.py] => Evaluation time: 0h 4m 34s
2026-08-03 05:16:04,334 [trainer.py] => Accuracy: {'total': 68.49, '00-68': 52.03, '69-137': 64.71, '138-206': 70.33, '207-275': 74.23, '276-344': 81.18, 'old': 65.36, 'new': 81.18}
2026-08-03 05:16:04,334 [trainer.py] => (curve) top1 Acc: [87.67, 80.1, 74.5, 71.36, 68.49]
2026-08-03 05:16:04,334 [trainer.py] => Avergae Acc: 76.42
2026-08-03 05:16:04,334 [trainer.py] => (curve) top1 Acc with task: [87.67, 87.0, 86.0, 85.4, 85.18]
2026-08-03 05:16:04,334 [trainer.py] => Avergae Acc: 86.25
2026-08-03 05:16:04,334 [trainer.py] => (curve) top1 Acc task: [100.0, 87.41, 80.34, 76.35, 72.5]
2026-08-03 05:16:04,334 [trainer.py] => Avergae Acc: 83.32
2026-08-03 05:16:04,334 [trainer.py] => ================================================================================
2026-08-03 09:03:03,576 [toolkit.py] => config: configs/splitlorav16/domain_seed=1993.json
2026-08-03 09:03:03,588 [toolkit.py] => device: [device(type='cuda', index=2)]
2026-08-03 09:03:03,588 [toolkit.py] => debug: False
2026-08-03 09:03:03,588 [toolkit.py] => save_ckp: False
2026-08-03 09:03:03,588 [toolkit.py] => moe_list: None
2026-08-03 09:03:03,588 [toolkit.py] => seed: 1993
2026-08-03 09:03:03,589 [toolkit.py] => dataset: domainnet
2026-08-03 09:03:03,589 [toolkit.py] => data_path: data/domainnet
2026-08-03 09:03:03,589 [toolkit.py] => load: vit_base_patch16_224_in21k
2026-08-03 09:03:03,589 [toolkit.py] => init_cls: 69
2026-08-03 09:03:03,589 [toolkit.py] => increment: 69
2026-08-03 09:03:03,589 [toolkit.py] => sessions: 5
2026-08-03 09:03:03,589 [toolkit.py] => shuffle: False
2026-08-03 09:03:03,589 [toolkit.py] => method: splitlorav16
2026-08-03 09:03:03,590 [toolkit.py] => optimizer: adamw
2026-08-03 09:03:03,590 [toolkit.py] => scheduler: steplr
2026-08-03 09:03:03,590 [toolkit.py] => ema_type: EMA
2026-08-03 09:03:03,590 [toolkit.py] => epochs: 10
2026-08-03 09:03:03,590 [toolkit.py] => lrate: 0.001
2026-08-03 09:03:03,590 [toolkit.py] => lrate_head: 0.01
2026-08-03 09:03:03,590 [toolkit.py] => weight_decay: 5e-05
2026-08-03 09:03:03,590 [toolkit.py] => batch_size: 256
2026-08-03 09:03:03,590 [toolkit.py] => rank: 10
2026-08-03 09:03:03,590 [toolkit.py] => num_workers: 16
2026-08-03 09:03:03,590 [toolkit.py] => lamb: 0.95
2026-08-03 09:03:03,590 [toolkit.py] => lame: 1.0
2026-08-03 09:03:03,590 [toolkit.py] => in_dim: 768
2026-08-03 09:03:03,590 [toolkit.py] => alpha: 20
2026-08-03 09:03:03,590 [toolkit.py] => ema_decay: 0.8
2026-08-03 09:03:03,590 [toolkit.py] => ema_decay2: 0
2026-08-03 09:03:03,590 [toolkit.py] => logdir: logs/splitlorav16/domainnet/t5
2026-08-03 09:03:03,590 [toolkit.py] => logfilename: logs/splitlorav16/domainnet/t5/seed1993
2026-08-03 09:03:03,796 [data_manager.py] => Class index order: 0, 1, 2, 3, 4, ..., 340, 341, 342, 343, 344
2026-08-03 09:03:08,763 [trainer.py] => ================================================================================
2026-08-03 09:03:08,818 [splitlorav16.py] => Task 0 learning on class 0-69
2026-08-03 09:03:09,550 [toolkit.py] => Total params:     103,229,868
2026-08-03 09:03:09,550 [toolkit.py] => Trainable params: 421,701
2026-08-03 09:03:09,550 [toolkit.py] => Trainable ratio:  0.4085%
