nohup: ignoring input
=========================================
Starting sdlora_ov2 grid search at Mon Sep  7 12:08:48 PM CST 2026
Total: 50 experiments
=========================================
Running: imagenet-a_seed=1993_lo=0.0001_ls_0.001_mu=0.01
Running: imagenet-a_seed=1993_lo=0.0003_ls_0.00003_mu=0.0003
Running: imagenet-a_seed=1993_lo=0.0003_ls_0.001_mu=0.01
Running: imagenet-a_seed=1993_lo=0.001_ls_0.0001_mu=0.001
Running: imagenet-a_seed=1993_lo=0.001_ls_0.001_mu=0.01
Running: imagenet-a_seed=1993_lo=0.001_ls_0.01_mu=0.01
Running: imagenet-a_seed=1993_lo=0.003_ls_0.0003_mu=0.003
Running: imagenet-a_seed=1993_lo=0.003_ls_0.0003_mu=0.03
Running: imagenet-a_seed=1993_lo=0.003_ls_0.001_mu=0.01
Running: imagenet-a_seed=1993_lo=0.003_ls_0.001_mu=0.03
Running: imagenet-a_seed=1993_lo=0.003_ls_0.003_mu=0.01
Running: imagenet-a_seed=1993_lo=0.01_ls_0.00001_mu=0.01
Running: imagenet-a_seed=1993_lo=0.01_ls_0.00003_mu=0.01
Running: imagenet-a_seed=1993_lo=0.01_ls_0.00003_mu=0.3
Running: imagenet-a_seed=1993_lo=0.01_ls_0.0001_mu=0.01
Running: imagenet-a_seed=1993_lo=0.01_ls_0.0003_mu=0.01
Running: imagenet-a_seed=1993_lo=0.01_ls_0.0003_mu=0.03
Running: imagenet-a_seed=1993_lo=0.01_ls_0.001_mu=0.0001
Running: imagenet-a_seed=1993_lo=0.01_ls_0.001_mu=0.0003
Running: imagenet-a_seed=1993_lo=0.01_ls_0.001_mu=0.001
Running: imagenet-a_seed=1993_lo=0.01_ls_0.001_mu=0.003
Running: imagenet-a_seed=1993_lo=0.01_ls_0.001_mu=0.01
Running: imagenet-a_seed=1993_lo=0.01_ls_0.001_mu=0.03
Running: imagenet-a_seed=1993_lo=0.01_ls_0.001_mu=0.1
Running: imagenet-a_seed=1993_lo=0.01_ls_0.001_mu=0.3
Running: imagenet-a_seed=1993_lo=0.01_ls_0.001_mu=0
Running: imagenet-a_seed=1993_lo=0.01_ls_0.001_mu=1
