2026-09-09 17:27:59,067 [toolkit.py] => config: configs/sdlora_e/imagenet-r_seed=2026.json
2026-09-09 17:27:59,067 [toolkit.py] => device: [device(type='cuda', index=1)]
2026-09-09 17:27:59,067 [toolkit.py] => debug: False
2026-09-09 17:27:59,067 [toolkit.py] => save_ckp: False
2026-09-09 17:27:59,067 [toolkit.py] => moe_list: None
2026-09-09 17:27:59,067 [toolkit.py] => seed: 2026
2026-09-09 17:27:59,067 [toolkit.py] => dataset: imagenet-r
2026-09-09 17:27:59,067 [toolkit.py] => data_path: data/imagenet-r
2026-09-09 17:27:59,067 [toolkit.py] => load: vit_base_patch16_224_in21k
2026-09-09 17:27:59,067 [toolkit.py] => init_cls: 20
2026-09-09 17:27:59,067 [toolkit.py] => increment: 20
2026-09-09 17:27:59,067 [toolkit.py] => sessions: 10
2026-09-09 17:27:59,067 [toolkit.py] => shuffle: False
2026-09-09 17:27:59,067 [toolkit.py] => method: sdlora_e
2026-09-09 17:27:59,067 [toolkit.py] => optimizer: adam
2026-09-09 17:27:59,067 [toolkit.py] => scheduler: cosine
2026-09-09 17:27:59,067 [toolkit.py] => epochs: 50
2026-09-09 17:27:59,067 [toolkit.py] => lrate: 0.0005
2026-09-09 17:27:59,068 [toolkit.py] => fc_lrate: 0.005
2026-09-09 17:27:59,068 [toolkit.py] => weight_decay: 0.0
2026-09-09 17:27:59,068 [toolkit.py] => batch_size: 128
2026-09-09 17:27:59,068 [toolkit.py] => rank: 10
2026-09-09 17:27:59,068 [toolkit.py] => num_workers: 16
2026-09-09 17:27:59,068 [toolkit.py] => lrate_head: 0
2026-09-09 17:27:59,068 [toolkit.py] => R: 0.5
2026-09-09 17:27:59,068 [toolkit.py] => logdir: logs/sdlora_e/imagenet-r/t10
2026-09-09 17:27:59,068 [toolkit.py] => logfilename: logs/sdlora_e/imagenet-r/t10/seed2026
2026-09-09 17:27:59,147 [data_manager.py] => Class index order: 0, 1, 2, 3, 4, ..., 195, 196, 197, 198, 199
2026-09-09 17:28:01,762 [trainer.py] => ================================================================================
2026-09-09 17:28:01,763 [trainer.py] => Dataset Information
2026-09-09 17:28:01,763 [trainer.py] => ================================================================================
2026-09-09 17:28:01,763 [trainer.py] =>   Dataset name     : imagenet-r
2026-09-09 17:28:01,763 [trainer.py] =>   Data path        : data/imagenet-r
2026-09-09 17:28:01,763 [trainer.py] =>   Total classes    : 200
2026-09-09 17:28:01,763 [trainer.py] =>   Total tasks      : 10
2026-09-09 17:28:01,763 [trainer.py] =>   Task increments  : [20, 20, 20, 20, 20, 20, 20, 20, 20, 20]
2026-09-09 17:28:01,763 [trainer.py] =>   Init classes     : 20
2026-09-09 17:28:01,763 [trainer.py] =>   Increment per task: 20
2026-09-09 17:28:01,763 [trainer.py] =>   Shuffle          : False
2026-09-09 17:28:01,763 [trainer.py] =>   Seed             : 2026
2026-09-09 17:28:01,763 [trainer.py] => --------------------------------------------------------------------------------
2026-09-09 17:28:01,763 [trainer.py] => Task split:
2026-09-09 17:28:01,765 [trainer.py] =>   Task 0: classes 0-19 (20 classes) | Train: 2585 images (11 batches), Test: 646 images (3 batches)
2026-09-09 17:28:01,766 [trainer.py] =>   Task 1: classes 20-39 (20 classes) | Train: 2886 images (12 batches), Test: 720 images (3 batches)
2026-09-09 17:28:01,767 [trainer.py] =>   Task 2: classes 40-59 (20 classes) | Train: 1739 images (7 batches), Test: 436 images (2 batches)
2026-09-09 17:28:01,768 [trainer.py] =>   Task 3: classes 60-79 (20 classes) | Train: 2344 images (10 batches), Test: 589 images (3 batches)
2026-09-09 17:28:01,769 [trainer.py] =>   Task 4: classes 80-99 (20 classes) | Train: 2816 images (11 batches), Test: 703 images (3 batches)
2026-09-09 17:28:01,771 [trainer.py] =>   Task 5: classes 100-119 (20 classes) | Train: 2215 images (9 batches), Test: 555 images (3 batches)
2026-09-09 17:28:01,772 [trainer.py] =>   Task 6: classes 120-139 (20 classes) | Train: 2274 images (9 batches), Test: 568 images (3 batches)
2026-09-09 17:28:01,773 [trainer.py] =>   Task 7: classes 140-159 (20 classes) | Train: 1821 images (8 batches), Test: 456 images (2 batches)
2026-09-09 17:28:01,774 [trainer.py] =>   Task 8: classes 160-179 (20 classes) | Train: 2489 images (10 batches), Test: 621 images (3 batches)
2026-09-09 17:28:01,775 [trainer.py] =>   Task 9: classes 180-199 (20 classes) | Train: 2831 images (12 batches), Test: 706 images (3 batches)
2026-09-09 17:28:01,775 [trainer.py] => ================================================================================
2026-09-09 17:28:01,775 [trainer.py] => ================================================================================
2026-09-09 17:28:01,776 [base.py] => Task 0 learning on class 0-20
2026-09-09 17:28:02,311 [toolkit.py] => Total params:     106,804,784
2026-09-09 17:28:02,311 [toolkit.py] => Trainable params: 752,681
2026-09-09 17:28:02,311 [toolkit.py] => Trainable ratio:  0.7047%
2026-09-09 17:46:37,578 [sdlora_e.py] => Task 0, Epoch 50/50 => Loss 0.102, Train_accy 97.10
2026-09-09 17:46:37,579 [trainer.py] => Training time: 0h 18m 35s
2026-09-09 17:46:40,882 [trainer.py] => Evaluation time: 0h 0m 3s
2026-09-09 17:46:40,882 [trainer.py] => Accuracy: {'total': 87.93, '00-19': 87.93, 'old': 0, 'new': 87.93}
2026-09-09 17:46:40,882 [trainer.py] => (curve) top1 Acc: [87.93]
2026-09-09 17:46:40,882 [trainer.py] => Avergae Acc: 87.93
2026-09-09 17:46:40,882 [trainer.py] => (curve) top1 Acc with task: [87.93]
2026-09-09 17:46:40,882 [trainer.py] => Avergae Acc: 87.93
2026-09-09 17:46:40,882 [trainer.py] => (curve) top1 Acc task: [100.0]
2026-09-09 17:46:40,882 [trainer.py] => Avergae Acc: 100.00
2026-09-09 17:46:40,882 [trainer.py] => ================================================================================
2026-09-09 17:46:40,882 [trainer.py] => ================================================================================
2026-09-09 17:46:40,883 [base.py] => Task 1 learning on class 20-40
2026-09-09 17:46:40,897 [toolkit.py] => Total params:     106,804,784
2026-09-09 17:46:40,897 [toolkit.py] => Trainable params: 752,681
2026-09-09 17:46:40,897 [toolkit.py] => Trainable ratio:  0.7047%
2026-09-09 18:08:41,646 [sdlora_e.py] => Task 1, Epoch 50/50 => Loss 0.103, Train_accy 96.99
2026-09-09 18:08:41,650 [trainer.py] => Training time: 0h 22m 0s
2026-09-09 18:08:47,836 [trainer.py] => Evaluation time: 0h 0m 6s
2026-09-09 18:08:47,837 [trainer.py] => Accuracy: {'total': 85.29, '00-19': 82.82, '20-39': 87.5, 'old': 82.82, 'new': 87.5}
2026-09-09 18:08:47,837 [trainer.py] => (curve) top1 Acc: [87.93, 85.29]
2026-09-09 18:08:47,837 [trainer.py] => Avergae Acc: 86.61
2026-09-09 18:08:47,837 [trainer.py] => (curve) top1 Acc with task: [87.93, 89.31]
2026-09-09 18:08:47,837 [trainer.py] => Avergae Acc: 88.62
2026-09-09 18:08:47,837 [trainer.py] => (curve) top1 Acc task: [100.0, 91.14]
2026-09-09 18:08:47,837 [trainer.py] => Avergae Acc: 95.57
2026-09-09 18:08:47,837 [trainer.py] => ================================================================================
2026-09-09 18:08:47,837 [trainer.py] => ================================================================================
2026-09-09 18:08:47,838 [base.py] => Task 2 learning on class 40-60
2026-09-09 18:08:47,852 [toolkit.py] => Total params:     106,804,784
2026-09-09 18:08:47,852 [toolkit.py] => Trainable params: 752,681
2026-09-09 18:08:47,852 [toolkit.py] => Trainable ratio:  0.7047%
2026-09-09 18:23:16,638 [sdlora_e.py] => Task 2, Epoch 50/50 => Loss 0.087, Train_accy 97.30
2026-09-09 18:23:16,644 [trainer.py] => Training time: 0h 14m 28s
2026-09-09 18:23:24,874 [trainer.py] => Evaluation time: 0h 0m 8s
2026-09-09 18:23:24,874 [trainer.py] => Accuracy: {'total': 79.86, '00-19': 81.42, '20-39': 83.47, '40-59': 71.56, 'old': 82.5, 'new': 71.56}
2026-09-09 18:23:24,874 [trainer.py] => (curve) top1 Acc: [87.93, 85.29, 79.86]
2026-09-09 18:23:24,874 [trainer.py] => Avergae Acc: 84.36
2026-09-09 18:23:24,874 [trainer.py] => (curve) top1 Acc with task: [87.93, 89.31, 87.01]
2026-09-09 18:23:24,874 [trainer.py] => Avergae Acc: 88.08
2026-09-09 18:23:24,875 [trainer.py] => (curve) top1 Acc task: [100.0, 91.14, 87.51]
2026-09-09 18:23:24,875 [trainer.py] => Avergae Acc: 92.88
2026-09-09 18:23:24,875 [trainer.py] => ================================================================================
2026-09-09 18:23:24,875 [trainer.py] => ================================================================================
2026-09-09 18:23:24,876 [base.py] => Task 3 learning on class 60-80
2026-09-09 18:23:24,890 [toolkit.py] => Total params:     106,804,784
2026-09-09 18:23:24,890 [toolkit.py] => Trainable params: 752,681
2026-09-09 18:23:24,890 [toolkit.py] => Trainable ratio:  0.7047%
2026-09-09 18:43:37,653 [sdlora_e.py] => Task 3, Epoch 50/50 => Loss 0.074, Train_accy 97.82
2026-09-09 18:43:37,657 [trainer.py] => Training time: 0h 20m 12s
2026-09-09 18:43:48,620 [trainer.py] => Evaluation time: 0h 0m 10s
2026-09-09 18:43:48,620 [trainer.py] => Accuracy: {'total': 77.88, '00-19': 78.17, '20-39': 82.36, '40-59': 69.27, '60-79': 78.44, 'old': 77.69, 'new': 78.44}
2026-09-09 18:43:48,620 [trainer.py] => (curve) top1 Acc: [87.93, 85.29, 79.86, 77.88]
2026-09-09 18:43:48,620 [trainer.py] => Avergae Acc: 82.74
2026-09-09 18:43:48,620 [trainer.py] => (curve) top1 Acc with task: [87.93, 89.31, 87.01, 86.66]
2026-09-09 18:43:48,620 [trainer.py] => Avergae Acc: 87.73
2026-09-09 18:43:48,620 [trainer.py] => (curve) top1 Acc task: [100.0, 91.14, 87.51, 84.27]
2026-09-09 18:43:48,620 [trainer.py] => Avergae Acc: 90.73
2026-09-09 18:43:48,620 [trainer.py] => ================================================================================
2026-09-09 18:43:48,620 [trainer.py] => ================================================================================
2026-09-09 18:43:48,622 [base.py] => Task 4 learning on class 80-100
2026-09-09 18:43:48,636 [toolkit.py] => Total params:     106,804,784
2026-09-09 18:43:48,636 [toolkit.py] => Trainable params: 752,681
2026-09-09 18:43:48,636 [toolkit.py] => Trainable ratio:  0.7047%
2026-09-09 19:09:09,766 [sdlora_e.py] => Task 4, Epoch 50/50 => Loss 0.090, Train_accy 97.41
2026-09-09 19:09:09,769 [trainer.py] => Training time: 0h 25m 21s
2026-09-09 19:09:24,543 [trainer.py] => Evaluation time: 0h 0m 14s
2026-09-09 19:09:24,543 [trainer.py] => Accuracy: {'total': 77.05, '00-19': 77.24, '20-39': 81.11, '40-59': 69.95, '60-79': 73.51, '80-99': 80.09, 'old': 76.16, 'new': 80.09}
2026-09-09 19:09:24,543 [trainer.py] => (curve) top1 Acc: [87.93, 85.29, 79.86, 77.88, 77.05]
2026-09-09 19:09:24,543 [trainer.py] => Avergae Acc: 81.60
2026-09-09 19:09:24,543 [trainer.py] => (curve) top1 Acc with task: [87.93, 89.31, 87.01, 86.66, 87.2]
2026-09-09 19:09:24,544 [trainer.py] => Avergae Acc: 87.62
2026-09-09 19:09:24,544 [trainer.py] => (curve) top1 Acc task: [100.0, 91.14, 87.51, 84.27, 82.51]
2026-09-09 19:09:24,544 [trainer.py] => Avergae Acc: 89.09
2026-09-09 19:09:24,544 [trainer.py] => ================================================================================
2026-09-09 19:09:24,544 [trainer.py] => ================================================================================
2026-09-09 19:09:24,545 [base.py] => Task 5 learning on class 100-120
2026-09-09 19:09:24,559 [toolkit.py] => Total params:     106,804,784
2026-09-09 19:09:24,559 [toolkit.py] => Trainable params: 752,681
2026-09-09 19:09:24,559 [toolkit.py] => Trainable ratio:  0.7047%
2026-09-09 19:30:39,967 [sdlora_e.py] => Task 5, Epoch 50/50 => Loss 0.117, Train_accy 96.93
2026-09-09 19:30:39,971 [trainer.py] => Training time: 0h 21m 15s
2026-09-09 19:30:57,983 [trainer.py] => Evaluation time: 0h 0m 18s
2026-09-09 19:30:57,983 [trainer.py] => Accuracy: {'total': 76.49, '00-19': 75.39, '20-39': 81.39, '40-59': 70.41, '60-79': 74.02, '80-99': 76.39, '100-119': 78.92, 'old': 76.05, 'new': 78.92}
2026-09-09 19:30:57,983 [trainer.py] => (curve) top1 Acc: [87.93, 85.29, 79.86, 77.88, 77.05, 76.49]
2026-09-09 19:30:57,983 [trainer.py] => Avergae Acc: 80.75
2026-09-09 19:30:57,983 [trainer.py] => (curve) top1 Acc with task: [87.93, 89.31, 87.01, 86.66, 87.2, 86.82]
2026-09-09 19:30:57,983 [trainer.py] => Avergae Acc: 87.49
2026-09-09 19:30:57,983 [trainer.py] => (curve) top1 Acc task: [100.0, 91.14, 87.51, 84.27, 82.51, 81.97]
2026-09-09 19:30:57,983 [trainer.py] => Avergae Acc: 87.90
2026-09-09 19:30:57,983 [trainer.py] => ================================================================================
2026-09-09 19:30:57,983 [trainer.py] => ================================================================================
2026-09-09 19:30:57,985 [base.py] => Task 6 learning on class 120-140
2026-09-09 19:30:58,004 [toolkit.py] => Total params:     106,804,784
2026-09-09 19:30:58,004 [toolkit.py] => Trainable params: 752,681
2026-09-09 19:30:58,004 [toolkit.py] => Trainable ratio:  0.7047%
2026-09-09 19:53:54,426 [sdlora_e.py] => Task 6, Epoch 50/50 => Loss 0.120, Train_accy 96.61
2026-09-09 19:53:54,434 [trainer.py] => Training time: 0h 22m 56s
2026-09-09 19:54:16,238 [trainer.py] => Evaluation time: 0h 0m 21s
2026-09-09 19:54:16,238 [trainer.py] => Accuracy: {'total': 73.61, '00-19': 72.76, '20-39': 77.92, '40-59': 69.72, '60-79': 72.84, '80-99': 75.96, '100-119': 74.23, '120-139': 69.37, 'old': 74.27, 'new': 69.37}
2026-09-09 19:54:16,238 [trainer.py] => (curve) top1 Acc: [87.93, 85.29, 79.86, 77.88, 77.05, 76.49, 73.61]
2026-09-09 19:54:16,238 [trainer.py] => Avergae Acc: 79.73
2026-09-09 19:54:16,238 [trainer.py] => (curve) top1 Acc with task: [87.93, 89.31, 87.01, 86.66, 87.2, 86.82, 85.23]
2026-09-09 19:54:16,238 [trainer.py] => Avergae Acc: 87.17
2026-09-09 19:54:16,239 [trainer.py] => (curve) top1 Acc task: [100.0, 91.14, 87.51, 84.27, 82.51, 81.97, 78.78]
2026-09-09 19:54:16,239 [trainer.py] => Avergae Acc: 86.60
2026-09-09 19:54:16,239 [trainer.py] => ================================================================================
2026-09-09 19:54:16,239 [trainer.py] => ================================================================================
2026-09-09 19:54:16,240 [base.py] => Task 7 learning on class 140-160
2026-09-09 19:54:16,255 [toolkit.py] => Total params:     106,804,784
2026-09-09 19:54:16,255 [toolkit.py] => Trainable params: 752,681
2026-09-09 19:54:16,255 [toolkit.py] => Trainable ratio:  0.7047%
2026-09-09 20:13:33,756 [sdlora_e.py] => Task 7, Epoch 50/50 => Loss 0.098, Train_accy 96.71
2026-09-09 20:13:33,761 [trainer.py] => Training time: 0h 19m 17s
2026-09-09 20:13:58,691 [trainer.py] => Evaluation time: 0h 0m 24s
2026-09-09 20:13:58,692 [trainer.py] => Accuracy: {'total': 71.95, '00-19': 70.74, '20-39': 77.22, '40-59': 67.89, '60-79': 70.46, '80-99': 74.4, '100-119': 73.69, '120-139': 65.32, '140-159': 73.46, 'old': 71.78, 'new': 73.46}
2026-09-09 20:13:58,692 [trainer.py] => (curve) top1 Acc: [87.93, 85.29, 79.86, 77.88, 77.05, 76.49, 73.61, 71.95]
2026-09-09 20:13:58,692 [trainer.py] => Avergae Acc: 78.76
2026-09-09 20:13:58,692 [trainer.py] => (curve) top1 Acc with task: [87.93, 89.31, 87.01, 86.66, 87.2, 86.82, 85.23, 84.81]
2026-09-09 20:13:58,692 [trainer.py] => Avergae Acc: 86.87
2026-09-09 20:13:58,692 [trainer.py] => (curve) top1 Acc task: [100.0, 91.14, 87.51, 84.27, 82.51, 81.97, 78.78, 77.15]
2026-09-09 20:13:58,692 [trainer.py] => Avergae Acc: 85.42
2026-09-09 20:13:58,692 [trainer.py] => ================================================================================
2026-09-09 20:13:58,692 [trainer.py] => ================================================================================
2026-09-09 20:13:58,694 [base.py] => Task 8 learning on class 160-180
2026-09-09 20:13:58,709 [toolkit.py] => Total params:     106,804,784
2026-09-09 20:13:58,709 [toolkit.py] => Trainable params: 752,681
2026-09-09 20:13:58,709 [toolkit.py] => Trainable ratio:  0.7047%
2026-09-09 20:41:11,477 [sdlora_e.py] => Task 8, Epoch 50/50 => Loss 0.073, Train_accy 97.83
2026-09-09 20:41:11,481 [trainer.py] => Training time: 0h 27m 12s
2026-09-09 20:41:40,755 [trainer.py] => Evaluation time: 0h 0m 29s
2026-09-09 20:41:40,756 [trainer.py] => Accuracy: {'total': 72.8, '00-19': 70.74, '20-39': 75.69, '40-59': 66.51, '60-79': 70.29, '80-99': 72.69, '100-119': 74.23, '120-139': 64.79, '140-159': 70.83, '160-179': 85.99, 'old': 71.05, 'new': 85.99}
2026-09-09 20:41:40,756 [trainer.py] => (curve) top1 Acc: [87.93, 85.29, 79.86, 77.88, 77.05, 76.49, 73.61, 71.95, 72.8]
2026-09-09 20:41:40,756 [trainer.py] => Avergae Acc: 78.10
2026-09-09 20:41:40,756 [trainer.py] => (curve) top1 Acc with task: [87.93, 89.31, 87.01, 86.66, 87.2, 86.82, 85.23, 84.81, 85.66]
2026-09-09 20:41:40,756 [trainer.py] => Avergae Acc: 86.74
2026-09-09 20:41:40,756 [trainer.py] => (curve) top1 Acc task: [100.0, 91.14, 87.51, 84.27, 82.51, 81.97, 78.78, 77.15, 76.92]
2026-09-09 20:41:40,756 [trainer.py] => Avergae Acc: 84.47
2026-09-09 20:41:40,756 [trainer.py] => ================================================================================
2026-09-09 20:41:40,756 [trainer.py] => ================================================================================
2026-09-09 20:41:40,758 [base.py] => Task 9 learning on class 180-200
2026-09-09 20:41:40,779 [toolkit.py] => Total params:     106,804,784
2026-09-09 20:41:40,779 [toolkit.py] => Trainable params: 752,681
2026-09-09 20:41:40,779 [toolkit.py] => Trainable ratio:  0.7047%
2026-09-09 21:13:50,335 [sdlora_e.py] => Task 9, Epoch 50/50 => Loss 0.088, Train_accy 97.49
2026-09-09 21:13:50,339 [trainer.py] => Training time: 0h 32m 9s
2026-09-09 21:14:24,933 [trainer.py] => Evaluation time: 0h 0m 34s
2026-09-09 21:14:24,934 [trainer.py] => Accuracy: {'total': 72.37, '00-19': 70.43, '20-39': 76.25, '40-59': 63.99, '60-79': 69.61, '80-99': 71.27, '100-119': 68.83, '120-139': 62.32, '140-159': 68.64, '160-179': 83.74, '180-199': 82.01, 'old': 71.08, 'new': 82.01}
2026-09-09 21:14:24,934 [trainer.py] => (curve) top1 Acc: [87.93, 85.29, 79.86, 77.88, 77.05, 76.49, 73.61, 71.95, 72.8, 72.37]
2026-09-09 21:14:24,934 [trainer.py] => Avergae Acc: 77.52
2026-09-09 21:14:24,934 [trainer.py] => (curve) top1 Acc with task: [87.93, 89.31, 87.01, 86.66, 87.2, 86.82, 85.23, 84.81, 85.66, 85.48]
2026-09-09 21:14:24,934 [trainer.py] => Avergae Acc: 86.61
2026-09-09 21:14:24,934 [trainer.py] => (curve) top1 Acc task: [100.0, 91.14, 87.51, 84.27, 82.51, 81.97, 78.78, 77.15, 76.92, 76.22]
2026-09-09 21:14:24,934 [trainer.py] => Avergae Acc: 83.65
2026-09-09 21:14:24,934 [trainer.py] => ================================================================================
