2026-05-12 14:57:18,344 [toolkit.py] => config: /home/zll2025/low-rank-cl-main/configs/care/cifar100/care_cifar_inc10.json
2026-05-12 14:57:18,344 [toolkit.py] => device: [device(type='cuda', index=3)]
2026-05-12 14:57:18,344 [toolkit.py] => debug: False
2026-05-12 14:57:18,344 [toolkit.py] => save_ckp: False
2026-05-12 14:57:18,344 [toolkit.py] => moe_list: None
2026-05-12 14:57:18,345 [toolkit.py] => prefix: care_cifar100_inc10
2026-05-12 14:57:18,345 [toolkit.py] => dataset: cifar224
2026-05-12 14:57:18,345 [toolkit.py] => memory_size: 0
2026-05-12 14:57:18,345 [toolkit.py] => memory_per_class: 0
2026-05-12 14:57:18,345 [toolkit.py] => fixed_memory: False
2026-05-12 14:57:18,345 [toolkit.py] => shuffle: True
2026-05-12 14:57:18,345 [toolkit.py] => init_cls: 10
2026-05-12 14:57:18,345 [toolkit.py] => increment: 10
2026-05-12 14:57:18,345 [toolkit.py] => model_name: care
2026-05-12 14:57:18,345 [toolkit.py] => backbone_type: vit_base_patch16_224_in21k_brmoe
2026-05-12 14:57:18,345 [toolkit.py] => seed: 1993
2026-05-12 14:57:18,345 [toolkit.py] => tuned_epoch: 60
2026-05-12 14:57:18,345 [toolkit.py] => init_lr: 0.05
2026-05-12 14:57:18,345 [toolkit.py] => batch_size: 64
2026-05-12 14:57:18,345 [toolkit.py] => weight_decay: 0.0005
2026-05-12 14:57:18,345 [toolkit.py] => min_lr: 0
2026-05-12 14:57:18,345 [toolkit.py] => optimizer: sgd
2026-05-12 14:57:18,345 [toolkit.py] => scheduler: cosine
2026-05-12 14:57:18,345 [toolkit.py] => init_milestones: [10]
2026-05-12 14:57:18,345 [toolkit.py] => init_lr_decay: 0.1
2026-05-12 14:57:18,345 [toolkit.py] => crct_epochs: 30
2026-05-12 14:57:18,345 [toolkit.py] => ca_lr: 0.005
2026-05-12 14:57:18,345 [toolkit.py] => ca_storage_efficient_method: covariance
2026-05-12 14:57:18,345 [toolkit.py] => ca_storage_efficient_method_choices: ['covariance', 'variance']
2026-05-12 14:57:18,345 [toolkit.py] => decay: False
2026-05-12 14:57:18,345 [toolkit.py] => pretrained: True
2026-05-12 14:57:18,345 [toolkit.py] => scale: 20
2026-05-12 14:57:18,345 [toolkit.py] => m: 0
2026-05-12 14:57:18,345 [toolkit.py] => drop: 0
2026-05-12 14:57:18,345 [toolkit.py] => drop_path: 0
2026-05-12 14:57:18,345 [toolkit.py] => expert_dim: 16
2026-05-12 14:57:18,345 [toolkit.py] => adapter_dim: 64
2026-05-12 14:57:18,345 [toolkit.py] => topk_experts: 3
2026-05-12 14:57:18,345 [toolkit.py] => topk_routers: 2
2026-05-12 14:57:18,346 [toolkit.py] => amp: False
2026-05-12 14:57:18,346 [toolkit.py] => method: care
2026-05-12 14:57:18,346 [toolkit.py] => sessions: 10
2026-05-12 14:57:18,346 [toolkit.py] => logdir: logs/care/cifar224/t10
2026-05-12 14:57:18,346 [toolkit.py] => logfilename: logs/care/cifar224/t10/seed1993
