2026-07-03 22:10:13,440 [toolkit.py] => config: /home/zll2025/low-rank-cl-main/configs/splitlora/imagenet-a_seed=42.json
2026-07-03 22:10:13,440 [toolkit.py] => device: [device(type='cuda', index=2)]
2026-07-03 22:10:13,440 [toolkit.py] => debug: False
2026-07-03 22:10:13,441 [toolkit.py] => save_ckp: False
2026-07-03 22:10:13,441 [toolkit.py] => moe_list: None
2026-07-03 22:10:13,441 [toolkit.py] => seed: 42
2026-07-03 22:10:13,441 [toolkit.py] => dataset: imagenet-a
2026-07-03 22:10:13,441 [toolkit.py] => data_path: data/imagenet-a
2026-07-03 22:10:13,441 [toolkit.py] => load: vit_base_patch16_224_in21k
2026-07-03 22:10:13,441 [toolkit.py] => init_cls: 20
2026-07-03 22:10:13,441 [toolkit.py] => increment: 20
2026-07-03 22:10:13,441 [toolkit.py] => sessions: 10
2026-07-03 22:10:13,441 [toolkit.py] => shuffle: False
2026-07-03 22:10:13,441 [toolkit.py] => method: splitlora
2026-07-03 22:10:13,441 [toolkit.py] => optimizer: adamw
2026-07-03 22:10:13,441 [toolkit.py] => scheduler: steplr
2026-07-03 22:10:13,441 [toolkit.py] => epochs: 10
2026-07-03 22:10:13,441 [toolkit.py] => lrate: 0.001
2026-07-03 22:10:13,441 [toolkit.py] => lrate_head: 0.01
2026-07-03 22:10:13,441 [toolkit.py] => weight_decay: 5e-05
2026-07-03 22:10:13,441 [toolkit.py] => batch_size: 256
2026-07-03 22:10:13,441 [toolkit.py] => rank: 10
2026-07-03 22:10:13,441 [toolkit.py] => num_workers: 16
2026-07-03 22:10:13,441 [toolkit.py] => lamb: 0.95
2026-07-03 22:10:13,441 [toolkit.py] => lame: 1.0
2026-07-03 22:10:13,441 [toolkit.py] => in_dim: 768
2026-07-03 22:10:13,441 [toolkit.py] => alpha: 20
2026-07-03 22:10:13,441 [toolkit.py] => logdir: logs/splitlora/imagenet-a/t10
2026-07-03 22:10:13,441 [toolkit.py] => logfilename: logs/splitlora/imagenet-a/t10/seed42
2026-07-03 22:10:13,468 [data_manager.py] => Class index order: 0, 1, 2, 3, 4, ..., 195, 196, 197, 198, 199
2026-07-03 22:10:17,512 [trainer.py] => ================================================================================
2026-07-03 22:10:17,514 [base.py] => Task 0 learning on class 0-20
2026-07-03 22:10:18,502 [toolkit.py] => Total params:     106,436,123
2026-07-03 22:10:18,502 [toolkit.py] => Trainable params: 199,700
2026-07-03 22:10:18,502 [toolkit.py] => Trainable ratio:  0.1876%
2026-07-03 22:13:16,717 [splitlora.py] => Task 0, Epoch 10/10 => Loss 0.322, Train_accy 91.14
2026-07-03 22:13:26,723 [trainer.py] => Training time: 0h 3m 9s
2026-07-03 22:13:31,835 [trainer.py] => Evaluation time: 0h 0m 5s
2026-07-03 22:13:31,835 [trainer.py] => Accuracy: {'total': 82.75, '00-19': 82.75, 'old': 0, 'new': 82.75}
2026-07-03 22:13:31,835 [trainer.py] => (curve) top1 Acc: [82.75]
2026-07-03 22:13:31,835 [trainer.py] => Avergae Acc: 82.75
2026-07-03 22:13:31,836 [trainer.py] => (curve) top1 Acc with task: [82.75]
2026-07-03 22:13:31,836 [trainer.py] => Avergae Acc: 82.75
2026-07-03 22:13:31,836 [trainer.py] => (curve) top1 Acc task: [100.0]
2026-07-03 22:13:31,836 [trainer.py] => Avergae Acc: 100.00
2026-07-03 22:13:31,836 [trainer.py] => ================================================================================
2026-07-03 22:13:31,836 [trainer.py] => ================================================================================
2026-07-03 22:13:31,836 [base.py] => Task 1 learning on class 20-40
2026-07-03 22:13:31,852 [toolkit.py] => Total params:     106,436,123
2026-07-03 22:13:31,853 [toolkit.py] => Trainable params: 199,700
2026-07-03 22:13:31,853 [toolkit.py] => Trainable ratio:  0.1876%
2026-07-03 22:16:02,564 [splitlora.py] => Task 1, Epoch 10/10 => Loss 0.221, Train_accy 94.10
2026-07-03 22:16:12,154 [trainer.py] => Training time: 0h 2m 40s
2026-07-03 22:16:19,588 [trainer.py] => Evaluation time: 0h 0m 7s
2026-07-03 22:16:19,588 [trainer.py] => Accuracy: {'total': 75.71, '00-19': 71.88, '20-39': 80.48, 'old': 71.88, 'new': 80.48}
2026-07-03 22:16:19,588 [trainer.py] => (curve) top1 Acc: [82.75, 75.71]
2026-07-03 22:16:19,589 [trainer.py] => Avergae Acc: 79.23
2026-07-03 22:16:19,589 [trainer.py] => (curve) top1 Acc with task: [82.75, 83.33]
2026-07-03 22:16:19,589 [trainer.py] => Avergae Acc: 83.04
2026-07-03 22:16:19,589 [trainer.py] => (curve) top1 Acc task: [100.0, 86.35]
2026-07-03 22:16:19,589 [trainer.py] => Avergae Acc: 93.17
2026-07-03 22:16:19,589 [trainer.py] => ================================================================================
2026-07-03 22:16:19,589 [trainer.py] => ================================================================================
2026-07-03 22:16:19,590 [base.py] => Task 2 learning on class 40-60
2026-07-03 22:16:19,601 [toolkit.py] => Total params:     106,436,123
2026-07-03 22:16:19,601 [toolkit.py] => Trainable params: 199,700
2026-07-03 22:16:19,601 [toolkit.py] => Trainable ratio:  0.1876%
2026-07-03 22:18:51,024 [splitlora.py] => Task 2, Epoch 10/10 => Loss 0.299, Train_accy 90.50
2026-07-03 22:19:04,558 [trainer.py] => Training time: 0h 2m 44s
2026-07-03 22:19:13,235 [trainer.py] => Evaluation time: 0h 0m 8s
2026-07-03 22:19:13,235 [trainer.py] => Accuracy: {'total': 69.82, '00-19': 69.33, '20-39': 77.29, '40-59': 62.95, 'old': 72.87, 'new': 62.95}
2026-07-03 22:19:13,235 [trainer.py] => (curve) top1 Acc: [82.75, 75.71, 69.82]
2026-07-03 22:19:13,235 [trainer.py] => Avergae Acc: 76.09
2026-07-03 22:19:13,235 [trainer.py] => (curve) top1 Acc with task: [82.75, 83.33, 79.75]
2026-07-03 22:19:13,235 [trainer.py] => Avergae Acc: 81.94
2026-07-03 22:19:13,235 [trainer.py] => (curve) top1 Acc task: [100.0, 86.35, 81.1]
2026-07-03 22:19:13,235 [trainer.py] => Avergae Acc: 89.15
2026-07-03 22:19:13,235 [trainer.py] => ================================================================================
2026-07-03 22:19:13,235 [trainer.py] => ================================================================================
2026-07-03 22:19:13,237 [base.py] => Task 3 learning on class 60-80
2026-07-03 22:19:13,251 [toolkit.py] => Total params:     106,436,123
2026-07-03 22:19:13,251 [toolkit.py] => Trainable params: 199,700
2026-07-03 22:19:13,252 [toolkit.py] => Trainable ratio:  0.1876%
2026-07-03 22:20:52,918 [splitlora.py] => Task 3, Epoch 10/10 => Loss 0.244, Train_accy 92.79
2026-07-03 22:21:03,432 [trainer.py] => Training time: 0h 1m 50s
2026-07-03 22:21:13,543 [trainer.py] => Evaluation time: 0h 0m 10s
2026-07-03 22:21:13,544 [trainer.py] => Accuracy: {'total': 68.53, '00-19': 65.5, '20-39': 75.7, '40-59': 60.56, '60-79': 76.16, 'old': 67.12, 'new': 76.16}
2026-07-03 22:21:13,544 [trainer.py] => (curve) top1 Acc: [82.75, 75.71, 69.82, 68.53]
2026-07-03 22:21:13,544 [trainer.py] => Avergae Acc: 74.20
2026-07-03 22:21:13,544 [trainer.py] => (curve) top1 Acc with task: [82.75, 83.33, 79.75, 80.95]
2026-07-03 22:21:13,544 [trainer.py] => Avergae Acc: 81.69
2026-07-03 22:21:13,544 [trainer.py] => (curve) top1 Acc task: [100.0, 86.35, 81.1, 77.85]
2026-07-03 22:21:13,544 [trainer.py] => Avergae Acc: 86.32
2026-07-03 22:21:13,544 [trainer.py] => ================================================================================
2026-07-03 22:21:13,544 [trainer.py] => ================================================================================
2026-07-03 22:21:13,545 [base.py] => Task 4 learning on class 80-100
2026-07-03 22:21:13,555 [toolkit.py] => Total params:     106,436,123
2026-07-03 22:21:13,555 [toolkit.py] => Trainable params: 199,700
2026-07-03 22:21:13,555 [toolkit.py] => Trainable ratio:  0.1876%
2026-07-03 22:22:28,982 [splitlora.py] => Task 4, Epoch 10/10 => Loss 0.180, Train_accy 96.48
2026-07-03 22:22:36,674 [trainer.py] => Training time: 0h 1m 23s
2026-07-03 22:22:45,975 [trainer.py] => Evaluation time: 0h 0m 9s
2026-07-03 22:22:45,976 [trainer.py] => Accuracy: {'total': 66.67, '00-19': 65.5, '20-39': 76.1, '40-59': 60.56, '60-79': 76.16, '80-99': 48.04, 'old': 68.63, 'new': 48.04}
2026-07-03 22:22:45,976 [trainer.py] => (curve) top1 Acc: [82.75, 75.71, 69.82, 68.53, 66.67]
2026-07-03 22:22:45,976 [trainer.py] => Avergae Acc: 72.70
2026-07-03 22:22:45,976 [trainer.py] => (curve) top1 Acc with task: [82.75, 83.33, 79.75, 80.95, 79.31]
2026-07-03 22:22:45,976 [trainer.py] => Avergae Acc: 81.22
2026-07-03 22:22:45,976 [trainer.py] => (curve) top1 Acc task: [100.0, 86.35, 81.1, 77.85, 75.94]
2026-07-03 22:22:45,976 [trainer.py] => Avergae Acc: 84.25
2026-07-03 22:22:45,976 [trainer.py] => ================================================================================
2026-07-03 22:22:45,976 [trainer.py] => ================================================================================
2026-07-03 22:22:45,977 [base.py] => Task 5 learning on class 100-120
2026-07-03 22:22:45,987 [toolkit.py] => Total params:     106,436,123
2026-07-03 22:22:45,987 [toolkit.py] => Trainable params: 199,700
2026-07-03 22:22:45,987 [toolkit.py] => Trainable ratio:  0.1876%
2026-07-03 22:23:46,884 [splitlora.py] => Task 5, Epoch 10/10 => Loss 0.106, Train_accy 93.92
2026-07-03 22:25:09,210 [trainer.py] => Training time: 0h 2m 23s
2026-07-03 22:25:22,014 [trainer.py] => Evaluation time: 0h 0m 12s
2026-07-03 22:25:22,014 [trainer.py] => Accuracy: {'total': 63.47, '00-19': 65.18, '20-39': 75.7, '40-59': 60.96, '60-79': 76.16, '80-99': 46.08, '100-119': 17.65, 'old': 66.39, 'new': 17.65}
2026-07-03 22:25:22,014 [trainer.py] => (curve) top1 Acc: [82.75, 75.71, 69.82, 68.53, 66.67, 63.47]
2026-07-03 22:25:22,014 [trainer.py] => Avergae Acc: 71.16
2026-07-03 22:25:22,014 [trainer.py] => (curve) top1 Acc with task: [82.75, 83.33, 79.75, 80.95, 79.31, 77.55]
2026-07-03 22:25:22,014 [trainer.py] => Avergae Acc: 80.61
2026-07-03 22:25:22,014 [trainer.py] => (curve) top1 Acc task: [100.0, 86.35, 81.1, 77.85, 75.94, 72.8]
2026-07-03 22:25:22,015 [trainer.py] => Avergae Acc: 82.34
2026-07-03 22:25:22,015 [trainer.py] => ================================================================================
2026-07-03 22:25:22,015 [trainer.py] => ================================================================================
2026-07-03 22:25:22,016 [base.py] => Task 6 learning on class 120-140
2026-07-03 22:25:22,030 [toolkit.py] => Total params:     106,436,123
2026-07-03 22:25:22,030 [toolkit.py] => Trainable params: 199,700
2026-07-03 22:25:22,030 [toolkit.py] => Trainable ratio:  0.1876%
2026-07-03 22:26:34,961 [splitlora.py] => Task 6, Epoch 10/10 => Loss 0.213, Train_accy 93.73
2026-07-03 22:26:41,666 [trainer.py] => Training time: 0h 1m 19s
2026-07-03 22:26:51,626 [trainer.py] => Evaluation time: 0h 0m 9s
2026-07-03 22:26:51,626 [trainer.py] => Accuracy: {'total': 61.55, '00-19': 64.86, '20-39': 76.1, '40-59': 60.96, '60-79': 76.16, '80-99': 40.2, '100-119': 17.65, '120-139': 43.82, 'old': 62.94, 'new': 43.82}
2026-07-03 22:26:51,626 [trainer.py] => (curve) top1 Acc: [82.75, 75.71, 69.82, 68.53, 66.67, 63.47, 61.55]
2026-07-03 22:26:51,627 [trainer.py] => Avergae Acc: 69.79
2026-07-03 22:26:51,627 [trainer.py] => (curve) top1 Acc with task: [82.75, 83.33, 79.75, 80.95, 79.31, 77.55, 76.65]
2026-07-03 22:26:51,627 [trainer.py] => Avergae Acc: 80.04
2026-07-03 22:26:51,627 [trainer.py] => (curve) top1 Acc task: [100.0, 86.35, 81.1, 77.85, 75.94, 72.8, 70.37]
2026-07-03 22:26:51,627 [trainer.py] => Avergae Acc: 80.63
2026-07-03 22:26:51,627 [trainer.py] => ================================================================================
2026-07-03 22:26:51,627 [trainer.py] => ================================================================================
2026-07-03 22:26:51,628 [base.py] => Task 7 learning on class 140-160
2026-07-03 22:26:51,638 [toolkit.py] => Total params:     106,436,123
2026-07-03 22:26:51,638 [toolkit.py] => Trainable params: 199,700
2026-07-03 22:26:51,638 [toolkit.py] => Trainable ratio:  0.1876%
2026-07-03 22:27:55,677 [splitlora.py] => Task 7, Epoch 10/10 => Loss 0.054, Train_accy 98.44
2026-07-03 22:28:02,003 [trainer.py] => Training time: 0h 1m 10s
2026-07-03 22:28:14,797 [trainer.py] => Evaluation time: 0h 0m 12s
2026-07-03 22:28:14,797 [trainer.py] => Accuracy: {'total': 59.34, '00-19': 64.54, '20-39': 75.7, '40-59': 60.96, '60-79': 75.5, '80-99': 38.24, '100-119': 16.18, '120-139': 42.7, '140-159': 34.57, 'old': 60.98, 'new': 34.57}
2026-07-03 22:28:14,797 [trainer.py] => (curve) top1 Acc: [82.75, 75.71, 69.82, 68.53, 66.67, 63.47, 61.55, 59.34]
2026-07-03 22:28:14,797 [trainer.py] => Avergae Acc: 68.48
2026-07-03 22:28:14,797 [trainer.py] => (curve) top1 Acc with task: [82.75, 83.33, 79.75, 80.95, 79.31, 77.55, 76.65, 76.34]
2026-07-03 22:28:14,797 [trainer.py] => Avergae Acc: 79.58
2026-07-03 22:28:14,797 [trainer.py] => (curve) top1 Acc task: [100.0, 86.35, 81.1, 77.85, 75.94, 72.8, 70.37, 67.15]
2026-07-03 22:28:14,797 [trainer.py] => Avergae Acc: 78.94
2026-07-03 22:28:14,797 [trainer.py] => ================================================================================
2026-07-03 22:28:14,797 [trainer.py] => ================================================================================
2026-07-03 22:28:14,798 [base.py] => Task 8 learning on class 160-180
2026-07-03 22:28:14,808 [toolkit.py] => Total params:     106,436,123
2026-07-03 22:28:14,809 [toolkit.py] => Trainable params: 199,700
2026-07-03 22:28:14,809 [toolkit.py] => Trainable ratio:  0.1876%
2026-07-03 22:29:22,123 [splitlora.py] => Task 8, Epoch 10/10 => Loss 0.114, Train_accy 96.42
2026-07-03 22:29:31,825 [trainer.py] => Training time: 0h 1m 17s
2026-07-03 22:29:45,339 [trainer.py] => Evaluation time: 0h 0m 13s
2026-07-03 22:29:45,339 [trainer.py] => Accuracy: {'total': 57.23, '00-19': 64.54, '20-39': 75.3, '40-59': 60.16, '60-79': 75.5, '80-99': 38.24, '100-119': 16.18, '120-139': 38.2, '140-159': 32.1, '160-179': 38.14, 'old': 58.65, 'new': 38.14}
2026-07-03 22:29:45,339 [trainer.py] => (curve) top1 Acc: [82.75, 75.71, 69.82, 68.53, 66.67, 63.47, 61.55, 59.34, 57.23]
2026-07-03 22:29:45,340 [trainer.py] => Avergae Acc: 67.23
2026-07-03 22:29:45,340 [trainer.py] => (curve) top1 Acc with task: [82.75, 83.33, 79.75, 80.95, 79.31, 77.55, 76.65, 76.34, 75.84]
2026-07-03 22:29:45,340 [trainer.py] => Avergae Acc: 79.16
2026-07-03 22:29:45,340 [trainer.py] => (curve) top1 Acc task: [100.0, 86.35, 81.1, 77.85, 75.94, 72.8, 70.37, 67.15, 64.08]
2026-07-03 22:29:45,340 [trainer.py] => Avergae Acc: 77.29
2026-07-03 22:29:45,340 [trainer.py] => ================================================================================
2026-07-03 22:29:45,340 [trainer.py] => ================================================================================
2026-07-03 22:29:45,341 [base.py] => Task 9 learning on class 180-200
2026-07-03 22:29:45,351 [toolkit.py] => Total params:     106,436,123
2026-07-03 22:29:45,351 [toolkit.py] => Trainable params: 199,700
2026-07-03 22:29:45,351 [toolkit.py] => Trainable ratio:  0.1876%
2026-07-03 22:30:59,224 [splitlora.py] => Task 9, Epoch 10/10 => Loss 0.128, Train_accy 95.58
2026-07-03 22:31:05,242 [trainer.py] => Training time: 0h 1m 19s
2026-07-03 22:31:16,815 [trainer.py] => Evaluation time: 0h 0m 11s
2026-07-03 22:31:16,815 [trainer.py] => Accuracy: {'total': 56.73, '00-19': 64.22, '20-39': 74.9, '40-59': 59.76, '60-79': 75.5, '80-99': 37.25, '100-119': 16.18, '120-139': 38.2, '140-159': 32.1, '160-179': 36.08, '180-199': 55.67, 'old': 56.81, 'new': 55.67}
2026-07-03 22:31:16,815 [trainer.py] => (curve) top1 Acc: [82.75, 75.71, 69.82, 68.53, 66.67, 63.47, 61.55, 59.34, 57.23, 56.73]
2026-07-03 22:31:16,815 [trainer.py] => Avergae Acc: 66.18
2026-07-03 22:31:16,815 [trainer.py] => (curve) top1 Acc with task: [82.75, 83.33, 79.75, 80.95, 79.31, 77.55, 76.65, 76.34, 75.84, 75.8]
2026-07-03 22:31:16,815 [trainer.py] => Avergae Acc: 78.83
2026-07-03 22:31:16,815 [trainer.py] => (curve) top1 Acc task: [100.0, 86.35, 81.1, 77.85, 75.94, 72.8, 70.37, 67.15, 64.08, 63.4]
2026-07-03 22:31:16,815 [trainer.py] => Avergae Acc: 75.90
2026-07-03 22:31:16,815 [trainer.py] => ================================================================================
