2026-07-01 10:31:34,768 [toolkit.py] => config: /home/zll2025/low-rank-cl-main/configs/splitlora/imagenet-a.json
2026-07-01 10:31:34,768 [toolkit.py] => device: [device(type='cuda', index=4)]
2026-07-01 10:31:34,768 [toolkit.py] => debug: False
2026-07-01 10:31:34,768 [toolkit.py] => save_ckp: False
2026-07-01 10:31:34,769 [toolkit.py] => moe_list: None
2026-07-01 10:31:34,769 [toolkit.py] => seed: 1993
2026-07-01 10:31:34,769 [toolkit.py] => dataset: imagenet-a
2026-07-01 10:31:34,769 [toolkit.py] => data_path: data/imagenet-a
2026-07-01 10:31:34,769 [toolkit.py] => load: vit_base_patch16_224_in21k
2026-07-01 10:31:34,769 [toolkit.py] => init_cls: 20
2026-07-01 10:31:34,769 [toolkit.py] => increment: 20
2026-07-01 10:31:34,769 [toolkit.py] => sessions: 10
2026-07-01 10:31:34,769 [toolkit.py] => shuffle: False
2026-07-01 10:31:34,769 [toolkit.py] => method: splitlora
2026-07-01 10:31:34,769 [toolkit.py] => optimizer: adam
2026-07-01 10:31:34,769 [toolkit.py] => scheduler: steplr
2026-07-01 10:31:34,769 [toolkit.py] => epochs: 20
2026-07-01 10:31:34,769 [toolkit.py] => lrate: 0.001
2026-07-01 10:31:34,769 [toolkit.py] => weight_decay: 0.0
2026-07-01 10:31:34,769 [toolkit.py] => batch_size: 128
2026-07-01 10:31:34,769 [toolkit.py] => rank: 10
2026-07-01 10:31:34,769 [toolkit.py] => num_workers: 16
2026-07-01 10:31:34,769 [toolkit.py] => lrate_head: 0.01
2026-07-01 10:31:34,769 [toolkit.py] => in_dim: 768
2026-07-01 10:31:34,769 [toolkit.py] => alpha: 20
2026-07-01 10:31:34,769 [toolkit.py] => lamb: 0.98
2026-07-01 10:31:34,769 [toolkit.py] => lame: 1.0
2026-07-01 10:31:34,769 [toolkit.py] => logdir: logs/splitlora/imagenet-a/t10
2026-07-01 10:31:34,769 [toolkit.py] => logfilename: logs/splitlora/imagenet-a/t10/seed1993
2026-07-01 10:31:34,795 [data_manager.py] => Class index order: 0, 1, 2, 3, 4, ..., 195, 196, 197, 198, 199
2026-07-01 10:31:36,966 [trainer.py] => ================================================================================
2026-07-01 10:31:36,967 [base.py] => Task 0 learning on class 0-20
2026-07-01 10:31:37,400 [toolkit.py] => Total params:     106,436,123
2026-07-01 10:31:37,400 [toolkit.py] => Trainable params: 199,700
2026-07-01 10:31:37,400 [toolkit.py] => Trainable ratio:  0.1876%
2026-07-01 10:33:24,571 [toolkit.py] => config: /home/zll2025/low-rank-cl-main/configs/splitlora/imagenet-a.json
2026-07-01 10:33:24,571 [toolkit.py] => device: [device(type='cuda', index=4)]
2026-07-01 10:33:24,571 [toolkit.py] => debug: False
2026-07-01 10:33:24,571 [toolkit.py] => save_ckp: False
2026-07-01 10:33:24,571 [toolkit.py] => moe_list: None
2026-07-01 10:33:24,571 [toolkit.py] => seed: 1993
2026-07-01 10:33:24,571 [toolkit.py] => dataset: imagenet-a
2026-07-01 10:33:24,571 [toolkit.py] => data_path: data/imagenet-a
2026-07-01 10:33:24,572 [toolkit.py] => load: vit_base_patch16_224_in21k
2026-07-01 10:33:24,572 [toolkit.py] => init_cls: 20
2026-07-01 10:33:24,572 [toolkit.py] => increment: 20
2026-07-01 10:33:24,572 [toolkit.py] => sessions: 10
2026-07-01 10:33:24,572 [toolkit.py] => shuffle: False
2026-07-01 10:33:24,572 [toolkit.py] => method: splitlora
2026-07-01 10:33:24,572 [toolkit.py] => optimizer: adam
2026-07-01 10:33:24,572 [toolkit.py] => scheduler: steplr
2026-07-01 10:33:24,572 [toolkit.py] => epochs: 20
2026-07-01 10:33:24,572 [toolkit.py] => lrate: 0.001
2026-07-01 10:33:24,572 [toolkit.py] => weight_decay: 0.0
2026-07-01 10:33:24,572 [toolkit.py] => batch_size: 256
2026-07-01 10:33:24,572 [toolkit.py] => rank: 10
2026-07-01 10:33:24,572 [toolkit.py] => num_workers: 16
2026-07-01 10:33:24,572 [toolkit.py] => lrate_head: 0.01
2026-07-01 10:33:24,572 [toolkit.py] => in_dim: 768
2026-07-01 10:33:24,572 [toolkit.py] => alpha: 20
2026-07-01 10:33:24,572 [toolkit.py] => lamb: 0.98
2026-07-01 10:33:24,572 [toolkit.py] => lame: 1.0
2026-07-01 10:33:24,572 [toolkit.py] => logdir: logs/splitlora/imagenet-a/t10
2026-07-01 10:33:24,572 [toolkit.py] => logfilename: logs/splitlora/imagenet-a/t10/seed1993
2026-07-01 10:33:24,598 [data_manager.py] => Class index order: 0, 1, 2, 3, 4, ..., 195, 196, 197, 198, 199
2026-07-01 10:33:27,110 [trainer.py] => ================================================================================
2026-07-01 10:33:27,111 [base.py] => Task 0 learning on class 0-20
2026-07-01 10:33:27,526 [toolkit.py] => Total params:     106,436,123
2026-07-01 10:33:27,526 [toolkit.py] => Trainable params: 199,700
2026-07-01 10:33:27,526 [toolkit.py] => Trainable ratio:  0.1876%
2026-07-01 10:36:46,761 [splitlora.py] => Task 0, Epoch 20/20 => Loss 0.216, Train_accy 93.22
2026-07-01 10:36:53,507 [trainer.py] => Training time: 0h 3m 26s
2026-07-01 10:36:56,596 [trainer.py] => Evaluation time: 0h 0m 3s
2026-07-01 10:36:56,597 [trainer.py] => Accuracy: {'total': 81.47, '00-19': 81.47, 'old': 0, 'new': 81.47}
2026-07-01 10:36:56,597 [trainer.py] => (curve) top1 Acc: [81.47]
2026-07-01 10:36:56,597 [trainer.py] => Avergae Acc: 81.47
2026-07-01 10:36:56,597 [trainer.py] => (curve) top1 Acc with task: [81.47]
2026-07-01 10:36:56,597 [trainer.py] => Avergae Acc: 81.47
2026-07-01 10:36:56,597 [trainer.py] => (curve) top1 Acc task: [100.0]
2026-07-01 10:36:56,597 [trainer.py] => Avergae Acc: 100.00
2026-07-01 10:36:56,597 [trainer.py] => ================================================================================
2026-07-01 10:36:56,597 [trainer.py] => ================================================================================
2026-07-01 10:36:56,598 [base.py] => Task 1 learning on class 20-40
2026-07-01 10:36:56,612 [toolkit.py] => Total params:     106,436,123
2026-07-01 10:36:56,612 [toolkit.py] => Trainable params: 199,700
2026-07-01 10:36:56,612 [toolkit.py] => Trainable ratio:  0.1876%
2026-07-01 10:38:48,150 [toolkit.py] => config: /home/zll2025/low-rank-cl-main/configs/splitlora/imagenet-a.json
2026-07-01 10:38:48,150 [toolkit.py] => device: [device(type='cuda', index=4)]
2026-07-01 10:38:48,150 [toolkit.py] => debug: False
2026-07-01 10:38:48,150 [toolkit.py] => save_ckp: False
2026-07-01 10:38:48,150 [toolkit.py] => moe_list: None
2026-07-01 10:38:48,150 [toolkit.py] => seed: 1993
2026-07-01 10:38:48,150 [toolkit.py] => dataset: imagenet-a
2026-07-01 10:38:48,150 [toolkit.py] => data_path: data/imagenet-a
2026-07-01 10:38:48,150 [toolkit.py] => load: vit_base_patch16_224_in21k
2026-07-01 10:38:48,150 [toolkit.py] => init_cls: 20
2026-07-01 10:38:48,150 [toolkit.py] => increment: 20
2026-07-01 10:38:48,150 [toolkit.py] => sessions: 10
2026-07-01 10:38:48,150 [toolkit.py] => shuffle: False
2026-07-01 10:38:48,150 [toolkit.py] => method: splitlora
2026-07-01 10:38:48,150 [toolkit.py] => optimizer: adam
2026-07-01 10:38:48,150 [toolkit.py] => scheduler: steplr
2026-07-01 10:38:48,150 [toolkit.py] => epochs: 10
2026-07-01 10:38:48,150 [toolkit.py] => lrate: 0.001
2026-07-01 10:38:48,150 [toolkit.py] => weight_decay: 0.0
2026-07-01 10:38:48,150 [toolkit.py] => batch_size: 256
2026-07-01 10:38:48,150 [toolkit.py] => rank: 10
2026-07-01 10:38:48,150 [toolkit.py] => num_workers: 16
2026-07-01 10:38:48,150 [toolkit.py] => lrate_head: 0.01
2026-07-01 10:38:48,150 [toolkit.py] => in_dim: 768
2026-07-01 10:38:48,150 [toolkit.py] => alpha: 20
2026-07-01 10:38:48,151 [toolkit.py] => lamb: 0.98
2026-07-01 10:38:48,151 [toolkit.py] => lame: 1.0
2026-07-01 10:38:48,151 [toolkit.py] => logdir: logs/splitlora/imagenet-a/t10
2026-07-01 10:38:48,151 [toolkit.py] => logfilename: logs/splitlora/imagenet-a/t10/seed1993
2026-07-01 10:38:48,176 [data_manager.py] => Class index order: 0, 1, 2, 3, 4, ..., 195, 196, 197, 198, 199
2026-07-01 10:38:51,447 [trainer.py] => ================================================================================
2026-07-01 10:38:51,448 [base.py] => Task 0 learning on class 0-20
2026-07-01 10:38:52,296 [toolkit.py] => Total params:     106,436,123
2026-07-01 10:38:52,296 [toolkit.py] => Trainable params: 199,700
2026-07-01 10:38:52,296 [toolkit.py] => Trainable ratio:  0.1876%
2026-07-01 10:40:31,929 [splitlora.py] => Task 0, Epoch 10/10 => Loss 0.273, Train_accy 92.02
2026-07-01 10:40:38,413 [trainer.py] => Training time: 0h 1m 46s
2026-07-01 10:40:41,543 [trainer.py] => Evaluation time: 0h 0m 3s
2026-07-01 10:40:41,543 [trainer.py] => Accuracy: {'total': 80.83, '00-19': 80.83, 'old': 0, 'new': 80.83}
2026-07-01 10:40:41,543 [trainer.py] => (curve) top1 Acc: [80.83]
2026-07-01 10:40:41,544 [trainer.py] => Avergae Acc: 80.83
2026-07-01 10:40:41,544 [trainer.py] => (curve) top1 Acc with task: [80.83]
2026-07-01 10:40:41,544 [trainer.py] => Avergae Acc: 80.83
2026-07-01 10:40:41,544 [trainer.py] => (curve) top1 Acc task: [100.0]
2026-07-01 10:40:41,544 [trainer.py] => Avergae Acc: 100.00
2026-07-01 10:40:41,544 [trainer.py] => ================================================================================
2026-07-01 10:40:41,544 [trainer.py] => ================================================================================
2026-07-01 10:40:41,545 [base.py] => Task 1 learning on class 20-40
2026-07-01 10:40:41,554 [toolkit.py] => Total params:     106,436,123
2026-07-01 10:40:41,555 [toolkit.py] => Trainable params: 199,700
2026-07-01 10:40:41,555 [toolkit.py] => Trainable ratio:  0.1876%
2026-07-01 10:42:05,909 [splitlora.py] => Task 1, Epoch 10/10 => Loss 0.230, Train_accy 92.80
2026-07-01 10:42:11,746 [trainer.py] => Training time: 0h 1m 30s
2026-07-01 10:42:15,807 [trainer.py] => Evaluation time: 0h 0m 4s
2026-07-01 10:42:15,807 [trainer.py] => Accuracy: {'total': 72.87, '00-19': 68.69, '20-39': 78.09, 'old': 68.69, 'new': 78.09}
2026-07-01 10:42:15,807 [trainer.py] => (curve) top1 Acc: [80.83, 72.87]
2026-07-01 10:42:15,808 [trainer.py] => Avergae Acc: 76.85
2026-07-01 10:42:15,808 [trainer.py] => (curve) top1 Acc with task: [80.83, 82.27]
2026-07-01 10:42:15,808 [trainer.py] => Avergae Acc: 81.55
2026-07-01 10:42:15,808 [trainer.py] => (curve) top1 Acc task: [100.0, 84.75]
2026-07-01 10:42:15,808 [trainer.py] => Avergae Acc: 92.38
2026-07-01 10:42:15,808 [trainer.py] => ================================================================================
2026-07-01 10:42:15,808 [trainer.py] => ================================================================================
2026-07-01 10:42:15,809 [base.py] => Task 2 learning on class 40-60
2026-07-01 10:42:15,819 [toolkit.py] => Total params:     106,436,123
2026-07-01 10:42:15,819 [toolkit.py] => Trainable params: 199,700
2026-07-01 10:42:15,819 [toolkit.py] => Trainable ratio:  0.1876%
2026-07-01 10:43:41,163 [splitlora.py] => Task 2, Epoch 10/10 => Loss 0.273, Train_accy 91.20
2026-07-01 10:43:47,051 [trainer.py] => Training time: 0h 1m 31s
2026-07-01 10:43:51,897 [trainer.py] => Evaluation time: 0h 0m 4s
2026-07-01 10:43:51,897 [trainer.py] => Accuracy: {'total': 67.24, '00-19': 68.37, '20-39': 76.49, '40-59': 56.57, 'old': 71.99, 'new': 56.57}
2026-07-01 10:43:51,897 [trainer.py] => (curve) top1 Acc: [80.83, 72.87, 67.24]
2026-07-01 10:43:51,897 [trainer.py] => Avergae Acc: 73.65
2026-07-01 10:43:51,897 [trainer.py] => (curve) top1 Acc with task: [80.83, 82.27, 78.77]
2026-07-01 10:43:51,897 [trainer.py] => Avergae Acc: 80.62
2026-07-01 10:43:51,897 [trainer.py] => (curve) top1 Acc task: [100.0, 84.75, 78.53]
2026-07-01 10:43:51,897 [trainer.py] => Avergae Acc: 87.76
2026-07-01 10:43:51,897 [trainer.py] => ================================================================================
2026-07-01 10:43:51,897 [trainer.py] => ================================================================================
2026-07-01 10:43:51,898 [base.py] => Task 3 learning on class 60-80
2026-07-01 10:43:51,910 [toolkit.py] => Total params:     106,436,123
2026-07-01 10:43:51,910 [toolkit.py] => Trainable params: 199,700
2026-07-01 10:43:51,910 [toolkit.py] => Trainable ratio:  0.1876%
2026-07-01 10:44:51,187 [splitlora.py] => Task 3, Epoch 10/10 => Loss 0.267, Train_accy 92.46
2026-07-01 10:44:55,803 [trainer.py] => Training time: 0h 1m 3s
2026-07-01 10:45:01,110 [trainer.py] => Evaluation time: 0h 0m 5s
2026-07-01 10:45:01,110 [trainer.py] => Accuracy: {'total': 67.08, '00-19': 66.77, '20-39': 76.49, '40-59': 53.39, '60-79': 74.83, 'old': 65.64, 'new': 74.83}
2026-07-01 10:45:01,110 [trainer.py] => (curve) top1 Acc: [80.83, 72.87, 67.24, 67.08]
2026-07-01 10:45:01,110 [trainer.py] => Avergae Acc: 72.00
2026-07-01 10:45:01,111 [trainer.py] => (curve) top1 Acc with task: [80.83, 82.27, 78.77, 80.02]
2026-07-01 10:45:01,111 [trainer.py] => Avergae Acc: 80.47
2026-07-01 10:45:01,111 [trainer.py] => (curve) top1 Acc task: [100.0, 84.75, 78.53, 76.4]
2026-07-01 10:45:01,111 [trainer.py] => Avergae Acc: 84.92
2026-07-01 10:45:01,111 [trainer.py] => ================================================================================
2026-07-01 10:45:01,111 [trainer.py] => ================================================================================
2026-07-01 10:45:01,111 [base.py] => Task 4 learning on class 80-100
2026-07-01 10:45:01,122 [toolkit.py] => Total params:     106,436,123
2026-07-01 10:45:01,122 [toolkit.py] => Trainable params: 199,700
2026-07-01 10:45:01,122 [toolkit.py] => Trainable ratio:  0.1876%
2026-07-01 10:45:46,221 [splitlora.py] => Task 4, Epoch 10/10 => Loss 0.203, Train_accy 95.31
2026-07-01 10:45:50,065 [trainer.py] => Training time: 0h 0m 48s
2026-07-01 10:45:55,668 [trainer.py] => Evaluation time: 0h 0m 5s
2026-07-01 10:45:55,668 [trainer.py] => Accuracy: {'total': 65.07, '00-19': 66.77, '20-39': 77.69, '40-59': 52.59, '60-79': 74.17, '80-99': 46.08, 'old': 67.08, 'new': 46.08}
2026-07-01 10:45:55,668 [trainer.py] => (curve) top1 Acc: [80.83, 72.87, 67.24, 67.08, 65.07]
2026-07-01 10:45:55,668 [trainer.py] => Avergae Acc: 70.62
2026-07-01 10:45:55,668 [trainer.py] => (curve) top1 Acc with task: [80.83, 82.27, 78.77, 80.02, 78.37]
2026-07-01 10:45:55,668 [trainer.py] => Avergae Acc: 80.05
2026-07-01 10:45:55,668 [trainer.py] => (curve) top1 Acc task: [100.0, 84.75, 78.53, 76.4, 73.97]
2026-07-01 10:45:55,668 [trainer.py] => Avergae Acc: 82.73
2026-07-01 10:45:55,668 [trainer.py] => ================================================================================
2026-07-01 10:45:55,668 [trainer.py] => ================================================================================
2026-07-01 10:45:55,669 [base.py] => Task 5 learning on class 100-120
2026-07-01 10:45:55,679 [toolkit.py] => Total params:     106,436,123
2026-07-01 10:45:55,679 [toolkit.py] => Trainable params: 199,700
2026-07-01 10:45:55,679 [toolkit.py] => Trainable ratio:  0.1876%
2026-07-01 10:46:30,907 [splitlora.py] => Task 5, Epoch 10/10 => Loss 0.181, Train_accy 93.16
2026-07-01 10:46:34,390 [trainer.py] => Training time: 0h 0m 38s
2026-07-01 10:46:40,305 [trainer.py] => Evaluation time: 0h 0m 5s
2026-07-01 10:46:40,305 [trainer.py] => Accuracy: {'total': 61.71, '00-19': 66.45, '20-39': 77.29, '40-59': 52.59, '60-79': 74.17, '80-99': 44.12, '100-119': 14.71, 'old': 64.7, 'new': 14.71}
2026-07-01 10:46:40,306 [trainer.py] => (curve) top1 Acc: [80.83, 72.87, 67.24, 67.08, 65.07, 61.71]
2026-07-01 10:46:40,306 [trainer.py] => Avergae Acc: 69.13
2026-07-01 10:46:40,306 [trainer.py] => (curve) top1 Acc with task: [80.83, 82.27, 78.77, 80.02, 78.37, 76.32]
2026-07-01 10:46:40,306 [trainer.py] => Avergae Acc: 79.43
2026-07-01 10:46:40,306 [trainer.py] => (curve) top1 Acc task: [100.0, 84.75, 78.53, 76.4, 73.97, 70.51]
2026-07-01 10:46:40,306 [trainer.py] => Avergae Acc: 80.69
2026-07-01 10:46:40,306 [trainer.py] => ================================================================================
2026-07-01 10:46:40,306 [trainer.py] => ================================================================================
2026-07-01 10:46:40,307 [base.py] => Task 6 learning on class 120-140
2026-07-01 10:46:40,317 [toolkit.py] => Total params:     106,436,123
2026-07-01 10:46:40,317 [toolkit.py] => Trainable params: 199,700
2026-07-01 10:46:40,317 [toolkit.py] => Trainable ratio:  0.1876%
2026-07-01 10:47:20,634 [splitlora.py] => Task 6, Epoch 10/10 => Loss 0.169, Train_accy 95.44
2026-07-01 10:47:24,340 [trainer.py] => Training time: 0h 0m 44s
2026-07-01 10:47:30,473 [trainer.py] => Evaluation time: 0h 0m 6s
2026-07-01 10:47:30,473 [trainer.py] => Accuracy: {'total': 59.92, '00-19': 66.13, '20-39': 77.29, '40-59': 52.99, '60-79': 73.51, '80-99': 40.2, '100-119': 8.82, '120-139': 47.19, 'old': 60.92, 'new': 47.19}
2026-07-01 10:47:30,474 [trainer.py] => (curve) top1 Acc: [80.83, 72.87, 67.24, 67.08, 65.07, 61.71, 59.92]
2026-07-01 10:47:30,474 [trainer.py] => Avergae Acc: 67.82
2026-07-01 10:47:30,474 [trainer.py] => (curve) top1 Acc with task: [80.83, 82.27, 78.77, 80.02, 78.37, 76.32, 75.51]
2026-07-01 10:47:30,474 [trainer.py] => Avergae Acc: 78.87
2026-07-01 10:47:30,474 [trainer.py] => (curve) top1 Acc task: [100.0, 84.75, 78.53, 76.4, 73.97, 70.51, 68.65]
2026-07-01 10:47:30,474 [trainer.py] => Avergae Acc: 78.97
2026-07-01 10:47:30,474 [trainer.py] => ================================================================================
2026-07-01 10:47:30,474 [trainer.py] => ================================================================================
2026-07-01 10:47:30,475 [base.py] => Task 7 learning on class 140-160
2026-07-01 10:47:30,485 [toolkit.py] => Total params:     106,436,123
2026-07-01 10:47:30,485 [toolkit.py] => Trainable params: 199,700
2026-07-01 10:47:30,485 [toolkit.py] => Trainable ratio:  0.1876%
2026-07-01 10:48:08,929 [splitlora.py] => Task 7, Epoch 10/10 => Loss 0.253, Train_accy 94.39
2026-07-01 10:48:12,572 [trainer.py] => Training time: 0h 0m 42s
2026-07-01 10:48:19,213 [trainer.py] => Evaluation time: 0h 0m 6s
2026-07-01 10:48:19,214 [trainer.py] => Accuracy: {'total': 58.12, '00-19': 65.81, '20-39': 77.29, '40-59': 52.19, '60-79': 73.51, '80-99': 39.22, '100-119': 8.82, '120-139': 46.07, '140-159': 37.04, 'old': 59.51, 'new': 37.04}
2026-07-01 10:48:19,214 [trainer.py] => (curve) top1 Acc: [80.83, 72.87, 67.24, 67.08, 65.07, 61.71, 59.92, 58.12]
2026-07-01 10:48:19,214 [trainer.py] => Avergae Acc: 66.60
2026-07-01 10:48:19,214 [trainer.py] => (curve) top1 Acc with task: [80.83, 82.27, 78.77, 80.02, 78.37, 76.32, 75.51, 75.27]
2026-07-01 10:48:19,214 [trainer.py] => Avergae Acc: 78.42
2026-07-01 10:48:19,214 [trainer.py] => (curve) top1 Acc task: [100.0, 84.75, 78.53, 76.4, 73.97, 70.51, 68.65, 66.54]
2026-07-01 10:48:19,214 [trainer.py] => Avergae Acc: 77.42
2026-07-01 10:48:19,214 [trainer.py] => ================================================================================
2026-07-01 10:48:19,214 [trainer.py] => ================================================================================
2026-07-01 10:48:19,215 [base.py] => Task 8 learning on class 160-180
2026-07-01 10:48:19,225 [toolkit.py] => Total params:     106,436,123
2026-07-01 10:48:19,226 [toolkit.py] => Trainable params: 199,700
2026-07-01 10:48:19,226 [toolkit.py] => Trainable ratio:  0.1876%
2026-07-01 10:49:02,633 [splitlora.py] => Task 8, Epoch 10/10 => Loss 0.163, Train_accy 94.88
2026-07-01 10:49:06,426 [trainer.py] => Training time: 0h 0m 47s
2026-07-01 10:49:13,156 [trainer.py] => Evaluation time: 0h 0m 6s
2026-07-01 10:49:13,156 [trainer.py] => Accuracy: {'total': 55.88, '00-19': 65.81, '20-39': 76.49, '40-59': 52.19, '60-79': 73.51, '80-99': 37.25, '100-119': 8.82, '120-139': 42.7, '140-159': 33.33, '160-179': 36.08, 'old': 57.35, 'new': 36.08}
2026-07-01 10:49:13,156 [trainer.py] => (curve) top1 Acc: [80.83, 72.87, 67.24, 67.08, 65.07, 61.71, 59.92, 58.12, 55.88]
2026-07-01 10:49:13,156 [trainer.py] => Avergae Acc: 65.41
2026-07-01 10:49:13,157 [trainer.py] => (curve) top1 Acc with task: [80.83, 82.27, 78.77, 80.02, 78.37, 76.32, 75.51, 75.27, 74.48]
2026-07-01 10:49:13,157 [trainer.py] => Avergae Acc: 77.98
2026-07-01 10:49:13,157 [trainer.py] => (curve) top1 Acc task: [100.0, 84.75, 78.53, 76.4, 73.97, 70.51, 68.65, 66.54, 63.36]
2026-07-01 10:49:13,157 [trainer.py] => Avergae Acc: 75.86
2026-07-01 10:49:13,157 [trainer.py] => ================================================================================
2026-07-01 10:49:13,157 [trainer.py] => ================================================================================
2026-07-01 10:49:13,158 [base.py] => Task 9 learning on class 180-200
2026-07-01 10:49:13,169 [toolkit.py] => Total params:     106,436,123
2026-07-01 10:49:13,169 [toolkit.py] => Trainable params: 199,700
2026-07-01 10:49:13,169 [toolkit.py] => Trainable ratio:  0.1876%
2026-07-01 10:49:57,055 [splitlora.py] => Task 9, Epoch 10/10 => Loss 0.145, Train_accy 96.10
2026-07-01 10:50:00,912 [trainer.py] => Training time: 0h 0m 47s
2026-07-01 10:50:08,027 [trainer.py] => Evaluation time: 0h 0m 7s
2026-07-01 10:50:08,027 [trainer.py] => Accuracy: {'total': 55.13, '00-19': 65.5, '20-39': 74.9, '40-59': 51.39, '60-79': 72.85, '80-99': 36.27, '100-119': 7.35, '120-139': 42.7, '140-159': 33.33, '160-179': 35.05, '180-199': 55.67, 'old': 55.1, 'new': 55.67}
2026-07-01 10:50:08,027 [trainer.py] => (curve) top1 Acc: [80.83, 72.87, 67.24, 67.08, 65.07, 61.71, 59.92, 58.12, 55.88, 55.13]
2026-07-01 10:50:08,027 [trainer.py] => Avergae Acc: 64.38
2026-07-01 10:50:08,027 [trainer.py] => (curve) top1 Acc with task: [80.83, 82.27, 78.77, 80.02, 78.37, 76.32, 75.51, 75.27, 74.48, 73.93]
2026-07-01 10:50:08,027 [trainer.py] => Avergae Acc: 77.58
2026-07-01 10:50:08,027 [trainer.py] => (curve) top1 Acc task: [100.0, 84.75, 78.53, 76.4, 73.97, 70.51, 68.65, 66.54, 63.36, 62.47]
2026-07-01 10:50:08,027 [trainer.py] => Avergae Acc: 74.52
2026-07-01 10:50:08,028 [trainer.py] => ================================================================================
2026-07-03 22:31:20,455 [toolkit.py] => config: /home/zll2025/low-rank-cl-main/configs/splitlora/imagenet-a_seed=1993.json
2026-07-03 22:31:20,478 [toolkit.py] => device: [device(type='cuda', index=2)]
2026-07-03 22:31:20,479 [toolkit.py] => debug: False
2026-07-03 22:31:20,479 [toolkit.py] => save_ckp: False
2026-07-03 22:31:20,479 [toolkit.py] => moe_list: None
2026-07-03 22:31:20,479 [toolkit.py] => seed: 1993
2026-07-03 22:31:20,479 [toolkit.py] => dataset: imagenet-a
2026-07-03 22:31:20,479 [toolkit.py] => data_path: data/imagenet-a
2026-07-03 22:31:20,479 [toolkit.py] => load: vit_base_patch16_224_in21k
2026-07-03 22:31:20,479 [toolkit.py] => init_cls: 20
2026-07-03 22:31:20,480 [toolkit.py] => increment: 20
2026-07-03 22:31:20,480 [toolkit.py] => sessions: 10
2026-07-03 22:31:20,480 [toolkit.py] => shuffle: False
2026-07-03 22:31:20,480 [toolkit.py] => method: splitlora
2026-07-03 22:31:20,480 [toolkit.py] => optimizer: adamw
2026-07-03 22:31:20,480 [toolkit.py] => scheduler: steplr
2026-07-03 22:31:20,480 [toolkit.py] => epochs: 10
2026-07-03 22:31:20,480 [toolkit.py] => lrate: 0.001
2026-07-03 22:31:20,480 [toolkit.py] => lrate_head: 0.01
2026-07-03 22:31:20,480 [toolkit.py] => weight_decay: 5e-05
2026-07-03 22:31:20,480 [toolkit.py] => batch_size: 256
2026-07-03 22:31:20,480 [toolkit.py] => rank: 10
2026-07-03 22:31:20,480 [toolkit.py] => num_workers: 16
2026-07-03 22:31:20,480 [toolkit.py] => lamb: 0.95
2026-07-03 22:31:20,480 [toolkit.py] => lame: 1.0
2026-07-03 22:31:20,480 [toolkit.py] => in_dim: 768
2026-07-03 22:31:20,480 [toolkit.py] => alpha: 20
2026-07-03 22:31:20,480 [toolkit.py] => logdir: logs/splitlora/imagenet-a/t10
2026-07-03 22:31:20,480 [toolkit.py] => logfilename: logs/splitlora/imagenet-a/t10/seed1993
2026-07-03 22:31:20,509 [data_manager.py] => Class index order: 0, 1, 2, 3, 4, ..., 195, 196, 197, 198, 199
2026-07-03 22:31:27,927 [trainer.py] => ================================================================================
2026-07-03 22:31:27,929 [base.py] => Task 0 learning on class 0-20
2026-07-03 22:31:29,273 [toolkit.py] => Total params:     106,436,123
2026-07-03 22:31:29,274 [toolkit.py] => Trainable params: 199,700
2026-07-03 22:31:29,274 [toolkit.py] => Trainable ratio:  0.1876%
2026-07-03 22:34:35,621 [splitlora.py] => Task 0, Epoch 10/10 => Loss 0.271, Train_accy 91.94
2026-07-03 22:34:48,748 [trainer.py] => Training time: 0h 3m 20s
2026-07-03 22:34:53,705 [trainer.py] => Evaluation time: 0h 0m 4s
2026-07-03 22:34:53,705 [trainer.py] => Accuracy: {'total': 80.83, '00-19': 80.83, 'old': 0, 'new': 80.83}
2026-07-03 22:34:53,705 [trainer.py] => (curve) top1 Acc: [80.83]
2026-07-03 22:34:53,705 [trainer.py] => Avergae Acc: 80.83
2026-07-03 22:34:53,705 [trainer.py] => (curve) top1 Acc with task: [80.83]
2026-07-03 22:34:53,705 [trainer.py] => Avergae Acc: 80.83
2026-07-03 22:34:53,705 [trainer.py] => (curve) top1 Acc task: [100.0]
2026-07-03 22:34:53,705 [trainer.py] => Avergae Acc: 100.00
2026-07-03 22:34:53,705 [trainer.py] => ================================================================================
2026-07-03 22:34:53,705 [trainer.py] => ================================================================================
2026-07-03 22:34:53,706 [base.py] => Task 1 learning on class 20-40
2026-07-03 22:34:53,716 [toolkit.py] => Total params:     106,436,123
2026-07-03 22:34:53,716 [toolkit.py] => Trainable params: 199,700
2026-07-03 22:34:53,716 [toolkit.py] => Trainable ratio:  0.1876%
2026-07-03 22:37:24,780 [splitlora.py] => Task 1, Epoch 10/10 => Loss 0.165, Train_accy 94.10
2026-07-03 22:37:34,673 [trainer.py] => Training time: 0h 2m 40s
2026-07-03 22:37:41,770 [trainer.py] => Evaluation time: 0h 0m 7s
2026-07-03 22:37:41,771 [trainer.py] => Accuracy: {'total': 72.52, '00-19': 66.77, '20-39': 79.68, 'old': 66.77, 'new': 79.68}
2026-07-03 22:37:41,771 [trainer.py] => (curve) top1 Acc: [80.83, 72.52]
2026-07-03 22:37:41,771 [trainer.py] => Avergae Acc: 76.67
2026-07-03 22:37:41,771 [trainer.py] => (curve) top1 Acc with task: [80.83, 83.33]
2026-07-03 22:37:41,771 [trainer.py] => Avergae Acc: 82.08
2026-07-03 22:37:41,771 [trainer.py] => (curve) top1 Acc task: [100.0, 83.33]
2026-07-03 22:37:41,771 [trainer.py] => Avergae Acc: 91.66
2026-07-03 22:37:41,771 [trainer.py] => ================================================================================
2026-07-03 22:37:41,771 [trainer.py] => ================================================================================
2026-07-03 22:37:41,772 [base.py] => Task 2 learning on class 40-60
2026-07-03 22:37:41,782 [toolkit.py] => Total params:     106,436,123
2026-07-03 22:37:41,782 [toolkit.py] => Trainable params: 199,700
2026-07-03 22:37:41,782 [toolkit.py] => Trainable ratio:  0.1876%
2026-07-03 22:40:13,732 [splitlora.py] => Task 2, Epoch 10/10 => Loss 0.338, Train_accy 88.70
2026-07-03 22:40:24,082 [trainer.py] => Training time: 0h 2m 42s
2026-07-03 22:40:30,859 [trainer.py] => Evaluation time: 0h 0m 6s
2026-07-03 22:40:30,859 [trainer.py] => Accuracy: {'total': 67.36, '00-19': 66.77, '20-39': 78.49, '40-59': 56.97, 'old': 71.99, 'new': 56.97}
2026-07-03 22:40:30,860 [trainer.py] => (curve) top1 Acc: [80.83, 72.52, 67.36]
2026-07-03 22:40:30,860 [trainer.py] => Avergae Acc: 73.57
2026-07-03 22:40:30,860 [trainer.py] => (curve) top1 Acc with task: [80.83, 83.33, 79.14]
2026-07-03 22:40:30,860 [trainer.py] => Avergae Acc: 81.10
2026-07-03 22:40:30,860 [trainer.py] => (curve) top1 Acc task: [100.0, 83.33, 77.55]
2026-07-03 22:40:30,860 [trainer.py] => Avergae Acc: 86.96
2026-07-03 22:40:30,860 [trainer.py] => ================================================================================
2026-07-03 22:40:30,860 [trainer.py] => ================================================================================
2026-07-03 22:40:30,861 [base.py] => Task 3 learning on class 60-80
2026-07-03 22:40:30,871 [toolkit.py] => Total params:     106,436,123
2026-07-03 22:40:30,871 [toolkit.py] => Trainable params: 199,700
2026-07-03 22:40:30,871 [toolkit.py] => Trainable ratio:  0.1876%
2026-07-03 22:42:13,777 [splitlora.py] => Task 3, Epoch 10/10 => Loss 0.142, Train_accy 95.41
2026-07-03 22:42:23,156 [trainer.py] => Training time: 0h 1m 52s
2026-07-03 22:42:33,776 [trainer.py] => Evaluation time: 0h 0m 10s
2026-07-03 22:42:33,776 [trainer.py] => Accuracy: {'total': 66.46, '00-19': 64.86, '20-39': 76.49, '40-59': 54.18, '60-79': 73.51, 'old': 65.15, 'new': 73.51}
2026-07-03 22:42:33,776 [trainer.py] => (curve) top1 Acc: [80.83, 72.52, 67.36, 66.46]
2026-07-03 22:42:33,777 [trainer.py] => Avergae Acc: 71.79
2026-07-03 22:42:33,777 [trainer.py] => (curve) top1 Acc with task: [80.83, 83.33, 79.14, 80.33]
2026-07-03 22:42:33,777 [trainer.py] => Avergae Acc: 80.91
2026-07-03 22:42:33,777 [trainer.py] => (curve) top1 Acc task: [100.0, 83.33, 77.55, 75.05]
2026-07-03 22:42:33,777 [trainer.py] => Avergae Acc: 83.98
2026-07-03 22:42:33,777 [trainer.py] => ================================================================================
2026-07-03 22:42:33,777 [trainer.py] => ================================================================================
2026-07-03 22:42:33,778 [base.py] => Task 4 learning on class 80-100
2026-07-03 22:42:33,794 [toolkit.py] => Total params:     106,436,123
2026-07-03 22:42:33,794 [toolkit.py] => Trainable params: 199,700
2026-07-03 22:42:33,794 [toolkit.py] => Trainable ratio:  0.1876%
2026-07-03 22:43:47,333 [splitlora.py] => Task 4, Epoch 10/10 => Loss 0.164, Train_accy 95.31
2026-07-03 22:43:53,241 [trainer.py] => Training time: 0h 1m 19s
2026-07-03 22:44:04,969 [trainer.py] => Evaluation time: 0h 0m 11s
2026-07-03 22:44:04,969 [trainer.py] => Accuracy: {'total': 64.23, '00-19': 64.22, '20-39': 75.7, '40-59': 53.78, '60-79': 73.51, '80-99': 48.04, 'old': 65.94, 'new': 48.04}
2026-07-03 22:44:04,969 [trainer.py] => (curve) top1 Acc: [80.83, 72.52, 67.36, 66.46, 64.23]
2026-07-03 22:44:04,969 [trainer.py] => Avergae Acc: 70.28
2026-07-03 22:44:04,970 [trainer.py] => (curve) top1 Acc with task: [80.83, 83.33, 79.14, 80.33, 78.75]
2026-07-03 22:44:04,970 [trainer.py] => Avergae Acc: 80.48
2026-07-03 22:44:04,970 [trainer.py] => (curve) top1 Acc task: [100.0, 83.33, 77.55, 75.05, 73.03]
2026-07-03 22:44:04,970 [trainer.py] => Avergae Acc: 81.79
2026-07-03 22:44:04,970 [trainer.py] => ================================================================================
2026-07-03 22:44:04,970 [trainer.py] => ================================================================================
2026-07-03 22:44:04,970 [base.py] => Task 5 learning on class 100-120
2026-07-03 22:44:04,981 [toolkit.py] => Total params:     106,436,123
2026-07-03 22:44:04,981 [toolkit.py] => Trainable params: 199,700
2026-07-03 22:44:04,981 [toolkit.py] => Trainable ratio:  0.1876%
2026-07-03 22:45:02,188 [splitlora.py] => Task 5, Epoch 10/10 => Loss 0.164, Train_accy 90.49
2026-07-03 22:45:06,933 [trainer.py] => Training time: 0h 1m 1s
2026-07-03 22:45:16,648 [trainer.py] => Evaluation time: 0h 0m 9s
2026-07-03 22:45:16,648 [trainer.py] => Accuracy: {'total': 61.0, '00-19': 63.9, '20-39': 75.7, '40-59': 53.78, '60-79': 73.51, '80-99': 46.08, '100-119': 14.71, 'old': 63.95, 'new': 14.71}
2026-07-03 22:45:16,648 [trainer.py] => (curve) top1 Acc: [80.83, 72.52, 67.36, 66.46, 64.23, 61.0]
2026-07-03 22:45:16,648 [trainer.py] => Avergae Acc: 68.73
2026-07-03 22:45:16,648 [trainer.py] => (curve) top1 Acc with task: [80.83, 83.33, 79.14, 80.33, 78.75, 76.41]
2026-07-03 22:45:16,648 [trainer.py] => Avergae Acc: 79.80
2026-07-03 22:45:16,648 [trainer.py] => (curve) top1 Acc task: [100.0, 83.33, 77.55, 75.05, 73.03, 69.63]
2026-07-03 22:45:16,648 [trainer.py] => Avergae Acc: 79.77
2026-07-03 22:45:16,649 [trainer.py] => ================================================================================
2026-07-03 22:45:16,649 [trainer.py] => ================================================================================
2026-07-03 22:45:16,649 [base.py] => Task 6 learning on class 120-140
2026-07-03 22:45:16,659 [toolkit.py] => Total params:     106,436,123
2026-07-03 22:45:16,659 [toolkit.py] => Trainable params: 199,700
2026-07-03 22:45:16,659 [toolkit.py] => Trainable ratio:  0.1876%
2026-07-03 22:46:25,238 [splitlora.py] => Task 6, Epoch 10/10 => Loss 0.196, Train_accy 94.87
2026-07-03 22:46:30,887 [trainer.py] => Training time: 0h 1m 14s
2026-07-03 22:46:43,215 [trainer.py] => Evaluation time: 0h 0m 12s
2026-07-03 22:46:43,216 [trainer.py] => Accuracy: {'total': 58.61, '00-19': 63.58, '20-39': 76.1, '40-59': 53.39, '60-79': 71.52, '80-99': 38.24, '100-119': 13.24, '120-139': 42.7, 'old': 59.86, 'new': 42.7}
2026-07-03 22:46:43,216 [trainer.py] => (curve) top1 Acc: [80.83, 72.52, 67.36, 66.46, 64.23, 61.0, 58.61]
2026-07-03 22:46:43,216 [trainer.py] => Avergae Acc: 67.29
2026-07-03 22:46:43,216 [trainer.py] => (curve) top1 Acc with task: [80.83, 83.33, 79.14, 80.33, 78.75, 76.41, 75.27]
2026-07-03 22:46:43,216 [trainer.py] => Avergae Acc: 79.15
2026-07-03 22:46:43,216 [trainer.py] => (curve) top1 Acc task: [100.0, 83.33, 77.55, 75.05, 73.03, 69.63, 66.86]
2026-07-03 22:46:43,216 [trainer.py] => Avergae Acc: 77.92
2026-07-03 22:46:43,216 [trainer.py] => ================================================================================
2026-07-03 22:46:43,216 [trainer.py] => ================================================================================
2026-07-03 22:46:43,217 [base.py] => Task 7 learning on class 140-160
2026-07-03 22:46:43,231 [toolkit.py] => Total params:     106,436,123
2026-07-03 22:46:43,231 [toolkit.py] => Trainable params: 199,700
2026-07-03 22:46:43,231 [toolkit.py] => Trainable ratio:  0.1876%
2026-07-03 22:47:42,128 [splitlora.py] => Task 7, Epoch 10/10 => Loss 0.048, Train_accy 97.82
2026-07-03 22:47:47,399 [trainer.py] => Training time: 0h 1m 4s
2026-07-03 22:48:01,374 [trainer.py] => Evaluation time: 0h 0m 13s
2026-07-03 22:48:01,374 [trainer.py] => Accuracy: {'total': 56.74, '00-19': 63.58, '20-39': 76.1, '40-59': 53.39, '60-79': 71.52, '80-99': 37.25, '100-119': 11.76, '120-139': 40.45, '140-159': 33.33, 'old': 58.29, 'new': 33.33}
2026-07-03 22:48:01,374 [trainer.py] => (curve) top1 Acc: [80.83, 72.52, 67.36, 66.46, 64.23, 61.0, 58.61, 56.74]
2026-07-03 22:48:01,374 [trainer.py] => Avergae Acc: 65.97
2026-07-03 22:48:01,374 [trainer.py] => (curve) top1 Acc with task: [80.83, 83.33, 79.14, 80.33, 78.75, 76.41, 75.27, 74.43]
2026-07-03 22:48:01,374 [trainer.py] => Avergae Acc: 78.56
2026-07-03 22:48:01,374 [trainer.py] => (curve) top1 Acc task: [100.0, 83.33, 77.55, 75.05, 73.03, 69.63, 66.86, 64.62]
2026-07-03 22:48:01,374 [trainer.py] => Avergae Acc: 76.26
2026-07-03 22:48:01,374 [trainer.py] => ================================================================================
2026-07-03 22:48:01,374 [trainer.py] => ================================================================================
2026-07-03 22:48:01,375 [base.py] => Task 8 learning on class 160-180
2026-07-03 22:48:01,385 [toolkit.py] => Total params:     106,436,123
2026-07-03 22:48:01,385 [toolkit.py] => Trainable params: 199,700
2026-07-03 22:48:01,385 [toolkit.py] => Trainable ratio:  0.1876%
2026-07-03 22:49:19,491 [splitlora.py] => Task 8, Epoch 10/10 => Loss 0.156, Train_accy 94.88
2026-07-03 22:49:26,399 [trainer.py] => Training time: 0h 1m 25s
2026-07-03 22:49:37,368 [trainer.py] => Evaluation time: 0h 0m 10s
2026-07-03 22:49:37,368 [trainer.py] => Accuracy: {'total': 54.95, '00-19': 63.58, '20-39': 75.3, '40-59': 53.39, '60-79': 71.52, '80-99': 36.27, '100-119': 10.29, '120-139': 38.2, '140-159': 30.86, '160-179': 39.18, 'old': 56.13, 'new': 39.18}
2026-07-03 22:49:37,368 [trainer.py] => (curve) top1 Acc: [80.83, 72.52, 67.36, 66.46, 64.23, 61.0, 58.61, 56.74, 54.95]
2026-07-03 22:49:37,368 [trainer.py] => Avergae Acc: 64.74
2026-07-03 22:49:37,368 [trainer.py] => (curve) top1 Acc with task: [80.83, 83.33, 79.14, 80.33, 78.75, 76.41, 75.27, 74.43, 73.27]
2026-07-03 22:49:37,368 [trainer.py] => Avergae Acc: 77.97
2026-07-03 22:49:37,368 [trainer.py] => (curve) top1 Acc task: [100.0, 83.33, 77.55, 75.05, 73.03, 69.63, 66.86, 64.62, 62.3]
2026-07-03 22:49:37,368 [trainer.py] => Avergae Acc: 74.71
2026-07-03 22:49:37,368 [trainer.py] => ================================================================================
2026-07-03 22:49:37,369 [trainer.py] => ================================================================================
2026-07-03 22:49:37,369 [base.py] => Task 9 learning on class 180-200
2026-07-03 22:49:37,400 [toolkit.py] => Total params:     106,436,123
2026-07-03 22:49:37,400 [toolkit.py] => Trainable params: 199,700
2026-07-03 22:49:37,400 [toolkit.py] => Trainable ratio:  0.1876%
2026-07-03 22:50:48,473 [splitlora.py] => Task 9, Epoch 10/10 => Loss 0.119, Train_accy 96.36
2026-07-03 22:50:54,319 [trainer.py] => Training time: 0h 1m 16s
2026-07-03 22:51:09,113 [trainer.py] => Evaluation time: 0h 0m 14s
2026-07-03 22:51:09,113 [trainer.py] => Accuracy: {'total': 54.6, '00-19': 63.9, '20-39': 74.5, '40-59': 52.99, '60-79': 70.86, '80-99': 36.27, '100-119': 10.29, '120-139': 38.2, '140-159': 32.1, '160-179': 34.02, '180-199': 56.7, 'old': 54.45, 'new': 56.7}
2026-07-03 22:51:09,113 [trainer.py] => (curve) top1 Acc: [80.83, 72.52, 67.36, 66.46, 64.23, 61.0, 58.61, 56.74, 54.95, 54.6]
2026-07-03 22:51:09,113 [trainer.py] => Avergae Acc: 63.73
2026-07-03 22:51:09,113 [trainer.py] => (curve) top1 Acc with task: [80.83, 83.33, 79.14, 80.33, 78.75, 76.41, 75.27, 74.43, 73.27, 72.87]
2026-07-03 22:51:09,113 [trainer.py] => Avergae Acc: 77.46
2026-07-03 22:51:09,113 [trainer.py] => (curve) top1 Acc task: [100.0, 83.33, 77.55, 75.05, 73.03, 69.63, 66.86, 64.62, 62.3, 61.87]
2026-07-03 22:51:09,113 [trainer.py] => Avergae Acc: 73.42
2026-07-03 22:51:09,114 [trainer.py] => ================================================================================
2026-07-17 10:57:02,316 [toolkit.py] => config: /home/zll2025/low-rank-cl-main/configs/splitlora/imagenet-a_seed=1993.json
2026-07-17 10:57:02,375 [toolkit.py] => device: [device(type='cuda', index=3)]
2026-07-17 10:57:02,375 [toolkit.py] => debug: False
2026-07-17 10:57:02,375 [toolkit.py] => save_ckp: False
2026-07-17 10:57:02,375 [toolkit.py] => moe_list: None
2026-07-17 10:57:02,376 [toolkit.py] => seed: 1993
2026-07-17 10:57:02,376 [toolkit.py] => dataset: imagenet-a
2026-07-17 10:57:02,376 [toolkit.py] => data_path: data/imagenet-a
2026-07-17 10:57:02,376 [toolkit.py] => load: vit_base_patch16_224_in21k
2026-07-17 10:57:02,376 [toolkit.py] => init_cls: 20
2026-07-17 10:57:02,376 [toolkit.py] => increment: 20
2026-07-17 10:57:02,376 [toolkit.py] => sessions: 10
2026-07-17 10:57:02,376 [toolkit.py] => shuffle: False
2026-07-17 10:57:02,377 [toolkit.py] => method: splitlora
2026-07-17 10:57:02,377 [toolkit.py] => optimizer: adamw
2026-07-17 10:57:02,377 [toolkit.py] => scheduler: steplr
2026-07-17 10:57:02,377 [toolkit.py] => epochs: 10
2026-07-17 10:57:02,377 [toolkit.py] => lrate: 0.001
2026-07-17 10:57:02,377 [toolkit.py] => lrate_head: 0.01
2026-07-17 10:57:02,377 [toolkit.py] => weight_decay: 5e-05
2026-07-17 10:57:02,377 [toolkit.py] => batch_size: 256
2026-07-17 10:57:02,377 [toolkit.py] => rank: 10
2026-07-17 10:57:02,377 [toolkit.py] => num_workers: 16
2026-07-17 10:57:02,377 [toolkit.py] => lamb: 0.95
2026-07-17 10:57:02,377 [toolkit.py] => lame: 1.0
2026-07-17 10:57:02,377 [toolkit.py] => in_dim: 768
2026-07-17 10:57:02,377 [toolkit.py] => alpha: 20
2026-07-17 10:57:02,377 [toolkit.py] => logdir: logs/splitlora/imagenet-a/t10
2026-07-17 10:57:02,377 [toolkit.py] => logfilename: logs/splitlora/imagenet-a/t10/seed1993
2026-07-17 10:57:02,404 [data_manager.py] => Class index order: 0, 1, 2, 3, 4, ..., 195, 196, 197, 198, 199
2026-07-17 10:57:04,594 [trainer.py] => ================================================================================
2026-07-17 10:57:04,595 [base.py] => Task 0 learning on class 0-20
2026-07-17 10:57:05,007 [toolkit.py] => Total params:     106,436,123
2026-07-17 10:57:05,007 [toolkit.py] => Trainable params: 199,700
2026-07-17 10:57:05,007 [toolkit.py] => Trainable ratio:  0.1876%
2026-07-17 10:58:55,723 [splitlora.py] => Task 0, Epoch 10/10 => Loss 0.422, Train_accy 88.59
2026-07-17 10:59:02,526 [trainer.py] => Training time: 0h 1m 57s
2026-07-17 10:59:05,889 [trainer.py] => Evaluation time: 0h 0m 3s
2026-07-17 10:59:05,890 [trainer.py] => Accuracy: {'total': 83.71, '00-19': 83.71, 'old': 0, 'new': 83.71}
2026-07-17 10:59:05,890 [trainer.py] => (curve) top1 Acc: [83.71]
2026-07-17 10:59:05,890 [trainer.py] => Avergae Acc: 83.71
2026-07-17 10:59:05,890 [trainer.py] => (curve) top1 Acc with task: [83.71]
2026-07-17 10:59:05,890 [trainer.py] => Avergae Acc: 83.71
2026-07-17 10:59:05,890 [trainer.py] => (curve) top1 Acc task: [100.0]
2026-07-17 10:59:05,890 [trainer.py] => Avergae Acc: 100.00
2026-07-17 10:59:05,890 [trainer.py] => ================================================================================
2026-07-17 10:59:05,890 [trainer.py] => ================================================================================
2026-07-17 10:59:05,891 [base.py] => Task 1 learning on class 20-40
2026-07-17 10:59:05,901 [toolkit.py] => Total params:     106,436,123
2026-07-17 10:59:05,901 [toolkit.py] => Trainable params: 199,700
2026-07-17 10:59:05,901 [toolkit.py] => Trainable ratio:  0.1876%
2026-07-17 11:00:39,639 [splitlora.py] => Task 1, Epoch 10/10 => Loss 0.282, Train_accy 91.90
2026-07-17 11:00:45,791 [trainer.py] => Training time: 0h 1m 39s
2026-07-17 11:00:49,830 [trainer.py] => Evaluation time: 0h 0m 4s
2026-07-17 11:00:49,830 [trainer.py] => Accuracy: {'total': 76.77, '00-19': 72.84, '20-39': 81.67, 'old': 72.84, 'new': 81.67}
2026-07-17 11:00:49,830 [trainer.py] => (curve) top1 Acc: [83.71, 76.77]
2026-07-17 11:00:49,830 [trainer.py] => Avergae Acc: 80.24
2026-07-17 11:00:49,830 [trainer.py] => (curve) top1 Acc with task: [83.71, 85.82]
2026-07-17 11:00:49,830 [trainer.py] => Avergae Acc: 84.76
2026-07-17 11:00:49,830 [trainer.py] => (curve) top1 Acc task: [100.0, 86.35]
2026-07-17 11:00:49,830 [trainer.py] => Avergae Acc: 93.17
2026-07-17 11:00:49,831 [trainer.py] => ================================================================================
2026-07-17 11:00:49,831 [trainer.py] => ================================================================================
2026-07-17 11:00:49,832 [base.py] => Task 2 learning on class 40-60
2026-07-17 11:00:49,841 [toolkit.py] => Total params:     106,436,123
2026-07-17 11:00:49,842 [toolkit.py] => Trainable params: 199,700
2026-07-17 11:00:49,842 [toolkit.py] => Trainable ratio:  0.1876%
2026-07-17 11:02:25,244 [splitlora.py] => Task 2, Epoch 10/10 => Loss 0.390, Train_accy 88.50
2026-07-17 11:02:31,214 [trainer.py] => Training time: 0h 1m 41s
2026-07-17 11:02:36,088 [trainer.py] => Evaluation time: 0h 0m 4s
2026-07-17 11:02:36,088 [trainer.py] => Accuracy: {'total': 71.53, '00-19': 71.57, '20-39': 81.67, '40-59': 61.35, 'old': 76.06, 'new': 61.35}
2026-07-17 11:02:36,088 [trainer.py] => (curve) top1 Acc: [83.71, 76.77, 71.53]
2026-07-17 11:02:36,088 [trainer.py] => Avergae Acc: 77.34
2026-07-17 11:02:36,088 [trainer.py] => (curve) top1 Acc with task: [83.71, 85.82, 81.84]
2026-07-17 11:02:36,088 [trainer.py] => Avergae Acc: 83.79
2026-07-17 11:02:36,088 [trainer.py] => (curve) top1 Acc task: [100.0, 86.35, 81.35]
2026-07-17 11:02:36,088 [trainer.py] => Avergae Acc: 89.23
2026-07-17 11:02:36,088 [trainer.py] => ================================================================================
2026-07-17 11:02:36,088 [trainer.py] => ================================================================================
2026-07-17 11:02:36,089 [base.py] => Task 3 learning on class 60-80
2026-07-17 11:02:36,107 [toolkit.py] => Total params:     106,436,123
2026-07-17 11:02:36,107 [toolkit.py] => Trainable params: 199,700
2026-07-17 11:02:36,107 [toolkit.py] => Trainable ratio:  0.1876%
2026-07-17 11:03:42,524 [splitlora.py] => Task 3, Epoch 10/10 => Loss 0.312, Train_accy 91.31
2026-07-17 11:03:47,245 [trainer.py] => Training time: 0h 1m 11s
2026-07-17 11:03:52,532 [trainer.py] => Evaluation time: 0h 0m 5s
2026-07-17 11:03:52,532 [trainer.py] => Accuracy: {'total': 70.91, '00-19': 70.29, '20-39': 80.88, '40-59': 59.36, '60-79': 74.83, 'old': 70.18, 'new': 74.83}
2026-07-17 11:03:52,532 [trainer.py] => (curve) top1 Acc: [83.71, 76.77, 71.53, 70.91]
2026-07-17 11:03:52,532 [trainer.py] => Avergae Acc: 75.73
2026-07-17 11:03:52,532 [trainer.py] => (curve) top1 Acc with task: [83.71, 85.82, 81.84, 82.51]
2026-07-17 11:03:52,532 [trainer.py] => Avergae Acc: 83.47
2026-07-17 11:03:52,533 [trainer.py] => (curve) top1 Acc task: [100.0, 86.35, 81.35, 79.61]
2026-07-17 11:03:52,533 [trainer.py] => Avergae Acc: 86.83
2026-07-17 11:03:52,533 [trainer.py] => ================================================================================
2026-07-17 11:03:52,533 [trainer.py] => ================================================================================
2026-07-17 11:03:52,533 [base.py] => Task 4 learning on class 80-100
2026-07-17 11:03:52,543 [toolkit.py] => Total params:     106,436,123
2026-07-17 11:03:52,543 [toolkit.py] => Trainable params: 199,700
2026-07-17 11:03:52,543 [toolkit.py] => Trainable ratio:  0.1876%
2026-07-17 11:04:42,616 [splitlora.py] => Task 4, Epoch 10/10 => Loss 0.159, Train_accy 94.60
2026-07-17 11:04:46,557 [trainer.py] => Training time: 0h 0m 54s
2026-07-17 11:04:52,244 [trainer.py] => Evaluation time: 0h 0m 5s
2026-07-17 11:04:52,245 [trainer.py] => Accuracy: {'total': 68.91, '00-19': 70.29, '20-39': 80.08, '40-59': 59.76, '60-79': 74.83, '80-99': 50.98, 'old': 70.81, 'new': 50.98}
2026-07-17 11:04:52,245 [trainer.py] => (curve) top1 Acc: [83.71, 76.77, 71.53, 70.91, 68.91]
2026-07-17 11:04:52,245 [trainer.py] => Avergae Acc: 74.37
2026-07-17 11:04:52,245 [trainer.py] => (curve) top1 Acc with task: [83.71, 85.82, 81.84, 82.51, 80.9]
2026-07-17 11:04:52,245 [trainer.py] => Avergae Acc: 82.96
2026-07-17 11:04:52,245 [trainer.py] => (curve) top1 Acc task: [100.0, 86.35, 81.35, 79.61, 77.34]
2026-07-17 11:04:52,245 [trainer.py] => Avergae Acc: 84.93
2026-07-17 11:04:52,245 [trainer.py] => ================================================================================
2026-07-17 11:04:52,245 [trainer.py] => ================================================================================
2026-07-17 11:04:52,246 [base.py] => Task 5 learning on class 100-120
2026-07-17 11:04:52,259 [toolkit.py] => Total params:     106,436,123
2026-07-17 11:04:52,259 [toolkit.py] => Trainable params: 199,700
2026-07-17 11:04:52,259 [toolkit.py] => Trainable ratio:  0.1876%
2026-07-17 11:05:31,437 [splitlora.py] => Task 5, Epoch 10/10 => Loss 0.322, Train_accy 90.49
2026-07-17 11:05:34,850 [trainer.py] => Training time: 0h 0m 42s
2026-07-17 11:05:40,737 [trainer.py] => Evaluation time: 0h 0m 5s
2026-07-17 11:05:40,737 [trainer.py] => Accuracy: {'total': 65.93, '00-19': 70.93, '20-39': 80.08, '40-59': 59.76, '60-79': 74.83, '80-99': 50.0, '100-119': 17.65, 'old': 69.01, 'new': 17.65}
2026-07-17 11:05:40,737 [trainer.py] => (curve) top1 Acc: [83.71, 76.77, 71.53, 70.91, 68.91, 65.93]
2026-07-17 11:05:40,737 [trainer.py] => Avergae Acc: 72.96
2026-07-17 11:05:40,737 [trainer.py] => (curve) top1 Acc with task: [83.71, 85.82, 81.84, 82.51, 80.9, 79.14]
2026-07-17 11:05:40,737 [trainer.py] => Avergae Acc: 82.32
2026-07-17 11:05:40,737 [trainer.py] => (curve) top1 Acc task: [100.0, 86.35, 81.35, 79.61, 77.34, 73.94]
2026-07-17 11:05:40,737 [trainer.py] => Avergae Acc: 83.10
2026-07-17 11:05:40,737 [trainer.py] => ================================================================================
2026-07-17 11:05:40,737 [trainer.py] => ================================================================================
2026-07-17 11:05:40,738 [base.py] => Task 6 learning on class 120-140
2026-07-17 11:05:40,748 [toolkit.py] => Total params:     106,436,123
2026-07-17 11:05:40,748 [toolkit.py] => Trainable params: 199,700
2026-07-17 11:05:40,748 [toolkit.py] => Trainable ratio:  0.1876%
2026-07-17 11:06:25,366 [splitlora.py] => Task 6, Epoch 10/10 => Loss 0.165, Train_accy 94.30
2026-07-17 11:06:29,075 [trainer.py] => Training time: 0h 0m 48s
2026-07-17 11:06:35,297 [trainer.py] => Evaluation time: 0h 0m 6s
2026-07-17 11:06:35,297 [trainer.py] => Accuracy: {'total': 64.0, '00-19': 70.93, '20-39': 80.88, '40-59': 59.76, '60-79': 74.17, '80-99': 49.02, '100-119': 17.65, '120-139': 39.33, 'old': 65.93, 'new': 39.33}
2026-07-17 11:06:35,297 [trainer.py] => (curve) top1 Acc: [83.71, 76.77, 71.53, 70.91, 68.91, 65.93, 64.0]
2026-07-17 11:06:35,297 [trainer.py] => Avergae Acc: 71.68
2026-07-17 11:06:35,297 [trainer.py] => (curve) top1 Acc with task: [83.71, 85.82, 81.84, 82.51, 80.9, 79.14, 78.12]
2026-07-17 11:06:35,297 [trainer.py] => Avergae Acc: 81.72
2026-07-17 11:06:35,297 [trainer.py] => (curve) top1 Acc task: [100.0, 86.35, 81.35, 79.61, 77.34, 73.94, 71.92]
2026-07-17 11:06:35,297 [trainer.py] => Avergae Acc: 81.50
2026-07-17 11:06:35,297 [trainer.py] => ================================================================================
2026-07-17 11:06:35,297 [trainer.py] => ================================================================================
2026-07-17 11:06:35,298 [base.py] => Task 7 learning on class 140-160
2026-07-17 11:06:35,308 [toolkit.py] => Total params:     106,436,123
2026-07-17 11:06:35,308 [toolkit.py] => Trainable params: 199,700
2026-07-17 11:06:35,308 [toolkit.py] => Trainable ratio:  0.1876%
2026-07-17 11:07:18,158 [splitlora.py] => Task 7, Epoch 10/10 => Loss 0.135, Train_accy 96.57
2026-07-17 11:07:21,795 [trainer.py] => Training time: 0h 0m 46s
2026-07-17 11:07:28,269 [trainer.py] => Evaluation time: 0h 0m 6s
2026-07-17 11:07:28,269 [trainer.py] => Accuracy: {'total': 61.79, '00-19': 70.61, '20-39': 79.68, '40-59': 59.36, '60-79': 73.51, '80-99': 47.06, '100-119': 17.65, '120-139': 38.2, '140-159': 39.51, 'old': 63.27, 'new': 39.51}
2026-07-17 11:07:28,269 [trainer.py] => (curve) top1 Acc: [83.71, 76.77, 71.53, 70.91, 68.91, 65.93, 64.0, 61.79]
2026-07-17 11:07:28,269 [trainer.py] => Avergae Acc: 70.44
2026-07-17 11:07:28,269 [trainer.py] => (curve) top1 Acc with task: [83.71, 85.82, 81.84, 82.51, 80.9, 79.14, 78.12, 77.57]
2026-07-17 11:07:28,270 [trainer.py] => Avergae Acc: 81.20
2026-07-17 11:07:28,270 [trainer.py] => (curve) top1 Acc task: [100.0, 86.35, 81.35, 79.61, 77.34, 73.94, 71.92, 69.3]
2026-07-17 11:07:28,270 [trainer.py] => Avergae Acc: 79.98
2026-07-17 11:07:28,270 [trainer.py] => ================================================================================
2026-07-17 11:07:28,270 [trainer.py] => ================================================================================
2026-07-17 11:07:28,270 [base.py] => Task 8 learning on class 160-180
2026-07-17 11:07:28,281 [toolkit.py] => Total params:     106,436,123
2026-07-17 11:07:28,281 [toolkit.py] => Trainable params: 199,700
2026-07-17 11:07:28,281 [toolkit.py] => Trainable ratio:  0.1876%
2026-07-17 11:08:16,112 [splitlora.py] => Task 8, Epoch 10/10 => Loss 0.151, Train_accy 94.37
2026-07-17 11:08:20,408 [trainer.py] => Training time: 0h 0m 52s
2026-07-17 11:08:27,071 [trainer.py] => Evaluation time: 0h 0m 6s
2026-07-17 11:08:27,071 [trainer.py] => Accuracy: {'total': 59.66, '00-19': 70.61, '20-39': 78.88, '40-59': 59.36, '60-79': 73.51, '80-99': 45.1, '100-119': 16.18, '120-139': 37.08, '140-159': 38.27, '160-179': 38.14, 'old': 61.26, 'new': 38.14}
2026-07-17 11:08:27,071 [trainer.py] => (curve) top1 Acc: [83.71, 76.77, 71.53, 70.91, 68.91, 65.93, 64.0, 61.79, 59.66]
2026-07-17 11:08:27,071 [trainer.py] => Avergae Acc: 69.25
2026-07-17 11:08:27,071 [trainer.py] => (curve) top1 Acc with task: [83.71, 85.82, 81.84, 82.51, 80.9, 79.14, 78.12, 77.57, 76.69]
2026-07-17 11:08:27,071 [trainer.py] => Avergae Acc: 80.70
2026-07-17 11:08:27,071 [trainer.py] => (curve) top1 Acc task: [100.0, 86.35, 81.35, 79.61, 77.34, 73.94, 71.92, 69.3, 66.71]
2026-07-17 11:08:27,071 [trainer.py] => Avergae Acc: 78.50
2026-07-17 11:08:27,071 [trainer.py] => ================================================================================
2026-07-17 11:08:27,071 [trainer.py] => ================================================================================
2026-07-17 11:08:27,072 [base.py] => Task 9 learning on class 180-200
2026-07-17 11:08:27,082 [toolkit.py] => Total params:     106,436,123
2026-07-17 11:08:27,082 [toolkit.py] => Trainable params: 199,700
2026-07-17 11:08:27,082 [toolkit.py] => Trainable ratio:  0.1876%
2026-07-17 11:09:14,757 [splitlora.py] => Task 9, Epoch 10/10 => Loss 0.129, Train_accy 96.62
2026-07-17 11:09:20,066 [trainer.py] => Training time: 0h 0m 52s
2026-07-17 11:09:27,104 [trainer.py] => Evaluation time: 0h 0m 7s
2026-07-17 11:09:27,104 [trainer.py] => Accuracy: {'total': 58.87, '00-19': 70.61, '20-39': 78.49, '40-59': 59.36, '60-79': 73.51, '80-99': 43.14, '100-119': 14.71, '120-139': 35.96, '140-159': 38.27, '160-179': 36.08, '180-199': 54.64, 'old': 59.16, 'new': 54.64}
2026-07-17 11:09:27,104 [trainer.py] => (curve) top1 Acc: [83.71, 76.77, 71.53, 70.91, 68.91, 65.93, 64.0, 61.79, 59.66, 58.87]
2026-07-17 11:09:27,104 [trainer.py] => Avergae Acc: 68.21
2026-07-17 11:09:27,104 [trainer.py] => (curve) top1 Acc with task: [83.71, 85.82, 81.84, 82.51, 80.9, 79.14, 78.12, 77.57, 76.69, 76.53]
2026-07-17 11:09:27,104 [trainer.py] => Avergae Acc: 80.28
2026-07-17 11:09:27,104 [trainer.py] => (curve) top1 Acc task: [100.0, 86.35, 81.35, 79.61, 77.34, 73.94, 71.92, 69.3, 66.71, 65.53]
2026-07-17 11:09:27,104 [trainer.py] => Avergae Acc: 77.20
2026-07-17 11:09:27,104 [trainer.py] => ================================================================================
