2026-08-31 08:29:07,760 [toolkit.py] => config: configs/inflora_e/imagenet-a_seed=1993.json
2026-08-31 08:29:07,760 [toolkit.py] => device: [device(type='cuda', index=4)]
2026-08-31 08:29:07,760 [toolkit.py] => debug: False
2026-08-31 08:29:07,760 [toolkit.py] => save_ckp: False
2026-08-31 08:29:07,760 [toolkit.py] => moe_list: None
2026-08-31 08:29:07,760 [toolkit.py] => seed: 1993
2026-08-31 08:29:07,760 [toolkit.py] => dataset: imagenet-a
2026-08-31 08:29:07,760 [toolkit.py] => data_path: data/imagenet-a
2026-08-31 08:29:07,760 [toolkit.py] => load: vit_base_patch16_224_in21k
2026-08-31 08:29:07,760 [toolkit.py] => init_cls: 20
2026-08-31 08:29:07,760 [toolkit.py] => increment: 20
2026-08-31 08:29:07,760 [toolkit.py] => sessions: 10
2026-08-31 08:29:07,760 [toolkit.py] => shuffle: False
2026-08-31 08:29:07,760 [toolkit.py] => method: inflora_e
2026-08-31 08:29:07,760 [toolkit.py] => optimizer: adam
2026-08-31 08:29:07,760 [toolkit.py] => scheduler: cosine
2026-08-31 08:29:07,761 [toolkit.py] => epochs: 10
2026-08-31 08:29:07,761 [toolkit.py] => lrate: 0.0005
2026-08-31 08:29:07,761 [toolkit.py] => weight_decay: 0.0
2026-08-31 08:29:07,761 [toolkit.py] => batch_size: 128
2026-08-31 08:29:07,761 [toolkit.py] => rank: 10
2026-08-31 08:29:07,761 [toolkit.py] => num_workers: 16
2026-08-31 08:29:07,761 [toolkit.py] => lamb: 0.98
2026-08-31 08:29:07,761 [toolkit.py] => lame: 1.0
2026-08-31 08:29:07,761 [toolkit.py] => lrate_head: 0
2026-08-31 08:29:07,761 [toolkit.py] => R: 0.5
2026-08-31 08:29:07,761 [toolkit.py] => logdir: logs/inflora_e/imagenet-a/t10
2026-08-31 08:29:07,761 [toolkit.py] => logfilename: logs/inflora_e/imagenet-a/t10/seed1993
2026-08-31 08:29:07,786 [data_manager.py] => Class index order: 0, 1, 2, 3, 4, ..., 195, 196, 197, 198, 199
2026-08-31 08:30:40,081 [toolkit.py] => config: configs/inflora_e/imagenet-a_seed=1993.json
2026-08-31 08:30:40,082 [toolkit.py] => device: [device(type='cuda', index=4)]
2026-08-31 08:30:40,082 [toolkit.py] => debug: False
2026-08-31 08:30:40,082 [toolkit.py] => save_ckp: False
2026-08-31 08:30:40,082 [toolkit.py] => moe_list: None
2026-08-31 08:30:40,082 [toolkit.py] => seed: 1993
2026-08-31 08:30:40,082 [toolkit.py] => dataset: imagenet-a
2026-08-31 08:30:40,082 [toolkit.py] => data_path: data/imagenet-a
2026-08-31 08:30:40,082 [toolkit.py] => load: vit_base_patch16_224_in21k
2026-08-31 08:30:40,082 [toolkit.py] => init_cls: 20
2026-08-31 08:30:40,082 [toolkit.py] => increment: 20
2026-08-31 08:30:40,082 [toolkit.py] => sessions: 10
2026-08-31 08:30:40,082 [toolkit.py] => shuffle: False
2026-08-31 08:30:40,082 [toolkit.py] => method: inflora_e
2026-08-31 08:30:40,082 [toolkit.py] => optimizer: adam
2026-08-31 08:30:40,082 [toolkit.py] => scheduler: cosine
2026-08-31 08:30:40,082 [toolkit.py] => epochs: 10
2026-08-31 08:30:40,082 [toolkit.py] => lrate: 0.0005
2026-08-31 08:30:40,082 [toolkit.py] => weight_decay: 0.0
2026-08-31 08:30:40,082 [toolkit.py] => batch_size: 128
2026-08-31 08:30:40,082 [toolkit.py] => rank: 10
2026-08-31 08:30:40,082 [toolkit.py] => num_workers: 16
2026-08-31 08:30:40,082 [toolkit.py] => lamb: 0.98
2026-08-31 08:30:40,082 [toolkit.py] => lame: 1.0
2026-08-31 08:30:40,082 [toolkit.py] => lrate_head: 0
2026-08-31 08:30:40,082 [toolkit.py] => R: 0.5
2026-08-31 08:30:40,082 [toolkit.py] => logdir: logs/inflora_e/imagenet-a/t10
2026-08-31 08:30:40,082 [toolkit.py] => logfilename: logs/inflora_e/imagenet-a/t10/seed1993
2026-08-31 08:30:40,108 [data_manager.py] => Class index order: 0, 1, 2, 3, 4, ..., 195, 196, 197, 198, 199
2026-08-31 08:31:14,470 [toolkit.py] => config: configs/inflora_e/imagenet-a_seed=1993.json
2026-08-31 08:31:14,470 [toolkit.py] => device: [device(type='cuda', index=4)]
2026-08-31 08:31:14,470 [toolkit.py] => debug: False
2026-08-31 08:31:14,470 [toolkit.py] => save_ckp: False
2026-08-31 08:31:14,470 [toolkit.py] => moe_list: None
2026-08-31 08:31:14,470 [toolkit.py] => seed: 1993
2026-08-31 08:31:14,470 [toolkit.py] => dataset: imagenet-a
2026-08-31 08:31:14,470 [toolkit.py] => data_path: data/imagenet-a
2026-08-31 08:31:14,470 [toolkit.py] => load: vit_base_patch16_224_in21k
2026-08-31 08:31:14,470 [toolkit.py] => init_cls: 20
2026-08-31 08:31:14,470 [toolkit.py] => increment: 20
2026-08-31 08:31:14,470 [toolkit.py] => sessions: 10
2026-08-31 08:31:14,470 [toolkit.py] => shuffle: False
2026-08-31 08:31:14,470 [toolkit.py] => method: inflora_e
2026-08-31 08:31:14,470 [toolkit.py] => optimizer: adam
2026-08-31 08:31:14,470 [toolkit.py] => scheduler: cosine
2026-08-31 08:31:14,470 [toolkit.py] => epochs: 10
2026-08-31 08:31:14,470 [toolkit.py] => lrate: 0.0005
2026-08-31 08:31:14,471 [toolkit.py] => weight_decay: 0.0
2026-08-31 08:31:14,471 [toolkit.py] => batch_size: 128
2026-08-31 08:31:14,471 [toolkit.py] => rank: 10
2026-08-31 08:31:14,471 [toolkit.py] => num_workers: 16
2026-08-31 08:31:14,471 [toolkit.py] => lamb: 0.98
2026-08-31 08:31:14,471 [toolkit.py] => lame: 1.0
2026-08-31 08:31:14,471 [toolkit.py] => lrate_head: 0
2026-08-31 08:31:14,471 [toolkit.py] => R: 0.5
2026-08-31 08:31:14,471 [toolkit.py] => logdir: logs/inflora_e/imagenet-a/t10
2026-08-31 08:31:14,471 [toolkit.py] => logfilename: logs/inflora_e/imagenet-a/t10/seed1993
2026-08-31 08:31:14,496 [data_manager.py] => Class index order: 0, 1, 2, 3, 4, ..., 195, 196, 197, 198, 199
2026-08-31 08:31:17,095 [trainer.py] => ================================================================================
2026-08-31 08:31:17,095 [trainer.py] => Dataset Information
2026-08-31 08:31:17,095 [trainer.py] => ================================================================================
2026-08-31 08:31:17,095 [trainer.py] =>   Dataset name     : imagenet-a
2026-08-31 08:31:17,095 [trainer.py] =>   Data path        : data/imagenet-a
2026-08-31 08:31:17,095 [trainer.py] =>   Total classes    : 200
2026-08-31 08:31:17,095 [trainer.py] =>   Total tasks      : 10
2026-08-31 08:31:17,095 [trainer.py] =>   Task increments  : [20, 20, 20, 20, 20, 20, 20, 20, 20, 20]
2026-08-31 08:31:17,095 [trainer.py] =>   Init classes     : 20
2026-08-31 08:31:17,095 [trainer.py] =>   Increment per task: 20
2026-08-31 08:31:17,095 [trainer.py] =>   Shuffle          : False
2026-08-31 08:31:17,095 [trainer.py] =>   Seed             : 1993
2026-08-31 08:31:17,095 [trainer.py] => --------------------------------------------------------------------------------
2026-08-31 08:31:17,095 [trainer.py] => Task split:
2026-08-31 08:31:17,097 [trainer.py] =>   Task 0: classes 0-19 (20 classes) | Train: 1253 images (5 batches), Test: 313 images (2 batches)
2026-08-31 08:31:17,097 [trainer.py] =>   Task 1: classes 20-39 (20 classes) | Train: 1000 images (4 batches), Test: 251 images (1 batches)
2026-08-31 08:31:17,098 [trainer.py] =>   Task 2: classes 40-59 (20 classes) | Train: 1000 images (4 batches), Test: 251 images (1 batches)
2026-08-31 08:31:17,099 [trainer.py] =>   Task 3: classes 60-79 (20 classes) | Train: 610 images (3 batches), Test: 151 images (1 batches)
2026-08-31 08:31:17,099 [trainer.py] =>   Task 4: classes 80-99 (20 classes) | Train: 426 images (2 batches), Test: 102 images (1 batches)
2026-08-31 08:31:17,100 [trainer.py] =>   Task 5: classes 100-119 (20 classes) | Train: 263 images (2 batches), Test: 68 images (1 batches)
2026-08-31 08:31:17,100 [trainer.py] =>   Task 6: classes 120-139 (20 classes) | Train: 351 images (2 batches), Test: 89 images (1 batches)
2026-08-31 08:31:17,101 [trainer.py] =>   Task 7: classes 140-159 (20 classes) | Train: 321 images (2 batches), Test: 81 images (1 batches)
2026-08-31 08:31:17,102 [trainer.py] =>   Task 8: classes 160-179 (20 classes) | Train: 391 images (2 batches), Test: 97 images (1 batches)
2026-08-31 08:31:17,102 [trainer.py] =>   Task 9: classes 180-199 (20 classes) | Train: 385 images (2 batches), Test: 97 images (1 batches)
2026-08-31 08:31:17,102 [trainer.py] => ================================================================================
2026-08-31 08:31:17,102 [trainer.py] => ================================================================================
2026-08-31 08:31:17,103 [base.py] => Task 0 learning on class 0-20
2026-08-31 08:31:17,731 [toolkit.py] => Total params:     106,804,763
2026-08-31 08:31:17,731 [toolkit.py] => Trainable params: 568,340
2026-08-31 08:31:17,731 [toolkit.py] => Trainable ratio:  0.5321%
2026-08-31 08:33:11,873 [inflora_e.py] => Task 0, Epoch 10/10 => Loss 0.507, Train_accy 83.88
2026-08-31 08:33:20,122 [trainer.py] => Training time: 0h 2m 3s
2026-08-31 08:33:22,558 [trainer.py] => Evaluation time: 0h 0m 2s
2026-08-31 08:33:22,558 [trainer.py] => Accuracy: {'total': 86.9, '00-19': 86.9, 'old': 0, 'new': 86.9}
2026-08-31 08:33:22,558 [trainer.py] => (curve) top1 Acc: [86.9]
2026-08-31 08:33:22,558 [trainer.py] => Avergae Acc: 86.90
2026-08-31 08:33:22,558 [trainer.py] => (curve) top1 Acc with task: [86.9]
2026-08-31 08:33:22,558 [trainer.py] => Avergae Acc: 86.90
2026-08-31 08:33:22,559 [trainer.py] => (curve) top1 Acc task: [100.0]
2026-08-31 08:33:22,559 [trainer.py] => Avergae Acc: 100.00
2026-08-31 08:33:22,559 [trainer.py] => ================================================================================
2026-08-31 08:33:22,559 [trainer.py] => ================================================================================
2026-08-31 08:33:22,560 [base.py] => Task 1 learning on class 20-40
2026-08-31 08:33:22,570 [toolkit.py] => Total params:     106,804,763
2026-08-31 08:33:22,570 [toolkit.py] => Trainable params: 568,340
2026-08-31 08:33:22,570 [toolkit.py] => Trainable ratio:  0.5321%
2026-08-31 08:36:05,210 [toolkit.py] => config: configs/inflora_e/imagenet-a_seed=1993.json
2026-08-31 08:36:05,210 [toolkit.py] => device: [device(type='cuda', index=4)]
2026-08-31 08:36:05,210 [toolkit.py] => debug: False
2026-08-31 08:36:05,210 [toolkit.py] => save_ckp: False
2026-08-31 08:36:05,210 [toolkit.py] => moe_list: None
2026-08-31 08:36:05,210 [toolkit.py] => seed: 1993
2026-08-31 08:36:05,210 [toolkit.py] => dataset: imagenet-a
2026-08-31 08:36:05,210 [toolkit.py] => data_path: data/imagenet-a
2026-08-31 08:36:05,210 [toolkit.py] => load: vit_base_patch16_224_in21k
2026-08-31 08:36:05,210 [toolkit.py] => init_cls: 20
2026-08-31 08:36:05,210 [toolkit.py] => increment: 20
2026-08-31 08:36:05,210 [toolkit.py] => sessions: 10
2026-08-31 08:36:05,210 [toolkit.py] => shuffle: False
2026-08-31 08:36:05,210 [toolkit.py] => method: inflora_e
2026-08-31 08:36:05,210 [toolkit.py] => optimizer: adam
2026-08-31 08:36:05,210 [toolkit.py] => scheduler: cosine
2026-08-31 08:36:05,210 [toolkit.py] => epochs: 10
2026-08-31 08:36:05,210 [toolkit.py] => lrate: 0.0005
2026-08-31 08:36:05,210 [toolkit.py] => weight_decay: 0.0
2026-08-31 08:36:05,210 [toolkit.py] => batch_size: 128
2026-08-31 08:36:05,210 [toolkit.py] => rank: 10
2026-08-31 08:36:05,211 [toolkit.py] => num_workers: 16
2026-08-31 08:36:05,211 [toolkit.py] => lamb: 0.98
2026-08-31 08:36:05,211 [toolkit.py] => lame: 1.0
2026-08-31 08:36:05,211 [toolkit.py] => lrate_head: 0
2026-08-31 08:36:05,211 [toolkit.py] => R: 0.5
2026-08-31 08:36:05,211 [toolkit.py] => logdir: logs/inflora_e/imagenet-a/t10
2026-08-31 08:36:05,211 [toolkit.py] => logfilename: logs/inflora_e/imagenet-a/t10/seed1993
2026-08-31 08:36:05,236 [data_manager.py] => Class index order: 0, 1, 2, 3, 4, ..., 195, 196, 197, 198, 199
2026-08-31 08:36:07,480 [trainer.py] => ================================================================================
2026-08-31 08:36:07,480 [trainer.py] => Dataset Information
2026-08-31 08:36:07,480 [trainer.py] => ================================================================================
2026-08-31 08:36:07,480 [trainer.py] =>   Dataset name     : imagenet-a
2026-08-31 08:36:07,480 [trainer.py] =>   Data path        : data/imagenet-a
2026-08-31 08:36:07,480 [trainer.py] =>   Total classes    : 200
2026-08-31 08:36:07,480 [trainer.py] =>   Total tasks      : 10
2026-08-31 08:36:07,480 [trainer.py] =>   Task increments  : [20, 20, 20, 20, 20, 20, 20, 20, 20, 20]
2026-08-31 08:36:07,481 [trainer.py] =>   Init classes     : 20
2026-08-31 08:36:07,481 [trainer.py] =>   Increment per task: 20
2026-08-31 08:36:07,481 [trainer.py] =>   Shuffle          : False
2026-08-31 08:36:07,481 [trainer.py] =>   Seed             : 1993
2026-08-31 08:36:07,481 [trainer.py] => --------------------------------------------------------------------------------
2026-08-31 08:36:07,481 [trainer.py] => Task split:
2026-08-31 08:36:07,482 [trainer.py] =>   Task 0: classes 0-19 (20 classes) | Train: 1253 images (5 batches), Test: 313 images (2 batches)
2026-08-31 08:36:07,482 [trainer.py] =>   Task 1: classes 20-39 (20 classes) | Train: 1000 images (4 batches), Test: 251 images (1 batches)
2026-08-31 08:36:07,483 [trainer.py] =>   Task 2: classes 40-59 (20 classes) | Train: 1000 images (4 batches), Test: 251 images (1 batches)
2026-08-31 08:36:07,484 [trainer.py] =>   Task 3: classes 60-79 (20 classes) | Train: 610 images (3 batches), Test: 151 images (1 batches)
2026-08-31 08:36:07,484 [trainer.py] =>   Task 4: classes 80-99 (20 classes) | Train: 426 images (2 batches), Test: 102 images (1 batches)
2026-08-31 08:36:07,485 [trainer.py] =>   Task 5: classes 100-119 (20 classes) | Train: 263 images (2 batches), Test: 68 images (1 batches)
2026-08-31 08:36:07,485 [trainer.py] =>   Task 6: classes 120-139 (20 classes) | Train: 351 images (2 batches), Test: 89 images (1 batches)
2026-08-31 08:36:07,486 [trainer.py] =>   Task 7: classes 140-159 (20 classes) | Train: 321 images (2 batches), Test: 81 images (1 batches)
2026-08-31 08:36:07,486 [trainer.py] =>   Task 8: classes 160-179 (20 classes) | Train: 391 images (2 batches), Test: 97 images (1 batches)
2026-08-31 08:36:07,487 [trainer.py] =>   Task 9: classes 180-199 (20 classes) | Train: 385 images (2 batches), Test: 97 images (1 batches)
2026-08-31 08:36:07,487 [trainer.py] => ================================================================================
2026-08-31 08:36:07,487 [trainer.py] => ================================================================================
2026-08-31 08:36:07,487 [base.py] => Task 0 learning on class 0-20
2026-08-31 08:36:08,115 [toolkit.py] => Total params:     106,804,763
2026-08-31 08:36:08,115 [toolkit.py] => Trainable params: 568,340
2026-08-31 08:36:08,115 [toolkit.py] => Trainable ratio:  0.5321%
2026-08-31 08:38:02,837 [inflora_e.py] => Task 0, Epoch 10/10 => Loss 0.507, Train_accy 83.88
2026-08-31 08:38:10,836 [trainer.py] => Training time: 0h 2m 3s
2026-08-31 08:38:13,229 [trainer.py] => Evaluation time: 0h 0m 2s
2026-08-31 08:38:13,229 [trainer.py] => Accuracy: {'total': 86.9, '00-19': 86.9, 'old': 0, 'new': 86.9}
2026-08-31 08:38:13,229 [trainer.py] => (curve) top1 Acc: [86.9]
2026-08-31 08:38:13,229 [trainer.py] => Avergae Acc: 86.90
2026-08-31 08:38:13,229 [trainer.py] => (curve) top1 Acc with task: [86.9]
2026-08-31 08:38:13,229 [trainer.py] => Avergae Acc: 86.90
2026-08-31 08:38:13,229 [trainer.py] => (curve) top1 Acc task: [100.0]
2026-08-31 08:38:13,229 [trainer.py] => Avergae Acc: 100.00
2026-08-31 08:38:13,229 [trainer.py] => ================================================================================
2026-08-31 08:38:13,229 [trainer.py] => ================================================================================
2026-08-31 08:38:13,230 [base.py] => Task 1 learning on class 20-40
2026-08-31 08:38:13,243 [toolkit.py] => Total params:     106,804,763
2026-08-31 08:38:13,243 [toolkit.py] => Trainable params: 568,340
2026-08-31 08:38:13,243 [toolkit.py] => Trainable ratio:  0.5321%
2026-08-31 08:39:48,881 [inflora_e.py] => Task 1, Epoch 10/10 => Loss 0.495, Train_accy 84.70
2026-08-31 08:39:58,319 [trainer.py] => Training time: 0h 1m 45s
2026-08-31 08:40:01,637 [trainer.py] => Evaluation time: 0h 0m 3s
2026-08-31 08:40:01,637 [trainer.py] => Accuracy: {'total': 73.58, '00-19': 82.43, '20-39': 62.55, 'old': 82.43, 'new': 62.55}
2026-08-31 08:40:01,637 [trainer.py] => (curve) top1 Acc: [86.9, 73.58]
2026-08-31 08:40:01,637 [trainer.py] => Avergae Acc: 80.24
2026-08-31 08:40:01,637 [trainer.py] => (curve) top1 Acc with task: [86.9, 85.64]
2026-08-31 08:40:01,638 [trainer.py] => Avergae Acc: 86.27
2026-08-31 08:40:01,638 [trainer.py] => (curve) top1 Acc task: [100.0, 81.74]
2026-08-31 08:40:01,638 [trainer.py] => Avergae Acc: 90.87
2026-08-31 08:40:01,638 [trainer.py] => ================================================================================
2026-08-31 08:40:01,638 [trainer.py] => ================================================================================
2026-08-31 08:40:01,639 [base.py] => Task 2 learning on class 40-60
2026-08-31 08:40:01,650 [toolkit.py] => Total params:     106,804,763
2026-08-31 08:40:01,650 [toolkit.py] => Trainable params: 568,340
2026-08-31 08:40:01,650 [toolkit.py] => Trainable ratio:  0.5321%
2026-08-31 08:41:37,869 [inflora_e.py] => Task 2, Epoch 10/10 => Loss 0.710, Train_accy 76.90
2026-08-31 08:41:47,181 [trainer.py] => Training time: 0h 1m 45s
2026-08-31 08:41:51,489 [trainer.py] => Evaluation time: 0h 0m 4s
2026-08-31 08:41:51,489 [trainer.py] => Accuracy: {'total': 68.34, '00-19': 77.96, '20-39': 62.95, '40-59': 61.75, 'old': 71.28, 'new': 61.75}
2026-08-31 08:41:51,490 [trainer.py] => (curve) top1 Acc: [86.9, 73.58, 68.34]
2026-08-31 08:41:51,490 [trainer.py] => Avergae Acc: 76.27
2026-08-31 08:41:51,490 [trainer.py] => (curve) top1 Acc with task: [86.9, 85.64, 81.96]
2026-08-31 08:41:51,490 [trainer.py] => Avergae Acc: 84.83
2026-08-31 08:41:51,490 [trainer.py] => (curve) top1 Acc task: [100.0, 81.74, 76.93]
2026-08-31 08:41:51,490 [trainer.py] => Avergae Acc: 86.22
2026-08-31 08:41:51,490 [trainer.py] => ================================================================================
2026-08-31 08:41:51,490 [trainer.py] => ================================================================================
2026-08-31 08:41:51,491 [base.py] => Task 3 learning on class 60-80
2026-08-31 08:41:51,502 [toolkit.py] => Total params:     106,804,763
2026-08-31 08:41:51,502 [toolkit.py] => Trainable params: 568,340
2026-08-31 08:41:51,502 [toolkit.py] => Trainable ratio:  0.5321%
2026-08-31 08:42:55,570 [inflora_e.py] => Task 3, Epoch 10/10 => Loss 0.663, Train_accy 80.00
2026-08-31 08:43:09,249 [trainer.py] => Training time: 0h 1m 17s
2026-08-31 08:43:14,078 [trainer.py] => Evaluation time: 0h 0m 4s
2026-08-31 08:43:14,078 [trainer.py] => Accuracy: {'total': 63.46, '00-19': 76.68, '20-39': 58.96, '40-59': 59.36, '60-79': 50.33, 'old': 65.89, 'new': 50.33}
2026-08-31 08:43:14,078 [trainer.py] => (curve) top1 Acc: [86.9, 73.58, 68.34, 63.46]
2026-08-31 08:43:14,078 [trainer.py] => Avergae Acc: 73.07
2026-08-31 08:43:14,078 [trainer.py] => (curve) top1 Acc with task: [86.9, 85.64, 81.96, 83.13]
2026-08-31 08:43:14,078 [trainer.py] => Avergae Acc: 84.41
2026-08-31 08:43:14,078 [trainer.py] => (curve) top1 Acc task: [100.0, 81.74, 76.93, 71.22]
2026-08-31 08:43:14,078 [trainer.py] => Avergae Acc: 82.47
2026-08-31 08:43:14,079 [trainer.py] => ================================================================================
2026-08-31 08:43:14,079 [trainer.py] => ================================================================================
2026-08-31 08:43:14,079 [base.py] => Task 4 learning on class 80-100
2026-08-31 08:43:14,092 [toolkit.py] => Total params:     106,804,763
2026-08-31 08:43:14,092 [toolkit.py] => Trainable params: 568,340
2026-08-31 08:43:14,092 [toolkit.py] => Trainable ratio:  0.5321%
2026-08-31 08:44:02,840 [inflora_e.py] => Task 4, Epoch 10/10 => Loss 1.226, Train_accy 65.02
2026-08-31 08:44:13,078 [trainer.py] => Training time: 0h 0m 58s
2026-08-31 08:44:18,236 [trainer.py] => Evaluation time: 0h 0m 5s
2026-08-31 08:44:18,236 [trainer.py] => Accuracy: {'total': 58.61, '00-19': 77.0, '20-39': 58.57, '40-59': 56.97, '60-79': 49.67, '80-99': 19.61, 'old': 62.73, 'new': 19.61}
2026-08-31 08:44:18,236 [trainer.py] => (curve) top1 Acc: [86.9, 73.58, 68.34, 63.46, 58.61]
2026-08-31 08:44:18,236 [trainer.py] => Avergae Acc: 70.18
2026-08-31 08:44:18,236 [trainer.py] => (curve) top1 Acc with task: [86.9, 85.64, 81.96, 83.13, 77.9]
2026-08-31 08:44:18,236 [trainer.py] => Avergae Acc: 83.11
2026-08-31 08:44:18,236 [trainer.py] => (curve) top1 Acc task: [100.0, 81.74, 76.93, 71.22, 67.51]
2026-08-31 08:44:18,236 [trainer.py] => Avergae Acc: 79.48
2026-08-31 08:44:18,236 [trainer.py] => ================================================================================
2026-08-31 08:44:18,236 [trainer.py] => ================================================================================
2026-08-31 08:44:18,237 [base.py] => Task 5 learning on class 100-120
2026-08-31 08:44:18,248 [toolkit.py] => Total params:     106,804,763
2026-08-31 08:44:18,248 [toolkit.py] => Trainable params: 568,340
2026-08-31 08:44:18,248 [toolkit.py] => Trainable ratio:  0.5321%
2026-08-31 08:44:53,500 [inflora_e.py] => Task 5, Epoch 10/10 => Loss 1.783, Train_accy 46.01
2026-08-31 08:45:00,655 [trainer.py] => Training time: 0h 0m 42s
2026-08-31 08:45:06,035 [trainer.py] => Evaluation time: 0h 0m 5s
2026-08-31 08:45:06,035 [trainer.py] => Accuracy: {'total': 54.67, '00-19': 77.64, '20-39': 56.57, '40-59': 56.97, '60-79': 47.68, '80-99': 18.63, '100-119': 2.94, 'old': 57.96, 'new': 2.94}
2026-08-31 08:45:06,035 [trainer.py] => (curve) top1 Acc: [86.9, 73.58, 68.34, 63.46, 58.61, 54.67]
2026-08-31 08:45:06,035 [trainer.py] => Avergae Acc: 67.59
2026-08-31 08:45:06,035 [trainer.py] => (curve) top1 Acc with task: [86.9, 85.64, 81.96, 83.13, 77.9, 75.0]
2026-08-31 08:45:06,035 [trainer.py] => Avergae Acc: 81.75
2026-08-31 08:45:06,035 [trainer.py] => (curve) top1 Acc task: [100.0, 81.74, 76.93, 71.22, 67.51, 62.94]
2026-08-31 08:45:06,035 [trainer.py] => Avergae Acc: 76.72
2026-08-31 08:45:06,035 [trainer.py] => ================================================================================
2026-08-31 08:45:06,035 [trainer.py] => ================================================================================
2026-08-31 08:45:06,036 [base.py] => Task 6 learning on class 120-140
2026-08-31 08:45:06,051 [toolkit.py] => Total params:     106,804,763
2026-08-31 08:45:06,051 [toolkit.py] => Trainable params: 568,340
2026-08-31 08:45:06,051 [toolkit.py] => Trainable ratio:  0.5321%
2026-08-31 08:45:47,765 [inflora_e.py] => Task 6, Epoch 10/10 => Loss 1.316, Train_accy 63.53
2026-08-31 08:45:57,477 [trainer.py] => Training time: 0h 0m 51s
2026-08-31 08:46:03,223 [trainer.py] => Evaluation time: 0h 0m 5s
2026-08-31 08:46:03,223 [trainer.py] => Accuracy: {'total': 51.76, '00-19': 76.68, '20-39': 57.77, '40-59': 54.98, '60-79': 46.36, '80-99': 17.65, '100-119': 4.41, '120-139': 22.47, 'old': 54.05, 'new': 22.47}
2026-08-31 08:46:03,223 [trainer.py] => (curve) top1 Acc: [86.9, 73.58, 68.34, 63.46, 58.61, 54.67, 51.76]
2026-08-31 08:46:03,223 [trainer.py] => Avergae Acc: 65.33
2026-08-31 08:46:03,223 [trainer.py] => (curve) top1 Acc with task: [86.9, 85.64, 81.96, 83.13, 77.9, 75.0, 72.49]
2026-08-31 08:46:03,223 [trainer.py] => Avergae Acc: 80.43
2026-08-31 08:46:03,223 [trainer.py] => (curve) top1 Acc task: [100.0, 81.74, 76.93, 71.22, 67.51, 62.94, 59.18]
2026-08-31 08:46:03,223 [trainer.py] => Avergae Acc: 74.22
2026-08-31 08:46:03,223 [trainer.py] => ================================================================================
2026-08-31 08:46:03,224 [trainer.py] => ================================================================================
2026-08-31 08:46:03,224 [base.py] => Task 7 learning on class 140-160
2026-08-31 08:46:03,236 [toolkit.py] => Total params:     106,804,763
2026-08-31 08:46:03,236 [toolkit.py] => Trainable params: 568,340
2026-08-31 08:46:03,236 [toolkit.py] => Trainable ratio:  0.5321%
2026-08-31 08:46:43,218 [inflora_e.py] => Task 7, Epoch 10/10 => Loss 1.348, Train_accy 64.49
2026-08-31 08:46:50,343 [trainer.py] => Training time: 0h 0m 47s
2026-08-31 08:46:56,347 [trainer.py] => Evaluation time: 0h 0m 6s
2026-08-31 08:46:56,348 [trainer.py] => Accuracy: {'total': 49.16, '00-19': 75.72, '20-39': 55.78, '40-59': 54.58, '60-79': 49.01, '80-99': 17.65, '100-119': 2.94, '120-139': 19.1, '140-159': 20.99, 'old': 51.02, 'new': 20.99}
2026-08-31 08:46:56,348 [trainer.py] => (curve) top1 Acc: [86.9, 73.58, 68.34, 63.46, 58.61, 54.67, 51.76, 49.16]
2026-08-31 08:46:56,348 [trainer.py] => Avergae Acc: 63.31
2026-08-31 08:46:56,348 [trainer.py] => (curve) top1 Acc with task: [86.9, 85.64, 81.96, 83.13, 77.9, 75.0, 72.49, 70.37]
2026-08-31 08:46:56,348 [trainer.py] => Avergae Acc: 79.17
2026-08-31 08:46:56,348 [trainer.py] => (curve) top1 Acc task: [100.0, 81.74, 76.93, 71.22, 67.51, 62.94, 59.18, 56.74]
2026-08-31 08:46:56,348 [trainer.py] => Avergae Acc: 72.03
2026-08-31 08:46:56,348 [trainer.py] => ================================================================================
2026-08-31 08:46:56,348 [trainer.py] => ================================================================================
2026-08-31 08:46:56,349 [base.py] => Task 8 learning on class 160-180
2026-08-31 08:46:56,360 [toolkit.py] => Total params:     106,804,763
2026-08-31 08:46:56,361 [toolkit.py] => Trainable params: 568,340
2026-08-31 08:46:56,361 [toolkit.py] => Trainable ratio:  0.5321%
2026-08-31 08:47:42,995 [inflora_e.py] => Task 8, Epoch 10/10 => Loss 1.631, Train_accy 49.10
2026-08-31 08:47:51,024 [trainer.py] => Training time: 0h 0m 54s
2026-08-31 08:47:57,462 [trainer.py] => Evaluation time: 0h 0m 6s
2026-08-31 08:47:57,462 [trainer.py] => Accuracy: {'total': 45.26, '00-19': 74.76, '20-39': 54.18, '40-59': 52.99, '60-79': 46.36, '80-99': 13.73, '100-119': 2.94, '120-139': 19.1, '140-159': 19.75, '160-179': 13.4, 'old': 47.63, 'new': 13.4}
2026-08-31 08:47:57,462 [trainer.py] => (curve) top1 Acc: [86.9, 73.58, 68.34, 63.46, 58.61, 54.67, 51.76, 49.16, 45.26]
2026-08-31 08:47:57,462 [trainer.py] => Avergae Acc: 61.30
2026-08-31 08:47:57,462 [trainer.py] => (curve) top1 Acc with task: [86.9, 85.64, 81.96, 83.13, 77.9, 75.0, 72.49, 70.37, 66.64]
2026-08-31 08:47:57,462 [trainer.py] => Avergae Acc: 77.78
2026-08-31 08:47:57,463 [trainer.py] => (curve) top1 Acc task: [100.0, 81.74, 76.93, 71.22, 67.51, 62.94, 59.18, 56.74, 52.74]
2026-08-31 08:47:57,463 [trainer.py] => Avergae Acc: 69.89
2026-08-31 08:47:57,463 [trainer.py] => ================================================================================
2026-08-31 08:47:57,463 [trainer.py] => ================================================================================
2026-08-31 08:47:57,464 [base.py] => Task 9 learning on class 180-200
2026-08-31 08:47:57,476 [toolkit.py] => Total params:     106,804,763
2026-08-31 08:47:57,476 [toolkit.py] => Trainable params: 568,340
2026-08-31 08:47:57,476 [toolkit.py] => Trainable ratio:  0.5321%
2026-08-31 08:48:43,579 [inflora_e.py] => Task 9, Epoch 10/10 => Loss 1.205, Train_accy 65.71
2026-08-31 08:48:52,882 [trainer.py] => Training time: 0h 0m 55s
2026-08-31 08:48:59,670 [trainer.py] => Evaluation time: 0h 0m 6s
2026-08-31 08:48:59,671 [trainer.py] => Accuracy: {'total': 43.07, '00-19': 75.08, '20-39': 52.59, '40-59': 52.59, '60-79': 46.36, '80-99': 14.71, '100-119': 2.94, '120-139': 17.98, '140-159': 18.52, '160-179': 13.4, '180-199': 16.49, 'old': 44.9, 'new': 16.49}
2026-08-31 08:48:59,671 [trainer.py] => (curve) top1 Acc: [86.9, 73.58, 68.34, 63.46, 58.61, 54.67, 51.76, 49.16, 45.26, 43.07]
2026-08-31 08:48:59,671 [trainer.py] => Avergae Acc: 59.48
2026-08-31 08:48:59,671 [trainer.py] => (curve) top1 Acc with task: [86.9, 85.64, 81.96, 83.13, 77.9, 75.0, 72.49, 70.37, 66.64, 64.67]
2026-08-31 08:48:59,671 [trainer.py] => Avergae Acc: 76.47
2026-08-31 08:48:59,671 [trainer.py] => (curve) top1 Acc task: [100.0, 81.74, 76.93, 71.22, 67.51, 62.94, 59.18, 56.74, 52.74, 50.33]
2026-08-31 08:48:59,671 [trainer.py] => Avergae Acc: 67.93
2026-08-31 08:48:59,671 [trainer.py] => ================================================================================
2026-08-31 08:50:00,229 [toolkit.py] => config: configs/inflora_e/imagenet-a_seed=1993.json
2026-08-31 08:50:00,229 [toolkit.py] => device: [device(type='cuda', index=4)]
2026-08-31 08:50:00,229 [toolkit.py] => debug: False
2026-08-31 08:50:00,229 [toolkit.py] => save_ckp: False
2026-08-31 08:50:00,229 [toolkit.py] => moe_list: None
2026-08-31 08:50:00,229 [toolkit.py] => seed: 1993
2026-08-31 08:50:00,229 [toolkit.py] => dataset: imagenet-a
2026-08-31 08:50:00,229 [toolkit.py] => data_path: data/imagenet-a
2026-08-31 08:50:00,229 [toolkit.py] => load: vit_base_patch16_224_in21k
2026-08-31 08:50:00,229 [toolkit.py] => init_cls: 20
2026-08-31 08:50:00,229 [toolkit.py] => increment: 20
2026-08-31 08:50:00,229 [toolkit.py] => sessions: 10
2026-08-31 08:50:00,230 [toolkit.py] => shuffle: False
2026-08-31 08:50:00,230 [toolkit.py] => method: inflora_e
2026-08-31 08:50:00,230 [toolkit.py] => optimizer: adam
2026-08-31 08:50:00,230 [toolkit.py] => scheduler: cosine
2026-08-31 08:50:00,230 [toolkit.py] => epochs: 10
2026-08-31 08:50:00,230 [toolkit.py] => lrate: 0.0005
2026-08-31 08:50:00,230 [toolkit.py] => weight_decay: 0.0
2026-08-31 08:50:00,230 [toolkit.py] => batch_size: 128
2026-08-31 08:50:00,230 [toolkit.py] => rank: 10
2026-08-31 08:50:00,230 [toolkit.py] => num_workers: 16
2026-08-31 08:50:00,230 [toolkit.py] => lamb: 0.98
2026-08-31 08:50:00,230 [toolkit.py] => lame: 1.0
2026-08-31 08:50:00,230 [toolkit.py] => lrate_head: 0
2026-08-31 08:50:00,230 [toolkit.py] => R: 0.5
2026-08-31 08:50:00,230 [toolkit.py] => logdir: logs/inflora_e/imagenet-a/t10
2026-08-31 08:50:00,230 [toolkit.py] => logfilename: logs/inflora_e/imagenet-a/t10/seed1993
2026-08-31 08:50:00,255 [data_manager.py] => Class index order: 0, 1, 2, 3, 4, ..., 195, 196, 197, 198, 199
2026-08-31 08:50:02,724 [trainer.py] => ================================================================================
2026-08-31 08:50:02,724 [trainer.py] => Dataset Information
2026-08-31 08:50:02,724 [trainer.py] => ================================================================================
2026-08-31 08:50:02,724 [trainer.py] =>   Dataset name     : imagenet-a
2026-08-31 08:50:02,725 [trainer.py] =>   Data path        : data/imagenet-a
2026-08-31 08:50:02,725 [trainer.py] =>   Total classes    : 200
2026-08-31 08:50:02,725 [trainer.py] =>   Total tasks      : 10
2026-08-31 08:50:02,725 [trainer.py] =>   Task increments  : [20, 20, 20, 20, 20, 20, 20, 20, 20, 20]
2026-08-31 08:50:02,725 [trainer.py] =>   Init classes     : 20
2026-08-31 08:50:02,725 [trainer.py] =>   Increment per task: 20
2026-08-31 08:50:02,725 [trainer.py] =>   Shuffle          : False
2026-08-31 08:50:02,725 [trainer.py] =>   Seed             : 1993
2026-08-31 08:50:02,725 [trainer.py] => --------------------------------------------------------------------------------
2026-08-31 08:50:02,725 [trainer.py] => Task split:
2026-08-31 08:50:02,726 [trainer.py] =>   Task 0: classes 0-19 (20 classes) | Train: 1253 images (5 batches), Test: 313 images (2 batches)
2026-08-31 08:50:02,727 [trainer.py] =>   Task 1: classes 20-39 (20 classes) | Train: 1000 images (4 batches), Test: 251 images (1 batches)
2026-08-31 08:50:02,727 [trainer.py] =>   Task 2: classes 40-59 (20 classes) | Train: 1000 images (4 batches), Test: 251 images (1 batches)
2026-08-31 08:50:02,728 [trainer.py] =>   Task 3: classes 60-79 (20 classes) | Train: 610 images (3 batches), Test: 151 images (1 batches)
2026-08-31 08:50:02,728 [trainer.py] =>   Task 4: classes 80-99 (20 classes) | Train: 426 images (2 batches), Test: 102 images (1 batches)
2026-08-31 08:50:02,729 [trainer.py] =>   Task 5: classes 100-119 (20 classes) | Train: 263 images (2 batches), Test: 68 images (1 batches)
2026-08-31 08:50:02,729 [trainer.py] =>   Task 6: classes 120-139 (20 classes) | Train: 351 images (2 batches), Test: 89 images (1 batches)
2026-08-31 08:50:02,730 [trainer.py] =>   Task 7: classes 140-159 (20 classes) | Train: 321 images (2 batches), Test: 81 images (1 batches)
2026-08-31 08:50:02,730 [trainer.py] =>   Task 8: classes 160-179 (20 classes) | Train: 391 images (2 batches), Test: 97 images (1 batches)
2026-08-31 08:50:02,731 [trainer.py] =>   Task 9: classes 180-199 (20 classes) | Train: 385 images (2 batches), Test: 97 images (1 batches)
2026-08-31 08:50:02,731 [trainer.py] => ================================================================================
2026-08-31 08:50:02,731 [trainer.py] => ================================================================================
2026-08-31 08:50:02,732 [base.py] => Task 0 learning on class 0-20
2026-08-31 08:50:03,262 [toolkit.py] => Total params:     106,804,763
2026-08-31 08:50:03,262 [toolkit.py] => Trainable params: 384,020
2026-08-31 08:50:03,262 [toolkit.py] => Trainable ratio:  0.3596%
2026-08-31 08:52:00,284 [toolkit.py] => config: configs/inflora_e/imagenet-a_seed=1993.json
2026-08-31 08:52:00,284 [toolkit.py] => device: [device(type='cuda', index=4)]
2026-08-31 08:52:00,284 [toolkit.py] => debug: False
2026-08-31 08:52:00,284 [toolkit.py] => save_ckp: False
2026-08-31 08:52:00,284 [toolkit.py] => moe_list: None
2026-08-31 08:52:00,284 [toolkit.py] => seed: 1993
2026-08-31 08:52:00,284 [toolkit.py] => dataset: imagenet-a
2026-08-31 08:52:00,284 [toolkit.py] => data_path: data/imagenet-a
2026-08-31 08:52:00,284 [toolkit.py] => load: vit_base_patch16_224_in21k
2026-08-31 08:52:00,284 [toolkit.py] => init_cls: 20
2026-08-31 08:52:00,284 [toolkit.py] => increment: 20
2026-08-31 08:52:00,284 [toolkit.py] => sessions: 10
2026-08-31 08:52:00,284 [toolkit.py] => shuffle: False
2026-08-31 08:52:00,284 [toolkit.py] => method: inflora_e
2026-08-31 08:52:00,284 [toolkit.py] => optimizer: adam
2026-08-31 08:52:00,284 [toolkit.py] => scheduler: cosine
2026-08-31 08:52:00,284 [toolkit.py] => epochs: 10
2026-08-31 08:52:00,285 [toolkit.py] => lrate: 0.0005
2026-08-31 08:52:00,285 [toolkit.py] => weight_decay: 0.0
2026-08-31 08:52:00,285 [toolkit.py] => batch_size: 128
2026-08-31 08:52:00,285 [toolkit.py] => rank: 10
2026-08-31 08:52:00,285 [toolkit.py] => num_workers: 16
2026-08-31 08:52:00,285 [toolkit.py] => lamb: 0.98
2026-08-31 08:52:00,285 [toolkit.py] => lame: 1.0
2026-08-31 08:52:00,285 [toolkit.py] => lrate_head: 0
2026-08-31 08:52:00,285 [toolkit.py] => R: 0.5
2026-08-31 08:52:00,285 [toolkit.py] => logdir: logs/inflora_e/imagenet-a/t10
2026-08-31 08:52:00,285 [toolkit.py] => logfilename: logs/inflora_e/imagenet-a/t10/seed1993
2026-08-31 08:52:00,313 [data_manager.py] => Class index order: 0, 1, 2, 3, 4, ..., 195, 196, 197, 198, 199
2026-08-31 08:52:02,501 [trainer.py] => ================================================================================
2026-08-31 08:52:02,501 [trainer.py] => Dataset Information
2026-08-31 08:52:02,501 [trainer.py] => ================================================================================
2026-08-31 08:52:02,501 [trainer.py] =>   Dataset name     : imagenet-a
2026-08-31 08:52:02,501 [trainer.py] =>   Data path        : data/imagenet-a
2026-08-31 08:52:02,501 [trainer.py] =>   Total classes    : 200
2026-08-31 08:52:02,501 [trainer.py] =>   Total tasks      : 10
2026-08-31 08:52:02,501 [trainer.py] =>   Task increments  : [20, 20, 20, 20, 20, 20, 20, 20, 20, 20]
2026-08-31 08:52:02,501 [trainer.py] =>   Init classes     : 20
2026-08-31 08:52:02,501 [trainer.py] =>   Increment per task: 20
2026-08-31 08:52:02,501 [trainer.py] =>   Shuffle          : False
2026-08-31 08:52:02,501 [trainer.py] =>   Seed             : 1993
2026-08-31 08:52:02,501 [trainer.py] => --------------------------------------------------------------------------------
2026-08-31 08:52:02,501 [trainer.py] => Task split:
2026-08-31 08:52:02,502 [trainer.py] =>   Task 0: classes 0-19 (20 classes) | Train: 1253 images (5 batches), Test: 313 images (2 batches)
2026-08-31 08:52:02,503 [trainer.py] =>   Task 1: classes 20-39 (20 classes) | Train: 1000 images (4 batches), Test: 251 images (1 batches)
2026-08-31 08:52:02,503 [trainer.py] =>   Task 2: classes 40-59 (20 classes) | Train: 1000 images (4 batches), Test: 251 images (1 batches)
2026-08-31 08:52:02,504 [trainer.py] =>   Task 3: classes 60-79 (20 classes) | Train: 610 images (3 batches), Test: 151 images (1 batches)
2026-08-31 08:52:02,505 [trainer.py] =>   Task 4: classes 80-99 (20 classes) | Train: 426 images (2 batches), Test: 102 images (1 batches)
2026-08-31 08:52:02,505 [trainer.py] =>   Task 5: classes 100-119 (20 classes) | Train: 263 images (2 batches), Test: 68 images (1 batches)
2026-08-31 08:52:02,506 [trainer.py] =>   Task 6: classes 120-139 (20 classes) | Train: 351 images (2 batches), Test: 89 images (1 batches)
2026-08-31 08:52:02,506 [trainer.py] =>   Task 7: classes 140-159 (20 classes) | Train: 321 images (2 batches), Test: 81 images (1 batches)
2026-08-31 08:52:02,507 [trainer.py] =>   Task 8: classes 160-179 (20 classes) | Train: 391 images (2 batches), Test: 97 images (1 batches)
2026-08-31 08:52:02,507 [trainer.py] =>   Task 9: classes 180-199 (20 classes) | Train: 385 images (2 batches), Test: 97 images (1 batches)
2026-08-31 08:52:02,507 [trainer.py] => ================================================================================
2026-08-31 08:52:02,507 [trainer.py] => ================================================================================
2026-08-31 08:52:02,508 [base.py] => Task 0 learning on class 0-20
2026-08-31 08:52:03,038 [toolkit.py] => Total params:     106,804,763
2026-08-31 08:52:03,038 [toolkit.py] => Trainable params: 384,020
2026-08-31 08:52:03,038 [toolkit.py] => Trainable ratio:  0.3596%
2026-08-31 08:53:58,179 [inflora_e.py] => Task 0, Epoch 10/10 => Loss 0.585, Train_accy 83.24
2026-08-31 08:54:07,962 [trainer.py] => Training time: 0h 2m 5s
2026-08-31 08:54:10,354 [trainer.py] => Evaluation time: 0h 0m 2s
2026-08-31 08:54:10,354 [trainer.py] => Accuracy: {'total': 85.62, '00-19': 85.62, 'old': 0, 'new': 85.62}
2026-08-31 08:54:10,354 [trainer.py] => (curve) top1 Acc: [85.62]
2026-08-31 08:54:10,354 [trainer.py] => Avergae Acc: 85.62
2026-08-31 08:54:10,354 [trainer.py] => (curve) top1 Acc with task: [85.62]
2026-08-31 08:54:10,354 [trainer.py] => Avergae Acc: 85.62
2026-08-31 08:54:10,354 [trainer.py] => (curve) top1 Acc task: [100.0]
2026-08-31 08:54:10,354 [trainer.py] => Avergae Acc: 100.00
2026-08-31 08:54:10,354 [trainer.py] => ================================================================================
2026-08-31 08:54:10,354 [trainer.py] => ================================================================================
2026-08-31 08:54:10,355 [base.py] => Task 1 learning on class 20-40
2026-08-31 08:54:10,365 [toolkit.py] => Total params:     106,804,763
2026-08-31 08:54:10,365 [toolkit.py] => Trainable params: 384,020
2026-08-31 08:54:10,365 [toolkit.py] => Trainable ratio:  0.3596%
2026-08-31 08:55:45,668 [inflora_e.py] => Task 1, Epoch 10/10 => Loss 0.564, Train_accy 82.80
2026-08-31 08:55:56,039 [trainer.py] => Training time: 0h 1m 45s
2026-08-31 08:55:59,357 [trainer.py] => Evaluation time: 0h 0m 3s
2026-08-31 08:55:59,357 [trainer.py] => Accuracy: {'total': 73.76, '00-19': 79.23, '20-39': 66.93, 'old': 79.23, 'new': 66.93}
2026-08-31 08:55:59,357 [trainer.py] => (curve) top1 Acc: [85.62, 73.76]
2026-08-31 08:55:59,357 [trainer.py] => Avergae Acc: 79.69
2026-08-31 08:55:59,357 [trainer.py] => (curve) top1 Acc with task: [85.62, 85.11]
2026-08-31 08:55:59,357 [trainer.py] => Avergae Acc: 85.37
2026-08-31 08:55:59,357 [trainer.py] => (curve) top1 Acc task: [100.0, 84.22]
2026-08-31 08:55:59,357 [trainer.py] => Avergae Acc: 92.11
2026-08-31 08:55:59,357 [trainer.py] => ================================================================================
2026-08-31 08:55:59,357 [trainer.py] => ================================================================================
2026-08-31 08:55:59,358 [base.py] => Task 2 learning on class 40-60
2026-08-31 08:55:59,369 [toolkit.py] => Total params:     106,804,763
2026-08-31 08:55:59,369 [toolkit.py] => Trainable params: 384,020
2026-08-31 08:55:59,369 [toolkit.py] => Trainable ratio:  0.3596%
2026-08-31 08:57:35,473 [inflora_e.py] => Task 2, Epoch 10/10 => Loss 0.768, Train_accy 75.20
2026-08-31 08:57:47,734 [trainer.py] => Training time: 0h 1m 48s
2026-08-31 08:57:51,939 [trainer.py] => Evaluation time: 0h 0m 4s
2026-08-31 08:57:51,940 [trainer.py] => Accuracy: {'total': 69.82, '00-19': 75.4, '20-39': 68.13, '40-59': 64.54, 'old': 72.16, 'new': 64.54}
2026-08-31 08:57:51,940 [trainer.py] => (curve) top1 Acc: [85.62, 73.76, 69.82]
2026-08-31 08:57:51,940 [trainer.py] => Avergae Acc: 76.40
2026-08-31 08:57:51,940 [trainer.py] => (curve) top1 Acc with task: [85.62, 85.11, 82.58]
2026-08-31 08:57:51,940 [trainer.py] => Avergae Acc: 84.44
2026-08-31 08:57:51,940 [trainer.py] => (curve) top1 Acc task: [100.0, 84.22, 79.51]
2026-08-31 08:57:51,940 [trainer.py] => Avergae Acc: 87.91
2026-08-31 08:57:51,940 [trainer.py] => ================================================================================
2026-08-31 08:57:51,940 [trainer.py] => ================================================================================
2026-08-31 08:57:51,941 [base.py] => Task 3 learning on class 60-80
2026-08-31 08:57:51,953 [toolkit.py] => Total params:     106,804,763
2026-08-31 08:57:51,954 [toolkit.py] => Trainable params: 384,020
2026-08-31 08:57:51,954 [toolkit.py] => Trainable ratio:  0.3596%
2026-08-31 08:58:55,633 [inflora_e.py] => Task 3, Epoch 10/10 => Loss 0.731, Train_accy 81.31
2026-08-31 08:59:07,550 [trainer.py] => Training time: 0h 1m 15s
2026-08-31 08:59:12,320 [trainer.py] => Evaluation time: 0h 0m 4s
2026-08-31 08:59:12,320 [trainer.py] => Accuracy: {'total': 65.94, '00-19': 75.08, '20-39': 65.34, '40-59': 64.94, '60-79': 49.67, 'old': 68.96, 'new': 49.67}
2026-08-31 08:59:12,320 [trainer.py] => (curve) top1 Acc: [85.62, 73.76, 69.82, 65.94]
2026-08-31 08:59:12,320 [trainer.py] => Avergae Acc: 73.78
2026-08-31 08:59:12,320 [trainer.py] => (curve) top1 Acc with task: [85.62, 85.11, 82.58, 82.4]
2026-08-31 08:59:12,320 [trainer.py] => Avergae Acc: 83.93
2026-08-31 08:59:12,320 [trainer.py] => (curve) top1 Acc task: [100.0, 84.22, 79.51, 74.02]
2026-08-31 08:59:12,320 [trainer.py] => Avergae Acc: 84.44
2026-08-31 08:59:12,320 [trainer.py] => ================================================================================
2026-08-31 08:59:12,320 [trainer.py] => ================================================================================
2026-08-31 08:59:12,321 [base.py] => Task 4 learning on class 80-100
2026-08-31 08:59:12,333 [toolkit.py] => Total params:     106,804,763
2026-08-31 08:59:12,333 [toolkit.py] => Trainable params: 384,020
2026-08-31 08:59:12,333 [toolkit.py] => Trainable ratio:  0.3596%
2026-08-31 09:00:00,757 [inflora_e.py] => Task 4, Epoch 10/10 => Loss 1.426, Train_accy 59.62
2026-08-31 09:00:10,184 [trainer.py] => Training time: 0h 0m 57s
2026-08-31 09:00:15,311 [trainer.py] => Evaluation time: 0h 0m 5s
2026-08-31 09:00:15,311 [trainer.py] => Accuracy: {'total': 61.14, '00-19': 74.44, '20-39': 64.94, '40-59': 64.94, '60-79': 48.34, '80-99': 20.59, 'old': 65.42, 'new': 20.59}
2026-08-31 09:00:15,311 [trainer.py] => (curve) top1 Acc: [85.62, 73.76, 69.82, 65.94, 61.14]
2026-08-31 09:00:15,311 [trainer.py] => Avergae Acc: 71.26
2026-08-31 09:00:15,311 [trainer.py] => (curve) top1 Acc with task: [85.62, 85.11, 82.58, 82.4, 79.21]
2026-08-31 09:00:15,311 [trainer.py] => Avergae Acc: 82.98
2026-08-31 09:00:15,311 [trainer.py] => (curve) top1 Acc task: [100.0, 84.22, 79.51, 74.02, 69.85]
2026-08-31 09:00:15,311 [trainer.py] => Avergae Acc: 81.52
2026-08-31 09:00:15,311 [trainer.py] => ================================================================================
2026-08-31 09:00:15,311 [trainer.py] => ================================================================================
2026-08-31 09:00:15,312 [base.py] => Task 5 learning on class 100-120
2026-08-31 09:00:15,323 [toolkit.py] => Total params:     106,804,763
2026-08-31 09:00:15,323 [toolkit.py] => Trainable params: 384,020
2026-08-31 09:00:15,323 [toolkit.py] => Trainable ratio:  0.3596%
2026-08-31 09:00:50,815 [inflora_e.py] => Task 5, Epoch 10/10 => Loss 2.065, Train_accy 37.26
2026-08-31 09:01:00,773 [trainer.py] => Training time: 0h 0m 45s
2026-08-31 09:01:06,171 [trainer.py] => Evaluation time: 0h 0m 5s
2026-08-31 09:01:06,171 [trainer.py] => Accuracy: {'total': 58.01, '00-19': 77.0, '20-39': 66.93, '40-59': 61.75, '60-79': 49.67, '80-99': 17.65, '100-119': 2.94, 'old': 61.52, 'new': 2.94}
2026-08-31 09:01:06,171 [trainer.py] => (curve) top1 Acc: [85.62, 73.76, 69.82, 65.94, 61.14, 58.01]
2026-08-31 09:01:06,171 [trainer.py] => Avergae Acc: 69.05
2026-08-31 09:01:06,171 [trainer.py] => (curve) top1 Acc with task: [85.62, 85.11, 82.58, 82.4, 79.21, 75.7]
2026-08-31 09:01:06,172 [trainer.py] => Avergae Acc: 81.77
2026-08-31 09:01:06,172 [trainer.py] => (curve) top1 Acc task: [100.0, 84.22, 79.51, 74.02, 69.85, 66.29]
2026-08-31 09:01:06,172 [trainer.py] => Avergae Acc: 78.98
2026-08-31 09:01:06,172 [trainer.py] => ================================================================================
2026-08-31 09:01:06,172 [trainer.py] => ================================================================================
2026-08-31 09:01:06,172 [base.py] => Task 6 learning on class 120-140
2026-08-31 09:01:06,183 [toolkit.py] => Total params:     106,804,763
2026-08-31 09:01:06,183 [toolkit.py] => Trainable params: 384,020
2026-08-31 09:01:06,184 [toolkit.py] => Trainable ratio:  0.3596%
2026-08-31 09:01:49,079 [inflora_e.py] => Task 6, Epoch 10/10 => Loss 1.590, Train_accy 55.56
2026-08-31 09:01:57,351 [trainer.py] => Training time: 0h 0m 51s
2026-08-31 09:02:03,042 [trainer.py] => Evaluation time: 0h 0m 5s
2026-08-31 09:02:03,042 [trainer.py] => Accuracy: {'total': 55.02, '00-19': 77.64, '20-39': 66.14, '40-59': 61.75, '60-79': 47.02, '80-99': 17.65, '100-119': 1.47, '120-139': 22.47, 'old': 57.57, 'new': 22.47}
2026-08-31 09:02:03,042 [trainer.py] => (curve) top1 Acc: [85.62, 73.76, 69.82, 65.94, 61.14, 58.01, 55.02]
2026-08-31 09:02:03,042 [trainer.py] => Avergae Acc: 67.04
2026-08-31 09:02:03,042 [trainer.py] => (curve) top1 Acc with task: [85.62, 85.11, 82.58, 82.4, 79.21, 75.7, 72.41]
2026-08-31 09:02:03,042 [trainer.py] => Avergae Acc: 80.43
2026-08-31 09:02:03,042 [trainer.py] => (curve) top1 Acc task: [100.0, 84.22, 79.51, 74.02, 69.85, 66.29, 62.61]
2026-08-31 09:02:03,042 [trainer.py] => Avergae Acc: 76.64
2026-08-31 09:02:03,042 [trainer.py] => ================================================================================
2026-08-31 09:02:03,042 [trainer.py] => ================================================================================
2026-08-31 09:02:03,044 [base.py] => Task 7 learning on class 140-160
2026-08-31 09:02:03,055 [toolkit.py] => Total params:     106,804,763
2026-08-31 09:02:03,055 [toolkit.py] => Trainable params: 384,020
2026-08-31 09:02:03,055 [toolkit.py] => Trainable ratio:  0.3596%
2026-08-31 09:02:42,170 [inflora_e.py] => Task 7, Epoch 10/10 => Loss 1.628, Train_accy 55.45
2026-08-31 09:02:49,674 [trainer.py] => Training time: 0h 0m 46s
2026-08-31 09:02:55,754 [trainer.py] => Evaluation time: 0h 0m 6s
2026-08-31 09:02:55,754 [trainer.py] => Accuracy: {'total': 51.76, '00-19': 75.4, '20-39': 64.94, '40-59': 60.96, '60-79': 46.36, '80-99': 15.69, '100-119': 1.47, '120-139': 22.47, '140-159': 20.99, 'old': 53.8, 'new': 20.99}
2026-08-31 09:02:55,754 [trainer.py] => (curve) top1 Acc: [85.62, 73.76, 69.82, 65.94, 61.14, 58.01, 55.02, 51.76]
2026-08-31 09:02:55,754 [trainer.py] => Avergae Acc: 65.13
2026-08-31 09:02:55,754 [trainer.py] => (curve) top1 Acc with task: [85.62, 85.11, 82.58, 82.4, 79.21, 75.7, 72.41, 70.6]
2026-08-31 09:02:55,754 [trainer.py] => Avergae Acc: 79.20
2026-08-31 09:02:55,754 [trainer.py] => (curve) top1 Acc task: [100.0, 84.22, 79.51, 74.02, 69.85, 66.29, 62.61, 60.11]
2026-08-31 09:02:55,754 [trainer.py] => Avergae Acc: 74.58
2026-08-31 09:02:55,754 [trainer.py] => ================================================================================
2026-08-31 09:02:55,754 [trainer.py] => ================================================================================
2026-08-31 09:02:55,755 [base.py] => Task 8 learning on class 160-180
2026-08-31 09:02:55,766 [toolkit.py] => Total params:     106,804,763
2026-08-31 09:02:55,766 [toolkit.py] => Trainable params: 384,020
2026-08-31 09:02:55,767 [toolkit.py] => Trainable ratio:  0.3596%
2026-08-31 09:03:41,166 [inflora_e.py] => Task 8, Epoch 10/10 => Loss 1.871, Train_accy 45.27
2026-08-31 09:03:50,311 [trainer.py] => Training time: 0h 0m 54s
2026-08-31 09:03:56,691 [trainer.py] => Evaluation time: 0h 0m 6s
2026-08-31 09:03:56,691 [trainer.py] => Accuracy: {'total': 48.33, '00-19': 74.44, '20-39': 63.35, '40-59': 60.16, '60-79': 47.68, '80-99': 16.67, '100-119': 1.47, '120-139': 21.35, '140-159': 20.99, '160-179': 9.28, 'old': 51.23, 'new': 9.28}
2026-08-31 09:03:56,691 [trainer.py] => (curve) top1 Acc: [85.62, 73.76, 69.82, 65.94, 61.14, 58.01, 55.02, 51.76, 48.33]
2026-08-31 09:03:56,692 [trainer.py] => Avergae Acc: 63.27
2026-08-31 09:03:56,692 [trainer.py] => (curve) top1 Acc with task: [85.62, 85.11, 82.58, 82.4, 79.21, 75.7, 72.41, 70.6, 68.0]
2026-08-31 09:03:56,692 [trainer.py] => Avergae Acc: 77.96
2026-08-31 09:03:56,692 [trainer.py] => (curve) top1 Acc task: [100.0, 84.22, 79.51, 74.02, 69.85, 66.29, 62.61, 60.11, 56.02]
2026-08-31 09:03:56,692 [trainer.py] => Avergae Acc: 72.51
2026-08-31 09:03:56,692 [trainer.py] => ================================================================================
2026-08-31 09:03:56,692 [trainer.py] => ================================================================================
2026-08-31 09:03:56,693 [base.py] => Task 9 learning on class 180-200
2026-08-31 09:03:56,704 [toolkit.py] => Total params:     106,804,763
2026-08-31 09:03:56,704 [toolkit.py] => Trainable params: 384,020
2026-08-31 09:03:56,704 [toolkit.py] => Trainable ratio:  0.3596%
2026-08-31 09:04:43,907 [inflora_e.py] => Task 9, Epoch 10/10 => Loss 1.162, Train_accy 57.92
2026-08-31 09:04:52,358 [trainer.py] => Training time: 0h 0m 55s
2026-08-31 09:04:59,148 [trainer.py] => Evaluation time: 0h 0m 6s
2026-08-31 09:04:59,148 [trainer.py] => Accuracy: {'total': 46.4, '00-19': 75.4, '20-39': 63.35, '40-59': 60.56, '60-79': 47.68, '80-99': 16.67, '100-119': 1.47, '120-139': 21.35, '140-159': 20.99, '160-179': 9.28, '180-199': 14.43, 'old': 48.61, 'new': 14.43}
2026-08-31 09:04:59,148 [trainer.py] => (curve) top1 Acc: [85.62, 73.76, 69.82, 65.94, 61.14, 58.01, 55.02, 51.76, 48.33, 46.4]
2026-08-31 09:04:59,148 [trainer.py] => Avergae Acc: 61.58
2026-08-31 09:04:59,148 [trainer.py] => (curve) top1 Acc with task: [85.62, 85.11, 82.58, 82.4, 79.21, 75.7, 72.41, 70.6, 68.0, 66.6]
2026-08-31 09:04:59,148 [trainer.py] => Avergae Acc: 76.82
2026-08-31 09:04:59,148 [trainer.py] => (curve) top1 Acc task: [100.0, 84.22, 79.51, 74.02, 69.85, 66.29, 62.61, 60.11, 56.02, 53.6]
2026-08-31 09:04:59,148 [trainer.py] => Avergae Acc: 70.62
2026-08-31 09:04:59,148 [trainer.py] => ================================================================================
2026-08-31 09:26:34,699 [toolkit.py] => config: configs/inflora_e/imagenet-a_seed=1993.json
2026-08-31 09:26:34,699 [toolkit.py] => device: [device(type='cuda', index=4)]
2026-08-31 09:26:34,699 [toolkit.py] => debug: False
2026-08-31 09:26:34,699 [toolkit.py] => save_ckp: False
2026-08-31 09:26:34,699 [toolkit.py] => moe_list: None
2026-08-31 09:26:34,699 [toolkit.py] => seed: 1993
2026-08-31 09:26:34,699 [toolkit.py] => dataset: imagenet-a
2026-08-31 09:26:34,699 [toolkit.py] => data_path: data/imagenet-a
2026-08-31 09:26:34,699 [toolkit.py] => load: vit_base_patch16_224_in21k
2026-08-31 09:26:34,699 [toolkit.py] => init_cls: 20
2026-08-31 09:26:34,700 [toolkit.py] => increment: 20
2026-08-31 09:26:34,700 [toolkit.py] => sessions: 10
2026-08-31 09:26:34,700 [toolkit.py] => shuffle: False
2026-08-31 09:26:34,700 [toolkit.py] => method: inflora_e
2026-08-31 09:26:34,700 [toolkit.py] => optimizer: adam
2026-08-31 09:26:34,700 [toolkit.py] => scheduler: cosine
2026-08-31 09:26:34,700 [toolkit.py] => epochs: 10
2026-08-31 09:26:34,700 [toolkit.py] => lrate: 0.0005
2026-08-31 09:26:34,700 [toolkit.py] => weight_decay: 0.0
2026-08-31 09:26:34,700 [toolkit.py] => batch_size: 128
2026-08-31 09:26:34,700 [toolkit.py] => rank: 10
2026-08-31 09:26:34,700 [toolkit.py] => num_workers: 16
2026-08-31 09:26:34,700 [toolkit.py] => lamb: 0.98
2026-08-31 09:26:34,700 [toolkit.py] => lame: 1.0
2026-08-31 09:26:34,700 [toolkit.py] => lrate_head: 0
2026-08-31 09:26:34,700 [toolkit.py] => R: 0.5
2026-08-31 09:26:34,700 [toolkit.py] => logdir: logs/inflora_e/imagenet-a/t10
2026-08-31 09:26:34,700 [toolkit.py] => logfilename: logs/inflora_e/imagenet-a/t10/seed1993
2026-08-31 09:26:34,727 [data_manager.py] => Class index order: 0, 1, 2, 3, 4, ..., 195, 196, 197, 198, 199
2026-08-31 09:26:36,915 [trainer.py] => ================================================================================
2026-08-31 09:26:36,915 [trainer.py] => Dataset Information
2026-08-31 09:26:36,915 [trainer.py] => ================================================================================
2026-08-31 09:26:36,915 [trainer.py] =>   Dataset name     : imagenet-a
2026-08-31 09:26:36,915 [trainer.py] =>   Data path        : data/imagenet-a
2026-08-31 09:26:36,915 [trainer.py] =>   Total classes    : 200
2026-08-31 09:26:36,915 [trainer.py] =>   Total tasks      : 10
2026-08-31 09:26:36,915 [trainer.py] =>   Task increments  : [20, 20, 20, 20, 20, 20, 20, 20, 20, 20]
2026-08-31 09:26:36,915 [trainer.py] =>   Init classes     : 20
2026-08-31 09:26:36,915 [trainer.py] =>   Increment per task: 20
2026-08-31 09:26:36,915 [trainer.py] =>   Shuffle          : False
2026-08-31 09:26:36,915 [trainer.py] =>   Seed             : 1993
2026-08-31 09:26:36,915 [trainer.py] => --------------------------------------------------------------------------------
2026-08-31 09:26:36,915 [trainer.py] => Task split:
2026-08-31 09:26:36,916 [trainer.py] =>   Task 0: classes 0-19 (20 classes) | Train: 1253 images (5 batches), Test: 313 images (2 batches)
2026-08-31 09:26:36,917 [trainer.py] =>   Task 1: classes 20-39 (20 classes) | Train: 1000 images (4 batches), Test: 251 images (1 batches)
2026-08-31 09:26:36,918 [trainer.py] =>   Task 2: classes 40-59 (20 classes) | Train: 1000 images (4 batches), Test: 251 images (1 batches)
2026-08-31 09:26:36,918 [trainer.py] =>   Task 3: classes 60-79 (20 classes) | Train: 610 images (3 batches), Test: 151 images (1 batches)
2026-08-31 09:26:36,919 [trainer.py] =>   Task 4: classes 80-99 (20 classes) | Train: 426 images (2 batches), Test: 102 images (1 batches)
2026-08-31 09:26:36,919 [trainer.py] =>   Task 5: classes 100-119 (20 classes) | Train: 263 images (2 batches), Test: 68 images (1 batches)
2026-08-31 09:26:36,920 [trainer.py] =>   Task 6: classes 120-139 (20 classes) | Train: 351 images (2 batches), Test: 89 images (1 batches)
2026-08-31 09:26:36,920 [trainer.py] =>   Task 7: classes 140-159 (20 classes) | Train: 321 images (2 batches), Test: 81 images (1 batches)
2026-08-31 09:26:36,921 [trainer.py] =>   Task 8: classes 160-179 (20 classes) | Train: 391 images (2 batches), Test: 97 images (1 batches)
2026-08-31 09:26:36,921 [trainer.py] =>   Task 9: classes 180-199 (20 classes) | Train: 385 images (2 batches), Test: 97 images (1 batches)
2026-08-31 09:26:36,921 [trainer.py] => ================================================================================
2026-08-31 09:26:36,921 [trainer.py] => ================================================================================
2026-08-31 09:26:36,922 [base.py] => Task 0 learning on class 0-20
2026-08-31 09:26:37,488 [toolkit.py] => Total params:     106,804,763
2026-08-31 09:26:37,489 [toolkit.py] => Trainable params: 384,020
2026-08-31 09:26:37,489 [toolkit.py] => Trainable ratio:  0.3596%
2026-08-31 09:28:35,472 [inflora_e.py] => Task 0, Epoch 10/10 => Loss 1.752, Train_accy 48.36
2026-08-31 09:28:44,244 [trainer.py] => Training time: 0h 2m 7s
2026-08-31 09:28:46,737 [trainer.py] => Evaluation time: 0h 0m 2s
2026-08-31 09:28:46,737 [trainer.py] => Accuracy: {'total': 40.89, '00-19': 40.89, 'old': 0, 'new': 40.89}
2026-08-31 09:28:46,737 [trainer.py] => (curve) top1 Acc: [40.89]
2026-08-31 09:28:46,737 [trainer.py] => Avergae Acc: 40.89
2026-08-31 09:28:46,737 [trainer.py] => (curve) top1 Acc with task: [40.89]
2026-08-31 09:28:46,737 [trainer.py] => Avergae Acc: 40.89
2026-08-31 09:28:46,737 [trainer.py] => (curve) top1 Acc task: [100.0]
2026-08-31 09:28:46,738 [trainer.py] => Avergae Acc: 100.00
2026-08-31 09:28:46,738 [trainer.py] => ================================================================================
2026-08-31 09:28:46,738 [trainer.py] => ================================================================================
2026-08-31 09:28:46,738 [base.py] => Task 1 learning on class 20-40
2026-08-31 09:28:46,749 [toolkit.py] => Total params:     106,804,763
2026-08-31 09:28:46,749 [toolkit.py] => Trainable params: 384,020
2026-08-31 09:28:46,749 [toolkit.py] => Trainable ratio:  0.3596%
2026-08-31 09:30:22,116 [inflora_e.py] => Task 1, Epoch 10/10 => Loss 1.810, Train_accy 43.60
2026-08-31 09:30:32,121 [trainer.py] => Training time: 0h 1m 45s
2026-08-31 09:30:35,511 [trainer.py] => Evaluation time: 0h 0m 3s
2026-08-31 09:30:35,511 [trainer.py] => Accuracy: {'total': 26.06, '00-19': 27.8, '20-39': 23.9, 'old': 27.8, 'new': 23.9}
2026-08-31 09:30:35,512 [trainer.py] => (curve) top1 Acc: [40.89, 26.06]
2026-08-31 09:30:35,512 [trainer.py] => Avergae Acc: 33.48
2026-08-31 09:30:35,512 [trainer.py] => (curve) top1 Acc with task: [40.89, 37.23]
2026-08-31 09:30:35,512 [trainer.py] => Avergae Acc: 39.06
2026-08-31 09:30:35,512 [trainer.py] => (curve) top1 Acc task: [100.0, 57.09]
2026-08-31 09:30:35,512 [trainer.py] => Avergae Acc: 78.55
2026-08-31 09:30:35,512 [trainer.py] => ================================================================================
2026-08-31 09:30:35,512 [trainer.py] => ================================================================================
2026-08-31 09:30:35,513 [base.py] => Task 2 learning on class 40-60
2026-08-31 09:30:35,524 [toolkit.py] => Total params:     106,804,763
2026-08-31 09:30:35,524 [toolkit.py] => Trainable params: 384,020
2026-08-31 09:30:35,524 [toolkit.py] => Trainable ratio:  0.3596%
2026-08-31 09:32:12,081 [inflora_e.py] => Task 2, Epoch 10/10 => Loss 1.979, Train_accy 36.70
2026-08-31 09:32:23,535 [trainer.py] => Training time: 0h 1m 48s
2026-08-31 09:32:27,850 [trainer.py] => Evaluation time: 0h 0m 4s
2026-08-31 09:32:27,850 [trainer.py] => Accuracy: {'total': 22.58, '00-19': 23.0, '20-39': 21.91, '40-59': 22.71, 'old': 22.52, 'new': 22.71}
2026-08-31 09:32:27,850 [trainer.py] => (curve) top1 Acc: [40.89, 26.06, 22.58]
2026-08-31 09:32:27,850 [trainer.py] => Avergae Acc: 29.84
2026-08-31 09:32:27,850 [trainer.py] => (curve) top1 Acc with task: [40.89, 37.23, 36.93]
2026-08-31 09:32:27,850 [trainer.py] => Avergae Acc: 38.35
2026-08-31 09:32:27,850 [trainer.py] => (curve) top1 Acc task: [100.0, 57.09, 48.59]
2026-08-31 09:32:27,850 [trainer.py] => Avergae Acc: 68.56
2026-08-31 09:32:27,850 [trainer.py] => ================================================================================
2026-08-31 09:32:27,850 [trainer.py] => ================================================================================
2026-08-31 09:32:27,851 [base.py] => Task 3 learning on class 60-80
2026-08-31 09:32:27,862 [toolkit.py] => Total params:     106,804,763
2026-08-31 09:32:27,862 [toolkit.py] => Trainable params: 384,020
2026-08-31 09:32:27,862 [toolkit.py] => Trainable ratio:  0.3596%
2026-08-31 09:33:31,584 [inflora_e.py] => Task 3, Epoch 10/10 => Loss 2.214, Train_accy 34.10
2026-08-31 09:33:40,614 [trainer.py] => Training time: 0h 1m 12s
2026-08-31 09:33:45,413 [trainer.py] => Evaluation time: 0h 0m 4s
2026-08-31 09:33:45,414 [trainer.py] => Accuracy: {'total': 15.53, '00-19': 18.85, '20-39': 12.35, '40-59': 13.94, '60-79': 16.56, 'old': 15.34, 'new': 16.56}
2026-08-31 09:33:45,414 [trainer.py] => (curve) top1 Acc: [40.89, 26.06, 22.58, 15.53]
2026-08-31 09:33:45,414 [trainer.py] => Avergae Acc: 26.27
2026-08-31 09:33:45,414 [trainer.py] => (curve) top1 Acc with task: [40.89, 37.23, 36.93, 31.26]
2026-08-31 09:33:45,414 [trainer.py] => Avergae Acc: 36.58
2026-08-31 09:33:45,414 [trainer.py] => (curve) top1 Acc task: [100.0, 57.09, 48.59, 36.23]
2026-08-31 09:33:45,414 [trainer.py] => Avergae Acc: 60.48
2026-08-31 09:33:45,414 [trainer.py] => ================================================================================
2026-08-31 09:33:45,414 [trainer.py] => ================================================================================
2026-08-31 09:33:45,415 [base.py] => Task 4 learning on class 80-100
2026-08-31 09:33:45,426 [toolkit.py] => Total params:     106,804,763
2026-08-31 09:33:45,426 [toolkit.py] => Trainable params: 384,020
2026-08-31 09:33:45,426 [toolkit.py] => Trainable ratio:  0.3596%
