2026-09-12 14:15:24,259 [toolkit.py] => config: configs/ewclora/cifar100_seed=1997.json
2026-09-12 14:15:24,259 [toolkit.py] => device: [device(type='cuda', index=1)]
2026-09-12 14:15:24,259 [toolkit.py] => debug: False
2026-09-12 14:15:24,259 [toolkit.py] => save_ckp: False
2026-09-12 14:15:24,259 [toolkit.py] => moe_list: None
2026-09-12 14:15:24,259 [toolkit.py] => seed: 1997
2026-09-12 14:15:24,259 [toolkit.py] => dataset: cifar100
2026-09-12 14:15:24,259 [toolkit.py] => data_path: data/cifar100
2026-09-12 14:15:24,259 [toolkit.py] => load: vit_base_patch16_224_in21k
2026-09-12 14:15:24,259 [toolkit.py] => init_cls: 10
2026-09-12 14:15:24,259 [toolkit.py] => increment: 10
2026-09-12 14:15:24,259 [toolkit.py] => sessions: 10
2026-09-12 14:15:24,259 [toolkit.py] => shuffle: False
2026-09-12 14:15:24,260 [toolkit.py] => method: ewclora
2026-09-12 14:15:24,260 [toolkit.py] => optimizer: adam
2026-09-12 14:15:24,260 [toolkit.py] => scheduler: cosine
2026-09-12 14:15:24,260 [toolkit.py] => epochs: 20
2026-09-12 14:15:24,260 [toolkit.py] => lrate: 0.0005
2026-09-12 14:15:24,260 [toolkit.py] => fc_lrate: 0.005
2026-09-12 14:15:24,260 [toolkit.py] => weight_decay: 0.0
2026-09-12 14:15:24,260 [toolkit.py] => batch_size: 128
2026-09-12 14:15:24,260 [toolkit.py] => rank: 10
2026-09-12 14:15:24,260 [toolkit.py] => num_workers: 16
2026-09-12 14:15:24,260 [toolkit.py] => lrate_head: 0
2026-09-12 14:15:24,260 [toolkit.py] => gamma: 0.9
2026-09-12 14:15:24,260 [toolkit.py] => lambda: 10000000.0
2026-09-12 14:15:24,260 [toolkit.py] => logdir: logs/ewclora/cifar100/t10
2026-09-12 14:15:24,260 [toolkit.py] => logfilename: logs/ewclora/cifar100/t10/seed1997
2026-09-12 14:15:26,182 [data_manager.py] => Class index order: 0, 1, 2, 3, 4, ..., 95, 96, 97, 98, 99
2026-09-12 14:15:28,394 [trainer.py] => ================================================================================
2026-09-12 14:15:28,394 [trainer.py] => Dataset Information
2026-09-12 14:15:28,394 [trainer.py] => ================================================================================
2026-09-12 14:15:28,394 [trainer.py] =>   Dataset name     : cifar100
2026-09-12 14:15:28,394 [trainer.py] =>   Data path        : data/cifar100
2026-09-12 14:15:28,394 [trainer.py] =>   Total classes    : 100
2026-09-12 14:15:28,394 [trainer.py] =>   Total tasks      : 10
2026-09-12 14:15:28,394 [trainer.py] =>   Task increments  : [10, 10, 10, 10, 10, 10, 10, 10, 10, 10]
2026-09-12 14:15:28,394 [trainer.py] =>   Init classes     : 10
2026-09-12 14:15:28,394 [trainer.py] =>   Increment per task: 10
2026-09-12 14:15:28,394 [trainer.py] =>   Shuffle          : False
2026-09-12 14:15:28,394 [trainer.py] =>   Seed             : 1997
2026-09-12 14:15:28,394 [trainer.py] => --------------------------------------------------------------------------------
2026-09-12 14:15:28,394 [trainer.py] => Task split:
2026-09-12 14:15:28,406 [trainer.py] =>   Task 0: classes 0-9 (10 classes) | Train: 5000 images (20 batches), Test: 1000 images (4 batches)
2026-09-12 14:15:28,426 [trainer.py] =>   Task 1: classes 10-19 (10 classes) | Train: 5000 images (20 batches), Test: 1000 images (4 batches)
2026-09-12 14:15:28,432 [trainer.py] =>   Task 2: classes 20-29 (10 classes) | Train: 5000 images (20 batches), Test: 1000 images (4 batches)
2026-09-12 14:15:28,439 [trainer.py] =>   Task 3: classes 30-39 (10 classes) | Train: 5000 images (20 batches), Test: 1000 images (4 batches)
2026-09-12 14:15:28,445 [trainer.py] =>   Task 4: classes 40-49 (10 classes) | Train: 5000 images (20 batches), Test: 1000 images (4 batches)
2026-09-12 14:15:28,451 [trainer.py] =>   Task 5: classes 50-59 (10 classes) | Train: 5000 images (20 batches), Test: 1000 images (4 batches)
2026-09-12 14:15:28,466 [trainer.py] =>   Task 6: classes 60-69 (10 classes) | Train: 5000 images (20 batches), Test: 1000 images (4 batches)
2026-09-12 14:15:28,473 [trainer.py] =>   Task 7: classes 70-79 (10 classes) | Train: 5000 images (20 batches), Test: 1000 images (4 batches)
2026-09-12 14:15:28,479 [trainer.py] =>   Task 8: classes 80-89 (10 classes) | Train: 5000 images (20 batches), Test: 1000 images (4 batches)
2026-09-12 14:15:28,486 [trainer.py] =>   Task 9: classes 90-99 (10 classes) | Train: 5000 images (20 batches), Test: 1000 images (4 batches)
2026-09-12 14:15:28,486 [trainer.py] => ================================================================================
2026-09-12 14:15:28,486 [trainer.py] => ================================================================================
2026-09-12 14:15:28,491 [base.py] => Task 0 learning on class 0-10
2026-09-12 14:15:29,392 [toolkit.py] => Total params:     103,410,103
2026-09-12 14:15:29,393 [toolkit.py] => Trainable params: 376,330
2026-09-12 14:15:29,393 [toolkit.py] => Trainable ratio:  0.3639%
2026-09-12 14:29:57,848 [ewclora.py] => Task 0, Epoch 20/20 => Loss 0.104, Train_accy 96.60
2026-09-12 14:29:57,849 [trainer.py] => Training time: 0h 14m 29s
2026-09-12 14:30:01,841 [trainer.py] => Evaluation time: 0h 0m 3s
2026-09-12 14:30:44,959 [trainer.py] => Accuracy: {'total': 99.4, '00-09': 99.4, 'old': 0, 'new': 99.4}
2026-09-12 14:30:44,959 [trainer.py] => (curve) top1 Acc: [99.4]
2026-09-12 14:30:44,960 [trainer.py] => Avergae Acc: 99.40
2026-09-12 14:30:44,960 [trainer.py] => (curve) top1 Acc with task: [99.4]
2026-09-12 14:30:44,960 [trainer.py] => Avergae Acc: 99.40
2026-09-12 14:30:44,960 [trainer.py] => (curve) top1 Acc task: [100.0]
2026-09-12 14:30:44,960 [trainer.py] => Avergae Acc: 100.00
2026-09-12 14:30:44,960 [trainer.py] => ================================================================================
2026-09-12 14:30:44,960 [trainer.py] => ================================================================================
2026-09-12 14:30:45,004 [base.py] => Task 1 learning on class 10-20
2026-09-12 14:30:45,008 [toolkit.py] => Total params:     103,410,103
2026-09-12 14:30:45,008 [toolkit.py] => Trainable params: 376,330
2026-09-12 14:30:45,008 [toolkit.py] => Trainable ratio:  0.3639%
2026-09-12 14:49:34,404 [ewclora.py] => Task 1, Epoch 20/20 => Loss 0.152, Train_accy 94.82
2026-09-12 14:49:34,405 [trainer.py] => Training time: 0h 18m 49s
2026-09-12 14:49:48,798 [trainer.py] => Evaluation time: 0h 0m 14s
2026-09-12 14:51:01,126 [trainer.py] => Accuracy: {'total': 96.55, '00-09': 96.3, '10-19': 96.8, 'old': 96.3, 'new': 96.8}
2026-09-12 14:51:01,126 [trainer.py] => (curve) top1 Acc: [99.4, 96.55]
2026-09-12 14:51:01,126 [trainer.py] => Avergae Acc: 97.97
2026-09-12 14:51:01,126 [trainer.py] => (curve) top1 Acc with task: [99.4, 99.15]
2026-09-12 14:51:01,126 [trainer.py] => Avergae Acc: 99.28
2026-09-12 14:51:01,126 [trainer.py] => (curve) top1 Acc task: [100.0, 97.1]
2026-09-12 14:51:01,126 [trainer.py] => Avergae Acc: 98.55
2026-09-12 14:51:01,126 [trainer.py] => ================================================================================
2026-09-12 14:51:01,127 [trainer.py] => ================================================================================
2026-09-12 14:51:01,143 [base.py] => Task 2 learning on class 20-30
2026-09-12 14:51:01,147 [toolkit.py] => Total params:     103,410,103
2026-09-12 14:51:01,147 [toolkit.py] => Trainable params: 376,330
2026-09-12 14:51:01,147 [toolkit.py] => Trainable ratio:  0.3639%
2026-09-12 15:12:59,325 [ewclora.py] => Task 2, Epoch 20/20 => Loss 0.148, Train_accy 95.50
2026-09-12 15:12:59,326 [trainer.py] => Training time: 0h 21m 58s
2026-09-12 15:13:10,014 [trainer.py] => Evaluation time: 0h 0m 10s
2026-09-12 15:13:53,135 [trainer.py] => Accuracy: {'total': 95.0, '00-09': 95.1, '10-19': 94.9, '20-29': 95.0, 'old': 95.0, 'new': 95.0}
2026-09-12 15:13:53,135 [trainer.py] => (curve) top1 Acc: [99.4, 96.55, 95.0]
2026-09-12 15:13:53,135 [trainer.py] => Avergae Acc: 96.98
2026-09-12 15:13:53,135 [trainer.py] => (curve) top1 Acc with task: [99.4, 99.15, 98.73]
2026-09-12 15:13:53,135 [trainer.py] => Avergae Acc: 99.09
2026-09-12 15:13:53,136 [trainer.py] => (curve) top1 Acc task: [100.0, 97.1, 95.77]
2026-09-12 15:13:53,136 [trainer.py] => Avergae Acc: 97.62
2026-09-12 15:13:53,136 [trainer.py] => ================================================================================
2026-09-12 15:13:53,136 [trainer.py] => ================================================================================
2026-09-12 15:13:53,149 [base.py] => Task 3 learning on class 30-40
2026-09-12 15:13:53,153 [toolkit.py] => Total params:     103,410,103
2026-09-12 15:13:53,153 [toolkit.py] => Trainable params: 376,330
2026-09-12 15:13:53,153 [toolkit.py] => Trainable ratio:  0.3639%
2026-09-12 15:35:00,119 [ewclora.py] => Task 3, Epoch 20/20 => Loss 0.130, Train_accy 95.80
2026-09-12 15:35:00,120 [trainer.py] => Training time: 0h 21m 6s
2026-09-12 15:35:28,588 [trainer.py] => Evaluation time: 0h 0m 28s
2026-09-12 15:36:41,626 [trainer.py] => Accuracy: {'total': 93.42, '00-09': 94.5, '10-19': 90.6, '20-29': 94.4, '30-39': 94.2, 'old': 93.17, 'new': 94.2}
2026-09-12 15:36:41,626 [trainer.py] => (curve) top1 Acc: [99.4, 96.55, 95.0, 93.42]
2026-09-12 15:36:41,627 [trainer.py] => Avergae Acc: 96.09
2026-09-12 15:36:41,627 [trainer.py] => (curve) top1 Acc with task: [99.4, 99.15, 98.73, 98.58]
2026-09-12 15:36:41,627 [trainer.py] => Avergae Acc: 98.97
2026-09-12 15:36:41,627 [trainer.py] => (curve) top1 Acc task: [100.0, 97.1, 95.77, 94.17]
2026-09-12 15:36:41,627 [trainer.py] => Avergae Acc: 96.76
2026-09-12 15:36:41,627 [trainer.py] => ================================================================================
2026-09-12 15:36:41,627 [trainer.py] => ================================================================================
2026-09-12 15:36:41,638 [base.py] => Task 4 learning on class 40-50
2026-09-12 15:36:41,643 [toolkit.py] => Total params:     103,410,103
2026-09-12 15:36:41,643 [toolkit.py] => Trainable params: 376,330
2026-09-12 15:36:41,643 [toolkit.py] => Trainable ratio:  0.3639%
2026-09-12 16:01:19,626 [ewclora.py] => Task 4, Epoch 20/20 => Loss 0.133, Train_accy 95.54
2026-09-12 16:01:19,627 [trainer.py] => Training time: 0h 24m 37s
2026-09-12 16:01:44,618 [trainer.py] => Evaluation time: 0h 0m 24s
2026-09-12 16:02:48,885 [trainer.py] => Accuracy: {'total': 92.08, '00-09': 93.7, '10-19': 88.9, '20-29': 92.1, '30-39': 93.1, '40-49': 92.6, 'old': 91.95, 'new': 92.6}
2026-09-12 16:02:48,886 [trainer.py] => (curve) top1 Acc: [99.4, 96.55, 95.0, 93.42, 92.08]
2026-09-12 16:02:48,886 [trainer.py] => Avergae Acc: 95.29
2026-09-12 16:02:48,886 [trainer.py] => (curve) top1 Acc with task: [99.4, 99.15, 98.73, 98.58, 98.58]
2026-09-12 16:02:48,886 [trainer.py] => Avergae Acc: 98.89
2026-09-12 16:02:48,886 [trainer.py] => (curve) top1 Acc task: [100.0, 97.1, 95.77, 94.17, 92.76]
2026-09-12 16:02:48,886 [trainer.py] => Avergae Acc: 95.96
2026-09-12 16:02:48,886 [trainer.py] => ================================================================================
2026-09-12 16:02:48,886 [trainer.py] => ================================================================================
2026-09-12 16:02:48,901 [base.py] => Task 5 learning on class 50-60
2026-09-12 16:02:48,905 [toolkit.py] => Total params:     103,410,103
2026-09-12 16:02:48,905 [toolkit.py] => Trainable params: 376,330
2026-09-12 16:02:48,905 [toolkit.py] => Trainable ratio:  0.3639%
2026-09-12 16:26:42,521 [ewclora.py] => Task 5, Epoch 20/20 => Loss 0.161, Train_accy 94.58
2026-09-12 16:26:42,522 [trainer.py] => Training time: 0h 23m 53s
2026-09-12 16:27:21,639 [trainer.py] => Evaluation time: 0h 0m 39s
2026-09-12 16:28:31,784 [trainer.py] => Accuracy: {'total': 90.33, '00-09': 93.3, '10-19': 88.3, '20-29': 91.6, '30-39': 92.1, '40-49': 91.8, '50-59': 84.9, 'old': 91.42, 'new': 84.9}
2026-09-12 16:28:31,784 [trainer.py] => (curve) top1 Acc: [99.4, 96.55, 95.0, 93.42, 92.08, 90.33]
2026-09-12 16:28:31,784 [trainer.py] => Avergae Acc: 94.46
2026-09-12 16:28:31,784 [trainer.py] => (curve) top1 Acc with task: [99.4, 99.15, 98.73, 98.58, 98.58, 98.27]
2026-09-12 16:28:31,784 [trainer.py] => Avergae Acc: 98.79
2026-09-12 16:28:31,784 [trainer.py] => (curve) top1 Acc task: [100.0, 97.1, 95.77, 94.17, 92.76, 91.0]
2026-09-12 16:28:31,784 [trainer.py] => Avergae Acc: 95.13
2026-09-12 16:28:31,784 [trainer.py] => ================================================================================
2026-09-12 16:28:31,784 [trainer.py] => ================================================================================
2026-09-12 16:28:31,798 [base.py] => Task 6 learning on class 60-70
2026-09-12 16:28:31,803 [toolkit.py] => Total params:     103,410,103
2026-09-12 16:28:31,803 [toolkit.py] => Trainable params: 376,330
2026-09-12 16:28:31,803 [toolkit.py] => Trainable ratio:  0.3639%
2026-09-12 16:52:41,606 [ewclora.py] => Task 6, Epoch 20/20 => Loss 0.157, Train_accy 94.44
2026-09-12 16:52:41,607 [trainer.py] => Training time: 0h 24m 9s
2026-09-12 16:53:29,094 [trainer.py] => Evaluation time: 0h 0m 47s
2026-09-12 16:54:39,608 [trainer.py] => Accuracy: {'total': 89.56, '00-09': 92.3, '10-19': 87.1, '20-29': 89.6, '30-39': 91.4, '40-49': 91.2, '50-59': 83.7, '60-69': 91.6, 'old': 89.22, 'new': 91.6}
2026-09-12 16:54:39,608 [trainer.py] => (curve) top1 Acc: [99.4, 96.55, 95.0, 93.42, 92.08, 90.33, 89.56]
2026-09-12 16:54:39,608 [trainer.py] => Avergae Acc: 93.76
2026-09-12 16:54:39,608 [trainer.py] => (curve) top1 Acc with task: [99.4, 99.15, 98.73, 98.58, 98.58, 98.27, 98.21]
2026-09-12 16:54:39,608 [trainer.py] => Avergae Acc: 98.70
2026-09-12 16:54:39,608 [trainer.py] => (curve) top1 Acc task: [100.0, 97.1, 95.77, 94.17, 92.76, 91.0, 90.29]
2026-09-12 16:54:39,608 [trainer.py] => Avergae Acc: 94.44
2026-09-12 16:54:39,609 [trainer.py] => ================================================================================
2026-09-12 16:54:39,609 [trainer.py] => ================================================================================
2026-09-12 16:54:39,633 [base.py] => Task 7 learning on class 70-80
2026-09-12 16:54:39,637 [toolkit.py] => Total params:     103,410,103
2026-09-12 16:54:39,637 [toolkit.py] => Trainable params: 376,330
2026-09-12 16:54:39,637 [toolkit.py] => Trainable ratio:  0.3639%
2026-09-12 17:09:24,931 [ewclora.py] => Task 7, Epoch 20/20 => Loss 0.150, Train_accy 94.82
2026-09-12 17:09:24,932 [trainer.py] => Training time: 0h 14m 45s
2026-09-12 17:09:52,234 [trainer.py] => Evaluation time: 0h 0m 27s
2026-09-12 17:10:35,578 [trainer.py] => Accuracy: {'total': 88.99, '00-09': 92.4, '10-19': 86.9, '20-29': 88.5, '30-39': 90.7, '40-49': 91.4, '50-59': 82.6, '60-69': 90.0, '70-79': 89.4, 'old': 88.93, 'new': 89.4}
2026-09-12 17:10:35,578 [trainer.py] => (curve) top1 Acc: [99.4, 96.55, 95.0, 93.42, 92.08, 90.33, 89.56, 88.99]
2026-09-12 17:10:35,578 [trainer.py] => Avergae Acc: 93.17
2026-09-12 17:10:35,578 [trainer.py] => (curve) top1 Acc with task: [99.4, 99.15, 98.73, 98.58, 98.58, 98.27, 98.21, 98.34]
2026-09-12 17:10:35,578 [trainer.py] => Avergae Acc: 98.66
2026-09-12 17:10:35,578 [trainer.py] => (curve) top1 Acc task: [100.0, 97.1, 95.77, 94.17, 92.76, 91.0, 90.29, 89.6]
2026-09-12 17:10:35,578 [trainer.py] => Avergae Acc: 93.84
2026-09-12 17:10:35,578 [trainer.py] => ================================================================================
2026-09-12 17:10:35,578 [trainer.py] => ================================================================================
2026-09-12 17:10:35,591 [base.py] => Task 8 learning on class 80-90
2026-09-12 17:10:35,595 [toolkit.py] => Total params:     103,410,103
2026-09-12 17:10:35,596 [toolkit.py] => Trainable params: 376,330
2026-09-12 17:10:35,596 [toolkit.py] => Trainable ratio:  0.3639%
2026-09-12 17:25:10,374 [ewclora.py] => Task 8, Epoch 20/20 => Loss 0.118, Train_accy 95.90
2026-09-12 17:25:10,375 [trainer.py] => Training time: 0h 14m 34s
2026-09-12 17:25:41,079 [trainer.py] => Evaluation time: 0h 0m 30s
2026-09-12 17:26:24,302 [trainer.py] => Accuracy: {'total': 89.07, '00-09': 92.1, '10-19': 84.2, '20-29': 88.5, '30-39': 90.0, '40-49': 90.9, '50-59': 82.3, '60-69': 89.5, '70-79': 89.4, '80-89': 94.7, 'old': 88.36, 'new': 94.7}
2026-09-12 17:26:24,302 [trainer.py] => (curve) top1 Acc: [99.4, 96.55, 95.0, 93.42, 92.08, 90.33, 89.56, 88.99, 89.07]
2026-09-12 17:26:24,302 [trainer.py] => Avergae Acc: 92.71
2026-09-12 17:26:24,302 [trainer.py] => (curve) top1 Acc with task: [99.4, 99.15, 98.73, 98.58, 98.58, 98.27, 98.21, 98.34, 98.38]
2026-09-12 17:26:24,302 [trainer.py] => Avergae Acc: 98.63
2026-09-12 17:26:24,302 [trainer.py] => (curve) top1 Acc task: [100.0, 97.1, 95.77, 94.17, 92.76, 91.0, 90.29, 89.6, 89.6]
2026-09-12 17:26:24,302 [trainer.py] => Avergae Acc: 93.37
2026-09-12 17:26:24,302 [trainer.py] => ================================================================================
2026-09-12 17:26:24,302 [trainer.py] => ================================================================================
2026-09-12 17:26:24,321 [base.py] => Task 9 learning on class 90-100
2026-09-12 17:26:24,325 [toolkit.py] => Total params:     103,410,103
2026-09-12 17:26:24,325 [toolkit.py] => Trainable params: 376,330
2026-09-12 17:26:24,325 [toolkit.py] => Trainable ratio:  0.3639%
2026-09-12 17:40:59,765 [ewclora.py] => Task 9, Epoch 20/20 => Loss 0.107, Train_accy 96.66
2026-09-12 17:40:59,766 [trainer.py] => Training time: 0h 14m 35s
2026-09-12 17:41:33,923 [trainer.py] => Evaluation time: 0h 0m 34s
2026-09-12 17:42:17,307 [trainer.py] => Accuracy: {'total': 87.35, '00-09': 91.5, '10-19': 82.8, '20-29': 87.7, '30-39': 88.3, '40-49': 87.9, '50-59': 78.9, '60-69': 88.5, '70-79': 86.8, '80-89': 93.3, '90-99': 87.8, 'old': 87.3, 'new': 87.8}
2026-09-12 17:42:17,307 [trainer.py] => (curve) top1 Acc: [99.4, 96.55, 95.0, 93.42, 92.08, 90.33, 89.56, 88.99, 89.07, 87.35]
2026-09-12 17:42:17,307 [trainer.py] => Avergae Acc: 92.18
2026-09-12 17:42:17,307 [trainer.py] => (curve) top1 Acc with task: [99.4, 99.15, 98.73, 98.58, 98.58, 98.27, 98.21, 98.34, 98.38, 98.45]
2026-09-12 17:42:17,307 [trainer.py] => Avergae Acc: 98.61
2026-09-12 17:42:17,307 [trainer.py] => (curve) top1 Acc task: [100.0, 97.1, 95.77, 94.17, 92.76, 91.0, 90.29, 89.6, 89.6, 87.81]
2026-09-12 17:42:17,307 [trainer.py] => Avergae Acc: 92.81
2026-09-12 17:42:17,307 [trainer.py] => ================================================================================
