2026-08-30 06:09:18,210 [toolkit.py] => config: configs/ewclora_o/domain_seed=1993_ro=0.04.json
2026-08-30 06:09:18,211 [toolkit.py] => device: [device(type='cuda', index=1)]
2026-08-30 06:09:18,211 [toolkit.py] => debug: False
2026-08-30 06:09:18,211 [toolkit.py] => save_ckp: False
2026-08-30 06:09:18,211 [toolkit.py] => moe_list: None
2026-08-30 06:09:18,211 [toolkit.py] => seed: 1993
2026-08-30 06:09:18,211 [toolkit.py] => dataset: domainnet
2026-08-30 06:09:18,211 [toolkit.py] => data_path: data/domainnet
2026-08-30 06:09:18,211 [toolkit.py] => load: vit_base_patch16_224_in21k
2026-08-30 06:09:18,211 [toolkit.py] => init_cls: 69
2026-08-30 06:09:18,211 [toolkit.py] => increment: 69
2026-08-30 06:09:18,211 [toolkit.py] => sessions: 5
2026-08-30 06:09:18,211 [toolkit.py] => shuffle: False
2026-08-30 06:09:18,211 [toolkit.py] => method: ewclora_o
2026-08-30 06:09:18,211 [toolkit.py] => optimizer: adam
2026-08-30 06:09:18,211 [toolkit.py] => scheduler: cosine
2026-08-30 06:09:18,211 [toolkit.py] => epochs: 5
2026-08-30 06:09:18,211 [toolkit.py] => lrate: 0.0005
2026-08-30 06:09:18,211 [toolkit.py] => fc_lrate: 0.005
2026-08-30 06:09:18,211 [toolkit.py] => weight_decay: 0.0
2026-08-30 06:09:18,211 [toolkit.py] => batch_size: 128
2026-08-30 06:09:18,211 [toolkit.py] => rank: 30
2026-08-30 06:09:18,211 [toolkit.py] => num_workers: 16
2026-08-30 06:09:18,211 [toolkit.py] => gamma: 0.9
2026-08-30 06:09:18,211 [toolkit.py] => lambda: 10000000.0
2026-08-30 06:09:18,211 [toolkit.py] => lrate_head: 0
2026-08-30 06:09:18,211 [toolkit.py] => R: 0.5
2026-08-30 06:09:18,211 [toolkit.py] => ortho_loss_type: True
2026-08-30 06:09:18,211 [toolkit.py] => ortho_loss_weight: 0.04
2026-08-30 06:09:18,211 [toolkit.py] => logdir: logs/ewclora_o/domainnet/t5
2026-08-30 06:09:18,211 [toolkit.py] => logfilename: logs/ewclora_o/domainnet/t5/seed1993
2026-08-30 06:09:18,436 [data_manager.py] => Class index order: 0, 1, 2, 3, 4, ..., 340, 341, 342, 343, 344
2026-08-30 06:09:22,722 [trainer.py] => ================================================================================
2026-08-30 06:09:22,722 [trainer.py] => Dataset Information
2026-08-30 06:09:22,722 [trainer.py] => ================================================================================
2026-08-30 06:09:22,722 [trainer.py] =>   Dataset name     : domainnet
2026-08-30 06:09:22,722 [trainer.py] =>   Data path        : data/domainnet
2026-08-30 06:09:22,722 [trainer.py] =>   Total classes    : 345
2026-08-30 06:09:22,722 [trainer.py] =>   Total tasks      : 5
2026-08-30 06:09:22,722 [trainer.py] =>   Task increments  : [69, 69, 69, 69, 69]
2026-08-30 06:09:22,722 [trainer.py] =>   Init classes     : 69
2026-08-30 06:09:22,722 [trainer.py] =>   Increment per task: 69
2026-08-30 06:09:22,722 [trainer.py] =>   Shuffle          : False
2026-08-30 06:09:22,722 [trainer.py] =>   Seed             : 1993
2026-08-30 06:09:22,722 [trainer.py] => --------------------------------------------------------------------------------
2026-08-30 06:09:22,722 [trainer.py] => Task split:
2026-08-30 06:09:22,787 [trainer.py] =>   Task 0: classes 0-68 (69 classes) | Train: 67628 images (265 batches), Test: 17009 images (67 batches)
2026-08-30 06:09:22,848 [trainer.py] =>   Task 1: classes 69-137 (69 classes) | Train: 65335 images (256 batches), Test: 16374 images (64 batches)
2026-08-30 06:09:22,909 [trainer.py] =>   Task 2: classes 138-206 (69 classes) | Train: 70512 images (276 batches), Test: 17747 images (70 batches)
2026-08-30 06:09:22,968 [trainer.py] =>   Task 3: classes 207-275 (69 classes) | Train: 68362 images (268 batches), Test: 16831 images (66 batches)
2026-08-30 06:09:23,027 [trainer.py] =>   Task 4: classes 276-344 (69 classes) | Train: 66967 images (262 batches), Test: 16741 images (66 batches)
2026-08-30 06:09:23,028 [trainer.py] => ================================================================================
2026-08-30 06:09:23,028 [trainer.py] => ================================================================================
2026-08-30 06:09:23,075 [base.py] => Task 0 learning on class 0-69
Parameters to be updated:
[Trainable] image_encoder.blocks.0.attn.lora_new_A_k.weight              (30, 768) | 23040
[Trainable] image_encoder.blocks.0.attn.lora_new_B_k.weight              (768, 30) | 23040
[Trainable] image_encoder.blocks.0.attn.lora_new_A_v.weight              (30, 768) | 23040
[Trainable] image_encoder.blocks.0.attn.lora_new_B_v.weight              (768, 30) | 23040
[Trainable] image_encoder.blocks.0.attn.Lora_shared_A_k.weight           (30, 768) | 23040
[Trainable] image_encoder.blocks.0.attn.Lora_shared_B_k.weight           (768, 30) | 23040
[Trainable] image_encoder.blocks.0.attn.Lora_shared_A_v.weight           (30, 768) | 23040
[Trainable] image_encoder.blocks.0.attn.Lora_shared_B_v.weight           (768, 30) | 23040
[Trainable] image_encoder.blocks.1.attn.lora_new_A_k.weight              (30, 768) | 23040
[Trainable] image_encoder.blocks.1.attn.lora_new_B_k.weight              (768, 30) | 23040
[Trainable] image_encoder.blocks.1.attn.lora_new_A_v.weight              (30, 768) | 23040
[Trainable] image_encoder.blocks.1.attn.lora_new_B_v.weight              (768, 30) | 23040
[Trainable] image_encoder.blocks.1.attn.Lora_shared_A_k.weight           (30, 768) | 23040
[Trainable] image_encoder.blocks.1.attn.Lora_shared_B_k.weight           (768, 30) | 23040
[Trainable] image_encoder.blocks.1.attn.Lora_shared_A_v.weight           (30, 768) | 23040
[Trainable] image_encoder.blocks.1.attn.Lora_shared_B_v.weight           (768, 30) | 23040
[Trainable] image_encoder.blocks.2.attn.lora_new_A_k.weight              (30, 768) | 23040
[Trainable] image_encoder.blocks.2.attn.lora_new_B_k.weight              (768, 30) | 23040
[Trainable] image_encoder.blocks.2.attn.lora_new_A_v.weight              (30, 768) | 23040
[Trainable] image_encoder.blocks.2.attn.lora_new_B_v.weight              (768, 30) | 23040
[Trainable] image_encoder.blocks.2.attn.Lora_shared_A_k.weight           (30, 768) | 23040
[Trainable] image_encoder.blocks.2.attn.Lora_shared_B_k.weight           (768, 30) | 23040
[Trainable] image_encoder.blocks.2.attn.Lora_shared_A_v.weight           (30, 768) | 23040
[Trainable] image_encoder.blocks.2.attn.Lora_shared_B_v.weight           (768, 30) | 23040
[Trainable] image_encoder.blocks.3.attn.lora_new_A_k.weight              (30, 768) | 23040
[Trainable] image_encoder.blocks.3.attn.lora_new_B_k.weight              (768, 30) | 23040
[Trainable] image_encoder.blocks.3.attn.lora_new_A_v.weight              (30, 768) | 23040
[Trainable] image_encoder.blocks.3.attn.lora_new_B_v.weight              (768, 30) | 23040
[Trainable] image_encoder.blocks.3.attn.Lora_shared_A_k.weight           (30, 768) | 23040
[Trainable] image_encoder.blocks.3.attn.Lora_shared_B_k.weight           (768, 30) | 23040
[Trainable] image_encoder.blocks.3.attn.Lora_shared_A_v.weight           (30, 768) | 23040
[Trainable] image_encoder.blocks.3.attn.Lora_shared_B_v.weight           (768, 30) | 23040
[Trainable] image_encoder.blocks.4.attn.lora_new_A_k.weight              (30, 768) | 23040
[Trainable] image_encoder.blocks.4.attn.lora_new_B_k.weight              (768, 30) | 23040
[Trainable] image_encoder.blocks.4.attn.lora_new_A_v.weight              (30, 768) | 23040
[Trainable] image_encoder.blocks.4.attn.lora_new_B_v.weight              (768, 30) | 23040
[Trainable] image_encoder.blocks.4.attn.Lora_shared_A_k.weight           (30, 768) | 23040
[Trainable] image_encoder.blocks.4.attn.Lora_shared_B_k.weight           (768, 30) | 23040
[Trainable] image_encoder.blocks.4.attn.Lora_shared_A_v.weight           (30, 768) | 23040
[Trainable] image_encoder.blocks.4.attn.Lora_shared_B_v.weight           (768, 30) | 23040
[Trainable] image_encoder.blocks.5.attn.lora_new_A_k.weight              (30, 768) | 23040
[Trainable] image_encoder.blocks.5.attn.lora_new_B_k.weight              (768, 30) | 23040
[Trainable] image_encoder.blocks.5.attn.lora_new_A_v.weight              (30, 768) | 23040
[Trainable] image_encoder.blocks.5.attn.lora_new_B_v.weight              (768, 30) | 23040
[Trainable] image_encoder.blocks.5.attn.Lora_shared_A_k.weight           (30, 768) | 23040
[Trainable] image_encoder.blocks.5.attn.Lora_shared_B_k.weight           (768, 30) | 23040
[Trainable] image_encoder.blocks.5.attn.Lora_shared_A_v.weight           (30, 768) | 23040
[Trainable] image_encoder.blocks.5.attn.Lora_shared_B_v.weight           (768, 30) | 23040
[Trainable] image_encoder.blocks.6.attn.lora_new_A_k.weight              (30, 768) | 23040
[Trainable] image_encoder.blocks.6.attn.lora_new_B_k.weight              (768, 30) | 23040
[Trainable] image_encoder.blocks.6.attn.lora_new_A_v.weight              (30, 768) | 23040
[Trainable] image_encoder.blocks.6.attn.lora_new_B_v.weight              (768, 30) | 23040
[Trainable] image_encoder.blocks.6.attn.Lora_shared_A_k.weight           (30, 768) | 23040
[Trainable] image_encoder.blocks.6.attn.Lora_shared_B_k.weight           (768, 30) | 23040
[Trainable] image_encoder.blocks.6.attn.Lora_shared_A_v.weight           (30, 768) | 23040
[Trainable] image_encoder.blocks.6.attn.Lora_shared_B_v.weight           (768, 30) | 23040
[Trainable] image_encoder.blocks.7.attn.lora_new_A_k.weight              (30, 768) | 23040
[Trainable] image_encoder.blocks.7.attn.lora_new_B_k.weight              (768, 30) | 23040
[Trainable] image_encoder.blocks.7.attn.lora_new_A_v.weight              (30, 768) | 23040
[Trainable] image_encoder.blocks.7.attn.lora_new_B_v.weight              (768, 30) | 23040
[Trainable] image_encoder.blocks.7.attn.Lora_shared_A_k.weight           (30, 768) | 23040
[Trainable] image_encoder.blocks.7.attn.Lora_shared_B_k.weight           (768, 30) | 23040
[Trainable] image_encoder.blocks.7.attn.Lora_shared_A_v.weight           (30, 768) | 23040
[Trainable] image_encoder.blocks.7.attn.Lora_shared_B_v.weight           (768, 30) | 23040
[Trainable] image_encoder.blocks.8.attn.lora_new_A_k.weight              (30, 768) | 23040
[Trainable] image_encoder.blocks.8.attn.lora_new_B_k.weight              (768, 30) | 23040
[Trainable] image_encoder.blocks.8.attn.lora_new_A_v.weight              (30, 768) | 23040
[Trainable] image_encoder.blocks.8.attn.lora_new_B_v.weight              (768, 30) | 23040
[Trainable] image_encoder.blocks.8.attn.Lora_shared_A_k.weight           (30, 768) | 23040
[Trainable] image_encoder.blocks.8.attn.Lora_shared_B_k.weight           (768, 30) | 23040
[Trainable] image_encoder.blocks.8.attn.Lora_shared_A_v.weight           (30, 768) | 23040
[Trainable] image_encoder.blocks.8.attn.Lora_shared_B_v.weight           (768, 30) | 23040
[Trainable] image_encoder.blocks.9.attn.lora_new_A_k.weight              (30, 768) | 23040
[Trainable] image_encoder.blocks.9.attn.lora_new_B_k.weight              (768, 30) | 23040
[Trainable] image_encoder.blocks.9.attn.lora_new_A_v.weight              (30, 768) | 23040
[Trainable] image_encoder.blocks.9.attn.lora_new_B_v.weight              (768, 30) | 23040
[Trainable] image_encoder.blocks.9.attn.Lora_shared_A_k.weight           (30, 768) | 23040
[Trainable] image_encoder.blocks.9.attn.Lora_shared_B_k.weight           (768, 30) | 23040
[Trainable] image_encoder.blocks.9.attn.Lora_shared_A_v.weight           (30, 768) | 23040
[Trainable] image_encoder.blocks.9.attn.Lora_shared_B_v.weight           (768, 30) | 23040
[Trainable] image_encoder.blocks.10.attn.lora_new_A_k.weight             (30, 768) | 23040
[Trainable] image_encoder.blocks.10.attn.lora_new_B_k.weight             (768, 30) | 23040
[Trainable] image_encoder.blocks.10.attn.lora_new_A_v.weight             (30, 768) | 23040
[Trainable] image_encoder.blocks.10.attn.lora_new_B_v.weight             (768, 30) | 23040
[Trainable] image_encoder.blocks.10.attn.Lora_shared_A_k.weight          (30, 768) | 23040
[Trainable] image_encoder.blocks.10.attn.Lora_shared_B_k.weight          (768, 30) | 23040
[Trainable] image_encoder.blocks.10.attn.Lora_shared_A_v.weight          (30, 768) | 23040
[Trainable] image_encoder.blocks.10.attn.Lora_shared_B_v.weight          (768, 30) | 23040
[Trainable] image_encoder.blocks.11.attn.lora_new_A_k.weight             (30, 768) | 23040
[Trainable] image_encoder.blocks.11.attn.lora_new_B_k.weight             (768, 30) | 23040
[Trainable] image_encoder.blocks.11.attn.lora_new_A_v.weight             (30, 768) | 23040
[Trainable] image_encoder.blocks.11.attn.lora_new_B_v.weight             (768, 30) | 23040
[Trainable] image_encoder.blocks.11.attn.Lora_shared_A_k.weight          (30, 768) | 23040
[Trainable] image_encoder.blocks.11.attn.Lora_shared_B_k.weight          (768, 30) | 23040
[Trainable] image_encoder.blocks.11.attn.Lora_shared_A_v.weight          (30, 768) | 23040
[Trainable] image_encoder.blocks.11.attn.Lora_shared_B_v.weight          (768, 30) | 23040
[Trainable] classifier_pool.0.weight                                     (69, 768) | 52992
[Trainable] classifier_pool.0.bias                                       (69,) | 69
2026-08-30 06:09:23,653 [toolkit.py] => Total params:     106,178,988
2026-08-30 06:09:23,653 [toolkit.py] => Trainable params: 2,264,901
2026-08-30 06:09:23,653 [toolkit.py] => Trainable ratio:  2.1331%
✅ Requires_grad parameters and optimizer parameters are consistent.
  0%|          | 0/5 [00:00<?, ?it/s]Task 0, Epoch 1/5 => Loss 0.913, Train_accy 78.35:   0%|          | 0/5 [17:56<?, ?it/s]Task 0, Epoch 1/5 => Loss 0.913, Train_accy 78.35:  20%|██        | 1/5 [17:56<1:11:45, 1076.41s/it]