2026-05-11 17:40:52,270 [toolkit.py] => config: configs/sdlora/cifar100_seed=42.json
2026-05-11 17:40:52,270 [toolkit.py] => device: [device(type='cuda', index=3)]
2026-05-11 17:40:52,270 [toolkit.py] => debug: False
2026-05-11 17:40:52,270 [toolkit.py] => save_ckp: False
2026-05-11 17:40:52,270 [toolkit.py] => moe_list: None
2026-05-11 17:40:52,270 [toolkit.py] => seed: 42
2026-05-11 17:40:52,270 [toolkit.py] => dataset: cifar100
2026-05-11 17:40:52,270 [toolkit.py] => data_path: data/cifar100
2026-05-11 17:40:52,270 [toolkit.py] => load: vit_base_patch16_224_in21k
2026-05-11 17:40:52,270 [toolkit.py] => init_cls: 10
2026-05-11 17:40:52,271 [toolkit.py] => increment: 10
2026-05-11 17:40:52,271 [toolkit.py] => sessions: 10
2026-05-11 17:40:52,271 [toolkit.py] => shuffle: False
2026-05-11 17:40:52,271 [toolkit.py] => method: sdlora
2026-05-11 17:40:52,271 [toolkit.py] => optimizer: adam
2026-05-11 17:40:52,271 [toolkit.py] => scheduler: cosine
2026-05-11 17:40:52,271 [toolkit.py] => epochs: 20
2026-05-11 17:40:52,271 [toolkit.py] => lrate: 0.008
2026-05-11 17:40:52,271 [toolkit.py] => fc_lrate: 0.008
2026-05-11 17:40:52,271 [toolkit.py] => weight_decay: 0.0
2026-05-11 17:40:52,271 [toolkit.py] => batch_size: 128
2026-05-11 17:40:52,271 [toolkit.py] => rank: 10
2026-05-11 17:40:52,271 [toolkit.py] => num_workers: 16
2026-05-11 17:40:52,271 [toolkit.py] => lrate_head: 0.008
2026-05-11 17:40:52,271 [toolkit.py] => logdir: logs/sdlora/cifar100/t10
2026-05-11 17:40:52,271 [toolkit.py] => logfilename: logs/sdlora/cifar100/t10/seed42
2026-05-11 17:40:54,041 [data_manager.py] => Class index order: 0, 1, 2, 3, 4, ..., 95, 96, 97, 98, 99
2026-05-11 17:41:00,041 [trainer.py] => ================================================================================
2026-05-11 17:41:00,060 [base.py] => Task 0 learning on class 0-10
Parameters to be updated:
[Trainable] image_encoder.scaling_factor.0.param                         (1,) | 1
[Trainable] image_encoder.scaling_factor_prev.0.param                    (1,) | 1
[Trainable] image_encoder.scaling_factor_prev.1.param                    (1,) | 1
[Trainable] image_encoder.scaling_factor_prev.2.param                    (1,) | 1
[Trainable] image_encoder.scaling_factor_prev.3.param                    (1,) | 1
[Trainable] image_encoder.scaling_factor_prev.4.param                    (1,) | 1
[Trainable] image_encoder.scaling_factor_prev.5.param                    (1,) | 1
[Trainable] image_encoder.scaling_factor_prev.6.param                    (1,) | 1
[Trainable] image_encoder.scaling_factor_prev.7.param                    (1,) | 1
[Trainable] image_encoder.scaling_factor_prev.8.param                    (1,) | 1
[Trainable] image_encoder.scaling_factor_prev.9.param                    (1,) | 1
[Trainable] image_encoder.scaling_factor_prev.10.param                   (1,) | 1
[Trainable] image_encoder.scaling_factor_prev.11.param                   (1,) | 1
[Trainable] image_encoder.scaling_factor_prev.12.param                   (1,) | 1
[Trainable] image_encoder.scaling_factor_prev.13.param                   (1,) | 1
[Trainable] image_encoder.scaling_factor_prev.14.param                   (1,) | 1
[Trainable] image_encoder.scaling_factor_prev.15.param                   (1,) | 1
[Trainable] image_encoder.scaling_factor_prev.16.param                   (1,) | 1
[Trainable] image_encoder.scaling_factor_prev.17.param                   (1,) | 1
[Trainable] image_encoder.scaling_factor_prev.18.param                   (1,) | 1
[Trainable] image_encoder.scaling_factor_prev.19.param                   (1,) | 1
[Trainable] image_encoder.blocks.0.attn.lora_A_k.0.weight                (10, 768) | 7680
[Trainable] image_encoder.blocks.0.attn.lora_B_k.0.weight                (768, 10) | 7680
[Trainable] image_encoder.blocks.0.attn.lora_A_v.0.weight                (10, 768) | 7680
[Trainable] image_encoder.blocks.0.attn.lora_B_v.0.weight                (768, 10) | 7680
[Trainable] image_encoder.blocks.1.attn.lora_A_k.0.weight                (10, 768) | 7680
[Trainable] image_encoder.blocks.1.attn.lora_B_k.0.weight                (768, 10) | 7680
[Trainable] image_encoder.blocks.1.attn.lora_A_v.0.weight                (10, 768) | 7680
[Trainable] image_encoder.blocks.1.attn.lora_B_v.0.weight                (768, 10) | 7680
[Trainable] image_encoder.blocks.2.attn.lora_A_k.0.weight                (10, 768) | 7680
[Trainable] image_encoder.blocks.2.attn.lora_B_k.0.weight                (768, 10) | 7680
[Trainable] image_encoder.blocks.2.attn.lora_A_v.0.weight                (10, 768) | 7680
[Trainable] image_encoder.blocks.2.attn.lora_B_v.0.weight                (768, 10) | 7680
[Trainable] image_encoder.blocks.3.attn.lora_A_k.0.weight                (10, 768) | 7680
[Trainable] image_encoder.blocks.3.attn.lora_B_k.0.weight                (768, 10) | 7680
[Trainable] image_encoder.blocks.3.attn.lora_A_v.0.weight                (10, 768) | 7680
[Trainable] image_encoder.blocks.3.attn.lora_B_v.0.weight                (768, 10) | 7680
[Trainable] image_encoder.blocks.4.attn.lora_A_k.0.weight                (10, 768) | 7680
[Trainable] image_encoder.blocks.4.attn.lora_B_k.0.weight                (768, 10) | 7680
[Trainable] image_encoder.blocks.4.attn.lora_A_v.0.weight                (10, 768) | 7680
[Trainable] image_encoder.blocks.4.attn.lora_B_v.0.weight                (768, 10) | 7680
[Trainable] image_encoder.blocks.5.attn.lora_A_k.0.weight                (10, 768) | 7680
[Trainable] image_encoder.blocks.5.attn.lora_B_k.0.weight                (768, 10) | 7680
[Trainable] image_encoder.blocks.5.attn.lora_A_v.0.weight                (10, 768) | 7680
[Trainable] image_encoder.blocks.5.attn.lora_B_v.0.weight                (768, 10) | 7680
[Trainable] image_encoder.blocks.6.attn.lora_A_k.0.weight                (10, 768) | 7680
[Trainable] image_encoder.blocks.6.attn.lora_B_k.0.weight                (768, 10) | 7680
[Trainable] image_encoder.blocks.6.attn.lora_A_v.0.weight                (10, 768) | 7680
[Trainable] image_encoder.blocks.6.attn.lora_B_v.0.weight                (768, 10) | 7680
[Trainable] image_encoder.blocks.7.attn.lora_A_k.0.weight                (10, 768) | 7680
[Trainable] image_encoder.blocks.7.attn.lora_B_k.0.weight                (768, 10) | 7680
[Trainable] image_encoder.blocks.7.attn.lora_A_v.0.weight                (10, 768) | 7680
[Trainable] image_encoder.blocks.7.attn.lora_B_v.0.weight                (768, 10) | 7680
[Trainable] image_encoder.blocks.8.attn.lora_A_k.0.weight                (10, 768) | 7680
[Trainable] image_encoder.blocks.8.attn.lora_B_k.0.weight                (768, 10) | 7680
[Trainable] image_encoder.blocks.8.attn.lora_A_v.0.weight                (10, 768) | 7680
[Trainable] image_encoder.blocks.8.attn.lora_B_v.0.weight                (768, 10) | 7680
[Trainable] image_encoder.blocks.9.attn.lora_A_k.0.weight                (10, 768) | 7680
[Trainable] image_encoder.blocks.9.attn.lora_B_k.0.weight                (768, 10) | 7680
[Trainable] image_encoder.blocks.9.attn.lora_A_v.0.weight                (10, 768) | 7680
[Trainable] image_encoder.blocks.9.attn.lora_B_v.0.weight                (768, 10) | 7680
[Trainable] image_encoder.blocks.10.attn.lora_A_k.0.weight               (10, 768) | 7680
[Trainable] image_encoder.blocks.10.attn.lora_B_k.0.weight               (768, 10) | 7680
[Trainable] image_encoder.blocks.10.attn.lora_A_v.0.weight               (10, 768) | 7680
[Trainable] image_encoder.blocks.10.attn.lora_B_v.0.weight               (768, 10) | 7680
[Trainable] image_encoder.blocks.11.attn.lora_A_k.0.weight               (10, 768) | 7680
[Trainable] image_encoder.blocks.11.attn.lora_B_k.0.weight               (768, 10) | 7680
[Trainable] image_encoder.blocks.11.attn.lora_A_v.0.weight               (10, 768) | 7680
[Trainable] image_encoder.blocks.11.attn.lora_B_v.0.weight               (768, 10) | 7680
[Trainable] classifier_pool.0.weight                                     (10, 768) | 7680
[Trainable] classifier_pool.0.bias                                       (10,) | 10
2026-05-11 17:41:01,131 [toolkit.py] => Total params:     106,359,244
2026-05-11 17:41:01,131 [toolkit.py] => Trainable params: 376,351
2026-05-11 17:41:01,131 [toolkit.py] => Trainable ratio:  0.3538%
✅ Requires_grad parameters and optimizer parameters are consistent.
  0%|          | 0/20 [00:00<?, ?it/s]  0%|          | 0/20 [00:01<?, ?it/s]
Traceback (most recent call last):
  File "/home/zll2025/low-rank-cl-main/main.py", line 57, in <module>
    main()
  File "/home/zll2025/low-rank-cl-main/main.py", line 30, in main
    start(args)
  File "/home/zll2025/low-rank-cl-main/trainer.py", line 15, in start
    train(data_manager, model, args)
  File "/home/zll2025/low-rank-cl-main/trainer.py", line 48, in train
    model.incremental_train(data_manager)
  File "/home/zll2025/low-rank-cl-main/methods/base.py", line 199, in incremental_train
    self._train(self.train_loader)
  File "/home/zll2025/low-rank-cl-main/methods/sdlora.py", line 41, in _train
    self._train_function(train_loader, optimizer, scheduler)
  File "/home/zll2025/low-rank-cl-main/methods/sdlora.py", line 61, in _train_function
    logits = self.network(inputs)['logits']
  File "/home/zll2025/anaconda3/envs/low-rank-cl/lib/python3.9/site-packages/torch/nn/modules/module.py", line 1751, in _wrapped_call_impl
    return self._call_impl(*args, **kwargs)
  File "/home/zll2025/anaconda3/envs/low-rank-cl/lib/python3.9/site-packages/torch/nn/modules/module.py", line 1762, in _call_impl
    return forward_call(*args, **kwargs)
  File "/home/zll2025/low-rank-cl-main/models/net_sdlora.py", line 103, in forward
    image_features = self.image_encoder(image, task_id=self._cur_task)
  File "/home/zll2025/anaconda3/envs/low-rank-cl/lib/python3.9/site-packages/torch/nn/modules/module.py", line 1751, in _wrapped_call_impl
    return self._call_impl(*args, **kwargs)
  File "/home/zll2025/anaconda3/envs/low-rank-cl/lib/python3.9/site-packages/torch/nn/modules/module.py", line 1762, in _call_impl
    return forward_call(*args, **kwargs)
  File "/home/zll2025/low-rank-cl-main/models/net_sdlora.py", line 50, in forward
    x = blk(x, task_id, register_blk==i)
  File "/home/zll2025/anaconda3/envs/low-rank-cl/lib/python3.9/site-packages/torch/nn/modules/module.py", line 1751, in _wrapped_call_impl
    return self._call_impl(*args, **kwargs)
  File "/home/zll2025/anaconda3/envs/low-rank-cl/lib/python3.9/site-packages/torch/nn/modules/module.py", line 1762, in _call_impl
    return forward_call(*args, **kwargs)
  File "/home/zll2025/low-rank-cl-main/models/vit_sdlora.py", line 302, in forward
    x = x + self.drop_path1(self.ls1(self.attn(self.norm1(x), task_id, register_hook=register_hook)))
  File "/home/zll2025/anaconda3/envs/low-rank-cl/lib/python3.9/site-packages/torch/nn/modules/module.py", line 1751, in _wrapped_call_impl
    return self._call_impl(*args, **kwargs)
  File "/home/zll2025/anaconda3/envs/low-rank-cl/lib/python3.9/site-packages/torch/nn/modules/module.py", line 1762, in _call_impl
    return forward_call(*args, **kwargs)
  File "/home/zll2025/low-rank-cl-main/models/vit_sdlora.py", line 247, in forward
    print("self.scaling_factor[0]",self.scaling_factor[0].item())
  File "/home/zll2025/anaconda3/envs/low-rank-cl/lib/python3.9/site-packages/torch/nn/modules/module.py", line 1940, in __getattr__
    raise AttributeError(
AttributeError: 'ParameterWrapper' object has no attribute 'item'
