2026-07-02 03:58:03,747 [toolkit.py] => config: /home/zll2025/low-rank-cl-main/configs/splitlora/cifar100_seed=2026.json
2026-07-02 03:58:03,747 [toolkit.py] => device: [device(type='cuda', index=2)]
2026-07-02 03:58:03,747 [toolkit.py] => debug: False
2026-07-02 03:58:03,747 [toolkit.py] => save_ckp: False
2026-07-02 03:58:03,747 [toolkit.py] => moe_list: None
2026-07-02 03:58:03,747 [toolkit.py] => seed: 2026
2026-07-02 03:58:03,747 [toolkit.py] => dataset: cifar100
2026-07-02 03:58:03,747 [toolkit.py] => data_path: data/cifar100
2026-07-02 03:58:03,747 [toolkit.py] => load: vit_base_patch16_224_in21k
2026-07-02 03:58:03,747 [toolkit.py] => init_cls: 10
2026-07-02 03:58:03,747 [toolkit.py] => increment: 10
2026-07-02 03:58:03,747 [toolkit.py] => sessions: 10
2026-07-02 03:58:03,748 [toolkit.py] => shuffle: False
2026-07-02 03:58:03,748 [toolkit.py] => method: splitlora
2026-07-02 03:58:03,748 [toolkit.py] => optimizer: adamw
2026-07-02 03:58:03,748 [toolkit.py] => scheduler: steplr
2026-07-02 03:58:03,748 [toolkit.py] => epochs: 10
2026-07-02 03:58:03,748 [toolkit.py] => lrate: 0.001
2026-07-02 03:58:03,748 [toolkit.py] => weight_decay: 0.0
2026-07-02 03:58:03,748 [toolkit.py] => batch_size: 256
2026-07-02 03:58:03,748 [toolkit.py] => rank: 10
2026-07-02 03:58:03,748 [toolkit.py] => num_workers: 16
2026-07-02 03:58:03,748 [toolkit.py] => lamb: 0.95
2026-07-02 03:58:03,748 [toolkit.py] => lame: 1.0
2026-07-02 03:58:03,748 [toolkit.py] => in_dim: 768
2026-07-02 03:58:03,748 [toolkit.py] => alpha: 20
2026-07-02 03:58:03,748 [toolkit.py] => logdir: logs/splitlora/cifar100/t10
2026-07-02 03:58:03,748 [toolkit.py] => logfilename: logs/splitlora/cifar100/t10/seed2026
2026-07-02 03:58:05,447 [data_manager.py] => Class index order: 0, 1, 2, 3, 4, ..., 95, 96, 97, 98, 99
Traceback (most recent call last):
  File "/home/zll2025/low-rank-cl-main/main.py", line 57, in <module>
    main()
  File "/home/zll2025/low-rank-cl-main/main.py", line 30, in main
    start(args)
  File "/home/zll2025/low-rank-cl-main/trainer.py", line 14, in start
    data_manager, model = initialize(args)
  File "/home/zll2025/low-rank-cl-main/trainer.py", line 32, in initialize
    model = get_model(args['method'], args)
  File "/home/zll2025/low-rank-cl-main/utils/factory.py", line 23, in get_model
    return SplitLoRA(args)
  File "/home/zll2025/low-rank-cl-main/methods/splitlora.py", line 23, in __init__
    super().__init__(args)
  File "/home/zll2025/low-rank-cl-main/methods/base.py", line 45, in __init__
    self.lrate_head = args['lrate_head']
KeyError: 'lrate_head'
