2026-06-29 11:01:10,942 [toolkit.py] => config: configs/splitlora_improvedv6/cifar100_seed=1993.json
2026-06-29 11:01:10,942 [toolkit.py] => device: [device(type='cuda', index=3)]
2026-06-29 11:01:10,942 [toolkit.py] => debug: False
2026-06-29 11:01:10,942 [toolkit.py] => save_ckp: False
2026-06-29 11:01:10,942 [toolkit.py] => moe_list: None
2026-06-29 11:01:10,943 [toolkit.py] => seed: 1993
2026-06-29 11:01:10,943 [toolkit.py] => dataset: cifar100
2026-06-29 11:01:10,943 [toolkit.py] => data_path: data/cifar100
2026-06-29 11:01:10,943 [toolkit.py] => load: vit_base_patch16_224_in21k
2026-06-29 11:01:10,943 [toolkit.py] => init_cls: 10
2026-06-29 11:01:10,943 [toolkit.py] => increment: 10
2026-06-29 11:01:10,943 [toolkit.py] => sessions: 10
2026-06-29 11:01:10,943 [toolkit.py] => shuffle: False
2026-06-29 11:01:10,943 [toolkit.py] => method: splitlorav6
2026-06-29 11:01:10,943 [toolkit.py] => optimizer: adamw
2026-06-29 11:01:10,943 [toolkit.py] => scheduler: steplr
2026-06-29 11:01:10,943 [toolkit.py] => epochs: 10
2026-06-29 11:01:10,943 [toolkit.py] => lrate: 0.001
2026-06-29 11:01:10,943 [toolkit.py] => lrate_head: 0.01
2026-06-29 11:01:10,943 [toolkit.py] => weight_decay: 5e-05
2026-06-29 11:01:10,943 [toolkit.py] => batch_size: 256
2026-06-29 11:01:10,943 [toolkit.py] => rank: 10
2026-06-29 11:01:10,943 [toolkit.py] => num_workers: 16
2026-06-29 11:01:10,943 [toolkit.py] => lamb: 0.95
2026-06-29 11:01:10,943 [toolkit.py] => lame: 1.0
2026-06-29 11:01:10,943 [toolkit.py] => in_dim: 768
2026-06-29 11:01:10,943 [toolkit.py] => alpha: 20
2026-06-29 11:01:10,943 [toolkit.py] => logdir: logs/splitlorav6/cifar100/t10
2026-06-29 11:01:10,943 [toolkit.py] => logfilename: logs/splitlorav6/cifar100/t10/seed1993
2026-06-29 11:01:12,712 [data_manager.py] => Class index order: 0, 1, 2, 3, 4, ..., 95, 96, 97, 98, 99
2026-06-29 11:01:15,072 [trainer.py] => ================================================================================
2026-06-29 11:01:15,092 [base.py] => Task 0 learning on class 0-10
Parameters to be updated:
[Trainable] image_encoder.blocks.0.attn.lora_B_k.0.weight                (768, 10) | 7680
[Trainable] image_encoder.blocks.0.attn.lora_B_v.0.weight                (768, 10) | 7680
[Trainable] image_encoder.blocks.1.attn.lora_B_k.0.weight                (768, 10) | 7680
[Trainable] image_encoder.blocks.1.attn.lora_B_v.0.weight                (768, 10) | 7680
[Trainable] image_encoder.blocks.2.attn.lora_B_k.0.weight                (768, 10) | 7680
[Trainable] image_encoder.blocks.2.attn.lora_B_v.0.weight                (768, 10) | 7680
[Trainable] image_encoder.blocks.3.attn.lora_B_k.0.weight                (768, 10) | 7680
[Trainable] image_encoder.blocks.3.attn.lora_B_v.0.weight                (768, 10) | 7680
[Trainable] image_encoder.blocks.4.attn.lora_B_k.0.weight                (768, 10) | 7680
[Trainable] image_encoder.blocks.4.attn.lora_B_v.0.weight                (768, 10) | 7680
[Trainable] image_encoder.blocks.5.attn.lora_B_k.0.weight                (768, 10) | 7680
[Trainable] image_encoder.blocks.5.attn.lora_B_v.0.weight                (768, 10) | 7680
[Trainable] image_encoder.blocks.6.attn.lora_B_k.0.weight                (768, 10) | 7680
[Trainable] image_encoder.blocks.6.attn.lora_B_v.0.weight                (768, 10) | 7680
[Trainable] image_encoder.blocks.7.attn.lora_B_k.0.weight                (768, 10) | 7680
[Trainable] image_encoder.blocks.7.attn.lora_B_v.0.weight                (768, 10) | 7680
[Trainable] image_encoder.blocks.8.attn.lora_B_k.0.weight                (768, 10) | 7680
[Trainable] image_encoder.blocks.8.attn.lora_B_v.0.weight                (768, 10) | 7680
[Trainable] image_encoder.blocks.9.attn.lora_B_k.0.weight                (768, 10) | 7680
[Trainable] image_encoder.blocks.9.attn.lora_B_v.0.weight                (768, 10) | 7680
[Trainable] image_encoder.blocks.10.attn.lora_B_k.0.weight               (768, 10) | 7680
[Trainable] image_encoder.blocks.10.attn.lora_B_v.0.weight               (768, 10) | 7680
[Trainable] image_encoder.blocks.11.attn.lora_B_k.0.weight               (768, 10) | 7680
[Trainable] image_encoder.blocks.11.attn.lora_B_v.0.weight               (768, 10) | 7680
[Trainable] classifier_pool.0.weight                                     (10, 768) | 7680
[Trainable] classifier_pool.0.bias                                       (10,) | 10
2026-06-29 11:01:15,558 [toolkit.py] => Total params:     106,359,223
2026-06-29 11:01:15,559 [toolkit.py] => Trainable params: 192,010
2026-06-29 11:01:15,559 [toolkit.py] => Trainable ratio:  0.1805%
Using Original LoRA Initialization for Task 0
Last 2 trainable parameters:
  classifier_pool.0.weight: shape=torch.Size([10, 768])
  classifier_pool.0.bias: shape=torch.Size([10])

First 6 trainable parameters:
  image_encoder.blocks.0.attn.lora_B_k.0.weight: shape=torch.Size([768, 10])
  image_encoder.blocks.0.attn.lora_B_v.0.weight: shape=torch.Size([768, 10])
  image_encoder.blocks.1.attn.lora_B_k.0.weight: shape=torch.Size([768, 10])
  image_encoder.blocks.1.attn.lora_B_v.0.weight: shape=torch.Size([768, 10])
  image_encoder.blocks.2.attn.lora_B_k.0.weight: shape=torch.Size([768, 10])
  image_encoder.blocks.2.attn.lora_B_v.0.weight: shape=torch.Size([768, 10])
✅ Requires_grad parameters and optimizer parameters are consistent.
  0%|          | 0/10 [00:00<?, ?it/s]