nohup: ignoring input
2026-07-17 14:00:06,844 [toolkit.py] => config: /home/zll2025/low-rank-cl-main/configs/splitlora/domain_seed=1993.json
2026-07-17 14:00:06,844 [toolkit.py] => device: [device(type='cuda', index=4)]
2026-07-17 14:00:06,844 [toolkit.py] => debug: False
2026-07-17 14:00:06,844 [toolkit.py] => save_ckp: False
2026-07-17 14:00:06,844 [toolkit.py] => moe_list: None
2026-07-17 14:00:06,844 [toolkit.py] => seed: 1993
2026-07-17 14:00:06,844 [toolkit.py] => dataset: domainnet
2026-07-17 14:00:06,844 [toolkit.py] => data_path: data/domainnet
2026-07-17 14:00:06,844 [toolkit.py] => load: vit_base_patch16_224_in21k
2026-07-17 14:00:06,844 [toolkit.py] => init_cls: 69
2026-07-17 14:00:06,844 [toolkit.py] => increment: 69
2026-07-17 14:00:06,844 [toolkit.py] => sessions: 5
2026-07-17 14:00:06,844 [toolkit.py] => shuffle: False
2026-07-17 14:00:06,845 [toolkit.py] => method: splitlora
2026-07-17 14:00:06,845 [toolkit.py] => optimizer: adamw
2026-07-17 14:00:06,845 [toolkit.py] => scheduler: steplr
2026-07-17 14:00:06,845 [toolkit.py] => epochs: 10
2026-07-17 14:00:06,845 [toolkit.py] => lrate: 0.001
2026-07-17 14:00:06,845 [toolkit.py] => lrate_head: 0.01
2026-07-17 14:00:06,845 [toolkit.py] => weight_decay: 5e-05
2026-07-17 14:00:06,845 [toolkit.py] => batch_size: 256
2026-07-17 14:00:06,845 [toolkit.py] => rank: 30
2026-07-17 14:00:06,845 [toolkit.py] => num_workers: 16
2026-07-17 14:00:06,845 [toolkit.py] => lamb: 0.95
2026-07-17 14:00:06,845 [toolkit.py] => lame: 1.0
2026-07-17 14:00:06,845 [toolkit.py] => in_dim: 768
2026-07-17 14:00:06,845 [toolkit.py] => alpha: 20
2026-07-17 14:00:06,845 [toolkit.py] => logdir: logs/splitlora/domainnet/t5
2026-07-17 14:00:06,845 [toolkit.py] => logfilename: logs/splitlora/domainnet/t5/seed1993
2026-07-17 14:00:07,056 [data_manager.py] => Class index order: 0, 1, 2, 3, 4, ..., 340, 341, 342, 343, 344
2026-07-17 14:00:11,452 [trainer.py] => ================================================================================
2026-07-17 14:00:11,526 [base.py] => Task 0 learning on class 0-69
Parameters to be updated:
[Trainable] image_encoder.blocks.0.attn.lora_B_k.0.weight                (768, 30) | 23040
[Trainable] image_encoder.blocks.0.attn.lora_B_v.0.weight                (768, 30) | 23040
[Trainable] image_encoder.blocks.1.attn.lora_B_k.0.weight                (768, 30) | 23040
[Trainable] image_encoder.blocks.1.attn.lora_B_v.0.weight                (768, 30) | 23040
[Trainable] image_encoder.blocks.2.attn.lora_B_k.0.weight                (768, 30) | 23040
[Trainable] image_encoder.blocks.2.attn.lora_B_v.0.weight                (768, 30) | 23040
[Trainable] image_encoder.blocks.3.attn.lora_B_k.0.weight                (768, 30) | 23040
[Trainable] image_encoder.blocks.3.attn.lora_B_v.0.weight                (768, 30) | 23040
[Trainable] image_encoder.blocks.4.attn.lora_B_k.0.weight                (768, 30) | 23040
[Trainable] image_encoder.blocks.4.attn.lora_B_v.0.weight                (768, 30) | 23040
[Trainable] image_encoder.blocks.5.attn.lora_B_k.0.weight                (768, 30) | 23040
[Trainable] image_encoder.blocks.5.attn.lora_B_v.0.weight                (768, 30) | 23040
[Trainable] image_encoder.blocks.6.attn.lora_B_k.0.weight                (768, 30) | 23040
[Trainable] image_encoder.blocks.6.attn.lora_B_v.0.weight                (768, 30) | 23040
[Trainable] image_encoder.blocks.7.attn.lora_B_k.0.weight                (768, 30) | 23040
[Trainable] image_encoder.blocks.7.attn.lora_B_v.0.weight                (768, 30) | 23040
[Trainable] image_encoder.blocks.8.attn.lora_B_k.0.weight                (768, 30) | 23040
[Trainable] image_encoder.blocks.8.attn.lora_B_v.0.weight                (768, 30) | 23040
[Trainable] image_encoder.blocks.9.attn.lora_B_k.0.weight                (768, 30) | 23040
[Trainable] image_encoder.blocks.9.attn.lora_B_v.0.weight                (768, 30) | 23040
[Trainable] image_encoder.blocks.10.attn.lora_B_k.0.weight               (768, 30) | 23040
[Trainable] image_encoder.blocks.10.attn.lora_B_v.0.weight               (768, 30) | 23040
[Trainable] image_encoder.blocks.11.attn.lora_B_k.0.weight               (768, 30) | 23040
[Trainable] image_encoder.blocks.11.attn.lora_B_v.0.weight               (768, 30) | 23040
[Trainable] classifier_pool.0.weight                                     (69, 768) | 52992
[Trainable] classifier_pool.0.bias                                       (69,) | 69
2026-07-17 14:00:12,034 [toolkit.py] => Total params:     108,390,828
2026-07-17 14:00:12,034 [toolkit.py] => Trainable params: 606,021
2026-07-17 14:00:12,034 [toolkit.py] => Trainable ratio:  0.5591%
Using Original LoRA Initialization for Task 0
✅ Requires_grad parameters and optimizer parameters are consistent.
  0%|          | 0/10 [00:00<?, ?it/s]Task 0, Epoch 1/10 => Loss 0.964, Train_accy 77.55:   0%|          | 0/10 [07:29<?, ?it/s]Task 0, Epoch 1/10 => Loss 0.964, Train_accy 77.55:  10%|█         | 1/10 [07:29<1:07:29, 449.92s/it]Task 0, Epoch 2/10 => Loss 0.750, Train_accy 81.50:  10%|█         | 1/10 [15:00<1:07:29, 449.92s/it]Task 0, Epoch 2/10 => Loss 0.750, Train_accy 81.50:  20%|██        | 2/10 [15:00<1:00:00, 450.02s/it]Task 0, Epoch 3/10 => Loss 0.696, Train_accy 82.64:  20%|██        | 2/10 [22:30<1:00:00, 450.02s/it]Task 0, Epoch 3/10 => Loss 0.696, Train_accy 82.64:  30%|███       | 3/10 [22:30<52:31, 450.15s/it]  Task 0, Epoch 4/10 => Loss 0.664, Train_accy 83.34:  30%|███       | 3/10 [30:00<52:31, 450.15s/it]Task 0, Epoch 4/10 => Loss 0.664, Train_accy 83.34:  40%|████      | 4/10 [30:00<45:00, 450.09s/it]Task 0, Epoch 5/10 => Loss 0.630, Train_accy 83.99:  40%|████      | 4/10 [37:30<45:00, 450.09s/it]Task 0, Epoch 5/10 => Loss 0.630, Train_accy 83.99:  50%|█████     | 5/10 [37:30<37:29, 449.99s/it]Task 0, Epoch 6/10 => Loss 0.546, Train_accy 86.04:  50%|█████     | 5/10 [45:00<37:29, 449.99s/it]Task 0, Epoch 6/10 => Loss 0.546, Train_accy 86.04:  60%|██████    | 6/10 [45:00<30:00, 450.05s/it]Task 0, Epoch 7/10 => Loss 0.523, Train_accy 86.45:  60%|██████    | 6/10 [52:30<30:00, 450.05s/it]Task 0, Epoch 7/10 => Loss 0.523, Train_accy 86.45:  70%|███████   | 7/10 [52:30<22:30, 450.13s/it]Task 0, Epoch 8/10 => Loss 0.508, Train_accy 86.72:  70%|███████   | 7/10 [1:00:00<22:30, 450.13s/it]Task 0, Epoch 8/10 => Loss 0.508, Train_accy 86.72:  80%|████████  | 8/10 [1:00:00<15:00, 450.15s/it]Task 0, Epoch 9/10 => Loss 0.496, Train_accy 87.12:  80%|████████  | 8/10 [1:07:31<15:00, 450.15s/it]Task 0, Epoch 9/10 => Loss 0.496, Train_accy 87.12:  90%|█████████ | 9/10 [1:07:31<07:30, 450.28s/it]