2026-07-03 21:30:57,179 [toolkit.py] => config: /home/zll2025/low-rank-cl-main/configs/splitlorav6/imagenet-a_seed=2026.json
2026-07-03 21:30:57,179 [toolkit.py] => device: [device(type='cuda', index=3)]
2026-07-03 21:30:57,179 [toolkit.py] => debug: False
2026-07-03 21:30:57,179 [toolkit.py] => save_ckp: False
2026-07-03 21:30:57,180 [toolkit.py] => moe_list: None
2026-07-03 21:30:57,180 [toolkit.py] => seed: 2026
2026-07-03 21:30:57,180 [toolkit.py] => dataset: imagenet-a
2026-07-03 21:30:57,180 [toolkit.py] => data_path: data/imagenet-a
2026-07-03 21:30:57,180 [toolkit.py] => load: vit_base_patch16_224_in21k
2026-07-03 21:30:57,180 [toolkit.py] => init_cls: 20
2026-07-03 21:30:57,180 [toolkit.py] => increment: 20
2026-07-03 21:30:57,180 [toolkit.py] => sessions: 10
2026-07-03 21:30:57,180 [toolkit.py] => shuffle: False
2026-07-03 21:30:57,180 [toolkit.py] => method: splitlorav6
2026-07-03 21:30:57,180 [toolkit.py] => optimizer: adamw
2026-07-03 21:30:57,180 [toolkit.py] => scheduler: steplr
2026-07-03 21:30:57,180 [toolkit.py] => epochs: 10
2026-07-03 21:30:57,180 [toolkit.py] => lrate: 0.001
2026-07-03 21:30:57,180 [toolkit.py] => lrate_head: 0.01
2026-07-03 21:30:57,180 [toolkit.py] => weight_decay: 5e-05
2026-07-03 21:30:57,180 [toolkit.py] => batch_size: 256
2026-07-03 21:30:57,180 [toolkit.py] => rank: 10
2026-07-03 21:30:57,180 [toolkit.py] => num_workers: 16
2026-07-03 21:30:57,180 [toolkit.py] => lamb: 0.95
2026-07-03 21:30:57,180 [toolkit.py] => lame: 1.0
2026-07-03 21:30:57,180 [toolkit.py] => in_dim: 768
2026-07-03 21:30:57,180 [toolkit.py] => alpha: 20
2026-07-03 21:30:57,180 [toolkit.py] => logdir: logs/splitlorav6/imagenet-a/t10
2026-07-03 21:30:57,180 [toolkit.py] => logfilename: logs/splitlorav6/imagenet-a/t10/seed2026
2026-07-03 21:30:57,206 [data_manager.py] => Class index order: 0, 1, 2, 3, 4, ..., 195, 196, 197, 198, 199
2026-07-03 21:31:00,449 [trainer.py] => ================================================================================
2026-07-03 21:31:00,451 [base.py] => Task 0 learning on class 0-20
2026-07-03 21:31:00,915 [toolkit.py] => Total params:     106,804,763
2026-07-03 21:31:00,916 [toolkit.py] => Trainable params: 568,340
2026-07-03 21:31:00,916 [toolkit.py] => Trainable ratio:  0.5321%
2026-07-03 21:32:57,471 [splitlorav6.py] => Task 0, Epoch 10/10 => Loss 0.244, Train_accy 93.54
2026-07-03 21:33:05,551 [trainer.py] => Training time: 0h 2m 5s
2026-07-03 21:33:08,932 [trainer.py] => Evaluation time: 0h 0m 3s
2026-07-03 21:33:08,932 [trainer.py] => Accuracy: {'total': 85.3, '00-19': 85.3, 'old': 0, 'new': 85.3}
2026-07-03 21:33:08,932 [trainer.py] => (curve) top1 Acc: [85.3]
2026-07-03 21:33:08,933 [trainer.py] => Avergae Acc: 85.30
2026-07-03 21:33:08,933 [trainer.py] => (curve) top1 Acc with task: [85.3]
2026-07-03 21:33:08,933 [trainer.py] => Avergae Acc: 85.30
2026-07-03 21:33:08,933 [trainer.py] => (curve) top1 Acc task: [100.0]
2026-07-03 21:33:08,933 [trainer.py] => Avergae Acc: 100.00
2026-07-03 21:33:08,933 [trainer.py] => ================================================================================
2026-07-03 21:33:08,933 [trainer.py] => ================================================================================
2026-07-03 21:33:08,934 [base.py] => Task 1 learning on class 20-40
2026-07-03 21:33:08,946 [toolkit.py] => Total params:     106,804,763
2026-07-03 21:33:08,947 [toolkit.py] => Trainable params: 199,700
2026-07-03 21:33:08,947 [toolkit.py] => Trainable ratio:  0.1870%
2026-07-03 21:34:43,980 [splitlorav6.py] => Task 1, Epoch 10/10 => Loss 0.180, Train_accy 94.90
2026-07-03 21:34:50,779 [trainer.py] => Training time: 0h 1m 41s
2026-07-03 21:34:55,203 [trainer.py] => Evaluation time: 0h 0m 4s
2026-07-03 21:34:55,203 [trainer.py] => Accuracy: {'total': 76.95, '00-19': 73.48, '20-39': 81.27, 'old': 73.48, 'new': 81.27}
2026-07-03 21:34:55,203 [trainer.py] => (curve) top1 Acc: [85.3, 76.95]
2026-07-03 21:34:55,203 [trainer.py] => Avergae Acc: 81.12
2026-07-03 21:34:55,203 [trainer.py] => (curve) top1 Acc with task: [85.3, 86.17]
2026-07-03 21:34:55,203 [trainer.py] => Avergae Acc: 85.73
2026-07-03 21:34:55,203 [trainer.py] => (curve) top1 Acc task: [100.0, 85.99]
2026-07-03 21:34:55,203 [trainer.py] => Avergae Acc: 93.00
2026-07-03 21:34:55,203 [trainer.py] => ================================================================================
2026-07-03 21:34:55,203 [trainer.py] => ================================================================================
2026-07-03 21:34:55,204 [base.py] => Task 2 learning on class 40-60
2026-07-03 21:34:55,215 [toolkit.py] => Total params:     106,804,763
2026-07-03 21:34:55,215 [toolkit.py] => Trainable params: 199,700
2026-07-03 21:34:55,215 [toolkit.py] => Trainable ratio:  0.1870%
2026-07-03 21:36:31,716 [splitlorav6.py] => Task 2, Epoch 10/10 => Loss 0.270, Train_accy 91.50
2026-07-03 21:36:38,331 [trainer.py] => Training time: 0h 1m 43s
2026-07-03 21:36:43,634 [trainer.py] => Evaluation time: 0h 0m 5s
2026-07-03 21:36:43,634 [trainer.py] => Accuracy: {'total': 72.76, '00-19': 71.25, '20-39': 80.08, '40-59': 67.33, 'old': 75.18, 'new': 67.33}
2026-07-03 21:36:43,634 [trainer.py] => (curve) top1 Acc: [85.3, 76.95, 72.76]
2026-07-03 21:36:43,634 [trainer.py] => Avergae Acc: 78.34
2026-07-03 21:36:43,634 [trainer.py] => (curve) top1 Acc with task: [85.3, 86.17, 82.45]
2026-07-03 21:36:43,634 [trainer.py] => Avergae Acc: 84.64
2026-07-03 21:36:43,634 [trainer.py] => (curve) top1 Acc task: [100.0, 85.99, 83.07]
2026-07-03 21:36:43,634 [trainer.py] => Avergae Acc: 89.69
2026-07-03 21:36:43,634 [trainer.py] => ================================================================================
2026-07-03 21:36:43,634 [trainer.py] => ================================================================================
2026-07-03 21:36:43,635 [base.py] => Task 3 learning on class 60-80
2026-07-03 21:36:43,646 [toolkit.py] => Total params:     106,804,763
2026-07-03 21:36:43,646 [toolkit.py] => Trainable params: 199,700
2026-07-03 21:36:43,646 [toolkit.py] => Trainable ratio:  0.1870%
2026-07-03 21:37:49,453 [splitlorav6.py] => Task 3, Epoch 10/10 => Loss 0.284, Train_accy 92.79
2026-07-03 21:37:55,283 [trainer.py] => Training time: 0h 1m 11s
2026-07-03 21:38:01,207 [trainer.py] => Evaluation time: 0h 0m 5s
2026-07-03 21:38:01,207 [trainer.py] => Accuracy: {'total': 70.5, '00-19': 67.73, '20-39': 78.88, '40-59': 64.54, '60-79': 72.19, 'old': 70.18, 'new': 72.19}
2026-07-03 21:38:01,207 [trainer.py] => (curve) top1 Acc: [85.3, 76.95, 72.76, 70.5]
2026-07-03 21:38:01,208 [trainer.py] => Avergae Acc: 76.38
2026-07-03 21:38:01,208 [trainer.py] => (curve) top1 Acc with task: [85.3, 86.17, 82.45, 82.92]
2026-07-03 21:38:01,208 [trainer.py] => Avergae Acc: 84.21
2026-07-03 21:38:01,208 [trainer.py] => (curve) top1 Acc task: [100.0, 85.99, 83.07, 78.78]
2026-07-03 21:38:01,208 [trainer.py] => Avergae Acc: 86.96
2026-07-03 21:38:01,208 [trainer.py] => ================================================================================
2026-07-03 21:38:01,208 [trainer.py] => ================================================================================
2026-07-03 21:38:01,209 [base.py] => Task 4 learning on class 80-100
2026-07-03 21:38:01,221 [toolkit.py] => Total params:     106,804,763
2026-07-03 21:38:01,221 [toolkit.py] => Trainable params: 199,700
2026-07-03 21:38:01,221 [toolkit.py] => Trainable ratio:  0.1870%
2026-07-03 21:38:52,522 [splitlorav6.py] => Task 4, Epoch 10/10 => Loss 0.166, Train_accy 94.37
2026-07-03 21:38:56,925 [trainer.py] => Training time: 0h 0m 55s
2026-07-03 21:39:03,383 [trainer.py] => Evaluation time: 0h 0m 6s
2026-07-03 21:39:03,383 [trainer.py] => Accuracy: {'total': 67.88, '00-19': 66.77, '20-39': 78.09, '40-59': 64.54, '60-79': 72.19, '80-99': 48.04, 'old': 69.98, 'new': 48.04}
2026-07-03 21:39:03,383 [trainer.py] => (curve) top1 Acc: [85.3, 76.95, 72.76, 70.5, 67.88]
2026-07-03 21:39:03,383 [trainer.py] => Avergae Acc: 74.68
2026-07-03 21:39:03,383 [trainer.py] => (curve) top1 Acc with task: [85.3, 86.17, 82.45, 82.92, 81.27]
2026-07-03 21:39:03,383 [trainer.py] => Avergae Acc: 83.62
2026-07-03 21:39:03,383 [trainer.py] => (curve) top1 Acc task: [100.0, 85.99, 83.07, 78.78, 76.4]
2026-07-03 21:39:03,383 [trainer.py] => Avergae Acc: 84.85
2026-07-03 21:39:03,383 [trainer.py] => ================================================================================
2026-07-03 21:39:03,383 [trainer.py] => ================================================================================
2026-07-03 21:39:03,384 [base.py] => Task 5 learning on class 100-120
2026-07-03 21:39:03,395 [toolkit.py] => Total params:     106,804,763
2026-07-03 21:39:03,395 [toolkit.py] => Trainable params: 199,700
2026-07-03 21:39:03,395 [toolkit.py] => Trainable ratio:  0.1870%
2026-07-03 21:39:42,718 [splitlorav6.py] => Task 5, Epoch 10/10 => Loss 0.287, Train_accy 88.97
2026-07-03 21:39:47,415 [trainer.py] => Training time: 0h 0m 44s
2026-07-03 21:39:53,843 [trainer.py] => Evaluation time: 0h 0m 6s
2026-07-03 21:39:53,844 [trainer.py] => Accuracy: {'total': 64.79, '00-19': 66.45, '20-39': 78.49, '40-59': 64.94, '60-79': 70.86, '80-99': 48.04, '100-119': 17.65, 'old': 67.79, 'new': 17.65}
2026-07-03 21:39:53,844 [trainer.py] => (curve) top1 Acc: [85.3, 76.95, 72.76, 70.5, 67.88, 64.79]
2026-07-03 21:39:53,844 [trainer.py] => Avergae Acc: 73.03
2026-07-03 21:39:53,844 [trainer.py] => (curve) top1 Acc with task: [85.3, 86.17, 82.45, 82.92, 81.27, 78.96]
2026-07-03 21:39:53,844 [trainer.py] => Avergae Acc: 82.84
2026-07-03 21:39:53,844 [trainer.py] => (curve) top1 Acc task: [100.0, 85.99, 83.07, 78.78, 76.4, 73.42]
2026-07-03 21:39:53,844 [trainer.py] => Avergae Acc: 82.94
2026-07-03 21:39:53,844 [trainer.py] => ================================================================================
2026-07-03 21:39:53,844 [trainer.py] => ================================================================================
2026-07-03 21:39:53,845 [base.py] => Task 6 learning on class 120-140
2026-07-03 21:39:53,859 [toolkit.py] => Total params:     106,804,763
2026-07-03 21:39:53,859 [toolkit.py] => Trainable params: 199,700
2026-07-03 21:39:53,859 [toolkit.py] => Trainable ratio:  0.1870%
2026-07-03 21:40:38,966 [splitlorav6.py] => Task 6, Epoch 10/10 => Loss 0.107, Train_accy 97.15
2026-07-03 21:40:43,651 [trainer.py] => Training time: 0h 0m 49s
2026-07-03 21:40:50,767 [trainer.py] => Evaluation time: 0h 0m 7s
2026-07-03 21:40:50,767 [trainer.py] => Accuracy: {'total': 62.29, '00-19': 66.77, '20-39': 78.09, '40-59': 64.54, '60-79': 70.86, '80-99': 43.14, '100-119': 17.65, '120-139': 37.08, 'old': 64.26, 'new': 37.08}
2026-07-03 21:40:50,767 [trainer.py] => (curve) top1 Acc: [85.3, 76.95, 72.76, 70.5, 67.88, 64.79, 62.29]
2026-07-03 21:40:50,767 [trainer.py] => Avergae Acc: 71.50
2026-07-03 21:40:50,767 [trainer.py] => (curve) top1 Acc with task: [85.3, 86.17, 82.45, 82.92, 81.27, 78.96, 77.63]
2026-07-03 21:40:50,767 [trainer.py] => Avergae Acc: 82.10
2026-07-03 21:40:50,767 [trainer.py] => (curve) top1 Acc task: [100.0, 85.99, 83.07, 78.78, 76.4, 73.42, 70.69]
2026-07-03 21:40:50,767 [trainer.py] => Avergae Acc: 81.19
2026-07-03 21:40:50,768 [trainer.py] => ================================================================================
2026-07-03 21:40:50,768 [trainer.py] => ================================================================================
2026-07-03 21:40:50,768 [base.py] => Task 7 learning on class 140-160
2026-07-03 21:40:50,780 [toolkit.py] => Total params:     106,804,763
2026-07-03 21:40:50,780 [toolkit.py] => Trainable params: 199,700
2026-07-03 21:40:50,780 [toolkit.py] => Trainable ratio:  0.1870%
2026-07-03 21:41:34,314 [splitlorav6.py] => Task 7, Epoch 10/10 => Loss 0.107, Train_accy 96.57
2026-07-03 21:41:54,746 [trainer.py] => Training time: 0h 1m 3s
2026-07-03 21:42:01,882 [trainer.py] => Evaluation time: 0h 0m 7s
2026-07-03 21:42:01,882 [trainer.py] => Accuracy: {'total': 60.26, '00-19': 66.45, '20-39': 77.69, '40-59': 64.14, '60-79': 70.2, '80-99': 43.14, '100-119': 17.65, '120-139': 34.83, '140-159': 37.04, 'old': 61.8, 'new': 37.04}
2026-07-03 21:42:01,882 [trainer.py] => (curve) top1 Acc: [85.3, 76.95, 72.76, 70.5, 67.88, 64.79, 62.29, 60.26]
2026-07-03 21:42:01,882 [trainer.py] => Avergae Acc: 70.09
2026-07-03 21:42:01,882 [trainer.py] => (curve) top1 Acc with task: [85.3, 86.17, 82.45, 82.92, 81.27, 78.96, 77.63, 77.26]
2026-07-03 21:42:01,882 [trainer.py] => Avergae Acc: 81.50
2026-07-03 21:42:01,882 [trainer.py] => (curve) top1 Acc task: [100.0, 85.99, 83.07, 78.78, 76.4, 73.42, 70.69, 68.15]
2026-07-03 21:42:01,882 [trainer.py] => Avergae Acc: 79.56
2026-07-03 21:42:01,882 [trainer.py] => ================================================================================
2026-07-03 21:42:01,882 [trainer.py] => ================================================================================
2026-07-03 21:42:01,883 [base.py] => Task 8 learning on class 160-180
2026-07-03 21:42:01,897 [toolkit.py] => Total params:     106,804,763
2026-07-03 21:42:01,897 [toolkit.py] => Trainable params: 199,700
2026-07-03 21:42:01,897 [toolkit.py] => Trainable ratio:  0.1870%
2026-07-03 21:42:50,687 [splitlorav6.py] => Task 8, Epoch 10/10 => Loss 0.134, Train_accy 96.42
2026-07-03 21:42:57,917 [trainer.py] => Training time: 0h 0m 56s
2026-07-03 21:43:05,752 [trainer.py] => Evaluation time: 0h 0m 7s
2026-07-03 21:43:05,752 [trainer.py] => Accuracy: {'total': 57.8, '00-19': 66.45, '20-39': 78.09, '40-59': 64.14, '60-79': 70.2, '80-99': 40.2, '100-119': 16.18, '120-139': 33.71, '140-159': 35.8, '160-179': 29.9, 'old': 59.88, 'new': 29.9}
2026-07-03 21:43:05,752 [trainer.py] => (curve) top1 Acc: [85.3, 76.95, 72.76, 70.5, 67.88, 64.79, 62.29, 60.26, 57.8]
2026-07-03 21:43:05,752 [trainer.py] => Avergae Acc: 68.73
2026-07-03 21:43:05,752 [trainer.py] => (curve) top1 Acc with task: [85.3, 86.17, 82.45, 82.92, 81.27, 78.96, 77.63, 77.26, 76.27]
2026-07-03 21:43:05,752 [trainer.py] => Avergae Acc: 80.91
2026-07-03 21:43:05,753 [trainer.py] => (curve) top1 Acc task: [100.0, 85.99, 83.07, 78.78, 76.4, 73.42, 70.69, 68.15, 64.86]
2026-07-03 21:43:05,753 [trainer.py] => Avergae Acc: 77.93
2026-07-03 21:43:05,753 [trainer.py] => ================================================================================
2026-07-03 21:43:05,753 [trainer.py] => ================================================================================
2026-07-03 21:43:05,754 [base.py] => Task 9 learning on class 180-200
2026-07-03 21:43:05,800 [toolkit.py] => Total params:     106,804,763
2026-07-03 21:43:05,800 [toolkit.py] => Trainable params: 199,700
2026-07-03 21:43:05,800 [toolkit.py] => Trainable ratio:  0.1870%
2026-07-03 21:43:54,731 [splitlorav6.py] => Task 9, Epoch 10/10 => Loss 0.146, Train_accy 97.14
2026-07-03 21:43:59,319 [trainer.py] => Training time: 0h 0m 53s
2026-07-03 21:44:07,382 [trainer.py] => Evaluation time: 0h 0m 8s
2026-07-03 21:44:07,383 [trainer.py] => Accuracy: {'total': 57.27, '00-19': 66.77, '20-39': 76.89, '40-59': 64.14, '60-79': 70.2, '80-99': 40.2, '100-119': 14.71, '120-139': 32.58, '140-159': 35.8, '160-179': 26.8, '180-199': 56.7, 'old': 57.31, 'new': 56.7}
2026-07-03 21:44:07,383 [trainer.py] => (curve) top1 Acc: [85.3, 76.95, 72.76, 70.5, 67.88, 64.79, 62.29, 60.26, 57.8, 57.27]
2026-07-03 21:44:07,383 [trainer.py] => Avergae Acc: 67.58
2026-07-03 21:44:07,383 [trainer.py] => (curve) top1 Acc with task: [85.3, 86.17, 82.45, 82.92, 81.27, 78.96, 77.63, 77.26, 76.27, 75.87]
2026-07-03 21:44:07,383 [trainer.py] => Avergae Acc: 80.41
2026-07-03 21:44:07,383 [trainer.py] => (curve) top1 Acc task: [100.0, 85.99, 83.07, 78.78, 76.4, 73.42, 70.69, 68.15, 64.86, 64.13]
2026-07-03 21:44:07,383 [trainer.py] => Avergae Acc: 76.55
2026-07-03 21:44:07,383 [trainer.py] => ================================================================================
2026-09-08 19:52:00,686 [toolkit.py] => config: configs/splitlorav64_e/imagenet-a_seed=2026.json
2026-09-08 19:52:00,693 [toolkit.py] => device: [device(type='cuda', index=1)]
2026-09-08 19:52:00,693 [toolkit.py] => debug: False
2026-09-08 19:52:00,693 [toolkit.py] => save_ckp: False
2026-09-08 19:52:00,693 [toolkit.py] => moe_list: None
2026-09-08 19:52:00,693 [toolkit.py] => seed: 2026
2026-09-08 19:52:00,693 [toolkit.py] => dataset: imagenet-a
2026-09-08 19:52:00,693 [toolkit.py] => data_path: data/imagenet-a
2026-09-08 19:52:00,693 [toolkit.py] => load: vit_base_patch16_224_in21k
2026-09-08 19:52:00,693 [toolkit.py] => init_cls: 20
2026-09-08 19:52:00,694 [toolkit.py] => increment: 20
2026-09-08 19:52:00,694 [toolkit.py] => sessions: 10
2026-09-08 19:52:00,694 [toolkit.py] => shuffle: False
2026-09-08 19:52:00,694 [toolkit.py] => method: splitlorav6
2026-09-08 19:52:00,694 [toolkit.py] => ema_type: EMA
2026-09-08 19:52:00,694 [toolkit.py] => optimizer: adamw
2026-09-08 19:52:00,694 [toolkit.py] => scheduler: steplr
2026-09-08 19:52:00,694 [toolkit.py] => epochs: 10
2026-09-08 19:52:00,694 [toolkit.py] => lrate: 0.001
2026-09-08 19:52:00,694 [toolkit.py] => lrate_head: 0.01
2026-09-08 19:52:00,694 [toolkit.py] => weight_decay: 5e-05
2026-09-08 19:52:00,694 [toolkit.py] => batch_size: 256
2026-09-08 19:52:00,694 [toolkit.py] => rank: 10
2026-09-08 19:52:00,694 [toolkit.py] => num_workers: 16
2026-09-08 19:52:00,694 [toolkit.py] => lamb: 0.95
2026-09-08 19:52:00,694 [toolkit.py] => lame: 1.0
2026-09-08 19:52:00,694 [toolkit.py] => in_dim: 768
2026-09-08 19:52:00,694 [toolkit.py] => alpha: 20
2026-09-08 19:52:00,694 [toolkit.py] => ema_decay: 0.9
2026-09-08 19:52:00,694 [toolkit.py] => ema_decay2: 0
2026-09-08 19:52:00,694 [toolkit.py] => R: 0.5
2026-09-08 19:52:00,694 [toolkit.py] => logdir: logs/splitlorav6/imagenet-a/t10
2026-09-08 19:52:00,694 [toolkit.py] => logfilename: logs/splitlorav6/imagenet-a/t10/seed2026
2026-09-08 19:52:00,720 [data_manager.py] => Class index order: 0, 1, 2, 3, 4, ..., 195, 196, 197, 198, 199
2026-09-08 19:52:03,033 [trainer.py] => ================================================================================
2026-09-08 19:52:03,033 [trainer.py] => Dataset Information
2026-09-08 19:52:03,034 [trainer.py] => ================================================================================
2026-09-08 19:52:03,034 [trainer.py] =>   Dataset name     : imagenet-a
2026-09-08 19:52:03,034 [trainer.py] =>   Data path        : data/imagenet-a
2026-09-08 19:52:03,034 [trainer.py] =>   Total classes    : 200
2026-09-08 19:52:03,034 [trainer.py] =>   Total tasks      : 10
2026-09-08 19:52:03,034 [trainer.py] =>   Task increments  : [20, 20, 20, 20, 20, 20, 20, 20, 20, 20]
2026-09-08 19:52:03,034 [trainer.py] =>   Init classes     : 20
2026-09-08 19:52:03,034 [trainer.py] =>   Increment per task: 20
2026-09-08 19:52:03,034 [trainer.py] =>   Shuffle          : False
2026-09-08 19:52:03,034 [trainer.py] =>   Seed             : 2026
2026-09-08 19:52:03,034 [trainer.py] => --------------------------------------------------------------------------------
2026-09-08 19:52:03,034 [trainer.py] => Task split:
2026-09-08 19:52:03,035 [trainer.py] =>   Task 0: classes 0-19 (20 classes) | Train: 1253 images (5 batches), Test: 313 images (2 batches)
2026-09-08 19:52:03,036 [trainer.py] =>   Task 1: classes 20-39 (20 classes) | Train: 1000 images (4 batches), Test: 251 images (1 batches)
2026-09-08 19:52:03,036 [trainer.py] =>   Task 2: classes 40-59 (20 classes) | Train: 1000 images (4 batches), Test: 251 images (1 batches)
2026-09-08 19:52:03,037 [trainer.py] =>   Task 3: classes 60-79 (20 classes) | Train: 610 images (3 batches), Test: 151 images (1 batches)
2026-09-08 19:52:03,037 [trainer.py] =>   Task 4: classes 80-99 (20 classes) | Train: 426 images (2 batches), Test: 102 images (1 batches)
2026-09-08 19:52:03,038 [trainer.py] =>   Task 5: classes 100-119 (20 classes) | Train: 263 images (2 batches), Test: 68 images (1 batches)
2026-09-08 19:52:03,038 [trainer.py] =>   Task 6: classes 120-139 (20 classes) | Train: 351 images (2 batches), Test: 89 images (1 batches)
2026-09-08 19:52:03,039 [trainer.py] =>   Task 7: classes 140-159 (20 classes) | Train: 321 images (2 batches), Test: 81 images (1 batches)
2026-09-08 19:52:03,040 [trainer.py] =>   Task 8: classes 160-179 (20 classes) | Train: 391 images (2 batches), Test: 97 images (1 batches)
2026-09-08 19:52:03,040 [trainer.py] =>   Task 9: classes 180-199 (20 classes) | Train: 385 images (2 batches), Test: 97 images (1 batches)
2026-09-08 19:52:03,040 [trainer.py] => ================================================================================
2026-09-08 19:52:03,040 [trainer.py] => ================================================================================
2026-09-08 19:52:03,041 [splitlorav6.py] => Task 0 learning on class 0-20
2026-09-08 19:52:03,923 [toolkit.py] => Total params:     106,804,763
2026-09-08 19:52:03,924 [toolkit.py] => Trainable params: 568,340
2026-09-08 19:52:03,924 [toolkit.py] => Trainable ratio:  0.5321%
2026-09-08 19:54:20,535 [splitlorav6.py] => Task 0, Epoch 10/10 => Loss 0.301, Train_accy 90.74
2026-09-08 19:54:30,366 [trainer.py] => Training time: 0h 2m 27s
2026-09-08 19:54:33,971 [trainer.py] => Evaluation time: 0h 0m 3s
2026-09-08 19:54:33,971 [trainer.py] => Accuracy: {'total': 85.3, '00-19': 85.3, 'old': 0, 'new': 85.3}
2026-09-08 19:54:33,972 [trainer.py] => (curve) top1 Acc: [85.3]
2026-09-08 19:54:33,972 [trainer.py] => Avergae Acc: 85.30
2026-09-08 19:54:33,972 [trainer.py] => (curve) top1 Acc with task: [85.3]
2026-09-08 19:54:33,972 [trainer.py] => Avergae Acc: 85.30
2026-09-08 19:54:33,972 [trainer.py] => (curve) top1 Acc task: [100.0]
2026-09-08 19:54:33,972 [trainer.py] => Avergae Acc: 100.00
2026-09-08 19:54:33,972 [trainer.py] => ================================================================================
2026-09-08 19:54:33,972 [trainer.py] => ================================================================================
2026-09-08 19:54:33,973 [splitlorav6.py] => Task 1 learning on class 20-40
2026-09-08 19:54:33,983 [toolkit.py] => Total params:     106,804,763
2026-09-08 19:54:33,983 [toolkit.py] => Trainable params: 568,340
2026-09-08 19:54:33,983 [toolkit.py] => Trainable ratio:  0.5321%
2026-09-08 19:56:26,663 [splitlorav6.py] => Task 1, Epoch 10/10 => Loss 0.221, Train_accy 93.50
2026-09-08 19:56:34,040 [trainer.py] => Training time: 0h 2m 0s
2026-09-08 19:56:38,741 [trainer.py] => Evaluation time: 0h 0m 4s
2026-09-08 19:56:38,741 [trainer.py] => Accuracy: {'total': 79.43, '00-19': 77.0, '20-39': 82.47, 'old': 77.0, 'new': 82.47}
2026-09-08 19:56:38,741 [trainer.py] => (curve) top1 Acc: [85.3, 79.43]
2026-09-08 19:56:38,741 [trainer.py] => Avergae Acc: 82.37
2026-09-08 19:56:38,741 [trainer.py] => (curve) top1 Acc with task: [85.3, 86.52]
2026-09-08 19:56:38,741 [trainer.py] => Avergae Acc: 85.91
2026-09-08 19:56:38,741 [trainer.py] => (curve) top1 Acc task: [100.0, 88.3]
2026-09-08 19:56:38,741 [trainer.py] => Avergae Acc: 94.15
2026-09-08 19:56:38,741 [trainer.py] => ================================================================================
2026-09-08 19:56:38,741 [trainer.py] => ================================================================================
2026-09-08 19:56:38,742 [splitlorav6.py] => Task 2 learning on class 40-60
2026-09-08 19:56:38,752 [toolkit.py] => Total params:     106,804,763
2026-09-08 19:56:38,753 [toolkit.py] => Trainable params: 568,340
2026-09-08 19:56:38,753 [toolkit.py] => Trainable ratio:  0.5321%
2026-09-08 19:58:33,024 [splitlorav6.py] => Task 2, Epoch 10/10 => Loss 0.361, Train_accy 88.80
2026-09-08 19:58:41,489 [trainer.py] => Training time: 0h 2m 2s
2026-09-08 19:58:47,329 [trainer.py] => Evaluation time: 0h 0m 5s
2026-09-08 19:58:47,329 [trainer.py] => Accuracy: {'total': 75.21, '00-19': 73.8, '20-39': 79.28, '40-59': 72.91, 'old': 76.24, 'new': 72.91}
2026-09-08 19:58:47,329 [trainer.py] => (curve) top1 Acc: [85.3, 79.43, 75.21]
2026-09-08 19:58:47,329 [trainer.py] => Avergae Acc: 79.98
2026-09-08 19:58:47,330 [trainer.py] => (curve) top1 Acc with task: [85.3, 86.52, 84.54]
2026-09-08 19:58:47,330 [trainer.py] => Avergae Acc: 85.45
2026-09-08 19:58:47,330 [trainer.py] => (curve) top1 Acc task: [100.0, 88.3, 84.66]
2026-09-08 19:58:47,330 [trainer.py] => Avergae Acc: 90.99
2026-09-08 19:58:47,330 [trainer.py] => ================================================================================
2026-09-08 19:58:47,330 [trainer.py] => ================================================================================
2026-09-08 19:58:47,330 [splitlorav6.py] => Task 3 learning on class 60-80
2026-09-08 19:58:47,341 [toolkit.py] => Total params:     106,804,763
2026-09-08 19:58:47,341 [toolkit.py] => Trainable params: 568,340
2026-09-08 19:58:47,341 [toolkit.py] => Trainable ratio:  0.5321%
2026-09-08 20:00:03,185 [splitlorav6.py] => Task 3, Epoch 10/10 => Loss 0.300, Train_accy 91.15
2026-09-08 20:00:09,789 [trainer.py] => Training time: 0h 1m 22s
2026-09-08 20:00:16,666 [trainer.py] => Evaluation time: 0h 0m 6s
2026-09-08 20:00:16,666 [trainer.py] => Accuracy: {'total': 74.22, '00-19': 73.48, '20-39': 78.49, '40-59': 69.32, '60-79': 76.82, 'old': 73.74, 'new': 76.82}
2026-09-08 20:00:16,666 [trainer.py] => (curve) top1 Acc: [85.3, 79.43, 75.21, 74.22]
2026-09-08 20:00:16,666 [trainer.py] => Avergae Acc: 78.54
2026-09-08 20:00:16,666 [trainer.py] => (curve) top1 Acc with task: [85.3, 86.52, 84.54, 84.99]
2026-09-08 20:00:16,666 [trainer.py] => Avergae Acc: 85.34
2026-09-08 20:00:16,666 [trainer.py] => (curve) top1 Acc task: [100.0, 88.3, 84.66, 81.68]
2026-09-08 20:00:16,666 [trainer.py] => Avergae Acc: 88.66
2026-09-08 20:00:16,666 [trainer.py] => ================================================================================
2026-09-08 20:00:16,666 [trainer.py] => ================================================================================
2026-09-08 20:00:16,667 [splitlorav6.py] => Task 4 learning on class 80-100
2026-09-08 20:00:16,678 [toolkit.py] => Total params:     106,804,763
2026-09-08 20:00:16,678 [toolkit.py] => Trainable params: 568,340
2026-09-08 20:00:16,678 [toolkit.py] => Trainable ratio:  0.5321%
2026-09-08 20:01:13,151 [splitlorav6.py] => Task 4, Epoch 10/10 => Loss 0.251, Train_accy 92.96
2026-09-08 20:01:18,185 [trainer.py] => Training time: 0h 1m 1s
2026-09-08 20:01:25,128 [trainer.py] => Evaluation time: 0h 0m 6s
2026-09-08 20:01:25,128 [trainer.py] => Accuracy: {'total': 71.44, '00-19': 73.48, '20-39': 78.49, '40-59': 67.33, '60-79': 76.82, '80-99': 50.0, 'old': 73.71, 'new': 50.0}
2026-09-08 20:01:25,128 [trainer.py] => (curve) top1 Acc: [85.3, 79.43, 75.21, 74.22, 71.44]
2026-09-08 20:01:25,128 [trainer.py] => Avergae Acc: 77.12
2026-09-08 20:01:25,128 [trainer.py] => (curve) top1 Acc with task: [85.3, 86.52, 84.54, 84.99, 83.15]
2026-09-08 20:01:25,128 [trainer.py] => Avergae Acc: 84.90
2026-09-08 20:01:25,128 [trainer.py] => (curve) top1 Acc task: [100.0, 88.3, 84.66, 81.68, 79.21]
2026-09-08 20:01:25,129 [trainer.py] => Avergae Acc: 86.77
2026-09-08 20:01:25,129 [trainer.py] => ================================================================================
2026-09-08 20:01:25,129 [trainer.py] => ================================================================================
2026-09-08 20:01:25,129 [splitlorav6.py] => Task 5 learning on class 100-120
2026-09-08 20:01:25,140 [toolkit.py] => Total params:     106,804,763
2026-09-08 20:01:25,140 [toolkit.py] => Trainable params: 568,340
2026-09-08 20:01:25,140 [toolkit.py] => Trainable ratio:  0.5321%
2026-09-08 20:02:06,917 [splitlorav6.py] => Task 5, Epoch 10/10 => Loss 0.185, Train_accy 88.97
2026-09-08 20:02:11,078 [trainer.py] => Training time: 0h 0m 45s
2026-09-08 20:02:18,412 [trainer.py] => Evaluation time: 0h 0m 7s
2026-09-08 20:02:18,412 [trainer.py] => Accuracy: {'total': 66.9, '00-19': 72.52, '20-39': 77.29, '40-59': 65.74, '60-79': 74.83, '80-99': 48.04, '100-119': 17.65, 'old': 70.04, 'new': 17.65}
2026-09-08 20:02:18,412 [trainer.py] => (curve) top1 Acc: [85.3, 79.43, 75.21, 74.22, 71.44, 66.9]
2026-09-08 20:02:18,412 [trainer.py] => Avergae Acc: 75.42
2026-09-08 20:02:18,412 [trainer.py] => (curve) top1 Acc with task: [85.3, 86.52, 84.54, 84.99, 83.15, 81.16]
2026-09-08 20:02:18,412 [trainer.py] => Avergae Acc: 84.28
2026-09-08 20:02:18,412 [trainer.py] => (curve) top1 Acc task: [100.0, 88.3, 84.66, 81.68, 79.21, 74.47]
2026-09-08 20:02:18,412 [trainer.py] => Avergae Acc: 84.72
2026-09-08 20:02:18,412 [trainer.py] => ================================================================================
2026-09-08 20:02:18,412 [trainer.py] => ================================================================================
2026-09-08 20:02:18,413 [splitlorav6.py] => Task 6 learning on class 120-140
2026-09-08 20:02:18,424 [toolkit.py] => Total params:     106,804,763
2026-09-08 20:02:18,424 [toolkit.py] => Trainable params: 568,340
2026-09-08 20:02:18,424 [toolkit.py] => Trainable ratio:  0.5321%
2026-09-08 20:03:08,319 [splitlorav6.py] => Task 6, Epoch 10/10 => Loss 0.182, Train_accy 94.87
2026-09-08 20:03:12,588 [trainer.py] => Training time: 0h 0m 54s
2026-09-08 20:03:20,280 [trainer.py] => Evaluation time: 0h 0m 7s
2026-09-08 20:03:20,280 [trainer.py] => Accuracy: {'total': 64.98, '00-19': 72.2, '20-39': 78.49, '40-59': 66.53, '60-79': 76.82, '80-99': 44.12, '100-119': 14.71, '120-139': 39.33, 'old': 66.99, 'new': 39.33}
2026-09-08 20:03:20,280 [trainer.py] => (curve) top1 Acc: [85.3, 79.43, 75.21, 74.22, 71.44, 66.9, 64.98]
2026-09-08 20:03:20,280 [trainer.py] => Avergae Acc: 73.93
2026-09-08 20:03:20,280 [trainer.py] => (curve) top1 Acc with task: [85.3, 86.52, 84.54, 84.99, 83.15, 81.16, 80.16]
2026-09-08 20:03:20,280 [trainer.py] => Avergae Acc: 83.69
2026-09-08 20:03:20,280 [trainer.py] => (curve) top1 Acc task: [100.0, 88.3, 84.66, 81.68, 79.21, 74.47, 72.33]
2026-09-08 20:03:20,280 [trainer.py] => Avergae Acc: 82.95
2026-09-08 20:03:20,280 [trainer.py] => ================================================================================
2026-09-08 20:03:20,280 [trainer.py] => ================================================================================
2026-09-08 20:03:20,281 [splitlorav6.py] => Task 7 learning on class 140-160
2026-09-08 20:03:20,292 [toolkit.py] => Total params:     106,804,763
2026-09-08 20:03:20,292 [toolkit.py] => Trainable params: 568,340
2026-09-08 20:03:20,292 [toolkit.py] => Trainable ratio:  0.5321%
2026-09-08 20:04:07,590 [splitlorav6.py] => Task 7, Epoch 10/10 => Loss 0.275, Train_accy 95.02
2026-09-08 20:04:12,468 [trainer.py] => Training time: 0h 0m 52s
2026-09-08 20:04:20,519 [trainer.py] => Evaluation time: 0h 0m 8s
2026-09-08 20:04:20,519 [trainer.py] => Accuracy: {'total': 63.17, '00-19': 73.48, '20-39': 78.09, '40-59': 64.94, '60-79': 76.16, '80-99': 44.12, '100-119': 16.18, '120-139': 38.2, '140-159': 38.27, 'old': 64.82, 'new': 38.27}
2026-09-08 20:04:20,519 [trainer.py] => (curve) top1 Acc: [85.3, 79.43, 75.21, 74.22, 71.44, 66.9, 64.98, 63.17]
2026-09-08 20:04:20,520 [trainer.py] => Avergae Acc: 72.58
2026-09-08 20:04:20,520 [trainer.py] => (curve) top1 Acc with task: [85.3, 86.52, 84.54, 84.99, 83.15, 81.16, 80.16, 80.02]
2026-09-08 20:04:20,520 [trainer.py] => Avergae Acc: 83.23
2026-09-08 20:04:20,520 [trainer.py] => (curve) top1 Acc task: [100.0, 88.3, 84.66, 81.68, 79.21, 74.47, 72.33, 69.91]
2026-09-08 20:04:20,520 [trainer.py] => Avergae Acc: 81.32
2026-09-08 20:04:20,520 [trainer.py] => ================================================================================
2026-09-08 20:04:20,520 [trainer.py] => ================================================================================
2026-09-08 20:04:20,520 [splitlorav6.py] => Task 8 learning on class 160-180
2026-09-08 20:04:20,534 [toolkit.py] => Total params:     106,804,763
2026-09-08 20:04:20,534 [toolkit.py] => Trainable params: 568,340
2026-09-08 20:04:20,534 [toolkit.py] => Trainable ratio:  0.5321%
2026-09-08 20:05:14,511 [splitlorav6.py] => Task 8, Epoch 10/10 => Loss 0.149, Train_accy 95.14
2026-09-08 20:05:21,400 [trainer.py] => Training time: 0h 1m 0s
2026-09-08 20:05:30,205 [trainer.py] => Evaluation time: 0h 0m 8s
2026-09-08 20:05:30,206 [trainer.py] => Accuracy: {'total': 60.37, '00-19': 72.52, '20-39': 77.29, '40-59': 63.35, '60-79': 77.48, '80-99': 41.18, '100-119': 13.24, '120-139': 40.45, '140-159': 38.27, '160-179': 32.99, 'old': 62.4, 'new': 32.99}
2026-09-08 20:05:30,206 [trainer.py] => (curve) top1 Acc: [85.3, 79.43, 75.21, 74.22, 71.44, 66.9, 64.98, 63.17, 60.37]
2026-09-08 20:05:30,206 [trainer.py] => Avergae Acc: 71.22
2026-09-08 20:05:30,206 [trainer.py] => (curve) top1 Acc with task: [85.3, 86.52, 84.54, 84.99, 83.15, 81.16, 80.16, 80.02, 78.62]
2026-09-08 20:05:30,206 [trainer.py] => Avergae Acc: 82.72
2026-09-08 20:05:30,206 [trainer.py] => (curve) top1 Acc task: [100.0, 88.3, 84.66, 81.68, 79.21, 74.47, 72.33, 69.91, 66.57]
2026-09-08 20:05:30,206 [trainer.py] => Avergae Acc: 79.68
2026-09-08 20:05:30,206 [trainer.py] => ================================================================================
2026-09-08 20:05:30,206 [trainer.py] => ================================================================================
2026-09-08 20:05:30,207 [splitlorav6.py] => Task 9 learning on class 180-200
2026-09-08 20:05:30,218 [toolkit.py] => Total params:     106,804,763
2026-09-08 20:05:30,218 [toolkit.py] => Trainable params: 568,340
2026-09-08 20:05:30,218 [toolkit.py] => Trainable ratio:  0.5321%
2026-09-08 20:06:25,046 [splitlorav6.py] => Task 9, Epoch 10/10 => Loss 0.151, Train_accy 96.62
2026-09-08 20:06:30,650 [trainer.py] => Training time: 0h 1m 0s
2026-09-08 20:06:39,686 [trainer.py] => Evaluation time: 0h 0m 9s
2026-09-08 20:06:39,687 [trainer.py] => Accuracy: {'total': 60.67, '00-19': 72.2, '20-39': 78.49, '40-59': 64.54, '60-79': 78.81, '80-99': 42.16, '100-119': 14.71, '120-139': 38.2, '140-159': 40.74, '160-179': 31.96, '180-199': 56.7, 'old': 60.94, 'new': 56.7}
2026-09-08 20:06:39,687 [trainer.py] => (curve) top1 Acc: [85.3, 79.43, 75.21, 74.22, 71.44, 66.9, 64.98, 63.17, 60.37, 60.67]
2026-09-08 20:06:39,687 [trainer.py] => Avergae Acc: 70.17
2026-09-08 20:06:39,687 [trainer.py] => (curve) top1 Acc with task: [85.3, 86.52, 84.54, 84.99, 83.15, 81.16, 80.16, 80.02, 78.62, 78.33]
2026-09-08 20:06:39,687 [trainer.py] => Avergae Acc: 82.28
2026-09-08 20:06:39,687 [trainer.py] => (curve) top1 Acc task: [100.0, 88.3, 84.66, 81.68, 79.21, 74.47, 72.33, 69.91, 66.57, 66.4]
2026-09-08 20:06:39,687 [trainer.py] => Avergae Acc: 78.35
2026-09-08 20:06:39,687 [trainer.py] => ================================================================================
2026-09-13 15:23:46,603 [toolkit.py] => config: configs/splitlorav64/imagenet-a_seed=2026_lo=0.00000001_ls_0.00000001_mu=0.00000001.json
2026-09-13 15:23:46,659 [toolkit.py] => device: [device(type='cuda', index=4)]
2026-09-13 15:23:46,659 [toolkit.py] => debug: False
2026-09-13 15:23:46,659 [toolkit.py] => save_ckp: False
2026-09-13 15:23:46,659 [toolkit.py] => moe_list: None
2026-09-13 15:23:46,660 [toolkit.py] => seed: 2026
2026-09-13 15:23:46,660 [toolkit.py] => dataset: imagenet-a
2026-09-13 15:23:46,660 [toolkit.py] => data_path: data/imagenet-a
2026-09-13 15:23:46,660 [toolkit.py] => load: vit_base_patch16_224_in21k
2026-09-13 15:23:46,660 [toolkit.py] => init_cls: 20
2026-09-13 15:23:46,660 [toolkit.py] => increment: 20
2026-09-13 15:23:46,660 [toolkit.py] => sessions: 10
2026-09-13 15:23:46,660 [toolkit.py] => shuffle: False
2026-09-13 15:23:46,660 [toolkit.py] => method: splitlorav6
2026-09-13 15:23:46,660 [toolkit.py] => ema_type: EMA
2026-09-13 15:23:46,660 [toolkit.py] => optimizer: adamw
2026-09-13 15:23:46,660 [toolkit.py] => scheduler: steplr
2026-09-13 15:23:46,660 [toolkit.py] => epochs: 10
2026-09-13 15:23:46,660 [toolkit.py] => lrate: 0.001
2026-09-13 15:23:46,660 [toolkit.py] => lrate_head: 0.01
2026-09-13 15:23:46,660 [toolkit.py] => weight_decay: 5e-05
2026-09-13 15:23:46,660 [toolkit.py] => batch_size: 256
2026-09-13 15:23:46,660 [toolkit.py] => rank: 10
2026-09-13 15:23:46,660 [toolkit.py] => num_workers: 16
2026-09-13 15:23:46,660 [toolkit.py] => lamb: 0.95
2026-09-13 15:23:46,660 [toolkit.py] => lame: 1.0
2026-09-13 15:23:46,660 [toolkit.py] => in_dim: 768
2026-09-13 15:23:46,660 [toolkit.py] => alpha: 20
2026-09-13 15:23:46,660 [toolkit.py] => ema_decay: 0.9
2026-09-13 15:23:46,660 [toolkit.py] => ema_decay2: 0
2026-09-13 15:23:46,661 [toolkit.py] => R: 0.5
2026-09-13 15:23:46,661 [toolkit.py] => lambda_o: 1e-08
2026-09-13 15:23:46,661 [toolkit.py] => lambda_s: 1e-08
2026-09-13 15:23:46,661 [toolkit.py] => mu: 1e-08
2026-09-13 15:23:46,661 [toolkit.py] => ortho_loss_typev2: True
2026-09-13 15:23:46,661 [toolkit.py] => logdir: logs/splitlorav6/imagenet-a/t10
2026-09-13 15:23:46,661 [toolkit.py] => logfilename: logs/splitlorav6/imagenet-a/t10/seed2026
2026-09-13 15:23:46,686 [data_manager.py] => Class index order: 0, 1, 2, 3, 4, ..., 195, 196, 197, 198, 199
2026-09-13 15:23:48,940 [trainer.py] => ================================================================================
2026-09-13 15:23:48,941 [trainer.py] => Dataset Information
2026-09-13 15:23:48,941 [trainer.py] => ================================================================================
2026-09-13 15:23:48,941 [trainer.py] =>   Dataset name     : imagenet-a
2026-09-13 15:23:48,941 [trainer.py] =>   Data path        : data/imagenet-a
2026-09-13 15:23:48,941 [trainer.py] =>   Total classes    : 200
2026-09-13 15:23:48,941 [trainer.py] =>   Total tasks      : 10
2026-09-13 15:23:48,941 [trainer.py] =>   Task increments  : [20, 20, 20, 20, 20, 20, 20, 20, 20, 20]
2026-09-13 15:23:48,941 [trainer.py] =>   Init classes     : 20
2026-09-13 15:23:48,941 [trainer.py] =>   Increment per task: 20
2026-09-13 15:23:48,941 [trainer.py] =>   Shuffle          : False
2026-09-13 15:23:48,941 [trainer.py] =>   Seed             : 2026
2026-09-13 15:23:48,941 [trainer.py] => --------------------------------------------------------------------------------
2026-09-13 15:23:48,941 [trainer.py] => Task split:
2026-09-13 15:23:48,942 [trainer.py] =>   Task 0: classes 0-19 (20 classes) | Train: 1253 images (5 batches), Test: 313 images (2 batches)
2026-09-13 15:23:48,943 [trainer.py] =>   Task 1: classes 20-39 (20 classes) | Train: 1000 images (4 batches), Test: 251 images (1 batches)
2026-09-13 15:23:48,943 [trainer.py] =>   Task 2: classes 40-59 (20 classes) | Train: 1000 images (4 batches), Test: 251 images (1 batches)
2026-09-13 15:23:48,944 [trainer.py] =>   Task 3: classes 60-79 (20 classes) | Train: 610 images (3 batches), Test: 151 images (1 batches)
2026-09-13 15:23:48,944 [trainer.py] =>   Task 4: classes 80-99 (20 classes) | Train: 426 images (2 batches), Test: 102 images (1 batches)
2026-09-13 15:23:48,945 [trainer.py] =>   Task 5: classes 100-119 (20 classes) | Train: 263 images (2 batches), Test: 68 images (1 batches)
2026-09-13 15:23:48,945 [trainer.py] =>   Task 6: classes 120-139 (20 classes) | Train: 351 images (2 batches), Test: 89 images (1 batches)
2026-09-13 15:23:48,946 [trainer.py] =>   Task 7: classes 140-159 (20 classes) | Train: 321 images (2 batches), Test: 81 images (1 batches)
2026-09-13 15:23:48,946 [trainer.py] =>   Task 8: classes 160-179 (20 classes) | Train: 391 images (2 batches), Test: 97 images (1 batches)
2026-09-13 15:23:48,947 [trainer.py] =>   Task 9: classes 180-199 (20 classes) | Train: 385 images (2 batches), Test: 97 images (1 batches)
2026-09-13 15:23:48,947 [trainer.py] => ================================================================================
2026-09-13 15:23:48,947 [trainer.py] => ================================================================================
2026-09-13 15:23:48,948 [splitlorav6.py] => Task 0 learning on class 0-20
2026-09-13 15:23:49,450 [toolkit.py] => Total params:     106,804,763
2026-09-13 15:23:49,450 [toolkit.py] => Trainable params: 568,340
2026-09-13 15:23:49,450 [toolkit.py] => Trainable ratio:  0.5321%
2026-09-13 15:25:41,168 [splitlorav6.py] => Task 0, Epoch 10/10 => Loss 0.301, Train_accy 90.74
2026-09-13 15:25:48,736 [trainer.py] => Training time: 0h 1m 59s
2026-09-13 15:25:52,070 [trainer.py] => Evaluation time: 0h 0m 3s
2026-09-13 15:25:52,070 [trainer.py] => Accuracy: {'total': 85.3, '00-19': 85.3, 'old': 0, 'new': 85.3}
2026-09-13 15:25:52,070 [trainer.py] => (curve) top1 Acc: [85.3]
2026-09-13 15:25:52,070 [trainer.py] => Avergae Acc: 85.30
2026-09-13 15:25:52,070 [trainer.py] => (curve) top1 Acc with task: [85.3]
2026-09-13 15:25:52,070 [trainer.py] => Avergae Acc: 85.30
2026-09-13 15:25:52,070 [trainer.py] => (curve) top1 Acc task: [100.0]
2026-09-13 15:25:52,070 [trainer.py] => Avergae Acc: 100.00
2026-09-13 15:25:52,070 [trainer.py] => ================================================================================
2026-09-13 15:25:52,070 [trainer.py] => ================================================================================
2026-09-13 15:25:52,071 [splitlorav6.py] => Task 1 learning on class 20-40
2026-09-13 15:25:52,081 [toolkit.py] => Total params:     106,804,763
2026-09-13 15:25:52,082 [toolkit.py] => Trainable params: 568,340
2026-09-13 15:25:52,082 [toolkit.py] => Trainable ratio:  0.5321%
2026-09-13 15:27:27,601 [splitlorav6.py] => Task 1, Epoch 10/10 => Loss 0.221, Train_accy 93.50
2026-09-13 15:27:33,988 [trainer.py] => Training time: 0h 1m 41s
2026-09-13 15:27:38,277 [trainer.py] => Evaluation time: 0h 0m 4s
2026-09-13 15:27:38,277 [trainer.py] => Accuracy: {'total': 79.61, '00-19': 77.32, '20-39': 82.47, 'old': 77.32, 'new': 82.47}
2026-09-13 15:27:38,277 [trainer.py] => (curve) top1 Acc: [85.3, 79.61]
2026-09-13 15:27:38,277 [trainer.py] => Avergae Acc: 82.45
2026-09-13 15:27:38,277 [trainer.py] => (curve) top1 Acc with task: [85.3, 86.35]
2026-09-13 15:27:38,278 [trainer.py] => Avergae Acc: 85.82
2026-09-13 15:27:38,278 [trainer.py] => (curve) top1 Acc task: [100.0, 88.48]
2026-09-13 15:27:38,278 [trainer.py] => Avergae Acc: 94.24
2026-09-13 15:27:38,278 [trainer.py] => ================================================================================
2026-09-13 15:27:38,278 [trainer.py] => ================================================================================
2026-09-13 15:27:38,279 [splitlorav6.py] => Task 2 learning on class 40-60
2026-09-13 15:27:38,289 [toolkit.py] => Total params:     106,804,763
2026-09-13 15:27:38,289 [toolkit.py] => Trainable params: 568,340
2026-09-13 15:27:38,289 [toolkit.py] => Trainable ratio:  0.5321%
2026-09-13 15:29:13,763 [splitlorav6.py] => Task 2, Epoch 10/10 => Loss 0.415, Train_accy 86.70
2026-09-13 15:29:20,240 [trainer.py] => Training time: 0h 1m 41s
2026-09-13 15:29:25,441 [trainer.py] => Evaluation time: 0h 0m 5s
2026-09-13 15:29:25,441 [trainer.py] => Accuracy: {'total': 75.46, '00-19': 73.8, '20-39': 79.28, '40-59': 73.71, 'old': 76.24, 'new': 73.71}
2026-09-13 15:29:25,441 [trainer.py] => (curve) top1 Acc: [85.3, 79.61, 75.46]
2026-09-13 15:29:25,441 [trainer.py] => Avergae Acc: 80.12
2026-09-13 15:29:25,441 [trainer.py] => (curve) top1 Acc with task: [85.3, 86.35, 84.79]
2026-09-13 15:29:25,441 [trainer.py] => Avergae Acc: 85.48
2026-09-13 15:29:25,441 [trainer.py] => (curve) top1 Acc task: [100.0, 88.48, 85.03]
2026-09-13 15:29:25,441 [trainer.py] => Avergae Acc: 91.17
2026-09-13 15:29:25,441 [trainer.py] => ================================================================================
2026-09-13 15:29:25,441 [trainer.py] => ================================================================================
2026-09-13 15:29:25,442 [splitlorav6.py] => Task 3 learning on class 60-80
2026-09-13 15:29:25,452 [toolkit.py] => Total params:     106,804,763
2026-09-13 15:29:25,452 [toolkit.py] => Trainable params: 568,340
2026-09-13 15:29:25,452 [toolkit.py] => Trainable ratio:  0.5321%
2026-09-13 15:30:30,995 [splitlorav6.py] => Task 3, Epoch 10/10 => Loss 0.224, Train_accy 93.77
2026-09-13 15:30:36,509 [trainer.py] => Training time: 0h 1m 11s
2026-09-13 15:30:42,313 [trainer.py] => Evaluation time: 0h 0m 5s
2026-09-13 15:30:42,313 [trainer.py] => Accuracy: {'total': 74.22, '00-19': 72.84, '20-39': 78.49, '40-59': 71.71, '60-79': 74.17, 'old': 74.23, 'new': 74.17}
2026-09-13 15:30:42,313 [trainer.py] => (curve) top1 Acc: [85.3, 79.61, 75.46, 74.22]
2026-09-13 15:30:42,314 [trainer.py] => Avergae Acc: 78.65
2026-09-13 15:30:42,314 [trainer.py] => (curve) top1 Acc with task: [85.3, 86.35, 84.79, 85.51]
2026-09-13 15:30:42,314 [trainer.py] => Avergae Acc: 85.49
2026-09-13 15:30:42,314 [trainer.py] => (curve) top1 Acc task: [100.0, 88.48, 85.03, 81.99]
2026-09-13 15:30:42,314 [trainer.py] => Avergae Acc: 88.88
2026-09-13 15:30:42,314 [trainer.py] => ================================================================================
2026-09-13 15:30:42,314 [trainer.py] => ================================================================================
2026-09-13 15:30:42,315 [splitlorav6.py] => Task 4 learning on class 80-100
2026-09-13 15:30:42,325 [toolkit.py] => Total params:     106,804,763
2026-09-13 15:30:42,325 [toolkit.py] => Trainable params: 568,340
2026-09-13 15:30:42,325 [toolkit.py] => Trainable ratio:  0.5321%
2026-09-13 15:31:33,312 [splitlorav6.py] => Task 4, Epoch 10/10 => Loss 0.208, Train_accy 91.78
2026-09-13 15:31:37,563 [trainer.py] => Training time: 0h 0m 55s
2026-09-13 15:31:43,648 [trainer.py] => Evaluation time: 0h 0m 6s
2026-09-13 15:31:43,648 [trainer.py] => Accuracy: {'total': 70.79, '00-19': 70.93, '20-39': 79.68, '40-59': 69.72, '60-79': 72.19, '80-99': 49.02, 'old': 73.08, 'new': 49.02}
2026-09-13 15:31:43,648 [trainer.py] => (curve) top1 Acc: [85.3, 79.61, 75.46, 74.22, 70.79]
2026-09-13 15:31:43,648 [trainer.py] => Avergae Acc: 77.08
2026-09-13 15:31:43,648 [trainer.py] => (curve) top1 Acc with task: [85.3, 86.35, 84.79, 85.51, 83.8]
2026-09-13 15:31:43,648 [trainer.py] => Avergae Acc: 85.15
2026-09-13 15:31:43,648 [trainer.py] => (curve) top1 Acc task: [100.0, 88.48, 85.03, 81.99, 78.46]
2026-09-13 15:31:43,648 [trainer.py] => Avergae Acc: 86.79
2026-09-13 15:31:43,648 [trainer.py] => ================================================================================
2026-09-13 15:31:43,648 [trainer.py] => ================================================================================
2026-09-13 15:31:43,649 [splitlorav6.py] => Task 5 learning on class 100-120
2026-09-13 15:31:43,659 [toolkit.py] => Total params:     106,804,763
2026-09-13 15:31:43,659 [toolkit.py] => Trainable params: 568,340
2026-09-13 15:31:43,659 [toolkit.py] => Trainable ratio:  0.5321%
2026-09-13 15:32:21,837 [splitlorav6.py] => Task 5, Epoch 10/10 => Loss 1.010, Train_accy 90.11
2026-09-13 15:32:25,611 [trainer.py] => Training time: 0h 0m 41s
2026-09-13 15:32:31,864 [trainer.py] => Evaluation time: 0h 0m 6s
2026-09-13 15:32:31,864 [trainer.py] => Accuracy: {'total': 67.52, '00-19': 72.52, '20-39': 78.49, '40-59': 69.72, '60-79': 73.51, '80-99': 45.1, '100-119': 16.18, 'old': 70.79, 'new': 16.18}
2026-09-13 15:32:31,864 [trainer.py] => (curve) top1 Acc: [85.3, 79.61, 75.46, 74.22, 70.79, 67.52]
2026-09-13 15:32:31,864 [trainer.py] => Avergae Acc: 75.48
2026-09-13 15:32:31,864 [trainer.py] => (curve) top1 Acc with task: [85.3, 86.35, 84.79, 85.51, 83.8, 82.04]
2026-09-13 15:32:31,864 [trainer.py] => Avergae Acc: 84.63
2026-09-13 15:32:31,864 [trainer.py] => (curve) top1 Acc task: [100.0, 88.48, 85.03, 81.99, 78.46, 74.65]
2026-09-13 15:32:31,864 [trainer.py] => Avergae Acc: 84.77
2026-09-13 15:32:31,864 [trainer.py] => ================================================================================
2026-09-13 15:32:31,864 [trainer.py] => ================================================================================
2026-09-13 15:32:31,865 [splitlorav6.py] => Task 6 learning on class 120-140
2026-09-13 15:32:31,876 [toolkit.py] => Total params:     106,804,763
2026-09-13 15:32:31,876 [toolkit.py] => Trainable params: 568,340
2026-09-13 15:32:31,876 [toolkit.py] => Trainable ratio:  0.5321%
2026-09-13 15:33:15,800 [splitlorav6.py] => Task 6, Epoch 10/10 => Loss 0.210, Train_accy 94.02
2026-09-13 15:33:19,537 [trainer.py] => Training time: 0h 0m 47s
2026-09-13 15:33:26,109 [trainer.py] => Evaluation time: 0h 0m 6s
2026-09-13 15:33:26,109 [trainer.py] => Accuracy: {'total': 65.55, '00-19': 71.25, '20-39': 79.28, '40-59': 69.72, '60-79': 74.83, '80-99': 42.16, '100-119': 17.65, '120-139': 42.7, 'old': 67.34, 'new': 42.7}
2026-09-13 15:33:26,109 [trainer.py] => (curve) top1 Acc: [85.3, 79.61, 75.46, 74.22, 70.79, 67.52, 65.55]
2026-09-13 15:33:26,109 [trainer.py] => Avergae Acc: 74.06
2026-09-13 15:33:26,109 [trainer.py] => (curve) top1 Acc with task: [85.3, 86.35, 84.79, 85.51, 83.8, 82.04, 80.0]
2026-09-13 15:33:26,109 [trainer.py] => Avergae Acc: 83.97
2026-09-13 15:33:26,109 [trainer.py] => (curve) top1 Acc task: [100.0, 88.48, 85.03, 81.99, 78.46, 74.65, 72.9]
2026-09-13 15:33:26,110 [trainer.py] => Avergae Acc: 83.07
2026-09-13 15:33:26,110 [trainer.py] => ================================================================================
2026-09-13 15:33:26,110 [trainer.py] => ================================================================================
2026-09-13 15:33:26,110 [splitlorav6.py] => Task 7 learning on class 140-160
2026-09-13 15:33:26,121 [toolkit.py] => Total params:     106,804,763
2026-09-13 15:33:26,121 [toolkit.py] => Trainable params: 568,340
2026-09-13 15:33:26,121 [toolkit.py] => Trainable ratio:  0.5321%
2026-09-13 15:34:08,361 [splitlorav6.py] => Task 7, Epoch 10/10 => Loss 0.180, Train_accy 93.77
2026-09-13 15:34:12,037 [trainer.py] => Training time: 0h 0m 45s
2026-09-13 15:34:18,978 [trainer.py] => Evaluation time: 0h 0m 6s
2026-09-13 15:34:18,978 [trainer.py] => Accuracy: {'total': 62.25, '00-19': 71.88, '20-39': 78.49, '40-59': 64.54, '60-79': 72.85, '80-99': 41.18, '100-119': 14.71, '120-139': 42.7, '140-159': 35.8, 'old': 64.0, 'new': 35.8}
2026-09-13 15:34:18,979 [trainer.py] => (curve) top1 Acc: [85.3, 79.61, 75.46, 74.22, 70.79, 67.52, 65.55, 62.25]
2026-09-13 15:34:18,979 [trainer.py] => Avergae Acc: 72.59
2026-09-13 15:34:18,979 [trainer.py] => (curve) top1 Acc with task: [85.3, 86.35, 84.79, 85.51, 83.8, 82.04, 80.0, 79.25]
2026-09-13 15:34:18,979 [trainer.py] => Avergae Acc: 83.38
2026-09-13 15:34:18,979 [trainer.py] => (curve) top1 Acc task: [100.0, 88.48, 85.03, 81.99, 78.46, 74.65, 72.9, 69.14]
2026-09-13 15:34:18,979 [trainer.py] => Avergae Acc: 81.33
2026-09-13 15:34:18,979 [trainer.py] => ================================================================================
2026-09-13 15:34:18,979 [trainer.py] => ================================================================================
2026-09-13 15:34:18,980 [splitlorav6.py] => Task 8 learning on class 160-180
2026-09-13 15:34:18,992 [toolkit.py] => Total params:     106,804,763
2026-09-13 15:34:18,993 [toolkit.py] => Trainable params: 568,340
2026-09-13 15:34:18,993 [toolkit.py] => Trainable ratio:  0.5321%
2026-09-13 15:35:06,524 [splitlorav6.py] => Task 8, Epoch 10/10 => Loss 0.167, Train_accy 94.63
2026-09-13 15:35:11,218 [trainer.py] => Training time: 0h 0m 52s
2026-09-13 15:35:18,836 [trainer.py] => Evaluation time: 0h 0m 7s
2026-09-13 15:35:18,837 [trainer.py] => Accuracy: {'total': 60.51, '00-19': 71.88, '20-39': 79.28, '40-59': 66.14, '60-79': 74.83, '80-99': 38.24, '100-119': 16.18, '120-139': 39.33, '140-159': 30.86, '160-179': 37.11, 'old': 62.25, 'new': 37.11}
2026-09-13 15:35:18,837 [trainer.py] => (curve) top1 Acc: [85.3, 79.61, 75.46, 74.22, 70.79, 67.52, 65.55, 62.25, 60.51]
2026-09-13 15:35:18,837 [trainer.py] => Avergae Acc: 71.25
2026-09-13 15:35:18,837 [trainer.py] => (curve) top1 Acc with task: [85.3, 86.35, 84.79, 85.51, 83.8, 82.04, 80.0, 79.25, 78.62]
2026-09-13 15:35:18,837 [trainer.py] => Avergae Acc: 82.85
2026-09-13 15:35:18,837 [trainer.py] => (curve) top1 Acc task: [100.0, 88.48, 85.03, 81.99, 78.46, 74.65, 72.9, 69.14, 66.86]
2026-09-13 15:35:18,837 [trainer.py] => Avergae Acc: 79.72
2026-09-13 15:35:18,837 [trainer.py] => ================================================================================
2026-09-13 15:35:18,837 [trainer.py] => ================================================================================
2026-09-13 15:35:18,838 [splitlorav6.py] => Task 9 learning on class 180-200
2026-09-13 15:35:18,850 [toolkit.py] => Total params:     106,804,763
2026-09-13 15:35:18,850 [toolkit.py] => Trainable params: 568,340
2026-09-13 15:35:18,850 [toolkit.py] => Trainable ratio:  0.5321%
2026-09-13 15:36:07,782 [splitlorav6.py] => Task 9, Epoch 10/10 => Loss 0.086, Train_accy 96.88
2026-09-13 15:36:11,780 [trainer.py] => Training time: 0h 0m 52s
2026-09-13 15:36:19,334 [trainer.py] => Evaluation time: 0h 0m 7s
2026-09-13 15:36:19,334 [trainer.py] => Accuracy: {'total': 59.47, '00-19': 71.57, '20-39': 79.68, '40-59': 66.14, '60-79': 73.51, '80-99': 37.25, '100-119': 14.71, '120-139': 39.33, '140-159': 29.63, '160-179': 32.99, '180-199': 53.61, 'old': 59.87, 'new': 53.61}
2026-09-13 15:36:19,334 [trainer.py] => (curve) top1 Acc: [85.3, 79.61, 75.46, 74.22, 70.79, 67.52, 65.55, 62.25, 60.51, 59.47]
2026-09-13 15:36:19,334 [trainer.py] => Avergae Acc: 70.07
2026-09-13 15:36:19,334 [trainer.py] => (curve) top1 Acc with task: [85.3, 86.35, 84.79, 85.51, 83.8, 82.04, 80.0, 79.25, 78.62, 77.87]
2026-09-13 15:36:19,334 [trainer.py] => Avergae Acc: 82.35
2026-09-13 15:36:19,334 [trainer.py] => (curve) top1 Acc task: [100.0, 88.48, 85.03, 81.99, 78.46, 74.65, 72.9, 69.14, 66.86, 65.87]
2026-09-13 15:36:19,334 [trainer.py] => Avergae Acc: 78.34
2026-09-13 15:36:19,334 [trainer.py] => ================================================================================
2026-09-13 15:36:23,050 [toolkit.py] => config: configs/splitlorav64/imagenet-a_seed=2026_lo=0.0000001_ls_0.0000001_mu=0.0000001.json
2026-09-13 15:36:23,051 [toolkit.py] => device: [device(type='cuda', index=4)]
2026-09-13 15:36:23,051 [toolkit.py] => debug: False
2026-09-13 15:36:23,051 [toolkit.py] => save_ckp: False
2026-09-13 15:36:23,051 [toolkit.py] => moe_list: None
2026-09-13 15:36:23,051 [toolkit.py] => seed: 2026
2026-09-13 15:36:23,051 [toolkit.py] => dataset: imagenet-a
2026-09-13 15:36:23,051 [toolkit.py] => data_path: data/imagenet-a
2026-09-13 15:36:23,051 [toolkit.py] => load: vit_base_patch16_224_in21k
2026-09-13 15:36:23,051 [toolkit.py] => init_cls: 20
2026-09-13 15:36:23,051 [toolkit.py] => increment: 20
2026-09-13 15:36:23,051 [toolkit.py] => sessions: 10
2026-09-13 15:36:23,051 [toolkit.py] => shuffle: False
2026-09-13 15:36:23,051 [toolkit.py] => method: splitlorav6
2026-09-13 15:36:23,051 [toolkit.py] => ema_type: EMA
2026-09-13 15:36:23,051 [toolkit.py] => optimizer: adamw
2026-09-13 15:36:23,051 [toolkit.py] => scheduler: steplr
2026-09-13 15:36:23,051 [toolkit.py] => epochs: 10
2026-09-13 15:36:23,051 [toolkit.py] => lrate: 0.001
2026-09-13 15:36:23,051 [toolkit.py] => lrate_head: 0.01
2026-09-13 15:36:23,051 [toolkit.py] => weight_decay: 5e-05
2026-09-13 15:36:23,051 [toolkit.py] => batch_size: 256
2026-09-13 15:36:23,051 [toolkit.py] => rank: 10
2026-09-13 15:36:23,051 [toolkit.py] => num_workers: 16
2026-09-13 15:36:23,051 [toolkit.py] => lamb: 0.95
2026-09-13 15:36:23,051 [toolkit.py] => lame: 1.0
2026-09-13 15:36:23,051 [toolkit.py] => in_dim: 768
2026-09-13 15:36:23,051 [toolkit.py] => alpha: 20
2026-09-13 15:36:23,051 [toolkit.py] => ema_decay: 0.9
2026-09-13 15:36:23,051 [toolkit.py] => ema_decay2: 0
2026-09-13 15:36:23,051 [toolkit.py] => R: 0.5
2026-09-13 15:36:23,051 [toolkit.py] => lambda_o: 1e-07
2026-09-13 15:36:23,051 [toolkit.py] => lambda_s: 1e-07
2026-09-13 15:36:23,051 [toolkit.py] => mu: 1e-07
2026-09-13 15:36:23,051 [toolkit.py] => ortho_loss_typev2: True
2026-09-13 15:36:23,052 [toolkit.py] => logdir: logs/splitlorav6/imagenet-a/t10
2026-09-13 15:36:23,052 [toolkit.py] => logfilename: logs/splitlorav6/imagenet-a/t10/seed2026
2026-09-13 15:36:23,077 [data_manager.py] => Class index order: 0, 1, 2, 3, 4, ..., 195, 196, 197, 198, 199
2026-09-13 15:36:25,331 [trainer.py] => ================================================================================
2026-09-13 15:36:25,332 [trainer.py] => Dataset Information
2026-09-13 15:36:25,332 [trainer.py] => ================================================================================
2026-09-13 15:36:25,332 [trainer.py] =>   Dataset name     : imagenet-a
2026-09-13 15:36:25,332 [trainer.py] =>   Data path        : data/imagenet-a
2026-09-13 15:36:25,332 [trainer.py] =>   Total classes    : 200
2026-09-13 15:36:25,332 [trainer.py] =>   Total tasks      : 10
2026-09-13 15:36:25,332 [trainer.py] =>   Task increments  : [20, 20, 20, 20, 20, 20, 20, 20, 20, 20]
2026-09-13 15:36:25,332 [trainer.py] =>   Init classes     : 20
2026-09-13 15:36:25,332 [trainer.py] =>   Increment per task: 20
2026-09-13 15:36:25,332 [trainer.py] =>   Shuffle          : False
2026-09-13 15:36:25,332 [trainer.py] =>   Seed             : 2026
2026-09-13 15:36:25,332 [trainer.py] => --------------------------------------------------------------------------------
2026-09-13 15:36:25,332 [trainer.py] => Task split:
2026-09-13 15:36:25,333 [trainer.py] =>   Task 0: classes 0-19 (20 classes) | Train: 1253 images (5 batches), Test: 313 images (2 batches)
2026-09-13 15:36:25,334 [trainer.py] =>   Task 1: classes 20-39 (20 classes) | Train: 1000 images (4 batches), Test: 251 images (1 batches)
2026-09-13 15:36:25,334 [trainer.py] =>   Task 2: classes 40-59 (20 classes) | Train: 1000 images (4 batches), Test: 251 images (1 batches)
2026-09-13 15:36:25,335 [trainer.py] =>   Task 3: classes 60-79 (20 classes) | Train: 610 images (3 batches), Test: 151 images (1 batches)
2026-09-13 15:36:25,335 [trainer.py] =>   Task 4: classes 80-99 (20 classes) | Train: 426 images (2 batches), Test: 102 images (1 batches)
2026-09-13 15:36:25,336 [trainer.py] =>   Task 5: classes 100-119 (20 classes) | Train: 263 images (2 batches), Test: 68 images (1 batches)
2026-09-13 15:36:25,337 [trainer.py] =>   Task 6: classes 120-139 (20 classes) | Train: 351 images (2 batches), Test: 89 images (1 batches)
2026-09-13 15:36:25,337 [trainer.py] =>   Task 7: classes 140-159 (20 classes) | Train: 321 images (2 batches), Test: 81 images (1 batches)
2026-09-13 15:36:25,338 [trainer.py] =>   Task 8: classes 160-179 (20 classes) | Train: 391 images (2 batches), Test: 97 images (1 batches)
2026-09-13 15:36:25,338 [trainer.py] =>   Task 9: classes 180-199 (20 classes) | Train: 385 images (2 batches), Test: 97 images (1 batches)
2026-09-13 15:36:25,338 [trainer.py] => ================================================================================
2026-09-13 15:36:25,338 [trainer.py] => ================================================================================
2026-09-13 15:36:25,339 [splitlorav6.py] => Task 0 learning on class 0-20
2026-09-13 15:36:25,843 [toolkit.py] => Total params:     106,804,763
2026-09-13 15:36:25,843 [toolkit.py] => Trainable params: 568,340
2026-09-13 15:36:25,843 [toolkit.py] => Trainable ratio:  0.5321%
2026-09-13 15:38:18,521 [splitlorav6.py] => Task 0, Epoch 10/10 => Loss 0.301, Train_accy 90.74
2026-09-13 15:38:26,445 [trainer.py] => Training time: 0h 2m 1s
2026-09-13 15:38:29,714 [trainer.py] => Evaluation time: 0h 0m 3s
2026-09-13 15:38:29,714 [trainer.py] => Accuracy: {'total': 85.3, '00-19': 85.3, 'old': 0, 'new': 85.3}
2026-09-13 15:38:29,714 [trainer.py] => (curve) top1 Acc: [85.3]
2026-09-13 15:38:29,714 [trainer.py] => Avergae Acc: 85.30
2026-09-13 15:38:29,714 [trainer.py] => (curve) top1 Acc with task: [85.3]
2026-09-13 15:38:29,715 [trainer.py] => Avergae Acc: 85.30
2026-09-13 15:38:29,715 [trainer.py] => (curve) top1 Acc task: [100.0]
2026-09-13 15:38:29,715 [trainer.py] => Avergae Acc: 100.00
2026-09-13 15:38:29,715 [trainer.py] => ================================================================================
2026-09-13 15:38:29,715 [trainer.py] => ================================================================================
2026-09-13 15:38:29,716 [splitlorav6.py] => Task 1 learning on class 20-40
2026-09-13 15:38:29,736 [toolkit.py] => Total params:     106,804,763
2026-09-13 15:38:29,736 [toolkit.py] => Trainable params: 568,340
2026-09-13 15:38:29,736 [toolkit.py] => Trainable ratio:  0.5321%
2026-09-13 15:40:04,452 [splitlorav6.py] => Task 1, Epoch 10/10 => Loss 0.220, Train_accy 93.70
2026-09-13 15:40:10,949 [trainer.py] => Training time: 0h 1m 41s
2026-09-13 15:40:15,178 [trainer.py] => Evaluation time: 0h 0m 4s
2026-09-13 15:40:15,179 [trainer.py] => Accuracy: {'total': 79.43, '00-19': 77.0, '20-39': 82.47, 'old': 77.0, 'new': 82.47}
2026-09-13 15:40:15,179 [trainer.py] => (curve) top1 Acc: [85.3, 79.43]
2026-09-13 15:40:15,179 [trainer.py] => Avergae Acc: 82.37
2026-09-13 15:40:15,179 [trainer.py] => (curve) top1 Acc with task: [85.3, 86.35]
2026-09-13 15:40:15,179 [trainer.py] => Avergae Acc: 85.82
2026-09-13 15:40:15,179 [trainer.py] => (curve) top1 Acc task: [100.0, 88.83]
2026-09-13 15:40:15,179 [trainer.py] => Avergae Acc: 94.41
2026-09-13 15:40:15,179 [trainer.py] => ================================================================================
2026-09-13 15:40:15,179 [trainer.py] => ================================================================================
2026-09-13 15:40:15,180 [splitlorav6.py] => Task 2 learning on class 40-60
2026-09-13 15:40:15,190 [toolkit.py] => Total params:     106,804,763
2026-09-13 15:40:15,190 [toolkit.py] => Trainable params: 568,340
2026-09-13 15:40:15,190 [toolkit.py] => Trainable ratio:  0.5321%
2026-09-13 15:41:50,700 [splitlorav6.py] => Task 2, Epoch 10/10 => Loss 0.366, Train_accy 89.90
2026-09-13 15:41:58,087 [trainer.py] => Training time: 0h 1m 42s
2026-09-13 15:42:03,492 [trainer.py] => Evaluation time: 0h 0m 5s
2026-09-13 15:42:03,492 [trainer.py] => Accuracy: {'total': 75.46, '00-19': 74.76, '20-39': 78.88, '40-59': 72.91, 'old': 76.6, 'new': 72.91}
2026-09-13 15:42:03,492 [trainer.py] => (curve) top1 Acc: [85.3, 79.43, 75.46]
2026-09-13 15:42:03,492 [trainer.py] => Avergae Acc: 80.06
2026-09-13 15:42:03,492 [trainer.py] => (curve) top1 Acc with task: [85.3, 86.35, 84.66]
2026-09-13 15:42:03,492 [trainer.py] => Avergae Acc: 85.44
2026-09-13 15:42:03,492 [trainer.py] => (curve) top1 Acc task: [100.0, 88.83, 84.42]
2026-09-13 15:42:03,492 [trainer.py] => Avergae Acc: 91.08
2026-09-13 15:42:03,492 [trainer.py] => ================================================================================
2026-09-13 15:42:03,492 [trainer.py] => ================================================================================
2026-09-13 15:42:03,493 [splitlorav6.py] => Task 3 learning on class 60-80
2026-09-13 15:42:03,503 [toolkit.py] => Total params:     106,804,763
2026-09-13 15:42:03,503 [toolkit.py] => Trainable params: 568,340
2026-09-13 15:42:03,504 [toolkit.py] => Trainable ratio:  0.5321%
2026-09-13 15:43:09,177 [splitlorav6.py] => Task 3, Epoch 10/10 => Loss 0.297, Train_accy 90.98
2026-09-13 15:43:14,443 [trainer.py] => Training time: 0h 1m 10s
2026-09-13 15:43:20,180 [trainer.py] => Evaluation time: 0h 0m 5s
2026-09-13 15:43:20,181 [trainer.py] => Accuracy: {'total': 75.16, '00-19': 74.76, '20-39': 78.49, '40-59': 70.52, '60-79': 78.15, 'old': 74.6, 'new': 78.15}
2026-09-13 15:43:20,181 [trainer.py] => (curve) top1 Acc: [85.3, 79.43, 75.46, 75.16]
2026-09-13 15:43:20,181 [trainer.py] => Avergae Acc: 78.84
2026-09-13 15:43:20,181 [trainer.py] => (curve) top1 Acc with task: [85.3, 86.35, 84.66, 85.71]
2026-09-13 15:43:20,181 [trainer.py] => Avergae Acc: 85.50
2026-09-13 15:43:20,181 [trainer.py] => (curve) top1 Acc task: [100.0, 88.83, 84.42, 82.3]
2026-09-13 15:43:20,181 [trainer.py] => Avergae Acc: 88.89
2026-09-13 15:43:20,181 [trainer.py] => ================================================================================
2026-09-13 15:43:20,181 [trainer.py] => ================================================================================
2026-09-13 15:43:20,182 [splitlorav6.py] => Task 4 learning on class 80-100
2026-09-13 15:43:20,193 [toolkit.py] => Total params:     106,804,763
2026-09-13 15:43:20,193 [toolkit.py] => Trainable params: 568,340
2026-09-13 15:43:20,193 [toolkit.py] => Trainable ratio:  0.5321%
2026-09-13 15:44:11,488 [splitlorav6.py] => Task 4, Epoch 10/10 => Loss 0.235, Train_accy 92.72
2026-09-13 15:44:16,995 [trainer.py] => Training time: 0h 0m 56s
2026-09-13 15:44:23,038 [trainer.py] => Evaluation time: 0h 0m 6s
2026-09-13 15:44:23,038 [trainer.py] => Accuracy: {'total': 71.72, '00-19': 74.44, '20-39': 77.69, '40-59': 67.73, '60-79': 77.48, '80-99': 50.0, 'old': 74.02, 'new': 50.0}
2026-09-13 15:44:23,038 [trainer.py] => (curve) top1 Acc: [85.3, 79.43, 75.46, 75.16, 71.72]
2026-09-13 15:44:23,038 [trainer.py] => Avergae Acc: 77.41
2026-09-13 15:44:23,038 [trainer.py] => (curve) top1 Acc with task: [85.3, 86.35, 84.66, 85.71, 83.71]
2026-09-13 15:44:23,038 [trainer.py] => Avergae Acc: 85.15
2026-09-13 15:44:23,038 [trainer.py] => (curve) top1 Acc task: [100.0, 88.83, 84.42, 82.3, 78.84]
2026-09-13 15:44:23,038 [trainer.py] => Avergae Acc: 86.88
2026-09-13 15:44:23,038 [trainer.py] => ================================================================================
2026-09-13 15:44:23,038 [trainer.py] => ================================================================================
2026-09-13 15:44:23,039 [splitlorav6.py] => Task 5 learning on class 100-120
2026-09-13 15:44:23,049 [toolkit.py] => Total params:     106,804,763
2026-09-13 15:44:23,049 [toolkit.py] => Trainable params: 568,340
2026-09-13 15:44:23,049 [toolkit.py] => Trainable ratio:  0.5321%
2026-09-13 15:45:01,633 [splitlorav6.py] => Task 5, Epoch 10/10 => Loss 0.168, Train_accy 91.63
2026-09-13 15:45:07,083 [trainer.py] => Training time: 0h 0m 44s
2026-09-13 15:45:13,435 [trainer.py] => Evaluation time: 0h 0m 6s
2026-09-13 15:45:13,435 [trainer.py] => Accuracy: {'total': 68.22, '00-19': 74.76, '20-39': 76.1, '40-59': 66.53, '60-79': 77.48, '80-99': 47.06, '100-119': 26.47, 'old': 70.88, 'new': 26.47}
2026-09-13 15:45:13,435 [trainer.py] => (curve) top1 Acc: [85.3, 79.43, 75.46, 75.16, 71.72, 68.22]
2026-09-13 15:45:13,435 [trainer.py] => Avergae Acc: 75.88
2026-09-13 15:45:13,435 [trainer.py] => (curve) top1 Acc with task: [85.3, 86.35, 84.66, 85.71, 83.71, 82.13]
2026-09-13 15:45:13,435 [trainer.py] => Avergae Acc: 84.64
2026-09-13 15:45:13,435 [trainer.py] => (curve) top1 Acc task: [100.0, 88.83, 84.42, 82.3, 78.84, 75.35]
2026-09-13 15:45:13,435 [trainer.py] => Avergae Acc: 84.96
2026-09-13 15:45:13,435 [trainer.py] => ================================================================================
2026-09-13 15:45:13,435 [trainer.py] => ================================================================================
2026-09-13 15:45:13,436 [splitlorav6.py] => Task 6 learning on class 120-140
2026-09-13 15:45:13,447 [toolkit.py] => Total params:     106,804,763
2026-09-13 15:45:13,447 [toolkit.py] => Trainable params: 568,340
2026-09-13 15:45:13,447 [toolkit.py] => Trainable ratio:  0.5321%
2026-09-13 15:45:57,737 [splitlorav6.py] => Task 6, Epoch 10/10 => Loss 0.208, Train_accy 92.88
2026-09-13 15:46:01,951 [trainer.py] => Training time: 0h 0m 48s
2026-09-13 15:46:08,568 [trainer.py] => Evaluation time: 0h 0m 6s
2026-09-13 15:46:08,568 [trainer.py] => Accuracy: {'total': 64.9, '00-19': 72.84, '20-39': 75.3, '40-59': 66.14, '60-79': 76.82, '80-99': 43.14, '100-119': 19.12, '120-139': 43.82, 'old': 66.55, 'new': 43.82}
2026-09-13 15:46:08,568 [trainer.py] => (curve) top1 Acc: [85.3, 79.43, 75.46, 75.16, 71.72, 68.22, 64.9]
2026-09-13 15:46:08,569 [trainer.py] => Avergae Acc: 74.31
2026-09-13 15:46:08,569 [trainer.py] => (curve) top1 Acc with task: [85.3, 86.35, 84.66, 85.71, 83.71, 82.13, 80.41]
2026-09-13 15:46:08,569 [trainer.py] => Avergae Acc: 84.04
2026-09-13 15:46:08,569 [trainer.py] => (curve) top1 Acc task: [100.0, 88.83, 84.42, 82.3, 78.84, 75.35, 72.16]
2026-09-13 15:46:08,569 [trainer.py] => Avergae Acc: 83.13
2026-09-13 15:46:08,569 [trainer.py] => ================================================================================
2026-09-13 15:46:08,569 [trainer.py] => ================================================================================
2026-09-13 15:46:08,569 [splitlorav6.py] => Task 7 learning on class 140-160
2026-09-13 15:46:08,580 [toolkit.py] => Total params:     106,804,763
2026-09-13 15:46:08,580 [toolkit.py] => Trainable params: 568,340
2026-09-13 15:46:08,580 [toolkit.py] => Trainable ratio:  0.5321%
2026-09-13 15:46:50,890 [splitlorav6.py] => Task 7, Epoch 10/10 => Loss 0.149, Train_accy 95.02
2026-09-13 15:46:55,382 [trainer.py] => Training time: 0h 0m 46s
2026-09-13 15:47:02,270 [trainer.py] => Evaluation time: 0h 0m 6s
2026-09-13 15:47:02,270 [trainer.py] => Accuracy: {'total': 62.25, '00-19': 72.52, '20-39': 75.3, '40-59': 64.14, '60-79': 76.16, '80-99': 41.18, '100-119': 17.65, '120-139': 42.7, '140-159': 35.8, 'old': 64.0, 'new': 35.8}
2026-09-13 15:47:02,270 [trainer.py] => (curve) top1 Acc: [85.3, 79.43, 75.46, 75.16, 71.72, 68.22, 64.9, 62.25]
2026-09-13 15:47:02,270 [trainer.py] => Avergae Acc: 72.81
2026-09-13 15:47:02,270 [trainer.py] => (curve) top1 Acc with task: [85.3, 86.35, 84.66, 85.71, 83.71, 82.13, 80.41, 79.71]
2026-09-13 15:47:02,270 [trainer.py] => Avergae Acc: 83.50
2026-09-13 15:47:02,270 [trainer.py] => (curve) top1 Acc task: [100.0, 88.83, 84.42, 82.3, 78.84, 75.35, 72.16, 69.37]
2026-09-13 15:47:02,271 [trainer.py] => Avergae Acc: 81.41
2026-09-13 15:47:02,271 [trainer.py] => ================================================================================
2026-09-13 15:47:02,271 [trainer.py] => ================================================================================
2026-09-13 15:47:02,272 [splitlorav6.py] => Task 8 learning on class 160-180
2026-09-13 15:47:02,286 [toolkit.py] => Total params:     106,804,763
2026-09-13 15:47:02,286 [toolkit.py] => Trainable params: 568,340
2026-09-13 15:47:02,286 [toolkit.py] => Trainable ratio:  0.5321%
2026-09-13 15:47:50,799 [splitlorav6.py] => Task 8, Epoch 10/10 => Loss 0.185, Train_accy 94.63
2026-09-13 15:47:55,135 [trainer.py] => Training time: 0h 0m 52s
2026-09-13 15:48:02,435 [trainer.py] => Evaluation time: 0h 0m 7s
2026-09-13 15:48:02,436 [trainer.py] => Accuracy: {'total': 59.73, '00-19': 71.57, '20-39': 75.7, '40-59': 63.75, '60-79': 79.47, '80-99': 40.2, '100-119': 16.18, '120-139': 38.2, '140-159': 33.33, '160-179': 31.96, 'old': 61.79, 'new': 31.96}
2026-09-13 15:48:02,436 [trainer.py] => (curve) top1 Acc: [85.3, 79.43, 75.46, 75.16, 71.72, 68.22, 64.9, 62.25, 59.73]
2026-09-13 15:48:02,436 [trainer.py] => Avergae Acc: 71.35
2026-09-13 15:48:02,436 [trainer.py] => (curve) top1 Acc with task: [85.3, 86.35, 84.66, 85.71, 83.71, 82.13, 80.41, 79.71, 78.9]
2026-09-13 15:48:02,436 [trainer.py] => Avergae Acc: 82.99
2026-09-13 15:48:02,436 [trainer.py] => (curve) top1 Acc task: [100.0, 88.83, 84.42, 82.3, 78.84, 75.35, 72.16, 69.37, 65.93]
2026-09-13 15:48:02,436 [trainer.py] => Avergae Acc: 79.69
2026-09-13 15:48:02,436 [trainer.py] => ================================================================================
2026-09-13 15:48:02,436 [trainer.py] => ================================================================================
2026-09-13 15:48:02,437 [splitlorav6.py] => Task 9 learning on class 180-200
2026-09-13 15:48:02,447 [toolkit.py] => Total params:     106,804,763
2026-09-13 15:48:02,447 [toolkit.py] => Trainable params: 568,340
2026-09-13 15:48:02,447 [toolkit.py] => Trainable ratio:  0.5321%
2026-09-13 15:48:50,810 [splitlorav6.py] => Task 9, Epoch 10/10 => Loss 0.106, Train_accy 96.10
2026-09-13 15:48:55,477 [trainer.py] => Training time: 0h 0m 53s
2026-09-13 15:49:03,174 [trainer.py] => Evaluation time: 0h 0m 7s
2026-09-13 15:49:03,174 [trainer.py] => Accuracy: {'total': 58.73, '00-19': 70.93, '20-39': 75.3, '40-59': 64.14, '60-79': 78.15, '80-99': 41.18, '100-119': 16.18, '120-139': 35.96, '140-159': 32.1, '160-179': 27.84, '180-199': 54.64, 'old': 59.02, 'new': 54.64}
2026-09-13 15:49:03,174 [trainer.py] => (curve) top1 Acc: [85.3, 79.43, 75.46, 75.16, 71.72, 68.22, 64.9, 62.25, 59.73, 58.73]
2026-09-13 15:49:03,174 [trainer.py] => Avergae Acc: 70.09
2026-09-13 15:49:03,175 [trainer.py] => (curve) top1 Acc with task: [85.3, 86.35, 84.66, 85.71, 83.71, 82.13, 80.41, 79.71, 78.9, 78.6]
2026-09-13 15:49:03,175 [trainer.py] => Avergae Acc: 82.55
2026-09-13 15:49:03,175 [trainer.py] => (curve) top1 Acc task: [100.0, 88.83, 84.42, 82.3, 78.84, 75.35, 72.16, 69.37, 65.93, 65.27]
2026-09-13 15:49:03,175 [trainer.py] => Avergae Acc: 78.25
2026-09-13 15:49:03,175 [trainer.py] => ================================================================================
