2026-07-03 21:03:52,669 [toolkit.py] => config: /home/zll2025/low-rank-cl-main/configs/splitlorav6/imagenet-a_seed=42.json
2026-07-03 21:03:52,669 [toolkit.py] => device: [device(type='cuda', index=3)]
2026-07-03 21:03:52,669 [toolkit.py] => debug: False
2026-07-03 21:03:52,669 [toolkit.py] => save_ckp: False
2026-07-03 21:03:52,669 [toolkit.py] => moe_list: None
2026-07-03 21:03:52,669 [toolkit.py] => seed: 42
2026-07-03 21:03:52,669 [toolkit.py] => dataset: imagenet-a
2026-07-03 21:03:52,669 [toolkit.py] => data_path: data/imagenet-a
2026-07-03 21:03:52,669 [toolkit.py] => load: vit_base_patch16_224_in21k
2026-07-03 21:03:52,669 [toolkit.py] => init_cls: 20
2026-07-03 21:03:52,669 [toolkit.py] => increment: 20
2026-07-03 21:03:52,669 [toolkit.py] => sessions: 10
2026-07-03 21:03:52,669 [toolkit.py] => shuffle: False
2026-07-03 21:03:52,669 [toolkit.py] => method: splitlorav6
2026-07-03 21:03:52,669 [toolkit.py] => optimizer: adamw
2026-07-03 21:03:52,669 [toolkit.py] => scheduler: steplr
2026-07-03 21:03:52,669 [toolkit.py] => epochs: 10
2026-07-03 21:03:52,669 [toolkit.py] => lrate: 0.001
2026-07-03 21:03:52,669 [toolkit.py] => lrate_head: 0.01
2026-07-03 21:03:52,669 [toolkit.py] => weight_decay: 5e-05
2026-07-03 21:03:52,669 [toolkit.py] => batch_size: 256
2026-07-03 21:03:52,669 [toolkit.py] => rank: 10
2026-07-03 21:03:52,669 [toolkit.py] => num_workers: 16
2026-07-03 21:03:52,669 [toolkit.py] => lamb: 0.95
2026-07-03 21:03:52,669 [toolkit.py] => lame: 1.0
2026-07-03 21:03:52,669 [toolkit.py] => in_dim: 768
2026-07-03 21:03:52,669 [toolkit.py] => alpha: 20
2026-07-03 21:03:52,670 [toolkit.py] => logdir: logs/splitlorav6/imagenet-a/t10
2026-07-03 21:03:52,670 [toolkit.py] => logfilename: logs/splitlorav6/imagenet-a/t10/seed42
2026-07-03 21:03:52,698 [data_manager.py] => Class index order: 0, 1, 2, 3, 4, ..., 195, 196, 197, 198, 199
2026-07-03 21:03:55,082 [trainer.py] => ================================================================================
2026-07-03 21:03:55,083 [base.py] => Task 0 learning on class 0-20
2026-07-03 21:03:55,529 [toolkit.py] => Total params:     106,804,763
2026-07-03 21:03:55,529 [toolkit.py] => Trainable params: 568,340
2026-07-03 21:03:55,529 [toolkit.py] => Trainable ratio:  0.5321%
2026-07-03 21:05:51,805 [splitlorav6.py] => Task 0, Epoch 10/10 => Loss 0.291, Train_accy 90.50
2026-07-03 21:05:59,953 [trainer.py] => Training time: 0h 2m 4s
2026-07-03 21:06:03,754 [trainer.py] => Evaluation time: 0h 0m 3s
2026-07-03 21:06:03,754 [trainer.py] => Accuracy: {'total': 86.9, '00-19': 86.9, 'old': 0, 'new': 86.9}
2026-07-03 21:06:03,754 [trainer.py] => (curve) top1 Acc: [86.9]
2026-07-03 21:06:03,754 [trainer.py] => Avergae Acc: 86.90
2026-07-03 21:06:03,754 [trainer.py] => (curve) top1 Acc with task: [86.9]
2026-07-03 21:06:03,754 [trainer.py] => Avergae Acc: 86.90
2026-07-03 21:06:03,754 [trainer.py] => (curve) top1 Acc task: [100.0]
2026-07-03 21:06:03,754 [trainer.py] => Avergae Acc: 100.00
2026-07-03 21:06:03,754 [trainer.py] => ================================================================================
2026-07-03 21:06:03,754 [trainer.py] => ================================================================================
2026-07-03 21:06:03,755 [base.py] => Task 1 learning on class 20-40
2026-07-03 21:06:03,766 [toolkit.py] => Total params:     106,804,763
2026-07-03 21:06:03,766 [toolkit.py] => Trainable params: 199,700
2026-07-03 21:06:03,766 [toolkit.py] => Trainable ratio:  0.1870%
2026-07-03 21:07:38,665 [splitlorav6.py] => Task 1, Epoch 10/10 => Loss 0.172, Train_accy 94.90
2026-07-03 21:07:46,023 [trainer.py] => Training time: 0h 1m 42s
2026-07-03 21:07:50,717 [trainer.py] => Evaluation time: 0h 0m 4s
2026-07-03 21:07:50,717 [trainer.py] => Accuracy: {'total': 78.01, '00-19': 76.04, '20-39': 80.48, 'old': 76.04, 'new': 80.48}
2026-07-03 21:07:50,717 [trainer.py] => (curve) top1 Acc: [86.9, 78.01]
2026-07-03 21:07:50,717 [trainer.py] => Avergae Acc: 82.46
2026-07-03 21:07:50,717 [trainer.py] => (curve) top1 Acc with task: [86.9, 86.52]
2026-07-03 21:07:50,717 [trainer.py] => Avergae Acc: 86.71
2026-07-03 21:07:50,717 [trainer.py] => (curve) top1 Acc task: [100.0, 88.3]
2026-07-03 21:07:50,717 [trainer.py] => Avergae Acc: 94.15
2026-07-03 21:07:50,717 [trainer.py] => ================================================================================
2026-07-03 21:07:50,717 [trainer.py] => ================================================================================
2026-07-03 21:07:50,718 [base.py] => Task 2 learning on class 40-60
2026-07-03 21:07:50,729 [toolkit.py] => Total params:     106,804,763
2026-07-03 21:07:50,729 [toolkit.py] => Trainable params: 199,700
2026-07-03 21:07:50,729 [toolkit.py] => Trainable ratio:  0.1870%
2026-07-03 21:09:26,846 [splitlorav6.py] => Task 2, Epoch 10/10 => Loss 0.310, Train_accy 90.70
2026-07-03 21:09:34,279 [trainer.py] => Training time: 0h 1m 43s
2026-07-03 21:09:39,557 [trainer.py] => Evaluation time: 0h 0m 5s
2026-07-03 21:09:39,557 [trainer.py] => Accuracy: {'total': 72.76, '00-19': 73.8, '20-39': 78.88, '40-59': 65.34, 'old': 76.06, 'new': 65.34}
2026-07-03 21:09:39,558 [trainer.py] => (curve) top1 Acc: [86.9, 78.01, 72.76]
2026-07-03 21:09:39,558 [trainer.py] => Avergae Acc: 79.22
2026-07-03 21:09:39,558 [trainer.py] => (curve) top1 Acc with task: [86.9, 86.52, 82.33]
2026-07-03 21:09:39,558 [trainer.py] => Avergae Acc: 85.25
2026-07-03 21:09:39,558 [trainer.py] => (curve) top1 Acc task: [100.0, 88.3, 83.31]
2026-07-03 21:09:39,558 [trainer.py] => Avergae Acc: 90.54
2026-07-03 21:09:39,558 [trainer.py] => ================================================================================
2026-07-03 21:09:39,558 [trainer.py] => ================================================================================
2026-07-03 21:09:39,559 [base.py] => Task 3 learning on class 60-80
2026-07-03 21:09:39,570 [toolkit.py] => Total params:     106,804,763
2026-07-03 21:09:39,570 [toolkit.py] => Trainable params: 199,700
2026-07-03 21:09:39,570 [toolkit.py] => Trainable ratio:  0.1870%
2026-07-03 21:10:45,880 [splitlorav6.py] => Task 3, Epoch 10/10 => Loss 0.253, Train_accy 92.95
2026-07-03 21:10:58,513 [trainer.py] => Training time: 0h 1m 18s
2026-07-03 21:11:04,494 [trainer.py] => Evaluation time: 0h 0m 5s
2026-07-03 21:11:04,494 [trainer.py] => Accuracy: {'total': 70.7, '00-19': 70.61, '20-39': 76.89, '40-59': 61.75, '60-79': 75.5, 'old': 69.82, 'new': 75.5}
2026-07-03 21:11:04,494 [trainer.py] => (curve) top1 Acc: [86.9, 78.01, 72.76, 70.7]
2026-07-03 21:11:04,494 [trainer.py] => Avergae Acc: 77.09
2026-07-03 21:11:04,494 [trainer.py] => (curve) top1 Acc with task: [86.9, 86.52, 82.33, 83.33]
2026-07-03 21:11:04,494 [trainer.py] => Avergae Acc: 84.77
2026-07-03 21:11:04,495 [trainer.py] => (curve) top1 Acc task: [100.0, 88.3, 83.31, 79.19]
2026-07-03 21:11:04,495 [trainer.py] => Avergae Acc: 87.70
2026-07-03 21:11:04,495 [trainer.py] => ================================================================================
2026-07-03 21:11:04,495 [trainer.py] => ================================================================================
2026-07-03 21:11:04,496 [base.py] => Task 4 learning on class 80-100
2026-07-03 21:11:04,513 [toolkit.py] => Total params:     106,804,763
2026-07-03 21:11:04,513 [toolkit.py] => Trainable params: 199,700
2026-07-03 21:11:04,513 [toolkit.py] => Trainable ratio:  0.1870%
2026-07-03 21:11:58,836 [splitlorav6.py] => Task 4, Epoch 10/10 => Loss 0.137, Train_accy 95.54
2026-07-03 21:12:09,716 [trainer.py] => Training time: 0h 1m 5s
2026-07-03 21:12:17,170 [trainer.py] => Evaluation time: 0h 0m 7s
2026-07-03 21:12:17,170 [trainer.py] => Accuracy: {'total': 68.54, '00-19': 69.65, '20-39': 76.49, '40-59': 61.35, '60-79': 74.83, '80-99': 53.92, 'old': 70.08, 'new': 53.92}
2026-07-03 21:12:17,170 [trainer.py] => (curve) top1 Acc: [86.9, 78.01, 72.76, 70.7, 68.54]
2026-07-03 21:12:17,170 [trainer.py] => Avergae Acc: 75.38
2026-07-03 21:12:17,170 [trainer.py] => (curve) top1 Acc with task: [86.9, 86.52, 82.33, 83.33, 81.93]
2026-07-03 21:12:17,170 [trainer.py] => Avergae Acc: 84.20
2026-07-03 21:12:17,170 [trainer.py] => (curve) top1 Acc task: [100.0, 88.3, 83.31, 79.19, 77.25]
2026-07-03 21:12:17,170 [trainer.py] => Avergae Acc: 85.61
2026-07-03 21:12:17,170 [trainer.py] => ================================================================================
2026-07-03 21:12:17,170 [trainer.py] => ================================================================================
2026-07-03 21:12:17,171 [base.py] => Task 5 learning on class 100-120
2026-07-03 21:12:17,182 [toolkit.py] => Total params:     106,804,763
2026-07-03 21:12:17,182 [toolkit.py] => Trainable params: 199,700
2026-07-03 21:12:17,182 [toolkit.py] => Trainable ratio:  0.1870%
2026-07-03 21:12:58,711 [splitlorav6.py] => Task 5, Epoch 10/10 => Loss 0.171, Train_accy 90.87
2026-07-03 21:13:09,686 [trainer.py] => Training time: 0h 0m 52s
2026-07-03 21:13:16,169 [trainer.py] => Evaluation time: 0h 0m 6s
2026-07-03 21:13:16,170 [trainer.py] => Accuracy: {'total': 65.32, '00-19': 69.33, '20-39': 76.1, '40-59': 61.35, '60-79': 74.83, '80-99': 51.96, '100-119': 20.59, 'old': 68.16, 'new': 20.59}
2026-07-03 21:13:16,170 [trainer.py] => (curve) top1 Acc: [86.9, 78.01, 72.76, 70.7, 68.54, 65.32]
2026-07-03 21:13:16,170 [trainer.py] => Avergae Acc: 73.70
2026-07-03 21:13:16,170 [trainer.py] => (curve) top1 Acc with task: [86.9, 86.52, 82.33, 83.33, 81.93, 80.02]
2026-07-03 21:13:16,170 [trainer.py] => Avergae Acc: 83.50
2026-07-03 21:13:16,170 [trainer.py] => (curve) top1 Acc task: [100.0, 88.3, 83.31, 79.19, 77.25, 73.68]
2026-07-03 21:13:16,170 [trainer.py] => Avergae Acc: 83.62
2026-07-03 21:13:16,170 [trainer.py] => ================================================================================
2026-07-03 21:13:16,170 [trainer.py] => ================================================================================
2026-07-03 21:13:16,171 [base.py] => Task 6 learning on class 120-140
2026-07-03 21:13:16,188 [toolkit.py] => Total params:     106,804,763
2026-07-03 21:13:16,189 [toolkit.py] => Trainable params: 199,700
2026-07-03 21:13:16,189 [toolkit.py] => Trainable ratio:  0.1870%
2026-07-03 21:14:04,444 [splitlorav6.py] => Task 6, Epoch 10/10 => Loss 0.140, Train_accy 95.44
2026-07-03 21:14:18,585 [trainer.py] => Training time: 0h 1m 2s
2026-07-03 21:14:25,317 [trainer.py] => Evaluation time: 0h 0m 6s
2026-07-03 21:14:25,317 [trainer.py] => Accuracy: {'total': 62.78, '00-19': 69.01, '20-39': 76.1, '40-59': 62.15, '60-79': 74.17, '80-99': 46.08, '100-119': 17.65, '120-139': 39.33, 'old': 64.61, 'new': 39.33}
2026-07-03 21:14:25,317 [trainer.py] => (curve) top1 Acc: [86.9, 78.01, 72.76, 70.7, 68.54, 65.32, 62.78]
2026-07-03 21:14:25,318 [trainer.py] => Avergae Acc: 72.14
2026-07-03 21:14:25,318 [trainer.py] => (curve) top1 Acc with task: [86.9, 86.52, 82.33, 83.33, 81.93, 80.02, 78.45]
2026-07-03 21:14:25,318 [trainer.py] => Avergae Acc: 82.78
2026-07-03 21:14:25,318 [trainer.py] => (curve) top1 Acc task: [100.0, 88.3, 83.31, 79.19, 77.25, 73.68, 70.69]
2026-07-03 21:14:25,318 [trainer.py] => Avergae Acc: 81.77
2026-07-03 21:14:25,318 [trainer.py] => ================================================================================
2026-07-03 21:14:25,318 [trainer.py] => ================================================================================
2026-07-03 21:14:25,319 [base.py] => Task 7 learning on class 140-160
2026-07-03 21:14:25,339 [toolkit.py] => Total params:     106,804,763
2026-07-03 21:14:25,339 [toolkit.py] => Trainable params: 199,700
2026-07-03 21:14:25,339 [toolkit.py] => Trainable ratio:  0.1870%
2026-07-03 21:15:09,329 [splitlorav6.py] => Task 7, Epoch 10/10 => Loss 0.073, Train_accy 96.88
2026-07-03 21:15:13,671 [trainer.py] => Training time: 0h 0m 48s
2026-07-03 21:15:21,903 [trainer.py] => Evaluation time: 0h 0m 8s
2026-07-03 21:15:21,903 [trainer.py] => Accuracy: {'total': 60.72, '00-19': 69.01, '20-39': 75.3, '40-59': 62.15, '60-79': 73.51, '80-99': 43.14, '100-119': 16.18, '120-139': 37.08, '140-159': 40.74, 'old': 62.04, 'new': 40.74}
2026-07-03 21:15:21,904 [trainer.py] => (curve) top1 Acc: [86.9, 78.01, 72.76, 70.7, 68.54, 65.32, 62.78, 60.72]
2026-07-03 21:15:21,904 [trainer.py] => Avergae Acc: 70.72
2026-07-03 21:15:21,904 [trainer.py] => (curve) top1 Acc with task: [86.9, 86.52, 82.33, 83.33, 81.93, 80.02, 78.45, 78.02]
2026-07-03 21:15:21,904 [trainer.py] => Avergae Acc: 82.19
2026-07-03 21:15:21,904 [trainer.py] => (curve) top1 Acc task: [100.0, 88.3, 83.31, 79.19, 77.25, 73.68, 70.69, 68.3]
2026-07-03 21:15:21,904 [trainer.py] => Avergae Acc: 80.09
2026-07-03 21:15:21,904 [trainer.py] => ================================================================================
2026-07-03 21:15:21,904 [trainer.py] => ================================================================================
2026-07-03 21:15:21,905 [base.py] => Task 8 learning on class 160-180
2026-07-03 21:15:21,916 [toolkit.py] => Total params:     106,804,763
2026-07-03 21:15:21,916 [toolkit.py] => Trainable params: 199,700
2026-07-03 21:15:21,916 [toolkit.py] => Trainable ratio:  0.1870%
2026-07-03 21:16:11,471 [splitlorav6.py] => Task 8, Epoch 10/10 => Loss 0.132, Train_accy 95.14
2026-07-03 21:16:16,125 [trainer.py] => Training time: 0h 0m 54s
2026-07-03 21:16:23,502 [trainer.py] => Evaluation time: 0h 0m 7s
2026-07-03 21:16:23,503 [trainer.py] => Accuracy: {'total': 58.3, '00-19': 68.69, '20-39': 75.3, '40-59': 61.75, '60-79': 73.51, '80-99': 39.22, '100-119': 11.76, '120-139': 34.83, '140-159': 38.27, '160-179': 39.18, 'old': 59.72, 'new': 39.18}
2026-07-03 21:16:23,503 [trainer.py] => (curve) top1 Acc: [86.9, 78.01, 72.76, 70.7, 68.54, 65.32, 62.78, 60.72, 58.3]
2026-07-03 21:16:23,503 [trainer.py] => Avergae Acc: 69.34
2026-07-03 21:16:23,503 [trainer.py] => (curve) top1 Acc with task: [86.9, 86.52, 82.33, 83.33, 81.93, 80.02, 78.45, 78.02, 76.84]
2026-07-03 21:16:23,503 [trainer.py] => Avergae Acc: 81.59
2026-07-03 21:16:23,503 [trainer.py] => (curve) top1 Acc task: [100.0, 88.3, 83.31, 79.19, 77.25, 73.68, 70.69, 68.3, 65.5]
2026-07-03 21:16:23,503 [trainer.py] => Avergae Acc: 78.47
2026-07-03 21:16:23,503 [trainer.py] => ================================================================================
2026-07-03 21:16:23,503 [trainer.py] => ================================================================================
2026-07-03 21:16:23,504 [base.py] => Task 9 learning on class 180-200
2026-07-03 21:16:23,515 [toolkit.py] => Total params:     106,804,763
2026-07-03 21:16:23,515 [toolkit.py] => Trainable params: 199,700
2026-07-03 21:16:23,515 [toolkit.py] => Trainable ratio:  0.1870%
2026-07-03 21:17:14,172 [splitlorav6.py] => Task 9, Epoch 10/10 => Loss 0.065, Train_accy 97.66
2026-07-03 21:17:27,993 [trainer.py] => Training time: 0h 1m 4s
2026-07-03 21:17:35,594 [trainer.py] => Evaluation time: 0h 0m 7s
2026-07-03 21:17:35,595 [trainer.py] => Accuracy: {'total': 57.87, '00-19': 68.69, '20-39': 74.5, '40-59': 60.56, '60-79': 74.17, '80-99': 39.22, '100-119': 10.29, '120-139': 34.83, '140-159': 38.27, '160-179': 39.18, '180-199': 56.7, 'old': 57.95, 'new': 56.7}
2026-07-03 21:17:35,595 [trainer.py] => (curve) top1 Acc: [86.9, 78.01, 72.76, 70.7, 68.54, 65.32, 62.78, 60.72, 58.3, 57.87]
2026-07-03 21:17:35,595 [trainer.py] => Avergae Acc: 68.19
2026-07-03 21:17:35,595 [trainer.py] => (curve) top1 Acc with task: [86.9, 86.52, 82.33, 83.33, 81.93, 80.02, 78.45, 78.02, 76.84, 76.2]
2026-07-03 21:17:35,595 [trainer.py] => Avergae Acc: 81.05
2026-07-03 21:17:35,595 [trainer.py] => (curve) top1 Acc task: [100.0, 88.3, 83.31, 79.19, 77.25, 73.68, 70.69, 68.3, 65.5, 64.73]
2026-07-03 21:17:35,595 [trainer.py] => Avergae Acc: 77.09
2026-07-03 21:17:35,595 [trainer.py] => ================================================================================
