2026-07-03 20:36:22,730 [toolkit.py] => config: /home/zll2025/low-rank-cl-main/configs/splitlorav6/imagenet-a_seed=0.json
2026-07-03 20:36:22,730 [toolkit.py] => device: [device(type='cuda', index=3)]
2026-07-03 20:36:22,730 [toolkit.py] => debug: False
2026-07-03 20:36:22,730 [toolkit.py] => save_ckp: False
2026-07-03 20:36:22,730 [toolkit.py] => moe_list: None
2026-07-03 20:36:22,730 [toolkit.py] => seed: 0
2026-07-03 20:36:22,730 [toolkit.py] => dataset: imagenet-a
2026-07-03 20:36:22,730 [toolkit.py] => data_path: data/imagenet-a
2026-07-03 20:36:22,730 [toolkit.py] => load: vit_base_patch16_224_in21k
2026-07-03 20:36:22,730 [toolkit.py] => init_cls: 20
2026-07-03 20:36:22,730 [toolkit.py] => increment: 20
2026-07-03 20:36:22,730 [toolkit.py] => sessions: 10
2026-07-03 20:36:22,731 [toolkit.py] => shuffle: False
2026-07-03 20:36:22,731 [toolkit.py] => method: splitlorav6
2026-07-03 20:36:22,731 [toolkit.py] => optimizer: adamw
2026-07-03 20:36:22,731 [toolkit.py] => scheduler: steplr
2026-07-03 20:36:22,731 [toolkit.py] => epochs: 10
2026-07-03 20:36:22,731 [toolkit.py] => lrate: 0.001
2026-07-03 20:36:22,731 [toolkit.py] => lrate_head: 0.01
2026-07-03 20:36:22,731 [toolkit.py] => weight_decay: 5e-05
2026-07-03 20:36:22,731 [toolkit.py] => batch_size: 256
2026-07-03 20:36:22,731 [toolkit.py] => rank: 10
2026-07-03 20:36:22,731 [toolkit.py] => num_workers: 16
2026-07-03 20:36:22,731 [toolkit.py] => lamb: 0.95
2026-07-03 20:36:22,731 [toolkit.py] => lame: 1.0
2026-07-03 20:36:22,731 [toolkit.py] => in_dim: 768
2026-07-03 20:36:22,731 [toolkit.py] => alpha: 20
2026-07-03 20:36:22,731 [toolkit.py] => logdir: logs/splitlorav6/imagenet-a/t10
2026-07-03 20:36:22,731 [toolkit.py] => logfilename: logs/splitlorav6/imagenet-a/t10/seed0
2026-07-03 20:36:22,759 [data_manager.py] => Class index order: 0, 1, 2, 3, 4, ..., 195, 196, 197, 198, 199
2026-07-03 20:36:25,259 [trainer.py] => ================================================================================
2026-07-03 20:36:25,260 [base.py] => Task 0 learning on class 0-20
2026-07-03 20:36:25,690 [toolkit.py] => Total params:     106,804,763
2026-07-03 20:36:25,691 [toolkit.py] => Trainable params: 568,340
2026-07-03 20:36:25,691 [toolkit.py] => Trainable ratio:  0.5321%
2026-07-03 20:38:28,451 [splitlorav6.py] => Task 0, Epoch 10/10 => Loss 0.302, Train_accy 91.46
2026-07-03 20:38:39,182 [trainer.py] => Training time: 0h 2m 13s
2026-07-03 20:38:42,914 [trainer.py] => Evaluation time: 0h 0m 3s
2026-07-03 20:38:42,914 [trainer.py] => Accuracy: {'total': 84.98, '00-19': 84.98, 'old': 0, 'new': 84.98}
2026-07-03 20:38:42,914 [trainer.py] => (curve) top1 Acc: [84.98]
2026-07-03 20:38:42,914 [trainer.py] => Avergae Acc: 84.98
2026-07-03 20:38:42,914 [trainer.py] => (curve) top1 Acc with task: [84.98]
2026-07-03 20:38:42,914 [trainer.py] => Avergae Acc: 84.98
2026-07-03 20:38:42,915 [trainer.py] => (curve) top1 Acc task: [100.0]
2026-07-03 20:38:42,915 [trainer.py] => Avergae Acc: 100.00
2026-07-03 20:38:42,915 [trainer.py] => ================================================================================
2026-07-03 20:38:42,915 [trainer.py] => ================================================================================
2026-07-03 20:38:42,916 [base.py] => Task 1 learning on class 20-40
2026-07-03 20:38:42,934 [toolkit.py] => Total params:     106,804,763
2026-07-03 20:38:42,934 [toolkit.py] => Trainable params: 199,700
2026-07-03 20:38:42,934 [toolkit.py] => Trainable ratio:  0.1870%
2026-07-03 20:40:23,869 [splitlorav6.py] => Task 1, Epoch 10/10 => Loss 0.258, Train_accy 92.30
2026-07-03 20:40:32,389 [trainer.py] => Training time: 0h 1m 49s
2026-07-03 20:40:38,227 [trainer.py] => Evaluation time: 0h 0m 5s
2026-07-03 20:40:38,227 [trainer.py] => Accuracy: {'total': 79.61, '00-19': 77.0, '20-39': 82.87, 'old': 77.0, 'new': 82.87}
2026-07-03 20:40:38,227 [trainer.py] => (curve) top1 Acc: [84.98, 79.61]
2026-07-03 20:40:38,227 [trainer.py] => Avergae Acc: 82.30
2026-07-03 20:40:38,227 [trainer.py] => (curve) top1 Acc with task: [84.98, 86.7]
2026-07-03 20:40:38,228 [trainer.py] => Avergae Acc: 85.84
2026-07-03 20:40:38,228 [trainer.py] => (curve) top1 Acc task: [100.0, 87.77]
2026-07-03 20:40:38,228 [trainer.py] => Avergae Acc: 93.88
2026-07-03 20:40:38,228 [trainer.py] => ================================================================================
2026-07-03 20:40:38,228 [trainer.py] => ================================================================================
2026-07-03 20:40:38,229 [base.py] => Task 2 learning on class 40-60
2026-07-03 20:40:38,241 [toolkit.py] => Total params:     106,804,763
2026-07-03 20:40:38,241 [toolkit.py] => Trainable params: 199,700
2026-07-03 20:40:38,241 [toolkit.py] => Trainable ratio:  0.1870%
2026-07-03 20:42:19,840 [splitlorav6.py] => Task 2, Epoch 10/10 => Loss 0.287, Train_accy 91.80
2026-07-03 20:42:30,678 [trainer.py] => Training time: 0h 1m 52s
2026-07-03 20:42:36,065 [trainer.py] => Evaluation time: 0h 0m 5s
2026-07-03 20:42:36,065 [trainer.py] => Accuracy: {'total': 74.11, '00-19': 75.4, '20-39': 79.28, '40-59': 67.33, 'old': 77.13, 'new': 67.33}
2026-07-03 20:42:36,066 [trainer.py] => (curve) top1 Acc: [84.98, 79.61, 74.11]
2026-07-03 20:42:36,066 [trainer.py] => Avergae Acc: 79.57
2026-07-03 20:42:36,066 [trainer.py] => (curve) top1 Acc with task: [84.98, 86.7, 84.05]
2026-07-03 20:42:36,066 [trainer.py] => Avergae Acc: 85.24
2026-07-03 20:42:36,066 [trainer.py] => (curve) top1 Acc task: [100.0, 87.77, 81.96]
2026-07-03 20:42:36,066 [trainer.py] => Avergae Acc: 89.91
2026-07-03 20:42:36,066 [trainer.py] => ================================================================================
2026-07-03 20:42:36,066 [trainer.py] => ================================================================================
2026-07-03 20:42:36,067 [base.py] => Task 3 learning on class 60-80
2026-07-03 20:42:36,079 [toolkit.py] => Total params:     106,804,763
2026-07-03 20:42:36,079 [toolkit.py] => Trainable params: 199,700
2026-07-03 20:42:36,079 [toolkit.py] => Trainable ratio:  0.1870%
2026-07-03 20:43:45,772 [splitlorav6.py] => Task 3, Epoch 10/10 => Loss 0.286, Train_accy 91.48
2026-07-03 20:43:51,744 [trainer.py] => Training time: 0h 1m 15s
2026-07-03 20:43:57,750 [trainer.py] => Evaluation time: 0h 0m 6s
2026-07-03 20:43:57,750 [trainer.py] => Accuracy: {'total': 71.95, '00-19': 72.2, '20-39': 78.09, '40-59': 62.15, '60-79': 77.48, 'old': 70.92, 'new': 77.48}
2026-07-03 20:43:57,750 [trainer.py] => (curve) top1 Acc: [84.98, 79.61, 74.11, 71.95]
2026-07-03 20:43:57,750 [trainer.py] => Avergae Acc: 77.66
2026-07-03 20:43:57,750 [trainer.py] => (curve) top1 Acc with task: [84.98, 86.7, 84.05, 84.89]
2026-07-03 20:43:57,750 [trainer.py] => Avergae Acc: 85.16
2026-07-03 20:43:57,750 [trainer.py] => (curve) top1 Acc task: [100.0, 87.77, 81.96, 78.26]
2026-07-03 20:43:57,750 [trainer.py] => Avergae Acc: 87.00
2026-07-03 20:43:57,750 [trainer.py] => ================================================================================
2026-07-03 20:43:57,750 [trainer.py] => ================================================================================
2026-07-03 20:43:57,751 [base.py] => Task 4 learning on class 80-100
2026-07-03 20:43:57,762 [toolkit.py] => Total params:     106,804,763
2026-07-03 20:43:57,762 [toolkit.py] => Trainable params: 199,700
2026-07-03 20:43:57,762 [toolkit.py] => Trainable ratio:  0.1870%
2026-07-03 20:44:52,231 [splitlorav6.py] => Task 4, Epoch 10/10 => Loss 0.181, Train_accy 94.60
2026-07-03 20:45:03,762 [trainer.py] => Training time: 0h 1m 6s
2026-07-03 20:45:11,308 [trainer.py] => Evaluation time: 0h 0m 7s
2026-07-03 20:45:11,308 [trainer.py] => Accuracy: {'total': 68.26, '00-19': 71.25, '20-39': 76.49, '40-59': 61.35, '60-79': 76.16, '80-99': 44.12, 'old': 70.81, 'new': 44.12}
2026-07-03 20:45:11,309 [trainer.py] => (curve) top1 Acc: [84.98, 79.61, 74.11, 71.95, 68.26]
2026-07-03 20:45:11,309 [trainer.py] => Avergae Acc: 75.78
2026-07-03 20:45:11,309 [trainer.py] => (curve) top1 Acc with task: [84.98, 86.7, 84.05, 84.89, 82.4]
2026-07-03 20:45:11,309 [trainer.py] => Avergae Acc: 84.60
2026-07-03 20:45:11,309 [trainer.py] => (curve) top1 Acc task: [100.0, 87.77, 81.96, 78.26, 75.37]
2026-07-03 20:45:11,309 [trainer.py] => Avergae Acc: 84.67
2026-07-03 20:45:11,309 [trainer.py] => ================================================================================
2026-07-03 20:45:11,309 [trainer.py] => ================================================================================
2026-07-03 20:45:11,310 [base.py] => Task 5 learning on class 100-120
2026-07-03 20:45:11,321 [toolkit.py] => Total params:     106,804,763
2026-07-03 20:45:11,321 [toolkit.py] => Trainable params: 199,700
2026-07-03 20:45:11,321 [toolkit.py] => Trainable ratio:  0.1870%
2026-07-03 20:45:53,479 [splitlorav6.py] => Task 5, Epoch 10/10 => Loss 0.181, Train_accy 88.97
2026-07-03 20:46:01,809 [trainer.py] => Training time: 0h 0m 50s
2026-07-03 20:46:08,467 [trainer.py] => Evaluation time: 0h 0m 6s
2026-07-03 20:46:08,467 [trainer.py] => Accuracy: {'total': 65.32, '00-19': 71.57, '20-39': 76.89, '40-59': 61.75, '60-79': 75.5, '80-99': 44.12, '100-119': 16.18, 'old': 68.45, 'new': 16.18}
2026-07-03 20:46:08,467 [trainer.py] => (curve) top1 Acc: [84.98, 79.61, 74.11, 71.95, 68.26, 65.32]
2026-07-03 20:46:08,467 [trainer.py] => Avergae Acc: 74.04
2026-07-03 20:46:08,467 [trainer.py] => (curve) top1 Acc with task: [84.98, 86.7, 84.05, 84.89, 82.4, 80.02]
2026-07-03 20:46:08,467 [trainer.py] => Avergae Acc: 83.84
2026-07-03 20:46:08,467 [trainer.py] => (curve) top1 Acc task: [100.0, 87.77, 81.96, 78.26, 75.37, 72.1]
2026-07-03 20:46:08,467 [trainer.py] => Avergae Acc: 82.58
2026-07-03 20:46:08,468 [trainer.py] => ================================================================================
2026-07-03 20:46:08,468 [trainer.py] => ================================================================================
2026-07-03 20:46:08,469 [base.py] => Task 6 learning on class 120-140
2026-07-03 20:46:08,487 [toolkit.py] => Total params:     106,804,763
2026-07-03 20:46:08,487 [toolkit.py] => Trainable params: 199,700
2026-07-03 20:46:08,487 [toolkit.py] => Trainable ratio:  0.1870%
2026-07-03 20:46:57,162 [splitlorav6.py] => Task 6, Epoch 10/10 => Loss 0.127, Train_accy 95.44
2026-07-03 20:47:05,377 [trainer.py] => Training time: 0h 0m 56s
2026-07-03 20:47:12,418 [trainer.py] => Evaluation time: 0h 0m 7s
2026-07-03 20:47:12,418 [trainer.py] => Accuracy: {'total': 63.76, '00-19': 71.25, '20-39': 76.89, '40-59': 61.75, '60-79': 75.5, '80-99': 43.14, '100-119': 14.71, '120-139': 47.19, 'old': 65.05, 'new': 47.19}
2026-07-03 20:47:12,418 [trainer.py] => (curve) top1 Acc: [84.98, 79.61, 74.11, 71.95, 68.26, 65.32, 63.76]
2026-07-03 20:47:12,418 [trainer.py] => Avergae Acc: 72.57
2026-07-03 20:47:12,418 [trainer.py] => (curve) top1 Acc with task: [84.98, 86.7, 84.05, 84.89, 82.4, 80.02, 78.86]
2026-07-03 20:47:12,418 [trainer.py] => Avergae Acc: 83.13
2026-07-03 20:47:12,418 [trainer.py] => (curve) top1 Acc task: [100.0, 87.77, 81.96, 78.26, 75.37, 72.1, 70.53]
2026-07-03 20:47:12,418 [trainer.py] => Avergae Acc: 80.86
2026-07-03 20:47:12,418 [trainer.py] => ================================================================================
2026-07-03 20:47:12,418 [trainer.py] => ================================================================================
2026-07-03 20:47:12,419 [base.py] => Task 7 learning on class 140-160
2026-07-03 20:47:12,433 [toolkit.py] => Total params:     106,804,763
2026-07-03 20:47:12,433 [toolkit.py] => Trainable params: 199,700
2026-07-03 20:47:12,433 [toolkit.py] => Trainable ratio:  0.1870%
2026-07-03 20:47:58,749 [splitlorav6.py] => Task 7, Epoch 10/10 => Loss 0.131, Train_accy 95.33
2026-07-03 20:48:04,187 [trainer.py] => Training time: 0h 0m 51s
2026-07-03 20:48:11,753 [trainer.py] => Evaluation time: 0h 0m 7s
2026-07-03 20:48:11,754 [trainer.py] => Accuracy: {'total': 61.41, '00-19': 71.25, '20-39': 76.1, '40-59': 61.35, '60-79': 74.83, '80-99': 39.22, '100-119': 14.71, '120-139': 43.82, '140-159': 39.51, 'old': 62.86, 'new': 39.51}
2026-07-03 20:48:11,754 [trainer.py] => (curve) top1 Acc: [84.98, 79.61, 74.11, 71.95, 68.26, 65.32, 63.76, 61.41]
2026-07-03 20:48:11,754 [trainer.py] => Avergae Acc: 71.17
2026-07-03 20:48:11,754 [trainer.py] => (curve) top1 Acc with task: [84.98, 86.7, 84.05, 84.89, 82.4, 80.02, 78.86, 78.02]
2026-07-03 20:48:11,754 [trainer.py] => Avergae Acc: 82.49
2026-07-03 20:48:11,754 [trainer.py] => (curve) top1 Acc task: [100.0, 87.77, 81.96, 78.26, 75.37, 72.1, 70.53, 67.61]
2026-07-03 20:48:11,754 [trainer.py] => Avergae Acc: 79.20
2026-07-03 20:48:11,754 [trainer.py] => ================================================================================
2026-07-03 20:48:11,754 [trainer.py] => ================================================================================
2026-07-03 20:48:11,755 [base.py] => Task 8 learning on class 160-180
2026-07-03 20:48:11,771 [toolkit.py] => Total params:     106,804,763
2026-07-03 20:48:11,772 [toolkit.py] => Trainable params: 199,700
2026-07-03 20:48:11,772 [toolkit.py] => Trainable ratio:  0.1870%
2026-07-03 20:49:03,777 [splitlorav6.py] => Task 8, Epoch 10/10 => Loss 0.195, Train_accy 94.63
2026-07-03 20:49:14,965 [trainer.py] => Training time: 0h 1m 3s
2026-07-03 20:49:22,441 [trainer.py] => Evaluation time: 0h 0m 7s
2026-07-03 20:49:22,441 [trainer.py] => Accuracy: {'total': 59.09, '00-19': 70.93, '20-39': 76.49, '40-59': 61.35, '60-79': 74.83, '80-99': 37.25, '100-119': 14.71, '120-139': 41.57, '140-159': 33.33, '160-179': 37.11, 'old': 60.72, 'new': 37.11}
2026-07-03 20:49:22,441 [trainer.py] => (curve) top1 Acc: [84.98, 79.61, 74.11, 71.95, 68.26, 65.32, 63.76, 61.41, 59.09]
2026-07-03 20:49:22,441 [trainer.py] => Avergae Acc: 69.83
2026-07-03 20:49:22,441 [trainer.py] => (curve) top1 Acc with task: [84.98, 86.7, 84.05, 84.89, 82.4, 80.02, 78.86, 78.02, 77.12]
2026-07-03 20:49:22,441 [trainer.py] => Avergae Acc: 81.89
2026-07-03 20:49:22,441 [trainer.py] => (curve) top1 Acc task: [100.0, 87.77, 81.96, 78.26, 75.37, 72.1, 70.53, 67.61, 64.79]
2026-07-03 20:49:22,442 [trainer.py] => Avergae Acc: 77.60
2026-07-03 20:49:22,442 [trainer.py] => ================================================================================
2026-07-03 20:49:22,442 [trainer.py] => ================================================================================
2026-07-03 20:49:22,442 [base.py] => Task 9 learning on class 180-200
2026-07-03 20:49:22,453 [toolkit.py] => Total params:     106,804,763
2026-07-03 20:49:22,454 [toolkit.py] => Trainable params: 199,700
2026-07-03 20:49:22,454 [toolkit.py] => Trainable ratio:  0.1870%
2026-07-03 20:50:12,871 [splitlorav6.py] => Task 9, Epoch 10/10 => Loss 0.190, Train_accy 94.55
2026-07-03 20:50:17,712 [trainer.py] => Training time: 0h 0m 55s
2026-07-03 20:50:26,111 [trainer.py] => Evaluation time: 0h 0m 8s
2026-07-03 20:50:26,111 [trainer.py] => Accuracy: {'total': 58.6, '00-19': 70.93, '20-39': 75.7, '40-59': 61.75, '60-79': 74.83, '80-99': 36.27, '100-119': 14.71, '120-139': 41.57, '140-159': 33.33, '160-179': 35.05, '180-199': 55.67, 'old': 58.8, 'new': 55.67}
2026-07-03 20:50:26,111 [trainer.py] => (curve) top1 Acc: [84.98, 79.61, 74.11, 71.95, 68.26, 65.32, 63.76, 61.41, 59.09, 58.6]
2026-07-03 20:50:26,111 [trainer.py] => Avergae Acc: 68.71
2026-07-03 20:50:26,112 [trainer.py] => (curve) top1 Acc with task: [84.98, 86.7, 84.05, 84.89, 82.4, 80.02, 78.86, 78.02, 77.12, 76.73]
2026-07-03 20:50:26,112 [trainer.py] => Avergae Acc: 81.38
2026-07-03 20:50:26,112 [trainer.py] => (curve) top1 Acc task: [100.0, 87.77, 81.96, 78.26, 75.37, 72.1, 70.53, 67.61, 64.79, 64.2]
2026-07-03 20:50:26,112 [trainer.py] => Avergae Acc: 76.26
2026-07-03 20:50:26,112 [trainer.py] => ================================================================================
