2026-08-28 10:31:26,064 [toolkit.py] => config: configs/inflora_o2/imagenet-a_seed=1993.json
2026-08-28 10:31:26,064 [toolkit.py] => device: [device(type='cuda', index=5)]
2026-08-28 10:31:26,064 [toolkit.py] => debug: False
2026-08-28 10:31:26,064 [toolkit.py] => save_ckp: False
2026-08-28 10:31:26,064 [toolkit.py] => moe_list: None
2026-08-28 10:31:26,064 [toolkit.py] => seed: 1993
2026-08-28 10:31:26,064 [toolkit.py] => dataset: imagenet-a
2026-08-28 10:31:26,064 [toolkit.py] => data_path: data/imagenet-a
2026-08-28 10:31:26,064 [toolkit.py] => load: vit_base_patch16_224_in21k
2026-08-28 10:31:26,064 [toolkit.py] => init_cls: 20
2026-08-28 10:31:26,064 [toolkit.py] => increment: 20
2026-08-28 10:31:26,064 [toolkit.py] => sessions: 10
2026-08-28 10:31:26,064 [toolkit.py] => shuffle: False
2026-08-28 10:31:26,064 [toolkit.py] => method: inflorao2
2026-08-28 10:31:26,064 [toolkit.py] => optimizer: adam
2026-08-28 10:31:26,064 [toolkit.py] => scheduler: cosine
2026-08-28 10:31:26,064 [toolkit.py] => epochs: 10
2026-08-28 10:31:26,064 [toolkit.py] => lrate: 0.0005
2026-08-28 10:31:26,065 [toolkit.py] => weight_decay: 0.0
2026-08-28 10:31:26,065 [toolkit.py] => batch_size: 128
2026-08-28 10:31:26,065 [toolkit.py] => rank: 10
2026-08-28 10:31:26,065 [toolkit.py] => num_workers: 16
2026-08-28 10:31:26,065 [toolkit.py] => lamb: 0.98
2026-08-28 10:31:26,065 [toolkit.py] => lame: 1.0
2026-08-28 10:31:26,065 [toolkit.py] => lrate_head: 0
2026-08-28 10:31:26,065 [toolkit.py] => R: 0.5
2026-08-28 10:31:26,065 [toolkit.py] => ortho_loss_type: True
2026-08-28 10:31:26,065 [toolkit.py] => ortho_loss_weight: 0.1
2026-08-28 10:31:26,065 [toolkit.py] => logdir: logs/inflorao2/imagenet-a/t10
2026-08-28 10:31:26,065 [toolkit.py] => logfilename: logs/inflorao2/imagenet-a/t10/seed1993
2026-08-28 10:31:26,090 [data_manager.py] => Class index order: 0, 1, 2, 3, 4, ..., 195, 196, 197, 198, 199
2026-08-28 10:31:28,208 [trainer.py] => ================================================================================
2026-08-28 10:31:28,208 [trainer.py] => Dataset Information
2026-08-28 10:31:28,209 [trainer.py] => ================================================================================
2026-08-28 10:31:28,209 [trainer.py] =>   Dataset name     : imagenet-a
2026-08-28 10:31:28,209 [trainer.py] =>   Data path        : data/imagenet-a
2026-08-28 10:31:28,209 [trainer.py] =>   Total classes    : 200
2026-08-28 10:31:28,209 [trainer.py] =>   Total tasks      : 10
2026-08-28 10:31:28,209 [trainer.py] =>   Task increments  : [20, 20, 20, 20, 20, 20, 20, 20, 20, 20]
2026-08-28 10:31:28,209 [trainer.py] =>   Init classes     : 20
2026-08-28 10:31:28,209 [trainer.py] =>   Increment per task: 20
2026-08-28 10:31:28,209 [trainer.py] =>   Shuffle          : False
2026-08-28 10:31:28,209 [trainer.py] =>   Seed             : 1993
2026-08-28 10:31:28,209 [trainer.py] => --------------------------------------------------------------------------------
2026-08-28 10:31:28,209 [trainer.py] => Task split:
2026-08-28 10:31:28,210 [trainer.py] =>   Task 0: classes 0-19 (20 classes) | Train: 1253 images (5 batches), Test: 313 images (2 batches)
2026-08-28 10:31:28,210 [trainer.py] =>   Task 1: classes 20-39 (20 classes) | Train: 1000 images (4 batches), Test: 251 images (1 batches)
2026-08-28 10:31:28,211 [trainer.py] =>   Task 2: classes 40-59 (20 classes) | Train: 1000 images (4 batches), Test: 251 images (1 batches)
2026-08-28 10:31:28,212 [trainer.py] =>   Task 3: classes 60-79 (20 classes) | Train: 610 images (3 batches), Test: 151 images (1 batches)
2026-08-28 10:31:28,212 [trainer.py] =>   Task 4: classes 80-99 (20 classes) | Train: 426 images (2 batches), Test: 102 images (1 batches)
2026-08-28 10:31:28,213 [trainer.py] =>   Task 5: classes 100-119 (20 classes) | Train: 263 images (2 batches), Test: 68 images (1 batches)
2026-08-28 10:31:28,213 [trainer.py] =>   Task 6: classes 120-139 (20 classes) | Train: 351 images (2 batches), Test: 89 images (1 batches)
2026-08-28 10:31:28,214 [trainer.py] =>   Task 7: classes 140-159 (20 classes) | Train: 321 images (2 batches), Test: 81 images (1 batches)
2026-08-28 10:31:28,214 [trainer.py] =>   Task 8: classes 160-179 (20 classes) | Train: 391 images (2 batches), Test: 97 images (1 batches)
2026-08-28 10:31:28,215 [trainer.py] =>   Task 9: classes 180-199 (20 classes) | Train: 385 images (2 batches), Test: 97 images (1 batches)
2026-08-28 10:31:28,215 [trainer.py] => ================================================================================
2026-08-28 10:31:28,215 [trainer.py] => ================================================================================
2026-08-28 10:31:28,215 [base.py] => Task 0 learning on class 0-20
2026-08-28 10:31:29,701 [toolkit.py] => Total params:     106,804,763
2026-08-28 10:31:29,701 [toolkit.py] => Trainable params: 568,340
2026-08-28 10:31:29,701 [toolkit.py] => Trainable ratio:  0.5321%
2026-08-28 13:28:21,606 [toolkit.py] => config: configs/inflora_o2/imagenet-a_seed=1993.json
2026-08-28 13:28:21,607 [toolkit.py] => device: [device(type='cuda', index=0)]
2026-08-28 13:28:21,607 [toolkit.py] => debug: False
2026-08-28 13:28:21,607 [toolkit.py] => save_ckp: False
2026-08-28 13:28:21,607 [toolkit.py] => moe_list: None
2026-08-28 13:28:21,607 [toolkit.py] => seed: 1993
2026-08-28 13:28:21,607 [toolkit.py] => dataset: imagenet-a
2026-08-28 13:28:21,607 [toolkit.py] => data_path: data/imagenet-a
2026-08-28 13:28:21,607 [toolkit.py] => load: vit_base_patch16_224_in21k
2026-08-28 13:28:21,607 [toolkit.py] => init_cls: 20
2026-08-28 13:28:21,607 [toolkit.py] => increment: 20
2026-08-28 13:28:21,607 [toolkit.py] => sessions: 10
2026-08-28 13:28:21,607 [toolkit.py] => shuffle: False
2026-08-28 13:28:21,607 [toolkit.py] => method: inflorao2
2026-08-28 13:28:21,607 [toolkit.py] => optimizer: adam
2026-08-28 13:28:21,607 [toolkit.py] => scheduler: cosine
2026-08-28 13:28:21,607 [toolkit.py] => epochs: 10
2026-08-28 13:28:21,607 [toolkit.py] => lrate: 0.0005
2026-08-28 13:28:21,607 [toolkit.py] => weight_decay: 0.0
2026-08-28 13:28:21,607 [toolkit.py] => batch_size: 128
2026-08-28 13:28:21,607 [toolkit.py] => rank: 10
2026-08-28 13:28:21,607 [toolkit.py] => num_workers: 16
2026-08-28 13:28:21,607 [toolkit.py] => lamb: 0.98
2026-08-28 13:28:21,607 [toolkit.py] => lame: 1.0
2026-08-28 13:28:21,607 [toolkit.py] => lrate_head: 0
2026-08-28 13:28:21,607 [toolkit.py] => R: 0.5
2026-08-28 13:28:21,607 [toolkit.py] => ortho_loss_type: True
2026-08-28 13:28:21,607 [toolkit.py] => ortho_loss_weight: 0.1
2026-08-28 13:28:21,607 [toolkit.py] => logdir: logs/inflorao2/imagenet-a/t10
2026-08-28 13:28:21,607 [toolkit.py] => logfilename: logs/inflorao2/imagenet-a/t10/seed1993
2026-08-28 13:28:21,638 [data_manager.py] => Class index order: 0, 1, 2, 3, 4, ..., 195, 196, 197, 198, 199
2026-08-28 13:28:24,208 [trainer.py] => ================================================================================
2026-08-28 13:28:24,208 [trainer.py] => Dataset Information
2026-08-28 13:28:24,209 [trainer.py] => ================================================================================
2026-08-28 13:28:24,209 [trainer.py] =>   Dataset name     : imagenet-a
2026-08-28 13:28:24,209 [trainer.py] =>   Data path        : data/imagenet-a
2026-08-28 13:28:24,209 [trainer.py] =>   Total classes    : 200
2026-08-28 13:28:24,209 [trainer.py] =>   Total tasks      : 10
2026-08-28 13:28:24,209 [trainer.py] =>   Task increments  : [20, 20, 20, 20, 20, 20, 20, 20, 20, 20]
2026-08-28 13:28:24,209 [trainer.py] =>   Init classes     : 20
2026-08-28 13:28:24,209 [trainer.py] =>   Increment per task: 20
2026-08-28 13:28:24,209 [trainer.py] =>   Shuffle          : False
2026-08-28 13:28:24,209 [trainer.py] =>   Seed             : 1993
2026-08-28 13:28:24,209 [trainer.py] => --------------------------------------------------------------------------------
2026-08-28 13:28:24,209 [trainer.py] => Task split:
2026-08-28 13:28:24,211 [trainer.py] =>   Task 0: classes 0-19 (20 classes) | Train: 1253 images (5 batches), Test: 313 images (2 batches)
2026-08-28 13:28:24,212 [trainer.py] =>   Task 1: classes 20-39 (20 classes) | Train: 1000 images (4 batches), Test: 251 images (1 batches)
2026-08-28 13:28:24,214 [trainer.py] =>   Task 2: classes 40-59 (20 classes) | Train: 1000 images (4 batches), Test: 251 images (1 batches)
2026-08-28 13:28:24,214 [trainer.py] =>   Task 3: classes 60-79 (20 classes) | Train: 610 images (3 batches), Test: 151 images (1 batches)
2026-08-28 13:28:24,215 [trainer.py] =>   Task 4: classes 80-99 (20 classes) | Train: 426 images (2 batches), Test: 102 images (1 batches)
2026-08-28 13:28:24,216 [trainer.py] =>   Task 5: classes 100-119 (20 classes) | Train: 263 images (2 batches), Test: 68 images (1 batches)
2026-08-28 13:28:24,217 [trainer.py] =>   Task 6: classes 120-139 (20 classes) | Train: 351 images (2 batches), Test: 89 images (1 batches)
2026-08-28 13:28:24,217 [trainer.py] =>   Task 7: classes 140-159 (20 classes) | Train: 321 images (2 batches), Test: 81 images (1 batches)
2026-08-28 13:28:24,218 [trainer.py] =>   Task 8: classes 160-179 (20 classes) | Train: 391 images (2 batches), Test: 97 images (1 batches)
2026-08-28 13:28:24,219 [trainer.py] =>   Task 9: classes 180-199 (20 classes) | Train: 385 images (2 batches), Test: 97 images (1 batches)
2026-08-28 13:28:24,219 [trainer.py] => ================================================================================
2026-08-28 13:28:24,219 [trainer.py] => ================================================================================
2026-08-28 13:28:24,220 [base.py] => Task 0 learning on class 0-20
2026-08-28 13:28:24,668 [toolkit.py] => Total params:     106,804,763
2026-08-28 13:28:24,668 [toolkit.py] => Trainable params: 568,340
2026-08-28 13:28:24,668 [toolkit.py] => Trainable ratio:  0.5321%
2026-08-28 13:30:26,277 [inflora_o2.py] => Task 0, Epoch 10/10 => Loss 0.562, Train_accy 83.00
2026-08-28 13:30:47,196 [trainer.py] => Training time: 0h 2m 22s
2026-08-28 13:30:49,721 [trainer.py] => Evaluation time: 0h 0m 2s
2026-08-28 13:30:49,721 [trainer.py] => Accuracy: {'total': 85.3, '00-19': 85.3, 'old': 0, 'new': 85.3}
2026-08-28 13:30:49,721 [trainer.py] => (curve) top1 Acc: [85.3]
2026-08-28 13:30:49,721 [trainer.py] => Avergae Acc: 85.30
2026-08-28 13:30:49,721 [trainer.py] => (curve) top1 Acc with task: [85.3]
2026-08-28 13:30:49,721 [trainer.py] => Avergae Acc: 85.30
2026-08-28 13:30:49,721 [trainer.py] => (curve) top1 Acc task: [100.0]
2026-08-28 13:30:49,721 [trainer.py] => Avergae Acc: 100.00
2026-08-28 13:30:49,721 [trainer.py] => ================================================================================
2026-08-28 13:30:49,721 [trainer.py] => ================================================================================
2026-08-28 13:30:49,722 [base.py] => Task 1 learning on class 20-40
2026-08-28 13:30:49,733 [toolkit.py] => Total params:     106,804,763
2026-08-28 13:30:49,733 [toolkit.py] => Trainable params: 568,340
2026-08-28 13:30:49,733 [toolkit.py] => Trainable ratio:  0.5321%
2026-08-28 13:32:30,785 [inflora_o2.py] => Task 1, Epoch 10/10 => Loss 0.502, Train_accy 84.10, Ortho 0.0055
2026-08-28 13:32:46,534 [trainer.py] => Training time: 0h 1m 56s
2026-08-28 13:32:50,059 [trainer.py] => Evaluation time: 0h 0m 3s
2026-08-28 13:32:50,059 [trainer.py] => Accuracy: {'total': 74.11, '00-19': 80.83, '20-39': 65.74, 'old': 80.83, 'new': 65.74}
2026-08-28 13:32:50,059 [trainer.py] => (curve) top1 Acc: [85.3, 74.11]
2026-08-28 13:32:50,060 [trainer.py] => Avergae Acc: 79.70
2026-08-28 13:32:50,060 [trainer.py] => (curve) top1 Acc with task: [85.3, 85.28]
2026-08-28 13:32:50,060 [trainer.py] => Avergae Acc: 85.29
2026-08-28 13:32:50,060 [trainer.py] => (curve) top1 Acc task: [100.0, 83.33]
2026-08-28 13:32:50,060 [trainer.py] => Avergae Acc: 91.66
2026-08-28 13:32:50,060 [trainer.py] => ================================================================================
2026-08-28 13:32:50,060 [trainer.py] => ================================================================================
2026-08-28 13:32:50,061 [base.py] => Task 2 learning on class 40-60
2026-08-28 13:32:50,074 [toolkit.py] => Total params:     106,804,763
2026-08-28 13:32:50,074 [toolkit.py] => Trainable params: 568,340
2026-08-28 13:32:50,074 [toolkit.py] => Trainable ratio:  0.5321%
2026-08-28 13:34:30,384 [inflora_o2.py] => Task 2, Epoch 10/10 => Loss 0.697, Train_accy 77.50, Ortho 0.0042
2026-08-28 13:34:47,109 [trainer.py] => Training time: 0h 1m 57s
2026-08-28 13:34:51,560 [trainer.py] => Evaluation time: 0h 0m 4s
2026-08-28 13:34:51,560 [trainer.py] => Accuracy: {'total': 69.57, '00-19': 77.96, '20-39': 65.34, '40-59': 63.35, 'old': 72.34, 'new': 63.35}
2026-08-28 13:34:51,560 [trainer.py] => (curve) top1 Acc: [85.3, 74.11, 69.57]
2026-08-28 13:34:51,560 [trainer.py] => Avergae Acc: 76.33
2026-08-28 13:34:51,560 [trainer.py] => (curve) top1 Acc with task: [85.3, 85.28, 82.21]
2026-08-28 13:34:51,560 [trainer.py] => Avergae Acc: 84.26
2026-08-28 13:34:51,560 [trainer.py] => (curve) top1 Acc task: [100.0, 83.33, 78.65]
2026-08-28 13:34:51,560 [trainer.py] => Avergae Acc: 87.33
2026-08-28 13:34:51,560 [trainer.py] => ================================================================================
2026-08-28 13:34:51,560 [trainer.py] => ================================================================================
2026-08-28 13:34:51,561 [base.py] => Task 3 learning on class 60-80
2026-08-28 13:34:51,572 [toolkit.py] => Total params:     106,804,763
2026-08-28 13:34:51,572 [toolkit.py] => Trainable params: 568,340
2026-08-28 13:34:51,572 [toolkit.py] => Trainable ratio:  0.5321%
2026-08-28 13:35:58,346 [inflora_o2.py] => Task 3, Epoch 10/10 => Loss 0.626, Train_accy 82.95, Ortho 0.0029
2026-08-28 13:36:11,035 [trainer.py] => Training time: 0h 1m 19s
2026-08-28 13:36:15,994 [trainer.py] => Evaluation time: 0h 0m 4s
2026-08-28 13:36:15,994 [trainer.py] => Accuracy: {'total': 63.25, '00-19': 77.64, '20-39': 58.57, '40-59': 59.36, '60-79': 47.68, 'old': 66.13, 'new': 47.68}
2026-08-28 13:36:15,994 [trainer.py] => (curve) top1 Acc: [85.3, 74.11, 69.57, 63.25]
2026-08-28 13:36:15,994 [trainer.py] => Avergae Acc: 73.06
2026-08-28 13:36:15,994 [trainer.py] => (curve) top1 Acc with task: [85.3, 85.28, 82.21, 81.78]
2026-08-28 13:36:15,994 [trainer.py] => Avergae Acc: 83.64
2026-08-28 13:36:15,994 [trainer.py] => (curve) top1 Acc task: [100.0, 83.33, 78.65, 72.36]
2026-08-28 13:36:15,994 [trainer.py] => Avergae Acc: 83.59
2026-08-28 13:36:15,994 [trainer.py] => ================================================================================
2026-08-28 13:36:15,994 [trainer.py] => ================================================================================
2026-08-28 13:36:15,995 [base.py] => Task 4 learning on class 80-100
2026-08-28 13:36:16,006 [toolkit.py] => Total params:     106,804,763
2026-08-28 13:36:16,006 [toolkit.py] => Trainable params: 568,340
2026-08-28 13:36:16,006 [toolkit.py] => Trainable ratio:  0.5321%
2026-08-28 13:37:07,082 [inflora_o2.py] => Task 4, Epoch 10/10 => Loss 1.314, Train_accy 62.91, Ortho 0.0020
2026-08-28 13:37:19,521 [trainer.py] => Training time: 0h 1m 3s
2026-08-28 13:37:24,845 [trainer.py] => Evaluation time: 0h 0m 5s
2026-08-28 13:37:24,845 [trainer.py] => Accuracy: {'total': 59.08, '00-19': 77.0, '20-39': 59.76, '40-59': 57.37, '60-79': 50.33, '80-99': 19.61, 'old': 63.25, 'new': 19.61}
2026-08-28 13:37:24,845 [trainer.py] => (curve) top1 Acc: [85.3, 74.11, 69.57, 63.25, 59.08]
2026-08-28 13:37:24,845 [trainer.py] => Avergae Acc: 70.26
2026-08-28 13:37:24,845 [trainer.py] => (curve) top1 Acc with task: [85.3, 85.28, 82.21, 81.78, 78.56]
2026-08-28 13:37:24,845 [trainer.py] => Avergae Acc: 82.63
2026-08-28 13:37:24,845 [trainer.py] => (curve) top1 Acc task: [100.0, 83.33, 78.65, 72.36, 68.35]
2026-08-28 13:37:24,846 [trainer.py] => Avergae Acc: 80.54
2026-08-28 13:37:24,846 [trainer.py] => ================================================================================
2026-08-28 13:37:24,846 [trainer.py] => ================================================================================
2026-08-28 13:37:24,846 [base.py] => Task 5 learning on class 100-120
2026-08-28 13:37:24,857 [toolkit.py] => Total params:     106,804,763
2026-08-28 13:37:24,857 [toolkit.py] => Trainable params: 568,340
2026-08-28 13:37:24,857 [toolkit.py] => Trainable ratio:  0.5321%
2026-08-28 13:38:02,196 [inflora_o2.py] => Task 5, Epoch 10/10 => Loss 1.944, Train_accy 43.73, Ortho 0.0016
2026-08-28 13:38:13,849 [trainer.py] => Training time: 0h 0m 49s
2026-08-28 13:38:19,518 [trainer.py] => Evaluation time: 0h 0m 5s
2026-08-28 13:38:19,518 [trainer.py] => Accuracy: {'total': 54.49, '00-19': 75.4, '20-39': 59.76, '40-59': 55.38, '60-79': 47.68, '80-99': 19.61, '100-119': 2.94, 'old': 57.77, 'new': 2.94}
2026-08-28 13:38:19,519 [trainer.py] => (curve) top1 Acc: [85.3, 74.11, 69.57, 63.25, 59.08, 54.49]
2026-08-28 13:38:19,519 [trainer.py] => Avergae Acc: 67.63
2026-08-28 13:38:19,519 [trainer.py] => (curve) top1 Acc with task: [85.3, 85.28, 82.21, 81.78, 78.56, 74.91]
2026-08-28 13:38:19,519 [trainer.py] => Avergae Acc: 81.34
2026-08-28 13:38:19,519 [trainer.py] => (curve) top1 Acc task: [100.0, 83.33, 78.65, 72.36, 68.35, 63.82]
2026-08-28 13:38:19,519 [trainer.py] => Avergae Acc: 77.75
2026-08-28 13:38:19,519 [trainer.py] => ================================================================================
2026-08-28 13:38:19,519 [trainer.py] => ================================================================================
2026-08-28 13:38:19,520 [base.py] => Task 6 learning on class 120-140
2026-08-28 13:38:19,532 [toolkit.py] => Total params:     106,804,763
2026-08-28 13:38:19,532 [toolkit.py] => Trainable params: 568,340
2026-08-28 13:38:19,532 [toolkit.py] => Trainable ratio:  0.5321%
2026-08-28 13:39:03,406 [inflora_o2.py] => Task 6, Epoch 10/10 => Loss 1.372, Train_accy 61.82, Ortho 0.0014
2026-08-28 13:39:13,475 [trainer.py] => Training time: 0h 0m 53s
2026-08-28 13:39:19,431 [trainer.py] => Evaluation time: 0h 0m 5s
2026-08-28 13:39:19,431 [trainer.py] => Accuracy: {'total': 51.84, '00-19': 75.08, '20-39': 60.96, '40-59': 52.99, '60-79': 47.02, '80-99': 19.61, '100-119': 2.94, '120-139': 23.6, 'old': 54.05, 'new': 23.6}
2026-08-28 13:39:19,431 [trainer.py] => (curve) top1 Acc: [85.3, 74.11, 69.57, 63.25, 59.08, 54.49, 51.84]
2026-08-28 13:39:19,431 [trainer.py] => Avergae Acc: 65.38
2026-08-28 13:39:19,431 [trainer.py] => (curve) top1 Acc with task: [85.3, 85.28, 82.21, 81.78, 78.56, 74.91, 71.67]
2026-08-28 13:39:19,431 [trainer.py] => Avergae Acc: 79.96
2026-08-28 13:39:19,431 [trainer.py] => (curve) top1 Acc task: [100.0, 83.33, 78.65, 72.36, 68.35, 63.82, 61.14]
2026-08-28 13:39:19,431 [trainer.py] => Avergae Acc: 75.38
2026-08-28 13:39:19,431 [trainer.py] => ================================================================================
2026-08-28 13:39:19,431 [trainer.py] => ================================================================================
2026-08-28 13:39:19,432 [base.py] => Task 7 learning on class 140-160
2026-08-28 13:39:19,443 [toolkit.py] => Total params:     106,804,763
2026-08-28 13:39:19,443 [toolkit.py] => Trainable params: 568,340
2026-08-28 13:39:19,443 [toolkit.py] => Trainable ratio:  0.5321%
2026-08-28 13:40:01,368 [inflora_o2.py] => Task 7, Epoch 10/10 => Loss 1.409, Train_accy 60.44, Ortho 0.0013
2026-08-28 13:40:13,099 [trainer.py] => Training time: 0h 0m 53s
2026-08-28 13:40:19,380 [trainer.py] => Evaluation time: 0h 0m 6s
2026-08-28 13:40:19,380 [trainer.py] => Accuracy: {'total': 48.85, '00-19': 71.57, '20-39': 58.17, '40-59': 53.39, '60-79': 49.01, '80-99': 17.65, '100-119': 1.47, '120-139': 25.84, '140-159': 22.22, 'old': 50.61, 'new': 22.22}
2026-08-28 13:40:19,380 [trainer.py] => (curve) top1 Acc: [85.3, 74.11, 69.57, 63.25, 59.08, 54.49, 51.84, 48.85]
2026-08-28 13:40:19,381 [trainer.py] => Avergae Acc: 63.31
2026-08-28 13:40:19,381 [trainer.py] => (curve) top1 Acc with task: [85.3, 85.28, 82.21, 81.78, 78.56, 74.91, 71.67, 69.14]
2026-08-28 13:40:19,381 [trainer.py] => Avergae Acc: 78.61
2026-08-28 13:40:19,381 [trainer.py] => (curve) top1 Acc task: [100.0, 83.33, 78.65, 72.36, 68.35, 63.82, 61.14, 58.27]
2026-08-28 13:40:19,381 [trainer.py] => Avergae Acc: 73.24
2026-08-28 13:40:19,381 [trainer.py] => ================================================================================
2026-08-28 13:40:19,381 [trainer.py] => ================================================================================
2026-08-28 13:40:19,382 [base.py] => Task 8 learning on class 160-180
2026-08-28 13:40:19,393 [toolkit.py] => Total params:     106,804,763
2026-08-28 13:40:19,393 [toolkit.py] => Trainable params: 568,340
2026-08-28 13:40:19,393 [toolkit.py] => Trainable ratio:  0.5321%
2026-08-28 13:41:07,799 [inflora_o2.py] => Task 8, Epoch 10/10 => Loss 1.675, Train_accy 50.13, Ortho 0.0011
2026-08-28 13:41:22,653 [trainer.py] => Training time: 0h 1m 3s
2026-08-28 13:41:29,237 [trainer.py] => Evaluation time: 0h 0m 6s
2026-08-28 13:41:29,238 [trainer.py] => Accuracy: {'total': 45.76, '00-19': 74.12, '20-39': 57.77, '40-59': 52.59, '60-79': 47.02, '80-99': 16.67, '100-119': 1.47, '120-139': 21.35, '140-159': 20.99, '160-179': 8.25, 'old': 48.55, 'new': 8.25}
2026-08-28 13:41:29,238 [trainer.py] => (curve) top1 Acc: [85.3, 74.11, 69.57, 63.25, 59.08, 54.49, 51.84, 48.85, 45.76]
2026-08-28 13:41:29,238 [trainer.py] => Avergae Acc: 61.36
2026-08-28 13:41:29,238 [trainer.py] => (curve) top1 Acc with task: [85.3, 85.28, 82.21, 81.78, 78.56, 74.91, 71.67, 69.14, 66.5]
2026-08-28 13:41:29,238 [trainer.py] => Avergae Acc: 77.26
2026-08-28 13:41:29,238 [trainer.py] => (curve) top1 Acc task: [100.0, 83.33, 78.65, 72.36, 68.35, 63.82, 61.14, 58.27, 54.88]
2026-08-28 13:41:29,238 [trainer.py] => Avergae Acc: 71.20
2026-08-28 13:41:29,238 [trainer.py] => ================================================================================
2026-08-28 13:41:29,238 [trainer.py] => ================================================================================
2026-08-28 13:41:29,239 [base.py] => Task 9 learning on class 180-200
2026-08-28 13:41:29,251 [toolkit.py] => Total params:     106,804,763
2026-08-28 13:41:29,251 [toolkit.py] => Trainable params: 568,340
2026-08-28 13:41:29,251 [toolkit.py] => Trainable ratio:  0.5321%
2026-08-28 13:42:18,463 [inflora_o2.py] => Task 9, Epoch 10/10 => Loss 0.934, Train_accy 68.31, Ortho 0.0012
2026-08-28 13:42:31,853 [trainer.py] => Training time: 0h 1m 2s
2026-08-28 13:42:38,766 [trainer.py] => Evaluation time: 0h 0m 6s
2026-08-28 13:42:38,767 [trainer.py] => Accuracy: {'total': 43.6, '00-19': 73.16, '20-39': 56.97, '40-59': 52.19, '60-79': 45.7, '80-99': 16.67, '100-119': 2.94, '120-139': 20.22, '140-159': 23.46, '160-179': 8.25, '180-199': 18.56, 'old': 45.33, 'new': 18.56}
2026-08-28 13:42:38,767 [trainer.py] => (curve) top1 Acc: [85.3, 74.11, 69.57, 63.25, 59.08, 54.49, 51.84, 48.85, 45.76, 43.6]
2026-08-28 13:42:38,767 [trainer.py] => Avergae Acc: 59.59
2026-08-28 13:42:38,767 [trainer.py] => (curve) top1 Acc with task: [85.3, 85.28, 82.21, 81.78, 78.56, 74.91, 71.67, 69.14, 66.5, 65.0]
2026-08-28 13:42:38,767 [trainer.py] => Avergae Acc: 76.03
2026-08-28 13:42:38,767 [trainer.py] => (curve) top1 Acc task: [100.0, 83.33, 78.65, 72.36, 68.35, 63.82, 61.14, 58.27, 54.88, 51.67]
2026-08-28 13:42:38,767 [trainer.py] => Avergae Acc: 69.25
2026-08-28 13:42:38,767 [trainer.py] => ================================================================================
