2026-07-08 21:13:24,932 [toolkit.py] => config: /home/zll2025/low-rank-cl-main/configs/keeplora/cifar100_seed=1993.json
2026-07-08 21:13:24,932 [toolkit.py] => device: [device(type='cuda', index=3)]
2026-07-08 21:13:24,932 [toolkit.py] => debug: False
2026-07-08 21:13:24,933 [toolkit.py] => save_ckp: False
2026-07-08 21:13:24,933 [toolkit.py] => moe_list: None
2026-07-08 21:13:24,933 [toolkit.py] => seed: 1993
2026-07-08 21:13:24,933 [toolkit.py] => dataset: cifar100
2026-07-08 21:13:24,933 [toolkit.py] => data_path: data/cifar100
2026-07-08 21:13:24,933 [toolkit.py] => load: vit_base_patch16_224_in21k
2026-07-08 21:13:24,933 [toolkit.py] => init_cls: 10
2026-07-08 21:13:24,933 [toolkit.py] => increment: 10
2026-07-08 21:13:24,933 [toolkit.py] => sessions: 10
2026-07-08 21:13:24,933 [toolkit.py] => shuffle: False
2026-07-08 21:13:24,933 [toolkit.py] => method: keeplora
2026-07-08 21:13:24,933 [toolkit.py] => optimizer: adam
2026-07-08 21:13:24,933 [toolkit.py] => scheduler: cosine
2026-07-08 21:13:24,933 [toolkit.py] => epochs: 20
2026-07-08 21:13:24,933 [toolkit.py] => lrate: 0.0005
2026-07-08 21:13:24,933 [toolkit.py] => weight_decay: 0.0
2026-07-08 21:13:24,933 [toolkit.py] => batch_size: 128
2026-07-08 21:13:24,933 [toolkit.py] => rank: 10
2026-07-08 21:13:24,933 [toolkit.py] => num_workers: 16
2026-07-08 21:13:24,933 [toolkit.py] => lrate_head: 0
2026-07-08 21:13:24,933 [toolkit.py] => lamb: 0.95
2026-07-08 21:13:24,933 [toolkit.py] => lame: 1.0
2026-07-08 21:13:24,933 [toolkit.py] => logdir: logs/keeplora/cifar100/t10
2026-07-08 21:13:24,933 [toolkit.py] => logfilename: logs/keeplora/cifar100/t10/seed1993
2026-07-08 21:13:27,333 [data_manager.py] => Class index order: 0, 1, 2, 3, 4, ..., 95, 96, 97, 98, 99
2026-07-08 21:15:18,529 [toolkit.py] => config: /home/zll2025/low-rank-cl-main/configs/keeplora/cifar100_seed=1993.json
2026-07-08 21:15:18,530 [toolkit.py] => device: [device(type='cuda', index=3)]
2026-07-08 21:15:18,530 [toolkit.py] => debug: False
2026-07-08 21:15:18,530 [toolkit.py] => save_ckp: False
2026-07-08 21:15:18,530 [toolkit.py] => moe_list: None
2026-07-08 21:15:18,530 [toolkit.py] => seed: 1993
2026-07-08 21:15:18,530 [toolkit.py] => dataset: cifar100
2026-07-08 21:15:18,530 [toolkit.py] => data_path: data/cifar100
2026-07-08 21:15:18,530 [toolkit.py] => load: vit_base_patch16_224_in21k
2026-07-08 21:15:18,530 [toolkit.py] => init_cls: 10
2026-07-08 21:15:18,530 [toolkit.py] => increment: 10
2026-07-08 21:15:18,530 [toolkit.py] => sessions: 10
2026-07-08 21:15:18,530 [toolkit.py] => shuffle: False
2026-07-08 21:15:18,530 [toolkit.py] => method: keeplora
2026-07-08 21:15:18,530 [toolkit.py] => optimizer: adam
2026-07-08 21:15:18,530 [toolkit.py] => scheduler: cosine
2026-07-08 21:15:18,530 [toolkit.py] => epochs: 20
2026-07-08 21:15:18,530 [toolkit.py] => lrate: 0.0005
2026-07-08 21:15:18,530 [toolkit.py] => weight_decay: 0.0
2026-07-08 21:15:18,530 [toolkit.py] => batch_size: 128
2026-07-08 21:15:18,530 [toolkit.py] => rank: 10
2026-07-08 21:15:18,530 [toolkit.py] => num_workers: 16
2026-07-08 21:15:18,530 [toolkit.py] => lrate_head: 0
2026-07-08 21:15:18,530 [toolkit.py] => lamb: 0.95
2026-07-08 21:15:18,530 [toolkit.py] => lame: 1.0
2026-07-08 21:15:18,530 [toolkit.py] => logdir: logs/keeplora/cifar100/t10
2026-07-08 21:15:18,530 [toolkit.py] => logfilename: logs/keeplora/cifar100/t10/seed1993
2026-07-08 21:15:21,586 [data_manager.py] => Class index order: 0, 1, 2, 3, 4, ..., 95, 96, 97, 98, 99
2026-07-08 21:15:46,232 [toolkit.py] => config: /home/zll2025/low-rank-cl-main/configs/keeplora/cifar100_seed=1993.json
2026-07-08 21:15:46,232 [toolkit.py] => device: [device(type='cuda', index=3)]
2026-07-08 21:15:46,232 [toolkit.py] => debug: False
2026-07-08 21:15:46,232 [toolkit.py] => save_ckp: False
2026-07-08 21:15:46,232 [toolkit.py] => moe_list: None
2026-07-08 21:15:46,232 [toolkit.py] => seed: 1993
2026-07-08 21:15:46,232 [toolkit.py] => dataset: cifar100
2026-07-08 21:15:46,232 [toolkit.py] => data_path: data/cifar100
2026-07-08 21:15:46,232 [toolkit.py] => load: vit_base_patch16_224_in21k
2026-07-08 21:15:46,233 [toolkit.py] => init_cls: 10
2026-07-08 21:15:46,233 [toolkit.py] => increment: 10
2026-07-08 21:15:46,233 [toolkit.py] => sessions: 10
2026-07-08 21:15:46,233 [toolkit.py] => shuffle: False
2026-07-08 21:15:46,233 [toolkit.py] => method: keeplora
2026-07-08 21:15:46,233 [toolkit.py] => optimizer: adam
2026-07-08 21:15:46,233 [toolkit.py] => scheduler: cosine
2026-07-08 21:15:46,233 [toolkit.py] => epochs: 20
2026-07-08 21:15:46,233 [toolkit.py] => lrate: 0.0005
2026-07-08 21:15:46,233 [toolkit.py] => weight_decay: 0.0
2026-07-08 21:15:46,233 [toolkit.py] => batch_size: 128
2026-07-08 21:15:46,233 [toolkit.py] => rank: 10
2026-07-08 21:15:46,233 [toolkit.py] => num_workers: 16
2026-07-08 21:15:46,233 [toolkit.py] => lrate_head: 0
2026-07-08 21:15:46,233 [toolkit.py] => lamb: 0.95
2026-07-08 21:15:46,233 [toolkit.py] => lame: 1.0
2026-07-08 21:15:46,233 [toolkit.py] => logdir: logs/keeplora/cifar100/t10
2026-07-08 21:15:46,233 [toolkit.py] => logfilename: logs/keeplora/cifar100/t10/seed1993
2026-07-08 21:15:47,830 [data_manager.py] => Class index order: 0, 1, 2, 3, 4, ..., 95, 96, 97, 98, 99
2026-07-08 21:15:51,793 [trainer.py] => ================================================================================
2026-07-08 21:15:51,803 [base.py] => Task 0 learning on class 0-10
2026-07-08 21:15:52,616 [toolkit.py] => Total params:     106,359,223
2026-07-08 21:15:52,616 [toolkit.py] => Trainable params: 192,010
2026-07-08 21:15:52,616 [toolkit.py] => Trainable ratio:  0.1805%
2026-07-08 21:19:46,382 [toolkit.py] => config: /home/zll2025/low-rank-cl-main/configs/keeplora/cifar100_seed=1993.json
2026-07-08 21:19:46,382 [toolkit.py] => device: [device(type='cuda', index=3)]
2026-07-08 21:19:46,382 [toolkit.py] => debug: False
2026-07-08 21:19:46,382 [toolkit.py] => save_ckp: False
2026-07-08 21:19:46,382 [toolkit.py] => moe_list: None
2026-07-08 21:19:46,382 [toolkit.py] => seed: 1993
2026-07-08 21:19:46,382 [toolkit.py] => dataset: cifar100
2026-07-08 21:19:46,382 [toolkit.py] => data_path: data/cifar100
2026-07-08 21:19:46,382 [toolkit.py] => load: vit_base_patch16_224_in21k
2026-07-08 21:19:46,382 [toolkit.py] => init_cls: 10
2026-07-08 21:19:46,383 [toolkit.py] => increment: 10
2026-07-08 21:19:46,383 [toolkit.py] => sessions: 10
2026-07-08 21:19:46,383 [toolkit.py] => shuffle: False
2026-07-08 21:19:46,383 [toolkit.py] => method: keeplora
2026-07-08 21:19:46,383 [toolkit.py] => optimizer: adam
2026-07-08 21:19:46,383 [toolkit.py] => scheduler: cosine
2026-07-08 21:19:46,383 [toolkit.py] => epochs: 1
2026-07-08 21:19:46,383 [toolkit.py] => lrate: 0.0005
2026-07-08 21:19:46,383 [toolkit.py] => weight_decay: 0.0
2026-07-08 21:19:46,383 [toolkit.py] => batch_size: 128
2026-07-08 21:19:46,383 [toolkit.py] => rank: 10
2026-07-08 21:19:46,383 [toolkit.py] => num_workers: 16
2026-07-08 21:19:46,383 [toolkit.py] => lrate_head: 0
2026-07-08 21:19:46,383 [toolkit.py] => lamb: 0.95
2026-07-08 21:19:46,383 [toolkit.py] => lame: 1.0
2026-07-08 21:19:46,383 [toolkit.py] => logdir: logs/keeplora/cifar100/t10
2026-07-08 21:19:46,383 [toolkit.py] => logfilename: logs/keeplora/cifar100/t10/seed1993
2026-07-08 21:19:48,001 [data_manager.py] => Class index order: 0, 1, 2, 3, 4, ..., 95, 96, 97, 98, 99
2026-07-08 21:19:50,663 [trainer.py] => ================================================================================
2026-07-08 21:19:50,672 [base.py] => Task 0 learning on class 0-10
2026-07-08 21:19:51,385 [toolkit.py] => Total params:     106,359,223
2026-07-08 21:19:51,385 [toolkit.py] => Trainable params: 192,010
2026-07-08 21:19:51,385 [toolkit.py] => Trainable ratio:  0.1805%
2026-07-08 21:20:45,677 [keeplora.py] => Task 0, Epoch 1/1 => Loss 0.748, Train_accy 77.16
2026-07-08 21:21:40,025 [keeplora.py] => Layer 1 : 6/768
2026-07-08 21:21:40,025 [keeplora.py] => Layer 2 : 9/768
2026-07-08 21:21:40,025 [keeplora.py] => Layer 3 : 11/768
2026-07-08 21:21:40,025 [keeplora.py] => Layer 4 : 11/768
2026-07-08 21:21:40,025 [keeplora.py] => Layer 5 : 14/768
2026-07-08 21:21:40,025 [keeplora.py] => Layer 6 : 13/768
2026-07-08 21:21:40,025 [keeplora.py] => Layer 7 : 11/768
2026-07-08 21:21:40,025 [keeplora.py] => Layer 8 : 14/768
2026-07-08 21:21:40,026 [keeplora.py] => Layer 9 : 11/768
2026-07-08 21:21:40,026 [keeplora.py] => Layer 10 : 10/768
2026-07-08 21:21:40,026 [keeplora.py] => Layer 11 : 4/768
2026-07-08 21:21:40,026 [keeplora.py] => Layer 12 : 10/768
2026-07-08 21:21:40,154 [trainer.py] => Training time: 0h 1m 49s
2026-07-08 21:21:44,641 [trainer.py] => Evaluation time: 0h 0m 4s
2026-07-08 21:21:44,642 [trainer.py] => Accuracy: {'total': 98.5, '00-09': 98.5, 'old': 0, 'new': 98.5}
2026-07-08 21:21:44,642 [trainer.py] => (curve) top1 Acc: [98.5]
2026-07-08 21:21:44,642 [trainer.py] => Avergae Acc: 98.50
2026-07-08 21:21:44,642 [trainer.py] => (curve) top1 Acc with task: [98.5]
2026-07-08 21:21:44,642 [trainer.py] => Avergae Acc: 98.50
2026-07-08 21:21:44,642 [trainer.py] => (curve) top1 Acc task: [100.0]
2026-07-08 21:21:44,642 [trainer.py] => Avergae Acc: 100.00
2026-07-08 21:21:44,642 [trainer.py] => ================================================================================
2026-07-08 21:21:44,642 [trainer.py] => ================================================================================
2026-07-08 21:21:44,656 [base.py] => Task 1 learning on class 10-20
2026-07-08 21:21:44,666 [toolkit.py] => Total params:     106,359,223
2026-07-08 21:21:44,666 [toolkit.py] => Trainable params: 192,010
2026-07-08 21:21:44,666 [toolkit.py] => Trainable ratio:  0.1805%
