2026-09-09 00:50:51,370 [toolkit.py] => config: configs/sdlora_e/domain_seed=1997.json
2026-09-09 00:50:51,370 [toolkit.py] => device: [device(type='cuda', index=1)]
2026-09-09 00:50:51,370 [toolkit.py] => debug: False
2026-09-09 00:50:51,370 [toolkit.py] => save_ckp: False
2026-09-09 00:50:51,370 [toolkit.py] => moe_list: None
2026-09-09 00:50:51,370 [toolkit.py] => seed: 1997
2026-09-09 00:50:51,370 [toolkit.py] => dataset: domainnet
2026-09-09 00:50:51,370 [toolkit.py] => data_path: data/domainnet
2026-09-09 00:50:51,370 [toolkit.py] => load: vit_base_patch16_224_in21k
2026-09-09 00:50:51,370 [toolkit.py] => init_cls: 69
2026-09-09 00:50:51,370 [toolkit.py] => increment: 69
2026-09-09 00:50:51,370 [toolkit.py] => sessions: 5
2026-09-09 00:50:51,370 [toolkit.py] => shuffle: False
2026-09-09 00:50:51,370 [toolkit.py] => method: sdlora_e
2026-09-09 00:50:51,370 [toolkit.py] => optimizer: adam
2026-09-09 00:50:51,370 [toolkit.py] => scheduler: cosine
2026-09-09 00:50:51,370 [toolkit.py] => epochs: 5
2026-09-09 00:50:51,370 [toolkit.py] => lrate: 0.0005
2026-09-09 00:50:51,370 [toolkit.py] => fc_lrate: 0.005
2026-09-09 00:50:51,370 [toolkit.py] => weight_decay: 0.0
2026-09-09 00:50:51,370 [toolkit.py] => batch_size: 128
2026-09-09 00:50:51,370 [toolkit.py] => rank: 30
2026-09-09 00:50:51,370 [toolkit.py] => num_workers: 16
2026-09-09 00:50:51,370 [toolkit.py] => lrate_head: 0
2026-09-09 00:50:51,370 [toolkit.py] => R: 0.5
2026-09-09 00:50:51,370 [toolkit.py] => logdir: logs/sdlora_e/domainnet/t5
2026-09-09 00:50:51,370 [toolkit.py] => logfilename: logs/sdlora_e/domainnet/t5/seed1997
2026-09-09 00:50:51,590 [data_manager.py] => Class index order: 0, 1, 2, 3, 4, ..., 340, 341, 342, 343, 344
2026-09-09 00:50:55,955 [trainer.py] => ================================================================================
2026-09-09 00:50:55,956 [trainer.py] => Dataset Information
2026-09-09 00:50:55,956 [trainer.py] => ================================================================================
2026-09-09 00:50:55,956 [trainer.py] =>   Dataset name     : domainnet
2026-09-09 00:50:55,956 [trainer.py] =>   Data path        : data/domainnet
2026-09-09 00:50:55,956 [trainer.py] =>   Total classes    : 345
2026-09-09 00:50:55,956 [trainer.py] =>   Total tasks      : 5
2026-09-09 00:50:55,956 [trainer.py] =>   Task increments  : [69, 69, 69, 69, 69]
2026-09-09 00:50:55,956 [trainer.py] =>   Init classes     : 69
2026-09-09 00:50:55,956 [trainer.py] =>   Increment per task: 69
2026-09-09 00:50:55,956 [trainer.py] =>   Shuffle          : False
2026-09-09 00:50:55,956 [trainer.py] =>   Seed             : 1997
2026-09-09 00:50:55,956 [trainer.py] => --------------------------------------------------------------------------------
2026-09-09 00:50:55,956 [trainer.py] => Task split:
2026-09-09 00:50:56,024 [trainer.py] =>   Task 0: classes 0-68 (69 classes) | Train: 67628 images (265 batches), Test: 17009 images (67 batches)
2026-09-09 00:50:56,088 [trainer.py] =>   Task 1: classes 69-137 (69 classes) | Train: 65335 images (256 batches), Test: 16374 images (64 batches)
2026-09-09 00:50:56,150 [trainer.py] =>   Task 2: classes 138-206 (69 classes) | Train: 70512 images (276 batches), Test: 17747 images (70 batches)
2026-09-09 00:50:56,211 [trainer.py] =>   Task 3: classes 207-275 (69 classes) | Train: 68362 images (268 batches), Test: 16831 images (66 batches)
2026-09-09 00:50:56,271 [trainer.py] =>   Task 4: classes 276-344 (69 classes) | Train: 66967 images (262 batches), Test: 16741 images (66 batches)
2026-09-09 00:50:56,271 [trainer.py] => ================================================================================
2026-09-09 00:50:56,271 [trainer.py] => ================================================================================
2026-09-09 00:50:56,322 [base.py] => Task 0 learning on class 0-69
2026-09-09 00:50:56,786 [toolkit.py] => Total params:     109,496,769
2026-09-09 00:50:56,786 [toolkit.py] => Trainable params: 2,264,922
2026-09-09 00:50:56,786 [toolkit.py] => Trainable ratio:  2.0685%
2026-09-09 01:37:01,692 [sdlora_e.py] => Task 0, Epoch 5/5 => Loss 0.471, Train_accy 87.80
2026-09-09 01:37:01,693 [trainer.py] => Training time: 0h 46m 5s
2026-09-09 01:38:01,551 [trainer.py] => Evaluation time: 0h 0m 59s
2026-09-09 01:38:01,551 [trainer.py] => Accuracy: {'total': 87.98, '00-68': 87.98, 'old': 0, 'new': 87.98}
2026-09-09 01:38:01,551 [trainer.py] => (curve) top1 Acc: [87.98]
2026-09-09 01:38:01,552 [trainer.py] => Avergae Acc: 87.98
2026-09-09 01:38:01,552 [trainer.py] => (curve) top1 Acc with task: [87.98]
2026-09-09 01:38:01,552 [trainer.py] => Avergae Acc: 87.98
2026-09-09 01:38:01,552 [trainer.py] => (curve) top1 Acc task: [100.0]
2026-09-09 01:38:01,552 [trainer.py] => Avergae Acc: 100.00
2026-09-09 01:38:01,552 [trainer.py] => ================================================================================
2026-09-09 01:38:01,552 [trainer.py] => ================================================================================
2026-09-09 01:38:01,624 [base.py] => Task 1 learning on class 69-138
2026-09-09 01:38:01,634 [toolkit.py] => Total params:     109,496,769
2026-09-09 01:38:01,634 [toolkit.py] => Trainable params: 2,264,922
2026-09-09 01:38:01,634 [toolkit.py] => Trainable ratio:  2.0685%
2026-09-09 02:25:37,619 [sdlora_e.py] => Task 1, Epoch 5/5 => Loss 0.478, Train_accy 87.53
2026-09-09 02:25:37,622 [trainer.py] => Training time: 0h 47m 36s
2026-09-09 02:27:41,715 [trainer.py] => Evaluation time: 0h 2m 4s
2026-09-09 02:27:41,715 [trainer.py] => Accuracy: {'total': 82.32, '00-68': 80.27, '69-137': 84.46, 'old': 80.27, 'new': 84.46}
2026-09-09 02:27:41,715 [trainer.py] => (curve) top1 Acc: [87.98, 82.32]
2026-09-09 02:27:41,715 [trainer.py] => Avergae Acc: 85.15
2026-09-09 02:27:41,715 [trainer.py] => (curve) top1 Acc with task: [87.98, 87.67]
2026-09-09 02:27:41,715 [trainer.py] => Avergae Acc: 87.83
2026-09-09 02:27:41,715 [trainer.py] => (curve) top1 Acc task: [100.0, 89.39]
2026-09-09 02:27:41,715 [trainer.py] => Avergae Acc: 94.69
2026-09-09 02:27:41,715 [trainer.py] => ================================================================================
2026-09-09 02:27:41,715 [trainer.py] => ================================================================================
2026-09-09 02:27:41,775 [base.py] => Task 2 learning on class 138-207
2026-09-09 02:27:41,785 [toolkit.py] => Total params:     109,496,769
2026-09-09 02:27:41,785 [toolkit.py] => Trainable params: 2,264,922
2026-09-09 02:27:41,785 [toolkit.py] => Trainable ratio:  2.0685%
2026-09-09 03:22:18,712 [sdlora_e.py] => Task 2, Epoch 5/5 => Loss 0.525, Train_accy 86.30
2026-09-09 03:22:18,716 [trainer.py] => Training time: 0h 54m 37s
2026-09-09 03:25:39,238 [trainer.py] => Evaluation time: 0h 3m 20s
2026-09-09 03:25:39,239 [trainer.py] => Accuracy: {'total': 78.46, '00-68': 74.58, '69-137': 79.06, '138-206': 81.61, 'old': 76.78, 'new': 81.61}
2026-09-09 03:25:39,239 [trainer.py] => (curve) top1 Acc: [87.98, 82.32, 78.46]
2026-09-09 03:25:39,239 [trainer.py] => Avergae Acc: 82.92
2026-09-09 03:25:39,239 [trainer.py] => (curve) top1 Acc with task: [87.98, 87.67, 87.15]
2026-09-09 03:25:39,239 [trainer.py] => Avergae Acc: 87.60
2026-09-09 03:25:39,239 [trainer.py] => (curve) top1 Acc task: [100.0, 89.39, 83.95]
2026-09-09 03:25:39,239 [trainer.py] => Avergae Acc: 91.11
2026-09-09 03:25:39,239 [trainer.py] => ================================================================================
2026-09-09 03:25:39,239 [trainer.py] => ================================================================================
2026-09-09 03:25:39,296 [base.py] => Task 3 learning on class 207-276
2026-09-09 03:25:39,306 [toolkit.py] => Total params:     109,496,769
2026-09-09 03:25:39,306 [toolkit.py] => Trainable params: 2,264,922
2026-09-09 03:25:39,306 [toolkit.py] => Trainable ratio:  2.0685%
2026-09-09 04:21:51,463 [sdlora_e.py] => Task 3, Epoch 5/5 => Loss 0.481, Train_accy 87.48
2026-09-09 04:21:51,466 [trainer.py] => Training time: 0h 56m 12s
2026-09-09 04:26:34,257 [trainer.py] => Evaluation time: 0h 4m 42s
2026-09-09 04:26:34,258 [trainer.py] => Accuracy: {'total': 76.02, '00-68': 70.65, '69-137': 76.09, '138-206': 78.36, '207-275': 78.93, 'old': 75.07, 'new': 78.93}
2026-09-09 04:26:34,258 [trainer.py] => (curve) top1 Acc: [87.98, 82.32, 78.46, 76.02]
2026-09-09 04:26:34,258 [trainer.py] => Avergae Acc: 81.19
2026-09-09 04:26:34,258 [trainer.py] => (curve) top1 Acc with task: [87.98, 87.67, 87.15, 87.0]
2026-09-09 04:26:34,258 [trainer.py] => Avergae Acc: 87.45
2026-09-09 04:26:34,258 [trainer.py] => (curve) top1 Acc task: [100.0, 89.39, 83.95, 80.72]
2026-09-09 04:26:34,258 [trainer.py] => Avergae Acc: 88.51
2026-09-09 04:26:34,258 [trainer.py] => ================================================================================
2026-09-09 04:26:34,258 [trainer.py] => ================================================================================
2026-09-09 04:26:34,320 [base.py] => Task 4 learning on class 276-345
2026-09-09 04:26:34,330 [toolkit.py] => Total params:     109,496,769
2026-09-09 04:26:34,330 [toolkit.py] => Trainable params: 2,264,922
2026-09-09 04:26:34,330 [toolkit.py] => Trainable ratio:  2.0685%
2026-09-09 05:24:48,461 [sdlora_e.py] => Task 4, Epoch 5/5 => Loss 0.469, Train_accy 87.74
2026-09-09 05:24:48,464 [trainer.py] => Training time: 0h 58m 14s
2026-09-09 05:31:01,890 [trainer.py] => Evaluation time: 0h 6m 13s
2026-09-09 05:31:01,891 [trainer.py] => Accuracy: {'total': 73.53, '00-68': 67.2, '69-137': 72.09, '138-206': 75.44, '207-275': 75.55, '276-344': 77.3, 'old': 72.6, 'new': 77.3}
2026-09-09 05:31:01,891 [trainer.py] => (curve) top1 Acc: [87.98, 82.32, 78.46, 76.02, 73.53]
2026-09-09 05:31:01,891 [trainer.py] => Avergae Acc: 79.66
2026-09-09 05:31:01,891 [trainer.py] => (curve) top1 Acc with task: [87.98, 87.67, 87.15, 87.0, 87.05]
2026-09-09 05:31:01,891 [trainer.py] => Avergae Acc: 87.37
2026-09-09 05:31:01,891 [trainer.py] => (curve) top1 Acc task: [100.0, 89.39, 83.95, 80.72, 77.48]
2026-09-09 05:31:01,891 [trainer.py] => Avergae Acc: 86.31
2026-09-09 05:31:01,891 [trainer.py] => ================================================================================
