2026-09-09 12:34:18,961 [toolkit.py] => config: configs/sdlora_e/domain_seed=2026.json
2026-09-09 12:34:18,961 [toolkit.py] => device: [device(type='cuda', index=1)]
2026-09-09 12:34:18,961 [toolkit.py] => debug: False
2026-09-09 12:34:18,962 [toolkit.py] => save_ckp: False
2026-09-09 12:34:18,962 [toolkit.py] => moe_list: None
2026-09-09 12:34:18,962 [toolkit.py] => seed: 2026
2026-09-09 12:34:18,962 [toolkit.py] => dataset: domainnet
2026-09-09 12:34:18,962 [toolkit.py] => data_path: data/domainnet
2026-09-09 12:34:18,962 [toolkit.py] => load: vit_base_patch16_224_in21k
2026-09-09 12:34:18,962 [toolkit.py] => init_cls: 69
2026-09-09 12:34:18,962 [toolkit.py] => increment: 69
2026-09-09 12:34:18,962 [toolkit.py] => sessions: 5
2026-09-09 12:34:18,962 [toolkit.py] => shuffle: False
2026-09-09 12:34:18,962 [toolkit.py] => method: sdlora_e
2026-09-09 12:34:18,962 [toolkit.py] => optimizer: adam
2026-09-09 12:34:18,962 [toolkit.py] => scheduler: cosine
2026-09-09 12:34:18,962 [toolkit.py] => epochs: 5
2026-09-09 12:34:18,962 [toolkit.py] => lrate: 0.0005
2026-09-09 12:34:18,962 [toolkit.py] => fc_lrate: 0.005
2026-09-09 12:34:18,962 [toolkit.py] => weight_decay: 0.0
2026-09-09 12:34:18,962 [toolkit.py] => batch_size: 128
2026-09-09 12:34:18,962 [toolkit.py] => rank: 30
2026-09-09 12:34:18,962 [toolkit.py] => num_workers: 16
2026-09-09 12:34:18,962 [toolkit.py] => lrate_head: 0
2026-09-09 12:34:18,962 [toolkit.py] => R: 0.5
2026-09-09 12:34:18,962 [toolkit.py] => logdir: logs/sdlora_e/domainnet/t5
2026-09-09 12:34:18,962 [toolkit.py] => logfilename: logs/sdlora_e/domainnet/t5/seed2026
2026-09-09 12:34:19,190 [data_manager.py] => Class index order: 0, 1, 2, 3, 4, ..., 340, 341, 342, 343, 344
2026-09-09 12:34:23,512 [trainer.py] => ================================================================================
2026-09-09 12:34:23,513 [trainer.py] => Dataset Information
2026-09-09 12:34:23,513 [trainer.py] => ================================================================================
2026-09-09 12:34:23,513 [trainer.py] =>   Dataset name     : domainnet
2026-09-09 12:34:23,513 [trainer.py] =>   Data path        : data/domainnet
2026-09-09 12:34:23,513 [trainer.py] =>   Total classes    : 345
2026-09-09 12:34:23,513 [trainer.py] =>   Total tasks      : 5
2026-09-09 12:34:23,513 [trainer.py] =>   Task increments  : [69, 69, 69, 69, 69]
2026-09-09 12:34:23,513 [trainer.py] =>   Init classes     : 69
2026-09-09 12:34:23,513 [trainer.py] =>   Increment per task: 69
2026-09-09 12:34:23,513 [trainer.py] =>   Shuffle          : False
2026-09-09 12:34:23,513 [trainer.py] =>   Seed             : 2026
2026-09-09 12:34:23,513 [trainer.py] => --------------------------------------------------------------------------------
2026-09-09 12:34:23,513 [trainer.py] => Task split:
2026-09-09 12:34:23,578 [trainer.py] =>   Task 0: classes 0-68 (69 classes) | Train: 67628 images (265 batches), Test: 17009 images (67 batches)
2026-09-09 12:34:23,639 [trainer.py] =>   Task 1: classes 69-137 (69 classes) | Train: 65335 images (256 batches), Test: 16374 images (64 batches)
2026-09-09 12:34:23,700 [trainer.py] =>   Task 2: classes 138-206 (69 classes) | Train: 70512 images (276 batches), Test: 17747 images (70 batches)
2026-09-09 12:34:23,764 [trainer.py] =>   Task 3: classes 207-275 (69 classes) | Train: 68362 images (268 batches), Test: 16831 images (66 batches)
2026-09-09 12:34:23,825 [trainer.py] =>   Task 4: classes 276-344 (69 classes) | Train: 66967 images (262 batches), Test: 16741 images (66 batches)
2026-09-09 12:34:23,825 [trainer.py] => ================================================================================
2026-09-09 12:34:23,825 [trainer.py] => ================================================================================
2026-09-09 12:34:23,873 [base.py] => Task 0 learning on class 0-69
2026-09-09 12:34:24,344 [toolkit.py] => Total params:     109,496,769
2026-09-09 12:34:24,344 [toolkit.py] => Trainable params: 2,264,922
2026-09-09 12:34:24,344 [toolkit.py] => Trainable ratio:  2.0685%
2026-09-09 13:20:27,224 [sdlora_e.py] => Task 0, Epoch 5/5 => Loss 0.471, Train_accy 87.77
2026-09-09 13:20:27,225 [trainer.py] => Training time: 0h 46m 3s
2026-09-09 13:21:26,899 [trainer.py] => Evaluation time: 0h 0m 59s
2026-09-09 13:21:26,899 [trainer.py] => Accuracy: {'total': 88.04, '00-68': 88.04, 'old': 0, 'new': 88.04}
2026-09-09 13:21:26,899 [trainer.py] => (curve) top1 Acc: [88.04]
2026-09-09 13:21:26,899 [trainer.py] => Avergae Acc: 88.04
2026-09-09 13:21:26,899 [trainer.py] => (curve) top1 Acc with task: [88.04]
2026-09-09 13:21:26,899 [trainer.py] => Avergae Acc: 88.04
2026-09-09 13:21:26,900 [trainer.py] => (curve) top1 Acc task: [100.0]
2026-09-09 13:21:26,900 [trainer.py] => Avergae Acc: 100.00
2026-09-09 13:21:26,900 [trainer.py] => ================================================================================
2026-09-09 13:21:26,900 [trainer.py] => ================================================================================
2026-09-09 13:21:26,971 [base.py] => Task 1 learning on class 69-138
2026-09-09 13:21:26,980 [toolkit.py] => Total params:     109,496,769
2026-09-09 13:21:26,980 [toolkit.py] => Trainable params: 2,264,922
2026-09-09 13:21:26,980 [toolkit.py] => Trainable ratio:  2.0685%
2026-09-09 14:09:02,788 [sdlora_e.py] => Task 1, Epoch 5/5 => Loss 0.481, Train_accy 87.48
2026-09-09 14:09:02,797 [trainer.py] => Training time: 0h 47m 35s
2026-09-09 14:11:08,008 [trainer.py] => Evaluation time: 0h 2m 5s
2026-09-09 14:11:08,008 [trainer.py] => Accuracy: {'total': 82.43, '00-68': 80.52, '69-137': 84.41, 'old': 80.52, 'new': 84.41}
2026-09-09 14:11:08,008 [trainer.py] => (curve) top1 Acc: [88.04, 82.43]
2026-09-09 14:11:08,008 [trainer.py] => Avergae Acc: 85.24
2026-09-09 14:11:08,009 [trainer.py] => (curve) top1 Acc with task: [88.04, 87.72]
2026-09-09 14:11:08,009 [trainer.py] => Avergae Acc: 87.88
2026-09-09 14:11:08,009 [trainer.py] => (curve) top1 Acc task: [100.0, 89.48]
2026-09-09 14:11:08,009 [trainer.py] => Avergae Acc: 94.74
2026-09-09 14:11:08,009 [trainer.py] => ================================================================================
2026-09-09 14:11:08,009 [trainer.py] => ================================================================================
2026-09-09 14:11:08,066 [base.py] => Task 2 learning on class 138-207
2026-09-09 14:11:08,076 [toolkit.py] => Total params:     109,496,769
2026-09-09 14:11:08,076 [toolkit.py] => Trainable params: 2,264,922
2026-09-09 14:11:08,076 [toolkit.py] => Trainable ratio:  2.0685%
2026-09-09 15:05:45,171 [sdlora_e.py] => Task 2, Epoch 5/5 => Loss 0.524, Train_accy 86.14
2026-09-09 15:05:45,173 [trainer.py] => Training time: 0h 54m 37s
2026-09-09 15:09:06,285 [trainer.py] => Evaluation time: 0h 3m 21s
2026-09-09 15:09:06,285 [trainer.py] => Accuracy: {'total': 78.39, '00-68': 74.41, '69-137': 79.3, '138-206': 81.38, 'old': 76.81, 'new': 81.38}
2026-09-09 15:09:06,285 [trainer.py] => (curve) top1 Acc: [88.04, 82.43, 78.39]
2026-09-09 15:09:06,285 [trainer.py] => Avergae Acc: 82.95
2026-09-09 15:09:06,285 [trainer.py] => (curve) top1 Acc with task: [88.04, 87.72, 87.09]
2026-09-09 15:09:06,285 [trainer.py] => Avergae Acc: 87.62
2026-09-09 15:09:06,285 [trainer.py] => (curve) top1 Acc task: [100.0, 89.48, 83.96]
2026-09-09 15:09:06,285 [trainer.py] => Avergae Acc: 91.15
2026-09-09 15:09:06,285 [trainer.py] => ================================================================================
2026-09-09 15:09:06,286 [trainer.py] => ================================================================================
2026-09-09 15:09:06,341 [base.py] => Task 3 learning on class 207-276
2026-09-09 15:09:06,351 [toolkit.py] => Total params:     109,496,769
2026-09-09 15:09:06,351 [toolkit.py] => Trainable params: 2,264,922
2026-09-09 15:09:06,351 [toolkit.py] => Trainable ratio:  2.0685%
2026-09-09 16:05:21,072 [sdlora_e.py] => Task 3, Epoch 5/5 => Loss 0.481, Train_accy 87.38
2026-09-09 16:05:21,075 [trainer.py] => Training time: 0h 56m 14s
2026-09-09 16:10:03,704 [trainer.py] => Evaluation time: 0h 4m 42s
2026-09-09 16:10:03,704 [trainer.py] => Accuracy: {'total': 76.06, '00-68': 70.32, '69-137': 76.57, '138-206': 78.13, '207-275': 79.19, 'old': 75.03, 'new': 79.19}
2026-09-09 16:10:03,704 [trainer.py] => (curve) top1 Acc: [88.04, 82.43, 78.39, 76.06]
2026-09-09 16:10:03,705 [trainer.py] => Avergae Acc: 81.23
2026-09-09 16:10:03,705 [trainer.py] => (curve) top1 Acc with task: [88.04, 87.72, 87.09, 86.97]
2026-09-09 16:10:03,705 [trainer.py] => Avergae Acc: 87.46
2026-09-09 16:10:03,705 [trainer.py] => (curve) top1 Acc task: [100.0, 89.48, 83.96, 80.8]
2026-09-09 16:10:03,705 [trainer.py] => Avergae Acc: 88.56
2026-09-09 16:10:03,705 [trainer.py] => ================================================================================
2026-09-09 16:10:03,705 [trainer.py] => ================================================================================
2026-09-09 16:10:03,767 [base.py] => Task 4 learning on class 276-345
2026-09-09 16:10:03,777 [toolkit.py] => Total params:     109,496,769
2026-09-09 16:10:03,777 [toolkit.py] => Trainable params: 2,264,922
2026-09-09 16:10:03,777 [toolkit.py] => Trainable ratio:  2.0685%
2026-09-09 17:08:24,386 [sdlora_e.py] => Task 4, Epoch 5/5 => Loss 0.465, Train_accy 87.77
2026-09-09 17:08:24,389 [trainer.py] => Training time: 0h 58m 20s
2026-09-09 17:14:39,235 [trainer.py] => Evaluation time: 0h 6m 14s
2026-09-09 17:14:39,236 [trainer.py] => Accuracy: {'total': 73.53, '00-68': 66.96, '69-137': 72.21, '138-206': 74.71, '207-275': 75.87, '276-344': 77.9, 'old': 72.46, 'new': 77.9}
2026-09-09 17:14:39,236 [trainer.py] => (curve) top1 Acc: [88.04, 82.43, 78.39, 76.06, 73.53]
2026-09-09 17:14:39,236 [trainer.py] => Avergae Acc: 79.69
2026-09-09 17:14:39,236 [trainer.py] => (curve) top1 Acc with task: [88.04, 87.72, 87.09, 86.97, 87.05]
2026-09-09 17:14:39,236 [trainer.py] => Avergae Acc: 87.37
2026-09-09 17:14:39,236 [trainer.py] => (curve) top1 Acc task: [100.0, 89.48, 83.96, 80.8, 77.48]
2026-09-09 17:14:39,236 [trainer.py] => Avergae Acc: 86.34
2026-09-09 17:14:39,236 [trainer.py] => ================================================================================
