2026-08-30 06:47:16,578 [toolkit.py] => config: configs/sdlora_e/domain_seed=1993.json
2026-08-30 06:47:16,578 [toolkit.py] => device: [device(type='cuda', index=2)]
2026-08-30 06:47:16,578 [toolkit.py] => debug: False
2026-08-30 06:47:16,578 [toolkit.py] => save_ckp: False
2026-08-30 06:47:16,578 [toolkit.py] => moe_list: None
2026-08-30 06:47:16,578 [toolkit.py] => seed: 1993
2026-08-30 06:47:16,578 [toolkit.py] => dataset: domainnet
2026-08-30 06:47:16,578 [toolkit.py] => data_path: data/domainnet
2026-08-30 06:47:16,578 [toolkit.py] => load: vit_base_patch16_224_in21k
2026-08-30 06:47:16,578 [toolkit.py] => init_cls: 69
2026-08-30 06:47:16,578 [toolkit.py] => increment: 69
2026-08-30 06:47:16,578 [toolkit.py] => sessions: 5
2026-08-30 06:47:16,578 [toolkit.py] => shuffle: False
2026-08-30 06:47:16,578 [toolkit.py] => method: sdlora_e
2026-08-30 06:47:16,578 [toolkit.py] => optimizer: adam
2026-08-30 06:47:16,578 [toolkit.py] => scheduler: cosine
2026-08-30 06:47:16,578 [toolkit.py] => epochs: 5
2026-08-30 06:47:16,578 [toolkit.py] => lrate: 0.02
2026-08-30 06:47:16,578 [toolkit.py] => fc_lrate: 0.02
2026-08-30 06:47:16,578 [toolkit.py] => weight_decay: 0.0
2026-08-30 06:47:16,578 [toolkit.py] => batch_size: 128
2026-08-30 06:47:16,578 [toolkit.py] => rank: 30
2026-08-30 06:47:16,578 [toolkit.py] => num_workers: 16
2026-08-30 06:47:16,578 [toolkit.py] => lrate_head: 0
2026-08-30 06:47:16,578 [toolkit.py] => R: 0.5
2026-08-30 06:47:16,578 [toolkit.py] => logdir: logs/sdlora_e/domainnet/t5
2026-08-30 06:47:16,578 [toolkit.py] => logfilename: logs/sdlora_e/domainnet/t5/seed1993
2026-08-30 06:47:16,789 [data_manager.py] => Class index order: 0, 1, 2, 3, 4, ..., 340, 341, 342, 343, 344
2026-08-30 06:47:21,170 [trainer.py] => ================================================================================
2026-08-30 06:47:21,170 [trainer.py] => Dataset Information
2026-08-30 06:47:21,170 [trainer.py] => ================================================================================
2026-08-30 06:47:21,170 [trainer.py] =>   Dataset name     : domainnet
2026-08-30 06:47:21,170 [trainer.py] =>   Data path        : data/domainnet
2026-08-30 06:47:21,170 [trainer.py] =>   Total classes    : 345
2026-08-30 06:47:21,170 [trainer.py] =>   Total tasks      : 5
2026-08-30 06:47:21,170 [trainer.py] =>   Task increments  : [69, 69, 69, 69, 69]
2026-08-30 06:47:21,170 [trainer.py] =>   Init classes     : 69
2026-08-30 06:47:21,170 [trainer.py] =>   Increment per task: 69
2026-08-30 06:47:21,170 [trainer.py] =>   Shuffle          : False
2026-08-30 06:47:21,170 [trainer.py] =>   Seed             : 1993
2026-08-30 06:47:21,170 [trainer.py] => --------------------------------------------------------------------------------
2026-08-30 06:47:21,170 [trainer.py] => Task split:
2026-08-30 06:47:21,260 [trainer.py] =>   Task 0: classes 0-68 (69 classes) | Train: 67628 images (265 batches), Test: 17009 images (67 batches)
2026-08-30 06:47:21,322 [trainer.py] =>   Task 1: classes 69-137 (69 classes) | Train: 65335 images (256 batches), Test: 16374 images (64 batches)
2026-08-30 06:47:21,383 [trainer.py] =>   Task 2: classes 138-206 (69 classes) | Train: 70512 images (276 batches), Test: 17747 images (70 batches)
2026-08-30 06:47:21,443 [trainer.py] =>   Task 3: classes 207-275 (69 classes) | Train: 68362 images (268 batches), Test: 16831 images (66 batches)
2026-08-30 06:47:21,507 [trainer.py] =>   Task 4: classes 276-344 (69 classes) | Train: 66967 images (262 batches), Test: 16741 images (66 batches)
2026-08-30 06:47:21,507 [trainer.py] => ================================================================================
2026-08-30 06:47:21,507 [trainer.py] => ================================================================================
2026-08-30 06:47:21,564 [base.py] => Task 0 learning on class 0-69
2026-08-30 06:47:22,131 [toolkit.py] => Total params:     109,496,769
2026-08-30 06:47:22,131 [toolkit.py] => Trainable params: 2,264,922
2026-08-30 06:47:22,131 [toolkit.py] => Trainable ratio:  2.0685%
2026-08-30 07:33:21,474 [sdlora_e.py] => Task 0, Epoch 5/5 => Loss 4.091, Train_accy 4.54
2026-08-30 07:33:21,475 [trainer.py] => Training time: 0h 45m 59s
2026-08-30 07:34:20,797 [trainer.py] => Evaluation time: 0h 0m 59s
2026-08-30 07:34:20,797 [trainer.py] => Accuracy: {'total': 4.59, '00-68': 4.59, 'old': 0, 'new': 4.59}
2026-08-30 07:34:20,797 [trainer.py] => (curve) top1 Acc: [4.59]
2026-08-30 07:34:20,797 [trainer.py] => Avergae Acc: 4.59
2026-08-30 07:34:20,797 [trainer.py] => (curve) top1 Acc with task: [4.59]
2026-08-30 07:34:20,797 [trainer.py] => Avergae Acc: 4.59
2026-08-30 07:34:20,797 [trainer.py] => (curve) top1 Acc task: [100.0]
2026-08-30 07:34:20,797 [trainer.py] => Avergae Acc: 100.00
2026-08-30 07:34:20,797 [trainer.py] => ================================================================================
2026-08-30 07:34:20,798 [trainer.py] => ================================================================================
2026-08-30 07:34:20,854 [base.py] => Task 1 learning on class 69-138
2026-08-30 07:34:20,864 [toolkit.py] => Total params:     109,496,769
2026-08-30 07:34:20,865 [toolkit.py] => Trainable params: 2,264,922
2026-08-30 07:34:20,865 [toolkit.py] => Trainable ratio:  2.0685%
2026-08-30 08:21:43,999 [sdlora_e.py] => Task 1, Epoch 5/5 => Loss 3.861, Train_accy 9.11
2026-08-30 08:21:44,002 [trainer.py] => Training time: 0h 47m 23s
2026-08-30 08:23:48,263 [trainer.py] => Evaluation time: 0h 2m 4s
2026-08-30 08:23:48,263 [trainer.py] => Accuracy: {'total': 3.56, '00-68': 0.0, '69-137': 7.26, 'old': 0.0, 'new': 7.26}
2026-08-30 08:23:48,263 [trainer.py] => (curve) top1 Acc: [4.59, 3.56]
2026-08-30 08:23:48,264 [trainer.py] => Avergae Acc: 4.08
2026-08-30 08:23:48,264 [trainer.py] => (curve) top1 Acc with task: [4.59, 5.16]
2026-08-30 08:23:48,264 [trainer.py] => Avergae Acc: 4.88
2026-08-30 08:23:48,264 [trainer.py] => (curve) top1 Acc task: [100.0, 49.06]
2026-08-30 08:23:48,264 [trainer.py] => Avergae Acc: 74.53
2026-08-30 08:23:48,264 [trainer.py] => ================================================================================
2026-08-30 08:23:48,264 [trainer.py] => ================================================================================
2026-08-30 08:23:48,341 [base.py] => Task 2 learning on class 138-207
2026-08-30 08:23:48,352 [toolkit.py] => Total params:     109,496,769
2026-08-30 08:23:48,352 [toolkit.py] => Trainable params: 2,264,922
2026-08-30 08:23:48,352 [toolkit.py] => Trainable ratio:  2.0685%
2026-08-30 09:18:09,493 [sdlora_e.py] => Task 2, Epoch 5/5 => Loss 3.850, Train_accy 9.28
2026-08-30 09:18:09,499 [trainer.py] => Training time: 0h 54m 21s
2026-08-30 09:21:30,214 [trainer.py] => Evaluation time: 0h 3m 20s
2026-08-30 09:21:30,215 [trainer.py] => Accuracy: {'total': 1.95, '00-68': 0.0, '69-137': 1.67, '138-206': 4.06, 'old': 0.82, 'new': 4.06}
2026-08-30 09:21:30,215 [trainer.py] => (curve) top1 Acc: [4.59, 3.56, 1.95]
2026-08-30 09:21:30,215 [trainer.py] => Avergae Acc: 3.37
2026-08-30 09:21:30,215 [trainer.py] => (curve) top1 Acc with task: [4.59, 5.16, 4.06]
2026-08-30 09:21:30,215 [trainer.py] => Avergae Acc: 4.60
2026-08-30 09:21:30,215 [trainer.py] => (curve) top1 Acc task: [100.0, 49.06, 33.61]
2026-08-30 09:21:30,215 [trainer.py] => Avergae Acc: 60.89
2026-08-30 09:21:30,215 [trainer.py] => ================================================================================
2026-08-30 09:21:30,215 [trainer.py] => ================================================================================
2026-08-30 09:21:30,273 [base.py] => Task 3 learning on class 207-276
2026-08-30 09:21:30,283 [toolkit.py] => Total params:     109,496,769
2026-08-30 09:21:30,283 [toolkit.py] => Trainable params: 2,264,922
2026-08-30 09:21:30,283 [toolkit.py] => Trainable ratio:  2.0685%
2026-08-30 10:17:23,803 [sdlora_e.py] => Task 3, Epoch 5/5 => Loss 3.818, Train_accy 10.09
2026-08-30 10:17:23,807 [trainer.py] => Training time: 0h 55m 53s
2026-08-30 10:22:04,834 [trainer.py] => Evaluation time: 0h 4m 41s
2026-08-30 10:22:04,835 [trainer.py] => Accuracy: {'total': 1.7, '00-68': 0.02, '69-137': 0.2, '138-206': 1.76, '207-275': 4.78, 'old': 0.68, 'new': 4.78}
2026-08-30 10:22:04,835 [trainer.py] => (curve) top1 Acc: [4.59, 3.56, 1.95, 1.7]
2026-08-30 10:22:04,835 [trainer.py] => Avergae Acc: 2.95
2026-08-30 10:22:04,835 [trainer.py] => (curve) top1 Acc with task: [4.59, 5.16, 4.06, 4.47]
2026-08-30 10:22:04,835 [trainer.py] => Avergae Acc: 4.57
2026-08-30 10:22:04,835 [trainer.py] => (curve) top1 Acc task: [100.0, 49.06, 33.61, 25.31]
2026-08-30 10:22:04,835 [trainer.py] => Avergae Acc: 52.00
2026-08-30 10:22:04,835 [trainer.py] => ================================================================================
2026-08-30 10:22:04,835 [trainer.py] => ================================================================================
2026-08-30 10:22:04,908 [base.py] => Task 4 learning on class 276-345
2026-08-30 10:22:04,919 [toolkit.py] => Total params:     109,496,769
2026-08-30 10:22:04,919 [toolkit.py] => Trainable params: 2,264,922
2026-08-30 10:22:04,919 [toolkit.py] => Trainable ratio:  2.0685%
2026-08-30 11:19:57,991 [sdlora_e.py] => Task 4, Epoch 5/5 => Loss 3.844, Train_accy 9.43
2026-08-30 11:19:57,996 [trainer.py] => Training time: 0h 57m 53s
2026-08-30 11:26:10,389 [trainer.py] => Evaluation time: 0h 6m 12s
2026-08-30 11:26:10,389 [trainer.py] => Accuracy: {'total': 1.26, '00-68': 0.0, '69-137': 0.2, '138-206': 0.98, '207-275': 2.74, '276-344': 2.38, 'old': 0.98, 'new': 2.38}
2026-08-30 11:26:10,389 [trainer.py] => (curve) top1 Acc: [4.59, 3.56, 1.95, 1.7, 1.26]
2026-08-30 11:26:10,389 [trainer.py] => Avergae Acc: 2.61
2026-08-30 11:26:10,389 [trainer.py] => (curve) top1 Acc with task: [4.59, 5.16, 4.06, 4.47, 4.6]
2026-08-30 11:26:10,389 [trainer.py] => Avergae Acc: 4.58
2026-08-30 11:26:10,389 [trainer.py] => (curve) top1 Acc task: [100.0, 49.06, 33.61, 25.31, 19.7]
2026-08-30 11:26:10,389 [trainer.py] => Avergae Acc: 45.54
2026-08-30 11:26:10,389 [trainer.py] => ================================================================================
2026-08-31 15:02:52,485 [toolkit.py] => config: configs/sdlora_e/domain_seed=1993.json
2026-08-31 15:02:52,502 [toolkit.py] => device: [device(type='cuda', index=2)]
2026-08-31 15:02:52,502 [toolkit.py] => debug: False
2026-08-31 15:02:52,502 [toolkit.py] => save_ckp: False
2026-08-31 15:02:52,502 [toolkit.py] => moe_list: None
2026-08-31 15:02:52,503 [toolkit.py] => seed: 1993
2026-08-31 15:02:52,503 [toolkit.py] => dataset: domainnet
2026-08-31 15:02:52,503 [toolkit.py] => data_path: data/domainnet
2026-08-31 15:02:52,503 [toolkit.py] => load: vit_base_patch16_224_in21k
2026-08-31 15:02:52,503 [toolkit.py] => init_cls: 69
2026-08-31 15:02:52,503 [toolkit.py] => increment: 69
2026-08-31 15:02:52,503 [toolkit.py] => sessions: 5
2026-08-31 15:02:52,503 [toolkit.py] => shuffle: False
2026-08-31 15:02:52,503 [toolkit.py] => method: sdlora_e
2026-08-31 15:02:52,503 [toolkit.py] => optimizer: adam
2026-08-31 15:02:52,503 [toolkit.py] => scheduler: cosine
2026-08-31 15:02:52,503 [toolkit.py] => epochs: 5
2026-08-31 15:02:52,503 [toolkit.py] => lrate: 0.0005
2026-08-31 15:02:52,503 [toolkit.py] => fc_lrate: 0.005
2026-08-31 15:02:52,503 [toolkit.py] => weight_decay: 0.0
2026-08-31 15:02:52,503 [toolkit.py] => batch_size: 128
2026-08-31 15:02:52,504 [toolkit.py] => rank: 30
2026-08-31 15:02:52,504 [toolkit.py] => num_workers: 16
2026-08-31 15:02:52,504 [toolkit.py] => lrate_head: 0
2026-08-31 15:02:52,504 [toolkit.py] => R: 0.5
2026-08-31 15:02:52,504 [toolkit.py] => logdir: logs/sdlora_e/domainnet/t5
2026-08-31 15:02:52,504 [toolkit.py] => logfilename: logs/sdlora_e/domainnet/t5/seed1993
2026-08-31 15:02:52,856 [data_manager.py] => Class index order: 0, 1, 2, 3, 4, ..., 340, 341, 342, 343, 344
2026-08-31 15:02:57,290 [trainer.py] => ================================================================================
2026-08-31 15:02:57,290 [trainer.py] => Dataset Information
2026-08-31 15:02:57,290 [trainer.py] => ================================================================================
2026-08-31 15:02:57,290 [trainer.py] =>   Dataset name     : domainnet
2026-08-31 15:02:57,290 [trainer.py] =>   Data path        : data/domainnet
2026-08-31 15:02:57,290 [trainer.py] =>   Total classes    : 345
2026-08-31 15:02:57,290 [trainer.py] =>   Total tasks      : 5
2026-08-31 15:02:57,290 [trainer.py] =>   Task increments  : [69, 69, 69, 69, 69]
2026-08-31 15:02:57,290 [trainer.py] =>   Init classes     : 69
2026-08-31 15:02:57,290 [trainer.py] =>   Increment per task: 69
2026-08-31 15:02:57,290 [trainer.py] =>   Shuffle          : False
2026-08-31 15:02:57,290 [trainer.py] =>   Seed             : 1993
2026-08-31 15:02:57,290 [trainer.py] => --------------------------------------------------------------------------------
2026-08-31 15:02:57,290 [trainer.py] => Task split:
2026-08-31 15:02:57,354 [trainer.py] =>   Task 0: classes 0-68 (69 classes) | Train: 67628 images (265 batches), Test: 17009 images (67 batches)
2026-08-31 15:02:57,413 [trainer.py] =>   Task 1: classes 69-137 (69 classes) | Train: 65335 images (256 batches), Test: 16374 images (64 batches)
2026-08-31 15:02:57,472 [trainer.py] =>   Task 2: classes 138-206 (69 classes) | Train: 70512 images (276 batches), Test: 17747 images (70 batches)
2026-08-31 15:02:57,530 [trainer.py] =>   Task 3: classes 207-275 (69 classes) | Train: 68362 images (268 batches), Test: 16831 images (66 batches)
2026-08-31 15:02:57,587 [trainer.py] =>   Task 4: classes 276-344 (69 classes) | Train: 66967 images (262 batches), Test: 16741 images (66 batches)
2026-08-31 15:02:57,587 [trainer.py] => ================================================================================
2026-08-31 15:02:57,587 [trainer.py] => ================================================================================
2026-08-31 15:02:57,634 [base.py] => Task 0 learning on class 0-69
2026-08-31 15:02:58,139 [toolkit.py] => Total params:     109,496,769
2026-08-31 15:02:58,139 [toolkit.py] => Trainable params: 2,264,922
2026-08-31 15:02:58,139 [toolkit.py] => Trainable ratio:  2.0685%
2026-08-31 15:49:49,082 [sdlora_e.py] => Task 0, Epoch 5/5 => Loss 0.473, Train_accy 87.69
2026-08-31 15:49:49,083 [trainer.py] => Training time: 0h 46m 51s
2026-08-31 15:50:54,783 [trainer.py] => Evaluation time: 0h 1m 5s
2026-08-31 15:50:54,783 [trainer.py] => Accuracy: {'total': 88.1, '00-68': 88.1, 'old': 0, 'new': 88.1}
2026-08-31 15:50:54,784 [trainer.py] => (curve) top1 Acc: [88.1]
2026-08-31 15:50:54,784 [trainer.py] => Avergae Acc: 88.10
2026-08-31 15:50:54,784 [trainer.py] => (curve) top1 Acc with task: [88.1]
2026-08-31 15:50:54,784 [trainer.py] => Avergae Acc: 88.10
2026-08-31 15:50:54,784 [trainer.py] => (curve) top1 Acc task: [100.0]
2026-08-31 15:50:54,784 [trainer.py] => Avergae Acc: 100.00
2026-08-31 15:50:54,784 [trainer.py] => ================================================================================
2026-08-31 15:50:54,784 [trainer.py] => ================================================================================
2026-08-31 15:50:54,859 [base.py] => Task 1 learning on class 69-138
2026-08-31 15:50:54,875 [toolkit.py] => Total params:     109,496,769
2026-08-31 15:50:54,875 [toolkit.py] => Trainable params: 2,264,922
2026-08-31 15:50:54,875 [toolkit.py] => Trainable ratio:  2.0685%
2026-08-31 16:39:22,901 [sdlora_e.py] => Task 1, Epoch 5/5 => Loss 0.484, Train_accy 87.41
2026-08-31 16:39:22,905 [trainer.py] => Training time: 0h 48m 28s
2026-08-31 16:41:32,039 [trainer.py] => Evaluation time: 0h 2m 9s
2026-08-31 16:41:32,040 [trainer.py] => Accuracy: {'total': 82.41, '00-68': 80.67, '69-137': 84.22, 'old': 80.67, 'new': 84.22}
2026-08-31 16:41:32,041 [trainer.py] => (curve) top1 Acc: [88.1, 82.41]
2026-08-31 16:41:32,041 [trainer.py] => Avergae Acc: 85.25
2026-08-31 16:41:32,041 [trainer.py] => (curve) top1 Acc with task: [88.1, 87.66]
2026-08-31 16:41:32,041 [trainer.py] => Avergae Acc: 87.88
2026-08-31 16:41:32,041 [trainer.py] => (curve) top1 Acc task: [100.0, 89.44]
2026-08-31 16:41:32,041 [trainer.py] => Avergae Acc: 94.72
2026-08-31 16:41:32,041 [trainer.py] => ================================================================================
2026-08-31 16:41:32,041 [trainer.py] => ================================================================================
2026-08-31 16:41:32,123 [base.py] => Task 2 learning on class 138-207
2026-08-31 16:41:32,138 [toolkit.py] => Total params:     109,496,769
2026-08-31 16:41:32,138 [toolkit.py] => Trainable params: 2,264,922
2026-08-31 16:41:32,138 [toolkit.py] => Trainable ratio:  2.0685%
2026-08-31 17:37:09,231 [sdlora_e.py] => Task 2, Epoch 5/5 => Loss 0.534, Train_accy 86.07
2026-08-31 17:37:09,236 [trainer.py] => Training time: 0h 55m 37s
2026-08-31 17:40:41,513 [trainer.py] => Evaluation time: 0h 3m 32s
2026-08-31 17:40:41,513 [trainer.py] => Accuracy: {'total': 78.54, '00-68': 75.07, '69-137': 78.9, '138-206': 81.53, 'old': 76.95, 'new': 81.53}
2026-08-31 17:40:41,513 [trainer.py] => (curve) top1 Acc: [88.1, 82.41, 78.54]
2026-08-31 17:40:41,513 [trainer.py] => Avergae Acc: 83.02
2026-08-31 17:40:41,514 [trainer.py] => (curve) top1 Acc with task: [88.1, 87.66, 87.17]
2026-08-31 17:40:41,514 [trainer.py] => Avergae Acc: 87.64
2026-08-31 17:40:41,514 [trainer.py] => (curve) top1 Acc task: [100.0, 89.44, 84.13]
2026-08-31 17:40:41,518 [trainer.py] => Avergae Acc: 91.19
2026-08-31 17:40:41,518 [trainer.py] => ================================================================================
2026-08-31 17:40:41,518 [trainer.py] => ================================================================================
2026-08-31 17:40:41,602 [base.py] => Task 3 learning on class 207-276
2026-08-31 17:40:41,618 [toolkit.py] => Total params:     109,496,769
2026-08-31 17:40:41,618 [toolkit.py] => Trainable params: 2,264,922
2026-08-31 17:40:41,618 [toolkit.py] => Trainable ratio:  2.0685%
2026-08-31 19:10:52,467 [sdlora_e.py] => Task 3, Epoch 5/5 => Loss 0.474, Train_accy 87.49
2026-08-31 19:10:52,501 [trainer.py] => Training time: 1h 30m 10s
2026-08-31 19:19:23,479 [trainer.py] => Evaluation time: 0h 8m 30s
2026-08-31 19:19:23,480 [trainer.py] => Accuracy: {'total': 75.6, '00-68': 70.09, '69-137': 74.94, '138-206': 78.17, '207-275': 79.1, 'old': 74.45, 'new': 79.1}
2026-08-31 19:19:23,480 [trainer.py] => (curve) top1 Acc: [88.1, 82.41, 78.54, 75.6]
2026-08-31 19:19:23,480 [trainer.py] => Avergae Acc: 81.16
2026-08-31 19:19:23,480 [trainer.py] => (curve) top1 Acc with task: [88.1, 87.66, 87.17, 86.91]
2026-08-31 19:19:23,480 [trainer.py] => Avergae Acc: 87.46
2026-08-31 19:19:23,480 [trainer.py] => (curve) top1 Acc task: [100.0, 89.44, 84.13, 80.36]
2026-08-31 19:19:23,480 [trainer.py] => Avergae Acc: 88.48
2026-08-31 19:19:23,480 [trainer.py] => ================================================================================
2026-08-31 19:19:23,480 [trainer.py] => ================================================================================
2026-08-31 19:19:23,542 [base.py] => Task 4 learning on class 276-345
2026-08-31 19:19:23,552 [toolkit.py] => Total params:     109,496,769
2026-08-31 19:19:23,553 [toolkit.py] => Trainable params: 2,264,922
2026-08-31 19:19:23,553 [toolkit.py] => Trainable ratio:  2.0685%
2026-08-31 20:31:49,352 [sdlora_e.py] => Task 4, Epoch 5/5 => Loss 0.462, Train_accy 87.89
2026-08-31 20:31:49,356 [trainer.py] => Training time: 1h 12m 25s
2026-08-31 20:38:04,013 [trainer.py] => Evaluation time: 0h 6m 14s
2026-08-31 20:38:04,014 [trainer.py] => Accuracy: {'total': 73.22, '00-68': 66.5, '69-137': 71.09, '138-206': 75.08, '207-275': 75.65, '276-344': 77.71, 'old': 72.11, 'new': 77.71}
2026-08-31 20:38:04,014 [trainer.py] => (curve) top1 Acc: [88.1, 82.41, 78.54, 75.6, 73.22]
2026-08-31 20:38:04,014 [trainer.py] => Avergae Acc: 79.57
2026-08-31 20:38:04,014 [trainer.py] => (curve) top1 Acc with task: [88.1, 87.66, 87.17, 86.91, 87.02]
2026-08-31 20:38:04,014 [trainer.py] => Avergae Acc: 87.37
2026-08-31 20:38:04,014 [trainer.py] => (curve) top1 Acc task: [100.0, 89.44, 84.13, 80.36, 77.23]
2026-08-31 20:38:04,014 [trainer.py] => Avergae Acc: 86.23
2026-08-31 20:38:04,014 [trainer.py] => ================================================================================
