2026-09-13 13:11:14,784 [toolkit.py] => config: configs/ewclora/imagenet-r_seed=2026.json
2026-09-13 13:11:14,785 [toolkit.py] => device: [device(type='cuda', index=1)]
2026-09-13 13:11:14,785 [toolkit.py] => debug: False
2026-09-13 13:11:14,785 [toolkit.py] => save_ckp: False
2026-09-13 13:11:14,785 [toolkit.py] => moe_list: None
2026-09-13 13:11:14,785 [toolkit.py] => seed: 2026
2026-09-13 13:11:14,785 [toolkit.py] => dataset: imagenet-r
2026-09-13 13:11:14,785 [toolkit.py] => data_path: data/imagenet-r
2026-09-13 13:11:14,785 [toolkit.py] => load: vit_base_patch16_224_in21k
2026-09-13 13:11:14,785 [toolkit.py] => init_cls: 20
2026-09-13 13:11:14,785 [toolkit.py] => increment: 20
2026-09-13 13:11:14,785 [toolkit.py] => sessions: 10
2026-09-13 13:11:14,785 [toolkit.py] => shuffle: False
2026-09-13 13:11:14,785 [toolkit.py] => method: ewclora
2026-09-13 13:11:14,785 [toolkit.py] => optimizer: adam
2026-09-13 13:11:14,785 [toolkit.py] => scheduler: cosine
2026-09-13 13:11:14,785 [toolkit.py] => epochs: 50
2026-09-13 13:11:14,785 [toolkit.py] => lrate: 0.0005
2026-09-13 13:11:14,785 [toolkit.py] => fc_lrate: 0.0005
2026-09-13 13:11:14,785 [toolkit.py] => weight_decay: 0.005
2026-09-13 13:11:14,785 [toolkit.py] => batch_size: 128
2026-09-13 13:11:14,785 [toolkit.py] => rank: 10
2026-09-13 13:11:14,785 [toolkit.py] => num_workers: 16
2026-09-13 13:11:14,785 [toolkit.py] => gamma: 0.9
2026-09-13 13:11:14,785 [toolkit.py] => lambda: 10000000.0
2026-09-13 13:11:14,785 [toolkit.py] => lrate_head: 0
2026-09-13 13:11:14,785 [toolkit.py] => logdir: logs/ewclora/imagenet-r/t10
2026-09-13 13:11:14,785 [toolkit.py] => logfilename: logs/ewclora/imagenet-r/t10/seed2026
2026-09-13 13:11:14,862 [data_manager.py] => Class index order: 0, 1, 2, 3, 4, ..., 195, 196, 197, 198, 199
2026-09-13 13:11:16,931 [trainer.py] => ================================================================================
2026-09-13 13:11:16,931 [trainer.py] => Dataset Information
2026-09-13 13:11:16,931 [trainer.py] => ================================================================================
2026-09-13 13:11:16,931 [trainer.py] =>   Dataset name     : imagenet-r
2026-09-13 13:11:16,931 [trainer.py] =>   Data path        : data/imagenet-r
2026-09-13 13:11:16,931 [trainer.py] =>   Total classes    : 200
2026-09-13 13:11:16,931 [trainer.py] =>   Total tasks      : 10
2026-09-13 13:11:16,931 [trainer.py] =>   Task increments  : [20, 20, 20, 20, 20, 20, 20, 20, 20, 20]
2026-09-13 13:11:16,931 [trainer.py] =>   Init classes     : 20
2026-09-13 13:11:16,931 [trainer.py] =>   Increment per task: 20
2026-09-13 13:11:16,931 [trainer.py] =>   Shuffle          : False
2026-09-13 13:11:16,931 [trainer.py] =>   Seed             : 2026
2026-09-13 13:11:16,931 [trainer.py] => --------------------------------------------------------------------------------
2026-09-13 13:11:16,931 [trainer.py] => Task split:
2026-09-13 13:11:16,933 [trainer.py] =>   Task 0: classes 0-19 (20 classes) | Train: 2585 images (11 batches), Test: 646 images (3 batches)
2026-09-13 13:11:16,934 [trainer.py] =>   Task 1: classes 20-39 (20 classes) | Train: 2886 images (12 batches), Test: 720 images (3 batches)
2026-09-13 13:11:16,936 [trainer.py] =>   Task 2: classes 40-59 (20 classes) | Train: 1739 images (7 batches), Test: 436 images (2 batches)
2026-09-13 13:11:16,937 [trainer.py] =>   Task 3: classes 60-79 (20 classes) | Train: 2344 images (10 batches), Test: 589 images (3 batches)
2026-09-13 13:11:16,938 [trainer.py] =>   Task 4: classes 80-99 (20 classes) | Train: 2816 images (11 batches), Test: 703 images (3 batches)
2026-09-13 13:11:16,939 [trainer.py] =>   Task 5: classes 100-119 (20 classes) | Train: 2215 images (9 batches), Test: 555 images (3 batches)
2026-09-13 13:11:16,940 [trainer.py] =>   Task 6: classes 120-139 (20 classes) | Train: 2274 images (9 batches), Test: 568 images (3 batches)
2026-09-13 13:11:16,941 [trainer.py] =>   Task 7: classes 140-159 (20 classes) | Train: 1821 images (8 batches), Test: 456 images (2 batches)
2026-09-13 13:11:16,943 [trainer.py] =>   Task 8: classes 160-179 (20 classes) | Train: 2489 images (10 batches), Test: 621 images (3 batches)
2026-09-13 13:11:16,944 [trainer.py] =>   Task 9: classes 180-199 (20 classes) | Train: 2831 images (12 batches), Test: 706 images (3 batches)
2026-09-13 13:11:16,944 [trainer.py] => ================================================================================
2026-09-13 13:11:16,944 [trainer.py] => ================================================================================
2026-09-13 13:11:16,945 [base.py] => Task 0 learning on class 0-20
2026-09-13 13:11:17,403 [toolkit.py] => Total params:     103,487,003
2026-09-13 13:11:17,403 [toolkit.py] => Trainable params: 384,020
2026-09-13 13:11:17,403 [toolkit.py] => Trainable ratio:  0.3711%
2026-09-13 13:30:43,770 [ewclora.py] => Task 0, Epoch 50/50 => Loss 0.195, Train_accy 93.85
2026-09-13 13:30:43,771 [trainer.py] => Training time: 0h 19m 26s
2026-09-13 13:30:46,959 [trainer.py] => Evaluation time: 0h 0m 3s
2026-09-13 13:31:10,061 [trainer.py] => Accuracy: {'total': 90.25, '00-19': 90.25, 'old': 0, 'new': 90.25}
2026-09-13 13:31:10,061 [trainer.py] => (curve) top1 Acc: [90.25]
2026-09-13 13:31:10,062 [trainer.py] => Avergae Acc: 90.25
2026-09-13 13:31:10,062 [trainer.py] => (curve) top1 Acc with task: [90.25]
2026-09-13 13:31:10,062 [trainer.py] => Avergae Acc: 90.25
2026-09-13 13:31:10,062 [trainer.py] => (curve) top1 Acc task: [100.0]
2026-09-13 13:31:10,062 [trainer.py] => Avergae Acc: 100.00
2026-09-13 13:31:10,062 [trainer.py] => ================================================================================
2026-09-13 13:31:10,062 [trainer.py] => ================================================================================
2026-09-13 13:31:10,063 [base.py] => Task 1 learning on class 20-40
2026-09-13 13:31:10,067 [toolkit.py] => Total params:     103,487,003
2026-09-13 13:31:10,067 [toolkit.py] => Trainable params: 384,020
2026-09-13 13:31:10,067 [toolkit.py] => Trainable ratio:  0.3711%
2026-09-13 13:52:53,740 [ewclora.py] => Task 1, Epoch 50/50 => Loss 0.253, Train_accy 93.24
2026-09-13 13:52:53,741 [trainer.py] => Training time: 0h 21m 43s
2026-09-13 13:52:59,415 [trainer.py] => Evaluation time: 0h 0m 5s
2026-09-13 13:53:25,537 [trainer.py] => Accuracy: {'total': 84.63, '00-19': 87.77, '20-39': 81.81, 'old': 87.77, 'new': 81.81}
2026-09-13 13:53:25,537 [trainer.py] => (curve) top1 Acc: [90.25, 84.63]
2026-09-13 13:53:25,537 [trainer.py] => Avergae Acc: 87.44
2026-09-13 13:53:25,537 [trainer.py] => (curve) top1 Acc with task: [90.25, 90.48]
2026-09-13 13:53:25,537 [trainer.py] => Avergae Acc: 90.37
2026-09-13 13:53:25,537 [trainer.py] => (curve) top1 Acc task: [100.0, 90.41]
2026-09-13 13:53:25,537 [trainer.py] => Avergae Acc: 95.20
2026-09-13 13:53:25,537 [trainer.py] => ================================================================================
2026-09-13 13:53:25,537 [trainer.py] => ================================================================================
2026-09-13 13:53:25,539 [base.py] => Task 2 learning on class 40-60
2026-09-13 13:53:25,543 [toolkit.py] => Total params:     103,487,003
2026-09-13 13:53:25,544 [toolkit.py] => Trainable params: 384,020
2026-09-13 13:53:25,545 [toolkit.py] => Trainable ratio:  0.3711%
2026-09-13 14:06:53,300 [ewclora.py] => Task 2, Epoch 50/50 => Loss 0.313, Train_accy 90.97
2026-09-13 14:06:53,301 [trainer.py] => Training time: 0h 13m 27s
2026-09-13 14:07:00,451 [trainer.py] => Evaluation time: 0h 0m 7s
2026-09-13 14:07:16,115 [trainer.py] => Accuracy: {'total': 80.02, '00-19': 86.84, '20-39': 81.67, '40-59': 67.2, 'old': 84.11, 'new': 67.2}
2026-09-13 14:07:16,116 [trainer.py] => (curve) top1 Acc: [90.25, 84.63, 80.02]
2026-09-13 14:07:16,116 [trainer.py] => Avergae Acc: 84.97
2026-09-13 14:07:16,116 [trainer.py] => (curve) top1 Acc with task: [90.25, 90.48, 87.96]
2026-09-13 14:07:16,116 [trainer.py] => Avergae Acc: 89.56
2026-09-13 14:07:16,116 [trainer.py] => (curve) top1 Acc task: [100.0, 90.41, 86.29]
2026-09-13 14:07:16,116 [trainer.py] => Avergae Acc: 92.23
2026-09-13 14:07:16,116 [trainer.py] => ================================================================================
2026-09-13 14:07:16,116 [trainer.py] => ================================================================================
2026-09-13 14:07:16,117 [base.py] => Task 3 learning on class 60-80
2026-09-13 14:07:16,121 [toolkit.py] => Total params:     103,487,003
2026-09-13 14:07:16,122 [toolkit.py] => Trainable params: 384,020
2026-09-13 14:07:16,122 [toolkit.py] => Trainable ratio:  0.3711%
2026-09-13 14:35:06,188 [ewclora.py] => Task 3, Epoch 50/50 => Loss 0.241, Train_accy 92.88
2026-09-13 14:35:06,189 [trainer.py] => Training time: 0h 27m 50s
2026-09-13 14:35:15,578 [trainer.py] => Evaluation time: 0h 0m 9s
2026-09-13 14:35:36,558 [trainer.py] => Accuracy: {'total': 77.58, '00-19': 85.91, '20-39': 80.69, '40-59': 64.68, '60-79': 74.19, 'old': 78.69, 'new': 74.19}
2026-09-13 14:35:36,558 [trainer.py] => (curve) top1 Acc: [90.25, 84.63, 80.02, 77.58]
2026-09-13 14:35:36,558 [trainer.py] => Avergae Acc: 83.12
2026-09-13 14:35:36,558 [trainer.py] => (curve) top1 Acc with task: [90.25, 90.48, 87.96, 87.91]
2026-09-13 14:35:36,558 [trainer.py] => Avergae Acc: 89.15
2026-09-13 14:35:36,558 [trainer.py] => (curve) top1 Acc task: [100.0, 90.41, 86.29, 82.64]
2026-09-13 14:35:36,558 [trainer.py] => Avergae Acc: 89.83
2026-09-13 14:35:36,558 [trainer.py] => ================================================================================
2026-09-13 14:35:36,558 [trainer.py] => ================================================================================
2026-09-13 14:35:36,561 [base.py] => Task 4 learning on class 80-100
2026-09-13 14:35:36,566 [toolkit.py] => Total params:     103,487,003
2026-09-13 14:35:36,566 [toolkit.py] => Trainable params: 384,020
2026-09-13 14:35:36,566 [toolkit.py] => Trainable ratio:  0.3711%
2026-09-13 14:56:50,312 [ewclora.py] => Task 4, Epoch 50/50 => Loss 0.272, Train_accy 92.12
2026-09-13 14:56:50,313 [trainer.py] => Training time: 0h 21m 13s
2026-09-13 14:57:01,824 [trainer.py] => Evaluation time: 0h 0m 11s
2026-09-13 14:57:26,397 [trainer.py] => Accuracy: {'total': 76.86, '00-19': 85.29, '20-39': 79.72, '40-59': 63.53, '60-79': 71.82, '80-99': 78.66, 'old': 76.33, 'new': 78.66}
2026-09-13 14:57:26,397 [trainer.py] => (curve) top1 Acc: [90.25, 84.63, 80.02, 77.58, 76.86]
2026-09-13 14:57:26,397 [trainer.py] => Avergae Acc: 81.87
2026-09-13 14:57:26,397 [trainer.py] => (curve) top1 Acc with task: [90.25, 90.48, 87.96, 87.91, 87.62]
2026-09-13 14:57:26,397 [trainer.py] => Avergae Acc: 88.84
2026-09-13 14:57:26,397 [trainer.py] => (curve) top1 Acc task: [100.0, 90.41, 86.29, 82.64, 81.71]
2026-09-13 14:57:26,397 [trainer.py] => Avergae Acc: 88.21
2026-09-13 14:57:26,397 [trainer.py] => ================================================================================
2026-09-13 14:57:26,397 [trainer.py] => ================================================================================
2026-09-13 14:57:26,399 [base.py] => Task 5 learning on class 100-120
2026-09-13 14:57:26,403 [toolkit.py] => Total params:     103,487,003
2026-09-13 14:57:26,403 [toolkit.py] => Trainable params: 384,020
2026-09-13 14:57:26,403 [toolkit.py] => Trainable ratio:  0.3711%
2026-09-13 15:14:22,222 [ewclora.py] => Task 5, Epoch 50/50 => Loss 0.254, Train_accy 93.32
2026-09-13 15:14:22,223 [trainer.py] => Training time: 0h 16m 55s
2026-09-13 15:14:35,566 [trainer.py] => Evaluation time: 0h 0m 13s
2026-09-13 15:14:55,858 [trainer.py] => Accuracy: {'total': 75.34, '00-19': 84.21, '20-39': 78.61, '40-59': 62.84, '60-79': 70.97, '80-99': 77.52, '100-119': 72.43, 'old': 75.86, 'new': 72.43}
2026-09-13 15:14:55,858 [trainer.py] => (curve) top1 Acc: [90.25, 84.63, 80.02, 77.58, 76.86, 75.34]
2026-09-13 15:14:55,858 [trainer.py] => Avergae Acc: 80.78
2026-09-13 15:14:55,858 [trainer.py] => (curve) top1 Acc with task: [90.25, 90.48, 87.96, 87.91, 87.62, 87.26]
2026-09-13 15:14:55,858 [trainer.py] => Avergae Acc: 88.58
2026-09-13 15:14:55,858 [trainer.py] => (curve) top1 Acc task: [100.0, 90.41, 86.29, 82.64, 81.71, 79.99]
2026-09-13 15:14:55,858 [trainer.py] => Avergae Acc: 86.84
2026-09-13 15:14:55,858 [trainer.py] => ================================================================================
2026-09-13 15:14:55,858 [trainer.py] => ================================================================================
2026-09-13 15:14:55,860 [base.py] => Task 6 learning on class 120-140
2026-09-13 15:14:55,864 [toolkit.py] => Total params:     103,487,003
2026-09-13 15:14:55,864 [toolkit.py] => Trainable params: 384,020
2026-09-13 15:14:55,864 [toolkit.py] => Trainable ratio:  0.3711%
2026-09-13 15:32:20,198 [ewclora.py] => Task 6, Epoch 50/50 => Loss 0.355, Train_accy 90.33
2026-09-13 15:32:20,199 [trainer.py] => Training time: 0h 17m 24s
2026-09-13 15:32:35,544 [trainer.py] => Evaluation time: 0h 0m 15s
2026-09-13 15:32:55,981 [trainer.py] => Accuracy: {'total': 73.89, '00-19': 84.06, '20-39': 77.5, '40-59': 62.84, '60-79': 71.14, '80-99': 77.38, '100-119': 72.25, '120-139': 66.37, 'old': 75.06, 'new': 66.37}
2026-09-13 15:32:55,981 [trainer.py] => (curve) top1 Acc: [90.25, 84.63, 80.02, 77.58, 76.86, 75.34, 73.89]
2026-09-13 15:32:55,981 [trainer.py] => Avergae Acc: 79.80
2026-09-13 15:32:55,981 [trainer.py] => (curve) top1 Acc with task: [90.25, 90.48, 87.96, 87.91, 87.62, 87.26, 86.53]
2026-09-13 15:32:55,981 [trainer.py] => Avergae Acc: 88.29
2026-09-13 15:32:55,981 [trainer.py] => (curve) top1 Acc task: [100.0, 90.41, 86.29, 82.64, 81.71, 79.99, 78.37]
2026-09-13 15:32:55,981 [trainer.py] => Avergae Acc: 85.63
2026-09-13 15:32:55,981 [trainer.py] => ================================================================================
2026-09-13 15:32:55,981 [trainer.py] => ================================================================================
2026-09-13 15:32:55,983 [base.py] => Task 7 learning on class 140-160
2026-09-13 15:32:55,987 [toolkit.py] => Total params:     103,487,003
2026-09-13 15:32:55,987 [toolkit.py] => Trainable params: 384,020
2026-09-13 15:32:55,987 [toolkit.py] => Trainable ratio:  0.3711%
2026-09-13 15:47:02,647 [ewclora.py] => Task 7, Epoch 50/50 => Loss 0.320, Train_accy 91.43
2026-09-13 15:47:02,648 [trainer.py] => Training time: 0h 14m 6s
2026-09-13 15:47:19,439 [trainer.py] => Evaluation time: 0h 0m 16s
2026-09-13 15:47:36,048 [trainer.py] => Accuracy: {'total': 72.76, '00-19': 83.28, '20-39': 76.81, '40-59': 62.39, '60-79': 70.8, '80-99': 77.1, '100-119': 71.71, '120-139': 64.61, '140-159': 68.64, 'old': 73.2, 'new': 68.64}
2026-09-13 15:47:36,049 [trainer.py] => (curve) top1 Acc: [90.25, 84.63, 80.02, 77.58, 76.86, 75.34, 73.89, 72.76]
2026-09-13 15:47:36,049 [trainer.py] => Avergae Acc: 78.92
2026-09-13 15:47:36,049 [trainer.py] => (curve) top1 Acc with task: [90.25, 90.48, 87.96, 87.91, 87.62, 87.26, 86.53, 85.96]
2026-09-13 15:47:36,049 [trainer.py] => Avergae Acc: 88.00
2026-09-13 15:47:36,049 [trainer.py] => (curve) top1 Acc task: [100.0, 90.41, 86.29, 82.64, 81.71, 79.99, 78.37, 77.23]
2026-09-13 15:47:36,049 [trainer.py] => Avergae Acc: 84.58
2026-09-13 15:47:36,049 [trainer.py] => ================================================================================
2026-09-13 15:47:36,049 [trainer.py] => ================================================================================
2026-09-13 15:47:36,051 [base.py] => Task 8 learning on class 160-180
2026-09-13 15:47:36,055 [toolkit.py] => Total params:     103,487,003
2026-09-13 15:47:36,055 [toolkit.py] => Trainable params: 384,020
2026-09-13 15:47:36,055 [toolkit.py] => Trainable ratio:  0.3711%
2026-09-13 16:06:31,151 [ewclora.py] => Task 8, Epoch 50/50 => Loss 0.183, Train_accy 95.22
2026-09-13 16:06:31,152 [trainer.py] => Training time: 0h 18m 55s
2026-09-13 16:06:50,130 [trainer.py] => Evaluation time: 0h 0m 18s
2026-09-13 16:07:12,209 [trainer.py] => Accuracy: {'total': 73.14, '00-19': 83.28, '20-39': 76.11, '40-59': 62.39, '60-79': 70.29, '80-99': 76.53, '100-119': 71.71, '120-139': 62.68, '140-159': 66.89, '160-179': 81.0, 'old': 72.1, 'new': 81.0}
2026-09-13 16:07:12,209 [trainer.py] => (curve) top1 Acc: [90.25, 84.63, 80.02, 77.58, 76.86, 75.34, 73.89, 72.76, 73.14]
2026-09-13 16:07:12,209 [trainer.py] => Avergae Acc: 78.27
2026-09-13 16:07:12,209 [trainer.py] => (curve) top1 Acc with task: [90.25, 90.48, 87.96, 87.91, 87.62, 87.26, 86.53, 85.96, 86.48]
2026-09-13 16:07:12,209 [trainer.py] => Avergae Acc: 87.83
2026-09-13 16:07:12,209 [trainer.py] => (curve) top1 Acc task: [100.0, 90.41, 86.29, 82.64, 81.71, 79.99, 78.37, 77.23, 77.2]
2026-09-13 16:07:12,209 [trainer.py] => Avergae Acc: 83.76
2026-09-13 16:07:12,209 [trainer.py] => ================================================================================
2026-09-13 16:07:12,209 [trainer.py] => ================================================================================
2026-09-13 16:07:12,211 [base.py] => Task 9 learning on class 180-200
2026-09-13 16:07:12,216 [toolkit.py] => Total params:     103,487,003
2026-09-13 16:07:12,216 [toolkit.py] => Trainable params: 384,020
2026-09-13 16:07:12,216 [toolkit.py] => Trainable ratio:  0.3711%
2026-09-13 16:28:28,991 [ewclora.py] => Task 9, Epoch 50/50 => Loss 0.262, Train_accy 92.26
2026-09-13 16:28:28,992 [trainer.py] => Training time: 0h 21m 16s
2026-09-13 16:28:50,084 [trainer.py] => Evaluation time: 0h 0m 21s
2026-09-13 16:29:15,192 [trainer.py] => Accuracy: {'total': 72.97, '00-19': 83.13, '20-39': 76.39, '40-59': 62.84, '60-79': 70.46, '80-99': 75.96, '100-119': 71.35, '120-139': 61.09, '140-159': 66.67, '160-179': 80.52, '180-199': 73.8, 'old': 72.86, 'new': 73.8}
2026-09-13 16:29:15,192 [trainer.py] => (curve) top1 Acc: [90.25, 84.63, 80.02, 77.58, 76.86, 75.34, 73.89, 72.76, 73.14, 72.97]
2026-09-13 16:29:15,192 [trainer.py] => Avergae Acc: 77.74
2026-09-13 16:29:15,192 [trainer.py] => (curve) top1 Acc with task: [90.25, 90.48, 87.96, 87.91, 87.62, 87.26, 86.53, 85.96, 86.48, 86.8]
2026-09-13 16:29:15,192 [trainer.py] => Avergae Acc: 87.72
2026-09-13 16:29:15,192 [trainer.py] => (curve) top1 Acc task: [100.0, 90.41, 86.29, 82.64, 81.71, 79.99, 78.37, 77.23, 77.2, 76.55]
2026-09-13 16:29:15,193 [trainer.py] => Avergae Acc: 83.04
2026-09-13 16:29:15,193 [trainer.py] => ================================================================================
