2026-09-13 10:03:22,424 [toolkit.py] => config: configs/ewclora/imagenet-r_seed=1997.json
2026-09-13 10:03:22,424 [toolkit.py] => device: [device(type='cuda', index=1)]
2026-09-13 10:03:22,424 [toolkit.py] => debug: False
2026-09-13 10:03:22,424 [toolkit.py] => save_ckp: False
2026-09-13 10:03:22,424 [toolkit.py] => moe_list: None
2026-09-13 10:03:22,424 [toolkit.py] => seed: 1997
2026-09-13 10:03:22,424 [toolkit.py] => dataset: imagenet-r
2026-09-13 10:03:22,424 [toolkit.py] => data_path: data/imagenet-r
2026-09-13 10:03:22,424 [toolkit.py] => load: vit_base_patch16_224_in21k
2026-09-13 10:03:22,424 [toolkit.py] => init_cls: 20
2026-09-13 10:03:22,424 [toolkit.py] => increment: 20
2026-09-13 10:03:22,424 [toolkit.py] => sessions: 10
2026-09-13 10:03:22,424 [toolkit.py] => shuffle: False
2026-09-13 10:03:22,424 [toolkit.py] => method: ewclora
2026-09-13 10:03:22,424 [toolkit.py] => optimizer: adam
2026-09-13 10:03:22,424 [toolkit.py] => scheduler: cosine
2026-09-13 10:03:22,424 [toolkit.py] => epochs: 50
2026-09-13 10:03:22,424 [toolkit.py] => lrate: 0.0005
2026-09-13 10:03:22,424 [toolkit.py] => fc_lrate: 0.0005
2026-09-13 10:03:22,424 [toolkit.py] => weight_decay: 0.005
2026-09-13 10:03:22,424 [toolkit.py] => batch_size: 128
2026-09-13 10:03:22,424 [toolkit.py] => rank: 10
2026-09-13 10:03:22,424 [toolkit.py] => num_workers: 16
2026-09-13 10:03:22,424 [toolkit.py] => gamma: 0.9
2026-09-13 10:03:22,424 [toolkit.py] => lambda: 10000000.0
2026-09-13 10:03:22,425 [toolkit.py] => lrate_head: 0
2026-09-13 10:03:22,425 [toolkit.py] => logdir: logs/ewclora/imagenet-r/t10
2026-09-13 10:03:22,425 [toolkit.py] => logfilename: logs/ewclora/imagenet-r/t10/seed1997
2026-09-13 10:03:22,502 [data_manager.py] => Class index order: 0, 1, 2, 3, 4, ..., 195, 196, 197, 198, 199
2026-09-13 10:03:24,589 [trainer.py] => ================================================================================
2026-09-13 10:03:24,590 [trainer.py] => Dataset Information
2026-09-13 10:03:24,590 [trainer.py] => ================================================================================
2026-09-13 10:03:24,590 [trainer.py] =>   Dataset name     : imagenet-r
2026-09-13 10:03:24,590 [trainer.py] =>   Data path        : data/imagenet-r
2026-09-13 10:03:24,590 [trainer.py] =>   Total classes    : 200
2026-09-13 10:03:24,590 [trainer.py] =>   Total tasks      : 10
2026-09-13 10:03:24,590 [trainer.py] =>   Task increments  : [20, 20, 20, 20, 20, 20, 20, 20, 20, 20]
2026-09-13 10:03:24,590 [trainer.py] =>   Init classes     : 20
2026-09-13 10:03:24,590 [trainer.py] =>   Increment per task: 20
2026-09-13 10:03:24,590 [trainer.py] =>   Shuffle          : False
2026-09-13 10:03:24,590 [trainer.py] =>   Seed             : 1997
2026-09-13 10:03:24,590 [trainer.py] => --------------------------------------------------------------------------------
2026-09-13 10:03:24,590 [trainer.py] => Task split:
2026-09-13 10:03:24,591 [trainer.py] =>   Task 0: classes 0-19 (20 classes) | Train: 2585 images (11 batches), Test: 646 images (3 batches)
2026-09-13 10:03:24,593 [trainer.py] =>   Task 1: classes 20-39 (20 classes) | Train: 2886 images (12 batches), Test: 720 images (3 batches)
2026-09-13 10:03:24,594 [trainer.py] =>   Task 2: classes 40-59 (20 classes) | Train: 1739 images (7 batches), Test: 436 images (2 batches)
2026-09-13 10:03:24,595 [trainer.py] =>   Task 3: classes 60-79 (20 classes) | Train: 2344 images (10 batches), Test: 589 images (3 batches)
2026-09-13 10:03:24,596 [trainer.py] =>   Task 4: classes 80-99 (20 classes) | Train: 2816 images (11 batches), Test: 703 images (3 batches)
2026-09-13 10:03:24,597 [trainer.py] =>   Task 5: classes 100-119 (20 classes) | Train: 2215 images (9 batches), Test: 555 images (3 batches)
2026-09-13 10:03:24,599 [trainer.py] =>   Task 6: classes 120-139 (20 classes) | Train: 2274 images (9 batches), Test: 568 images (3 batches)
2026-09-13 10:03:24,600 [trainer.py] =>   Task 7: classes 140-159 (20 classes) | Train: 1821 images (8 batches), Test: 456 images (2 batches)
2026-09-13 10:03:24,601 [trainer.py] =>   Task 8: classes 160-179 (20 classes) | Train: 2489 images (10 batches), Test: 621 images (3 batches)
2026-09-13 10:03:24,602 [trainer.py] =>   Task 9: classes 180-199 (20 classes) | Train: 2831 images (12 batches), Test: 706 images (3 batches)
2026-09-13 10:03:24,602 [trainer.py] => ================================================================================
2026-09-13 10:03:24,602 [trainer.py] => ================================================================================
2026-09-13 10:03:24,603 [base.py] => Task 0 learning on class 0-20
2026-09-13 10:03:25,119 [toolkit.py] => Total params:     103,487,003
2026-09-13 10:03:25,119 [toolkit.py] => Trainable params: 384,020
2026-09-13 10:03:25,119 [toolkit.py] => Trainable ratio:  0.3711%
2026-09-13 10:22:54,485 [ewclora.py] => Task 0, Epoch 50/50 => Loss 0.199, Train_accy 93.93
2026-09-13 10:22:54,487 [trainer.py] => Training time: 0h 19m 29s
2026-09-13 10:22:57,768 [trainer.py] => Evaluation time: 0h 0m 3s
2026-09-13 10:23:20,982 [trainer.py] => Accuracy: {'total': 91.33, '00-19': 91.33, 'old': 0, 'new': 91.33}
2026-09-13 10:23:20,983 [trainer.py] => (curve) top1 Acc: [91.33]
2026-09-13 10:23:20,983 [trainer.py] => Avergae Acc: 91.33
2026-09-13 10:23:20,983 [trainer.py] => (curve) top1 Acc with task: [91.33]
2026-09-13 10:23:20,983 [trainer.py] => Avergae Acc: 91.33
2026-09-13 10:23:20,983 [trainer.py] => (curve) top1 Acc task: [100.0]
2026-09-13 10:23:20,983 [trainer.py] => Avergae Acc: 100.00
2026-09-13 10:23:20,983 [trainer.py] => ================================================================================
2026-09-13 10:23:20,983 [trainer.py] => ================================================================================
2026-09-13 10:23:20,985 [base.py] => Task 1 learning on class 20-40
2026-09-13 10:23:20,988 [toolkit.py] => Total params:     103,487,003
2026-09-13 10:23:20,989 [toolkit.py] => Trainable params: 384,020
2026-09-13 10:23:20,989 [toolkit.py] => Trainable ratio:  0.3711%
2026-09-13 10:45:03,597 [ewclora.py] => Task 1, Epoch 50/50 => Loss 0.245, Train_accy 93.21
2026-09-13 10:45:03,598 [trainer.py] => Training time: 0h 21m 42s
2026-09-13 10:45:09,277 [trainer.py] => Evaluation time: 0h 0m 5s
2026-09-13 10:45:34,654 [trainer.py] => Accuracy: {'total': 85.36, '00-19': 88.7, '20-39': 82.36, 'old': 88.7, 'new': 82.36}
2026-09-13 10:45:34,655 [trainer.py] => (curve) top1 Acc: [91.33, 85.36]
2026-09-13 10:45:34,655 [trainer.py] => Avergae Acc: 88.34
2026-09-13 10:45:34,655 [trainer.py] => (curve) top1 Acc with task: [91.33, 90.78]
2026-09-13 10:45:34,655 [trainer.py] => Avergae Acc: 91.06
2026-09-13 10:45:34,655 [trainer.py] => (curve) top1 Acc task: [100.0, 90.04]
2026-09-13 10:45:34,655 [trainer.py] => Avergae Acc: 95.02
2026-09-13 10:45:34,655 [trainer.py] => ================================================================================
2026-09-13 10:45:34,655 [trainer.py] => ================================================================================
2026-09-13 10:45:34,657 [base.py] => Task 2 learning on class 40-60
2026-09-13 10:45:34,661 [toolkit.py] => Total params:     103,487,003
2026-09-13 10:45:34,661 [toolkit.py] => Trainable params: 384,020
2026-09-13 10:45:34,661 [toolkit.py] => Trainable ratio:  0.3711%
2026-09-13 10:59:04,945 [ewclora.py] => Task 2, Epoch 50/50 => Loss 0.320, Train_accy 90.45
2026-09-13 10:59:04,946 [trainer.py] => Training time: 0h 13m 30s
2026-09-13 10:59:12,260 [trainer.py] => Evaluation time: 0h 0m 7s
2026-09-13 10:59:27,895 [trainer.py] => Accuracy: {'total': 79.41, '00-19': 88.24, '20-39': 80.97, '40-59': 63.76, 'old': 84.41, 'new': 63.76}
2026-09-13 10:59:27,896 [trainer.py] => (curve) top1 Acc: [91.33, 85.36, 79.41]
2026-09-13 10:59:27,896 [trainer.py] => Avergae Acc: 85.37
2026-09-13 10:59:27,896 [trainer.py] => (curve) top1 Acc with task: [91.33, 90.78, 88.51]
2026-09-13 10:59:27,896 [trainer.py] => Avergae Acc: 90.21
2026-09-13 10:59:27,896 [trainer.py] => (curve) top1 Acc task: [100.0, 90.04, 84.79]
2026-09-13 10:59:27,896 [trainer.py] => Avergae Acc: 91.61
2026-09-13 10:59:27,896 [trainer.py] => ================================================================================
2026-09-13 10:59:27,896 [trainer.py] => ================================================================================
2026-09-13 10:59:27,898 [base.py] => Task 3 learning on class 60-80
2026-09-13 10:59:27,903 [toolkit.py] => Total params:     103,487,003
2026-09-13 10:59:27,903 [toolkit.py] => Trainable params: 384,020
2026-09-13 10:59:27,903 [toolkit.py] => Trainable ratio:  0.3711%
2026-09-13 11:17:18,571 [ewclora.py] => Task 3, Epoch 50/50 => Loss 0.251, Train_accy 93.13
2026-09-13 11:17:18,572 [trainer.py] => Training time: 0h 17m 50s
2026-09-13 11:17:27,686 [trainer.py] => Evaluation time: 0h 0m 9s
2026-09-13 11:17:48,727 [trainer.py] => Accuracy: {'total': 77.12, '00-19': 87.15, '20-39': 79.58, '40-59': 61.7, '60-79': 74.53, 'old': 77.97, 'new': 74.53}
2026-09-13 11:17:48,727 [trainer.py] => (curve) top1 Acc: [91.33, 85.36, 79.41, 77.12]
2026-09-13 11:17:48,727 [trainer.py] => Avergae Acc: 83.31
2026-09-13 11:17:48,728 [trainer.py] => (curve) top1 Acc with task: [91.33, 90.78, 88.51, 88.04]
2026-09-13 11:17:48,728 [trainer.py] => Avergae Acc: 89.67
2026-09-13 11:17:48,728 [trainer.py] => (curve) top1 Acc task: [100.0, 90.04, 84.79, 81.72]
2026-09-13 11:17:48,728 [trainer.py] => Avergae Acc: 89.14
2026-09-13 11:17:48,728 [trainer.py] => ================================================================================
2026-09-13 11:17:48,728 [trainer.py] => ================================================================================
2026-09-13 11:17:48,730 [base.py] => Task 4 learning on class 80-100
2026-09-13 11:17:48,734 [toolkit.py] => Total params:     103,487,003
2026-09-13 11:17:48,734 [toolkit.py] => Trainable params: 384,020
2026-09-13 11:17:48,734 [toolkit.py] => Trainable ratio:  0.3711%
2026-09-13 11:39:02,011 [ewclora.py] => Task 4, Epoch 50/50 => Loss 0.282, Train_accy 92.54
2026-09-13 11:39:02,012 [trainer.py] => Training time: 0h 21m 13s
2026-09-13 11:39:13,836 [trainer.py] => Evaluation time: 0h 0m 11s
2026-09-13 11:39:38,415 [trainer.py] => Accuracy: {'total': 75.63, '00-19': 86.38, '20-39': 78.61, '40-59': 60.78, '60-79': 73.17, '80-99': 73.97, 'old': 76.12, 'new': 73.97}
2026-09-13 11:39:38,415 [trainer.py] => (curve) top1 Acc: [91.33, 85.36, 79.41, 77.12, 75.63]
2026-09-13 11:39:38,415 [trainer.py] => Avergae Acc: 81.77
2026-09-13 11:39:38,415 [trainer.py] => (curve) top1 Acc with task: [91.33, 90.78, 88.51, 88.04, 87.52]
2026-09-13 11:39:38,415 [trainer.py] => Avergae Acc: 89.24
2026-09-13 11:39:38,415 [trainer.py] => (curve) top1 Acc task: [100.0, 90.04, 84.79, 81.72, 79.96]
2026-09-13 11:39:38,415 [trainer.py] => Avergae Acc: 87.30
2026-09-13 11:39:38,415 [trainer.py] => ================================================================================
2026-09-13 11:39:38,416 [trainer.py] => ================================================================================
2026-09-13 11:39:38,417 [base.py] => Task 5 learning on class 100-120
2026-09-13 11:39:38,421 [toolkit.py] => Total params:     103,487,003
2026-09-13 11:39:38,421 [toolkit.py] => Trainable params: 384,020
2026-09-13 11:39:38,421 [toolkit.py] => Trainable ratio:  0.3711%
2026-09-13 11:56:36,360 [ewclora.py] => Task 5, Epoch 50/50 => Loss 0.242, Train_accy 93.41
2026-09-13 11:56:36,361 [trainer.py] => Training time: 0h 16m 57s
2026-09-13 11:56:49,841 [trainer.py] => Evaluation time: 0h 0m 13s
2026-09-13 11:57:09,831 [trainer.py] => Accuracy: {'total': 74.4, '00-19': 83.9, '20-39': 77.36, '40-59': 60.55, '60-79': 72.5, '80-99': 73.4, '100-119': 73.69, 'old': 74.53, 'new': 73.69}
2026-09-13 11:57:09,831 [trainer.py] => (curve) top1 Acc: [91.33, 85.36, 79.41, 77.12, 75.63, 74.4]
2026-09-13 11:57:09,831 [trainer.py] => Avergae Acc: 80.54
2026-09-13 11:57:09,831 [trainer.py] => (curve) top1 Acc with task: [91.33, 90.78, 88.51, 88.04, 87.52, 86.98]
2026-09-13 11:57:09,831 [trainer.py] => Avergae Acc: 88.86
2026-09-13 11:57:09,831 [trainer.py] => (curve) top1 Acc task: [100.0, 90.04, 84.79, 81.72, 79.96, 78.62]
2026-09-13 11:57:09,831 [trainer.py] => Avergae Acc: 85.86
2026-09-13 11:57:09,832 [trainer.py] => ================================================================================
2026-09-13 11:57:09,832 [trainer.py] => ================================================================================
2026-09-13 11:57:09,834 [base.py] => Task 6 learning on class 120-140
2026-09-13 11:57:09,838 [toolkit.py] => Total params:     103,487,003
2026-09-13 11:57:09,838 [toolkit.py] => Trainable params: 384,020
2026-09-13 11:57:09,838 [toolkit.py] => Trainable ratio:  0.3711%
2026-09-13 12:14:31,768 [ewclora.py] => Task 6, Epoch 50/50 => Loss 0.337, Train_accy 90.72
2026-09-13 12:14:31,769 [trainer.py] => Training time: 0h 17m 21s
2026-09-13 12:14:46,954 [trainer.py] => Evaluation time: 0h 0m 15s
2026-09-13 12:15:07,079 [trainer.py] => Accuracy: {'total': 73.27, '00-19': 83.59, '20-39': 76.81, '40-59': 59.4, '60-79': 72.16, '80-99': 72.97, '100-119': 73.15, '120-139': 69.37, 'old': 73.88, 'new': 69.37}
2026-09-13 12:15:07,080 [trainer.py] => (curve) top1 Acc: [91.33, 85.36, 79.41, 77.12, 75.63, 74.4, 73.27]
2026-09-13 12:15:07,080 [trainer.py] => Avergae Acc: 79.50
2026-09-13 12:15:07,080 [trainer.py] => (curve) top1 Acc with task: [91.33, 90.78, 88.51, 88.04, 87.52, 86.98, 86.39]
2026-09-13 12:15:07,080 [trainer.py] => Avergae Acc: 88.51
2026-09-13 12:15:07,080 [trainer.py] => (curve) top1 Acc task: [100.0, 90.04, 84.79, 81.72, 79.96, 78.62, 77.35]
2026-09-13 12:15:07,080 [trainer.py] => Avergae Acc: 84.64
2026-09-13 12:15:07,080 [trainer.py] => ================================================================================
2026-09-13 12:15:07,080 [trainer.py] => ================================================================================
2026-09-13 12:15:07,081 [base.py] => Task 7 learning on class 140-160
2026-09-13 12:15:07,085 [toolkit.py] => Total params:     103,487,003
2026-09-13 12:15:07,086 [toolkit.py] => Trainable params: 384,020
2026-09-13 12:15:07,086 [toolkit.py] => Trainable ratio:  0.3711%
2026-09-13 12:29:06,317 [ewclora.py] => Task 7, Epoch 50/50 => Loss 0.292, Train_accy 91.76
2026-09-13 12:29:06,318 [trainer.py] => Training time: 0h 13m 59s
2026-09-13 12:29:23,304 [trainer.py] => Evaluation time: 0h 0m 16s
2026-09-13 12:29:39,778 [trainer.py] => Accuracy: {'total': 72.37, '00-19': 83.13, '20-39': 76.81, '40-59': 59.17, '60-79': 72.16, '80-99': 73.12, '100-119': 72.79, '120-139': 69.01, '140-159': 65.57, 'old': 73.11, 'new': 65.57}
2026-09-13 12:29:39,779 [trainer.py] => (curve) top1 Acc: [91.33, 85.36, 79.41, 77.12, 75.63, 74.4, 73.27, 72.37]
2026-09-13 12:29:39,779 [trainer.py] => Avergae Acc: 78.61
2026-09-13 12:29:39,779 [trainer.py] => (curve) top1 Acc with task: [91.33, 90.78, 88.51, 88.04, 87.52, 86.98, 86.39, 86.07]
2026-09-13 12:29:39,779 [trainer.py] => Avergae Acc: 88.20
2026-09-13 12:29:39,779 [trainer.py] => (curve) top1 Acc task: [100.0, 90.04, 84.79, 81.72, 79.96, 78.62, 77.35, 76.33]
2026-09-13 12:29:39,779 [trainer.py] => Avergae Acc: 83.60
2026-09-13 12:29:39,779 [trainer.py] => ================================================================================
2026-09-13 12:29:39,779 [trainer.py] => ================================================================================
2026-09-13 12:29:39,781 [base.py] => Task 8 learning on class 160-180
2026-09-13 12:29:39,784 [toolkit.py] => Total params:     103,487,003
2026-09-13 12:29:39,785 [toolkit.py] => Trainable params: 384,020
2026-09-13 12:29:39,785 [toolkit.py] => Trainable ratio:  0.3711%
2026-09-13 12:48:27,622 [ewclora.py] => Task 8, Epoch 50/50 => Loss 0.201, Train_accy 94.58
2026-09-13 12:48:27,623 [trainer.py] => Training time: 0h 18m 47s
2026-09-13 12:48:46,441 [trainer.py] => Evaluation time: 0h 0m 18s
2026-09-13 12:49:08,587 [trainer.py] => Accuracy: {'total': 73.14, '00-19': 83.28, '20-39': 77.08, '40-59': 58.72, '60-79': 71.65, '80-99': 73.12, '100-119': 72.97, '120-139': 67.25, '140-159': 63.6, '160-179': 82.13, 'old': 71.95, 'new': 82.13}
2026-09-13 12:49:08,587 [trainer.py] => (curve) top1 Acc: [91.33, 85.36, 79.41, 77.12, 75.63, 74.4, 73.27, 72.37, 73.14]
2026-09-13 12:49:08,588 [trainer.py] => Avergae Acc: 78.00
2026-09-13 12:49:08,588 [trainer.py] => (curve) top1 Acc with task: [91.33, 90.78, 88.51, 88.04, 87.52, 86.98, 86.39, 86.07, 86.89]
2026-09-13 12:49:08,588 [trainer.py] => Avergae Acc: 88.06
2026-09-13 12:49:08,588 [trainer.py] => (curve) top1 Acc task: [100.0, 90.04, 84.79, 81.72, 79.96, 78.62, 77.35, 76.33, 76.58]
2026-09-13 12:49:08,588 [trainer.py] => Avergae Acc: 82.82
2026-09-13 12:49:08,588 [trainer.py] => ================================================================================
2026-09-13 12:49:08,588 [trainer.py] => ================================================================================
2026-09-13 12:49:08,590 [base.py] => Task 9 learning on class 180-200
2026-09-13 12:49:08,594 [toolkit.py] => Total params:     103,487,003
2026-09-13 12:49:08,594 [toolkit.py] => Trainable params: 384,020
2026-09-13 12:49:08,594 [toolkit.py] => Trainable ratio:  0.3711%
2026-09-13 13:10:24,356 [ewclora.py] => Task 9, Epoch 50/50 => Loss 0.263, Train_accy 92.62
2026-09-13 13:10:24,357 [trainer.py] => Training time: 0h 21m 15s
2026-09-13 13:10:45,907 [trainer.py] => Evaluation time: 0h 0m 21s
2026-09-13 13:11:11,165 [trainer.py] => Accuracy: {'total': 72.57, '00-19': 82.2, '20-39': 76.67, '40-59': 58.26, '60-79': 71.48, '80-99': 72.55, '100-119': 72.25, '120-139': 65.32, '140-159': 62.94, '160-179': 81.16, '180-199': 74.08, 'old': 72.36, 'new': 74.08}
2026-09-13 13:11:11,165 [trainer.py] => (curve) top1 Acc: [91.33, 85.36, 79.41, 77.12, 75.63, 74.4, 73.27, 72.37, 73.14, 72.57]
2026-09-13 13:11:11,165 [trainer.py] => Avergae Acc: 77.46
2026-09-13 13:11:11,165 [trainer.py] => (curve) top1 Acc with task: [91.33, 90.78, 88.51, 88.04, 87.52, 86.98, 86.39, 86.07, 86.89, 87.15]
2026-09-13 13:11:11,165 [trainer.py] => Avergae Acc: 87.97
2026-09-13 13:11:11,165 [trainer.py] => (curve) top1 Acc task: [100.0, 90.04, 84.79, 81.72, 79.96, 78.62, 77.35, 76.33, 76.58, 75.65]
2026-09-13 13:11:11,166 [trainer.py] => Avergae Acc: 82.10
2026-09-13 13:11:11,166 [trainer.py] => ================================================================================
