2026-07-04 00:22:38,260 [toolkit.py] => config: /home/zll2025/low-rank-cl-main/configs/splitlorav6/imagenet-r_seed=2026.json
2026-07-04 00:22:38,260 [toolkit.py] => device: [device(type='cuda', index=3)]
2026-07-04 00:22:38,260 [toolkit.py] => debug: False
2026-07-04 00:22:38,260 [toolkit.py] => save_ckp: False
2026-07-04 00:22:38,260 [toolkit.py] => moe_list: None
2026-07-04 00:22:38,260 [toolkit.py] => seed: 2026
2026-07-04 00:22:38,261 [toolkit.py] => dataset: imagenet-r
2026-07-04 00:22:38,261 [toolkit.py] => data_path: data/imagenet-r
2026-07-04 00:22:38,261 [toolkit.py] => load: vit_base_patch16_224_in21k
2026-07-04 00:22:38,261 [toolkit.py] => init_cls: 20
2026-07-04 00:22:38,261 [toolkit.py] => increment: 20
2026-07-04 00:22:38,261 [toolkit.py] => sessions: 10
2026-07-04 00:22:38,261 [toolkit.py] => shuffle: False
2026-07-04 00:22:38,261 [toolkit.py] => method: splitlorav6
2026-07-04 00:22:38,261 [toolkit.py] => optimizer: adamw
2026-07-04 00:22:38,261 [toolkit.py] => scheduler: steplr
2026-07-04 00:22:38,261 [toolkit.py] => epochs: 10
2026-07-04 00:22:38,261 [toolkit.py] => lrate: 0.001
2026-07-04 00:22:38,261 [toolkit.py] => lrate_head: 0.01
2026-07-04 00:22:38,261 [toolkit.py] => weight_decay: 5e-05
2026-07-04 00:22:38,261 [toolkit.py] => batch_size: 256
2026-07-04 00:22:38,261 [toolkit.py] => rank: 10
2026-07-04 00:22:38,261 [toolkit.py] => num_workers: 16
2026-07-04 00:22:38,261 [toolkit.py] => lamb: 0.95
2026-07-04 00:22:38,261 [toolkit.py] => lame: 1.0
2026-07-04 00:22:38,261 [toolkit.py] => in_dim: 768
2026-07-04 00:22:38,261 [toolkit.py] => alpha: 20
2026-07-04 00:22:38,261 [toolkit.py] => logdir: logs/splitlorav6/imagenet-r/t10
2026-07-04 00:22:38,261 [toolkit.py] => logfilename: logs/splitlorav6/imagenet-r/t10/seed2026
2026-07-04 00:22:38,345 [data_manager.py] => Class index order: 0, 1, 2, 3, 4, ..., 195, 196, 197, 198, 199
2026-07-04 00:22:44,086 [trainer.py] => ================================================================================
2026-07-04 00:22:44,090 [base.py] => Task 0 learning on class 0-20
2026-07-04 00:22:44,539 [toolkit.py] => Total params:     106,804,763
2026-07-04 00:22:44,539 [toolkit.py] => Trainable params: 568,340
2026-07-04 00:22:44,539 [toolkit.py] => Trainable ratio:  0.5321%
2026-07-04 00:26:27,753 [splitlorav6.py] => Task 0, Epoch 10/10 => Loss 0.290, Train_accy 91.33
2026-07-04 00:26:40,933 [trainer.py] => Training time: 0h 3m 56s
2026-07-04 00:26:45,212 [trainer.py] => Evaluation time: 0h 0m 4s
2026-07-04 00:26:45,212 [trainer.py] => Accuracy: {'total': 88.08, '00-19': 88.08, 'old': 0, 'new': 88.08}
2026-07-04 00:26:45,212 [trainer.py] => (curve) top1 Acc: [88.08]
2026-07-04 00:26:45,212 [trainer.py] => Avergae Acc: 88.08
2026-07-04 00:26:45,212 [trainer.py] => (curve) top1 Acc with task: [88.08]
2026-07-04 00:26:45,212 [trainer.py] => Avergae Acc: 88.08
2026-07-04 00:26:45,212 [trainer.py] => (curve) top1 Acc task: [100.0]
2026-07-04 00:26:45,212 [trainer.py] => Avergae Acc: 100.00
2026-07-04 00:26:45,212 [trainer.py] => ================================================================================
2026-07-04 00:26:45,212 [trainer.py] => ================================================================================
2026-07-04 00:26:45,214 [base.py] => Task 1 learning on class 20-40
2026-07-04 00:26:45,231 [toolkit.py] => Total params:     106,804,763
2026-07-04 00:26:45,231 [toolkit.py] => Trainable params: 199,700
2026-07-04 00:26:45,231 [toolkit.py] => Trainable ratio:  0.1870%
2026-07-04 00:30:45,623 [splitlorav6.py] => Task 1, Epoch 10/10 => Loss 0.283, Train_accy 92.10
2026-07-04 00:30:59,975 [trainer.py] => Training time: 0h 4m 14s
2026-07-04 00:31:07,351 [trainer.py] => Evaluation time: 0h 0m 7s
2026-07-04 00:31:07,352 [trainer.py] => Accuracy: {'total': 83.82, '00-19': 82.66, '20-39': 84.86, 'old': 82.66, 'new': 84.86}
2026-07-04 00:31:07,352 [trainer.py] => (curve) top1 Acc: [88.08, 83.82]
2026-07-04 00:31:07,352 [trainer.py] => Avergae Acc: 85.95
2026-07-04 00:31:07,352 [trainer.py] => (curve) top1 Acc with task: [88.08, 88.36]
2026-07-04 00:31:07,352 [trainer.py] => Avergae Acc: 88.22
2026-07-04 00:31:07,352 [trainer.py] => (curve) top1 Acc task: [100.0, 90.41]
2026-07-04 00:31:07,352 [trainer.py] => Avergae Acc: 95.20
2026-07-04 00:31:07,352 [trainer.py] => ================================================================================
2026-07-04 00:31:07,352 [trainer.py] => ================================================================================
2026-07-04 00:31:07,353 [base.py] => Task 2 learning on class 40-60
2026-07-04 00:31:07,364 [toolkit.py] => Total params:     106,804,763
2026-07-04 00:31:07,364 [toolkit.py] => Trainable params: 199,700
2026-07-04 00:31:07,364 [toolkit.py] => Trainable ratio:  0.1870%
2026-07-04 00:33:41,895 [splitlorav6.py] => Task 2, Epoch 10/10 => Loss 0.310, Train_accy 89.94
2026-07-04 00:33:53,175 [trainer.py] => Training time: 0h 2m 45s
2026-07-04 00:34:02,110 [trainer.py] => Evaluation time: 0h 0m 8s
2026-07-04 00:34:02,110 [trainer.py] => Accuracy: {'total': 79.63, '00-19': 82.2, '20-39': 84.44, '40-59': 67.89, 'old': 83.38, 'new': 67.89}
2026-07-04 00:34:02,110 [trainer.py] => (curve) top1 Acc: [88.08, 83.82, 79.63]
2026-07-04 00:34:02,110 [trainer.py] => Avergae Acc: 83.84
2026-07-04 00:34:02,110 [trainer.py] => (curve) top1 Acc with task: [88.08, 88.36, 87.29]
2026-07-04 00:34:02,110 [trainer.py] => Avergae Acc: 87.91
2026-07-04 00:34:02,110 [trainer.py] => (curve) top1 Acc task: [100.0, 90.41, 85.85]
2026-07-04 00:34:02,110 [trainer.py] => Avergae Acc: 92.09
2026-07-04 00:34:02,110 [trainer.py] => ================================================================================
2026-07-04 00:34:02,110 [trainer.py] => ================================================================================
2026-07-04 00:34:02,111 [base.py] => Task 3 learning on class 60-80
2026-07-04 00:34:02,122 [toolkit.py] => Total params:     106,804,763
2026-07-04 00:34:02,122 [toolkit.py] => Trainable params: 199,700
2026-07-04 00:34:02,122 [toolkit.py] => Trainable ratio:  0.1870%
2026-07-04 00:37:22,736 [splitlorav6.py] => Task 3, Epoch 10/10 => Loss 0.279, Train_accy 91.47
2026-07-04 00:37:36,103 [trainer.py] => Training time: 0h 3m 33s
2026-07-04 00:37:46,994 [trainer.py] => Evaluation time: 0h 0m 10s
2026-07-04 00:37:46,994 [trainer.py] => Accuracy: {'total': 77.25, '00-19': 80.65, '20-39': 82.5, '40-59': 65.37, '60-79': 75.89, 'old': 77.69, 'new': 75.89}
2026-07-04 00:37:46,994 [trainer.py] => (curve) top1 Acc: [88.08, 83.82, 79.63, 77.25]
2026-07-04 00:37:46,994 [trainer.py] => Avergae Acc: 82.19
2026-07-04 00:37:46,994 [trainer.py] => (curve) top1 Acc with task: [88.08, 88.36, 87.29, 86.91]
2026-07-04 00:37:46,995 [trainer.py] => Avergae Acc: 87.66
2026-07-04 00:37:46,995 [trainer.py] => (curve) top1 Acc task: [100.0, 90.41, 85.85, 82.39]
2026-07-04 00:37:46,995 [trainer.py] => Avergae Acc: 89.66
2026-07-04 00:37:46,995 [trainer.py] => ================================================================================
2026-07-04 00:37:46,995 [trainer.py] => ================================================================================
2026-07-04 00:37:46,996 [base.py] => Task 4 learning on class 80-100
2026-07-04 00:37:47,007 [toolkit.py] => Total params:     106,804,763
2026-07-04 00:37:47,007 [toolkit.py] => Trainable params: 199,700
2026-07-04 00:37:47,007 [toolkit.py] => Trainable ratio:  0.1870%
2026-07-04 00:41:43,682 [splitlorav6.py] => Task 4, Epoch 10/10 => Loss 0.291, Train_accy 91.73
2026-07-04 00:42:03,037 [trainer.py] => Training time: 0h 4m 16s
2026-07-04 00:42:16,725 [trainer.py] => Evaluation time: 0h 0m 13s
2026-07-04 00:42:16,725 [trainer.py] => Accuracy: {'total': 76.34, '00-19': 79.41, '20-39': 82.36, '40-59': 64.22, '60-79': 74.36, '80-99': 76.53, 'old': 76.29, 'new': 76.53}
2026-07-04 00:42:16,725 [trainer.py] => (curve) top1 Acc: [88.08, 83.82, 79.63, 77.25, 76.34]
2026-07-04 00:42:16,725 [trainer.py] => Avergae Acc: 81.02
2026-07-04 00:42:16,726 [trainer.py] => (curve) top1 Acc with task: [88.08, 88.36, 87.29, 86.91, 86.52]
2026-07-04 00:42:16,726 [trainer.py] => Avergae Acc: 87.43
2026-07-04 00:42:16,726 [trainer.py] => (curve) top1 Acc task: [100.0, 90.41, 85.85, 82.39, 81.48]
2026-07-04 00:42:16,726 [trainer.py] => Avergae Acc: 88.03
2026-07-04 00:42:16,726 [trainer.py] => ================================================================================
2026-07-04 00:42:16,726 [trainer.py] => ================================================================================
2026-07-04 00:42:16,727 [base.py] => Task 5 learning on class 100-120
2026-07-04 00:42:16,738 [toolkit.py] => Total params:     106,804,763
2026-07-04 00:42:16,738 [toolkit.py] => Trainable params: 199,700
2026-07-04 00:42:16,738 [toolkit.py] => Trainable ratio:  0.1870%
2026-07-04 00:45:27,463 [splitlorav6.py] => Task 5, Epoch 10/10 => Loss 0.247, Train_accy 92.91
2026-07-04 00:45:47,491 [trainer.py] => Training time: 0h 3m 30s
2026-07-04 00:46:03,718 [trainer.py] => Evaluation time: 0h 0m 16s
2026-07-04 00:46:03,718 [trainer.py] => Accuracy: {'total': 74.9, '00-19': 76.78, '20-39': 80.69, '40-59': 62.84, '60-79': 72.84, '80-99': 75.11, '100-119': 76.58, 'old': 74.6, 'new': 76.58}
2026-07-04 00:46:03,718 [trainer.py] => (curve) top1 Acc: [88.08, 83.82, 79.63, 77.25, 76.34, 74.9]
2026-07-04 00:46:03,718 [trainer.py] => Avergae Acc: 80.00
2026-07-04 00:46:03,718 [trainer.py] => (curve) top1 Acc with task: [88.08, 88.36, 87.29, 86.91, 86.52, 86.46]
2026-07-04 00:46:03,718 [trainer.py] => Avergae Acc: 87.27
2026-07-04 00:46:03,718 [trainer.py] => (curve) top1 Acc task: [100.0, 90.41, 85.85, 82.39, 81.48, 79.75]
2026-07-04 00:46:03,718 [trainer.py] => Avergae Acc: 86.65
2026-07-04 00:46:03,718 [trainer.py] => ================================================================================
2026-07-04 00:46:03,719 [trainer.py] => ================================================================================
2026-07-04 00:46:03,720 [base.py] => Task 6 learning on class 120-140
2026-07-04 00:46:03,736 [toolkit.py] => Total params:     106,804,763
2026-07-04 00:46:03,736 [toolkit.py] => Trainable params: 199,700
2026-07-04 00:46:03,736 [toolkit.py] => Trainable ratio:  0.1870%
2026-07-04 00:49:19,373 [splitlorav6.py] => Task 6, Epoch 10/10 => Loss 0.331, Train_accy 89.93
2026-07-04 00:49:31,856 [trainer.py] => Training time: 0h 3m 28s
2026-07-04 00:49:49,284 [trainer.py] => Evaluation time: 0h 0m 17s
2026-07-04 00:49:49,285 [trainer.py] => Accuracy: {'total': 73.54, '00-19': 76.47, '20-39': 80.14, '40-59': 63.07, '60-79': 72.67, '80-99': 74.25, '100-119': 75.5, '120-139': 67.96, 'old': 74.4, 'new': 67.96}
2026-07-04 00:49:49,285 [trainer.py] => (curve) top1 Acc: [88.08, 83.82, 79.63, 77.25, 76.34, 74.9, 73.54]
2026-07-04 00:49:49,285 [trainer.py] => Avergae Acc: 79.08
2026-07-04 00:49:49,285 [trainer.py] => (curve) top1 Acc with task: [88.08, 88.36, 87.29, 86.91, 86.52, 86.46, 85.61]
2026-07-04 00:49:49,285 [trainer.py] => Avergae Acc: 87.03
2026-07-04 00:49:49,285 [trainer.py] => (curve) top1 Acc task: [100.0, 90.41, 85.85, 82.39, 81.48, 79.75, 78.28]
2026-07-04 00:49:49,285 [trainer.py] => Avergae Acc: 85.45
2026-07-04 00:49:49,285 [trainer.py] => ================================================================================
2026-07-04 00:49:49,285 [trainer.py] => ================================================================================
2026-07-04 00:49:49,287 [base.py] => Task 7 learning on class 140-160
2026-07-04 00:49:49,298 [toolkit.py] => Total params:     106,804,763
2026-07-04 00:49:49,298 [toolkit.py] => Trainable params: 199,700
2026-07-04 00:49:49,298 [toolkit.py] => Trainable ratio:  0.1870%
2026-07-04 00:52:30,102 [splitlorav6.py] => Task 7, Epoch 10/10 => Loss 0.318, Train_accy 90.66
2026-07-04 00:52:40,885 [trainer.py] => Training time: 0h 2m 51s
2026-07-04 00:53:00,176 [trainer.py] => Evaluation time: 0h 0m 19s
2026-07-04 00:53:00,177 [trainer.py] => Accuracy: {'total': 72.95, '00-19': 76.01, '20-39': 80.0, '40-59': 63.07, '60-79': 72.67, '80-99': 73.97, '100-119': 74.77, '120-139': 66.37, '140-159': 71.71, 'old': 73.09, 'new': 71.71}
2026-07-04 00:53:00,177 [trainer.py] => (curve) top1 Acc: [88.08, 83.82, 79.63, 77.25, 76.34, 74.9, 73.54, 72.95]
2026-07-04 00:53:00,177 [trainer.py] => Avergae Acc: 78.31
2026-07-04 00:53:00,177 [trainer.py] => (curve) top1 Acc with task: [88.08, 88.36, 87.29, 86.91, 86.52, 86.46, 85.61, 85.26]
2026-07-04 00:53:00,177 [trainer.py] => Avergae Acc: 86.81
2026-07-04 00:53:00,177 [trainer.py] => (curve) top1 Acc task: [100.0, 90.41, 85.85, 82.39, 81.48, 79.75, 78.28, 77.36]
2026-07-04 00:53:00,177 [trainer.py] => Avergae Acc: 84.44
2026-07-04 00:53:00,177 [trainer.py] => ================================================================================
2026-07-04 00:53:00,177 [trainer.py] => ================================================================================
2026-07-04 00:53:00,180 [base.py] => Task 8 learning on class 160-180
2026-07-04 00:53:00,192 [toolkit.py] => Total params:     106,804,763
2026-07-04 00:53:00,192 [toolkit.py] => Trainable params: 199,700
2026-07-04 00:53:00,192 [toolkit.py] => Trainable ratio:  0.1870%
2026-07-04 00:56:29,680 [splitlorav6.py] => Task 8, Epoch 10/10 => Loss 0.203, Train_accy 94.17
2026-07-04 00:56:44,294 [trainer.py] => Training time: 0h 3m 44s
2026-07-04 00:57:05,788 [trainer.py] => Evaluation time: 0h 0m 21s
2026-07-04 00:57:05,788 [trainer.py] => Accuracy: {'total': 73.52, '00-19': 75.7, '20-39': 79.44, '40-59': 63.07, '60-79': 72.33, '80-99': 73.83, '100-119': 73.87, '120-139': 64.79, '140-159': 69.3, '160-179': 83.25, 'old': 72.22, 'new': 83.25}
2026-07-04 00:57:05,788 [trainer.py] => (curve) top1 Acc: [88.08, 83.82, 79.63, 77.25, 76.34, 74.9, 73.54, 72.95, 73.52]
2026-07-04 00:57:05,788 [trainer.py] => Avergae Acc: 77.78
2026-07-04 00:57:05,788 [trainer.py] => (curve) top1 Acc with task: [88.08, 88.36, 87.29, 86.91, 86.52, 86.46, 85.61, 85.26, 86.06]
2026-07-04 00:57:05,788 [trainer.py] => Avergae Acc: 86.73
2026-07-04 00:57:05,788 [trainer.py] => (curve) top1 Acc task: [100.0, 90.41, 85.85, 82.39, 81.48, 79.75, 78.28, 77.36, 77.62]
2026-07-04 00:57:05,788 [trainer.py] => Avergae Acc: 83.68
2026-07-04 00:57:05,788 [trainer.py] => ================================================================================
2026-07-04 00:57:05,788 [trainer.py] => ================================================================================
2026-07-04 00:57:05,790 [base.py] => Task 9 learning on class 180-200
2026-07-04 00:57:05,802 [toolkit.py] => Total params:     106,804,763
2026-07-04 00:57:05,802 [toolkit.py] => Trainable params: 199,700
2026-07-04 00:57:05,802 [toolkit.py] => Trainable ratio:  0.1870%
2026-07-04 01:01:02,416 [splitlorav6.py] => Task 9, Epoch 10/10 => Loss 0.269, Train_accy 91.88
2026-07-04 01:01:16,116 [trainer.py] => Training time: 0h 4m 10s
2026-07-04 01:01:40,328 [trainer.py] => Evaluation time: 0h 0m 24s
2026-07-04 01:01:40,328 [trainer.py] => Accuracy: {'total': 73.43, '00-19': 74.92, '20-39': 78.75, '40-59': 63.07, '60-79': 72.16, '80-99': 73.12, '100-119': 73.87, '120-139': 63.73, '140-159': 69.08, '160-179': 82.45, '180-199': 76.77, 'old': 72.99, 'new': 76.77}
2026-07-04 01:01:40,328 [trainer.py] => (curve) top1 Acc: [88.08, 83.82, 79.63, 77.25, 76.34, 74.9, 73.54, 72.95, 73.52, 73.43]
2026-07-04 01:01:40,328 [trainer.py] => Avergae Acc: 77.35
2026-07-04 01:01:40,328 [trainer.py] => (curve) top1 Acc with task: [88.08, 88.36, 87.29, 86.91, 86.52, 86.46, 85.61, 85.26, 86.06, 86.3]
2026-07-04 01:01:40,328 [trainer.py] => Avergae Acc: 86.68
2026-07-04 01:01:40,329 [trainer.py] => (curve) top1 Acc task: [100.0, 90.41, 85.85, 82.39, 81.48, 79.75, 78.28, 77.36, 77.62, 77.12]
2026-07-04 01:01:40,329 [trainer.py] => Avergae Acc: 83.03
2026-07-04 01:01:40,329 [trainer.py] => ================================================================================
2026-09-08 20:06:43,363 [toolkit.py] => config: configs/splitlorav64_e/imagenet-r_seed=2026.json
2026-09-08 20:06:43,379 [toolkit.py] => device: [device(type='cuda', index=1)]
2026-09-08 20:06:43,379 [toolkit.py] => debug: False
2026-09-08 20:06:43,380 [toolkit.py] => save_ckp: False
2026-09-08 20:06:43,380 [toolkit.py] => moe_list: None
2026-09-08 20:06:43,380 [toolkit.py] => seed: 2026
2026-09-08 20:06:43,380 [toolkit.py] => dataset: imagenet-r
2026-09-08 20:06:43,380 [toolkit.py] => data_path: data/imagenet-r
2026-09-08 20:06:43,380 [toolkit.py] => load: vit_base_patch16_224_in21k
2026-09-08 20:06:43,380 [toolkit.py] => init_cls: 20
2026-09-08 20:06:43,381 [toolkit.py] => increment: 20
2026-09-08 20:06:43,381 [toolkit.py] => sessions: 10
2026-09-08 20:06:43,381 [toolkit.py] => shuffle: False
2026-09-08 20:06:43,381 [toolkit.py] => method: splitlorav6
2026-09-08 20:06:43,381 [toolkit.py] => optimizer: adamw
2026-09-08 20:06:43,381 [toolkit.py] => ema_type: EMA
2026-09-08 20:06:43,381 [toolkit.py] => scheduler: steplr
2026-09-08 20:06:43,381 [toolkit.py] => epochs: 10
2026-09-08 20:06:43,381 [toolkit.py] => lrate: 0.001
2026-09-08 20:06:43,381 [toolkit.py] => lrate_head: 0.01
2026-09-08 20:06:43,381 [toolkit.py] => weight_decay: 5e-05
2026-09-08 20:06:43,381 [toolkit.py] => batch_size: 256
2026-09-08 20:06:43,381 [toolkit.py] => rank: 10
2026-09-08 20:06:43,381 [toolkit.py] => num_workers: 16
2026-09-08 20:06:43,381 [toolkit.py] => lamb: 0.95
2026-09-08 20:06:43,381 [toolkit.py] => lame: 1.0
2026-09-08 20:06:43,381 [toolkit.py] => in_dim: 768
2026-09-08 20:06:43,381 [toolkit.py] => alpha: 20
2026-09-08 20:06:43,381 [toolkit.py] => ema_decay: 0
2026-09-08 20:06:43,381 [toolkit.py] => ema_decay2: 0
2026-09-08 20:06:43,381 [toolkit.py] => R: 0.5
2026-09-08 20:06:43,381 [toolkit.py] => logdir: logs/splitlorav6/imagenet-r/t10
2026-09-08 20:06:43,381 [toolkit.py] => logfilename: logs/splitlorav6/imagenet-r/t10/seed2026
2026-09-08 20:06:43,460 [data_manager.py] => Class index order: 0, 1, 2, 3, 4, ..., 195, 196, 197, 198, 199
2026-09-08 20:06:45,881 [trainer.py] => ================================================================================
2026-09-08 20:06:45,881 [trainer.py] => Dataset Information
2026-09-08 20:06:45,881 [trainer.py] => ================================================================================
2026-09-08 20:06:45,881 [trainer.py] =>   Dataset name     : imagenet-r
2026-09-08 20:06:45,881 [trainer.py] =>   Data path        : data/imagenet-r
2026-09-08 20:06:45,881 [trainer.py] =>   Total classes    : 200
2026-09-08 20:06:45,881 [trainer.py] =>   Total tasks      : 10
2026-09-08 20:06:45,881 [trainer.py] =>   Task increments  : [20, 20, 20, 20, 20, 20, 20, 20, 20, 20]
2026-09-08 20:06:45,881 [trainer.py] =>   Init classes     : 20
2026-09-08 20:06:45,881 [trainer.py] =>   Increment per task: 20
2026-09-08 20:06:45,881 [trainer.py] =>   Shuffle          : False
2026-09-08 20:06:45,881 [trainer.py] =>   Seed             : 2026
2026-09-08 20:06:45,881 [trainer.py] => --------------------------------------------------------------------------------
2026-09-08 20:06:45,881 [trainer.py] => Task split:
2026-09-08 20:06:45,883 [trainer.py] =>   Task 0: classes 0-19 (20 classes) | Train: 2585 images (11 batches), Test: 646 images (3 batches)
2026-09-08 20:06:45,884 [trainer.py] =>   Task 1: classes 20-39 (20 classes) | Train: 2886 images (12 batches), Test: 720 images (3 batches)
2026-09-08 20:06:45,886 [trainer.py] =>   Task 2: classes 40-59 (20 classes) | Train: 1739 images (7 batches), Test: 436 images (2 batches)
2026-09-08 20:06:45,887 [trainer.py] =>   Task 3: classes 60-79 (20 classes) | Train: 2344 images (10 batches), Test: 589 images (3 batches)
2026-09-08 20:06:45,888 [trainer.py] =>   Task 4: classes 80-99 (20 classes) | Train: 2816 images (11 batches), Test: 703 images (3 batches)
2026-09-08 20:06:45,890 [trainer.py] =>   Task 5: classes 100-119 (20 classes) | Train: 2215 images (9 batches), Test: 555 images (3 batches)
2026-09-08 20:06:45,891 [trainer.py] =>   Task 6: classes 120-139 (20 classes) | Train: 2274 images (9 batches), Test: 568 images (3 batches)
2026-09-08 20:06:45,892 [trainer.py] =>   Task 7: classes 140-159 (20 classes) | Train: 1821 images (8 batches), Test: 456 images (2 batches)
2026-09-08 20:06:45,893 [trainer.py] =>   Task 8: classes 160-179 (20 classes) | Train: 2489 images (10 batches), Test: 621 images (3 batches)
2026-09-08 20:06:45,895 [trainer.py] =>   Task 9: classes 180-199 (20 classes) | Train: 2831 images (12 batches), Test: 706 images (3 batches)
2026-09-08 20:06:45,895 [trainer.py] => ================================================================================
2026-09-08 20:06:45,895 [trainer.py] => ================================================================================
2026-09-08 20:06:45,896 [splitlorav6.py] => Task 0 learning on class 0-20
2026-09-08 20:06:46,511 [toolkit.py] => Total params:     106,804,763
2026-09-08 20:06:46,511 [toolkit.py] => Trainable params: 568,340
2026-09-08 20:06:46,511 [toolkit.py] => Trainable ratio:  0.5321%
2026-09-08 20:11:09,125 [splitlorav6.py] => Task 0, Epoch 10/10 => Loss 0.309, Train_accy 91.10
2026-09-08 20:11:24,238 [trainer.py] => Training time: 0h 4m 38s
2026-09-08 20:11:29,110 [trainer.py] => Evaluation time: 0h 0m 4s
2026-09-08 20:11:29,111 [trainer.py] => Accuracy: {'total': 87.62, '00-19': 87.62, 'old': 0, 'new': 87.62}
2026-09-08 20:11:29,111 [trainer.py] => (curve) top1 Acc: [87.62]
2026-09-08 20:11:29,111 [trainer.py] => Avergae Acc: 87.62
2026-09-08 20:11:29,111 [trainer.py] => (curve) top1 Acc with task: [87.62]
2026-09-08 20:11:29,111 [trainer.py] => Avergae Acc: 87.62
2026-09-08 20:11:29,111 [trainer.py] => (curve) top1 Acc task: [100.0]
2026-09-08 20:11:29,111 [trainer.py] => Avergae Acc: 100.00
2026-09-08 20:11:29,111 [trainer.py] => ================================================================================
2026-09-08 20:11:29,111 [trainer.py] => ================================================================================
2026-09-08 20:11:29,112 [splitlorav6.py] => Task 1 learning on class 20-40
2026-09-08 20:11:29,127 [toolkit.py] => Total params:     106,804,763
2026-09-08 20:11:29,127 [toolkit.py] => Trainable params: 568,340
2026-09-08 20:11:29,127 [toolkit.py] => Trainable ratio:  0.5321%
2026-09-08 20:16:21,659 [splitlorav6.py] => Task 1, Epoch 10/10 => Loss 0.246, Train_accy 92.48
2026-09-08 20:16:38,953 [trainer.py] => Training time: 0h 5m 9s
2026-09-08 20:16:47,060 [trainer.py] => Evaluation time: 0h 0m 8s
2026-09-08 20:16:47,061 [trainer.py] => Accuracy: {'total': 85.36, '00-19': 83.44, '20-39': 87.08, 'old': 83.44, 'new': 87.08}
2026-09-08 20:16:47,061 [trainer.py] => (curve) top1 Acc: [87.62, 85.36]
2026-09-08 20:16:47,061 [trainer.py] => Avergae Acc: 86.49
2026-09-08 20:16:47,061 [trainer.py] => (curve) top1 Acc with task: [87.62, 89.75]
2026-09-08 20:16:47,061 [trainer.py] => Avergae Acc: 88.69
2026-09-08 20:16:47,061 [trainer.py] => (curve) top1 Acc task: [100.0, 91.8]
2026-09-08 20:16:47,061 [trainer.py] => Avergae Acc: 95.90
2026-09-08 20:16:47,061 [trainer.py] => ================================================================================
2026-09-08 20:16:47,061 [trainer.py] => ================================================================================
2026-09-08 20:16:47,062 [splitlorav6.py] => Task 2 learning on class 40-60
2026-09-08 20:16:47,073 [toolkit.py] => Total params:     106,804,763
2026-09-08 20:16:47,073 [toolkit.py] => Trainable params: 568,340
2026-09-08 20:16:47,073 [toolkit.py] => Trainable ratio:  0.5321%
2026-09-08 20:19:53,124 [splitlorav6.py] => Task 2, Epoch 10/10 => Loss 0.325, Train_accy 90.11
2026-09-08 20:20:04,151 [trainer.py] => Training time: 0h 3m 17s
2026-09-08 20:20:14,379 [trainer.py] => Evaluation time: 0h 0m 10s
2026-09-08 20:20:14,379 [trainer.py] => Accuracy: {'total': 82.69, '00-19': 81.89, '20-39': 87.08, '40-59': 76.61, 'old': 84.63, 'new': 76.61}
2026-09-08 20:20:14,379 [trainer.py] => (curve) top1 Acc: [87.62, 85.36, 82.69]
2026-09-08 20:20:14,379 [trainer.py] => Avergae Acc: 85.22
2026-09-08 20:20:14,379 [trainer.py] => (curve) top1 Acc with task: [87.62, 89.75, 88.9]
2026-09-08 20:20:14,379 [trainer.py] => Avergae Acc: 88.76
2026-09-08 20:20:14,379 [trainer.py] => (curve) top1 Acc task: [100.0, 91.8, 89.18]
2026-09-08 20:20:14,380 [trainer.py] => Avergae Acc: 93.66
2026-09-08 20:20:14,380 [trainer.py] => ================================================================================
2026-09-08 20:20:14,380 [trainer.py] => ================================================================================
2026-09-08 20:20:14,382 [splitlorav6.py] => Task 3 learning on class 60-80
2026-09-08 20:20:14,400 [toolkit.py] => Total params:     106,804,763
2026-09-08 20:20:14,400 [toolkit.py] => Trainable params: 568,340
2026-09-08 20:20:14,401 [toolkit.py] => Trainable ratio:  0.5321%
2026-09-08 20:24:18,290 [splitlorav6.py] => Task 3, Epoch 10/10 => Loss 0.245, Train_accy 92.41
2026-09-08 20:24:32,730 [trainer.py] => Training time: 0h 4m 18s
2026-09-08 20:24:45,505 [trainer.py] => Evaluation time: 0h 0m 12s
2026-09-08 20:24:45,505 [trainer.py] => Accuracy: {'total': 80.68, '00-19': 77.86, '20-39': 85.69, '40-59': 75.69, '60-79': 81.32, 'old': 80.47, 'new': 81.32}
2026-09-08 20:24:45,505 [trainer.py] => (curve) top1 Acc: [87.62, 85.36, 82.69, 80.68]
2026-09-08 20:24:45,506 [trainer.py] => Avergae Acc: 84.09
2026-09-08 20:24:45,506 [trainer.py] => (curve) top1 Acc with task: [87.62, 89.75, 88.9, 88.5]
2026-09-08 20:24:45,506 [trainer.py] => Avergae Acc: 88.69
2026-09-08 20:24:45,506 [trainer.py] => (curve) top1 Acc task: [100.0, 91.8, 89.18, 86.7]
2026-09-08 20:24:45,506 [trainer.py] => Avergae Acc: 91.92
2026-09-08 20:24:45,506 [trainer.py] => ================================================================================
2026-09-08 20:24:45,506 [trainer.py] => ================================================================================
2026-09-08 20:24:45,507 [splitlorav6.py] => Task 4 learning on class 80-100
2026-09-08 20:24:45,518 [toolkit.py] => Total params:     106,804,763
2026-09-08 20:24:45,518 [toolkit.py] => Trainable params: 568,340
2026-09-08 20:24:45,518 [toolkit.py] => Trainable ratio:  0.5321%
2026-09-08 20:29:32,647 [splitlorav6.py] => Task 4, Epoch 10/10 => Loss 0.264, Train_accy 92.29
2026-09-08 20:29:48,831 [trainer.py] => Training time: 0h 5m 3s
2026-09-08 20:30:04,838 [trainer.py] => Evaluation time: 0h 0m 16s
2026-09-08 20:30:04,839 [trainer.py] => Accuracy: {'total': 79.99, '00-19': 77.55, '20-39': 84.17, '40-59': 75.0, '60-79': 79.12, '80-99': 81.79, 'old': 79.46, 'new': 81.79}
2026-09-08 20:30:04,839 [trainer.py] => (curve) top1 Acc: [87.62, 85.36, 82.69, 80.68, 79.99]
2026-09-08 20:30:04,839 [trainer.py] => Avergae Acc: 83.27
2026-09-08 20:30:04,839 [trainer.py] => (curve) top1 Acc with task: [87.62, 89.75, 88.9, 88.5, 88.62]
2026-09-08 20:30:04,839 [trainer.py] => Avergae Acc: 88.68
2026-09-08 20:30:04,839 [trainer.py] => (curve) top1 Acc task: [100.0, 91.8, 89.18, 86.7, 85.52]
2026-09-08 20:30:04,839 [trainer.py] => Avergae Acc: 90.64
2026-09-08 20:30:04,839 [trainer.py] => ================================================================================
2026-09-08 20:30:04,839 [trainer.py] => ================================================================================
2026-09-08 20:30:04,840 [splitlorav6.py] => Task 5 learning on class 100-120
2026-09-08 20:30:04,852 [toolkit.py] => Total params:     106,804,763
2026-09-08 20:30:04,852 [toolkit.py] => Trainable params: 568,340
2026-09-08 20:30:04,852 [toolkit.py] => Trainable ratio:  0.5321%
2026-09-08 20:33:55,085 [splitlorav6.py] => Task 5, Epoch 10/10 => Loss 0.278, Train_accy 91.78
2026-09-08 20:34:08,954 [trainer.py] => Training time: 0h 4m 4s
2026-09-08 20:34:27,347 [trainer.py] => Evaluation time: 0h 0m 18s
2026-09-08 20:34:27,347 [trainer.py] => Accuracy: {'total': 78.98, '00-19': 73.37, '20-39': 82.78, '40-59': 75.0, '60-79': 77.08, '80-99': 81.65, '100-119': 82.34, 'old': 78.38, 'new': 82.34}
2026-09-08 20:34:27,347 [trainer.py] => (curve) top1 Acc: [87.62, 85.36, 82.69, 80.68, 79.99, 78.98]
2026-09-08 20:34:27,347 [trainer.py] => Avergae Acc: 82.55
2026-09-08 20:34:27,348 [trainer.py] => (curve) top1 Acc with task: [87.62, 89.75, 88.9, 88.5, 88.62, 88.74]
2026-09-08 20:34:27,348 [trainer.py] => Avergae Acc: 88.69
2026-09-08 20:34:27,348 [trainer.py] => (curve) top1 Acc task: [100.0, 91.8, 89.18, 86.7, 85.52, 84.16]
2026-09-08 20:34:27,348 [trainer.py] => Avergae Acc: 89.56
2026-09-08 20:34:27,348 [trainer.py] => ================================================================================
2026-09-08 20:34:27,348 [trainer.py] => ================================================================================
2026-09-08 20:34:27,349 [splitlorav6.py] => Task 6 learning on class 120-140
2026-09-08 20:34:27,360 [toolkit.py] => Total params:     106,804,763
2026-09-08 20:34:27,360 [toolkit.py] => Trainable params: 568,340
2026-09-08 20:34:27,360 [toolkit.py] => Trainable ratio:  0.5321%
2026-09-08 20:38:24,665 [splitlorav6.py] => Task 6, Epoch 10/10 => Loss 0.297, Train_accy 90.19
2026-09-08 20:38:38,637 [trainer.py] => Training time: 0h 4m 11s
2026-09-08 20:39:00,357 [trainer.py] => Evaluation time: 0h 0m 21s
2026-09-08 20:39:00,357 [trainer.py] => Accuracy: {'total': 77.52, '00-19': 73.99, '20-39': 80.69, '40-59': 75.0, '60-79': 76.4, '80-99': 79.37, '100-119': 80.9, '120-139': 75.0, 'old': 77.91, 'new': 75.0}
2026-09-08 20:39:00,357 [trainer.py] => (curve) top1 Acc: [87.62, 85.36, 82.69, 80.68, 79.99, 78.98, 77.52]
2026-09-08 20:39:00,357 [trainer.py] => Avergae Acc: 81.83
2026-09-08 20:39:00,357 [trainer.py] => (curve) top1 Acc with task: [87.62, 89.75, 88.9, 88.5, 88.62, 88.74, 87.86]
2026-09-08 20:39:00,357 [trainer.py] => Avergae Acc: 88.57
2026-09-08 20:39:00,358 [trainer.py] => (curve) top1 Acc task: [100.0, 91.8, 89.18, 86.7, 85.52, 84.16, 82.57]
2026-09-08 20:39:00,358 [trainer.py] => Avergae Acc: 88.56
2026-09-08 20:39:00,358 [trainer.py] => ================================================================================
2026-09-08 20:39:00,358 [trainer.py] => ================================================================================
2026-09-08 20:39:00,359 [splitlorav6.py] => Task 7 learning on class 140-160
2026-09-08 20:39:00,371 [toolkit.py] => Total params:     106,804,763
2026-09-08 20:39:00,371 [toolkit.py] => Trainable params: 568,340
2026-09-08 20:39:00,371 [toolkit.py] => Trainable ratio:  0.5321%
2026-09-08 20:42:14,263 [splitlorav6.py] => Task 7, Epoch 10/10 => Loss 0.270, Train_accy 91.82
2026-09-08 20:42:25,645 [trainer.py] => Training time: 0h 3m 25s
2026-09-08 20:42:49,380 [trainer.py] => Evaluation time: 0h 0m 23s
2026-09-08 20:42:49,380 [trainer.py] => Accuracy: {'total': 76.42, '00-19': 72.14, '20-39': 80.14, '40-59': 74.31, '60-79': 75.21, '80-99': 79.09, '100-119': 80.18, '120-139': 74.47, '140-159': 73.9, 'old': 76.69, 'new': 73.9}
2026-09-08 20:42:49,380 [trainer.py] => (curve) top1 Acc: [87.62, 85.36, 82.69, 80.68, 79.99, 78.98, 77.52, 76.42]
2026-09-08 20:42:49,380 [trainer.py] => Avergae Acc: 81.16
2026-09-08 20:42:49,380 [trainer.py] => (curve) top1 Acc with task: [87.62, 89.75, 88.9, 88.5, 88.62, 88.74, 87.86, 87.67]
2026-09-08 20:42:49,380 [trainer.py] => Avergae Acc: 88.46
2026-09-08 20:42:49,381 [trainer.py] => (curve) top1 Acc task: [100.0, 91.8, 89.18, 86.7, 85.52, 84.16, 82.57, 81.1]
2026-09-08 20:42:49,381 [trainer.py] => Avergae Acc: 87.63
2026-09-08 20:42:49,381 [trainer.py] => ================================================================================
2026-09-08 20:42:49,381 [trainer.py] => ================================================================================
2026-09-08 20:42:49,382 [splitlorav6.py] => Task 8 learning on class 160-180
2026-09-08 20:42:49,394 [toolkit.py] => Total params:     106,804,763
2026-09-08 20:42:49,394 [toolkit.py] => Trainable params: 568,340
2026-09-08 20:42:49,394 [toolkit.py] => Trainable ratio:  0.5321%
2026-09-08 20:47:05,634 [splitlorav6.py] => Task 8, Epoch 10/10 => Loss 0.175, Train_accy 95.02
2026-09-08 20:47:20,487 [trainer.py] => Training time: 0h 4m 31s
2026-09-08 20:47:46,849 [trainer.py] => Evaluation time: 0h 0m 26s
2026-09-08 20:47:46,849 [trainer.py] => Accuracy: {'total': 76.79, '00-19': 72.91, '20-39': 78.61, '40-59': 73.39, '60-79': 73.85, '80-99': 76.67, '100-119': 79.28, '120-139': 71.13, '140-159': 72.81, '160-179': 89.86, 'old': 75.05, 'new': 89.86}
2026-09-08 20:47:46,849 [trainer.py] => (curve) top1 Acc: [87.62, 85.36, 82.69, 80.68, 79.99, 78.98, 77.52, 76.42, 76.79]
2026-09-08 20:47:46,849 [trainer.py] => Avergae Acc: 80.67
2026-09-08 20:47:46,849 [trainer.py] => (curve) top1 Acc with task: [87.62, 89.75, 88.9, 88.5, 88.62, 88.74, 87.86, 87.67, 88.23]
2026-09-08 20:47:46,849 [trainer.py] => Avergae Acc: 88.43
2026-09-08 20:47:46,849 [trainer.py] => (curve) top1 Acc task: [100.0, 91.8, 89.18, 86.7, 85.52, 84.16, 82.57, 81.1, 80.92]
2026-09-08 20:47:46,850 [trainer.py] => Avergae Acc: 86.88
2026-09-08 20:47:46,850 [trainer.py] => ================================================================================
2026-09-08 20:47:46,850 [trainer.py] => ================================================================================
2026-09-08 20:47:46,851 [splitlorav6.py] => Task 9 learning on class 180-200
2026-09-08 20:47:46,863 [toolkit.py] => Total params:     106,804,763
2026-09-08 20:47:46,863 [toolkit.py] => Trainable params: 568,340
2026-09-08 20:47:46,863 [toolkit.py] => Trainable ratio:  0.5321%
2026-09-08 20:52:35,681 [splitlorav6.py] => Task 9, Epoch 10/10 => Loss 0.271, Train_accy 92.41
2026-09-08 20:52:51,616 [trainer.py] => Training time: 0h 5m 4s
2026-09-08 20:53:21,506 [trainer.py] => Evaluation time: 0h 0m 29s
2026-09-08 20:53:21,507 [trainer.py] => Accuracy: {'total': 76.98, '00-19': 72.45, '20-39': 79.31, '40-59': 72.94, '60-79': 73.01, '80-99': 77.81, '100-119': 79.46, '120-139': 70.42, '140-159': 72.15, '160-179': 88.73, '180-199': 79.89, 'old': 76.6, 'new': 79.89}
2026-09-08 20:53:21,507 [trainer.py] => (curve) top1 Acc: [87.62, 85.36, 82.69, 80.68, 79.99, 78.98, 77.52, 76.42, 76.79, 76.98]
2026-09-08 20:53:21,507 [trainer.py] => Avergae Acc: 80.30
2026-09-08 20:53:21,507 [trainer.py] => (curve) top1 Acc with task: [87.62, 89.75, 88.9, 88.5, 88.62, 88.74, 87.86, 87.67, 88.23, 88.37]
2026-09-08 20:53:21,507 [trainer.py] => Avergae Acc: 88.43
2026-09-08 20:53:21,507 [trainer.py] => (curve) top1 Acc task: [100.0, 91.8, 89.18, 86.7, 85.52, 84.16, 82.57, 81.1, 80.92, 80.97]
2026-09-08 20:53:21,507 [trainer.py] => Avergae Acc: 86.29
2026-09-08 20:53:21,508 [trainer.py] => ================================================================================
