2026-07-03 23:04:58,062 [toolkit.py] => config: /home/zll2025/low-rank-cl-main/configs/splitlorav6/imagenet-r_seed=42.json
2026-07-03 23:04:58,062 [toolkit.py] => device: [device(type='cuda', index=3)]
2026-07-03 23:04:58,062 [toolkit.py] => debug: False
2026-07-03 23:04:58,062 [toolkit.py] => save_ckp: False
2026-07-03 23:04:58,062 [toolkit.py] => moe_list: None
2026-07-03 23:04:58,062 [toolkit.py] => seed: 42
2026-07-03 23:04:58,062 [toolkit.py] => dataset: imagenet-r
2026-07-03 23:04:58,062 [toolkit.py] => data_path: data/imagenet-r
2026-07-03 23:04:58,062 [toolkit.py] => load: vit_base_patch16_224_in21k
2026-07-03 23:04:58,062 [toolkit.py] => init_cls: 20
2026-07-03 23:04:58,062 [toolkit.py] => increment: 20
2026-07-03 23:04:58,062 [toolkit.py] => sessions: 10
2026-07-03 23:04:58,062 [toolkit.py] => shuffle: False
2026-07-03 23:04:58,062 [toolkit.py] => method: splitlorav6
2026-07-03 23:04:58,062 [toolkit.py] => optimizer: adamw
2026-07-03 23:04:58,063 [toolkit.py] => scheduler: steplr
2026-07-03 23:04:58,063 [toolkit.py] => epochs: 10
2026-07-03 23:04:58,063 [toolkit.py] => lrate: 0.001
2026-07-03 23:04:58,063 [toolkit.py] => lrate_head: 0.01
2026-07-03 23:04:58,063 [toolkit.py] => weight_decay: 5e-05
2026-07-03 23:04:58,063 [toolkit.py] => batch_size: 256
2026-07-03 23:04:58,063 [toolkit.py] => rank: 10
2026-07-03 23:04:58,063 [toolkit.py] => num_workers: 16
2026-07-03 23:04:58,063 [toolkit.py] => lamb: 0.95
2026-07-03 23:04:58,063 [toolkit.py] => lame: 1.0
2026-07-03 23:04:58,063 [toolkit.py] => in_dim: 768
2026-07-03 23:04:58,063 [toolkit.py] => alpha: 20
2026-07-03 23:04:58,063 [toolkit.py] => logdir: logs/splitlorav6/imagenet-r/t10
2026-07-03 23:04:58,063 [toolkit.py] => logfilename: logs/splitlorav6/imagenet-r/t10/seed42
2026-07-03 23:04:58,146 [data_manager.py] => Class index order: 0, 1, 2, 3, 4, ..., 195, 196, 197, 198, 199
2026-07-03 23:05:01,838 [trainer.py] => ================================================================================
2026-07-03 23:05:01,840 [base.py] => Task 0 learning on class 0-20
2026-07-03 23:05:02,328 [toolkit.py] => Total params:     106,804,763
2026-07-03 23:05:02,328 [toolkit.py] => Trainable params: 568,340
2026-07-03 23:05:02,328 [toolkit.py] => Trainable ratio:  0.5321%
2026-07-03 23:08:44,221 [splitlorav6.py] => Task 0, Epoch 10/10 => Loss 0.289, Train_accy 91.14
2026-07-03 23:09:04,185 [trainer.py] => Training time: 0h 4m 2s
2026-07-03 23:09:09,180 [trainer.py] => Evaluation time: 0h 0m 4s
2026-07-03 23:09:09,181 [trainer.py] => Accuracy: {'total': 88.24, '00-19': 88.24, 'old': 0, 'new': 88.24}
2026-07-03 23:09:09,181 [trainer.py] => (curve) top1 Acc: [88.24]
2026-07-03 23:09:09,181 [trainer.py] => Avergae Acc: 88.24
2026-07-03 23:09:09,181 [trainer.py] => (curve) top1 Acc with task: [88.24]
2026-07-03 23:09:09,181 [trainer.py] => Avergae Acc: 88.24
2026-07-03 23:09:09,181 [trainer.py] => (curve) top1 Acc task: [100.0]
2026-07-03 23:09:09,181 [trainer.py] => Avergae Acc: 100.00
2026-07-03 23:09:09,181 [trainer.py] => ================================================================================
2026-07-03 23:09:09,181 [trainer.py] => ================================================================================
2026-07-03 23:09:09,183 [base.py] => Task 1 learning on class 20-40
2026-07-03 23:09:09,195 [toolkit.py] => Total params:     106,804,763
2026-07-03 23:09:09,195 [toolkit.py] => Trainable params: 199,700
2026-07-03 23:09:09,195 [toolkit.py] => Trainable ratio:  0.1870%
2026-07-03 23:13:09,469 [splitlorav6.py] => Task 1, Epoch 10/10 => Loss 0.260, Train_accy 92.79
2026-07-03 23:13:23,616 [trainer.py] => Training time: 0h 4m 14s
2026-07-03 23:13:30,792 [trainer.py] => Evaluation time: 0h 0m 7s
2026-07-03 23:13:30,793 [trainer.py] => Accuracy: {'total': 85.72, '00-19': 84.52, '20-39': 86.81, 'old': 84.52, 'new': 86.81}
2026-07-03 23:13:30,793 [trainer.py] => (curve) top1 Acc: [88.24, 85.72]
2026-07-03 23:13:30,793 [trainer.py] => Avergae Acc: 86.98
2026-07-03 23:13:30,793 [trainer.py] => (curve) top1 Acc with task: [88.24, 89.75]
2026-07-03 23:13:30,793 [trainer.py] => Avergae Acc: 89.00
2026-07-03 23:13:30,793 [trainer.py] => (curve) top1 Acc task: [100.0, 91.58]
2026-07-03 23:13:30,793 [trainer.py] => Avergae Acc: 95.79
2026-07-03 23:13:30,793 [trainer.py] => ================================================================================
2026-07-03 23:13:30,793 [trainer.py] => ================================================================================
2026-07-03 23:13:30,795 [base.py] => Task 2 learning on class 40-60
2026-07-03 23:13:30,807 [toolkit.py] => Total params:     106,804,763
2026-07-03 23:13:30,807 [toolkit.py] => Trainable params: 199,700
2026-07-03 23:13:30,807 [toolkit.py] => Trainable ratio:  0.1870%
2026-07-03 23:16:04,428 [splitlorav6.py] => Task 2, Epoch 10/10 => Loss 0.282, Train_accy 90.97
2026-07-03 23:16:14,113 [trainer.py] => Training time: 0h 2m 43s
2026-07-03 23:16:22,691 [trainer.py] => Evaluation time: 0h 0m 8s
2026-07-03 23:16:22,692 [trainer.py] => Accuracy: {'total': 80.24, '00-19': 82.66, '20-39': 85.83, '40-59': 67.43, 'old': 84.33, 'new': 67.43}
2026-07-03 23:16:22,692 [trainer.py] => (curve) top1 Acc: [88.24, 85.72, 80.24]
2026-07-03 23:16:22,692 [trainer.py] => Avergae Acc: 84.73
2026-07-03 23:16:22,692 [trainer.py] => (curve) top1 Acc with task: [88.24, 89.75, 87.85]
2026-07-03 23:16:22,692 [trainer.py] => Avergae Acc: 88.61
2026-07-03 23:16:22,692 [trainer.py] => (curve) top1 Acc task: [100.0, 91.58, 86.96]
2026-07-03 23:16:22,692 [trainer.py] => Avergae Acc: 92.85
2026-07-03 23:16:22,692 [trainer.py] => ================================================================================
2026-07-03 23:16:22,692 [trainer.py] => ================================================================================
2026-07-03 23:16:22,693 [base.py] => Task 3 learning on class 60-80
2026-07-03 23:16:22,704 [toolkit.py] => Total params:     106,804,763
2026-07-03 23:16:22,705 [toolkit.py] => Trainable params: 199,700
2026-07-03 23:16:22,705 [toolkit.py] => Trainable ratio:  0.1870%
2026-07-03 23:19:43,024 [splitlorav6.py] => Task 3, Epoch 10/10 => Loss 0.301, Train_accy 90.78
2026-07-03 23:19:55,523 [trainer.py] => Training time: 0h 3m 32s
2026-07-03 23:20:06,707 [trainer.py] => Evaluation time: 0h 0m 11s
2026-07-03 23:20:06,708 [trainer.py] => Accuracy: {'total': 77.46, '00-19': 80.19, '20-39': 82.92, '40-59': 65.37, '60-79': 76.74, 'old': 77.69, 'new': 76.74}
2026-07-03 23:20:06,708 [trainer.py] => (curve) top1 Acc: [88.24, 85.72, 80.24, 77.46]
2026-07-03 23:20:06,708 [trainer.py] => Avergae Acc: 82.91
2026-07-03 23:20:06,708 [trainer.py] => (curve) top1 Acc with task: [88.24, 89.75, 87.85, 87.37]
2026-07-03 23:20:06,708 [trainer.py] => Avergae Acc: 88.30
2026-07-03 23:20:06,708 [trainer.py] => (curve) top1 Acc task: [100.0, 91.58, 86.96, 83.56]
2026-07-03 23:20:06,708 [trainer.py] => Avergae Acc: 90.52
2026-07-03 23:20:06,708 [trainer.py] => ================================================================================
2026-07-03 23:20:06,708 [trainer.py] => ================================================================================
2026-07-03 23:20:06,710 [base.py] => Task 4 learning on class 80-100
2026-07-03 23:20:06,721 [toolkit.py] => Total params:     106,804,763
2026-07-03 23:20:06,721 [toolkit.py] => Trainable params: 199,700
2026-07-03 23:20:06,721 [toolkit.py] => Trainable ratio:  0.1870%
2026-07-03 23:24:02,492 [splitlorav6.py] => Task 4, Epoch 10/10 => Loss 0.260, Train_accy 91.90
2026-07-03 23:24:16,528 [trainer.py] => Training time: 0h 4m 9s
2026-07-03 23:24:29,975 [trainer.py] => Evaluation time: 0h 0m 13s
2026-07-03 23:24:29,976 [trainer.py] => Accuracy: {'total': 76.76, '00-19': 78.79, '20-39': 81.53, '40-59': 64.45, '60-79': 75.55, '80-99': 78.66, 'old': 76.2, 'new': 78.66}
2026-07-03 23:24:29,976 [trainer.py] => (curve) top1 Acc: [88.24, 85.72, 80.24, 77.46, 76.76]
2026-07-03 23:24:29,976 [trainer.py] => Avergae Acc: 81.68
2026-07-03 23:24:29,976 [trainer.py] => (curve) top1 Acc with task: [88.24, 89.75, 87.85, 87.37, 86.65]
2026-07-03 23:24:29,976 [trainer.py] => Avergae Acc: 87.97
2026-07-03 23:24:29,976 [trainer.py] => (curve) top1 Acc task: [100.0, 91.58, 86.96, 83.56, 82.68]
2026-07-03 23:24:29,976 [trainer.py] => Avergae Acc: 88.96
2026-07-03 23:24:29,976 [trainer.py] => ================================================================================
2026-07-03 23:24:29,976 [trainer.py] => ================================================================================
2026-07-03 23:24:29,977 [base.py] => Task 5 learning on class 100-120
2026-07-03 23:24:29,989 [toolkit.py] => Total params:     106,804,763
2026-07-03 23:24:29,989 [toolkit.py] => Trainable params: 199,700
2026-07-03 23:24:29,989 [toolkit.py] => Trainable ratio:  0.1870%
2026-07-03 23:27:41,487 [splitlorav6.py] => Task 5, Epoch 10/10 => Loss 0.249, Train_accy 92.46
2026-07-03 23:27:53,070 [trainer.py] => Training time: 0h 3m 23s
2026-07-03 23:28:09,214 [trainer.py] => Evaluation time: 0h 0m 16s
2026-07-03 23:28:09,214 [trainer.py] => Accuracy: {'total': 75.61, '00-19': 76.63, '20-39': 80.83, '40-59': 63.07, '60-79': 74.19, '80-99': 77.24, '100-119': 76.94, 'old': 75.37, 'new': 76.94}
2026-07-03 23:28:09,214 [trainer.py] => (curve) top1 Acc: [88.24, 85.72, 80.24, 77.46, 76.76, 75.61]
2026-07-03 23:28:09,214 [trainer.py] => Avergae Acc: 80.67
2026-07-03 23:28:09,214 [trainer.py] => (curve) top1 Acc with task: [88.24, 89.75, 87.85, 87.37, 86.65, 86.41]
2026-07-03 23:28:09,215 [trainer.py] => Avergae Acc: 87.71
2026-07-03 23:28:09,215 [trainer.py] => (curve) top1 Acc task: [100.0, 91.58, 86.96, 83.56, 82.68, 81.2]
2026-07-03 23:28:09,215 [trainer.py] => Avergae Acc: 87.66
2026-07-03 23:28:09,215 [trainer.py] => ================================================================================
2026-07-03 23:28:09,215 [trainer.py] => ================================================================================
2026-07-03 23:28:09,216 [base.py] => Task 6 learning on class 120-140
2026-07-03 23:28:09,230 [toolkit.py] => Total params:     106,804,763
2026-07-03 23:28:09,230 [toolkit.py] => Trainable params: 199,700
2026-07-03 23:28:09,230 [toolkit.py] => Trainable ratio:  0.1870%
2026-07-03 23:31:24,636 [splitlorav6.py] => Task 6, Epoch 10/10 => Loss 0.353, Train_accy 89.31
2026-07-03 23:31:37,022 [trainer.py] => Training time: 0h 3m 27s
2026-07-03 23:31:54,695 [trainer.py] => Evaluation time: 0h 0m 17s
2026-07-03 23:31:54,695 [trainer.py] => Accuracy: {'total': 73.96, '00-19': 76.32, '20-39': 80.14, '40-59': 63.53, '60-79': 73.01, '80-99': 76.96, '100-119': 75.14, '120-139': 67.61, 'old': 74.95, 'new': 67.61}
2026-07-03 23:31:54,695 [trainer.py] => (curve) top1 Acc: [88.24, 85.72, 80.24, 77.46, 76.76, 75.61, 73.96]
2026-07-03 23:31:54,695 [trainer.py] => Avergae Acc: 79.71
2026-07-03 23:31:54,695 [trainer.py] => (curve) top1 Acc with task: [88.24, 89.75, 87.85, 87.37, 86.65, 86.41, 85.63]
2026-07-03 23:31:54,695 [trainer.py] => Avergae Acc: 87.41
2026-07-03 23:31:54,695 [trainer.py] => (curve) top1 Acc task: [100.0, 91.58, 86.96, 83.56, 82.68, 81.2, 79.11]
2026-07-03 23:31:54,695 [trainer.py] => Avergae Acc: 86.44
2026-07-03 23:31:54,695 [trainer.py] => ================================================================================
2026-07-03 23:31:54,695 [trainer.py] => ================================================================================
2026-07-03 23:31:54,697 [base.py] => Task 7 learning on class 140-160
2026-07-03 23:31:54,711 [toolkit.py] => Total params:     106,804,763
2026-07-03 23:31:54,711 [toolkit.py] => Trainable params: 199,700
2026-07-03 23:31:54,711 [toolkit.py] => Trainable ratio:  0.1870%
2026-07-03 23:34:34,169 [splitlorav6.py] => Task 7, Epoch 10/10 => Loss 0.280, Train_accy 90.83
2026-07-03 23:34:45,237 [trainer.py] => Training time: 0h 2m 50s
2026-07-03 23:35:04,618 [trainer.py] => Evaluation time: 0h 0m 19s
2026-07-03 23:35:04,619 [trainer.py] => Accuracy: {'total': 73.21, '00-19': 76.01, '20-39': 79.31, '40-59': 62.84, '60-79': 72.67, '80-99': 77.1, '100-119': 74.59, '120-139': 65.85, '140-159': 71.71, 'old': 73.37, 'new': 71.71}
2026-07-03 23:35:04,619 [trainer.py] => (curve) top1 Acc: [88.24, 85.72, 80.24, 77.46, 76.76, 75.61, 73.96, 73.21]
2026-07-03 23:35:04,619 [trainer.py] => Avergae Acc: 78.90
2026-07-03 23:35:04,619 [trainer.py] => (curve) top1 Acc with task: [88.24, 89.75, 87.85, 87.37, 86.65, 86.41, 85.63, 85.36]
2026-07-03 23:35:04,619 [trainer.py] => Avergae Acc: 87.16
2026-07-03 23:35:04,619 [trainer.py] => (curve) top1 Acc task: [100.0, 91.58, 86.96, 83.56, 82.68, 81.2, 79.11, 78.17]
2026-07-03 23:35:04,619 [trainer.py] => Avergae Acc: 85.41
2026-07-03 23:35:04,619 [trainer.py] => ================================================================================
2026-07-03 23:35:04,619 [trainer.py] => ================================================================================
2026-07-03 23:35:04,621 [base.py] => Task 8 learning on class 160-180
2026-07-03 23:35:04,634 [toolkit.py] => Total params:     106,804,763
2026-07-03 23:35:04,634 [toolkit.py] => Trainable params: 199,700
2026-07-03 23:35:04,634 [toolkit.py] => Trainable ratio:  0.1870%
2026-07-03 23:38:35,430 [splitlorav6.py] => Task 8, Epoch 10/10 => Loss 0.199, Train_accy 93.57
2026-07-03 23:38:48,336 [trainer.py] => Training time: 0h 3m 43s
2026-07-03 23:39:09,688 [trainer.py] => Evaluation time: 0h 0m 21s
2026-07-03 23:39:09,688 [trainer.py] => Accuracy: {'total': 73.46, '00-19': 75.7, '20-39': 78.61, '40-59': 62.61, '60-79': 72.5, '80-99': 76.24, '100-119': 74.41, '120-139': 63.38, '140-159': 69.52, '160-179': 81.8, 'old': 72.35, 'new': 81.8}
2026-07-03 23:39:09,688 [trainer.py] => (curve) top1 Acc: [88.24, 85.72, 80.24, 77.46, 76.76, 75.61, 73.96, 73.21, 73.46]
2026-07-03 23:39:09,688 [trainer.py] => Avergae Acc: 78.30
2026-07-03 23:39:09,688 [trainer.py] => (curve) top1 Acc with task: [88.24, 89.75, 87.85, 87.37, 86.65, 86.41, 85.63, 85.36, 86.12]
2026-07-03 23:39:09,688 [trainer.py] => Avergae Acc: 87.04
2026-07-03 23:39:09,688 [trainer.py] => (curve) top1 Acc task: [100.0, 91.58, 86.96, 83.56, 82.68, 81.2, 79.11, 78.17, 77.98]
2026-07-03 23:39:09,689 [trainer.py] => Avergae Acc: 84.58
2026-07-03 23:39:09,689 [trainer.py] => ================================================================================
2026-07-03 23:39:09,689 [trainer.py] => ================================================================================
2026-07-03 23:39:09,691 [base.py] => Task 9 learning on class 180-200
2026-07-03 23:39:09,704 [toolkit.py] => Total params:     106,804,763
2026-07-03 23:39:09,704 [toolkit.py] => Trainable params: 199,700
2026-07-03 23:39:09,704 [toolkit.py] => Trainable ratio:  0.1870%
2026-07-03 23:43:06,976 [splitlorav6.py] => Task 9, Epoch 10/10 => Loss 0.353, Train_accy 89.51
2026-07-03 23:43:21,991 [trainer.py] => Training time: 0h 4m 12s
2026-07-03 23:43:46,080 [trainer.py] => Evaluation time: 0h 0m 24s
2026-07-03 23:43:46,080 [trainer.py] => Accuracy: {'total': 72.95, '00-19': 75.23, '20-39': 77.78, '40-59': 62.16, '60-79': 72.33, '80-99': 75.39, '100-119': 73.33, '120-139': 61.44, '140-159': 69.08, '160-179': 80.52, '180-199': 75.5, 'old': 72.61, 'new': 75.5}
2026-07-03 23:43:46,080 [trainer.py] => (curve) top1 Acc: [88.24, 85.72, 80.24, 77.46, 76.76, 75.61, 73.96, 73.21, 73.46, 72.95]
2026-07-03 23:43:46,080 [trainer.py] => Avergae Acc: 77.76
2026-07-03 23:43:46,080 [trainer.py] => (curve) top1 Acc with task: [88.24, 89.75, 87.85, 87.37, 86.65, 86.41, 85.63, 85.36, 86.12, 86.2]
2026-07-03 23:43:46,080 [trainer.py] => Avergae Acc: 86.96
2026-07-03 23:43:46,080 [trainer.py] => (curve) top1 Acc task: [100.0, 91.58, 86.96, 83.56, 82.68, 81.2, 79.11, 78.17, 77.98, 77.05]
2026-07-03 23:43:46,081 [trainer.py] => Avergae Acc: 83.83
2026-07-03 23:43:46,081 [trainer.py] => ================================================================================
