2026-07-03 21:44:11,192 [toolkit.py] => config: /home/zll2025/low-rank-cl-main/configs/splitlorav6/imagenet-r_seed=0.json
2026-07-03 21:44:11,192 [toolkit.py] => device: [device(type='cuda', index=3)]
2026-07-03 21:44:11,192 [toolkit.py] => debug: False
2026-07-03 21:44:11,192 [toolkit.py] => save_ckp: False
2026-07-03 21:44:11,192 [toolkit.py] => moe_list: None
2026-07-03 21:44:11,192 [toolkit.py] => seed: 0
2026-07-03 21:44:11,192 [toolkit.py] => dataset: imagenet-r
2026-07-03 21:44:11,192 [toolkit.py] => data_path: data/imagenet-r
2026-07-03 21:44:11,192 [toolkit.py] => load: vit_base_patch16_224_in21k
2026-07-03 21:44:11,192 [toolkit.py] => init_cls: 20
2026-07-03 21:44:11,192 [toolkit.py] => increment: 20
2026-07-03 21:44:11,192 [toolkit.py] => sessions: 10
2026-07-03 21:44:11,192 [toolkit.py] => shuffle: False
2026-07-03 21:44:11,192 [toolkit.py] => method: splitlorav6
2026-07-03 21:44:11,192 [toolkit.py] => optimizer: adamw
2026-07-03 21:44:11,192 [toolkit.py] => scheduler: steplr
2026-07-03 21:44:11,192 [toolkit.py] => epochs: 10
2026-07-03 21:44:11,192 [toolkit.py] => lrate: 0.001
2026-07-03 21:44:11,192 [toolkit.py] => lrate_head: 0.01
2026-07-03 21:44:11,192 [toolkit.py] => weight_decay: 5e-05
2026-07-03 21:44:11,193 [toolkit.py] => batch_size: 256
2026-07-03 21:44:11,193 [toolkit.py] => rank: 10
2026-07-03 21:44:11,193 [toolkit.py] => num_workers: 16
2026-07-03 21:44:11,193 [toolkit.py] => lamb: 0.95
2026-07-03 21:44:11,193 [toolkit.py] => lame: 1.0
2026-07-03 21:44:11,193 [toolkit.py] => in_dim: 768
2026-07-03 21:44:11,193 [toolkit.py] => alpha: 20
2026-07-03 21:44:11,193 [toolkit.py] => logdir: logs/splitlorav6/imagenet-r/t10
2026-07-03 21:44:11,193 [toolkit.py] => logfilename: logs/splitlorav6/imagenet-r/t10/seed0
2026-07-03 21:44:11,783 [data_manager.py] => Class index order: 0, 1, 2, 3, 4, ..., 195, 196, 197, 198, 199
2026-07-03 21:44:15,533 [trainer.py] => ================================================================================
2026-07-03 21:44:15,535 [base.py] => Task 0 learning on class 0-20
2026-07-03 21:44:16,003 [toolkit.py] => Total params:     106,804,763
2026-07-03 21:44:16,003 [toolkit.py] => Trainable params: 568,340
2026-07-03 21:44:16,003 [toolkit.py] => Trainable ratio:  0.5321%
2026-07-03 21:48:01,140 [splitlorav6.py] => Task 0, Epoch 10/10 => Loss 0.263, Train_accy 90.95
2026-07-03 21:48:24,567 [trainer.py] => Training time: 0h 4m 9s
2026-07-03 21:48:30,834 [trainer.py] => Evaluation time: 0h 0m 6s
2026-07-03 21:48:30,834 [trainer.py] => Accuracy: {'total': 87.46, '00-19': 87.46, 'old': 0, 'new': 87.46}
2026-07-03 21:48:30,834 [trainer.py] => (curve) top1 Acc: [87.46]
2026-07-03 21:48:30,834 [trainer.py] => Avergae Acc: 87.46
2026-07-03 21:48:30,834 [trainer.py] => (curve) top1 Acc with task: [87.46]
2026-07-03 21:48:30,834 [trainer.py] => Avergae Acc: 87.46
2026-07-03 21:48:30,834 [trainer.py] => (curve) top1 Acc task: [100.0]
2026-07-03 21:48:30,834 [trainer.py] => Avergae Acc: 100.00
2026-07-03 21:48:30,834 [trainer.py] => ================================================================================
2026-07-03 21:48:30,834 [trainer.py] => ================================================================================
2026-07-03 21:48:30,837 [base.py] => Task 1 learning on class 20-40
2026-07-03 21:48:30,855 [toolkit.py] => Total params:     106,804,763
2026-07-03 21:48:30,855 [toolkit.py] => Trainable params: 199,700
2026-07-03 21:48:30,855 [toolkit.py] => Trainable ratio:  0.1870%
2026-07-03 21:52:36,205 [splitlorav6.py] => Task 1, Epoch 10/10 => Loss 0.270, Train_accy 92.31
2026-07-03 21:52:52,922 [trainer.py] => Training time: 0h 4m 22s
2026-07-03 21:53:00,279 [trainer.py] => Evaluation time: 0h 0m 7s
2026-07-03 21:53:00,279 [trainer.py] => Accuracy: {'total': 83.82, '00-19': 82.66, '20-39': 84.86, 'old': 82.66, 'new': 84.86}
2026-07-03 21:53:00,279 [trainer.py] => (curve) top1 Acc: [87.46, 83.82]
2026-07-03 21:53:00,279 [trainer.py] => Avergae Acc: 85.64
2026-07-03 21:53:00,279 [trainer.py] => (curve) top1 Acc with task: [87.46, 88.51]
2026-07-03 21:53:00,279 [trainer.py] => Avergae Acc: 87.98
2026-07-03 21:53:00,279 [trainer.py] => (curve) top1 Acc task: [100.0, 91.43]
2026-07-03 21:53:00,279 [trainer.py] => Avergae Acc: 95.72
2026-07-03 21:53:00,279 [trainer.py] => ================================================================================
2026-07-03 21:53:00,279 [trainer.py] => ================================================================================
2026-07-03 21:53:00,281 [base.py] => Task 2 learning on class 40-60
2026-07-03 21:53:00,291 [toolkit.py] => Total params:     106,804,763
2026-07-03 21:53:00,291 [toolkit.py] => Trainable params: 199,700
2026-07-03 21:53:00,291 [toolkit.py] => Trainable ratio:  0.1870%
2026-07-03 21:55:36,699 [splitlorav6.py] => Task 2, Epoch 10/10 => Loss 0.318, Train_accy 89.94
2026-07-03 21:55:48,792 [trainer.py] => Training time: 0h 2m 48s
2026-07-03 21:55:57,544 [trainer.py] => Evaluation time: 0h 0m 8s
2026-07-03 21:55:57,544 [trainer.py] => Accuracy: {'total': 79.8, '00-19': 81.89, '20-39': 84.72, '40-59': 68.58, 'old': 83.38, 'new': 68.58}
2026-07-03 21:55:57,544 [trainer.py] => (curve) top1 Acc: [87.46, 83.82, 79.8]
2026-07-03 21:55:57,544 [trainer.py] => Avergae Acc: 83.69
2026-07-03 21:55:57,544 [trainer.py] => (curve) top1 Acc with task: [87.46, 88.51, 87.18]
2026-07-03 21:55:57,544 [trainer.py] => Avergae Acc: 87.72
2026-07-03 21:55:57,544 [trainer.py] => (curve) top1 Acc task: [100.0, 91.43, 86.79]
2026-07-03 21:55:57,544 [trainer.py] => Avergae Acc: 92.74
2026-07-03 21:55:57,544 [trainer.py] => ================================================================================
2026-07-03 21:55:57,544 [trainer.py] => ================================================================================
2026-07-03 21:55:57,546 [base.py] => Task 3 learning on class 60-80
2026-07-03 21:55:57,556 [toolkit.py] => Total params:     106,804,763
2026-07-03 21:55:57,557 [toolkit.py] => Trainable params: 199,700
2026-07-03 21:55:57,557 [toolkit.py] => Trainable ratio:  0.1870%
2026-07-03 21:59:22,680 [splitlorav6.py] => Task 3, Epoch 10/10 => Loss 0.288, Train_accy 90.49
2026-07-03 21:59:40,879 [trainer.py] => Training time: 0h 3m 43s
2026-07-03 21:59:53,011 [trainer.py] => Evaluation time: 0h 0m 12s
2026-07-03 21:59:53,011 [trainer.py] => Accuracy: {'total': 77.54, '00-19': 80.8, '20-39': 82.78, '40-59': 64.22, '60-79': 77.42, 'old': 77.58, 'new': 77.42}
2026-07-03 21:59:53,012 [trainer.py] => (curve) top1 Acc: [87.46, 83.82, 79.8, 77.54]
2026-07-03 21:59:53,012 [trainer.py] => Avergae Acc: 82.16
2026-07-03 21:59:53,012 [trainer.py] => (curve) top1 Acc with task: [87.46, 88.51, 87.18, 86.62]
2026-07-03 21:59:53,012 [trainer.py] => Avergae Acc: 87.44
2026-07-03 21:59:53,012 [trainer.py] => (curve) top1 Acc task: [100.0, 91.43, 86.79, 83.9]
2026-07-03 21:59:53,012 [trainer.py] => Avergae Acc: 90.53
2026-07-03 21:59:53,012 [trainer.py] => ================================================================================
2026-07-03 21:59:53,012 [trainer.py] => ================================================================================
2026-07-03 21:59:53,013 [base.py] => Task 4 learning on class 80-100
2026-07-03 21:59:53,027 [toolkit.py] => Total params:     106,804,763
2026-07-03 21:59:53,027 [toolkit.py] => Trainable params: 199,700
2026-07-03 21:59:53,027 [toolkit.py] => Trainable ratio:  0.1870%
2026-07-03 22:03:55,393 [splitlorav6.py] => Task 4, Epoch 10/10 => Loss 0.291, Train_accy 91.26
2026-07-03 22:04:30,310 [trainer.py] => Training time: 0h 4m 37s
2026-07-03 22:04:44,337 [trainer.py] => Evaluation time: 0h 0m 14s
2026-07-03 22:04:44,337 [trainer.py] => Accuracy: {'total': 76.41, '00-19': 79.41, '20-39': 80.69, '40-59': 63.99, '60-79': 75.89, '80-99': 77.38, 'old': 76.12, 'new': 77.38}
2026-07-03 22:04:44,337 [trainer.py] => (curve) top1 Acc: [87.46, 83.82, 79.8, 77.54, 76.41]
2026-07-03 22:04:44,338 [trainer.py] => Avergae Acc: 81.01
2026-07-03 22:04:44,338 [trainer.py] => (curve) top1 Acc with task: [87.46, 88.51, 87.18, 86.62, 86.23]
2026-07-03 22:04:44,338 [trainer.py] => Avergae Acc: 87.20
2026-07-03 22:04:44,338 [trainer.py] => (curve) top1 Acc task: [100.0, 91.43, 86.79, 83.9, 82.32]
2026-07-03 22:04:44,338 [trainer.py] => Avergae Acc: 88.89
2026-07-03 22:04:44,338 [trainer.py] => ================================================================================
2026-07-03 22:04:44,338 [trainer.py] => ================================================================================
2026-07-03 22:04:44,339 [base.py] => Task 5 learning on class 100-120
2026-07-03 22:04:44,350 [toolkit.py] => Total params:     106,804,763
2026-07-03 22:04:44,351 [toolkit.py] => Trainable params: 199,700
2026-07-03 22:04:44,351 [toolkit.py] => Trainable ratio:  0.1870%
2026-07-03 22:08:02,162 [splitlorav6.py] => Task 5, Epoch 10/10 => Loss 0.254, Train_accy 92.60
2026-07-03 22:08:13,448 [trainer.py] => Training time: 0h 3m 29s
2026-07-03 22:08:28,907 [trainer.py] => Evaluation time: 0h 0m 15s
2026-07-03 22:08:28,907 [trainer.py] => Accuracy: {'total': 75.61, '00-19': 77.71, '20-39': 79.86, '40-59': 63.53, '60-79': 75.55, '80-99': 75.82, '100-119': 76.94, 'old': 75.37, 'new': 76.94}
2026-07-03 22:08:28,907 [trainer.py] => (curve) top1 Acc: [87.46, 83.82, 79.8, 77.54, 76.41, 75.61]
2026-07-03 22:08:28,907 [trainer.py] => Avergae Acc: 80.11
2026-07-03 22:08:28,907 [trainer.py] => (curve) top1 Acc with task: [87.46, 88.51, 87.18, 86.62, 86.23, 86.19]
2026-07-03 22:08:28,907 [trainer.py] => Avergae Acc: 87.03
2026-07-03 22:08:28,907 [trainer.py] => (curve) top1 Acc task: [100.0, 91.43, 86.79, 83.9, 82.32, 80.95]
2026-07-03 22:08:28,907 [trainer.py] => Avergae Acc: 87.56
2026-07-03 22:08:28,907 [trainer.py] => ================================================================================
2026-07-03 22:08:28,907 [trainer.py] => ================================================================================
2026-07-03 22:08:28,909 [base.py] => Task 6 learning on class 120-140
2026-07-03 22:08:28,921 [toolkit.py] => Total params:     106,804,763
2026-07-03 22:08:28,921 [toolkit.py] => Trainable params: 199,700
2026-07-03 22:08:28,921 [toolkit.py] => Trainable ratio:  0.1870%
2026-07-03 22:11:47,048 [splitlorav6.py] => Task 6, Epoch 10/10 => Loss 0.357, Train_accy 89.40
2026-07-03 22:11:58,945 [trainer.py] => Training time: 0h 3m 30s
2026-07-03 22:12:16,751 [trainer.py] => Evaluation time: 0h 0m 17s
2026-07-03 22:12:16,751 [trainer.py] => Accuracy: {'total': 74.15, '00-19': 77.09, '20-39': 79.44, '40-59': 63.53, '60-79': 74.87, '80-99': 75.96, '100-119': 76.58, '120-139': 66.9, 'old': 75.28, 'new': 66.9}
2026-07-03 22:12:16,751 [trainer.py] => (curve) top1 Acc: [87.46, 83.82, 79.8, 77.54, 76.41, 75.61, 74.15]
2026-07-03 22:12:16,751 [trainer.py] => Avergae Acc: 79.26
2026-07-03 22:12:16,751 [trainer.py] => (curve) top1 Acc with task: [87.46, 88.51, 87.18, 86.62, 86.23, 86.19, 85.53]
2026-07-03 22:12:16,751 [trainer.py] => Avergae Acc: 86.82
2026-07-03 22:12:16,751 [trainer.py] => (curve) top1 Acc task: [100.0, 91.43, 86.79, 83.9, 82.32, 80.95, 79.2]
2026-07-03 22:12:16,751 [trainer.py] => Avergae Acc: 86.37
2026-07-03 22:12:16,751 [trainer.py] => ================================================================================
2026-07-03 22:12:16,751 [trainer.py] => ================================================================================
2026-07-03 22:12:16,753 [base.py] => Task 7 learning on class 140-160
2026-07-03 22:12:16,766 [toolkit.py] => Total params:     106,804,763
2026-07-03 22:12:16,766 [toolkit.py] => Trainable params: 199,700
2026-07-03 22:12:16,766 [toolkit.py] => Trainable ratio:  0.1870%
2026-07-03 22:14:55,592 [splitlorav6.py] => Task 7, Epoch 10/10 => Loss 0.371, Train_accy 89.95
2026-07-03 22:15:05,233 [trainer.py] => Training time: 0h 2m 48s
2026-07-03 22:15:24,240 [trainer.py] => Evaluation time: 0h 0m 19s
2026-07-03 22:15:24,241 [trainer.py] => Accuracy: {'total': 73.08, '00-19': 76.47, '20-39': 79.03, '40-59': 63.07, '60-79': 73.85, '80-99': 75.53, '100-119': 76.22, '120-139': 65.14, '140-159': 69.74, 'old': 73.44, 'new': 69.74}
2026-07-03 22:15:24,241 [trainer.py] => (curve) top1 Acc: [87.46, 83.82, 79.8, 77.54, 76.41, 75.61, 74.15, 73.08]
2026-07-03 22:15:24,241 [trainer.py] => Avergae Acc: 78.48
2026-07-03 22:15:24,241 [trainer.py] => (curve) top1 Acc with task: [87.46, 88.51, 87.18, 86.62, 86.23, 86.19, 85.53, 85.13]
2026-07-03 22:15:24,241 [trainer.py] => Avergae Acc: 86.61
2026-07-03 22:15:24,241 [trainer.py] => (curve) top1 Acc task: [100.0, 91.43, 86.79, 83.9, 82.32, 80.95, 79.2, 77.81]
2026-07-03 22:15:24,241 [trainer.py] => Avergae Acc: 85.30
2026-07-03 22:15:24,241 [trainer.py] => ================================================================================
2026-07-03 22:15:24,241 [trainer.py] => ================================================================================
2026-07-03 22:15:24,243 [base.py] => Task 8 learning on class 160-180
2026-07-03 22:15:24,256 [toolkit.py] => Total params:     106,804,763
2026-07-03 22:15:24,256 [toolkit.py] => Trainable params: 199,700
2026-07-03 22:15:24,256 [toolkit.py] => Trainable ratio:  0.1870%
2026-07-03 22:18:56,261 [splitlorav6.py] => Task 8, Epoch 10/10 => Loss 0.189, Train_accy 94.38
2026-07-03 22:19:11,255 [trainer.py] => Training time: 0h 3m 47s
2026-07-03 22:19:33,095 [trainer.py] => Evaluation time: 0h 0m 21s
2026-07-03 22:19:33,095 [trainer.py] => Accuracy: {'total': 73.55, '00-19': 75.85, '20-39': 79.17, '40-59': 62.39, '60-79': 73.51, '80-99': 74.11, '100-119': 75.5, '120-139': 61.62, '140-159': 67.98, '160-179': 85.19, 'old': 72.01, 'new': 85.19}
2026-07-03 22:19:33,095 [trainer.py] => (curve) top1 Acc: [87.46, 83.82, 79.8, 77.54, 76.41, 75.61, 74.15, 73.08, 73.55]
2026-07-03 22:19:33,096 [trainer.py] => Avergae Acc: 77.94
2026-07-03 22:19:33,096 [trainer.py] => (curve) top1 Acc with task: [87.46, 88.51, 87.18, 86.62, 86.23, 86.19, 85.53, 85.13, 85.85]
2026-07-03 22:19:33,096 [trainer.py] => Avergae Acc: 86.52
2026-07-03 22:19:33,096 [trainer.py] => (curve) top1 Acc task: [100.0, 91.43, 86.79, 83.9, 82.32, 80.95, 79.2, 77.81, 77.81]
2026-07-03 22:19:33,096 [trainer.py] => Avergae Acc: 84.47
2026-07-03 22:19:33,096 [trainer.py] => ================================================================================
2026-07-03 22:19:33,096 [trainer.py] => ================================================================================
2026-07-03 22:19:33,098 [base.py] => Task 9 learning on class 180-200
2026-07-03 22:19:33,110 [toolkit.py] => Total params:     106,804,763
2026-07-03 22:19:33,110 [toolkit.py] => Trainable params: 199,700
2026-07-03 22:19:33,110 [toolkit.py] => Trainable ratio:  0.1870%
2026-07-03 22:23:36,396 [splitlorav6.py] => Task 9, Epoch 10/10 => Loss 0.368, Train_accy 89.97
2026-07-03 22:25:44,235 [trainer.py] => Training time: 0h 6m 11s
2026-07-03 22:26:09,925 [trainer.py] => Evaluation time: 0h 0m 25s
2026-07-03 22:26:09,925 [trainer.py] => Accuracy: {'total': 73.32, '00-19': 75.08, '20-39': 78.61, '40-59': 62.61, '60-79': 73.17, '80-99': 73.68, '100-119': 75.32, '120-139': 61.09, '140-159': 67.54, '160-179': 84.54, '180-199': 74.79, 'old': 73.12, 'new': 74.79}
2026-07-03 22:26:09,925 [trainer.py] => (curve) top1 Acc: [87.46, 83.82, 79.8, 77.54, 76.41, 75.61, 74.15, 73.08, 73.55, 73.32]
2026-07-03 22:26:09,925 [trainer.py] => Avergae Acc: 77.47
2026-07-03 22:26:09,925 [trainer.py] => (curve) top1 Acc with task: [87.46, 88.51, 87.18, 86.62, 86.23, 86.19, 85.53, 85.13, 85.85, 86.07]
2026-07-03 22:26:09,925 [trainer.py] => Avergae Acc: 86.48
2026-07-03 22:26:09,925 [trainer.py] => (curve) top1 Acc task: [100.0, 91.43, 86.79, 83.9, 82.32, 80.95, 79.2, 77.81, 77.81, 77.15]
2026-07-03 22:26:09,925 [trainer.py] => Avergae Acc: 83.74
2026-07-03 22:26:09,925 [trainer.py] => ================================================================================
