2026-06-30 18:42:10,567 [toolkit.py] => config: /home/zll2025/low-rank-cl-main/configs/cllora/imagenet-r.json
2026-06-30 18:42:10,567 [toolkit.py] => device: [device(type='cuda', index=4)]
2026-06-30 18:42:10,567 [toolkit.py] => debug: False
2026-06-30 18:42:10,567 [toolkit.py] => save_ckp: False
2026-06-30 18:42:10,567 [toolkit.py] => moe_list: None
2026-06-30 18:42:10,567 [toolkit.py] => seed: 1993
2026-06-30 18:42:10,567 [toolkit.py] => dataset: imagenet-r
2026-06-30 18:42:10,567 [toolkit.py] => data_path: data/imagenet-r
2026-06-30 18:42:10,568 [toolkit.py] => load: vit_base_patch16_224_in21k
2026-06-30 18:42:10,568 [toolkit.py] => init_cls: 20
2026-06-30 18:42:10,568 [toolkit.py] => increment: 20
2026-06-30 18:42:10,568 [toolkit.py] => sessions: 10
2026-06-30 18:42:10,568 [toolkit.py] => shuffle: True
2026-06-30 18:42:10,568 [toolkit.py] => method: cllora
2026-06-30 18:42:10,568 [toolkit.py] => optimizer: sgd
2026-06-30 18:42:10,568 [toolkit.py] => scheduler: cosine
2026-06-30 18:42:10,568 [toolkit.py] => epochs: 20
2026-06-30 18:42:10,568 [toolkit.py] => lrate: 0.05
2026-06-30 18:42:10,568 [toolkit.py] => weight_decay: 0.0005
2026-06-30 18:42:10,568 [toolkit.py] => batch_size: 32
2026-06-30 18:42:10,568 [toolkit.py] => rank: 10
2026-06-30 18:42:10,568 [toolkit.py] => num_workers: 16
2026-06-30 18:42:10,568 [toolkit.py] => kd_ratio: 5.0
2026-06-30 18:42:10,568 [toolkit.py] => temperature: 2
2026-06-30 18:42:10,568 [toolkit.py] => msa: [1, 0, 1]
2026-06-30 18:42:10,568 [toolkit.py] => shared_pos: [0, 1, 2, 3, 4, 5]
2026-06-30 18:42:10,568 [toolkit.py] => specific_pos: [6, 7, 8, 9, 10, 11]
2026-06-30 18:42:10,568 [toolkit.py] => lrate_head: 0
2026-06-30 18:42:10,568 [toolkit.py] => logdir: logs/cllora/imagenet-r/t10
2026-06-30 18:42:10,568 [toolkit.py] => logfilename: logs/cllora/imagenet-r/t10/seed1993
2026-06-30 18:43:19,643 [toolkit.py] => config: /home/zll2025/low-rank-cl-main/configs/cllora/imagenet-r.json
2026-06-30 18:43:19,643 [toolkit.py] => device: [device(type='cuda', index=4)]
2026-06-30 18:43:19,643 [toolkit.py] => debug: False
2026-06-30 18:43:19,643 [toolkit.py] => save_ckp: False
2026-06-30 18:43:19,643 [toolkit.py] => moe_list: None
2026-06-30 18:43:19,643 [toolkit.py] => seed: 1993
2026-06-30 18:43:19,643 [toolkit.py] => dataset: imagenet-r
2026-06-30 18:43:19,643 [toolkit.py] => data_path: data/imagenet-r
2026-06-30 18:43:19,643 [toolkit.py] => load: vit_base_patch16_224_in21k
2026-06-30 18:43:19,643 [toolkit.py] => init_cls: 20
2026-06-30 18:43:19,643 [toolkit.py] => increment: 20
2026-06-30 18:43:19,643 [toolkit.py] => sessions: 10
2026-06-30 18:43:19,643 [toolkit.py] => shuffle: True
2026-06-30 18:43:19,643 [toolkit.py] => method: cllora
2026-06-30 18:43:19,643 [toolkit.py] => optimizer: sgd
2026-06-30 18:43:19,643 [toolkit.py] => scheduler: cosine
2026-06-30 18:43:19,643 [toolkit.py] => epochs: 20
2026-06-30 18:43:19,643 [toolkit.py] => lrate: 0.05
2026-06-30 18:43:19,643 [toolkit.py] => weight_decay: 0.0005
2026-06-30 18:43:19,643 [toolkit.py] => batch_size: 32
2026-06-30 18:43:19,643 [toolkit.py] => rank: 10
2026-06-30 18:43:19,644 [toolkit.py] => num_workers: 16
2026-06-30 18:43:19,644 [toolkit.py] => kd_ratio: 5.0
2026-06-30 18:43:19,644 [toolkit.py] => temperature: 2
2026-06-30 18:43:19,644 [toolkit.py] => msa: [1, 0, 1]
2026-06-30 18:43:19,644 [toolkit.py] => shared_pos: [0, 1, 2, 3, 4, 5]
2026-06-30 18:43:19,644 [toolkit.py] => specific_pos: [6, 7, 8, 9, 10, 11]
2026-06-30 18:43:19,644 [toolkit.py] => lrate_head: 0
2026-06-30 18:43:19,644 [toolkit.py] => logdir: logs/cllora/imagenet-r/t10
2026-06-30 18:43:19,644 [toolkit.py] => logfilename: logs/cllora/imagenet-r/t10/seed1993
2026-06-30 22:59:40,394 [toolkit.py] => config: /home/zll2025/low-rank-cl-main/configs/cllora/imagenet-r.json
2026-06-30 22:59:40,405 [toolkit.py] => device: [device(type='cuda', index=4)]
2026-06-30 22:59:40,405 [toolkit.py] => debug: False
2026-06-30 22:59:40,405 [toolkit.py] => save_ckp: False
2026-06-30 22:59:40,406 [toolkit.py] => moe_list: None
2026-06-30 22:59:40,406 [toolkit.py] => seed: 1993
2026-06-30 22:59:40,406 [toolkit.py] => dataset: imagenet-r
2026-06-30 22:59:40,406 [toolkit.py] => data_path: data/imagenet-r
2026-06-30 22:59:40,406 [toolkit.py] => load: vit_base_patch16_224_in21k
2026-06-30 22:59:40,406 [toolkit.py] => init_cls: 20
2026-06-30 22:59:40,406 [toolkit.py] => increment: 20
2026-06-30 22:59:40,406 [toolkit.py] => sessions: 10
2026-06-30 22:59:40,407 [toolkit.py] => shuffle: True
2026-06-30 22:59:40,407 [toolkit.py] => method: cllora
2026-06-30 22:59:40,407 [toolkit.py] => optimizer: sgd
2026-06-30 22:59:40,407 [toolkit.py] => scheduler: cosine
2026-06-30 22:59:40,407 [toolkit.py] => epochs: 20
2026-06-30 22:59:40,407 [toolkit.py] => lrate: 0.05
2026-06-30 22:59:40,407 [toolkit.py] => weight_decay: 0.0005
2026-06-30 22:59:40,407 [toolkit.py] => batch_size: 32
2026-06-30 22:59:40,407 [toolkit.py] => rank: 10
2026-06-30 22:59:40,407 [toolkit.py] => num_workers: 16
2026-06-30 22:59:40,407 [toolkit.py] => kd_ratio: 5.0
2026-06-30 22:59:40,408 [toolkit.py] => temperature: 2
2026-06-30 22:59:40,408 [toolkit.py] => msa: [1, 0, 1]
2026-06-30 22:59:40,408 [toolkit.py] => shared_pos: [0, 1, 2, 3, 4, 5]
2026-06-30 22:59:40,408 [toolkit.py] => specific_pos: [6, 7, 8, 9, 10, 11]
2026-06-30 22:59:40,408 [toolkit.py] => lrate_head: 0
2026-06-30 22:59:40,408 [toolkit.py] => logdir: logs/cllora/imagenet-r/t10
2026-06-30 22:59:40,408 [toolkit.py] => logfilename: logs/cllora/imagenet-r/t10/seed1993
2026-06-30 22:59:40,486 [data_manager.py] => Class index order: 0, 1, 2, 3, 4, ..., 195, 196, 197, 198, 199
2026-06-30 22:59:42,773 [trainer.py] => ================================================================================
2026-06-30 22:59:43,099 [base.py] => Task 0 learning on class 0-20
2026-06-30 22:59:43,179 [toolkit.py] => Total params:     88,041,398
2026-06-30 22:59:43,179 [toolkit.py] => Trainable params: 291,859
2026-06-30 22:59:43,179 [toolkit.py] => Trainable ratio:  0.3315%
2026-06-30 23:05:42,362 [cllora.py] => Task 0, Epoch 20/20 => Loss 0.153, Train_accy 95.92
2026-06-30 23:05:51,369 [trainer.py] => Training time: 0h 6m 8s
2026-06-30 23:05:54,367 [trainer.py] => Evaluation time: 0h 0m 2s
2026-06-30 23:05:54,369 [trainer.py] => Accuracy: {'total': 96.85, '00-19': 96.85, 'old': 0, 'new': 96.85}
2026-06-30 23:05:54,369 [trainer.py] => (curve) top1 Acc: [96.85]
2026-06-30 23:05:54,369 [trainer.py] => Avergae Acc: 96.85
2026-06-30 23:05:54,369 [trainer.py] => (curve) top1 Acc with task: [96.85]
2026-06-30 23:05:54,369 [trainer.py] => Avergae Acc: 96.85
2026-06-30 23:05:54,369 [trainer.py] => (curve) top1 Acc task: [100.0]
2026-06-30 23:05:54,369 [trainer.py] => Avergae Acc: 100.00
2026-06-30 23:05:54,369 [trainer.py] => ================================================================================
2026-06-30 23:05:54,369 [trainer.py] => ================================================================================
2026-06-30 23:05:54,372 [base.py] => Task 1 learning on class 20-40
2026-06-30 23:05:54,380 [toolkit.py] => Total params:     88,087,478
2026-06-30 23:05:54,380 [toolkit.py] => Trainable params: 291,859
2026-06-30 23:05:54,380 [toolkit.py] => Trainable ratio:  0.3313%
2026-06-30 23:15:03,134 [cllora.py] => Task 1, Epoch 20/20 => Loss 0.181, Train_accy 95.19
2026-06-30 23:15:19,851 [trainer.py] => Training time: 0h 9m 25s
2026-06-30 23:15:28,638 [trainer.py] => Evaluation time: 0h 0m 8s
2026-06-30 23:15:28,641 [trainer.py] => Accuracy: {'total': 93.41, '00-19': 95.27, '20-39': 91.38, 'old': 95.27, 'new': 91.38}
2026-06-30 23:15:28,641 [trainer.py] => (curve) top1 Acc: [96.85, 93.41]
2026-06-30 23:15:28,641 [trainer.py] => Avergae Acc: 95.13
2026-06-30 23:15:28,641 [trainer.py] => (curve) top1 Acc with task: [96.85, 96.33]
2026-06-30 23:15:28,641 [trainer.py] => Avergae Acc: 96.59
2026-06-30 23:15:28,641 [trainer.py] => (curve) top1 Acc task: [100.0, 95.96]
2026-06-30 23:15:28,641 [trainer.py] => Avergae Acc: 97.98
2026-06-30 23:15:28,641 [trainer.py] => ================================================================================
2026-06-30 23:15:28,641 [trainer.py] => ================================================================================
2026-06-30 23:15:28,644 [base.py] => Task 2 learning on class 40-60
2026-06-30 23:15:28,651 [toolkit.py] => Total params:     88,164,278
2026-06-30 23:15:28,652 [toolkit.py] => Trainable params: 291,859
2026-06-30 23:15:28,652 [toolkit.py] => Trainable ratio:  0.3310%
2026-06-30 23:23:57,136 [cllora.py] => Task 2, Epoch 20/20 => Loss 0.164, Train_accy 95.59
2026-06-30 23:24:20,500 [trainer.py] => Training time: 0h 8m 51s
2026-06-30 23:24:38,132 [trainer.py] => Evaluation time: 0h 0m 17s
2026-06-30 23:24:38,134 [trainer.py] => Accuracy: {'total': 89.78, '00-19': 94.84, '20-39': 86.36, '40-59': 87.48, 'old': 90.79, 'new': 87.48}
2026-06-30 23:24:38,134 [trainer.py] => (curve) top1 Acc: [96.85, 93.41, 89.78]
2026-06-30 23:24:38,134 [trainer.py] => Avergae Acc: 93.35
2026-06-30 23:24:38,134 [trainer.py] => (curve) top1 Acc with task: [96.85, 96.33, 95.02]
2026-06-30 23:24:38,134 [trainer.py] => Avergae Acc: 96.07
2026-06-30 23:24:38,134 [trainer.py] => (curve) top1 Acc task: [100.0, 95.96, 92.42]
2026-06-30 23:24:38,134 [trainer.py] => Avergae Acc: 96.13
2026-06-30 23:24:38,134 [trainer.py] => ================================================================================
2026-06-30 23:24:38,135 [trainer.py] => ================================================================================
2026-06-30 23:24:38,138 [base.py] => Task 3 learning on class 60-80
2026-06-30 23:24:38,146 [toolkit.py] => Total params:     88,271,798
2026-06-30 23:24:38,146 [toolkit.py] => Trainable params: 291,859
2026-06-30 23:24:38,146 [toolkit.py] => Trainable ratio:  0.3306%
2026-06-30 23:32:51,540 [cllora.py] => Task 3, Epoch 20/20 => Loss 0.215, Train_accy 94.32
2026-06-30 23:33:22,050 [trainer.py] => Training time: 0h 8m 43s
2026-06-30 23:33:51,805 [trainer.py] => Evaluation time: 0h 0m 29s
2026-06-30 23:33:51,807 [trainer.py] => Accuracy: {'total': 86.57, '00-19': 93.12, '20-39': 84.01, '40-59': 83.25, '60-79': 84.87, 'old': 87.08, 'new': 84.87}
2026-06-30 23:33:51,807 [trainer.py] => (curve) top1 Acc: [96.85, 93.41, 89.78, 86.57]
2026-06-30 23:33:51,807 [trainer.py] => Avergae Acc: 91.65
2026-06-30 23:33:51,807 [trainer.py] => (curve) top1 Acc with task: [96.85, 96.33, 95.02, 94.08]
2026-06-30 23:33:51,807 [trainer.py] => Avergae Acc: 95.57
2026-06-30 23:33:51,807 [trainer.py] => (curve) top1 Acc task: [100.0, 95.96, 92.42, 89.17]
2026-06-30 23:33:51,807 [trainer.py] => Avergae Acc: 94.39
2026-06-30 23:33:51,807 [trainer.py] => ================================================================================
2026-06-30 23:33:51,807 [trainer.py] => ================================================================================
2026-06-30 23:33:51,812 [base.py] => Task 4 learning on class 80-100
2026-06-30 23:33:51,820 [toolkit.py] => Total params:     88,410,038
2026-06-30 23:33:51,820 [toolkit.py] => Trainable params: 291,859
2026-06-30 23:33:51,820 [toolkit.py] => Trainable ratio:  0.3301%
2026-06-30 23:41:31,963 [cllora.py] => Task 4, Epoch 20/20 => Loss 0.188, Train_accy 95.07
2026-06-30 23:42:07,072 [trainer.py] => Training time: 0h 8m 15s
2026-06-30 23:42:51,601 [trainer.py] => Evaluation time: 0h 0m 44s
2026-06-30 23:42:51,603 [trainer.py] => Accuracy: {'total': 84.51, '00-19': 92.84, '20-39': 83.54, '40-59': 82.06, '60-79': 81.22, '80-99': 81.02, 'old': 85.25, 'new': 81.02}
2026-06-30 23:42:51,604 [trainer.py] => (curve) top1 Acc: [96.85, 93.41, 89.78, 86.57, 84.51]
2026-06-30 23:42:51,604 [trainer.py] => Avergae Acc: 90.22
2026-06-30 23:42:51,604 [trainer.py] => (curve) top1 Acc with task: [96.85, 96.33, 95.02, 94.08, 93.54]
2026-06-30 23:42:51,604 [trainer.py] => Avergae Acc: 95.16
2026-06-30 23:42:51,604 [trainer.py] => (curve) top1 Acc task: [100.0, 95.96, 92.42, 89.17, 86.91]
2026-06-30 23:42:51,604 [trainer.py] => Avergae Acc: 92.89
2026-06-30 23:42:51,604 [trainer.py] => ================================================================================
2026-06-30 23:42:51,604 [trainer.py] => ================================================================================
2026-06-30 23:42:51,610 [base.py] => Task 5 learning on class 100-120
2026-06-30 23:42:51,618 [toolkit.py] => Total params:     88,578,998
2026-06-30 23:42:51,618 [toolkit.py] => Trainable params: 291,859
2026-06-30 23:42:51,618 [toolkit.py] => Trainable ratio:  0.3295%
2026-06-30 23:52:23,914 [cllora.py] => Task 5, Epoch 20/20 => Loss 0.159, Train_accy 96.05
2026-06-30 23:53:16,838 [trainer.py] => Training time: 0h 10m 25s
2026-06-30 23:54:21,304 [trainer.py] => Evaluation time: 0h 1m 4s
2026-06-30 23:54:21,306 [trainer.py] => Accuracy: {'total': 83.03, '00-19': 92.69, '20-39': 83.23, '40-59': 80.37, '60-79': 80.0, '80-99': 78.01, '100-119': 81.68, 'old': 83.32, 'new': 81.68}
2026-06-30 23:54:21,306 [trainer.py] => (curve) top1 Acc: [96.85, 93.41, 89.78, 86.57, 84.51, 83.03]
2026-06-30 23:54:21,307 [trainer.py] => Avergae Acc: 89.02
2026-06-30 23:54:21,307 [trainer.py] => (curve) top1 Acc with task: [96.85, 96.33, 95.02, 94.08, 93.54, 93.27]
2026-06-30 23:54:21,307 [trainer.py] => Avergae Acc: 94.85
2026-06-30 23:54:21,307 [trainer.py] => (curve) top1 Acc task: [100.0, 95.96, 92.42, 89.17, 86.91, 85.0]
2026-06-30 23:54:21,307 [trainer.py] => Avergae Acc: 91.58
2026-06-30 23:54:21,307 [trainer.py] => ================================================================================
2026-06-30 23:54:21,307 [trainer.py] => ================================================================================
2026-06-30 23:54:21,316 [base.py] => Task 6 learning on class 120-140
2026-06-30 23:54:21,324 [toolkit.py] => Total params:     88,778,678
2026-06-30 23:54:21,324 [toolkit.py] => Trainable params: 291,859
2026-06-30 23:54:21,324 [toolkit.py] => Trainable ratio:  0.3287%
2026-07-01 00:02:08,431 [cllora.py] => Task 6, Epoch 20/20 => Loss 0.169, Train_accy 95.59
2026-07-01 00:02:58,609 [trainer.py] => Training time: 0h 8m 37s
2026-07-01 00:04:24,388 [trainer.py] => Evaluation time: 0h 1m 25s
2026-07-01 00:04:24,390 [trainer.py] => Accuracy: {'total': 81.76, '00-19': 92.26, '20-39': 81.97, '40-59': 81.56, '60-79': 79.13, '80-99': 76.5, '100-119': 79.13, '120-139': 79.41, 'old': 82.11, 'new': 79.41}
2026-07-01 00:04:24,390 [trainer.py] => (curve) top1 Acc: [96.85, 93.41, 89.78, 86.57, 84.51, 83.03, 81.76]
2026-07-01 00:04:24,390 [trainer.py] => Avergae Acc: 87.99
2026-07-01 00:04:24,390 [trainer.py] => (curve) top1 Acc with task: [96.85, 96.33, 95.02, 94.08, 93.54, 93.27, 93.35]
2026-07-01 00:04:24,390 [trainer.py] => Avergae Acc: 94.63
2026-07-01 00:04:24,390 [trainer.py] => (curve) top1 Acc task: [100.0, 95.96, 92.42, 89.17, 86.91, 85.0, 83.46]
2026-07-01 00:04:24,390 [trainer.py] => Avergae Acc: 90.42
2026-07-01 00:04:24,390 [trainer.py] => ================================================================================
2026-07-01 00:04:24,390 [trainer.py] => ================================================================================
2026-07-01 00:04:24,402 [base.py] => Task 7 learning on class 140-160
2026-07-01 00:04:24,410 [toolkit.py] => Total params:     89,009,078
2026-07-01 00:04:24,410 [toolkit.py] => Trainable params: 291,859
2026-07-01 00:04:24,410 [toolkit.py] => Trainable ratio:  0.3279%
2026-07-01 00:14:34,361 [cllora.py] => Task 7, Epoch 20/20 => Loss 0.167, Train_accy 95.91
2026-07-01 00:15:48,420 [trainer.py] => Training time: 0h 11m 24s
2026-07-01 00:17:42,117 [trainer.py] => Evaluation time: 0h 1m 53s
2026-07-01 00:17:42,120 [trainer.py] => Accuracy: {'total': 80.32, '00-19': 90.54, '20-39': 81.19, '40-59': 78.68, '60-79': 77.57, '80-99': 75.0, '100-119': 76.88, '120-139': 76.44, '140-159': 83.29, 'old': 79.83, 'new': 83.29}
2026-07-01 00:17:42,120 [trainer.py] => (curve) top1 Acc: [96.85, 93.41, 89.78, 86.57, 84.51, 83.03, 81.76, 80.32]
2026-07-01 00:17:42,120 [trainer.py] => Avergae Acc: 87.03
2026-07-01 00:17:42,120 [trainer.py] => (curve) top1 Acc with task: [96.85, 96.33, 95.02, 94.08, 93.54, 93.27, 93.35, 93.43]
2026-07-01 00:17:42,120 [trainer.py] => Avergae Acc: 94.48
2026-07-01 00:17:42,120 [trainer.py] => (curve) top1 Acc task: [100.0, 95.96, 92.42, 89.17, 86.91, 85.0, 83.46, 81.8]
2026-07-01 00:17:42,120 [trainer.py] => Avergae Acc: 89.34
2026-07-01 00:17:42,120 [trainer.py] => ================================================================================
2026-07-01 00:17:42,120 [trainer.py] => ================================================================================
2026-07-01 00:17:42,130 [base.py] => Task 8 learning on class 160-180
2026-07-01 00:17:42,138 [toolkit.py] => Total params:     89,270,198
2026-07-01 00:17:42,139 [toolkit.py] => Trainable params: 291,859
2026-07-01 00:17:42,139 [toolkit.py] => Trainable ratio:  0.3269%
2026-07-01 00:24:43,666 [cllora.py] => Task 8, Epoch 20/20 => Loss 0.196, Train_accy 94.80
2026-07-01 00:25:41,998 [trainer.py] => Training time: 0h 7m 59s
2026-07-01 00:28:02,223 [trainer.py] => Evaluation time: 0h 2m 20s
2026-07-01 00:28:02,225 [trainer.py] => Accuracy: {'total': 80.07, '00-19': 90.69, '20-39': 81.03, '40-59': 78.17, '60-79': 79.65, '80-99': 74.06, '100-119': 76.13, '120-139': 77.37, '140-159': 81.44, '160-179': 79.38, 'old': 80.14, 'new': 79.38}
2026-07-01 00:28:02,226 [trainer.py] => (curve) top1 Acc: [96.85, 93.41, 89.78, 86.57, 84.51, 83.03, 81.76, 80.32, 80.07]
2026-07-01 00:28:02,226 [trainer.py] => Avergae Acc: 86.26
2026-07-01 00:28:02,226 [trainer.py] => (curve) top1 Acc with task: [96.85, 96.33, 95.02, 94.08, 93.54, 93.27, 93.35, 93.43, 93.68]
2026-07-01 00:28:02,226 [trainer.py] => Avergae Acc: 94.39
2026-07-01 00:28:02,226 [trainer.py] => (curve) top1 Acc task: [100.0, 95.96, 92.42, 89.17, 86.91, 85.0, 83.46, 81.8, 81.42]
2026-07-01 00:28:02,226 [trainer.py] => Avergae Acc: 88.46
2026-07-01 00:28:02,226 [trainer.py] => ================================================================================
2026-07-01 00:28:02,226 [trainer.py] => ================================================================================
2026-07-01 00:28:02,242 [base.py] => Task 9 learning on class 180-200
2026-07-01 00:28:02,251 [toolkit.py] => Total params:     89,562,038
2026-07-01 00:28:02,251 [toolkit.py] => Trainable params: 291,859
2026-07-01 00:28:02,251 [toolkit.py] => Trainable ratio:  0.3259%
2026-07-01 00:36:14,203 [cllora.py] => Task 9, Epoch 20/20 => Loss 0.151, Train_accy 96.14
2026-07-01 00:37:30,658 [trainer.py] => Training time: 0h 9m 28s
2026-07-01 00:40:22,528 [trainer.py] => Evaluation time: 0h 2m 51s
2026-07-01 00:40:22,531 [trainer.py] => Accuracy: {'total': 78.78, '00-19': 90.4, '20-39': 79.15, '40-59': 75.97, '60-79': 78.26, '80-99': 74.25, '100-119': 72.07, '120-139': 78.29, '140-159': 79.32, '160-179': 76.91, '180-199': 81.05, 'old': 78.55, 'new': 81.05}
2026-07-01 00:40:22,531 [trainer.py] => (curve) top1 Acc: [96.85, 93.41, 89.78, 86.57, 84.51, 83.03, 81.76, 80.32, 80.07, 78.78]
2026-07-01 00:40:22,531 [trainer.py] => Avergae Acc: 85.51
2026-07-01 00:40:22,531 [trainer.py] => (curve) top1 Acc with task: [96.85, 96.33, 95.02, 94.08, 93.54, 93.27, 93.35, 93.43, 93.68, 93.13]
2026-07-01 00:40:22,531 [trainer.py] => Avergae Acc: 94.27
2026-07-01 00:40:22,531 [trainer.py] => (curve) top1 Acc task: [100.0, 95.96, 92.42, 89.17, 86.91, 85.0, 83.46, 81.8, 81.42, 80.12]
2026-07-01 00:40:22,531 [trainer.py] => Avergae Acc: 87.63
2026-07-01 00:40:22,531 [trainer.py] => ================================================================================
2026-07-01 17:34:46,905 [toolkit.py] => config: /home/zll2025/low-rank-cl-main/configs/cllora/imagenet-r.json
2026-07-01 17:34:46,926 [toolkit.py] => device: [device(type='cuda', index=5)]
2026-07-01 17:34:46,926 [toolkit.py] => debug: False
2026-07-01 17:34:46,926 [toolkit.py] => save_ckp: False
2026-07-01 17:34:46,926 [toolkit.py] => moe_list: None
2026-07-01 17:34:46,926 [toolkit.py] => seed: 1993
2026-07-01 17:34:46,926 [toolkit.py] => dataset: imagenet-r
2026-07-01 17:34:46,926 [toolkit.py] => data_path: data/imagenet-r
2026-07-01 17:34:46,927 [toolkit.py] => load: vit_base_patch16_224_in21k
2026-07-01 17:34:46,927 [toolkit.py] => init_cls: 20
2026-07-01 17:34:46,927 [toolkit.py] => increment: 20
2026-07-01 17:34:46,927 [toolkit.py] => sessions: 10
2026-07-01 17:34:46,927 [toolkit.py] => shuffle: False
2026-07-01 17:34:46,927 [toolkit.py] => method: cllora
2026-07-01 17:34:46,927 [toolkit.py] => optimizer: sgd
2026-07-01 17:34:46,927 [toolkit.py] => scheduler: cosine
2026-07-01 17:34:46,927 [toolkit.py] => epochs: 20
2026-07-01 17:34:46,928 [toolkit.py] => lrate: 0.05
2026-07-01 17:34:46,928 [toolkit.py] => weight_decay: 0.0005
2026-07-01 17:34:46,928 [toolkit.py] => batch_size: 32
2026-07-01 17:34:46,928 [toolkit.py] => rank: 10
2026-07-01 17:34:46,928 [toolkit.py] => num_workers: 16
2026-07-01 17:34:46,928 [toolkit.py] => kd_ratio: 5.0
2026-07-01 17:34:46,928 [toolkit.py] => temperature: 2
2026-07-01 17:34:46,928 [toolkit.py] => msa: [1, 0, 1]
2026-07-01 17:34:46,928 [toolkit.py] => shared_pos: [0, 1, 2, 3, 4, 5]
2026-07-01 17:34:46,928 [toolkit.py] => specific_pos: [6, 7, 8, 9, 10, 11]
2026-07-01 17:34:46,928 [toolkit.py] => lrate_head: 0
2026-07-01 17:34:46,928 [toolkit.py] => logdir: logs/cllora/imagenet-r/t10
2026-07-01 17:34:46,928 [toolkit.py] => logfilename: logs/cllora/imagenet-r/t10/seed1993
2026-07-01 17:34:46,987 [data_manager.py] => Class index order: 0, 1, 2, 3, 4, ..., 195, 196, 197, 198, 199
2026-07-01 18:07:58,427 [toolkit.py] => config: /home/zll2025/low-rank-cl-main/configs/cllora/imagenet-r.json
2026-07-01 18:07:58,427 [toolkit.py] => device: [device(type='cuda', index=5)]
2026-07-01 18:07:58,427 [toolkit.py] => debug: False
2026-07-01 18:07:58,427 [toolkit.py] => save_ckp: False
2026-07-01 18:07:58,427 [toolkit.py] => moe_list: None
2026-07-01 18:07:58,427 [toolkit.py] => seed: 1993
2026-07-01 18:07:58,427 [toolkit.py] => dataset: imagenet-r
2026-07-01 18:07:58,427 [toolkit.py] => data_path: data/imagenet-r
2026-07-01 18:07:58,427 [toolkit.py] => load: vit_base_patch16_224_in21k
2026-07-01 18:07:58,427 [toolkit.py] => init_cls: 20
2026-07-01 18:07:58,427 [toolkit.py] => increment: 20
2026-07-01 18:07:58,427 [toolkit.py] => sessions: 10
2026-07-01 18:07:58,427 [toolkit.py] => shuffle: False
2026-07-01 18:07:58,427 [toolkit.py] => method: cllora
2026-07-01 18:07:58,427 [toolkit.py] => optimizer: sgd
2026-07-01 18:07:58,427 [toolkit.py] => scheduler: cosine
2026-07-01 18:07:58,427 [toolkit.py] => epochs: 20
2026-07-01 18:07:58,427 [toolkit.py] => lrate: 0.05
2026-07-01 18:07:58,427 [toolkit.py] => weight_decay: 0.0005
2026-07-01 18:07:58,428 [toolkit.py] => batch_size: 32
2026-07-01 18:07:58,428 [toolkit.py] => rank: 10
2026-07-01 18:07:58,428 [toolkit.py] => num_workers: 16
2026-07-01 18:07:58,428 [toolkit.py] => kd_ratio: 5.0
2026-07-01 18:07:58,428 [toolkit.py] => temperature: 2
2026-07-01 18:07:58,428 [toolkit.py] => msa: [1, 0, 1]
2026-07-01 18:07:58,428 [toolkit.py] => shared_pos: [0, 1, 2, 3, 4, 5]
2026-07-01 18:07:58,428 [toolkit.py] => specific_pos: [6, 7, 8, 9, 10, 11]
2026-07-01 18:07:58,428 [toolkit.py] => lrate_head: 0
2026-07-01 18:07:58,428 [toolkit.py] => logdir: logs/cllora/imagenet-r/t10
2026-07-01 18:07:58,428 [toolkit.py] => logfilename: logs/cllora/imagenet-r/t10/seed1993
2026-07-01 18:07:58,506 [data_manager.py] => Class index order: 0, 1, 2, 3, 4, ..., 195, 196, 197, 198, 199
2026-07-01 18:08:01,743 [trainer.py] => ================================================================================
2026-07-01 18:08:02,073 [base.py] => Task 0 learning on class 0-20
2026-07-01 18:08:02,153 [toolkit.py] => Total params:     88,041,398
2026-07-01 18:08:02,154 [toolkit.py] => Trainable params: 291,859
2026-07-01 18:08:02,154 [toolkit.py] => Trainable ratio:  0.3315%
2026-07-01 18:13:39,547 [cllora.py] => Task 0, Epoch 20/20 => Loss 0.217, Train_accy 93.58
2026-07-01 18:13:48,083 [trainer.py] => Training time: 0h 5m 46s
2026-07-01 18:13:51,520 [trainer.py] => Evaluation time: 0h 0m 3s
2026-07-01 18:13:51,522 [trainer.py] => Accuracy: {'total': 92.88, '00-19': 92.88, 'old': 0, 'new': 92.88}
2026-07-01 18:13:51,523 [trainer.py] => (curve) top1 Acc: [92.88]
2026-07-01 18:13:51,523 [trainer.py] => Avergae Acc: 92.88
2026-07-01 18:13:51,523 [trainer.py] => (curve) top1 Acc with task: [92.88]
2026-07-01 18:13:51,523 [trainer.py] => Avergae Acc: 92.88
2026-07-01 18:13:51,523 [trainer.py] => (curve) top1 Acc task: [100.0]
2026-07-01 18:13:51,523 [trainer.py] => Avergae Acc: 100.00
2026-07-01 18:13:51,523 [trainer.py] => ================================================================================
2026-07-01 18:13:51,523 [trainer.py] => ================================================================================
2026-07-01 18:13:51,525 [base.py] => Task 1 learning on class 20-40
2026-07-01 18:13:51,533 [toolkit.py] => Total params:     88,087,478
2026-07-01 18:13:51,533 [toolkit.py] => Trainable params: 291,859
2026-07-01 18:13:51,533 [toolkit.py] => Trainable ratio:  0.3313%
2026-07-01 18:24:19,495 [cllora.py] => Task 1, Epoch 20/20 => Loss 0.211, Train_accy 94.35
2026-07-01 18:24:38,425 [trainer.py] => Training time: 0h 10m 46s
2026-07-01 18:24:47,193 [trainer.py] => Evaluation time: 0h 0m 8s
2026-07-01 18:24:47,195 [trainer.py] => Accuracy: {'total': 88.65, '00-19': 90.25, '20-39': 87.22, 'old': 90.25, 'new': 87.22}
2026-07-01 18:24:47,195 [trainer.py] => (curve) top1 Acc: [92.88, 88.65]
2026-07-01 18:24:47,195 [trainer.py] => Avergae Acc: 90.77
2026-07-01 18:24:47,195 [trainer.py] => (curve) top1 Acc with task: [92.88, 93.27]
2026-07-01 18:24:47,195 [trainer.py] => Avergae Acc: 93.07
2026-07-01 18:24:47,195 [trainer.py] => (curve) top1 Acc task: [100.0, 93.05]
2026-07-01 18:24:47,195 [trainer.py] => Avergae Acc: 96.53
2026-07-01 18:24:47,196 [trainer.py] => ================================================================================
2026-07-01 18:24:47,196 [trainer.py] => ================================================================================
2026-07-01 18:24:47,199 [base.py] => Task 2 learning on class 40-60
2026-07-01 18:24:47,206 [toolkit.py] => Total params:     88,164,278
2026-07-01 18:24:47,206 [toolkit.py] => Trainable params: 291,859
2026-07-01 18:24:47,206 [toolkit.py] => Trainable ratio:  0.3310%
2026-07-01 18:31:11,049 [cllora.py] => Task 2, Epoch 20/20 => Loss 0.259, Train_accy 92.29
2026-07-01 18:31:28,824 [trainer.py] => Training time: 0h 6m 41s
2026-07-01 18:31:45,378 [trainer.py] => Evaluation time: 0h 0m 16s
2026-07-01 18:31:45,381 [trainer.py] => Accuracy: {'total': 84.79, '00-19': 88.85, '20-39': 85.0, '40-59': 78.44, 'old': 86.82, 'new': 78.44}
2026-07-01 18:31:45,381 [trainer.py] => (curve) top1 Acc: [92.88, 88.65, 84.79]
2026-07-01 18:31:45,381 [trainer.py] => Avergae Acc: 88.77
2026-07-01 18:31:45,381 [trainer.py] => (curve) top1 Acc with task: [92.88, 93.27, 91.23]
2026-07-01 18:31:45,381 [trainer.py] => Avergae Acc: 92.46
2026-07-01 18:31:45,381 [trainer.py] => (curve) top1 Acc task: [100.0, 93.05, 90.12]
2026-07-01 18:31:45,381 [trainer.py] => Avergae Acc: 94.39
2026-07-01 18:31:45,381 [trainer.py] => ================================================================================
2026-07-01 18:31:45,381 [trainer.py] => ================================================================================
2026-07-01 18:31:45,385 [base.py] => Task 3 learning on class 60-80
2026-07-01 18:31:45,392 [toolkit.py] => Total params:     88,271,798
2026-07-01 18:31:45,392 [toolkit.py] => Trainable params: 291,859
2026-07-01 18:31:45,392 [toolkit.py] => Trainable ratio:  0.3306%
2026-07-01 18:40:19,907 [cllora.py] => Task 3, Epoch 20/20 => Loss 0.215, Train_accy 94.54
2026-07-01 18:40:51,333 [trainer.py] => Training time: 0h 9m 5s
2026-07-01 18:41:19,872 [trainer.py] => Evaluation time: 0h 0m 28s
2026-07-01 18:41:19,874 [trainer.py] => Accuracy: {'total': 82.89, '00-19': 87.15, '20-39': 84.72, '40-59': 74.31, '60-79': 82.34, 'old': 83.07, 'new': 82.34}
2026-07-01 18:41:19,874 [trainer.py] => (curve) top1 Acc: [92.88, 88.65, 84.79, 82.89]
2026-07-01 18:41:19,874 [trainer.py] => Avergae Acc: 87.30
2026-07-01 18:41:19,874 [trainer.py] => (curve) top1 Acc with task: [92.88, 93.27, 91.23, 90.92]
2026-07-01 18:41:19,874 [trainer.py] => Avergae Acc: 92.08
2026-07-01 18:41:19,874 [trainer.py] => (curve) top1 Acc task: [100.0, 93.05, 90.12, 87.66]
2026-07-01 18:41:19,874 [trainer.py] => Avergae Acc: 92.71
2026-07-01 18:41:19,874 [trainer.py] => ================================================================================
2026-07-01 18:41:19,874 [trainer.py] => ================================================================================
2026-07-01 18:41:19,879 [base.py] => Task 4 learning on class 80-100
2026-07-01 18:41:19,888 [toolkit.py] => Total params:     88,410,038
2026-07-01 18:41:19,888 [toolkit.py] => Trainable params: 291,859
2026-07-01 18:41:19,888 [toolkit.py] => Trainable ratio:  0.3301%
2026-07-01 18:51:33,320 [cllora.py] => Task 4, Epoch 20/20 => Loss 0.208, Train_accy 93.75
2026-07-01 18:52:19,386 [trainer.py] => Training time: 0h 10m 59s
2026-07-01 18:53:05,071 [trainer.py] => Evaluation time: 0h 0m 45s
2026-07-01 18:53:05,073 [trainer.py] => Accuracy: {'total': 82.26, '00-19': 88.08, '20-39': 85.14, '40-59': 72.71, '60-79': 77.25, '80-99': 84.07, 'old': 81.72, 'new': 84.07}
2026-07-01 18:53:05,073 [trainer.py] => (curve) top1 Acc: [92.88, 88.65, 84.79, 82.89, 82.26]
2026-07-01 18:53:05,073 [trainer.py] => Avergae Acc: 86.29
2026-07-01 18:53:05,073 [trainer.py] => (curve) top1 Acc with task: [92.88, 93.27, 91.23, 90.92, 90.82]
2026-07-01 18:53:05,073 [trainer.py] => Avergae Acc: 91.82
2026-07-01 18:53:05,073 [trainer.py] => (curve) top1 Acc task: [100.0, 93.05, 90.12, 87.66, 87.04]
2026-07-01 18:53:05,073 [trainer.py] => Avergae Acc: 91.57
2026-07-01 18:53:05,073 [trainer.py] => ================================================================================
2026-07-01 18:53:05,073 [trainer.py] => ================================================================================
2026-07-01 18:53:05,079 [base.py] => Task 5 learning on class 100-120
2026-07-01 18:53:05,087 [toolkit.py] => Total params:     88,578,998
2026-07-01 18:53:05,087 [toolkit.py] => Trainable params: 291,859
2026-07-01 18:53:05,087 [toolkit.py] => Trainable ratio:  0.3295%
2026-07-01 19:01:10,116 [cllora.py] => Task 5, Epoch 20/20 => Loss 0.231, Train_accy 93.81
2026-07-01 19:01:54,525 [trainer.py] => Training time: 0h 8m 49s
2026-07-01 19:02:58,731 [trainer.py] => Evaluation time: 0h 1m 4s
2026-07-01 19:02:58,734 [trainer.py] => Accuracy: {'total': 81.06, '00-19': 85.91, '20-39': 82.5, '40-59': 73.17, '60-79': 76.74, '80-99': 82.08, '100-119': 83.06, 'old': 80.7, 'new': 83.06}
2026-07-01 19:02:58,734 [trainer.py] => (curve) top1 Acc: [92.88, 88.65, 84.79, 82.89, 82.26, 81.06]
2026-07-01 19:02:58,734 [trainer.py] => Avergae Acc: 85.42
2026-07-01 19:02:58,734 [trainer.py] => (curve) top1 Acc with task: [92.88, 93.27, 91.23, 90.92, 90.82, 90.65]
2026-07-01 19:02:58,734 [trainer.py] => Avergae Acc: 91.63
2026-07-01 19:02:58,734 [trainer.py] => (curve) top1 Acc task: [100.0, 93.05, 90.12, 87.66, 87.04, 85.2]
2026-07-01 19:02:58,734 [trainer.py] => Avergae Acc: 90.51
2026-07-01 19:02:58,734 [trainer.py] => ================================================================================
2026-07-01 19:02:58,734 [trainer.py] => ================================================================================
2026-07-01 19:02:58,741 [base.py] => Task 6 learning on class 120-140
2026-07-01 19:02:58,749 [toolkit.py] => Total params:     88,778,678
2026-07-01 19:02:58,749 [toolkit.py] => Trainable params: 291,859
2026-07-01 19:02:58,749 [toolkit.py] => Trainable ratio:  0.3287%
2026-07-01 19:11:17,638 [cllora.py] => Task 6, Epoch 20/20 => Loss 0.338, Train_accy 90.68
2026-07-01 19:12:11,152 [trainer.py] => Training time: 0h 9m 12s
2026-07-01 19:13:37,521 [trainer.py] => Evaluation time: 0h 1m 26s
2026-07-01 19:13:37,524 [trainer.py] => Accuracy: {'total': 79.11, '00-19': 86.07, '20-39': 80.0, '40-59': 70.18, '60-79': 75.21, '80-99': 80.94, '100-119': 80.0, '120-139': 77.82, 'old': 79.31, 'new': 77.82}
2026-07-01 19:13:37,524 [trainer.py] => (curve) top1 Acc: [92.88, 88.65, 84.79, 82.89, 82.26, 81.06, 79.11]
2026-07-01 19:13:37,524 [trainer.py] => Avergae Acc: 84.52
2026-07-01 19:13:37,524 [trainer.py] => (curve) top1 Acc with task: [92.88, 93.27, 91.23, 90.92, 90.82, 90.65, 88.85]
2026-07-01 19:13:37,524 [trainer.py] => Avergae Acc: 91.23
2026-07-01 19:13:37,524 [trainer.py] => (curve) top1 Acc task: [100.0, 93.05, 90.12, 87.66, 87.04, 85.2, 83.54]
2026-07-01 19:13:37,524 [trainer.py] => Avergae Acc: 89.52
2026-07-01 19:13:37,524 [trainer.py] => ================================================================================
2026-07-01 19:13:37,524 [trainer.py] => ================================================================================
2026-07-01 19:13:37,532 [base.py] => Task 7 learning on class 140-160
2026-07-01 19:13:37,541 [toolkit.py] => Total params:     89,009,078
2026-07-01 19:13:37,541 [toolkit.py] => Trainable params: 291,859
2026-07-01 19:13:37,541 [toolkit.py] => Trainable ratio:  0.3279%
2026-07-01 19:20:18,836 [cllora.py] => Task 7, Epoch 20/20 => Loss 0.230, Train_accy 93.96
2026-07-01 19:21:08,213 [trainer.py] => Training time: 0h 7m 30s
2026-07-01 19:22:57,202 [trainer.py] => Evaluation time: 0h 1m 48s
2026-07-01 19:22:57,204 [trainer.py] => Accuracy: {'total': 79.44, '00-19': 86.07, '20-39': 80.97, '40-59': 72.02, '60-79': 77.25, '80-99': 80.51, '100-119': 79.46, '120-139': 76.06, '140-159': 80.04, 'old': 79.37, 'new': 80.04}
2026-07-01 19:22:57,204 [trainer.py] => (curve) top1 Acc: [92.88, 88.65, 84.79, 82.89, 82.26, 81.06, 79.11, 79.44]
2026-07-01 19:22:57,204 [trainer.py] => Avergae Acc: 83.89
2026-07-01 19:22:57,204 [trainer.py] => (curve) top1 Acc with task: [92.88, 93.27, 91.23, 90.92, 90.82, 90.65, 88.85, 89.43]
2026-07-01 19:22:57,204 [trainer.py] => Avergae Acc: 91.01
2026-07-01 19:22:57,204 [trainer.py] => (curve) top1 Acc task: [100.0, 93.05, 90.12, 87.66, 87.04, 85.2, 83.54, 83.61]
2026-07-01 19:22:57,204 [trainer.py] => Avergae Acc: 88.78
2026-07-01 19:22:57,204 [trainer.py] => ================================================================================
2026-07-01 19:22:57,204 [trainer.py] => ================================================================================
2026-07-01 19:22:57,215 [base.py] => Task 8 learning on class 160-180
2026-07-01 19:22:57,223 [toolkit.py] => Total params:     89,270,198
2026-07-01 19:22:57,223 [toolkit.py] => Trainable params: 291,859
2026-07-01 19:22:57,223 [toolkit.py] => Trainable ratio:  0.3269%
