2026-08-28 17:39:38,024 [toolkit.py] => config: configs/ewclora_e/cifar100_seed=1993.json
2026-08-28 17:39:38,024 [toolkit.py] => device: [device(type='cuda', index=5)]
2026-08-28 17:39:38,025 [toolkit.py] => debug: False
2026-08-28 17:39:38,025 [toolkit.py] => save_ckp: False
2026-08-28 17:39:38,025 [toolkit.py] => moe_list: None
2026-08-28 17:39:38,025 [toolkit.py] => seed: 1993
2026-08-28 17:39:38,025 [toolkit.py] => dataset: cifar100
2026-08-28 17:39:38,025 [toolkit.py] => data_path: data/cifar100
2026-08-28 17:39:38,025 [toolkit.py] => load: vit_base_patch16_224_in21k
2026-08-28 17:39:38,025 [toolkit.py] => init_cls: 10
2026-08-28 17:39:38,025 [toolkit.py] => increment: 10
2026-08-28 17:39:38,025 [toolkit.py] => sessions: 10
2026-08-28 17:39:38,025 [toolkit.py] => shuffle: False
2026-08-28 17:39:38,025 [toolkit.py] => method: ewclora_e
2026-08-28 17:39:38,025 [toolkit.py] => optimizer: adam
2026-08-28 17:39:38,025 [toolkit.py] => scheduler: cosine
2026-08-28 17:39:38,025 [toolkit.py] => epochs: 20
2026-08-28 17:39:38,025 [toolkit.py] => lrate: 0.0005
2026-08-28 17:39:38,025 [toolkit.py] => fc_lrate: 0.005
2026-08-28 17:39:38,025 [toolkit.py] => weight_decay: 0.0
2026-08-28 17:39:38,025 [toolkit.py] => batch_size: 128
2026-08-28 17:39:38,025 [toolkit.py] => rank: 10
2026-08-28 17:39:38,025 [toolkit.py] => num_workers: 16
2026-08-28 17:39:38,025 [toolkit.py] => lrate_head: 0
2026-08-28 17:39:38,025 [toolkit.py] => gamma: 0.9
2026-08-28 17:39:38,025 [toolkit.py] => lambda: 10000000.0
2026-08-28 17:39:38,025 [toolkit.py] => R: 0.5
2026-08-28 17:39:38,025 [toolkit.py] => logdir: logs/ewclora_e/cifar100/t10
2026-08-28 17:39:38,025 [toolkit.py] => logfilename: logs/ewclora_e/cifar100/t10/seed1993
2026-08-28 17:39:39,733 [data_manager.py] => Class index order: 0, 1, 2, 3, 4, ..., 95, 96, 97, 98, 99
2026-08-28 17:39:41,951 [trainer.py] => ================================================================================
2026-08-28 17:39:41,951 [trainer.py] => Dataset Information
2026-08-28 17:39:41,952 [trainer.py] => ================================================================================
2026-08-28 17:39:41,952 [trainer.py] =>   Dataset name     : cifar100
2026-08-28 17:39:41,952 [trainer.py] =>   Data path        : data/cifar100
2026-08-28 17:39:41,952 [trainer.py] =>   Total classes    : 100
2026-08-28 17:39:41,952 [trainer.py] =>   Total tasks      : 10
2026-08-28 17:39:41,952 [trainer.py] =>   Task increments  : [10, 10, 10, 10, 10, 10, 10, 10, 10, 10]
2026-08-28 17:39:41,952 [trainer.py] =>   Init classes     : 10
2026-08-28 17:39:41,952 [trainer.py] =>   Increment per task: 10
2026-08-28 17:39:41,952 [trainer.py] =>   Shuffle          : False
2026-08-28 17:39:41,952 [trainer.py] =>   Seed             : 1993
2026-08-28 17:39:41,952 [trainer.py] => --------------------------------------------------------------------------------
2026-08-28 17:39:41,952 [trainer.py] => Task split:
2026-08-28 17:39:41,972 [trainer.py] =>   Task 0: classes 0-9 (10 classes) | Train: 5000 images (20 batches), Test: 1000 images (4 batches)
2026-08-28 17:39:41,993 [trainer.py] =>   Task 1: classes 10-19 (10 classes) | Train: 5000 images (20 batches), Test: 1000 images (4 batches)
2026-08-28 17:39:42,001 [trainer.py] =>   Task 2: classes 20-29 (10 classes) | Train: 5000 images (20 batches), Test: 1000 images (4 batches)
2026-08-28 17:39:42,009 [trainer.py] =>   Task 3: classes 30-39 (10 classes) | Train: 5000 images (20 batches), Test: 1000 images (4 batches)
2026-08-28 17:39:42,017 [trainer.py] =>   Task 4: classes 40-49 (10 classes) | Train: 5000 images (20 batches), Test: 1000 images (4 batches)
2026-08-28 17:39:42,024 [trainer.py] =>   Task 5: classes 50-59 (10 classes) | Train: 5000 images (20 batches), Test: 1000 images (4 batches)
2026-08-28 17:39:42,044 [trainer.py] =>   Task 6: classes 60-69 (10 classes) | Train: 5000 images (20 batches), Test: 1000 images (4 batches)
2026-08-28 17:39:42,051 [trainer.py] =>   Task 7: classes 70-79 (10 classes) | Train: 5000 images (20 batches), Test: 1000 images (4 batches)
2026-08-28 17:39:42,059 [trainer.py] =>   Task 8: classes 80-89 (10 classes) | Train: 5000 images (20 batches), Test: 1000 images (4 batches)
2026-08-28 17:39:42,066 [trainer.py] =>   Task 9: classes 90-99 (10 classes) | Train: 5000 images (20 batches), Test: 1000 images (4 batches)
2026-08-28 17:39:42,066 [trainer.py] => ================================================================================
2026-08-28 17:39:42,066 [trainer.py] => ================================================================================
2026-08-28 17:39:42,072 [base.py] => Task 0 learning on class 0-10
2026-08-28 17:39:43,084 [toolkit.py] => Total params:     103,778,743
2026-08-28 17:39:43,084 [toolkit.py] => Trainable params: 744,970
2026-08-28 17:39:43,084 [toolkit.py] => Trainable ratio:  0.7178%
2026-08-28 17:40:18,429 [toolkit.py] => config: configs/ewclora_e/cifar100_seed=1993.json
2026-08-28 17:40:18,430 [toolkit.py] => device: [device(type='cuda', index=0)]
2026-08-28 17:40:18,430 [toolkit.py] => debug: False
2026-08-28 17:40:18,430 [toolkit.py] => save_ckp: False
2026-08-28 17:40:18,430 [toolkit.py] => moe_list: None
2026-08-28 17:40:18,430 [toolkit.py] => seed: 1993
2026-08-28 17:40:18,430 [toolkit.py] => dataset: cifar100
2026-08-28 17:40:18,430 [toolkit.py] => data_path: data/cifar100
2026-08-28 17:40:18,430 [toolkit.py] => load: vit_base_patch16_224_in21k
2026-08-28 17:40:18,430 [toolkit.py] => init_cls: 10
2026-08-28 17:40:18,430 [toolkit.py] => increment: 10
2026-08-28 17:40:18,430 [toolkit.py] => sessions: 10
2026-08-28 17:40:18,430 [toolkit.py] => shuffle: False
2026-08-28 17:40:18,430 [toolkit.py] => method: ewclora_e
2026-08-28 17:40:18,430 [toolkit.py] => optimizer: adam
2026-08-28 17:40:18,430 [toolkit.py] => scheduler: cosine
2026-08-28 17:40:18,430 [toolkit.py] => epochs: 20
2026-08-28 17:40:18,430 [toolkit.py] => lrate: 0.0005
2026-08-28 17:40:18,430 [toolkit.py] => fc_lrate: 0.005
2026-08-28 17:40:18,430 [toolkit.py] => weight_decay: 0.0
2026-08-28 17:40:18,430 [toolkit.py] => batch_size: 128
2026-08-28 17:40:18,430 [toolkit.py] => rank: 10
2026-08-28 17:40:18,430 [toolkit.py] => num_workers: 16
2026-08-28 17:40:18,430 [toolkit.py] => lrate_head: 0
2026-08-28 17:40:18,430 [toolkit.py] => gamma: 0.9
2026-08-28 17:40:18,430 [toolkit.py] => lambda: 10000000.0
2026-08-28 17:40:18,430 [toolkit.py] => R: 0.5
2026-08-28 17:40:18,430 [toolkit.py] => logdir: logs/ewclora_e/cifar100/t10
2026-08-28 17:40:18,430 [toolkit.py] => logfilename: logs/ewclora_e/cifar100/t10/seed1993
2026-08-28 17:40:20,040 [data_manager.py] => Class index order: 0, 1, 2, 3, 4, ..., 95, 96, 97, 98, 99
2026-08-28 17:40:22,294 [trainer.py] => ================================================================================
2026-08-28 17:40:22,294 [trainer.py] => Dataset Information
2026-08-28 17:40:22,294 [trainer.py] => ================================================================================
2026-08-28 17:40:22,294 [trainer.py] =>   Dataset name     : cifar100
2026-08-28 17:40:22,294 [trainer.py] =>   Data path        : data/cifar100
2026-08-28 17:40:22,294 [trainer.py] =>   Total classes    : 100
2026-08-28 17:40:22,294 [trainer.py] =>   Total tasks      : 10
2026-08-28 17:40:22,294 [trainer.py] =>   Task increments  : [10, 10, 10, 10, 10, 10, 10, 10, 10, 10]
2026-08-28 17:40:22,294 [trainer.py] =>   Init classes     : 10
2026-08-28 17:40:22,294 [trainer.py] =>   Increment per task: 10
2026-08-28 17:40:22,294 [trainer.py] =>   Shuffle          : False
2026-08-28 17:40:22,294 [trainer.py] =>   Seed             : 1993
2026-08-28 17:40:22,295 [trainer.py] => --------------------------------------------------------------------------------
2026-08-28 17:40:22,295 [trainer.py] => Task split:
2026-08-28 17:40:22,304 [trainer.py] =>   Task 0: classes 0-9 (10 classes) | Train: 5000 images (20 batches), Test: 1000 images (4 batches)
2026-08-28 17:40:22,314 [trainer.py] =>   Task 1: classes 10-19 (10 classes) | Train: 5000 images (20 batches), Test: 1000 images (4 batches)
2026-08-28 17:40:22,321 [trainer.py] =>   Task 2: classes 20-29 (10 classes) | Train: 5000 images (20 batches), Test: 1000 images (4 batches)
2026-08-28 17:40:22,328 [trainer.py] =>   Task 3: classes 30-39 (10 classes) | Train: 5000 images (20 batches), Test: 1000 images (4 batches)
2026-08-28 17:40:22,334 [trainer.py] =>   Task 4: classes 40-49 (10 classes) | Train: 5000 images (20 batches), Test: 1000 images (4 batches)
2026-08-28 17:40:22,341 [trainer.py] =>   Task 5: classes 50-59 (10 classes) | Train: 5000 images (20 batches), Test: 1000 images (4 batches)
2026-08-28 17:40:22,349 [trainer.py] =>   Task 6: classes 60-69 (10 classes) | Train: 5000 images (20 batches), Test: 1000 images (4 batches)
2026-08-28 17:40:22,356 [trainer.py] =>   Task 7: classes 70-79 (10 classes) | Train: 5000 images (20 batches), Test: 1000 images (4 batches)
2026-08-28 17:40:22,362 [trainer.py] =>   Task 8: classes 80-89 (10 classes) | Train: 5000 images (20 batches), Test: 1000 images (4 batches)
2026-08-28 17:40:22,369 [trainer.py] =>   Task 9: classes 90-99 (10 classes) | Train: 5000 images (20 batches), Test: 1000 images (4 batches)
2026-08-28 17:40:22,370 [trainer.py] => ================================================================================
2026-08-28 17:40:22,370 [trainer.py] => ================================================================================
2026-08-28 17:40:22,376 [base.py] => Task 0 learning on class 0-10
2026-08-28 17:40:22,845 [toolkit.py] => Total params:     103,778,743
2026-08-28 17:40:22,845 [toolkit.py] => Trainable params: 744,970
2026-08-28 17:40:22,845 [toolkit.py] => Trainable ratio:  0.7178%
2026-08-28 17:41:26,252 [toolkit.py] => config: configs/ewclora_e/cifar100_seed=1993.json
2026-08-28 17:41:26,252 [toolkit.py] => device: [device(type='cuda', index=0)]
2026-08-28 17:41:26,252 [toolkit.py] => debug: False
2026-08-28 17:41:26,252 [toolkit.py] => save_ckp: False
2026-08-28 17:41:26,252 [toolkit.py] => moe_list: None
2026-08-28 17:41:26,252 [toolkit.py] => seed: 1993
2026-08-28 17:41:26,253 [toolkit.py] => dataset: cifar100
2026-08-28 17:41:26,253 [toolkit.py] => data_path: data/cifar100
2026-08-28 17:41:26,253 [toolkit.py] => load: vit_base_patch16_224_in21k
2026-08-28 17:41:26,253 [toolkit.py] => init_cls: 10
2026-08-28 17:41:26,253 [toolkit.py] => increment: 10
2026-08-28 17:41:26,253 [toolkit.py] => sessions: 10
2026-08-28 17:41:26,253 [toolkit.py] => shuffle: False
2026-08-28 17:41:26,253 [toolkit.py] => method: ewclora_e
2026-08-28 17:41:26,253 [toolkit.py] => optimizer: adam
2026-08-28 17:41:26,253 [toolkit.py] => scheduler: cosine
2026-08-28 17:41:26,253 [toolkit.py] => epochs: 1
2026-08-28 17:41:26,253 [toolkit.py] => lrate: 0.0005
2026-08-28 17:41:26,253 [toolkit.py] => fc_lrate: 0.005
2026-08-28 17:41:26,253 [toolkit.py] => weight_decay: 0.0
2026-08-28 17:41:26,253 [toolkit.py] => batch_size: 128
2026-08-28 17:41:26,253 [toolkit.py] => rank: 10
2026-08-28 17:41:26,253 [toolkit.py] => num_workers: 16
2026-08-28 17:41:26,253 [toolkit.py] => lrate_head: 0
2026-08-28 17:41:26,253 [toolkit.py] => gamma: 0.9
2026-08-28 17:41:26,253 [toolkit.py] => lambda: 10000000.0
2026-08-28 17:41:26,253 [toolkit.py] => R: 0.5
2026-08-28 17:41:26,253 [toolkit.py] => logdir: logs/ewclora_e/cifar100/t10
2026-08-28 17:41:26,253 [toolkit.py] => logfilename: logs/ewclora_e/cifar100/t10/seed1993
2026-08-28 17:41:27,873 [data_manager.py] => Class index order: 0, 1, 2, 3, 4, ..., 95, 96, 97, 98, 99
2026-08-28 17:41:30,091 [trainer.py] => ================================================================================
2026-08-28 17:41:30,091 [trainer.py] => Dataset Information
2026-08-28 17:41:30,092 [trainer.py] => ================================================================================
2026-08-28 17:41:30,092 [trainer.py] =>   Dataset name     : cifar100
2026-08-28 17:41:30,092 [trainer.py] =>   Data path        : data/cifar100
2026-08-28 17:41:30,092 [trainer.py] =>   Total classes    : 100
2026-08-28 17:41:30,092 [trainer.py] =>   Total tasks      : 10
2026-08-28 17:41:30,092 [trainer.py] =>   Task increments  : [10, 10, 10, 10, 10, 10, 10, 10, 10, 10]
2026-08-28 17:41:30,092 [trainer.py] =>   Init classes     : 10
2026-08-28 17:41:30,092 [trainer.py] =>   Increment per task: 10
2026-08-28 17:41:30,092 [trainer.py] =>   Shuffle          : False
2026-08-28 17:41:30,092 [trainer.py] =>   Seed             : 1993
2026-08-28 17:41:30,092 [trainer.py] => --------------------------------------------------------------------------------
2026-08-28 17:41:30,092 [trainer.py] => Task split:
2026-08-28 17:41:30,100 [trainer.py] =>   Task 0: classes 0-9 (10 classes) | Train: 5000 images (20 batches), Test: 1000 images (4 batches)
2026-08-28 17:41:30,110 [trainer.py] =>   Task 1: classes 10-19 (10 classes) | Train: 5000 images (20 batches), Test: 1000 images (4 batches)
2026-08-28 17:41:30,117 [trainer.py] =>   Task 2: classes 20-29 (10 classes) | Train: 5000 images (20 batches), Test: 1000 images (4 batches)
2026-08-28 17:41:30,122 [trainer.py] =>   Task 3: classes 30-39 (10 classes) | Train: 5000 images (20 batches), Test: 1000 images (4 batches)
2026-08-28 17:41:30,129 [trainer.py] =>   Task 4: classes 40-49 (10 classes) | Train: 5000 images (20 batches), Test: 1000 images (4 batches)
2026-08-28 17:41:30,134 [trainer.py] =>   Task 5: classes 50-59 (10 classes) | Train: 5000 images (20 batches), Test: 1000 images (4 batches)
2026-08-28 17:41:30,142 [trainer.py] =>   Task 6: classes 60-69 (10 classes) | Train: 5000 images (20 batches), Test: 1000 images (4 batches)
2026-08-28 17:41:30,148 [trainer.py] =>   Task 7: classes 70-79 (10 classes) | Train: 5000 images (20 batches), Test: 1000 images (4 batches)
2026-08-28 17:41:30,154 [trainer.py] =>   Task 8: classes 80-89 (10 classes) | Train: 5000 images (20 batches), Test: 1000 images (4 batches)
2026-08-28 17:41:30,160 [trainer.py] =>   Task 9: classes 90-99 (10 classes) | Train: 5000 images (20 batches), Test: 1000 images (4 batches)
2026-08-28 17:41:30,160 [trainer.py] => ================================================================================
2026-08-28 17:41:30,160 [trainer.py] => ================================================================================
2026-08-28 17:41:30,166 [base.py] => Task 0 learning on class 0-10
2026-08-28 17:41:30,658 [toolkit.py] => Total params:     103,778,743
2026-08-28 17:41:30,658 [toolkit.py] => Trainable params: 744,970
2026-08-28 17:41:30,658 [toolkit.py] => Trainable ratio:  0.7178%
2026-08-28 17:42:25,845 [toolkit.py] => config: configs/ewclora_e/cifar100_seed=1993.json
2026-08-28 17:42:25,845 [toolkit.py] => device: [device(type='cuda', index=0)]
2026-08-28 17:42:25,845 [toolkit.py] => debug: False
2026-08-28 17:42:25,845 [toolkit.py] => save_ckp: False
2026-08-28 17:42:25,845 [toolkit.py] => moe_list: None
2026-08-28 17:42:25,845 [toolkit.py] => seed: 1993
2026-08-28 17:42:25,845 [toolkit.py] => dataset: cifar100
2026-08-28 17:42:25,846 [toolkit.py] => data_path: data/cifar100
2026-08-28 17:42:25,846 [toolkit.py] => load: vit_base_patch16_224_in21k
2026-08-28 17:42:25,846 [toolkit.py] => init_cls: 10
2026-08-28 17:42:25,846 [toolkit.py] => increment: 10
2026-08-28 17:42:25,846 [toolkit.py] => sessions: 10
2026-08-28 17:42:25,846 [toolkit.py] => shuffle: False
2026-08-28 17:42:25,846 [toolkit.py] => method: ewclora_e
2026-08-28 17:42:25,846 [toolkit.py] => optimizer: adam
2026-08-28 17:42:25,846 [toolkit.py] => scheduler: cosine
2026-08-28 17:42:25,846 [toolkit.py] => epochs: 1
2026-08-28 17:42:25,846 [toolkit.py] => lrate: 0.0005
2026-08-28 17:42:25,846 [toolkit.py] => fc_lrate: 0.005
2026-08-28 17:42:25,846 [toolkit.py] => weight_decay: 0.0
2026-08-28 17:42:25,846 [toolkit.py] => batch_size: 128
2026-08-28 17:42:25,846 [toolkit.py] => rank: 10
2026-08-28 17:42:25,846 [toolkit.py] => num_workers: 16
2026-08-28 17:42:25,846 [toolkit.py] => lrate_head: 0
2026-08-28 17:42:25,846 [toolkit.py] => gamma: 0.9
2026-08-28 17:42:25,846 [toolkit.py] => lambda: 10000000.0
2026-08-28 17:42:25,846 [toolkit.py] => R: 0.5
2026-08-28 17:42:25,846 [toolkit.py] => logdir: logs/ewclora_e/cifar100/t10
2026-08-28 17:42:25,846 [toolkit.py] => logfilename: logs/ewclora_e/cifar100/t10/seed1993
2026-08-28 17:42:27,446 [data_manager.py] => Class index order: 0, 1, 2, 3, 4, ..., 95, 96, 97, 98, 99
2026-08-28 17:42:29,700 [trainer.py] => ================================================================================
2026-08-28 17:42:29,700 [trainer.py] => Dataset Information
2026-08-28 17:42:29,700 [trainer.py] => ================================================================================
2026-08-28 17:42:29,700 [trainer.py] =>   Dataset name     : cifar100
2026-08-28 17:42:29,700 [trainer.py] =>   Data path        : data/cifar100
2026-08-28 17:42:29,700 [trainer.py] =>   Total classes    : 100
2026-08-28 17:42:29,700 [trainer.py] =>   Total tasks      : 10
2026-08-28 17:42:29,700 [trainer.py] =>   Task increments  : [10, 10, 10, 10, 10, 10, 10, 10, 10, 10]
2026-08-28 17:42:29,700 [trainer.py] =>   Init classes     : 10
2026-08-28 17:42:29,700 [trainer.py] =>   Increment per task: 10
2026-08-28 17:42:29,700 [trainer.py] =>   Shuffle          : False
2026-08-28 17:42:29,700 [trainer.py] =>   Seed             : 1993
2026-08-28 17:42:29,700 [trainer.py] => --------------------------------------------------------------------------------
2026-08-28 17:42:29,700 [trainer.py] => Task split:
2026-08-28 17:42:29,708 [trainer.py] =>   Task 0: classes 0-9 (10 classes) | Train: 5000 images (20 batches), Test: 1000 images (4 batches)
2026-08-28 17:42:29,719 [trainer.py] =>   Task 1: classes 10-19 (10 classes) | Train: 5000 images (20 batches), Test: 1000 images (4 batches)
2026-08-28 17:42:29,725 [trainer.py] =>   Task 2: classes 20-29 (10 classes) | Train: 5000 images (20 batches), Test: 1000 images (4 batches)
2026-08-28 17:42:29,731 [trainer.py] =>   Task 3: classes 30-39 (10 classes) | Train: 5000 images (20 batches), Test: 1000 images (4 batches)
2026-08-28 17:42:29,737 [trainer.py] =>   Task 4: classes 40-49 (10 classes) | Train: 5000 images (20 batches), Test: 1000 images (4 batches)
2026-08-28 17:42:29,743 [trainer.py] =>   Task 5: classes 50-59 (10 classes) | Train: 5000 images (20 batches), Test: 1000 images (4 batches)
2026-08-28 17:42:29,751 [trainer.py] =>   Task 6: classes 60-69 (10 classes) | Train: 5000 images (20 batches), Test: 1000 images (4 batches)
2026-08-28 17:42:29,757 [trainer.py] =>   Task 7: classes 70-79 (10 classes) | Train: 5000 images (20 batches), Test: 1000 images (4 batches)
2026-08-28 17:42:29,763 [trainer.py] =>   Task 8: classes 80-89 (10 classes) | Train: 5000 images (20 batches), Test: 1000 images (4 batches)
2026-08-28 17:42:29,769 [trainer.py] =>   Task 9: classes 90-99 (10 classes) | Train: 5000 images (20 batches), Test: 1000 images (4 batches)
2026-08-28 17:42:29,769 [trainer.py] => ================================================================================
2026-08-28 17:42:29,769 [trainer.py] => ================================================================================
2026-08-28 17:42:29,775 [base.py] => Task 0 learning on class 0-10
2026-08-28 17:42:30,253 [toolkit.py] => Total params:     103,778,743
2026-08-28 17:42:30,253 [toolkit.py] => Trainable params: 744,970
2026-08-28 17:42:30,253 [toolkit.py] => Trainable ratio:  0.7178%
2026-08-28 17:43:19,156 [ewclora_e.py] => Task 0, Epoch 1/1 => Loss 0.383, Train_accy 88.62
2026-08-28 17:43:19,157 [trainer.py] => Training time: 0h 0m 49s
2026-08-28 17:43:23,469 [trainer.py] => Evaluation time: 0h 0m 4s
2026-08-28 17:44:12,572 [trainer.py] => Accuracy: {'total': 98.9, '00-09': 98.9, 'old': 0, 'new': 98.9}
2026-08-28 17:44:12,573 [trainer.py] => (curve) top1 Acc: [98.9]
2026-08-28 17:44:12,573 [trainer.py] => Avergae Acc: 98.90
2026-08-28 17:44:12,573 [trainer.py] => (curve) top1 Acc with task: [98.9]
2026-08-28 17:44:12,573 [trainer.py] => Avergae Acc: 98.90
2026-08-28 17:44:12,573 [trainer.py] => (curve) top1 Acc task: [100.0]
2026-08-28 17:44:12,573 [trainer.py] => Avergae Acc: 100.00
2026-08-28 17:44:12,573 [trainer.py] => ================================================================================
2026-08-28 17:44:12,573 [trainer.py] => ================================================================================
2026-08-28 17:44:12,585 [base.py] => Task 1 learning on class 10-20
2026-08-28 17:44:12,590 [toolkit.py] => Total params:     103,778,743
2026-08-28 17:44:12,590 [toolkit.py] => Trainable params: 744,970
2026-08-28 17:44:12,590 [toolkit.py] => Trainable ratio:  0.7178%
2026-08-28 17:45:01,632 [ewclora_e.py] => Task 1, Epoch 1/1 => Loss 0.482, Train_accy 85.98
2026-08-28 17:45:01,634 [trainer.py] => Training time: 0h 0m 49s
2026-08-28 17:45:09,766 [trainer.py] => Evaluation time: 0h 0m 8s
2026-08-28 17:45:58,448 [trainer.py] => Accuracy: {'total': 95.7, '00-09': 96.5, '10-19': 94.9, 'old': 96.5, 'new': 94.9}
2026-08-28 17:45:58,448 [trainer.py] => (curve) top1 Acc: [98.9, 95.7]
2026-08-28 17:45:58,448 [trainer.py] => Avergae Acc: 97.30
2026-08-28 17:45:58,448 [trainer.py] => (curve) top1 Acc with task: [98.9, 98.25]
2026-08-28 17:45:58,448 [trainer.py] => Avergae Acc: 98.58
2026-08-28 17:45:58,448 [trainer.py] => (curve) top1 Acc task: [100.0, 97.2]
2026-08-28 17:45:58,448 [trainer.py] => Avergae Acc: 98.60
2026-08-28 17:45:58,448 [trainer.py] => ================================================================================
2026-08-28 17:45:58,448 [trainer.py] => ================================================================================
2026-08-28 17:45:58,462 [base.py] => Task 2 learning on class 20-30
2026-08-28 17:45:58,467 [toolkit.py] => Total params:     103,778,743
2026-08-28 17:45:58,468 [toolkit.py] => Trainable params: 744,970
2026-08-28 17:45:58,468 [toolkit.py] => Trainable ratio:  0.7178%
2026-08-28 17:46:47,806 [ewclora_e.py] => Task 2, Epoch 1/1 => Loss 0.488, Train_accy 88.10
2026-08-28 17:46:47,808 [trainer.py] => Training time: 0h 0m 49s
2026-08-28 17:47:16,906 [toolkit.py] => config: configs/ewclora_e/cifar100_seed=1993.json
2026-08-28 17:47:16,906 [toolkit.py] => device: [device(type='cuda', index=0)]
2026-08-28 17:47:16,906 [toolkit.py] => debug: False
2026-08-28 17:47:16,906 [toolkit.py] => save_ckp: False
2026-08-28 17:47:16,906 [toolkit.py] => moe_list: None
2026-08-28 17:47:16,906 [toolkit.py] => seed: 1993
2026-08-28 17:47:16,906 [toolkit.py] => dataset: cifar100
2026-08-28 17:47:16,906 [toolkit.py] => data_path: data/cifar100
2026-08-28 17:47:16,906 [toolkit.py] => load: vit_base_patch16_224_in21k
2026-08-28 17:47:16,906 [toolkit.py] => init_cls: 10
2026-08-28 17:47:16,906 [toolkit.py] => increment: 10
2026-08-28 17:47:16,906 [toolkit.py] => sessions: 10
2026-08-28 17:47:16,906 [toolkit.py] => shuffle: False
2026-08-28 17:47:16,906 [toolkit.py] => method: ewclora_e
2026-08-28 17:47:16,906 [toolkit.py] => optimizer: adam
2026-08-28 17:47:16,906 [toolkit.py] => scheduler: cosine
2026-08-28 17:47:16,906 [toolkit.py] => epochs: 20
2026-08-28 17:47:16,906 [toolkit.py] => lrate: 0.0005
2026-08-28 17:47:16,906 [toolkit.py] => fc_lrate: 0.005
2026-08-28 17:47:16,906 [toolkit.py] => weight_decay: 0.0
2026-08-28 17:47:16,906 [toolkit.py] => batch_size: 128
2026-08-28 17:47:16,906 [toolkit.py] => rank: 10
2026-08-28 17:47:16,907 [toolkit.py] => num_workers: 16
2026-08-28 17:47:16,907 [toolkit.py] => lrate_head: 0
2026-08-28 17:47:16,907 [toolkit.py] => gamma: 0.9
2026-08-28 17:47:16,907 [toolkit.py] => lambda: 10000000.0
2026-08-28 17:47:16,907 [toolkit.py] => R: 0.5
2026-08-28 17:47:16,907 [toolkit.py] => logdir: logs/ewclora_e/cifar100/t10
2026-08-28 17:47:16,907 [toolkit.py] => logfilename: logs/ewclora_e/cifar100/t10/seed1993
2026-08-28 17:47:20,633 [data_manager.py] => Class index order: 0, 1, 2, 3, 4, ..., 95, 96, 97, 98, 99
2026-08-28 17:47:23,266 [trainer.py] => ================================================================================
2026-08-28 17:47:23,266 [trainer.py] => Dataset Information
2026-08-28 17:47:23,266 [trainer.py] => ================================================================================
2026-08-28 17:47:23,266 [trainer.py] =>   Dataset name     : cifar100
2026-08-28 17:47:23,266 [trainer.py] =>   Data path        : data/cifar100
2026-08-28 17:47:23,266 [trainer.py] =>   Total classes    : 100
2026-08-28 17:47:23,266 [trainer.py] =>   Total tasks      : 10
2026-08-28 17:47:23,266 [trainer.py] =>   Task increments  : [10, 10, 10, 10, 10, 10, 10, 10, 10, 10]
2026-08-28 17:47:23,266 [trainer.py] =>   Init classes     : 10
2026-08-28 17:47:23,266 [trainer.py] =>   Increment per task: 10
2026-08-28 17:47:23,266 [trainer.py] =>   Shuffle          : False
2026-08-28 17:47:23,266 [trainer.py] =>   Seed             : 1993
2026-08-28 17:47:23,266 [trainer.py] => --------------------------------------------------------------------------------
2026-08-28 17:47:23,266 [trainer.py] => Task split:
2026-08-28 17:47:23,432 [trainer.py] =>   Task 0: classes 0-9 (10 classes) | Train: 5000 images (20 batches), Test: 1000 images (4 batches)
2026-08-28 17:47:23,635 [trainer.py] =>   Task 1: classes 10-19 (10 classes) | Train: 5000 images (20 batches), Test: 1000 images (4 batches)
2026-08-28 17:47:23,642 [trainer.py] =>   Task 2: classes 20-29 (10 classes) | Train: 5000 images (20 batches), Test: 1000 images (4 batches)
2026-08-28 17:47:23,650 [trainer.py] =>   Task 3: classes 30-39 (10 classes) | Train: 5000 images (20 batches), Test: 1000 images (4 batches)
2026-08-28 17:47:23,657 [trainer.py] =>   Task 4: classes 40-49 (10 classes) | Train: 5000 images (20 batches), Test: 1000 images (4 batches)
2026-08-28 17:47:23,665 [trainer.py] =>   Task 5: classes 50-59 (10 classes) | Train: 5000 images (20 batches), Test: 1000 images (4 batches)
2026-08-28 17:47:23,868 [trainer.py] =>   Task 6: classes 60-69 (10 classes) | Train: 5000 images (20 batches), Test: 1000 images (4 batches)
2026-08-28 17:47:23,876 [trainer.py] =>   Task 7: classes 70-79 (10 classes) | Train: 5000 images (20 batches), Test: 1000 images (4 batches)
2026-08-28 17:47:23,885 [trainer.py] =>   Task 8: classes 80-89 (10 classes) | Train: 5000 images (20 batches), Test: 1000 images (4 batches)
2026-08-28 17:47:23,892 [trainer.py] =>   Task 9: classes 90-99 (10 classes) | Train: 5000 images (20 batches), Test: 1000 images (4 batches)
2026-08-28 17:47:23,893 [trainer.py] => ================================================================================
2026-08-28 17:47:23,893 [trainer.py] => ================================================================================
2026-08-28 17:47:23,899 [base.py] => Task 0 learning on class 0-10
2026-08-28 17:47:24,333 [toolkit.py] => Total params:     103,778,743
2026-08-28 17:47:24,333 [toolkit.py] => Trainable params: 744,970
2026-08-28 17:47:24,333 [toolkit.py] => Trainable ratio:  0.7178%
2026-08-28 18:09:27,962 [ewclora_e.py] => Task 0, Epoch 20/20 => Loss 0.104, Train_accy 96.94
2026-08-28 18:09:27,988 [trainer.py] => Training time: 0h 22m 4s
2026-08-28 18:09:38,168 [trainer.py] => Evaluation time: 0h 0m 10s
2026-08-28 18:11:15,917 [trainer.py] => Accuracy: {'total': 99.5, '00-09': 99.5, 'old': 0, 'new': 99.5}
2026-08-28 18:11:15,917 [trainer.py] => (curve) top1 Acc: [99.5]
2026-08-28 18:11:15,917 [trainer.py] => Avergae Acc: 99.50
2026-08-28 18:11:15,917 [trainer.py] => (curve) top1 Acc with task: [99.5]
2026-08-28 18:11:15,917 [trainer.py] => Avergae Acc: 99.50
2026-08-28 18:11:15,917 [trainer.py] => (curve) top1 Acc task: [100.0]
2026-08-28 18:11:15,917 [trainer.py] => Avergae Acc: 100.00
2026-08-28 18:11:15,917 [trainer.py] => ================================================================================
2026-08-28 18:11:15,917 [trainer.py] => ================================================================================
2026-08-28 18:11:15,940 [base.py] => Task 1 learning on class 10-20
2026-08-28 18:11:15,945 [toolkit.py] => Total params:     103,778,743
2026-08-28 18:11:15,945 [toolkit.py] => Trainable params: 744,970
2026-08-28 18:11:15,945 [toolkit.py] => Trainable ratio:  0.7178%
2026-08-28 18:41:23,666 [ewclora_e.py] => Task 1, Epoch 20/20 => Loss 0.116, Train_accy 96.16
2026-08-28 18:41:23,668 [trainer.py] => Training time: 0h 30m 7s
2026-08-28 18:41:31,934 [trainer.py] => Evaluation time: 0h 0m 8s
2026-08-28 18:42:21,028 [trainer.py] => Accuracy: {'total': 96.4, '00-09': 96.5, '10-19': 96.3, 'old': 96.5, 'new': 96.3}
2026-08-28 18:42:21,028 [trainer.py] => (curve) top1 Acc: [99.5, 96.4]
2026-08-28 18:42:21,028 [trainer.py] => Avergae Acc: 97.95
2026-08-28 18:42:21,028 [trainer.py] => (curve) top1 Acc with task: [99.5, 99.2]
2026-08-28 18:42:21,028 [trainer.py] => Avergae Acc: 99.35
2026-08-28 18:42:21,028 [trainer.py] => (curve) top1 Acc task: [100.0, 97.0]
2026-08-28 18:42:21,028 [trainer.py] => Avergae Acc: 98.50
2026-08-28 18:42:21,028 [trainer.py] => ================================================================================
2026-08-28 18:42:21,028 [trainer.py] => ================================================================================
2026-08-28 18:42:21,043 [base.py] => Task 2 learning on class 20-30
2026-08-28 18:42:21,048 [toolkit.py] => Total params:     103,778,743
2026-08-28 18:42:21,048 [toolkit.py] => Trainable params: 744,970
2026-08-28 18:42:21,048 [toolkit.py] => Trainable ratio:  0.7178%
2026-08-28 19:00:44,659 [ewclora_e.py] => Task 2, Epoch 20/20 => Loss 0.102, Train_accy 96.54
2026-08-28 19:00:44,662 [trainer.py] => Training time: 0h 18m 23s
2026-08-28 19:00:56,902 [trainer.py] => Evaluation time: 0h 0m 12s
2026-08-28 19:01:45,909 [trainer.py] => Accuracy: {'total': 95.27, '00-09': 95.1, '10-19': 96.0, '20-29': 94.7, 'old': 95.55, 'new': 94.7}
2026-08-28 19:01:45,909 [trainer.py] => (curve) top1 Acc: [99.5, 96.4, 95.27]
2026-08-28 19:01:45,909 [trainer.py] => Avergae Acc: 97.06
2026-08-28 19:01:45,909 [trainer.py] => (curve) top1 Acc with task: [99.5, 99.2, 98.8]
2026-08-28 19:01:45,909 [trainer.py] => Avergae Acc: 99.17
2026-08-28 19:01:45,909 [trainer.py] => (curve) top1 Acc task: [100.0, 97.0, 96.07]
2026-08-28 19:01:45,909 [trainer.py] => Avergae Acc: 97.69
2026-08-28 19:01:45,909 [trainer.py] => ================================================================================
2026-08-28 19:01:45,909 [trainer.py] => ================================================================================
2026-08-28 19:01:45,932 [base.py] => Task 3 learning on class 30-40
2026-08-28 19:01:45,939 [toolkit.py] => Total params:     103,778,743
2026-08-28 19:01:45,939 [toolkit.py] => Trainable params: 744,970
2026-08-28 19:01:45,939 [toolkit.py] => Trainable ratio:  0.7178%
2026-08-28 19:32:00,596 [ewclora_e.py] => Task 3, Epoch 20/20 => Loss 0.104, Train_accy 96.48
2026-08-28 19:32:00,598 [trainer.py] => Training time: 0h 30m 14s
2026-08-28 19:32:31,244 [trainer.py] => Evaluation time: 0h 0m 30s
2026-08-28 19:34:04,026 [trainer.py] => Accuracy: {'total': 93.65, '00-09': 93.8, '10-19': 93.2, '20-29': 94.8, '30-39': 92.8, 'old': 93.93, 'new': 92.8}
2026-08-28 19:34:04,026 [trainer.py] => (curve) top1 Acc: [99.5, 96.4, 95.27, 93.65]
2026-08-28 19:34:04,026 [trainer.py] => Avergae Acc: 96.21
2026-08-28 19:34:04,026 [trainer.py] => (curve) top1 Acc with task: [99.5, 99.2, 98.8, 98.78]
2026-08-28 19:34:04,026 [trainer.py] => Avergae Acc: 99.07
2026-08-28 19:34:04,026 [trainer.py] => (curve) top1 Acc task: [100.0, 97.0, 96.07, 94.28]
2026-08-28 19:34:04,026 [trainer.py] => Avergae Acc: 96.84
2026-08-28 19:34:04,026 [trainer.py] => ================================================================================
2026-08-28 19:34:04,026 [trainer.py] => ================================================================================
2026-08-28 19:34:04,042 [base.py] => Task 4 learning on class 40-50
2026-08-28 19:34:04,047 [toolkit.py] => Total params:     103,778,743
2026-08-28 19:34:04,047 [toolkit.py] => Trainable params: 744,970
2026-08-28 19:34:04,047 [toolkit.py] => Trainable ratio:  0.7178%
2026-08-28 19:50:46,411 [ewclora_e.py] => Task 4, Epoch 20/20 => Loss 0.077, Train_accy 97.08
2026-08-28 19:50:46,415 [trainer.py] => Training time: 0h 16m 42s
2026-08-28 19:51:06,475 [trainer.py] => Evaluation time: 0h 0m 20s
2026-08-28 19:51:55,768 [trainer.py] => Accuracy: {'total': 92.82, '00-09': 92.4, '10-19': 90.9, '20-29': 93.2, '30-39': 92.7, '40-49': 94.9, 'old': 92.3, 'new': 94.9}
2026-08-28 19:51:55,768 [trainer.py] => (curve) top1 Acc: [99.5, 96.4, 95.27, 93.65, 92.82]
2026-08-28 19:51:55,768 [trainer.py] => Avergae Acc: 95.53
2026-08-28 19:51:55,768 [trainer.py] => (curve) top1 Acc with task: [99.5, 99.2, 98.8, 98.78, 98.76]
2026-08-28 19:51:55,769 [trainer.py] => Avergae Acc: 99.01
2026-08-28 19:51:55,769 [trainer.py] => (curve) top1 Acc task: [100.0, 97.0, 96.07, 94.28, 93.48]
2026-08-28 19:51:55,769 [trainer.py] => Avergae Acc: 96.17
2026-08-28 19:51:55,769 [trainer.py] => ================================================================================
2026-08-28 19:51:55,769 [trainer.py] => ================================================================================
2026-08-28 19:51:55,792 [base.py] => Task 5 learning on class 50-60
2026-08-28 19:51:55,802 [toolkit.py] => Total params:     103,778,743
2026-08-28 19:51:55,802 [toolkit.py] => Trainable params: 744,970
2026-08-28 19:51:55,803 [toolkit.py] => Trainable ratio:  0.7178%
2026-08-28 20:08:33,312 [ewclora_e.py] => Task 5, Epoch 20/20 => Loss 0.102, Train_accy 96.30
2026-08-28 20:08:33,315 [trainer.py] => Training time: 0h 16m 37s
2026-08-28 20:08:56,996 [trainer.py] => Evaluation time: 0h 0m 23s
2026-08-28 20:09:46,246 [trainer.py] => Accuracy: {'total': 91.42, '00-09': 90.1, '10-19': 90.3, '20-29': 92.9, '30-39': 91.7, '40-49': 93.7, '50-59': 89.8, 'old': 91.74, 'new': 89.8}
2026-08-28 20:09:46,246 [trainer.py] => (curve) top1 Acc: [99.5, 96.4, 95.27, 93.65, 92.82, 91.42]
2026-08-28 20:09:46,246 [trainer.py] => Avergae Acc: 94.84
2026-08-28 20:09:46,246 [trainer.py] => (curve) top1 Acc with task: [99.5, 99.2, 98.8, 98.78, 98.76, 98.7]
2026-08-28 20:09:46,246 [trainer.py] => Avergae Acc: 98.96
2026-08-28 20:09:46,246 [trainer.py] => (curve) top1 Acc task: [100.0, 97.0, 96.07, 94.28, 93.48, 92.0]
2026-08-28 20:09:46,246 [trainer.py] => Avergae Acc: 95.47
2026-08-28 20:09:46,246 [trainer.py] => ================================================================================
2026-08-28 20:09:46,246 [trainer.py] => ================================================================================
2026-08-28 20:09:46,260 [base.py] => Task 6 learning on class 60-70
2026-08-28 20:09:46,265 [toolkit.py] => Total params:     103,778,743
2026-08-28 20:09:46,265 [toolkit.py] => Trainable params: 744,970
2026-08-28 20:09:46,265 [toolkit.py] => Trainable ratio:  0.7178%
2026-08-28 20:26:23,457 [ewclora_e.py] => Task 6, Epoch 20/20 => Loss 0.104, Train_accy 96.16
2026-08-28 20:26:23,461 [trainer.py] => Training time: 0h 16m 37s
2026-08-28 20:26:51,123 [trainer.py] => Evaluation time: 0h 0m 27s
2026-08-28 20:28:17,959 [trainer.py] => Accuracy: {'total': 90.7, '00-09': 89.8, '10-19': 88.8, '20-29': 92.0, '30-39': 90.6, '40-49': 93.5, '50-59': 88.7, '60-69': 91.5, 'old': 90.57, 'new': 91.5}
2026-08-28 20:28:17,959 [trainer.py] => (curve) top1 Acc: [99.5, 96.4, 95.27, 93.65, 92.82, 91.42, 90.7]
2026-08-28 20:28:17,960 [trainer.py] => Avergae Acc: 94.25
2026-08-28 20:28:17,960 [trainer.py] => (curve) top1 Acc with task: [99.5, 99.2, 98.8, 98.78, 98.76, 98.7, 98.61]
2026-08-28 20:28:17,960 [trainer.py] => Avergae Acc: 98.91
2026-08-28 20:28:17,960 [trainer.py] => (curve) top1 Acc task: [100.0, 97.0, 96.07, 94.28, 93.48, 92.0, 91.17]
2026-08-28 20:28:17,960 [trainer.py] => Avergae Acc: 94.86
2026-08-28 20:28:17,960 [trainer.py] => ================================================================================
2026-08-28 20:28:17,960 [trainer.py] => ================================================================================
2026-08-28 20:28:17,977 [base.py] => Task 7 learning on class 70-80
2026-08-28 20:28:17,982 [toolkit.py] => Total params:     103,778,743
2026-08-28 20:28:17,982 [toolkit.py] => Trainable params: 744,970
2026-08-28 20:28:17,982 [toolkit.py] => Trainable ratio:  0.7178%
2026-08-28 21:03:42,316 [ewclora_e.py] => Task 7, Epoch 20/20 => Loss 0.105, Train_accy 96.48
2026-08-28 21:03:42,319 [trainer.py] => Training time: 0h 35m 24s
2026-08-28 21:05:02,716 [trainer.py] => Evaluation time: 0h 1m 20s
2026-08-28 21:06:47,772 [trainer.py] => Accuracy: {'total': 90.06, '00-09': 89.1, '10-19': 88.2, '20-29': 90.4, '30-39': 90.2, '40-49': 93.3, '50-59': 87.5, '60-69': 89.0, '70-79': 92.8, 'old': 89.67, 'new': 92.8}
2026-08-28 21:06:47,772 [trainer.py] => (curve) top1 Acc: [99.5, 96.4, 95.27, 93.65, 92.82, 91.42, 90.7, 90.06]
2026-08-28 21:06:47,772 [trainer.py] => Avergae Acc: 93.73
2026-08-28 21:06:47,772 [trainer.py] => (curve) top1 Acc with task: [99.5, 99.2, 98.8, 98.78, 98.76, 98.7, 98.61, 98.6]
2026-08-28 21:06:47,772 [trainer.py] => Avergae Acc: 98.87
2026-08-28 21:06:47,772 [trainer.py] => (curve) top1 Acc task: [100.0, 97.0, 96.07, 94.28, 93.48, 92.0, 91.17, 90.47]
2026-08-28 21:06:47,772 [trainer.py] => Avergae Acc: 94.31
2026-08-28 21:06:47,772 [trainer.py] => ================================================================================
2026-08-28 21:06:47,772 [trainer.py] => ================================================================================
2026-08-28 21:06:47,793 [base.py] => Task 8 learning on class 80-90
2026-08-28 21:06:47,798 [toolkit.py] => Total params:     103,778,743
2026-08-28 21:06:47,798 [toolkit.py] => Trainable params: 744,970
2026-08-28 21:06:47,798 [toolkit.py] => Trainable ratio:  0.7178%
2026-08-28 21:42:10,154 [ewclora_e.py] => Task 8, Epoch 20/20 => Loss 0.082, Train_accy 97.08
2026-08-28 21:42:10,156 [trainer.py] => Training time: 0h 35m 22s
2026-08-28 21:43:40,814 [trainer.py] => Evaluation time: 0h 1m 30s
2026-08-28 21:45:26,322 [trainer.py] => Accuracy: {'total': 90.53, '00-09': 88.8, '10-19': 87.3, '20-29': 90.0, '30-39': 90.3, '40-49': 93.1, '50-59': 88.2, '60-69': 88.7, '70-79': 92.1, '80-89': 96.3, 'old': 89.81, 'new': 96.3}
2026-08-28 21:45:26,322 [trainer.py] => (curve) top1 Acc: [99.5, 96.4, 95.27, 93.65, 92.82, 91.42, 90.7, 90.06, 90.53]
2026-08-28 21:45:26,322 [trainer.py] => Avergae Acc: 93.37
2026-08-28 21:45:26,322 [trainer.py] => (curve) top1 Acc with task: [99.5, 99.2, 98.8, 98.78, 98.76, 98.7, 98.61, 98.6, 98.77]
2026-08-28 21:45:26,322 [trainer.py] => Avergae Acc: 98.86
2026-08-28 21:45:26,322 [trainer.py] => (curve) top1 Acc task: [100.0, 97.0, 96.07, 94.28, 93.48, 92.0, 91.17, 90.47, 90.89]
2026-08-28 21:45:26,322 [trainer.py] => Avergae Acc: 93.93
2026-08-28 21:45:26,322 [trainer.py] => ================================================================================
2026-08-28 21:45:26,322 [trainer.py] => ================================================================================
2026-08-28 21:45:26,338 [base.py] => Task 9 learning on class 90-100
2026-08-28 21:45:26,344 [toolkit.py] => Total params:     103,778,743
2026-08-28 21:45:26,344 [toolkit.py] => Trainable params: 744,970
2026-08-28 21:45:26,344 [toolkit.py] => Trainable ratio:  0.7178%
2026-08-28 22:20:50,863 [ewclora_e.py] => Task 9, Epoch 20/20 => Loss 0.073, Train_accy 97.60
2026-08-28 22:20:50,866 [trainer.py] => Training time: 0h 35m 24s
2026-08-28 22:22:31,797 [trainer.py] => Evaluation time: 0h 1m 40s
2026-08-28 22:24:17,576 [trainer.py] => Accuracy: {'total': 89.44, '00-09': 87.6, '10-19': 86.8, '20-29': 89.9, '30-39': 88.8, '40-49': 91.2, '50-59': 86.6, '60-69': 87.2, '70-79': 91.1, '80-89': 93.6, '90-99': 91.6, 'old': 89.2, 'new': 91.6}
2026-08-28 22:24:17,576 [trainer.py] => (curve) top1 Acc: [99.5, 96.4, 95.27, 93.65, 92.82, 91.42, 90.7, 90.06, 90.53, 89.44]
2026-08-28 22:24:17,576 [trainer.py] => Avergae Acc: 92.98
2026-08-28 22:24:17,576 [trainer.py] => (curve) top1 Acc with task: [99.5, 99.2, 98.8, 98.78, 98.76, 98.7, 98.61, 98.6, 98.77, 98.81]
2026-08-28 22:24:17,576 [trainer.py] => Avergae Acc: 98.85
2026-08-28 22:24:17,576 [trainer.py] => (curve) top1 Acc task: [100.0, 97.0, 96.07, 94.28, 93.48, 92.0, 91.17, 90.47, 90.89, 89.75]
2026-08-28 22:24:17,576 [trainer.py] => Avergae Acc: 93.51
2026-08-28 22:24:17,576 [trainer.py] => ================================================================================
