nohup: ignoring input
=========================================
Starting serial CIFAR-100 decay experiments at Sat Aug  1 11:50:38 PM CST 2026
=========================================
=========================================
Running decay=0.8 at Sat Aug  1 11:50:38 PM CST 2026
=========================================
decay=0.8 completed at Sun Aug  2 12:51:09 AM CST 2026
=========================================
Running decay=0.85 at Sun Aug  2 12:51:09 AM CST 2026
=========================================
decay=0.85 completed at Sun Aug  2 01:51:47 AM CST 2026
=========================================
Running decay=0.9 at Sun Aug  2 01:51:47 AM CST 2026
=========================================
decay=0.9 completed at Sun Aug  2 02:52:30 AM CST 2026
=========================================
Running decay=0.99 at Sun Aug  2 02:52:30 AM CST 2026
=========================================
decay=0.99 completed at Sun Aug  2 03:53:14 AM CST 2026
=========================================
Running decay=0.999 at Sun Aug  2 03:53:14 AM CST 2026
=========================================
decay=0.999 completed at Sun Aug  2 04:54:08 AM CST 2026
=========================================
Running decay=0.9999 at Sun Aug  2 04:54:08 AM CST 2026
=========================================
decay=0.9999 completed at Sun Aug  2 05:54:52 AM CST 2026
=========================================
Running decay=0.99999 at Sun Aug  2 05:54:52 AM CST 2026
=========================================
decay=0.99999 completed at Sun Aug  2 06:55:34 AM CST 2026
=========================================
All CIFAR-100 decay experiments completed at Sun Aug  2 06:55:34 AM CST 2026
=========================================
