nohup: ignoring input
2026-08-03 09:03:03,576 [toolkit.py] => config: configs/splitlorav16/domain_seed=1993.json
2026-08-03 09:03:03,588 [toolkit.py] => device: [device(type='cuda', index=2)]
2026-08-03 09:03:03,588 [toolkit.py] => debug: False
2026-08-03 09:03:03,588 [toolkit.py] => save_ckp: False
2026-08-03 09:03:03,588 [toolkit.py] => moe_list: None
2026-08-03 09:03:03,588 [toolkit.py] => seed: 1993
2026-08-03 09:03:03,589 [toolkit.py] => dataset: domainnet
2026-08-03 09:03:03,589 [toolkit.py] => data_path: data/domainnet
2026-08-03 09:03:03,589 [toolkit.py] => load: vit_base_patch16_224_in21k
2026-08-03 09:03:03,589 [toolkit.py] => init_cls: 69
2026-08-03 09:03:03,589 [toolkit.py] => increment: 69
2026-08-03 09:03:03,589 [toolkit.py] => sessions: 5
2026-08-03 09:03:03,589 [toolkit.py] => shuffle: False
2026-08-03 09:03:03,589 [toolkit.py] => method: splitlorav16
2026-08-03 09:03:03,590 [toolkit.py] => optimizer: adamw
2026-08-03 09:03:03,590 [toolkit.py] => scheduler: steplr
2026-08-03 09:03:03,590 [toolkit.py] => ema_type: EMA
2026-08-03 09:03:03,590 [toolkit.py] => epochs: 10
2026-08-03 09:03:03,590 [toolkit.py] => lrate: 0.001
2026-08-03 09:03:03,590 [toolkit.py] => lrate_head: 0.01
2026-08-03 09:03:03,590 [toolkit.py] => weight_decay: 5e-05
2026-08-03 09:03:03,590 [toolkit.py] => batch_size: 256
2026-08-03 09:03:03,590 [toolkit.py] => rank: 10
2026-08-03 09:03:03,590 [toolkit.py] => num_workers: 16
2026-08-03 09:03:03,590 [toolkit.py] => lamb: 0.95
2026-08-03 09:03:03,590 [toolkit.py] => lame: 1.0
2026-08-03 09:03:03,590 [toolkit.py] => in_dim: 768
2026-08-03 09:03:03,590 [toolkit.py] => alpha: 20
2026-08-03 09:03:03,590 [toolkit.py] => ema_decay: 0.8
2026-08-03 09:03:03,590 [toolkit.py] => ema_decay2: 0
2026-08-03 09:03:03,590 [toolkit.py] => logdir: logs/splitlorav16/domainnet/t5
2026-08-03 09:03:03,590 [toolkit.py] => logfilename: logs/splitlorav16/domainnet/t5/seed1993
2026-08-03 09:03:03,796 [data_manager.py] => Class index order: 0, 1, 2, 3, 4, ..., 340, 341, 342, 343, 344
2026-08-03 09:03:08,763 [trainer.py] => ================================================================================
2026-08-03 09:03:08,818 [splitlorav16.py] => Task 0 learning on class 0-69
Parameters to be updated:
[Trainable] image_encoder.blocks.0.attn.Lora_shared_A_k.weight           (10, 768) | 7680
[Trainable] image_encoder.blocks.0.attn.Lora_shared_B_k.weight           (768, 10) | 7680
[Trainable] image_encoder.blocks.0.attn.Lora_shared_A_v.weight           (10, 768) | 7680
[Trainable] image_encoder.blocks.0.attn.Lora_shared_B_v.weight           (768, 10) | 7680
[Trainable] image_encoder.blocks.1.attn.Lora_shared_A_k.weight           (10, 768) | 7680
[Trainable] image_encoder.blocks.1.attn.Lora_shared_B_k.weight           (768, 10) | 7680
[Trainable] image_encoder.blocks.1.attn.Lora_shared_A_v.weight           (10, 768) | 7680
[Trainable] image_encoder.blocks.1.attn.Lora_shared_B_v.weight           (768, 10) | 7680
[Trainable] image_encoder.blocks.2.attn.Lora_shared_A_k.weight           (10, 768) | 7680
[Trainable] image_encoder.blocks.2.attn.Lora_shared_B_k.weight           (768, 10) | 7680
[Trainable] image_encoder.blocks.2.attn.Lora_shared_A_v.weight           (10, 768) | 7680
[Trainable] image_encoder.blocks.2.attn.Lora_shared_B_v.weight           (768, 10) | 7680
[Trainable] image_encoder.blocks.3.attn.Lora_shared_A_k.weight           (10, 768) | 7680
[Trainable] image_encoder.blocks.3.attn.Lora_shared_B_k.weight           (768, 10) | 7680
[Trainable] image_encoder.blocks.3.attn.Lora_shared_A_v.weight           (10, 768) | 7680
[Trainable] image_encoder.blocks.3.attn.Lora_shared_B_v.weight           (768, 10) | 7680
[Trainable] image_encoder.blocks.4.attn.Lora_shared_A_k.weight           (10, 768) | 7680
[Trainable] image_encoder.blocks.4.attn.Lora_shared_B_k.weight           (768, 10) | 7680
[Trainable] image_encoder.blocks.4.attn.Lora_shared_A_v.weight           (10, 768) | 7680
[Trainable] image_encoder.blocks.4.attn.Lora_shared_B_v.weight           (768, 10) | 7680
[Trainable] image_encoder.blocks.5.attn.Lora_shared_A_k.weight           (10, 768) | 7680
[Trainable] image_encoder.blocks.5.attn.Lora_shared_B_k.weight           (768, 10) | 7680
[Trainable] image_encoder.blocks.5.attn.Lora_shared_A_v.weight           (10, 768) | 7680
[Trainable] image_encoder.blocks.5.attn.Lora_shared_B_v.weight           (768, 10) | 7680
[Trainable] image_encoder.blocks.6.attn.Lora_shared_A_k.weight           (10, 768) | 7680
[Trainable] image_encoder.blocks.6.attn.Lora_shared_B_k.weight           (768, 10) | 7680
[Trainable] image_encoder.blocks.6.attn.Lora_shared_A_v.weight           (10, 768) | 7680
[Trainable] image_encoder.blocks.6.attn.Lora_shared_B_v.weight           (768, 10) | 7680
[Trainable] image_encoder.blocks.7.attn.Lora_shared_A_k.weight           (10, 768) | 7680
[Trainable] image_encoder.blocks.7.attn.Lora_shared_B_k.weight           (768, 10) | 7680
[Trainable] image_encoder.blocks.7.attn.Lora_shared_A_v.weight           (10, 768) | 7680
[Trainable] image_encoder.blocks.7.attn.Lora_shared_B_v.weight           (768, 10) | 7680
[Trainable] image_encoder.blocks.8.attn.Lora_shared_A_k.weight           (10, 768) | 7680
[Trainable] image_encoder.blocks.8.attn.Lora_shared_B_k.weight           (768, 10) | 7680
[Trainable] image_encoder.blocks.8.attn.Lora_shared_A_v.weight           (10, 768) | 7680
[Trainable] image_encoder.blocks.8.attn.Lora_shared_B_v.weight           (768, 10) | 7680
[Trainable] image_encoder.blocks.9.attn.Lora_shared_A_k.weight           (10, 768) | 7680
[Trainable] image_encoder.blocks.9.attn.Lora_shared_B_k.weight           (768, 10) | 7680
[Trainable] image_encoder.blocks.9.attn.Lora_shared_A_v.weight           (10, 768) | 7680
[Trainable] image_encoder.blocks.9.attn.Lora_shared_B_v.weight           (768, 10) | 7680
[Trainable] image_encoder.blocks.10.attn.Lora_shared_A_k.weight          (10, 768) | 7680
[Trainable] image_encoder.blocks.10.attn.Lora_shared_B_k.weight          (768, 10) | 7680
[Trainable] image_encoder.blocks.10.attn.Lora_shared_A_v.weight          (10, 768) | 7680
[Trainable] image_encoder.blocks.10.attn.Lora_shared_B_v.weight          (768, 10) | 7680
[Trainable] image_encoder.blocks.11.attn.Lora_shared_A_k.weight          (10, 768) | 7680
[Trainable] image_encoder.blocks.11.attn.Lora_shared_B_k.weight          (768, 10) | 7680
[Trainable] image_encoder.blocks.11.attn.Lora_shared_A_v.weight          (10, 768) | 7680
[Trainable] image_encoder.blocks.11.attn.Lora_shared_B_v.weight          (768, 10) | 7680
[Trainable] classifier_pool.0.weight                                     (69, 768) | 52992
[Trainable] classifier_pool.0.bias                                       (69,) | 69
2026-08-03 09:03:09,550 [toolkit.py] => Total params:     103,229,868
2026-08-03 09:03:09,550 [toolkit.py] => Trainable params: 421,701
2026-08-03 09:03:09,550 [toolkit.py] => Trainable ratio:  0.4085%
✅ Requires_grad parameters and optimizer parameters are consistent.
  0%|          | 0/10 [00:00<?, ?it/s]

cur_task 0, Epoch 0: Head LR=0.010000, Backbone LR=0.001000
