2026-09-07 17:56:39,571 [toolkit.py] => config: configs/sdlora_ov4/imagenet-a_seed=1993_lo=0.1_ls_0.1_mu=0.1.json
2026-09-07 17:56:39,571 [toolkit.py] => device: [device(type='cuda', index=5)]
2026-09-07 17:56:39,571 [toolkit.py] => debug: False
2026-09-07 17:56:39,571 [toolkit.py] => save_ckp: False
2026-09-07 17:56:39,571 [toolkit.py] => moe_list: None
2026-09-07 17:56:39,571 [toolkit.py] => seed: 1993
2026-09-07 17:56:39,571 [toolkit.py] => dataset: imagenet-a
2026-09-07 17:56:39,571 [toolkit.py] => data_path: data/imagenet-a
2026-09-07 17:56:39,571 [toolkit.py] => load: vit_base_patch16_224_in21k
2026-09-07 17:56:39,571 [toolkit.py] => init_cls: 20
2026-09-07 17:56:39,571 [toolkit.py] => increment: 20
2026-09-07 17:56:39,572 [toolkit.py] => sessions: 10
2026-09-07 17:56:39,572 [toolkit.py] => shuffle: False
2026-09-07 17:56:39,572 [toolkit.py] => method: sdlora_o
2026-09-07 17:56:39,572 [toolkit.py] => optimizer: adam
2026-09-07 17:56:39,572 [toolkit.py] => scheduler: cosine
2026-09-07 17:56:39,572 [toolkit.py] => epochs: 10
2026-09-07 17:56:39,572 [toolkit.py] => lrate: 0.0005
2026-09-07 17:56:39,572 [toolkit.py] => fc_lrate: 0.005
2026-09-07 17:56:39,572 [toolkit.py] => weight_decay: 0.0
2026-09-07 17:56:39,572 [toolkit.py] => batch_size: 128
2026-09-07 17:56:39,572 [toolkit.py] => rank: 10
2026-09-07 17:56:39,572 [toolkit.py] => num_workers: 16
2026-09-07 17:56:39,572 [toolkit.py] => lrate_head: 0
2026-09-07 17:56:39,572 [toolkit.py] => R: 0.5
2026-09-07 17:56:39,572 [toolkit.py] => lambda_o: 0.1
2026-09-07 17:56:39,572 [toolkit.py] => lambda_s: 0.1
2026-09-07 17:56:39,572 [toolkit.py] => mu: 0.1
2026-09-07 17:56:39,572 [toolkit.py] => ortho_loss_typev2: True
2026-09-07 17:56:39,572 [toolkit.py] => logdir: logs/sdlora_o/imagenet-a/t10
2026-09-07 17:56:39,572 [toolkit.py] => logfilename: logs/sdlora_o/imagenet-a/t10/seed1993
2026-09-07 17:56:39,600 [data_manager.py] => Class index order: 0, 1, 2, 3, 4, ..., 195, 196, 197, 198, 199
2026-09-07 17:56:41,749 [trainer.py] => ================================================================================
2026-09-07 17:56:41,750 [trainer.py] => Dataset Information
2026-09-07 17:56:41,750 [trainer.py] => ================================================================================
2026-09-07 17:56:41,750 [trainer.py] =>   Dataset name     : imagenet-a
2026-09-07 17:56:41,750 [trainer.py] =>   Data path        : data/imagenet-a
2026-09-07 17:56:41,750 [trainer.py] =>   Total classes    : 200
2026-09-07 17:56:41,750 [trainer.py] =>   Total tasks      : 10
2026-09-07 17:56:41,750 [trainer.py] =>   Task increments  : [20, 20, 20, 20, 20, 20, 20, 20, 20, 20]
2026-09-07 17:56:41,750 [trainer.py] =>   Init classes     : 20
2026-09-07 17:56:41,750 [trainer.py] =>   Increment per task: 20
2026-09-07 17:56:41,750 [trainer.py] =>   Shuffle          : False
2026-09-07 17:56:41,750 [trainer.py] =>   Seed             : 1993
2026-09-07 17:56:41,750 [trainer.py] => --------------------------------------------------------------------------------
2026-09-07 17:56:41,750 [trainer.py] => Task split:
2026-09-07 17:56:41,751 [trainer.py] =>   Task 0: classes 0-19 (20 classes) | Train: 1253 images (5 batches), Test: 313 images (2 batches)
2026-09-07 17:56:41,752 [trainer.py] =>   Task 1: classes 20-39 (20 classes) | Train: 1000 images (4 batches), Test: 251 images (1 batches)
2026-09-07 17:56:41,752 [trainer.py] =>   Task 2: classes 40-59 (20 classes) | Train: 1000 images (4 batches), Test: 251 images (1 batches)
2026-09-07 17:56:41,753 [trainer.py] =>   Task 3: classes 60-79 (20 classes) | Train: 610 images (3 batches), Test: 151 images (1 batches)
2026-09-07 17:56:41,753 [trainer.py] =>   Task 4: classes 80-99 (20 classes) | Train: 426 images (2 batches), Test: 102 images (1 batches)
2026-09-07 17:56:41,754 [trainer.py] =>   Task 5: classes 100-119 (20 classes) | Train: 263 images (2 batches), Test: 68 images (1 batches)
2026-09-07 17:56:41,754 [trainer.py] =>   Task 6: classes 120-139 (20 classes) | Train: 351 images (2 batches), Test: 89 images (1 batches)
2026-09-07 17:56:41,755 [trainer.py] =>   Task 7: classes 140-159 (20 classes) | Train: 321 images (2 batches), Test: 81 images (1 batches)
2026-09-07 17:56:41,756 [trainer.py] =>   Task 8: classes 160-179 (20 classes) | Train: 391 images (2 batches), Test: 97 images (1 batches)
2026-09-07 17:56:41,756 [trainer.py] =>   Task 9: classes 180-199 (20 classes) | Train: 385 images (2 batches), Test: 97 images (1 batches)
2026-09-07 17:56:41,756 [trainer.py] => ================================================================================
2026-09-07 17:56:41,756 [trainer.py] => ================================================================================
2026-09-07 17:56:41,757 [base.py] => Task 0 learning on class 0-20
Parameters to be updated:
[Trainable] image_encoder.scaling_factor.0.param                         (1,) | 1
[Trainable] image_encoder.scaling_factor_prev.0.param                    (1,) | 1
[Trainable] image_encoder.scaling_factor_prev.1.param                    (1,) | 1
[Trainable] image_encoder.scaling_factor_prev.2.param                    (1,) | 1
[Trainable] image_encoder.scaling_factor_prev.3.param                    (1,) | 1
[Trainable] image_encoder.scaling_factor_prev.4.param                    (1,) | 1
[Trainable] image_encoder.scaling_factor_prev.5.param                    (1,) | 1
[Trainable] image_encoder.scaling_factor_prev.6.param                    (1,) | 1
[Trainable] image_encoder.scaling_factor_prev.7.param                    (1,) | 1
[Trainable] image_encoder.scaling_factor_prev.8.param                    (1,) | 1
[Trainable] image_encoder.scaling_factor_prev.9.param                    (1,) | 1
[Trainable] image_encoder.scaling_factor_prev.10.param                   (1,) | 1
[Trainable] image_encoder.scaling_factor_prev.11.param                   (1,) | 1
[Trainable] image_encoder.scaling_factor_prev.12.param                   (1,) | 1
[Trainable] image_encoder.scaling_factor_prev.13.param                   (1,) | 1
[Trainable] image_encoder.scaling_factor_prev.14.param                   (1,) | 1
[Trainable] image_encoder.scaling_factor_prev.15.param                   (1,) | 1
[Trainable] image_encoder.scaling_factor_prev.16.param                   (1,) | 1
[Trainable] image_encoder.scaling_factor_prev.17.param                   (1,) | 1
[Trainable] image_encoder.scaling_factor_prev.18.param                   (1,) | 1
[Trainable] image_encoder.scaling_factor_prev.19.param                   (1,) | 1
[Trainable] image_encoder.blocks.0.attn.lora_A_k.0.weight                (10, 768) | 7680
[Trainable] image_encoder.blocks.0.attn.lora_B_k.0.weight                (768, 10) | 7680
[Trainable] image_encoder.blocks.0.attn.lora_A_v.0.weight                (10, 768) | 7680
[Trainable] image_encoder.blocks.0.attn.lora_B_v.0.weight                (768, 10) | 7680
[Trainable] image_encoder.blocks.0.attn.Lora_shared_A_k.weight           (10, 768) | 7680
[Trainable] image_encoder.blocks.0.attn.Lora_shared_B_k.weight           (768, 10) | 7680
[Trainable] image_encoder.blocks.0.attn.Lora_shared_A_v.weight           (10, 768) | 7680
[Trainable] image_encoder.blocks.0.attn.Lora_shared_B_v.weight           (768, 10) | 7680
[Trainable] image_encoder.blocks.1.attn.lora_A_k.0.weight                (10, 768) | 7680
[Trainable] image_encoder.blocks.1.attn.lora_B_k.0.weight                (768, 10) | 7680
[Trainable] image_encoder.blocks.1.attn.lora_A_v.0.weight                (10, 768) | 7680
[Trainable] image_encoder.blocks.1.attn.lora_B_v.0.weight                (768, 10) | 7680
[Trainable] image_encoder.blocks.1.attn.Lora_shared_A_k.weight           (10, 768) | 7680
[Trainable] image_encoder.blocks.1.attn.Lora_shared_B_k.weight           (768, 10) | 7680
[Trainable] image_encoder.blocks.1.attn.Lora_shared_A_v.weight           (10, 768) | 7680
[Trainable] image_encoder.blocks.1.attn.Lora_shared_B_v.weight           (768, 10) | 7680
[Trainable] image_encoder.blocks.2.attn.lora_A_k.0.weight                (10, 768) | 7680
[Trainable] image_encoder.blocks.2.attn.lora_B_k.0.weight                (768, 10) | 7680
[Trainable] image_encoder.blocks.2.attn.lora_A_v.0.weight                (10, 768) | 7680
[Trainable] image_encoder.blocks.2.attn.lora_B_v.0.weight                (768, 10) | 7680
[Trainable] image_encoder.blocks.2.attn.Lora_shared_A_k.weight           (10, 768) | 7680
[Trainable] image_encoder.blocks.2.attn.Lora_shared_B_k.weight           (768, 10) | 7680
[Trainable] image_encoder.blocks.2.attn.Lora_shared_A_v.weight           (10, 768) | 7680
[Trainable] image_encoder.blocks.2.attn.Lora_shared_B_v.weight           (768, 10) | 7680
[Trainable] image_encoder.blocks.3.attn.lora_A_k.0.weight                (10, 768) | 7680
[Trainable] image_encoder.blocks.3.attn.lora_B_k.0.weight                (768, 10) | 7680
[Trainable] image_encoder.blocks.3.attn.lora_A_v.0.weight                (10, 768) | 7680
[Trainable] image_encoder.blocks.3.attn.lora_B_v.0.weight                (768, 10) | 7680
[Trainable] image_encoder.blocks.3.attn.Lora_shared_A_k.weight           (10, 768) | 7680
[Trainable] image_encoder.blocks.3.attn.Lora_shared_B_k.weight           (768, 10) | 7680
[Trainable] image_encoder.blocks.3.attn.Lora_shared_A_v.weight           (10, 768) | 7680
[Trainable] image_encoder.blocks.3.attn.Lora_shared_B_v.weight           (768, 10) | 7680
[Trainable] image_encoder.blocks.4.attn.lora_A_k.0.weight                (10, 768) | 7680
[Trainable] image_encoder.blocks.4.attn.lora_B_k.0.weight                (768, 10) | 7680
[Trainable] image_encoder.blocks.4.attn.lora_A_v.0.weight                (10, 768) | 7680
[Trainable] image_encoder.blocks.4.attn.lora_B_v.0.weight                (768, 10) | 7680
[Trainable] image_encoder.blocks.4.attn.Lora_shared_A_k.weight           (10, 768) | 7680
[Trainable] image_encoder.blocks.4.attn.Lora_shared_B_k.weight           (768, 10) | 7680
[Trainable] image_encoder.blocks.4.attn.Lora_shared_A_v.weight           (10, 768) | 7680
[Trainable] image_encoder.blocks.4.attn.Lora_shared_B_v.weight           (768, 10) | 7680
[Trainable] image_encoder.blocks.5.attn.lora_A_k.0.weight                (10, 768) | 7680
[Trainable] image_encoder.blocks.5.attn.lora_B_k.0.weight                (768, 10) | 7680
[Trainable] image_encoder.blocks.5.attn.lora_A_v.0.weight                (10, 768) | 7680
[Trainable] image_encoder.blocks.5.attn.lora_B_v.0.weight                (768, 10) | 7680
[Trainable] image_encoder.blocks.5.attn.Lora_shared_A_k.weight           (10, 768) | 7680
[Trainable] image_encoder.blocks.5.attn.Lora_shared_B_k.weight           (768, 10) | 7680
[Trainable] image_encoder.blocks.5.attn.Lora_shared_A_v.weight           (10, 768) | 7680
[Trainable] image_encoder.blocks.5.attn.Lora_shared_B_v.weight           (768, 10) | 7680
[Trainable] image_encoder.blocks.6.attn.lora_A_k.0.weight                (10, 768) | 7680
[Trainable] image_encoder.blocks.6.attn.lora_B_k.0.weight                (768, 10) | 7680
[Trainable] image_encoder.blocks.6.attn.lora_A_v.0.weight                (10, 768) | 7680
[Trainable] image_encoder.blocks.6.attn.lora_B_v.0.weight                (768, 10) | 7680
[Trainable] image_encoder.blocks.6.attn.Lora_shared_A_k.weight           (10, 768) | 7680
[Trainable] image_encoder.blocks.6.attn.Lora_shared_B_k.weight           (768, 10) | 7680
[Trainable] image_encoder.blocks.6.attn.Lora_shared_A_v.weight           (10, 768) | 7680
[Trainable] image_encoder.blocks.6.attn.Lora_shared_B_v.weight           (768, 10) | 7680
[Trainable] image_encoder.blocks.7.attn.lora_A_k.0.weight                (10, 768) | 7680
[Trainable] image_encoder.blocks.7.attn.lora_B_k.0.weight                (768, 10) | 7680
[Trainable] image_encoder.blocks.7.attn.lora_A_v.0.weight                (10, 768) | 7680
[Trainable] image_encoder.blocks.7.attn.lora_B_v.0.weight                (768, 10) | 7680
[Trainable] image_encoder.blocks.7.attn.Lora_shared_A_k.weight           (10, 768) | 7680
[Trainable] image_encoder.blocks.7.attn.Lora_shared_B_k.weight           (768, 10) | 7680
[Trainable] image_encoder.blocks.7.attn.Lora_shared_A_v.weight           (10, 768) | 7680
[Trainable] image_encoder.blocks.7.attn.Lora_shared_B_v.weight           (768, 10) | 7680
[Trainable] image_encoder.blocks.8.attn.lora_A_k.0.weight                (10, 768) | 7680
[Trainable] image_encoder.blocks.8.attn.lora_B_k.0.weight                (768, 10) | 7680
[Trainable] image_encoder.blocks.8.attn.lora_A_v.0.weight                (10, 768) | 7680
[Trainable] image_encoder.blocks.8.attn.lora_B_v.0.weight                (768, 10) | 7680
[Trainable] image_encoder.blocks.8.attn.Lora_shared_A_k.weight           (10, 768) | 7680
[Trainable] image_encoder.blocks.8.attn.Lora_shared_B_k.weight           (768, 10) | 7680
[Trainable] image_encoder.blocks.8.attn.Lora_shared_A_v.weight           (10, 768) | 7680
[Trainable] image_encoder.blocks.8.attn.Lora_shared_B_v.weight           (768, 10) | 7680
[Trainable] image_encoder.blocks.9.attn.lora_A_k.0.weight                (10, 768) | 7680
[Trainable] image_encoder.blocks.9.attn.lora_B_k.0.weight                (768, 10) | 7680
[Trainable] image_encoder.blocks.9.attn.lora_A_v.0.weight                (10, 768) | 7680
[Trainable] image_encoder.blocks.9.attn.lora_B_v.0.weight                (768, 10) | 7680
[Trainable] image_encoder.blocks.9.attn.Lora_shared_A_k.weight           (10, 768) | 7680
[Trainable] image_encoder.blocks.9.attn.Lora_shared_B_k.weight           (768, 10) | 7680
[Trainable] image_encoder.blocks.9.attn.Lora_shared_A_v.weight           (10, 768) | 7680
[Trainable] image_encoder.blocks.9.attn.Lora_shared_B_v.weight           (768, 10) | 7680
[Trainable] image_encoder.blocks.10.attn.lora_A_k.0.weight               (10, 768) | 7680
[Trainable] image_encoder.blocks.10.attn.lora_B_k.0.weight               (768, 10) | 7680
[Trainable] image_encoder.blocks.10.attn.lora_A_v.0.weight               (10, 768) | 7680
[Trainable] image_encoder.blocks.10.attn.lora_B_v.0.weight               (768, 10) | 7680
[Trainable] image_encoder.blocks.10.attn.Lora_shared_A_k.weight          (10, 768) | 7680
[Trainable] image_encoder.blocks.10.attn.Lora_shared_B_k.weight          (768, 10) | 7680
[Trainable] image_encoder.blocks.10.attn.Lora_shared_A_v.weight          (10, 768) | 7680
[Trainable] image_encoder.blocks.10.attn.Lora_shared_B_v.weight          (768, 10) | 7680
[Trainable] image_encoder.blocks.11.attn.lora_A_k.0.weight               (10, 768) | 7680
[Trainable] image_encoder.blocks.11.attn.lora_B_k.0.weight               (768, 10) | 7680
[Trainable] image_encoder.blocks.11.attn.lora_A_v.0.weight               (10, 768) | 7680
[Trainable] image_encoder.blocks.11.attn.lora_B_v.0.weight               (768, 10) | 7680
[Trainable] image_encoder.blocks.11.attn.Lora_shared_A_k.weight          (10, 768) | 7680
[Trainable] image_encoder.blocks.11.attn.Lora_shared_B_k.weight          (768, 10) | 7680
[Trainable] image_encoder.blocks.11.attn.Lora_shared_A_v.weight          (10, 768) | 7680
[Trainable] image_encoder.blocks.11.attn.Lora_shared_B_v.weight          (768, 10) | 7680
[Trainable] classifier_pool.0.weight                                     (20, 768) | 15360
[Trainable] classifier_pool.0.bias                                       (20,) | 20
2026-09-07 17:56:42,204 [toolkit.py] => Total params:     106,804,784
2026-09-07 17:56:42,204 [toolkit.py] => Trainable params: 752,681
2026-09-07 17:56:42,204 [toolkit.py] => Trainable ratio:  0.7047%
✅ Requires_grad parameters and optimizer parameters are consistent.
lambda_o, lambda_s, mu 0.1 0.1 0.1
  0%|          | 0/10 [00:00<?, ?it/s]Task 0, Epoch 1/10 => Loss 1.820, Train_accy 47.41:   0%|          | 0/10 [00:11<?, ?it/s]Task 0, Epoch 1/10 => Loss 1.820, Train_accy 47.41:  10%|█         | 1/10 [00:11<01:42, 11.34s/it]Task 0, Epoch 2/10 => Loss 0.706, Train_accy 78.85:  10%|█         | 1/10 [00:22<01:42, 11.34s/it]Task 0, Epoch 2/10 => Loss 0.706, Train_accy 78.85:  20%|██        | 2/10 [00:22<01:29, 11.21s/it]