2026-07-02 10:54:31,431 [toolkit.py] => config: /home/zll2025/low-rank-cl-main/configs/splitlora/domain_seed=1.json
2026-07-02 10:54:31,431 [toolkit.py] => device: [device(type='cuda', index=2)]
2026-07-02 10:54:31,431 [toolkit.py] => debug: False
2026-07-02 10:54:31,431 [toolkit.py] => save_ckp: False
2026-07-02 10:54:31,431 [toolkit.py] => moe_list: None
2026-07-02 10:54:31,431 [toolkit.py] => seed: 1
2026-07-02 10:54:31,431 [toolkit.py] => dataset: domainnet
2026-07-02 10:54:31,431 [toolkit.py] => data_path: data/domainnet
2026-07-02 10:54:31,431 [toolkit.py] => load: vit_base_patch16_224_in21k
2026-07-02 10:54:31,431 [toolkit.py] => init_cls: 69
2026-07-02 10:54:31,432 [toolkit.py] => increment: 69
2026-07-02 10:54:31,432 [toolkit.py] => sessions: 5
2026-07-02 10:54:31,432 [toolkit.py] => shuffle: False
2026-07-02 10:54:31,432 [toolkit.py] => method: splitlora
2026-07-02 10:54:31,432 [toolkit.py] => optimizer: adamw
2026-07-02 10:54:31,432 [toolkit.py] => scheduler: steplr
2026-07-02 10:54:31,432 [toolkit.py] => epochs: 10
2026-07-02 10:54:31,432 [toolkit.py] => lrate: 0.001
2026-07-02 10:54:31,432 [toolkit.py] => lrate_head: 0.01
2026-07-02 10:54:31,432 [toolkit.py] => weight_decay: 5e-05
2026-07-02 10:54:31,432 [toolkit.py] => batch_size: 256
2026-07-02 10:54:31,432 [toolkit.py] => rank: 10
2026-07-02 10:54:31,432 [toolkit.py] => num_workers: 16
2026-07-02 10:54:31,432 [toolkit.py] => lamb: 0.95
2026-07-02 10:54:31,432 [toolkit.py] => lame: 1.0
2026-07-02 10:54:31,432 [toolkit.py] => in_dim: 768
2026-07-02 10:54:31,432 [toolkit.py] => alpha: 20
2026-07-02 10:54:31,432 [toolkit.py] => logdir: logs/splitlora/domainnet/t5
2026-07-02 10:54:31,432 [toolkit.py] => logfilename: logs/splitlora/domainnet/t5/seed1
2026-07-02 10:54:31,653 [data_manager.py] => Class index order: 0, 1, 2, 3, 4, ..., 340, 341, 342, 343, 344
2026-07-02 10:54:35,937 [trainer.py] => ================================================================================
2026-07-02 10:54:35,999 [base.py] => Task 0 learning on class 0-69
2026-07-02 10:54:36,482 [toolkit.py] => Total params:     104,704,428
2026-07-02 10:54:36,482 [toolkit.py] => Trainable params: 237,381
2026-07-02 10:54:36,482 [toolkit.py] => Trainable ratio:  0.2267%
2026-07-02 12:10:51,545 [splitlora.py] => Task 0, Epoch 10/10 => Loss 0.618, Train_accy 84.24
2026-07-02 12:14:38,368 [trainer.py] => Training time: 1h 20m 2s
2026-07-02 12:15:35,297 [trainer.py] => Evaluation time: 0h 0m 56s
2026-07-02 12:15:35,298 [trainer.py] => Accuracy: {'total': 85.66, '00-68': 85.66, 'old': 0, 'new': 85.66}
2026-07-02 12:15:35,298 [trainer.py] => (curve) top1 Acc: [85.66]
2026-07-02 12:15:35,298 [trainer.py] => Avergae Acc: 85.66
2026-07-02 12:15:35,298 [trainer.py] => (curve) top1 Acc with task: [85.66]
2026-07-02 12:15:35,298 [trainer.py] => Avergae Acc: 85.66
2026-07-02 12:15:35,298 [trainer.py] => (curve) top1 Acc task: [100.0]
2026-07-02 12:15:35,298 [trainer.py] => Avergae Acc: 100.00
2026-07-02 12:15:35,298 [trainer.py] => ================================================================================
2026-07-02 12:15:35,298 [trainer.py] => ================================================================================
2026-07-02 12:15:35,356 [base.py] => Task 1 learning on class 69-138
2026-07-02 12:15:35,362 [toolkit.py] => Total params:     104,704,428
2026-07-02 12:15:35,362 [toolkit.py] => Trainable params: 237,381
2026-07-02 12:15:35,362 [toolkit.py] => Trainable ratio:  0.2267%
2026-07-02 13:29:15,044 [splitlora.py] => Task 1, Epoch 10/10 => Loss 0.619, Train_accy 84.15
2026-07-02 13:32:56,092 [trainer.py] => Training time: 1h 17m 20s
2026-07-02 13:34:45,040 [trainer.py] => Evaluation time: 0h 1m 48s
2026-07-02 13:34:45,041 [trainer.py] => Accuracy: {'total': 79.26, '00-68': 74.8, '69-137': 83.91, 'old': 74.8, 'new': 83.91}
2026-07-02 13:34:45,041 [trainer.py] => (curve) top1 Acc: [85.66, 79.26]
2026-07-02 13:34:45,041 [trainer.py] => Avergae Acc: 82.46
2026-07-02 13:34:45,041 [trainer.py] => (curve) top1 Acc with task: [85.66, 85.88]
2026-07-02 13:34:45,041 [trainer.py] => Avergae Acc: 85.77
2026-07-02 13:34:45,041 [trainer.py] => (curve) top1 Acc task: [100.0, 87.29]
2026-07-02 13:34:45,041 [trainer.py] => Avergae Acc: 93.65
2026-07-02 13:34:45,041 [trainer.py] => ================================================================================
2026-07-02 13:34:45,041 [trainer.py] => ================================================================================
2026-07-02 13:34:45,107 [base.py] => Task 2 learning on class 138-207
2026-07-02 13:34:45,113 [toolkit.py] => Total params:     104,704,428
2026-07-02 13:34:45,114 [toolkit.py] => Trainable params: 237,381
2026-07-02 13:34:45,114 [toolkit.py] => Trainable ratio:  0.2267%
2026-07-02 14:54:23,394 [splitlora.py] => Task 2, Epoch 10/10 => Loss 0.685, Train_accy 82.26
2026-07-02 14:58:20,597 [trainer.py] => Training time: 1h 23m 35s
2026-07-02 15:01:08,024 [trainer.py] => Evaluation time: 0h 2m 47s
2026-07-02 15:01:08,025 [trainer.py] => Accuracy: {'total': 75.0, '00-68': 66.26, '69-137': 78.88, '138-206': 79.81, 'old': 72.45, 'new': 79.81}
2026-07-02 15:01:08,025 [trainer.py] => (curve) top1 Acc: [85.66, 79.26, 75.0]
2026-07-02 15:01:08,025 [trainer.py] => Avergae Acc: 79.97
2026-07-02 15:01:08,025 [trainer.py] => (curve) top1 Acc with task: [85.66, 85.88, 85.34]
2026-07-02 15:01:08,025 [trainer.py] => Avergae Acc: 85.63
2026-07-02 15:01:08,025 [trainer.py] => (curve) top1 Acc task: [100.0, 87.29, 81.21]
2026-07-02 15:01:08,025 [trainer.py] => Avergae Acc: 89.50
2026-07-02 15:01:08,025 [trainer.py] => ================================================================================
2026-07-02 15:01:08,025 [trainer.py] => ================================================================================
2026-07-02 15:01:08,093 [base.py] => Task 3 learning on class 207-276
2026-07-02 15:01:08,099 [toolkit.py] => Total params:     104,704,428
2026-07-02 15:01:08,099 [toolkit.py] => Trainable params: 237,381
2026-07-02 15:01:08,100 [toolkit.py] => Trainable ratio:  0.2267%
2026-07-02 16:18:34,081 [splitlora.py] => Task 3, Epoch 10/10 => Loss 0.616, Train_accy 83.91
2026-07-02 16:22:25,980 [trainer.py] => Training time: 1h 21m 17s
2026-07-02 16:26:08,614 [trainer.py] => Evaluation time: 0h 3m 42s
2026-07-02 16:26:08,614 [trainer.py] => Accuracy: {'total': 72.58, '00-68': 60.19, '69-137': 75.56, '138-206': 77.04, '207-275': 77.5, 'old': 70.96, 'new': 77.5}
2026-07-02 16:26:08,614 [trainer.py] => (curve) top1 Acc: [85.66, 79.26, 75.0, 72.58]
2026-07-02 16:26:08,614 [trainer.py] => Avergae Acc: 78.12
2026-07-02 16:26:08,614 [trainer.py] => (curve) top1 Acc with task: [85.66, 85.88, 85.34, 85.35]
2026-07-02 16:26:08,614 [trainer.py] => Avergae Acc: 85.56
2026-07-02 16:26:08,614 [trainer.py] => (curve) top1 Acc task: [100.0, 87.29, 81.21, 77.66]
2026-07-02 16:26:08,614 [trainer.py] => Avergae Acc: 86.54
2026-07-02 16:26:08,614 [trainer.py] => ================================================================================
2026-07-02 16:26:08,615 [trainer.py] => ================================================================================
2026-07-02 16:26:08,684 [base.py] => Task 4 learning on class 276-345
2026-07-02 16:26:08,691 [toolkit.py] => Total params:     104,704,428
2026-07-02 16:26:08,691 [toolkit.py] => Trainable params: 237,381
2026-07-02 16:26:08,691 [toolkit.py] => Trainable ratio:  0.2267%
2026-07-02 17:42:02,080 [splitlora.py] => Task 4, Epoch 10/10 => Loss 0.609, Train_accy 84.35
2026-07-02 17:46:40,177 [trainer.py] => Training time: 1h 20m 31s
2026-07-02 17:51:19,147 [trainer.py] => Evaluation time: 0h 4m 38s
2026-07-02 17:51:19,147 [trainer.py] => Accuracy: {'total': 70.42, '00-68': 56.16, '69-137': 71.64, '138-206': 74.62, '207-275': 74.81, '276-344': 74.82, 'old': 69.33, 'new': 74.82}
2026-07-02 17:51:19,147 [trainer.py] => (curve) top1 Acc: [85.66, 79.26, 75.0, 72.58, 70.42]
2026-07-02 17:51:19,148 [trainer.py] => Avergae Acc: 76.58
2026-07-02 17:51:19,148 [trainer.py] => (curve) top1 Acc with task: [85.66, 85.88, 85.34, 85.35, 85.45]
2026-07-02 17:51:19,148 [trainer.py] => Avergae Acc: 85.54
2026-07-02 17:51:19,148 [trainer.py] => (curve) top1 Acc task: [100.0, 87.29, 81.21, 77.66, 74.62]
2026-07-02 17:51:19,148 [trainer.py] => Avergae Acc: 84.16
2026-07-02 17:51:19,148 [trainer.py] => ================================================================================
