2026-07-02 17:51:33,126 [toolkit.py] => config: /home/zll2025/low-rank-cl-main/configs/splitlora/domain_seed=42.json
2026-07-02 17:51:33,127 [toolkit.py] => device: [device(type='cuda', index=2)]
2026-07-02 17:51:33,127 [toolkit.py] => debug: False
2026-07-02 17:51:33,127 [toolkit.py] => save_ckp: False
2026-07-02 17:51:33,127 [toolkit.py] => moe_list: None
2026-07-02 17:51:33,127 [toolkit.py] => seed: 42
2026-07-02 17:51:33,127 [toolkit.py] => dataset: domainnet
2026-07-02 17:51:33,127 [toolkit.py] => data_path: data/domainnet
2026-07-02 17:51:33,127 [toolkit.py] => load: vit_base_patch16_224_in21k
2026-07-02 17:51:33,127 [toolkit.py] => init_cls: 69
2026-07-02 17:51:33,127 [toolkit.py] => increment: 69
2026-07-02 17:51:33,127 [toolkit.py] => sessions: 5
2026-07-02 17:51:33,127 [toolkit.py] => shuffle: False
2026-07-02 17:51:33,127 [toolkit.py] => method: splitlora
2026-07-02 17:51:33,127 [toolkit.py] => optimizer: adamw
2026-07-02 17:51:33,127 [toolkit.py] => scheduler: steplr
2026-07-02 17:51:33,127 [toolkit.py] => epochs: 10
2026-07-02 17:51:33,127 [toolkit.py] => lrate: 0.001
2026-07-02 17:51:33,127 [toolkit.py] => lrate_head: 0.01
2026-07-02 17:51:33,127 [toolkit.py] => weight_decay: 5e-05
2026-07-02 17:51:33,127 [toolkit.py] => batch_size: 256
2026-07-02 17:51:33,127 [toolkit.py] => rank: 10
2026-07-02 17:51:33,127 [toolkit.py] => num_workers: 16
2026-07-02 17:51:33,127 [toolkit.py] => lamb: 0.95
2026-07-02 17:51:33,127 [toolkit.py] => lame: 1.0
2026-07-02 17:51:33,127 [toolkit.py] => in_dim: 768
2026-07-02 17:51:33,128 [toolkit.py] => alpha: 20
2026-07-02 17:51:33,128 [toolkit.py] => logdir: logs/splitlora/domainnet/t5
2026-07-02 17:51:33,128 [toolkit.py] => logfilename: logs/splitlora/domainnet/t5/seed42
2026-07-02 17:51:33,498 [data_manager.py] => Class index order: 0, 1, 2, 3, 4, ..., 340, 341, 342, 343, 344
2026-07-02 17:51:42,451 [trainer.py] => ================================================================================
2026-07-02 17:51:42,524 [base.py] => Task 0 learning on class 0-69
2026-07-02 17:51:43,088 [toolkit.py] => Total params:     104,704,428
2026-07-02 17:51:43,088 [toolkit.py] => Trainable params: 237,381
2026-07-02 17:51:43,088 [toolkit.py] => Trainable ratio:  0.2267%
2026-07-02 19:08:53,617 [splitlora.py] => Task 0, Epoch 10/10 => Loss 0.618, Train_accy 84.16
2026-07-02 19:13:07,005 [trainer.py] => Training time: 1h 21m 24s
2026-07-02 19:14:05,225 [trainer.py] => Evaluation time: 0h 0m 58s
2026-07-02 19:14:05,225 [trainer.py] => Accuracy: {'total': 85.71, '00-68': 85.71, 'old': 0, 'new': 85.71}
2026-07-02 19:14:05,225 [trainer.py] => (curve) top1 Acc: [85.71]
2026-07-02 19:14:05,225 [trainer.py] => Avergae Acc: 85.71
2026-07-02 19:14:05,225 [trainer.py] => (curve) top1 Acc with task: [85.71]
2026-07-02 19:14:05,225 [trainer.py] => Avergae Acc: 85.71
2026-07-02 19:14:05,225 [trainer.py] => (curve) top1 Acc task: [100.0]
2026-07-02 19:14:05,225 [trainer.py] => Avergae Acc: 100.00
2026-07-02 19:14:05,225 [trainer.py] => ================================================================================
2026-07-02 19:14:05,225 [trainer.py] => ================================================================================
2026-07-02 19:14:05,293 [base.py] => Task 1 learning on class 69-138
2026-07-02 19:14:05,301 [toolkit.py] => Total params:     104,704,428
2026-07-02 19:14:05,301 [toolkit.py] => Trainable params: 237,381
2026-07-02 19:14:05,301 [toolkit.py] => Trainable ratio:  0.2267%
2026-07-02 20:39:45,268 [splitlora.py] => Task 1, Epoch 10/10 => Loss 0.626, Train_accy 83.97
2026-07-02 20:47:34,715 [trainer.py] => Training time: 1h 33m 29s
2026-07-02 20:51:10,620 [trainer.py] => Evaluation time: 0h 3m 35s
2026-07-02 20:51:10,623 [trainer.py] => Accuracy: {'total': 79.38, '00-68': 75.16, '69-137': 83.76, 'old': 75.16, 'new': 83.76}
2026-07-02 20:51:10,623 [trainer.py] => (curve) top1 Acc: [85.71, 79.38]
2026-07-02 20:51:10,625 [trainer.py] => Avergae Acc: 82.54
2026-07-02 20:51:10,627 [trainer.py] => (curve) top1 Acc with task: [85.71, 85.86]
2026-07-02 20:51:10,627 [trainer.py] => Avergae Acc: 85.78
2026-07-02 20:51:10,627 [trainer.py] => (curve) top1 Acc task: [100.0, 87.35]
2026-07-02 20:51:10,627 [trainer.py] => Avergae Acc: 93.67
2026-07-02 20:51:10,627 [trainer.py] => ================================================================================
2026-07-02 20:51:10,627 [trainer.py] => ================================================================================
2026-07-02 20:51:10,743 [base.py] => Task 2 learning on class 138-207
2026-07-02 20:51:11,094 [toolkit.py] => Total params:     104,704,428
2026-07-02 20:51:11,094 [toolkit.py] => Trainable params: 237,381
2026-07-02 20:51:11,094 [toolkit.py] => Trainable ratio:  0.2267%
2026-07-02 22:47:25,599 [splitlora.py] => Task 2, Epoch 10/10 => Loss 0.690, Train_accy 82.06
2026-07-02 22:53:45,974 [trainer.py] => Training time: 2h 2m 35s
2026-07-02 22:58:36,620 [trainer.py] => Evaluation time: 0h 4m 50s
2026-07-02 22:58:36,621 [trainer.py] => Accuracy: {'total': 75.04, '00-68': 66.19, '69-137': 78.53, '138-206': 80.28, 'old': 72.25, 'new': 80.28}
2026-07-02 22:58:36,621 [trainer.py] => (curve) top1 Acc: [85.71, 79.38, 75.04]
2026-07-02 22:58:36,621 [trainer.py] => Avergae Acc: 80.04
2026-07-02 22:58:36,621 [trainer.py] => (curve) top1 Acc with task: [85.71, 85.86, 85.27]
2026-07-02 22:58:36,621 [trainer.py] => Avergae Acc: 85.61
2026-07-02 22:58:36,621 [trainer.py] => (curve) top1 Acc task: [100.0, 87.35, 81.3]
2026-07-02 22:58:36,621 [trainer.py] => Avergae Acc: 89.55
2026-07-02 22:58:36,621 [trainer.py] => ================================================================================
2026-07-02 22:58:36,621 [trainer.py] => ================================================================================
2026-07-02 22:58:38,706 [base.py] => Task 3 learning on class 207-276
2026-07-02 22:58:38,713 [toolkit.py] => Total params:     104,704,428
2026-07-02 22:58:38,713 [toolkit.py] => Trainable params: 237,381
2026-07-02 22:58:38,713 [toolkit.py] => Trainable ratio:  0.2267%
2026-07-03 01:05:18,019 [splitlora.py] => Task 3, Epoch 10/10 => Loss 0.630, Train_accy 83.79
2026-07-03 01:11:37,193 [trainer.py] => Training time: 2h 13m 0s
2026-07-03 01:18:01,349 [trainer.py] => Evaluation time: 0h 6m 24s
2026-07-03 01:18:01,350 [trainer.py] => Accuracy: {'total': 72.25, '00-68': 59.02, '69-137': 74.51, '138-206': 77.74, '207-275': 77.62, 'old': 70.48, 'new': 77.62}
2026-07-03 01:18:01,350 [trainer.py] => (curve) top1 Acc: [85.71, 79.38, 75.04, 72.25]
2026-07-03 01:18:01,350 [trainer.py] => Avergae Acc: 78.09
2026-07-03 01:18:01,350 [trainer.py] => (curve) top1 Acc with task: [85.71, 85.86, 85.27, 85.32]
2026-07-03 01:18:01,350 [trainer.py] => Avergae Acc: 85.54
2026-07-03 01:18:01,350 [trainer.py] => (curve) top1 Acc task: [100.0, 87.35, 81.3, 77.37]
2026-07-03 01:18:01,350 [trainer.py] => Avergae Acc: 86.50
2026-07-03 01:18:01,350 [trainer.py] => ================================================================================
2026-07-03 01:18:01,350 [trainer.py] => ================================================================================
2026-07-03 01:18:01,529 [base.py] => Task 4 learning on class 276-345
2026-07-03 01:18:01,536 [toolkit.py] => Total params:     104,704,428
2026-07-03 01:18:01,536 [toolkit.py] => Trainable params: 237,381
2026-07-03 01:18:01,536 [toolkit.py] => Trainable ratio:  0.2267%
2026-07-03 02:42:52,671 [splitlora.py] => Task 4, Epoch 10/10 => Loss 0.610, Train_accy 84.03
2026-07-03 02:46:41,719 [trainer.py] => Training time: 1h 28m 40s
2026-07-03 02:51:19,874 [trainer.py] => Evaluation time: 0h 4m 38s
2026-07-03 02:51:19,875 [trainer.py] => Accuracy: {'total': 70.1, '00-68': 55.16, '69-137': 70.78, '138-206': 74.7, '207-275': 75.0, '276-344': 74.82, 'old': 68.94, 'new': 74.82}
2026-07-03 02:51:19,875 [trainer.py] => (curve) top1 Acc: [85.71, 79.38, 75.04, 72.25, 70.1]
2026-07-03 02:51:19,875 [trainer.py] => Avergae Acc: 76.50
2026-07-03 02:51:19,875 [trainer.py] => (curve) top1 Acc with task: [85.71, 85.86, 85.27, 85.32, 85.43]
2026-07-03 02:51:19,875 [trainer.py] => Avergae Acc: 85.52
2026-07-03 02:51:19,875 [trainer.py] => (curve) top1 Acc task: [100.0, 87.35, 81.3, 77.37, 74.39]
2026-07-03 02:51:19,875 [trainer.py] => Avergae Acc: 84.08
2026-07-03 02:51:19,875 [trainer.py] => ================================================================================
