2026-05-11 21:28:54,628 [toolkit.py] => config: /home/zll2025/low-rank-cl-main/configs/splitlora_improvedv3/cifar100_seed=42.json
2026-05-11 21:28:54,628 [toolkit.py] => device: [device(type='cuda', index=3)]
2026-05-11 21:28:54,628 [toolkit.py] => debug: False
2026-05-11 21:28:54,628 [toolkit.py] => save_ckp: False
2026-05-11 21:28:54,628 [toolkit.py] => moe_list: None
2026-05-11 21:28:54,628 [toolkit.py] => seed: 42
2026-05-11 21:28:54,628 [toolkit.py] => dataset: cifar100
2026-05-11 21:28:54,628 [toolkit.py] => data_path: data/cifar100
2026-05-11 21:28:54,628 [toolkit.py] => load: vit_base_patch16_224_in21k
2026-05-11 21:28:54,628 [toolkit.py] => init_cls: 10
2026-05-11 21:28:54,628 [toolkit.py] => increment: 10
2026-05-11 21:28:54,628 [toolkit.py] => sessions: 10
2026-05-11 21:28:54,628 [toolkit.py] => shuffle: False
2026-05-11 21:28:54,628 [toolkit.py] => method: splitlorav3
2026-05-11 21:28:54,628 [toolkit.py] => optimizer: adamw
2026-05-11 21:28:54,628 [toolkit.py] => scheduler: steplr
2026-05-11 21:28:54,628 [toolkit.py] => epochs: 1
2026-05-11 21:28:54,628 [toolkit.py] => lrate: 0.001
2026-05-11 21:28:54,628 [toolkit.py] => lrate_head: 0.01
2026-05-11 21:28:54,628 [toolkit.py] => weight_decay: 5e-05
2026-05-11 21:28:54,628 [toolkit.py] => batch_size: 256
2026-05-11 21:28:54,628 [toolkit.py] => rank: 10
2026-05-11 21:28:54,628 [toolkit.py] => num_workers: 16
2026-05-11 21:28:54,628 [toolkit.py] => lamb: 0.95
2026-05-11 21:28:54,628 [toolkit.py] => lame: 1.0
2026-05-11 21:28:54,629 [toolkit.py] => in_dim: 768
2026-05-11 21:28:54,629 [toolkit.py] => alpha: 20
2026-05-11 21:28:54,629 [toolkit.py] => logdir: logs/splitlorav3/cifar100/t10
2026-05-11 21:28:54,629 [toolkit.py] => logfilename: logs/splitlorav3/cifar100/t10/seed42
2026-05-11 21:28:56,447 [data_manager.py] => Class index order: 0, 1, 2, 3, 4, ..., 95, 96, 97, 98, 99
2026-05-11 21:45:09,441 [toolkit.py] => config: /home/zll2025/low-rank-cl-main/configs/splitlora_improvedv3/cifar100_seed=42.json
2026-05-11 21:45:09,441 [toolkit.py] => device: [device(type='cuda', index=3)]
2026-05-11 21:45:09,441 [toolkit.py] => debug: False
2026-05-11 21:45:09,441 [toolkit.py] => save_ckp: False
2026-05-11 21:45:09,441 [toolkit.py] => moe_list: None
2026-05-11 21:45:09,441 [toolkit.py] => seed: 42
2026-05-11 21:45:09,441 [toolkit.py] => dataset: cifar100
2026-05-11 21:45:09,441 [toolkit.py] => data_path: data/cifar100
2026-05-11 21:45:09,441 [toolkit.py] => load: vit_base_patch16_224_in21k
2026-05-11 21:45:09,441 [toolkit.py] => init_cls: 10
2026-05-11 21:45:09,441 [toolkit.py] => increment: 10
2026-05-11 21:45:09,441 [toolkit.py] => sessions: 10
2026-05-11 21:45:09,441 [toolkit.py] => shuffle: False
2026-05-11 21:45:09,441 [toolkit.py] => method: splitlorav3
2026-05-11 21:45:09,441 [toolkit.py] => optimizer: adamw
2026-05-11 21:45:09,441 [toolkit.py] => scheduler: steplr
2026-05-11 21:45:09,441 [toolkit.py] => epochs: 1
2026-05-11 21:45:09,441 [toolkit.py] => lrate: 0.001
2026-05-11 21:45:09,441 [toolkit.py] => lrate_head: 0.01
2026-05-11 21:45:09,441 [toolkit.py] => weight_decay: 5e-05
2026-05-11 21:45:09,442 [toolkit.py] => batch_size: 256
2026-05-11 21:45:09,442 [toolkit.py] => rank: 10
2026-05-11 21:45:09,442 [toolkit.py] => num_workers: 16
2026-05-11 21:45:09,442 [toolkit.py] => lamb: 0.95
2026-05-11 21:45:09,442 [toolkit.py] => lame: 1.0
2026-05-11 21:45:09,442 [toolkit.py] => in_dim: 768
2026-05-11 21:45:09,442 [toolkit.py] => alpha: 20
2026-05-11 21:45:09,442 [toolkit.py] => logdir: logs/splitlorav3/cifar100/t10
2026-05-11 21:45:09,442 [toolkit.py] => logfilename: logs/splitlorav3/cifar100/t10/seed42
2026-05-11 21:45:11,096 [data_manager.py] => Class index order: 0, 1, 2, 3, 4, ..., 95, 96, 97, 98, 99
2026-05-11 21:45:14,571 [trainer.py] => ================================================================================
2026-05-11 21:45:14,579 [base.py] => Task 0 learning on class 0-10
2026-05-11 21:45:16,171 [toolkit.py] => Total params:     106,359,223
2026-05-11 21:45:16,172 [toolkit.py] => Trainable params: 192,010
2026-05-11 21:45:16,172 [toolkit.py] => Trainable ratio:  0.1805%
2026-05-11 22:15:46,131 [toolkit.py] => config: /home/zll2025/low-rank-cl-main/configs/splitlora_improvedv3/cifar100_seed=42.json
2026-05-11 22:15:46,131 [toolkit.py] => device: [device(type='cuda', index=3)]
2026-05-11 22:15:46,131 [toolkit.py] => debug: False
2026-05-11 22:15:46,131 [toolkit.py] => save_ckp: False
2026-05-11 22:15:46,131 [toolkit.py] => moe_list: None
2026-05-11 22:15:46,131 [toolkit.py] => seed: 42
2026-05-11 22:15:46,131 [toolkit.py] => dataset: cifar100
2026-05-11 22:15:46,131 [toolkit.py] => data_path: data/cifar100
2026-05-11 22:15:46,131 [toolkit.py] => load: vit_base_patch16_224_in21k
2026-05-11 22:15:46,131 [toolkit.py] => init_cls: 10
2026-05-11 22:15:46,131 [toolkit.py] => increment: 10
2026-05-11 22:15:46,131 [toolkit.py] => sessions: 10
2026-05-11 22:15:46,132 [toolkit.py] => shuffle: False
2026-05-11 22:15:46,132 [toolkit.py] => method: splitlorav3
2026-05-11 22:15:46,132 [toolkit.py] => optimizer: adamw
2026-05-11 22:15:46,132 [toolkit.py] => scheduler: steplr
2026-05-11 22:15:46,132 [toolkit.py] => epochs: 1
2026-05-11 22:15:46,132 [toolkit.py] => lrate: 0.001
2026-05-11 22:15:46,132 [toolkit.py] => lrate_head: 0.01
2026-05-11 22:15:46,132 [toolkit.py] => weight_decay: 5e-05
2026-05-11 22:15:46,132 [toolkit.py] => batch_size: 256
2026-05-11 22:15:46,132 [toolkit.py] => rank: 10
2026-05-11 22:15:46,132 [toolkit.py] => num_workers: 16
2026-05-11 22:15:46,132 [toolkit.py] => lamb: 0.95
2026-05-11 22:15:46,132 [toolkit.py] => lame: 1.0
2026-05-11 22:15:46,132 [toolkit.py] => in_dim: 768
2026-05-11 22:15:46,132 [toolkit.py] => alpha: 20
2026-05-11 22:15:46,132 [toolkit.py] => logdir: logs/splitlorav3/cifar100/t10
2026-05-11 22:15:46,132 [toolkit.py] => logfilename: logs/splitlorav3/cifar100/t10/seed42
2026-05-11 22:15:47,794 [data_manager.py] => Class index order: 0, 1, 2, 3, 4, ..., 95, 96, 97, 98, 99
2026-05-11 22:16:06,924 [toolkit.py] => config: /home/zll2025/low-rank-cl-main/configs/splitlora_improvedv3/cifar100_seed=42.json
2026-05-11 22:16:06,924 [toolkit.py] => device: [device(type='cuda', index=3)]
2026-05-11 22:16:06,924 [toolkit.py] => debug: False
2026-05-11 22:16:06,924 [toolkit.py] => save_ckp: False
2026-05-11 22:16:06,924 [toolkit.py] => moe_list: None
2026-05-11 22:16:06,924 [toolkit.py] => seed: 42
2026-05-11 22:16:06,924 [toolkit.py] => dataset: cifar100
2026-05-11 22:16:06,924 [toolkit.py] => data_path: data/cifar100
2026-05-11 22:16:06,924 [toolkit.py] => load: vit_base_patch16_224_in21k
2026-05-11 22:16:06,924 [toolkit.py] => init_cls: 10
2026-05-11 22:16:06,924 [toolkit.py] => increment: 10
2026-05-11 22:16:06,924 [toolkit.py] => sessions: 10
2026-05-11 22:16:06,924 [toolkit.py] => shuffle: False
2026-05-11 22:16:06,925 [toolkit.py] => method: splitlorav3
2026-05-11 22:16:06,925 [toolkit.py] => optimizer: adamw
2026-05-11 22:16:06,925 [toolkit.py] => scheduler: steplr
2026-05-11 22:16:06,925 [toolkit.py] => epochs: 1
2026-05-11 22:16:06,925 [toolkit.py] => lrate: 0.001
2026-05-11 22:16:06,925 [toolkit.py] => lrate_head: 0.01
2026-05-11 22:16:06,925 [toolkit.py] => weight_decay: 5e-05
2026-05-11 22:16:06,925 [toolkit.py] => batch_size: 256
2026-05-11 22:16:06,925 [toolkit.py] => rank: 10
2026-05-11 22:16:06,925 [toolkit.py] => num_workers: 16
2026-05-11 22:16:06,925 [toolkit.py] => lamb: 0.95
2026-05-11 22:16:06,925 [toolkit.py] => lame: 1.0
2026-05-11 22:16:06,925 [toolkit.py] => in_dim: 768
2026-05-11 22:16:06,925 [toolkit.py] => alpha: 20
2026-05-11 22:16:06,925 [toolkit.py] => logdir: logs/splitlorav3/cifar100/t10
2026-05-11 22:16:06,925 [toolkit.py] => logfilename: logs/splitlorav3/cifar100/t10/seed42
2026-05-11 22:16:08,570 [data_manager.py] => Class index order: 0, 1, 2, 3, 4, ..., 95, 96, 97, 98, 99
2026-05-11 22:16:11,010 [trainer.py] => ================================================================================
2026-05-11 22:16:11,018 [base.py] => Task 0 learning on class 0-10
2026-05-11 22:16:12,615 [toolkit.py] => Total params:     106,359,223
2026-05-11 22:16:12,615 [toolkit.py] => Trainable params: 192,010
2026-05-11 22:16:12,615 [toolkit.py] => Trainable ratio:  0.1805%
2026-05-11 22:17:06,159 [toolkit.py] => config: /home/zll2025/low-rank-cl-main/configs/splitlora_improvedv3/cifar100_seed=42.json
2026-05-11 22:17:06,159 [toolkit.py] => device: [device(type='cuda', index=3)]
2026-05-11 22:17:06,159 [toolkit.py] => debug: False
2026-05-11 22:17:06,159 [toolkit.py] => save_ckp: False
2026-05-11 22:17:06,159 [toolkit.py] => moe_list: None
2026-05-11 22:17:06,160 [toolkit.py] => seed: 42
2026-05-11 22:17:06,160 [toolkit.py] => dataset: cifar100
2026-05-11 22:17:06,160 [toolkit.py] => data_path: data/cifar100
2026-05-11 22:17:06,160 [toolkit.py] => load: vit_base_patch16_224_in21k
2026-05-11 22:17:06,160 [toolkit.py] => init_cls: 10
2026-05-11 22:17:06,160 [toolkit.py] => increment: 10
2026-05-11 22:17:06,160 [toolkit.py] => sessions: 10
2026-05-11 22:17:06,160 [toolkit.py] => shuffle: False
2026-05-11 22:17:06,160 [toolkit.py] => method: splitlorav3
2026-05-11 22:17:06,160 [toolkit.py] => optimizer: adamw
2026-05-11 22:17:06,160 [toolkit.py] => scheduler: steplr
2026-05-11 22:17:06,160 [toolkit.py] => epochs: 1
2026-05-11 22:17:06,160 [toolkit.py] => lrate: 0.001
2026-05-11 22:17:06,160 [toolkit.py] => lrate_head: 0.01
2026-05-11 22:17:06,160 [toolkit.py] => weight_decay: 5e-05
2026-05-11 22:17:06,160 [toolkit.py] => batch_size: 128
2026-05-11 22:17:06,160 [toolkit.py] => rank: 10
2026-05-11 22:17:06,160 [toolkit.py] => num_workers: 16
2026-05-11 22:17:06,160 [toolkit.py] => lamb: 0.95
2026-05-11 22:17:06,160 [toolkit.py] => lame: 1.0
2026-05-11 22:17:06,160 [toolkit.py] => in_dim: 768
2026-05-11 22:17:06,160 [toolkit.py] => alpha: 20
2026-05-11 22:17:06,160 [toolkit.py] => logdir: logs/splitlorav3/cifar100/t10
2026-05-11 22:17:06,160 [toolkit.py] => logfilename: logs/splitlorav3/cifar100/t10/seed42
2026-05-11 22:17:07,801 [data_manager.py] => Class index order: 0, 1, 2, 3, 4, ..., 95, 96, 97, 98, 99
2026-05-11 22:17:10,082 [trainer.py] => ================================================================================
2026-05-11 22:17:10,091 [base.py] => Task 0 learning on class 0-10
2026-05-11 22:17:11,732 [toolkit.py] => Total params:     106,359,223
2026-05-11 22:17:11,732 [toolkit.py] => Trainable params: 192,010
2026-05-11 22:17:11,732 [toolkit.py] => Trainable ratio:  0.1805%
2026-05-11 22:19:14,041 [toolkit.py] => config: /home/zll2025/low-rank-cl-main/configs/splitlora_improvedv3/cifar100_seed=42.json
2026-05-11 22:19:14,041 [toolkit.py] => device: [device(type='cuda', index=3)]
2026-05-11 22:19:14,041 [toolkit.py] => debug: False
2026-05-11 22:19:14,041 [toolkit.py] => save_ckp: False
2026-05-11 22:19:14,041 [toolkit.py] => moe_list: None
2026-05-11 22:19:14,041 [toolkit.py] => seed: 42
2026-05-11 22:19:14,041 [toolkit.py] => dataset: cifar100
2026-05-11 22:19:14,041 [toolkit.py] => data_path: data/cifar100
2026-05-11 22:19:14,041 [toolkit.py] => load: vit_base_patch16_224_in21k
2026-05-11 22:19:14,041 [toolkit.py] => init_cls: 10
2026-05-11 22:19:14,041 [toolkit.py] => increment: 10
2026-05-11 22:19:14,041 [toolkit.py] => sessions: 10
2026-05-11 22:19:14,041 [toolkit.py] => shuffle: False
2026-05-11 22:19:14,041 [toolkit.py] => method: splitlorav3
2026-05-11 22:19:14,041 [toolkit.py] => optimizer: adamw
2026-05-11 22:19:14,041 [toolkit.py] => scheduler: steplr
2026-05-11 22:19:14,041 [toolkit.py] => epochs: 1
2026-05-11 22:19:14,041 [toolkit.py] => lrate: 0.001
2026-05-11 22:19:14,041 [toolkit.py] => lrate_head: 0.01
2026-05-11 22:19:14,041 [toolkit.py] => weight_decay: 5e-05
2026-05-11 22:19:14,041 [toolkit.py] => batch_size: 64
2026-05-11 22:19:14,041 [toolkit.py] => rank: 10
2026-05-11 22:19:14,041 [toolkit.py] => num_workers: 16
2026-05-11 22:19:14,041 [toolkit.py] => lamb: 0.95
2026-05-11 22:19:14,041 [toolkit.py] => lame: 1.0
2026-05-11 22:19:14,041 [toolkit.py] => in_dim: 768
2026-05-11 22:19:14,041 [toolkit.py] => alpha: 20
2026-05-11 22:19:14,041 [toolkit.py] => logdir: logs/splitlorav3/cifar100/t10
2026-05-11 22:19:14,041 [toolkit.py] => logfilename: logs/splitlorav3/cifar100/t10/seed42
2026-05-11 22:19:15,693 [data_manager.py] => Class index order: 0, 1, 2, 3, 4, ..., 95, 96, 97, 98, 99
2026-05-11 22:19:18,134 [trainer.py] => ================================================================================
2026-05-11 22:19:18,142 [base.py] => Task 0 learning on class 0-10
2026-05-11 22:19:20,110 [toolkit.py] => Total params:     106,359,223
2026-05-11 22:19:20,110 [toolkit.py] => Trainable params: 192,010
2026-05-11 22:19:20,110 [toolkit.py] => Trainable ratio:  0.1805%
2026-05-11 22:21:14,592 [splitlorav3.py] => Task 0, Epoch 1/1 => Loss 0.457, Train_accy 85.84
2026-05-11 22:21:51,857 [trainer.py] => Training time: 0h 2m 33s
2026-05-11 22:22:01,621 [trainer.py] => Evaluation time: 0h 0m 9s
2026-05-11 22:22:01,621 [trainer.py] => Accuracy: {'total': 98.7, '00-09': 98.7, 'old': 0, 'new': 98.7}
2026-05-11 22:22:01,621 [trainer.py] => (curve) top1 Acc: [98.7]
2026-05-11 22:22:01,621 [trainer.py] => Avergae Acc: 98.70
2026-05-11 22:22:01,621 [trainer.py] => (curve) top1 Acc with task: [98.7]
2026-05-11 22:22:01,621 [trainer.py] => Avergae Acc: 98.70
2026-05-11 22:22:01,621 [trainer.py] => (curve) top1 Acc task: [100.0]
2026-05-11 22:22:01,621 [trainer.py] => Avergae Acc: 100.00
2026-05-11 22:22:01,621 [trainer.py] => ================================================================================
2026-05-11 22:22:01,621 [trainer.py] => ================================================================================
2026-05-11 22:22:01,640 [base.py] => Task 1 learning on class 10-20
2026-05-11 22:22:01,656 [toolkit.py] => Total params:     106,359,223
2026-05-11 22:22:01,656 [toolkit.py] => Trainable params: 192,010
2026-05-11 22:22:01,656 [toolkit.py] => Trainable ratio:  0.1805%
2026-05-11 22:23:54,859 [splitlorav3.py] => Task 1, Epoch 1/1 => Loss 0.500, Train_accy 84.80
2026-05-11 22:24:33,056 [trainer.py] => Training time: 0h 2m 31s
2026-05-11 22:27:18,074 [toolkit.py] => config: /home/zll2025/low-rank-cl-main/configs/splitlora_improvedv3/cifar100_seed=42.json
2026-05-11 22:27:18,074 [toolkit.py] => device: [device(type='cuda', index=3)]
2026-05-11 22:27:18,074 [toolkit.py] => debug: False
2026-05-11 22:27:18,074 [toolkit.py] => save_ckp: False
2026-05-11 22:27:18,074 [toolkit.py] => moe_list: None
2026-05-11 22:27:18,075 [toolkit.py] => seed: 42
2026-05-11 22:27:18,075 [toolkit.py] => dataset: cifar100
2026-05-11 22:27:18,075 [toolkit.py] => data_path: data/cifar100
2026-05-11 22:27:18,075 [toolkit.py] => load: vit_base_patch16_224_in21k
2026-05-11 22:27:18,075 [toolkit.py] => init_cls: 10
2026-05-11 22:27:18,075 [toolkit.py] => increment: 10
2026-05-11 22:27:18,075 [toolkit.py] => sessions: 10
2026-05-11 22:27:18,075 [toolkit.py] => shuffle: False
2026-05-11 22:27:18,075 [toolkit.py] => method: splitlorav3
2026-05-11 22:27:18,075 [toolkit.py] => optimizer: adamw
2026-05-11 22:27:18,075 [toolkit.py] => scheduler: steplr
2026-05-11 22:27:18,075 [toolkit.py] => epochs: 10
2026-05-11 22:27:18,075 [toolkit.py] => lrate: 0.001
2026-05-11 22:27:18,075 [toolkit.py] => lrate_head: 0.01
2026-05-11 22:27:18,075 [toolkit.py] => weight_decay: 5e-05
2026-05-11 22:27:18,075 [toolkit.py] => batch_size: 256
2026-05-11 22:27:18,075 [toolkit.py] => rank: 10
2026-05-11 22:27:18,075 [toolkit.py] => num_workers: 16
2026-05-11 22:27:18,075 [toolkit.py] => lamb: 0.95
2026-05-11 22:27:18,075 [toolkit.py] => lame: 1.0
2026-05-11 22:27:18,075 [toolkit.py] => in_dim: 768
2026-05-11 22:27:18,075 [toolkit.py] => alpha: 20
2026-05-11 22:27:18,075 [toolkit.py] => logdir: logs/splitlorav3/cifar100/t10
2026-05-11 22:27:18,075 [toolkit.py] => logfilename: logs/splitlorav3/cifar100/t10/seed42
2026-05-11 22:27:19,720 [data_manager.py] => Class index order: 0, 1, 2, 3, 4, ..., 95, 96, 97, 98, 99
2026-05-11 22:27:21,918 [trainer.py] => ================================================================================
2026-05-11 22:27:21,926 [base.py] => Task 0 learning on class 0-10
2026-05-11 22:27:22,562 [toolkit.py] => Total params:     106,359,223
2026-05-11 22:27:22,562 [toolkit.py] => Trainable params: 192,010
2026-05-11 22:27:22,562 [toolkit.py] => Trainable ratio:  0.1805%
2026-05-11 22:31:29,039 [toolkit.py] => config: /home/zll2025/low-rank-cl-main/configs/splitlora_improvedv3/cifar100_seed=42.json
2026-05-11 22:31:29,040 [toolkit.py] => device: [device(type='cuda', index=3)]
2026-05-11 22:31:29,040 [toolkit.py] => debug: False
2026-05-11 22:31:29,040 [toolkit.py] => save_ckp: False
2026-05-11 22:31:29,040 [toolkit.py] => moe_list: None
2026-05-11 22:31:29,040 [toolkit.py] => seed: 42
2026-05-11 22:31:29,040 [toolkit.py] => dataset: cifar100
2026-05-11 22:31:29,040 [toolkit.py] => data_path: data/cifar100
2026-05-11 22:31:29,040 [toolkit.py] => load: vit_base_patch16_224_in21k
2026-05-11 22:31:29,040 [toolkit.py] => init_cls: 10
2026-05-11 22:31:29,040 [toolkit.py] => increment: 10
2026-05-11 22:31:29,040 [toolkit.py] => sessions: 10
2026-05-11 22:31:29,040 [toolkit.py] => shuffle: False
2026-05-11 22:31:29,040 [toolkit.py] => method: splitlorav3
2026-05-11 22:31:29,041 [toolkit.py] => optimizer: adamw
2026-05-11 22:31:29,041 [toolkit.py] => scheduler: steplr
2026-05-11 22:31:29,041 [toolkit.py] => epochs: 10
2026-05-11 22:31:29,041 [toolkit.py] => lrate: 0.001
2026-05-11 22:31:29,041 [toolkit.py] => lrate_head: 0.01
2026-05-11 22:31:29,041 [toolkit.py] => weight_decay: 5e-05
2026-05-11 22:31:29,041 [toolkit.py] => batch_size: 256
2026-05-11 22:31:29,041 [toolkit.py] => rank: 10
2026-05-11 22:31:29,041 [toolkit.py] => num_workers: 16
2026-05-11 22:31:29,041 [toolkit.py] => lamb: 0.95
2026-05-11 22:31:29,041 [toolkit.py] => lame: 1.0
2026-05-11 22:31:29,041 [toolkit.py] => in_dim: 768
2026-05-11 22:31:29,041 [toolkit.py] => alpha: 20
2026-05-11 22:31:29,041 [toolkit.py] => logdir: logs/splitlorav3/cifar100/t10
2026-05-11 22:31:29,041 [toolkit.py] => logfilename: logs/splitlorav3/cifar100/t10/seed42
2026-05-11 22:31:30,884 [data_manager.py] => Class index order: 0, 1, 2, 3, 4, ..., 95, 96, 97, 98, 99
2026-05-11 22:31:33,368 [trainer.py] => ================================================================================
2026-05-11 22:31:33,395 [base.py] => Task 0 learning on class 0-10
2026-05-11 22:31:34,185 [toolkit.py] => Total params:     106,359,223
2026-05-11 22:31:34,185 [toolkit.py] => Trainable params: 192,010
2026-05-11 22:31:34,185 [toolkit.py] => Trainable ratio:  0.1805%
2026-05-11 22:37:40,641 [splitlorav3.py] => Task 0, Epoch 10/10 => Loss 0.120, Train_accy 95.92
2026-05-11 22:37:58,469 [trainer.py] => Training time: 0h 6m 25s
2026-05-11 22:38:02,630 [trainer.py] => Evaluation time: 0h 0m 4s
2026-05-11 22:38:02,630 [trainer.py] => Accuracy: {'total': 99.2, '00-09': 99.2, 'old': 0, 'new': 99.2}
2026-05-11 22:38:02,630 [trainer.py] => (curve) top1 Acc: [99.2]
2026-05-11 22:38:02,631 [trainer.py] => Avergae Acc: 99.20
2026-05-11 22:38:02,631 [trainer.py] => (curve) top1 Acc with task: [99.2]
2026-05-11 22:38:02,631 [trainer.py] => Avergae Acc: 99.20
2026-05-11 22:38:02,631 [trainer.py] => (curve) top1 Acc task: [100.0]
2026-05-11 22:38:02,631 [trainer.py] => Avergae Acc: 100.00
2026-05-11 22:38:02,631 [trainer.py] => ================================================================================
2026-05-11 22:38:02,631 [trainer.py] => ================================================================================
2026-05-11 22:38:02,646 [base.py] => Task 1 learning on class 10-20
2026-05-11 22:38:02,656 [toolkit.py] => Total params:     106,359,223
2026-05-11 22:38:02,656 [toolkit.py] => Trainable params: 192,010
2026-05-11 22:38:02,656 [toolkit.py] => Trainable ratio:  0.1805%
2026-05-11 22:44:09,557 [splitlorav3.py] => Task 1, Epoch 10/10 => Loss 0.159, Train_accy 94.82
2026-05-11 22:44:27,223 [trainer.py] => Training time: 0h 6m 24s
2026-05-11 22:44:34,584 [trainer.py] => Evaluation time: 0h 0m 7s
2026-05-11 22:44:34,584 [trainer.py] => Accuracy: {'total': 96.7, '00-09': 98.5, '10-19': 94.9, 'old': 98.5, 'new': 94.9}
2026-05-11 22:44:34,584 [trainer.py] => (curve) top1 Acc: [99.2, 96.7]
2026-05-11 22:44:34,584 [trainer.py] => Avergae Acc: 97.95
2026-05-11 22:44:34,584 [trainer.py] => (curve) top1 Acc with task: [99.2, 99.3]
2026-05-11 22:44:34,585 [trainer.py] => Avergae Acc: 99.25
2026-05-11 22:44:34,585 [trainer.py] => (curve) top1 Acc task: [100.0, 97.25]
2026-05-11 22:44:34,585 [trainer.py] => Avergae Acc: 98.62
2026-05-11 22:44:34,585 [trainer.py] => ================================================================================
2026-05-11 22:44:34,585 [trainer.py] => ================================================================================
2026-05-11 22:44:34,599 [base.py] => Task 2 learning on class 20-30
2026-05-11 22:44:34,609 [toolkit.py] => Total params:     106,359,223
2026-05-11 22:44:34,609 [toolkit.py] => Trainable params: 192,010
2026-05-11 22:44:34,609 [toolkit.py] => Trainable ratio:  0.1805%
2026-05-11 22:50:41,118 [splitlorav3.py] => Task 2, Epoch 10/10 => Loss 0.149, Train_accy 95.08
2026-05-11 22:50:58,805 [trainer.py] => Training time: 0h 6m 24s
2026-05-11 22:51:09,474 [trainer.py] => Evaluation time: 0h 0m 10s
2026-05-11 22:51:09,475 [trainer.py] => Accuracy: {'total': 94.93, '00-09': 96.1, '10-19': 93.7, '20-29': 95.0, 'old': 94.9, 'new': 95.0}
2026-05-11 22:51:09,475 [trainer.py] => (curve) top1 Acc: [99.2, 96.7, 94.93]
2026-05-11 22:51:09,475 [trainer.py] => Avergae Acc: 96.94
2026-05-11 22:51:09,475 [trainer.py] => (curve) top1 Acc with task: [99.2, 99.3, 98.93]
2026-05-11 22:51:09,475 [trainer.py] => Avergae Acc: 99.14
2026-05-11 22:51:09,475 [trainer.py] => (curve) top1 Acc task: [100.0, 97.25, 95.57]
2026-05-11 22:51:09,475 [trainer.py] => Avergae Acc: 97.61
2026-05-11 22:51:09,475 [trainer.py] => ================================================================================
2026-05-11 22:51:09,475 [trainer.py] => ================================================================================
2026-05-11 22:51:09,489 [base.py] => Task 3 learning on class 30-40
2026-05-11 22:51:09,499 [toolkit.py] => Total params:     106,359,223
2026-05-11 22:51:09,499 [toolkit.py] => Trainable params: 192,010
2026-05-11 22:51:09,499 [toolkit.py] => Trainable ratio:  0.1805%
2026-05-11 22:51:53,946 [toolkit.py] => config: /home/zll2025/low-rank-cl-main/configs/splitlora_improvedv3/cifar100_seed=42.json
2026-05-11 22:51:53,946 [toolkit.py] => device: [device(type='cuda', index=3)]
2026-05-11 22:51:53,946 [toolkit.py] => debug: False
2026-05-11 22:51:53,946 [toolkit.py] => save_ckp: False
2026-05-11 22:51:53,946 [toolkit.py] => moe_list: None
2026-05-11 22:51:53,946 [toolkit.py] => seed: 42
2026-05-11 22:51:53,947 [toolkit.py] => dataset: cifar100
2026-05-11 22:51:53,947 [toolkit.py] => data_path: data/cifar100
2026-05-11 22:51:53,947 [toolkit.py] => load: vit_base_patch16_224_in21k
2026-05-11 22:51:53,947 [toolkit.py] => init_cls: 10
2026-05-11 22:51:53,947 [toolkit.py] => increment: 10
2026-05-11 22:51:53,947 [toolkit.py] => sessions: 10
2026-05-11 22:51:53,947 [toolkit.py] => shuffle: False
2026-05-11 22:51:53,947 [toolkit.py] => method: splitlorav3
2026-05-11 22:51:53,947 [toolkit.py] => optimizer: adamw
2026-05-11 22:51:53,947 [toolkit.py] => scheduler: steplr
2026-05-11 22:51:53,947 [toolkit.py] => epochs: 10
2026-05-11 22:51:53,947 [toolkit.py] => lrate: 0.001
2026-05-11 22:51:53,947 [toolkit.py] => lrate_head: 0.01
2026-05-11 22:51:53,947 [toolkit.py] => weight_decay: 5e-05
2026-05-11 22:51:53,947 [toolkit.py] => batch_size: 256
2026-05-11 22:51:53,947 [toolkit.py] => rank: 10
2026-05-11 22:51:53,947 [toolkit.py] => num_workers: 16
2026-05-11 22:51:53,947 [toolkit.py] => lamb: 0.95
2026-05-11 22:51:53,947 [toolkit.py] => lame: 1.0
2026-05-11 22:51:53,947 [toolkit.py] => in_dim: 768
2026-05-11 22:51:53,947 [toolkit.py] => alpha: 20
2026-05-11 22:51:53,947 [toolkit.py] => logdir: logs/splitlorav3/cifar100/t10
2026-05-11 22:51:53,947 [toolkit.py] => logfilename: logs/splitlorav3/cifar100/t10/seed42
2026-05-11 22:51:55,609 [data_manager.py] => Class index order: 0, 1, 2, 3, 4, ..., 95, 96, 97, 98, 99
2026-05-11 22:51:57,934 [trainer.py] => ================================================================================
2026-05-11 22:51:57,942 [base.py] => Task 0 learning on class 0-10
2026-05-11 22:51:58,605 [toolkit.py] => Total params:     106,359,223
2026-05-11 22:51:58,605 [toolkit.py] => Trainable params: 192,010
2026-05-11 22:51:58,605 [toolkit.py] => Trainable ratio:  0.1805%
2026-05-11 22:58:04,771 [splitlorav3.py] => Task 0, Epoch 10/10 => Loss 0.120, Train_accy 95.92
2026-05-11 22:58:22,633 [trainer.py] => Training time: 0h 6m 24s
2026-05-11 22:58:26,918 [trainer.py] => Evaluation time: 0h 0m 4s
2026-05-11 22:58:26,918 [trainer.py] => Accuracy: {'total': 99.2, '00-09': 99.2, 'old': 0, 'new': 99.2}
2026-05-11 22:58:26,918 [trainer.py] => (curve) top1 Acc: [99.2]
2026-05-11 22:58:26,918 [trainer.py] => Avergae Acc: 99.20
2026-05-11 22:58:26,918 [trainer.py] => (curve) top1 Acc with task: [99.2]
2026-05-11 22:58:26,918 [trainer.py] => Avergae Acc: 99.20
2026-05-11 22:58:26,918 [trainer.py] => (curve) top1 Acc task: [100.0]
2026-05-11 22:58:26,918 [trainer.py] => Avergae Acc: 100.00
2026-05-11 22:58:26,918 [trainer.py] => ================================================================================
2026-05-11 22:58:26,918 [trainer.py] => ================================================================================
2026-05-11 22:58:26,932 [base.py] => Task 1 learning on class 10-20
2026-05-11 22:58:26,942 [toolkit.py] => Total params:     106,359,223
2026-05-11 22:58:26,942 [toolkit.py] => Trainable params: 192,010
2026-05-11 22:58:26,942 [toolkit.py] => Trainable ratio:  0.1805%
2026-05-11 22:59:18,220 [toolkit.py] => config: /home/zll2025/low-rank-cl-main/configs/splitlora_improvedv3/cifar100_seed=42.json
2026-05-11 22:59:18,220 [toolkit.py] => device: [device(type='cuda', index=3)]
2026-05-11 22:59:18,220 [toolkit.py] => debug: False
2026-05-11 22:59:18,220 [toolkit.py] => save_ckp: False
2026-05-11 22:59:18,220 [toolkit.py] => moe_list: None
2026-05-11 22:59:18,220 [toolkit.py] => seed: 42
2026-05-11 22:59:18,220 [toolkit.py] => dataset: cifar100
2026-05-11 22:59:18,220 [toolkit.py] => data_path: data/cifar100
2026-05-11 22:59:18,220 [toolkit.py] => load: vit_base_patch16_224_in21k
2026-05-11 22:59:18,220 [toolkit.py] => init_cls: 10
2026-05-11 22:59:18,220 [toolkit.py] => increment: 10
2026-05-11 22:59:18,220 [toolkit.py] => sessions: 10
2026-05-11 22:59:18,220 [toolkit.py] => shuffle: False
2026-05-11 22:59:18,220 [toolkit.py] => method: splitlorav3
2026-05-11 22:59:18,220 [toolkit.py] => optimizer: adamw
2026-05-11 22:59:18,220 [toolkit.py] => scheduler: steplr
2026-05-11 22:59:18,220 [toolkit.py] => epochs: 10
2026-05-11 22:59:18,220 [toolkit.py] => lrate: 0.001
2026-05-11 22:59:18,220 [toolkit.py] => lrate_head: 0.01
2026-05-11 22:59:18,220 [toolkit.py] => weight_decay: 5e-05
2026-05-11 22:59:18,220 [toolkit.py] => batch_size: 256
2026-05-11 22:59:18,221 [toolkit.py] => rank: 10
2026-05-11 22:59:18,221 [toolkit.py] => num_workers: 16
2026-05-11 22:59:18,221 [toolkit.py] => lamb: 0.95
2026-05-11 22:59:18,221 [toolkit.py] => lame: 1.0
2026-05-11 22:59:18,221 [toolkit.py] => in_dim: 768
2026-05-11 22:59:18,221 [toolkit.py] => alpha: 20
2026-05-11 22:59:18,221 [toolkit.py] => logdir: logs/splitlorav3/cifar100/t10
2026-05-11 22:59:18,221 [toolkit.py] => logfilename: logs/splitlorav3/cifar100/t10/seed42
2026-05-11 22:59:19,905 [data_manager.py] => Class index order: 0, 1, 2, 3, 4, ..., 95, 96, 97, 98, 99
2026-05-11 23:01:17,194 [toolkit.py] => config: /home/zll2025/low-rank-cl-main/configs/splitlora_improvedv3/cifar100_seed=42.json
2026-05-11 23:01:17,194 [toolkit.py] => device: [device(type='cuda', index=3)]
2026-05-11 23:01:17,194 [toolkit.py] => debug: False
2026-05-11 23:01:17,194 [toolkit.py] => save_ckp: False
2026-05-11 23:01:17,194 [toolkit.py] => moe_list: None
2026-05-11 23:01:17,194 [toolkit.py] => seed: 42
2026-05-11 23:01:17,194 [toolkit.py] => dataset: cifar100
2026-05-11 23:01:17,194 [toolkit.py] => data_path: data/cifar100
2026-05-11 23:01:17,194 [toolkit.py] => load: vit_base_patch16_224_in21k
2026-05-11 23:01:17,194 [toolkit.py] => init_cls: 10
2026-05-11 23:01:17,194 [toolkit.py] => increment: 10
2026-05-11 23:01:17,194 [toolkit.py] => sessions: 10
2026-05-11 23:01:17,194 [toolkit.py] => shuffle: False
2026-05-11 23:01:17,194 [toolkit.py] => method: splitlorav3
2026-05-11 23:01:17,194 [toolkit.py] => optimizer: adamw
2026-05-11 23:01:17,194 [toolkit.py] => scheduler: steplr
2026-05-11 23:01:17,195 [toolkit.py] => epochs: 10
2026-05-11 23:01:17,195 [toolkit.py] => lrate: 0.001
2026-05-11 23:01:17,195 [toolkit.py] => lrate_head: 0.01
2026-05-11 23:01:17,195 [toolkit.py] => weight_decay: 5e-05
2026-05-11 23:01:17,195 [toolkit.py] => batch_size: 256
2026-05-11 23:01:17,195 [toolkit.py] => rank: 10
2026-05-11 23:01:17,195 [toolkit.py] => num_workers: 16
2026-05-11 23:01:17,195 [toolkit.py] => lamb: 0.95
2026-05-11 23:01:17,195 [toolkit.py] => lame: 1.0
2026-05-11 23:01:17,195 [toolkit.py] => in_dim: 768
2026-05-11 23:01:17,195 [toolkit.py] => alpha: 20
2026-05-11 23:01:17,195 [toolkit.py] => logdir: logs/splitlorav3/cifar100/t10
2026-05-11 23:01:17,195 [toolkit.py] => logfilename: logs/splitlorav3/cifar100/t10/seed42
2026-05-11 23:01:18,847 [data_manager.py] => Class index order: 0, 1, 2, 3, 4, ..., 95, 96, 97, 98, 99
2026-05-11 23:01:55,253 [toolkit.py] => config: /home/zll2025/low-rank-cl-main/configs/splitlora_improvedv3/cifar100_seed=42.json
2026-05-11 23:01:55,253 [toolkit.py] => device: [device(type='cuda', index=3)]
2026-05-11 23:01:55,254 [toolkit.py] => debug: False
2026-05-11 23:01:55,254 [toolkit.py] => save_ckp: False
2026-05-11 23:01:55,254 [toolkit.py] => moe_list: None
2026-05-11 23:01:55,254 [toolkit.py] => seed: 42
2026-05-11 23:01:55,254 [toolkit.py] => dataset: cifar100
2026-05-11 23:01:55,254 [toolkit.py] => data_path: data/cifar100
2026-05-11 23:01:55,254 [toolkit.py] => load: vit_base_patch16_224_in21k
2026-05-11 23:01:55,254 [toolkit.py] => init_cls: 10
2026-05-11 23:01:55,254 [toolkit.py] => increment: 10
2026-05-11 23:01:55,254 [toolkit.py] => sessions: 10
2026-05-11 23:01:55,254 [toolkit.py] => shuffle: False
2026-05-11 23:01:55,254 [toolkit.py] => method: splitlorav3
2026-05-11 23:01:55,254 [toolkit.py] => optimizer: adamw
2026-05-11 23:01:55,254 [toolkit.py] => scheduler: steplr
2026-05-11 23:01:55,254 [toolkit.py] => epochs: 10
2026-05-11 23:01:55,254 [toolkit.py] => lrate: 0.001
2026-05-11 23:01:55,254 [toolkit.py] => lrate_head: 0.01
2026-05-11 23:01:55,254 [toolkit.py] => weight_decay: 5e-05
2026-05-11 23:01:55,254 [toolkit.py] => batch_size: 256
2026-05-11 23:01:55,254 [toolkit.py] => rank: 10
2026-05-11 23:01:55,254 [toolkit.py] => num_workers: 16
2026-05-11 23:01:55,254 [toolkit.py] => lamb: 0.95
2026-05-11 23:01:55,254 [toolkit.py] => lame: 1.0
2026-05-11 23:01:55,254 [toolkit.py] => in_dim: 768
2026-05-11 23:01:55,254 [toolkit.py] => alpha: 20
2026-05-11 23:01:55,254 [toolkit.py] => logdir: logs/splitlorav3/cifar100/t10
2026-05-11 23:01:55,254 [toolkit.py] => logfilename: logs/splitlorav3/cifar100/t10/seed42
2026-05-11 23:01:56,869 [data_manager.py] => Class index order: 0, 1, 2, 3, 4, ..., 95, 96, 97, 98, 99
2026-05-11 23:03:52,905 [toolkit.py] => config: /home/zll2025/low-rank-cl-main/configs/splitlora_improvedv3/cifar100_seed=42.json
2026-05-11 23:03:52,905 [toolkit.py] => device: [device(type='cuda', index=3)]
2026-05-11 23:03:52,906 [toolkit.py] => debug: False
2026-05-11 23:03:52,906 [toolkit.py] => save_ckp: False
2026-05-11 23:03:52,906 [toolkit.py] => moe_list: None
2026-05-11 23:03:52,906 [toolkit.py] => seed: 42
2026-05-11 23:03:52,906 [toolkit.py] => dataset: cifar100
2026-05-11 23:03:52,906 [toolkit.py] => data_path: data/cifar100
2026-05-11 23:03:52,906 [toolkit.py] => load: vit_base_patch16_224_in21k
2026-05-11 23:03:52,906 [toolkit.py] => init_cls: 10
2026-05-11 23:03:52,906 [toolkit.py] => increment: 10
2026-05-11 23:03:52,906 [toolkit.py] => sessions: 10
2026-05-11 23:03:52,906 [toolkit.py] => shuffle: False
2026-05-11 23:03:52,906 [toolkit.py] => method: splitlorav3
2026-05-11 23:03:52,906 [toolkit.py] => optimizer: adamw
2026-05-11 23:03:52,906 [toolkit.py] => scheduler: steplr
2026-05-11 23:03:52,906 [toolkit.py] => epochs: 10
2026-05-11 23:03:52,906 [toolkit.py] => lrate: 0.001
2026-05-11 23:03:52,906 [toolkit.py] => lrate_head: 0.01
2026-05-11 23:03:52,906 [toolkit.py] => weight_decay: 5e-05
2026-05-11 23:03:52,906 [toolkit.py] => batch_size: 256
2026-05-11 23:03:52,906 [toolkit.py] => rank: 10
2026-05-11 23:03:52,906 [toolkit.py] => num_workers: 16
2026-05-11 23:03:52,906 [toolkit.py] => lamb: 0.95
2026-05-11 23:03:52,906 [toolkit.py] => lame: 1.0
2026-05-11 23:03:52,906 [toolkit.py] => in_dim: 768
2026-05-11 23:03:52,906 [toolkit.py] => alpha: 20
2026-05-11 23:03:52,906 [toolkit.py] => logdir: logs/splitlorav3/cifar100/t10
2026-05-11 23:03:52,906 [toolkit.py] => logfilename: logs/splitlorav3/cifar100/t10/seed42
2026-05-11 23:03:54,556 [data_manager.py] => Class index order: 0, 1, 2, 3, 4, ..., 95, 96, 97, 98, 99
2026-05-11 23:03:57,024 [trainer.py] => ================================================================================
2026-05-11 23:03:57,086 [base.py] => Task 0 learning on class 0-10
2026-05-11 23:03:57,507 [toolkit.py] => Total params:     106,359,244
2026-05-11 23:03:57,507 [toolkit.py] => Trainable params: 192,031
2026-05-11 23:03:57,507 [toolkit.py] => Trainable ratio:  0.1805%
2026-05-11 23:05:01,480 [toolkit.py] => config: /home/zll2025/low-rank-cl-main/configs/splitlora_improvedv3/cifar100_seed=42.json
2026-05-11 23:05:01,480 [toolkit.py] => device: [device(type='cuda', index=3)]
2026-05-11 23:05:01,480 [toolkit.py] => debug: False
2026-05-11 23:05:01,480 [toolkit.py] => save_ckp: False
2026-05-11 23:05:01,480 [toolkit.py] => moe_list: None
2026-05-11 23:05:01,480 [toolkit.py] => seed: 42
2026-05-11 23:05:01,480 [toolkit.py] => dataset: cifar100
2026-05-11 23:05:01,480 [toolkit.py] => data_path: data/cifar100
2026-05-11 23:05:01,480 [toolkit.py] => load: vit_base_patch16_224_in21k
2026-05-11 23:05:01,480 [toolkit.py] => init_cls: 10
2026-05-11 23:05:01,480 [toolkit.py] => increment: 10
2026-05-11 23:05:01,480 [toolkit.py] => sessions: 10
2026-05-11 23:05:01,481 [toolkit.py] => shuffle: False
2026-05-11 23:05:01,481 [toolkit.py] => method: splitlorav3
2026-05-11 23:05:01,481 [toolkit.py] => optimizer: adamw
2026-05-11 23:05:01,481 [toolkit.py] => scheduler: steplr
2026-05-11 23:05:01,481 [toolkit.py] => epochs: 10
2026-05-11 23:05:01,481 [toolkit.py] => lrate: 0.001
2026-05-11 23:05:01,481 [toolkit.py] => lrate_head: 0.01
2026-05-11 23:05:01,481 [toolkit.py] => weight_decay: 5e-05
2026-05-11 23:05:01,481 [toolkit.py] => batch_size: 256
2026-05-11 23:05:01,481 [toolkit.py] => rank: 10
2026-05-11 23:05:01,481 [toolkit.py] => num_workers: 16
2026-05-11 23:05:01,481 [toolkit.py] => lamb: 0.95
2026-05-11 23:05:01,481 [toolkit.py] => lame: 1.0
2026-05-11 23:05:01,481 [toolkit.py] => in_dim: 768
2026-05-11 23:05:01,481 [toolkit.py] => alpha: 20
2026-05-11 23:05:01,481 [toolkit.py] => logdir: logs/splitlorav3/cifar100/t10
2026-05-11 23:05:01,481 [toolkit.py] => logfilename: logs/splitlorav3/cifar100/t10/seed42
2026-05-11 23:05:03,065 [data_manager.py] => Class index order: 0, 1, 2, 3, 4, ..., 95, 96, 97, 98, 99
2026-05-11 23:05:05,350 [trainer.py] => ================================================================================
2026-05-11 23:05:05,358 [base.py] => Task 0 learning on class 0-10
2026-05-11 23:05:05,805 [toolkit.py] => Total params:     106,359,244
2026-05-11 23:05:05,805 [toolkit.py] => Trainable params: 192,031
2026-05-11 23:05:05,805 [toolkit.py] => Trainable ratio:  0.1805%
2026-05-11 23:05:46,261 [toolkit.py] => config: /home/zll2025/low-rank-cl-main/configs/splitlora_improvedv3/cifar100_seed=42.json
2026-05-11 23:05:46,261 [toolkit.py] => device: [device(type='cuda', index=3)]
2026-05-11 23:05:46,261 [toolkit.py] => debug: False
2026-05-11 23:05:46,261 [toolkit.py] => save_ckp: False
2026-05-11 23:05:46,261 [toolkit.py] => moe_list: None
2026-05-11 23:05:46,262 [toolkit.py] => seed: 42
2026-05-11 23:05:46,262 [toolkit.py] => dataset: cifar100
2026-05-11 23:05:46,262 [toolkit.py] => data_path: data/cifar100
2026-05-11 23:05:46,262 [toolkit.py] => load: vit_base_patch16_224_in21k
2026-05-11 23:05:46,262 [toolkit.py] => init_cls: 10
2026-05-11 23:05:46,262 [toolkit.py] => increment: 10
2026-05-11 23:05:46,262 [toolkit.py] => sessions: 10
2026-05-11 23:05:46,262 [toolkit.py] => shuffle: False
2026-05-11 23:05:46,262 [toolkit.py] => method: splitlorav3
2026-05-11 23:05:46,262 [toolkit.py] => optimizer: adamw
2026-05-11 23:05:46,262 [toolkit.py] => scheduler: steplr
2026-05-11 23:05:46,262 [toolkit.py] => epochs: 10
2026-05-11 23:05:46,262 [toolkit.py] => lrate: 0.001
2026-05-11 23:05:46,262 [toolkit.py] => lrate_head: 0.01
2026-05-11 23:05:46,262 [toolkit.py] => weight_decay: 5e-05
2026-05-11 23:05:46,262 [toolkit.py] => batch_size: 256
2026-05-11 23:05:46,262 [toolkit.py] => rank: 10
2026-05-11 23:05:46,262 [toolkit.py] => num_workers: 16
2026-05-11 23:05:46,262 [toolkit.py] => lamb: 0.95
2026-05-11 23:05:46,262 [toolkit.py] => lame: 1.0
2026-05-11 23:05:46,262 [toolkit.py] => in_dim: 768
2026-05-11 23:05:46,262 [toolkit.py] => alpha: 20
2026-05-11 23:05:46,262 [toolkit.py] => logdir: logs/splitlorav3/cifar100/t10
2026-05-11 23:05:46,262 [toolkit.py] => logfilename: logs/splitlorav3/cifar100/t10/seed42
2026-05-11 23:05:47,998 [data_manager.py] => Class index order: 0, 1, 2, 3, 4, ..., 95, 96, 97, 98, 99
2026-05-11 23:05:50,346 [trainer.py] => ================================================================================
2026-05-11 23:05:50,362 [base.py] => Task 0 learning on class 0-10
2026-05-11 23:05:51,094 [toolkit.py] => Total params:     106,359,244
2026-05-11 23:05:51,094 [toolkit.py] => Trainable params: 192,031
2026-05-11 23:05:51,094 [toolkit.py] => Trainable ratio:  0.1805%
2026-05-11 23:13:36,041 [toolkit.py] => config: /home/zll2025/low-rank-cl-main/configs/splitlora_improvedv3/cifar100_seed=42.json
2026-05-11 23:13:36,041 [toolkit.py] => device: [device(type='cuda', index=3)]
2026-05-11 23:13:36,041 [toolkit.py] => debug: False
2026-05-11 23:13:36,041 [toolkit.py] => save_ckp: False
2026-05-11 23:13:36,041 [toolkit.py] => moe_list: None
2026-05-11 23:13:36,041 [toolkit.py] => seed: 42
2026-05-11 23:13:36,041 [toolkit.py] => dataset: cifar100
2026-05-11 23:13:36,041 [toolkit.py] => data_path: data/cifar100
2026-05-11 23:13:36,041 [toolkit.py] => load: vit_base_patch16_224_in21k
2026-05-11 23:13:36,041 [toolkit.py] => init_cls: 10
2026-05-11 23:13:36,041 [toolkit.py] => increment: 10
2026-05-11 23:13:36,041 [toolkit.py] => sessions: 10
2026-05-11 23:13:36,041 [toolkit.py] => shuffle: False
2026-05-11 23:13:36,041 [toolkit.py] => method: splitlorav3
2026-05-11 23:13:36,041 [toolkit.py] => optimizer: adamw
2026-05-11 23:13:36,041 [toolkit.py] => scheduler: steplr
2026-05-11 23:13:36,042 [toolkit.py] => epochs: 10
2026-05-11 23:13:36,042 [toolkit.py] => lrate: 0.001
2026-05-11 23:13:36,042 [toolkit.py] => lrate_head: 0.01
2026-05-11 23:13:36,042 [toolkit.py] => weight_decay: 5e-05
2026-05-11 23:13:36,042 [toolkit.py] => batch_size: 256
2026-05-11 23:13:36,042 [toolkit.py] => rank: 10
2026-05-11 23:13:36,042 [toolkit.py] => num_workers: 16
2026-05-11 23:13:36,042 [toolkit.py] => lamb: 0.95
2026-05-11 23:13:36,042 [toolkit.py] => lame: 1.0
2026-05-11 23:13:36,042 [toolkit.py] => in_dim: 768
2026-05-11 23:13:36,042 [toolkit.py] => alpha: 20
2026-05-11 23:13:36,042 [toolkit.py] => logdir: logs/splitlorav3/cifar100/t10
2026-05-11 23:13:36,042 [toolkit.py] => logfilename: logs/splitlorav3/cifar100/t10/seed42
2026-05-11 23:13:37,675 [data_manager.py] => Class index order: 0, 1, 2, 3, 4, ..., 95, 96, 97, 98, 99
2026-05-11 23:15:34,434 [toolkit.py] => config: /home/zll2025/low-rank-cl-main/configs/splitlora_improvedv3/cifar100_seed=42.json
2026-05-11 23:15:34,434 [toolkit.py] => device: [device(type='cuda', index=3)]
2026-05-11 23:15:34,434 [toolkit.py] => debug: False
2026-05-11 23:15:34,434 [toolkit.py] => save_ckp: False
2026-05-11 23:15:34,434 [toolkit.py] => moe_list: None
2026-05-11 23:15:34,434 [toolkit.py] => seed: 42
2026-05-11 23:15:34,434 [toolkit.py] => dataset: cifar100
2026-05-11 23:15:34,434 [toolkit.py] => data_path: data/cifar100
2026-05-11 23:15:34,434 [toolkit.py] => load: vit_base_patch16_224_in21k
2026-05-11 23:15:34,434 [toolkit.py] => init_cls: 10
2026-05-11 23:15:34,434 [toolkit.py] => increment: 10
2026-05-11 23:15:34,434 [toolkit.py] => sessions: 10
2026-05-11 23:15:34,435 [toolkit.py] => shuffle: False
2026-05-11 23:15:34,435 [toolkit.py] => method: splitlorav3
2026-05-11 23:15:34,435 [toolkit.py] => optimizer: adamw
2026-05-11 23:15:34,435 [toolkit.py] => scheduler: steplr
2026-05-11 23:15:34,435 [toolkit.py] => epochs: 10
2026-05-11 23:15:34,435 [toolkit.py] => lrate: 0.001
2026-05-11 23:15:34,435 [toolkit.py] => lrate_head: 0.01
2026-05-11 23:15:34,435 [toolkit.py] => weight_decay: 5e-05
2026-05-11 23:15:34,435 [toolkit.py] => batch_size: 256
2026-05-11 23:15:34,435 [toolkit.py] => rank: 10
2026-05-11 23:15:34,435 [toolkit.py] => num_workers: 16
2026-05-11 23:15:34,435 [toolkit.py] => lamb: 0.95
2026-05-11 23:15:34,435 [toolkit.py] => lame: 1.0
2026-05-11 23:15:34,435 [toolkit.py] => in_dim: 768
2026-05-11 23:15:34,435 [toolkit.py] => alpha: 20
2026-05-11 23:15:34,435 [toolkit.py] => logdir: logs/splitlorav3/cifar100/t10
2026-05-11 23:15:34,435 [toolkit.py] => logfilename: logs/splitlorav3/cifar100/t10/seed42
2026-05-11 23:15:36,035 [data_manager.py] => Class index order: 0, 1, 2, 3, 4, ..., 95, 96, 97, 98, 99
2026-05-11 23:16:54,577 [toolkit.py] => config: /home/zll2025/low-rank-cl-main/configs/splitlora_improvedv3/cifar100_seed=42.json
2026-05-11 23:16:54,578 [toolkit.py] => device: [device(type='cuda', index=3)]
2026-05-11 23:16:54,578 [toolkit.py] => debug: False
2026-05-11 23:16:54,578 [toolkit.py] => save_ckp: False
2026-05-11 23:16:54,578 [toolkit.py] => moe_list: None
2026-05-11 23:16:54,578 [toolkit.py] => seed: 42
2026-05-11 23:16:54,578 [toolkit.py] => dataset: cifar100
2026-05-11 23:16:54,578 [toolkit.py] => data_path: data/cifar100
2026-05-11 23:16:54,578 [toolkit.py] => load: vit_base_patch16_224_in21k
2026-05-11 23:16:54,578 [toolkit.py] => init_cls: 10
2026-05-11 23:16:54,578 [toolkit.py] => increment: 10
2026-05-11 23:16:54,578 [toolkit.py] => sessions: 10
2026-05-11 23:16:54,578 [toolkit.py] => shuffle: False
2026-05-11 23:16:54,578 [toolkit.py] => method: splitlorav3
2026-05-11 23:16:54,578 [toolkit.py] => optimizer: adamw
2026-05-11 23:16:54,578 [toolkit.py] => scheduler: steplr
2026-05-11 23:16:54,578 [toolkit.py] => epochs: 10
2026-05-11 23:16:54,578 [toolkit.py] => lrate: 0.001
2026-05-11 23:16:54,578 [toolkit.py] => lrate_head: 0.01
2026-05-11 23:16:54,578 [toolkit.py] => weight_decay: 5e-05
2026-05-11 23:16:54,578 [toolkit.py] => batch_size: 256
2026-05-11 23:16:54,578 [toolkit.py] => rank: 10
2026-05-11 23:16:54,578 [toolkit.py] => num_workers: 16
2026-05-11 23:16:54,578 [toolkit.py] => lamb: 0.95
2026-05-11 23:16:54,578 [toolkit.py] => lame: 1.0
2026-05-11 23:16:54,578 [toolkit.py] => in_dim: 768
2026-05-11 23:16:54,578 [toolkit.py] => alpha: 20
2026-05-11 23:16:54,578 [toolkit.py] => logdir: logs/splitlorav3/cifar100/t10
2026-05-11 23:16:54,578 [toolkit.py] => logfilename: logs/splitlorav3/cifar100/t10/seed42
2026-05-11 23:16:56,491 [data_manager.py] => Class index order: 0, 1, 2, 3, 4, ..., 95, 96, 97, 98, 99
2026-05-11 23:17:24,279 [toolkit.py] => config: /home/zll2025/low-rank-cl-main/configs/splitlora_improvedv3/cifar100_seed=42.json
2026-05-11 23:17:24,280 [toolkit.py] => device: [device(type='cuda', index=3)]
2026-05-11 23:17:24,280 [toolkit.py] => debug: False
2026-05-11 23:17:24,280 [toolkit.py] => save_ckp: False
2026-05-11 23:17:24,280 [toolkit.py] => moe_list: None
2026-05-11 23:17:24,280 [toolkit.py] => seed: 42
2026-05-11 23:17:24,280 [toolkit.py] => dataset: cifar100
2026-05-11 23:17:24,280 [toolkit.py] => data_path: data/cifar100
2026-05-11 23:17:24,280 [toolkit.py] => load: vit_base_patch16_224_in21k
2026-05-11 23:17:24,280 [toolkit.py] => init_cls: 10
2026-05-11 23:17:24,280 [toolkit.py] => increment: 10
2026-05-11 23:17:24,280 [toolkit.py] => sessions: 10
2026-05-11 23:17:24,280 [toolkit.py] => shuffle: False
2026-05-11 23:17:24,280 [toolkit.py] => method: splitlorav3
2026-05-11 23:17:24,280 [toolkit.py] => optimizer: adamw
2026-05-11 23:17:24,280 [toolkit.py] => scheduler: steplr
2026-05-11 23:17:24,280 [toolkit.py] => epochs: 10
2026-05-11 23:17:24,280 [toolkit.py] => lrate: 0.001
2026-05-11 23:17:24,280 [toolkit.py] => lrate_head: 0.01
2026-05-11 23:17:24,280 [toolkit.py] => weight_decay: 5e-05
2026-05-11 23:17:24,280 [toolkit.py] => batch_size: 256
2026-05-11 23:17:24,280 [toolkit.py] => rank: 10
2026-05-11 23:17:24,280 [toolkit.py] => num_workers: 16
2026-05-11 23:17:24,280 [toolkit.py] => lamb: 0.95
2026-05-11 23:17:24,280 [toolkit.py] => lame: 1.0
2026-05-11 23:17:24,280 [toolkit.py] => in_dim: 768
2026-05-11 23:17:24,280 [toolkit.py] => alpha: 20
2026-05-11 23:17:24,280 [toolkit.py] => logdir: logs/splitlorav3/cifar100/t10
2026-05-11 23:17:24,281 [toolkit.py] => logfilename: logs/splitlorav3/cifar100/t10/seed42
2026-05-11 23:17:25,877 [data_manager.py] => Class index order: 0, 1, 2, 3, 4, ..., 95, 96, 97, 98, 99
2026-05-11 23:17:28,080 [trainer.py] => ================================================================================
2026-05-11 23:17:28,088 [base.py] => Task 0 learning on class 0-10
2026-05-11 23:17:28,546 [toolkit.py] => Total params:     106,359,244
2026-05-11 23:17:28,546 [toolkit.py] => Trainable params: 192,031
2026-05-11 23:17:28,546 [toolkit.py] => Trainable ratio:  0.1805%
2026-05-11 23:22:12,875 [toolkit.py] => config: /home/zll2025/low-rank-cl-main/configs/splitlora_improvedv3/cifar100_seed=42.json
2026-05-11 23:22:12,875 [toolkit.py] => device: [device(type='cuda', index=3)]
2026-05-11 23:22:12,875 [toolkit.py] => debug: False
2026-05-11 23:22:12,875 [toolkit.py] => save_ckp: False
2026-05-11 23:22:12,875 [toolkit.py] => moe_list: None
2026-05-11 23:22:12,875 [toolkit.py] => seed: 42
2026-05-11 23:22:12,875 [toolkit.py] => dataset: cifar100
2026-05-11 23:22:12,875 [toolkit.py] => data_path: data/cifar100
2026-05-11 23:22:12,875 [toolkit.py] => load: vit_base_patch16_224_in21k
2026-05-11 23:22:12,875 [toolkit.py] => init_cls: 10
2026-05-11 23:22:12,875 [toolkit.py] => increment: 10
2026-05-11 23:22:12,875 [toolkit.py] => sessions: 10
2026-05-11 23:22:12,875 [toolkit.py] => shuffle: False
2026-05-11 23:22:12,875 [toolkit.py] => method: splitlorav3
2026-05-11 23:22:12,875 [toolkit.py] => optimizer: adamw
2026-05-11 23:22:12,875 [toolkit.py] => scheduler: steplr
2026-05-11 23:22:12,875 [toolkit.py] => epochs: 10
2026-05-11 23:22:12,875 [toolkit.py] => lrate: 0.001
2026-05-11 23:22:12,875 [toolkit.py] => lrate_head: 0.01
2026-05-11 23:22:12,875 [toolkit.py] => weight_decay: 5e-05
2026-05-11 23:22:12,875 [toolkit.py] => batch_size: 256
2026-05-11 23:22:12,876 [toolkit.py] => rank: 10
2026-05-11 23:22:12,876 [toolkit.py] => num_workers: 16
2026-05-11 23:22:12,876 [toolkit.py] => lamb: 0.95
2026-05-11 23:22:12,876 [toolkit.py] => lame: 1.0
2026-05-11 23:22:12,876 [toolkit.py] => in_dim: 768
2026-05-11 23:22:12,876 [toolkit.py] => alpha: 20
2026-05-11 23:22:12,876 [toolkit.py] => logdir: logs/splitlorav3/cifar100/t10
2026-05-11 23:22:12,876 [toolkit.py] => logfilename: logs/splitlorav3/cifar100/t10/seed42
2026-05-11 23:22:12,903 [toolkit.py] => config: /home/zll2025/low-rank-cl-main/configs/splitlora_improvedv3/cifar100_seed=42.json
2026-05-11 23:22:12,903 [toolkit.py] => device: [device(type='cuda', index=3)]
2026-05-11 23:22:12,903 [toolkit.py] => debug: False
2026-05-11 23:22:12,904 [toolkit.py] => save_ckp: False
2026-05-11 23:22:12,904 [toolkit.py] => moe_list: None
2026-05-11 23:22:12,904 [toolkit.py] => seed: 42
2026-05-11 23:22:12,904 [toolkit.py] => dataset: cifar100
2026-05-11 23:22:12,904 [toolkit.py] => data_path: data/cifar100
2026-05-11 23:22:12,904 [toolkit.py] => load: vit_base_patch16_224_in21k
2026-05-11 23:22:12,904 [toolkit.py] => init_cls: 10
2026-05-11 23:22:12,904 [toolkit.py] => increment: 10
2026-05-11 23:22:12,904 [toolkit.py] => sessions: 10
2026-05-11 23:22:12,904 [toolkit.py] => shuffle: False
2026-05-11 23:22:12,904 [toolkit.py] => method: splitlorav3
2026-05-11 23:22:12,904 [toolkit.py] => optimizer: adamw
2026-05-11 23:22:12,904 [toolkit.py] => scheduler: steplr
2026-05-11 23:22:12,904 [toolkit.py] => epochs: 10
2026-05-11 23:22:12,904 [toolkit.py] => lrate: 0.001
2026-05-11 23:22:12,904 [toolkit.py] => lrate_head: 0.01
2026-05-11 23:22:12,904 [toolkit.py] => weight_decay: 5e-05
2026-05-11 23:22:12,904 [toolkit.py] => batch_size: 256
2026-05-11 23:22:12,904 [toolkit.py] => rank: 10
2026-05-11 23:22:12,904 [toolkit.py] => num_workers: 16
2026-05-11 23:22:12,904 [toolkit.py] => lamb: 0.95
2026-05-11 23:22:12,904 [toolkit.py] => lame: 1.0
2026-05-11 23:22:12,904 [toolkit.py] => in_dim: 768
2026-05-11 23:22:12,904 [toolkit.py] => alpha: 20
2026-05-11 23:22:12,904 [toolkit.py] => logdir: logs/splitlorav3/cifar100/t10
2026-05-11 23:22:12,904 [toolkit.py] => logfilename: logs/splitlorav3/cifar100/t10/seed42
2026-05-11 23:22:14,540 [data_manager.py] => Class index order: 0, 1, 2, 3, 4, ..., 95, 96, 97, 98, 99
2026-05-11 23:22:14,650 [data_manager.py] => Class index order: 0, 1, 2, 3, 4, ..., 95, 96, 97, 98, 99
2026-05-11 23:22:17,621 [trainer.py] => ================================================================================
2026-05-11 23:22:17,630 [base.py] => Task 0 learning on class 0-10
2026-05-11 23:22:17,766 [trainer.py] => ================================================================================
2026-05-11 23:22:17,774 [base.py] => Task 0 learning on class 0-10
2026-05-11 23:22:18,943 [toolkit.py] => Total params:     106,359,496
2026-05-11 23:22:18,944 [toolkit.py] => Trainable params: 192,283
2026-05-11 23:22:18,944 [toolkit.py] => Trainable ratio:  0.1808%
2026-05-11 23:22:18,955 [toolkit.py] => Total params:     106,359,496
2026-05-11 23:22:18,955 [toolkit.py] => Trainable params: 192,283
2026-05-11 23:22:18,955 [toolkit.py] => Trainable ratio:  0.1808%
2026-05-11 23:24:11,615 [toolkit.py] => config: /home/zll2025/low-rank-cl-main/configs/splitlora_improvedv3/cifar100_seed=42.json
2026-05-11 23:24:11,615 [toolkit.py] => device: [device(type='cuda', index=3)]
2026-05-11 23:24:11,615 [toolkit.py] => debug: False
2026-05-11 23:24:11,615 [toolkit.py] => save_ckp: False
2026-05-11 23:24:11,615 [toolkit.py] => moe_list: None
2026-05-11 23:24:11,615 [toolkit.py] => seed: 42
2026-05-11 23:24:11,615 [toolkit.py] => dataset: cifar100
2026-05-11 23:24:11,615 [toolkit.py] => data_path: data/cifar100
2026-05-11 23:24:11,615 [toolkit.py] => load: vit_base_patch16_224_in21k
2026-05-11 23:24:11,615 [toolkit.py] => init_cls: 10
2026-05-11 23:24:11,615 [toolkit.py] => increment: 10
2026-05-11 23:24:11,615 [toolkit.py] => sessions: 10
2026-05-11 23:24:11,615 [toolkit.py] => shuffle: False
2026-05-11 23:24:11,615 [toolkit.py] => method: splitlorav3
2026-05-11 23:24:11,615 [toolkit.py] => optimizer: adamw
2026-05-11 23:24:11,615 [toolkit.py] => scheduler: steplr
2026-05-11 23:24:11,615 [toolkit.py] => epochs: 10
2026-05-11 23:24:11,615 [toolkit.py] => lrate: 0.001
2026-05-11 23:24:11,615 [toolkit.py] => lrate_head: 0.01
2026-05-11 23:24:11,615 [toolkit.py] => weight_decay: 5e-05
2026-05-11 23:24:11,615 [toolkit.py] => batch_size: 256
2026-05-11 23:24:11,615 [toolkit.py] => rank: 10
2026-05-11 23:24:11,615 [toolkit.py] => num_workers: 16
2026-05-11 23:24:11,615 [toolkit.py] => lamb: 0.95
2026-05-11 23:24:11,615 [toolkit.py] => lame: 1.0
2026-05-11 23:24:11,615 [toolkit.py] => in_dim: 768
2026-05-11 23:24:11,615 [toolkit.py] => alpha: 20
2026-05-11 23:24:11,616 [toolkit.py] => logdir: logs/splitlorav3/cifar100/t10
2026-05-11 23:24:11,616 [toolkit.py] => logfilename: logs/splitlorav3/cifar100/t10/seed42
2026-05-11 23:24:13,215 [data_manager.py] => Class index order: 0, 1, 2, 3, 4, ..., 95, 96, 97, 98, 99
2026-05-11 23:24:15,845 [trainer.py] => ================================================================================
2026-05-11 23:24:15,853 [base.py] => Task 0 learning on class 0-10
2026-05-11 23:24:16,335 [toolkit.py] => Total params:     106,359,496
2026-05-11 23:24:16,336 [toolkit.py] => Trainable params: 192,283
2026-05-11 23:24:16,336 [toolkit.py] => Trainable ratio:  0.1808%
2026-05-11 23:30:28,582 [toolkit.py] => config: /home/zll2025/low-rank-cl-main/configs/splitlora_improvedv3/cifar100_seed=42.json
2026-05-11 23:30:28,583 [toolkit.py] => device: [device(type='cuda', index=3)]
2026-05-11 23:30:28,583 [toolkit.py] => debug: False
2026-05-11 23:30:28,583 [toolkit.py] => save_ckp: False
2026-05-11 23:30:28,583 [toolkit.py] => moe_list: None
2026-05-11 23:30:28,583 [toolkit.py] => seed: 42
2026-05-11 23:30:28,583 [toolkit.py] => dataset: cifar100
2026-05-11 23:30:28,583 [toolkit.py] => data_path: data/cifar100
2026-05-11 23:30:28,583 [toolkit.py] => load: vit_base_patch16_224_in21k
2026-05-11 23:30:28,583 [toolkit.py] => init_cls: 10
2026-05-11 23:30:28,583 [toolkit.py] => increment: 10
2026-05-11 23:30:28,583 [toolkit.py] => sessions: 10
2026-05-11 23:30:28,583 [toolkit.py] => shuffle: False
2026-05-11 23:30:28,583 [toolkit.py] => method: splitlorav3
2026-05-11 23:30:28,583 [toolkit.py] => optimizer: adamw
2026-05-11 23:30:28,583 [toolkit.py] => scheduler: steplr
2026-05-11 23:30:28,583 [toolkit.py] => epochs: 10
2026-05-11 23:30:28,583 [toolkit.py] => lrate: 0.001
2026-05-11 23:30:28,583 [toolkit.py] => lrate_head: 0.01
2026-05-11 23:30:28,583 [toolkit.py] => weight_decay: 5e-05
2026-05-11 23:30:28,583 [toolkit.py] => batch_size: 256
2026-05-11 23:30:28,583 [toolkit.py] => rank: 10
2026-05-11 23:30:28,583 [toolkit.py] => num_workers: 16
2026-05-11 23:30:28,583 [toolkit.py] => lamb: 0.95
2026-05-11 23:30:28,583 [toolkit.py] => lame: 1.0
2026-05-11 23:30:28,583 [toolkit.py] => in_dim: 768
2026-05-11 23:30:28,583 [toolkit.py] => alpha: 20
2026-05-11 23:30:28,583 [toolkit.py] => logdir: logs/splitlorav3/cifar100/t10
2026-05-11 23:30:28,583 [toolkit.py] => logfilename: logs/splitlorav3/cifar100/t10/seed42
2026-05-11 23:30:30,347 [data_manager.py] => Class index order: 0, 1, 2, 3, 4, ..., 95, 96, 97, 98, 99
2026-05-11 23:30:32,656 [trainer.py] => ================================================================================
2026-05-11 23:30:32,665 [base.py] => Task 0 learning on class 0-10
2026-05-11 23:30:34,926 [toolkit.py] => Total params:     106,359,475
2026-05-11 23:30:34,926 [toolkit.py] => Trainable params: 192,262
2026-05-11 23:30:34,926 [toolkit.py] => Trainable ratio:  0.1808%
2026-05-11 23:31:51,553 [toolkit.py] => config: /home/zll2025/low-rank-cl-main/configs/splitlora_improvedv3/cifar100_seed=42.json
2026-05-11 23:31:51,553 [toolkit.py] => device: [device(type='cuda', index=3)]
2026-05-11 23:31:51,553 [toolkit.py] => debug: False
2026-05-11 23:31:51,553 [toolkit.py] => save_ckp: False
2026-05-11 23:31:51,553 [toolkit.py] => moe_list: None
2026-05-11 23:31:51,553 [toolkit.py] => seed: 42
2026-05-11 23:31:51,553 [toolkit.py] => dataset: cifar100
2026-05-11 23:31:51,553 [toolkit.py] => data_path: data/cifar100
2026-05-11 23:31:51,553 [toolkit.py] => load: vit_base_patch16_224_in21k
2026-05-11 23:31:51,553 [toolkit.py] => init_cls: 10
2026-05-11 23:31:51,553 [toolkit.py] => increment: 10
2026-05-11 23:31:51,553 [toolkit.py] => sessions: 10
2026-05-11 23:31:51,553 [toolkit.py] => shuffle: False
2026-05-11 23:31:51,553 [toolkit.py] => method: splitlorav3
2026-05-11 23:31:51,553 [toolkit.py] => optimizer: adamw
2026-05-11 23:31:51,553 [toolkit.py] => scheduler: steplr
2026-05-11 23:31:51,553 [toolkit.py] => epochs: 10
2026-05-11 23:31:51,553 [toolkit.py] => lrate: 0.001
2026-05-11 23:31:51,553 [toolkit.py] => lrate_head: 0.01
2026-05-11 23:31:51,553 [toolkit.py] => weight_decay: 5e-05
2026-05-11 23:31:51,553 [toolkit.py] => batch_size: 256
2026-05-11 23:31:51,553 [toolkit.py] => rank: 10
2026-05-11 23:31:51,553 [toolkit.py] => num_workers: 16
2026-05-11 23:31:51,553 [toolkit.py] => lamb: 0.95
2026-05-11 23:31:51,553 [toolkit.py] => lame: 1.0
2026-05-11 23:31:51,553 [toolkit.py] => in_dim: 768
2026-05-11 23:31:51,553 [toolkit.py] => alpha: 20
2026-05-11 23:31:51,554 [toolkit.py] => logdir: logs/splitlorav3/cifar100/t10
2026-05-11 23:31:51,554 [toolkit.py] => logfilename: logs/splitlorav3/cifar100/t10/seed42
2026-05-11 23:31:53,319 [data_manager.py] => Class index order: 0, 1, 2, 3, 4, ..., 95, 96, 97, 98, 99
2026-05-11 23:31:55,964 [trainer.py] => ================================================================================
2026-05-11 23:31:55,973 [base.py] => Task 0 learning on class 0-10
2026-05-11 23:31:56,446 [toolkit.py] => Total params:     106,359,355
2026-05-11 23:31:56,446 [toolkit.py] => Trainable params: 192,142
2026-05-11 23:31:56,446 [toolkit.py] => Trainable ratio:  0.1807%
2026-05-11 23:36:10,696 [toolkit.py] => config: /home/zll2025/low-rank-cl-main/configs/splitlora_improvedv3/cifar100_seed=42.json
2026-05-11 23:36:10,696 [toolkit.py] => device: [device(type='cuda', index=5)]
2026-05-11 23:36:10,696 [toolkit.py] => debug: False
2026-05-11 23:36:10,696 [toolkit.py] => save_ckp: False
2026-05-11 23:36:10,696 [toolkit.py] => moe_list: None
2026-05-11 23:36:10,696 [toolkit.py] => seed: 42
2026-05-11 23:36:10,696 [toolkit.py] => dataset: cifar100
2026-05-11 23:36:10,696 [toolkit.py] => data_path: data/cifar100
2026-05-11 23:36:10,696 [toolkit.py] => load: vit_base_patch16_224_in21k
2026-05-11 23:36:10,696 [toolkit.py] => init_cls: 10
2026-05-11 23:36:10,696 [toolkit.py] => increment: 10
2026-05-11 23:36:10,696 [toolkit.py] => sessions: 10
2026-05-11 23:36:10,696 [toolkit.py] => shuffle: False
2026-05-11 23:36:10,696 [toolkit.py] => method: splitlorav3
2026-05-11 23:36:10,696 [toolkit.py] => optimizer: adamw
2026-05-11 23:36:10,696 [toolkit.py] => scheduler: steplr
2026-05-11 23:36:10,696 [toolkit.py] => epochs: 10
2026-05-11 23:36:10,696 [toolkit.py] => lrate: 0.001
2026-05-11 23:36:10,696 [toolkit.py] => lrate_head: 0.01
2026-05-11 23:36:10,696 [toolkit.py] => weight_decay: 5e-05
2026-05-11 23:36:10,696 [toolkit.py] => batch_size: 256
2026-05-11 23:36:10,696 [toolkit.py] => rank: 10
2026-05-11 23:36:10,697 [toolkit.py] => num_workers: 16
2026-05-11 23:36:10,697 [toolkit.py] => lamb: 0.95
2026-05-11 23:36:10,697 [toolkit.py] => lame: 1.0
2026-05-11 23:36:10,697 [toolkit.py] => in_dim: 768
2026-05-11 23:36:10,697 [toolkit.py] => alpha: 20
2026-05-11 23:36:10,697 [toolkit.py] => logdir: logs/splitlorav3/cifar100/t10
2026-05-11 23:36:10,697 [toolkit.py] => logfilename: logs/splitlorav3/cifar100/t10/seed42
2026-05-11 23:36:12,395 [data_manager.py] => Class index order: 0, 1, 2, 3, 4, ..., 95, 96, 97, 98, 99
2026-05-11 23:36:14,869 [trainer.py] => ================================================================================
2026-05-11 23:36:14,886 [base.py] => Task 0 learning on class 0-10
2026-05-11 23:36:15,598 [toolkit.py] => Total params:     106,359,355
2026-05-11 23:36:15,598 [toolkit.py] => Trainable params: 192,142
2026-05-11 23:36:15,598 [toolkit.py] => Trainable ratio:  0.1807%
2026-05-11 23:41:55,277 [splitlorav3.py] => Task 0, Epoch 10/10 => Loss 0.119, Train_accy 95.96
2026-05-11 23:42:13,510 [trainer.py] => Training time: 0h 5m 58s
2026-05-11 23:42:17,431 [trainer.py] => Evaluation time: 0h 0m 3s
2026-05-11 23:42:17,432 [trainer.py] => Accuracy: {'total': 99.1, '00-09': 99.1, 'old': 0, 'new': 99.1}
2026-05-11 23:42:17,432 [trainer.py] => (curve) top1 Acc: [99.1]
2026-05-11 23:42:17,432 [trainer.py] => Avergae Acc: 99.10
2026-05-11 23:42:17,432 [trainer.py] => (curve) top1 Acc with task: [99.1]
2026-05-11 23:42:17,432 [trainer.py] => Avergae Acc: 99.10
2026-05-11 23:42:17,432 [trainer.py] => (curve) top1 Acc task: [100.0]
2026-05-11 23:42:17,432 [trainer.py] => Avergae Acc: 100.00
2026-05-11 23:42:17,432 [trainer.py] => ================================================================================
2026-05-11 23:42:17,432 [trainer.py] => ================================================================================
2026-05-11 23:42:17,474 [base.py] => Task 1 learning on class 10-20
2026-05-11 23:42:17,486 [toolkit.py] => Total params:     106,359,355
2026-05-11 23:42:17,486 [toolkit.py] => Trainable params: 192,142
2026-05-11 23:42:17,486 [toolkit.py] => Trainable ratio:  0.1807%
2026-05-11 23:48:30,050 [splitlorav3.py] => Task 1, Epoch 10/10 => Loss 0.180, Train_accy 94.36
2026-05-11 23:48:48,954 [trainer.py] => Training time: 0h 6m 31s
2026-05-11 23:48:56,432 [trainer.py] => Evaluation time: 0h 0m 7s
2026-05-11 23:48:56,432 [trainer.py] => Accuracy: {'total': 96.25, '00-09': 96.0, '10-19': 96.5, 'old': 96.0, 'new': 96.5}
2026-05-11 23:48:56,432 [trainer.py] => (curve) top1 Acc: [99.1, 96.25]
2026-05-11 23:48:56,432 [trainer.py] => Avergae Acc: 97.67
2026-05-11 23:48:56,432 [trainer.py] => (curve) top1 Acc with task: [99.1, 99.0]
2026-05-11 23:48:56,432 [trainer.py] => Avergae Acc: 99.05
2026-05-11 23:48:56,432 [trainer.py] => (curve) top1 Acc task: [100.0, 97.05]
2026-05-11 23:48:56,432 [trainer.py] => Avergae Acc: 98.53
2026-05-11 23:48:56,433 [trainer.py] => ================================================================================
2026-05-11 23:48:56,433 [trainer.py] => ================================================================================
2026-05-11 23:48:56,472 [base.py] => Task 2 learning on class 20-30
2026-05-11 23:48:56,483 [toolkit.py] => Total params:     106,359,355
2026-05-11 23:48:56,483 [toolkit.py] => Trainable params: 192,142
2026-05-11 23:48:56,483 [toolkit.py] => Trainable ratio:  0.1807%
2026-05-11 23:55:37,783 [splitlorav3.py] => Task 2, Epoch 10/10 => Loss 0.161, Train_accy 94.64
2026-05-11 23:55:57,584 [trainer.py] => Training time: 0h 7m 1s
2026-05-11 23:56:09,013 [trainer.py] => Evaluation time: 0h 0m 11s
2026-05-11 23:56:09,013 [trainer.py] => Accuracy: {'total': 94.03, '00-09': 93.4, '10-19': 94.7, '20-29': 94.0, 'old': 94.05, 'new': 94.0}
2026-05-11 23:56:09,013 [trainer.py] => (curve) top1 Acc: [99.1, 96.25, 94.03]
2026-05-11 23:56:09,013 [trainer.py] => Avergae Acc: 96.46
2026-05-11 23:56:09,013 [trainer.py] => (curve) top1 Acc with task: [99.1, 99.0, 98.27]
2026-05-11 23:56:09,013 [trainer.py] => Avergae Acc: 98.79
2026-05-11 23:56:09,013 [trainer.py] => (curve) top1 Acc task: [100.0, 97.05, 95.13]
2026-05-11 23:56:09,013 [trainer.py] => Avergae Acc: 97.39
2026-05-11 23:56:09,013 [trainer.py] => ================================================================================
2026-05-11 23:56:09,013 [trainer.py] => ================================================================================
2026-05-11 23:56:09,029 [base.py] => Task 3 learning on class 30-40
2026-05-11 23:56:09,041 [toolkit.py] => Total params:     106,359,355
2026-05-11 23:56:09,041 [toolkit.py] => Trainable params: 192,142
2026-05-11 23:56:09,041 [toolkit.py] => Trainable ratio:  0.1807%
2026-05-12 00:03:19,576 [splitlorav3.py] => Task 3, Epoch 10/10 => Loss 0.159, Train_accy 94.78
2026-05-12 00:03:40,886 [trainer.py] => Training time: 0h 7m 31s
2026-05-12 00:03:56,730 [trainer.py] => Evaluation time: 0h 0m 15s
2026-05-12 00:03:56,730 [trainer.py] => Accuracy: {'total': 92.38, '00-09': 92.2, '10-19': 93.7, '20-29': 93.6, '30-39': 90.0, 'old': 93.17, 'new': 90.0}
2026-05-12 00:03:56,730 [trainer.py] => (curve) top1 Acc: [99.1, 96.25, 94.03, 92.38]
2026-05-12 00:03:56,730 [trainer.py] => Avergae Acc: 95.44
2026-05-12 00:03:56,730 [trainer.py] => (curve) top1 Acc with task: [99.1, 99.0, 98.27, 98.35]
2026-05-12 00:03:56,730 [trainer.py] => Avergae Acc: 98.68
2026-05-12 00:03:56,730 [trainer.py] => (curve) top1 Acc task: [100.0, 97.05, 95.13, 93.17]
2026-05-12 00:03:56,730 [trainer.py] => Avergae Acc: 96.34
2026-05-12 00:03:56,730 [trainer.py] => ================================================================================
2026-05-12 00:03:56,730 [trainer.py] => ================================================================================
2026-05-12 00:03:56,751 [base.py] => Task 4 learning on class 40-50
2026-05-12 00:03:56,763 [toolkit.py] => Total params:     106,359,355
2026-05-12 00:03:56,763 [toolkit.py] => Trainable params: 192,142
2026-05-12 00:03:56,763 [toolkit.py] => Trainable ratio:  0.1807%
2026-05-12 00:11:39,823 [splitlorav3.py] => Task 4, Epoch 10/10 => Loss 0.149, Train_accy 94.86
2026-05-12 00:12:02,538 [trainer.py] => Training time: 0h 8m 5s
2026-05-12 00:12:23,890 [trainer.py] => Evaluation time: 0h 0m 21s
2026-05-12 00:12:23,890 [trainer.py] => Accuracy: {'total': 91.38, '00-09': 91.7, '10-19': 91.0, '20-29': 92.3, '30-39': 90.7, '40-49': 91.2, 'old': 91.42, 'new': 91.2}
2026-05-12 00:12:23,890 [trainer.py] => (curve) top1 Acc: [99.1, 96.25, 94.03, 92.38, 91.38]
2026-05-12 00:12:23,891 [trainer.py] => Avergae Acc: 94.63
2026-05-12 00:12:23,891 [trainer.py] => (curve) top1 Acc with task: [99.1, 99.0, 98.27, 98.35, 98.54]
2026-05-12 00:12:23,891 [trainer.py] => Avergae Acc: 98.65
2026-05-12 00:12:23,891 [trainer.py] => (curve) top1 Acc task: [100.0, 97.05, 95.13, 93.17, 92.06]
2026-05-12 00:12:23,891 [trainer.py] => Avergae Acc: 95.48
2026-05-12 00:12:23,891 [trainer.py] => ================================================================================
2026-05-12 00:12:23,891 [trainer.py] => ================================================================================
2026-05-12 00:12:23,908 [base.py] => Task 5 learning on class 50-60
2026-05-12 00:12:23,921 [toolkit.py] => Total params:     106,359,355
2026-05-12 00:12:23,921 [toolkit.py] => Trainable params: 192,142
2026-05-12 00:12:23,921 [toolkit.py] => Trainable ratio:  0.1807%
