nohup: ignoring input
2026-09-07 23:05:45,663 [toolkit.py] => config: configs/splitlorav64_e/cifar100_seed=1993.json
2026-09-07 23:05:45,664 [toolkit.py] => device: [device(type='cuda', index=1)]
2026-09-07 23:05:45,664 [toolkit.py] => debug: False
2026-09-07 23:05:45,664 [toolkit.py] => save_ckp: False
2026-09-07 23:05:45,664 [toolkit.py] => moe_list: None
2026-09-07 23:05:45,664 [toolkit.py] => seed: 1993
2026-09-07 23:05:45,664 [toolkit.py] => dataset: cifar100
2026-09-07 23:05:45,664 [toolkit.py] => data_path: data/cifar100
2026-09-07 23:05:45,664 [toolkit.py] => load: vit_base_patch16_224_in21k
2026-09-07 23:05:45,664 [toolkit.py] => init_cls: 10
2026-09-07 23:05:45,664 [toolkit.py] => increment: 10
2026-09-07 23:05:45,664 [toolkit.py] => sessions: 10
2026-09-07 23:05:45,664 [toolkit.py] => shuffle: False
2026-09-07 23:05:45,664 [toolkit.py] => ema_type: EMA
2026-09-07 23:05:45,664 [toolkit.py] => method: splitlorav6
2026-09-07 23:05:45,664 [toolkit.py] => optimizer: adamw
2026-09-07 23:05:45,664 [toolkit.py] => scheduler: steplr
2026-09-07 23:05:45,664 [toolkit.py] => epochs: 1
2026-09-07 23:05:45,664 [toolkit.py] => lrate: 0.001
2026-09-07 23:05:45,664 [toolkit.py] => lrate_head: 0.01
2026-09-07 23:05:45,664 [toolkit.py] => weight_decay: 5e-05
2026-09-07 23:05:45,664 [toolkit.py] => batch_size: 256
2026-09-07 23:05:45,664 [toolkit.py] => rank: 10
2026-09-07 23:05:45,664 [toolkit.py] => num_workers: 16
2026-09-07 23:05:45,664 [toolkit.py] => lamb: 0.95
2026-09-07 23:05:45,664 [toolkit.py] => lame: 1.0
2026-09-07 23:05:45,664 [toolkit.py] => in_dim: 768
2026-09-07 23:05:45,664 [toolkit.py] => alpha: 20
2026-09-07 23:05:45,664 [toolkit.py] => ema_decay: 0
2026-09-07 23:05:45,665 [toolkit.py] => ema_decay2: 0
2026-09-07 23:05:45,665 [toolkit.py] => R: 0.5
2026-09-07 23:05:45,665 [toolkit.py] => logdir: logs/splitlorav6/cifar100/t10
2026-09-07 23:05:45,665 [toolkit.py] => logfilename: logs/splitlorav6/cifar100/t10/seed1993
2026-09-07 23:05:47,472 [data_manager.py] => Class index order: 0, 1, 2, 3, 4, ..., 95, 96, 97, 98, 99
2026-09-07 23:05:51,690 [trainer.py] => ================================================================================
2026-09-07 23:05:51,691 [trainer.py] => Dataset Information
2026-09-07 23:05:51,691 [trainer.py] => ================================================================================
2026-09-07 23:05:51,691 [trainer.py] =>   Dataset name     : cifar100
2026-09-07 23:05:51,691 [trainer.py] =>   Data path        : data/cifar100
2026-09-07 23:05:51,691 [trainer.py] =>   Total classes    : 100
2026-09-07 23:05:51,691 [trainer.py] =>   Total tasks      : 10
2026-09-07 23:05:51,691 [trainer.py] =>   Task increments  : [10, 10, 10, 10, 10, 10, 10, 10, 10, 10]
2026-09-07 23:05:51,691 [trainer.py] =>   Init classes     : 10
2026-09-07 23:05:51,691 [trainer.py] =>   Increment per task: 10
2026-09-07 23:05:51,691 [trainer.py] =>   Shuffle          : False
2026-09-07 23:05:51,691 [trainer.py] =>   Seed             : 1993
2026-09-07 23:05:51,691 [trainer.py] => --------------------------------------------------------------------------------
2026-09-07 23:05:51,691 [trainer.py] => Task split:
2026-09-07 23:05:51,714 [trainer.py] =>   Task 0: classes 0-9 (10 classes) | Train: 5000 images (20 batches), Test: 1000 images (4 batches)
2026-09-07 23:05:51,738 [trainer.py] =>   Task 1: classes 10-19 (10 classes) | Train: 5000 images (20 batches), Test: 1000 images (4 batches)
2026-09-07 23:05:51,759 [trainer.py] =>   Task 2: classes 20-29 (10 classes) | Train: 5000 images (20 batches), Test: 1000 images (4 batches)
2026-09-07 23:05:51,767 [trainer.py] =>   Task 3: classes 30-39 (10 classes) | Train: 5000 images (20 batches), Test: 1000 images (4 batches)
2026-09-07 23:05:51,774 [trainer.py] =>   Task 4: classes 40-49 (10 classes) | Train: 5000 images (20 batches), Test: 1000 images (4 batches)
2026-09-07 23:05:51,781 [trainer.py] =>   Task 5: classes 50-59 (10 classes) | Train: 5000 images (20 batches), Test: 1000 images (4 batches)
2026-09-07 23:05:51,788 [trainer.py] =>   Task 6: classes 60-69 (10 classes) | Train: 5000 images (20 batches), Test: 1000 images (4 batches)
2026-09-07 23:05:51,795 [trainer.py] =>   Task 7: classes 70-79 (10 classes) | Train: 5000 images (20 batches), Test: 1000 images (4 batches)
2026-09-07 23:05:51,802 [trainer.py] =>   Task 8: classes 80-89 (10 classes) | Train: 5000 images (20 batches), Test: 1000 images (4 batches)
2026-09-07 23:05:51,809 [trainer.py] =>   Task 9: classes 90-99 (10 classes) | Train: 5000 images (20 batches), Test: 1000 images (4 batches)
2026-09-07 23:05:51,809 [trainer.py] => ================================================================================
2026-09-07 23:05:51,809 [trainer.py] => ================================================================================
2026-09-07 23:05:51,816 [splitlorav6.py] => Task 0 learning on class 0-10
Parameters to be updated:
[Trainable] image_encoder.blocks.0.attn.lora_B_k.0.weight                (768, 10) | 7680
[Trainable] image_encoder.blocks.0.attn.lora_B_v.0.weight                (768, 10) | 7680
[Trainable] image_encoder.blocks.0.attn.Lora_shared_A_k.weight           (10, 768) | 7680
[Trainable] image_encoder.blocks.0.attn.Lora_shared_B_k.weight           (768, 10) | 7680
[Trainable] image_encoder.blocks.0.attn.Lora_shared_A_v.weight           (10, 768) | 7680
[Trainable] image_encoder.blocks.0.attn.Lora_shared_B_v.weight           (768, 10) | 7680
[Trainable] image_encoder.blocks.1.attn.lora_B_k.0.weight                (768, 10) | 7680
[Trainable] image_encoder.blocks.1.attn.lora_B_v.0.weight                (768, 10) | 7680
[Trainable] image_encoder.blocks.1.attn.Lora_shared_A_k.weight           (10, 768) | 7680
[Trainable] image_encoder.blocks.1.attn.Lora_shared_B_k.weight           (768, 10) | 7680
[Trainable] image_encoder.blocks.1.attn.Lora_shared_A_v.weight           (10, 768) | 7680
[Trainable] image_encoder.blocks.1.attn.Lora_shared_B_v.weight           (768, 10) | 7680
[Trainable] image_encoder.blocks.2.attn.lora_B_k.0.weight                (768, 10) | 7680
[Trainable] image_encoder.blocks.2.attn.lora_B_v.0.weight                (768, 10) | 7680
[Trainable] image_encoder.blocks.2.attn.Lora_shared_A_k.weight           (10, 768) | 7680
[Trainable] image_encoder.blocks.2.attn.Lora_shared_B_k.weight           (768, 10) | 7680
[Trainable] image_encoder.blocks.2.attn.Lora_shared_A_v.weight           (10, 768) | 7680
[Trainable] image_encoder.blocks.2.attn.Lora_shared_B_v.weight           (768, 10) | 7680
[Trainable] image_encoder.blocks.3.attn.lora_B_k.0.weight                (768, 10) | 7680
[Trainable] image_encoder.blocks.3.attn.lora_B_v.0.weight                (768, 10) | 7680
[Trainable] image_encoder.blocks.3.attn.Lora_shared_A_k.weight           (10, 768) | 7680
[Trainable] image_encoder.blocks.3.attn.Lora_shared_B_k.weight           (768, 10) | 7680
[Trainable] image_encoder.blocks.3.attn.Lora_shared_A_v.weight           (10, 768) | 7680
[Trainable] image_encoder.blocks.3.attn.Lora_shared_B_v.weight           (768, 10) | 7680
[Trainable] image_encoder.blocks.4.attn.lora_B_k.0.weight                (768, 10) | 7680
[Trainable] image_encoder.blocks.4.attn.lora_B_v.0.weight                (768, 10) | 7680
[Trainable] image_encoder.blocks.4.attn.Lora_shared_A_k.weight           (10, 768) | 7680
[Trainable] image_encoder.blocks.4.attn.Lora_shared_B_k.weight           (768, 10) | 7680
[Trainable] image_encoder.blocks.4.attn.Lora_shared_A_v.weight           (10, 768) | 7680
[Trainable] image_encoder.blocks.4.attn.Lora_shared_B_v.weight           (768, 10) | 7680
[Trainable] image_encoder.blocks.5.attn.lora_B_k.0.weight                (768, 10) | 7680
[Trainable] image_encoder.blocks.5.attn.lora_B_v.0.weight                (768, 10) | 7680
[Trainable] image_encoder.blocks.5.attn.Lora_shared_A_k.weight           (10, 768) | 7680
[Trainable] image_encoder.blocks.5.attn.Lora_shared_B_k.weight           (768, 10) | 7680
[Trainable] image_encoder.blocks.5.attn.Lora_shared_A_v.weight           (10, 768) | 7680
[Trainable] image_encoder.blocks.5.attn.Lora_shared_B_v.weight           (768, 10) | 7680
[Trainable] image_encoder.blocks.6.attn.lora_B_k.0.weight                (768, 10) | 7680
[Trainable] image_encoder.blocks.6.attn.lora_B_v.0.weight                (768, 10) | 7680
[Trainable] image_encoder.blocks.6.attn.Lora_shared_A_k.weight           (10, 768) | 7680
[Trainable] image_encoder.blocks.6.attn.Lora_shared_B_k.weight           (768, 10) | 7680
[Trainable] image_encoder.blocks.6.attn.Lora_shared_A_v.weight           (10, 768) | 7680
[Trainable] image_encoder.blocks.6.attn.Lora_shared_B_v.weight           (768, 10) | 7680
[Trainable] image_encoder.blocks.7.attn.lora_B_k.0.weight                (768, 10) | 7680
[Trainable] image_encoder.blocks.7.attn.lora_B_v.0.weight                (768, 10) | 7680
[Trainable] image_encoder.blocks.7.attn.Lora_shared_A_k.weight           (10, 768) | 7680
[Trainable] image_encoder.blocks.7.attn.Lora_shared_B_k.weight           (768, 10) | 7680
[Trainable] image_encoder.blocks.7.attn.Lora_shared_A_v.weight           (10, 768) | 7680
[Trainable] image_encoder.blocks.7.attn.Lora_shared_B_v.weight           (768, 10) | 7680
[Trainable] image_encoder.blocks.8.attn.lora_B_k.0.weight                (768, 10) | 7680
[Trainable] image_encoder.blocks.8.attn.lora_B_v.0.weight                (768, 10) | 7680
[Trainable] image_encoder.blocks.8.attn.Lora_shared_A_k.weight           (10, 768) | 7680
[Trainable] image_encoder.blocks.8.attn.Lora_shared_B_k.weight           (768, 10) | 7680
[Trainable] image_encoder.blocks.8.attn.Lora_shared_A_v.weight           (10, 768) | 7680
[Trainable] image_encoder.blocks.8.attn.Lora_shared_B_v.weight           (768, 10) | 7680
[Trainable] image_encoder.blocks.9.attn.lora_B_k.0.weight                (768, 10) | 7680
[Trainable] image_encoder.blocks.9.attn.lora_B_v.0.weight                (768, 10) | 7680
[Trainable] image_encoder.blocks.9.attn.Lora_shared_A_k.weight           (10, 768) | 7680
[Trainable] image_encoder.blocks.9.attn.Lora_shared_B_k.weight           (768, 10) | 7680
[Trainable] image_encoder.blocks.9.attn.Lora_shared_A_v.weight           (10, 768) | 7680
[Trainable] image_encoder.blocks.9.attn.Lora_shared_B_v.weight           (768, 10) | 7680
[Trainable] image_encoder.blocks.10.attn.lora_B_k.0.weight               (768, 10) | 7680
[Trainable] image_encoder.blocks.10.attn.lora_B_v.0.weight               (768, 10) | 7680
[Trainable] image_encoder.blocks.10.attn.Lora_shared_A_k.weight          (10, 768) | 7680
[Trainable] image_encoder.blocks.10.attn.Lora_shared_B_k.weight          (768, 10) | 7680
[Trainable] image_encoder.blocks.10.attn.Lora_shared_A_v.weight          (10, 768) | 7680
[Trainable] image_encoder.blocks.10.attn.Lora_shared_B_v.weight          (768, 10) | 7680
[Trainable] image_encoder.blocks.11.attn.lora_B_k.0.weight               (768, 10) | 7680
[Trainable] image_encoder.blocks.11.attn.lora_B_v.0.weight               (768, 10) | 7680
[Trainable] image_encoder.blocks.11.attn.Lora_shared_A_k.weight          (10, 768) | 7680
[Trainable] image_encoder.blocks.11.attn.Lora_shared_B_k.weight          (768, 10) | 7680
[Trainable] image_encoder.blocks.11.attn.Lora_shared_A_v.weight          (10, 768) | 7680
[Trainable] image_encoder.blocks.11.attn.Lora_shared_B_v.weight          (768, 10) | 7680
[Trainable] classifier_pool.0.weight                                     (10, 768) | 7680
[Trainable] classifier_pool.0.bias                                       (10,) | 10
2026-09-07 23:05:52,244 [toolkit.py] => Total params:     106,727,863
2026-09-07 23:05:52,244 [toolkit.py] => Trainable params: 560,650
2026-09-07 23:05:52,244 [toolkit.py] => Trainable ratio:  0.5253%
✅ Requires_grad parameters and optimizer parameters are consistent.
  0%|          | 0/1 [00:00<?, ?it/s]

cur_task 0, Epoch 0: Head LR=0.010000, Backbone LR=0.001000
Task 0, Epoch 1/1 => Loss 0.499, Train_accy 85.00:   0%|          | 0/1 [00:39<?, ?it/s]Task 0, Epoch 1/1 => Loss 0.499, Train_accy 85.00: 100%|██████████| 1/1 [00:39<00:00, 39.70s/it]Task 0, Epoch 1/1 => Loss 0.499, Train_accy 85.00: 100%|██████████| 1/1 [00:39<00:00, 39.70s/it]
2026-09-07 23:06:31,951 [splitlorav6.py] => Task 0, Epoch 1/1 => Loss 0.499, Train_accy 85.00
self.n_cur_matrix: 985000
self.n_cur_matrix: 985000
self.n_cur_matrix: 985000
self.n_cur_matrix: 985000
self.n_cur_matrix: 985000
self.n_cur_matrix: 985000
self.n_cur_matrix: 985000
self.n_cur_matrix: 985000
self.n_cur_matrix: 985000
self.n_cur_matrix: 985000
self.n_cur_matrix: 985000
self.n_cur_matrix: 985000
2026-09-07 23:06:53,198 [trainer.py] => Training time: 0h 1m 1s
2026-09-07 23:06:57,768 [trainer.py] => Evaluation time: 0h 0m 4s
2026-09-07 23:06:57,768 [trainer.py] => Accuracy: {'total': 98.9, '00-09': 98.9, 'old': 0, 'new': 98.9}
2026-09-07 23:06:57,768 [trainer.py] => (curve) top1 Acc: [98.9]
2026-09-07 23:06:57,769 [trainer.py] => Avergae Acc: 98.90
2026-09-07 23:06:57,769 [trainer.py] => (curve) top1 Acc with task: [98.9]
2026-09-07 23:06:57,769 [trainer.py] => Avergae Acc: 98.90
2026-09-07 23:06:57,769 [trainer.py] => (curve) top1 Acc task: [100.0]
2026-09-07 23:06:57,769 [trainer.py] => Avergae Acc: 100.00
2026-09-07 23:06:57,769 [trainer.py] => ================================================================================
2026-09-07 23:06:57,769 [trainer.py] => ================================================================================
2026-09-07 23:06:57,824 [splitlorav6.py] => Task 1 learning on class 10-20
Parameters to be updated:
[Trainable] image_encoder.blocks.0.attn.lora_B_k.1.weight                (768, 10) | 7680
[Trainable] image_encoder.blocks.0.attn.lora_B_v.1.weight                (768, 10) | 7680
[Trainable] image_encoder.blocks.0.attn.Lora_shared_A_k.weight           (10, 768) | 7680
[Trainable] image_encoder.blocks.0.attn.Lora_shared_B_k.weight           (768, 10) | 7680
[Trainable] image_encoder.blocks.0.attn.Lora_shared_A_v.weight           (10, 768) | 7680
[Trainable] image_encoder.blocks.0.attn.Lora_shared_B_v.weight           (768, 10) | 7680
[Trainable] image_encoder.blocks.1.attn.lora_B_k.1.weight                (768, 10) | 7680
[Trainable] image_encoder.blocks.1.attn.lora_B_v.1.weight                (768, 10) | 7680
[Trainable] image_encoder.blocks.1.attn.Lora_shared_A_k.weight           (10, 768) | 7680
[Trainable] image_encoder.blocks.1.attn.Lora_shared_B_k.weight           (768, 10) | 7680
[Trainable] image_encoder.blocks.1.attn.Lora_shared_A_v.weight           (10, 768) | 7680
[Trainable] image_encoder.blocks.1.attn.Lora_shared_B_v.weight           (768, 10) | 7680
[Trainable] image_encoder.blocks.2.attn.lora_B_k.1.weight                (768, 10) | 7680
[Trainable] image_encoder.blocks.2.attn.lora_B_v.1.weight                (768, 10) | 7680
[Trainable] image_encoder.blocks.2.attn.Lora_shared_A_k.weight           (10, 768) | 7680
[Trainable] image_encoder.blocks.2.attn.Lora_shared_B_k.weight           (768, 10) | 7680
[Trainable] image_encoder.blocks.2.attn.Lora_shared_A_v.weight           (10, 768) | 7680
[Trainable] image_encoder.blocks.2.attn.Lora_shared_B_v.weight           (768, 10) | 7680
[Trainable] image_encoder.blocks.3.attn.lora_B_k.1.weight                (768, 10) | 7680
[Trainable] image_encoder.blocks.3.attn.lora_B_v.1.weight                (768, 10) | 7680
[Trainable] image_encoder.blocks.3.attn.Lora_shared_A_k.weight           (10, 768) | 7680
[Trainable] image_encoder.blocks.3.attn.Lora_shared_B_k.weight           (768, 10) | 7680
[Trainable] image_encoder.blocks.3.attn.Lora_shared_A_v.weight           (10, 768) | 7680
[Trainable] image_encoder.blocks.3.attn.Lora_shared_B_v.weight           (768, 10) | 7680
[Trainable] image_encoder.blocks.4.attn.lora_B_k.1.weight                (768, 10) | 7680
[Trainable] image_encoder.blocks.4.attn.lora_B_v.1.weight                (768, 10) | 7680
[Trainable] image_encoder.blocks.4.attn.Lora_shared_A_k.weight           (10, 768) | 7680
[Trainable] image_encoder.blocks.4.attn.Lora_shared_B_k.weight           (768, 10) | 7680
[Trainable] image_encoder.blocks.4.attn.Lora_shared_A_v.weight           (10, 768) | 7680
[Trainable] image_encoder.blocks.4.attn.Lora_shared_B_v.weight           (768, 10) | 7680
[Trainable] image_encoder.blocks.5.attn.lora_B_k.1.weight                (768, 10) | 7680
[Trainable] image_encoder.blocks.5.attn.lora_B_v.1.weight                (768, 10) | 7680
[Trainable] image_encoder.blocks.5.attn.Lora_shared_A_k.weight           (10, 768) | 7680
[Trainable] image_encoder.blocks.5.attn.Lora_shared_B_k.weight           (768, 10) | 7680
[Trainable] image_encoder.blocks.5.attn.Lora_shared_A_v.weight           (10, 768) | 7680
[Trainable] image_encoder.blocks.5.attn.Lora_shared_B_v.weight           (768, 10) | 7680
[Trainable] image_encoder.blocks.6.attn.lora_B_k.1.weight                (768, 10) | 7680
[Trainable] image_encoder.blocks.6.attn.lora_B_v.1.weight                (768, 10) | 7680
[Trainable] image_encoder.blocks.6.attn.Lora_shared_A_k.weight           (10, 768) | 7680
[Trainable] image_encoder.blocks.6.attn.Lora_shared_B_k.weight           (768, 10) | 7680
[Trainable] image_encoder.blocks.6.attn.Lora_shared_A_v.weight           (10, 768) | 7680
[Trainable] image_encoder.blocks.6.attn.Lora_shared_B_v.weight           (768, 10) | 7680
[Trainable] image_encoder.blocks.7.attn.lora_B_k.1.weight                (768, 10) | 7680
[Trainable] image_encoder.blocks.7.attn.lora_B_v.1.weight                (768, 10) | 7680
[Trainable] image_encoder.blocks.7.attn.Lora_shared_A_k.weight           (10, 768) | 7680
[Trainable] image_encoder.blocks.7.attn.Lora_shared_B_k.weight           (768, 10) | 7680
[Trainable] image_encoder.blocks.7.attn.Lora_shared_A_v.weight           (10, 768) | 7680
[Trainable] image_encoder.blocks.7.attn.Lora_shared_B_v.weight           (768, 10) | 7680
[Trainable] image_encoder.blocks.8.attn.lora_B_k.1.weight                (768, 10) | 7680
[Trainable] image_encoder.blocks.8.attn.lora_B_v.1.weight                (768, 10) | 7680
[Trainable] image_encoder.blocks.8.attn.Lora_shared_A_k.weight           (10, 768) | 7680
[Trainable] image_encoder.blocks.8.attn.Lora_shared_B_k.weight           (768, 10) | 7680
[Trainable] image_encoder.blocks.8.attn.Lora_shared_A_v.weight           (10, 768) | 7680
[Trainable] image_encoder.blocks.8.attn.Lora_shared_B_v.weight           (768, 10) | 7680
[Trainable] image_encoder.blocks.9.attn.lora_B_k.1.weight                (768, 10) | 7680
[Trainable] image_encoder.blocks.9.attn.lora_B_v.1.weight                (768, 10) | 7680
[Trainable] image_encoder.blocks.9.attn.Lora_shared_A_k.weight           (10, 768) | 7680
[Trainable] image_encoder.blocks.9.attn.Lora_shared_B_k.weight           (768, 10) | 7680
[Trainable] image_encoder.blocks.9.attn.Lora_shared_A_v.weight           (10, 768) | 7680
[Trainable] image_encoder.blocks.9.attn.Lora_shared_B_v.weight           (768, 10) | 7680
[Trainable] image_encoder.blocks.10.attn.lora_B_k.1.weight               (768, 10) | 7680
[Trainable] image_encoder.blocks.10.attn.lora_B_v.1.weight               (768, 10) | 7680
[Trainable] image_encoder.blocks.10.attn.Lora_shared_A_k.weight          (10, 768) | 7680
[Trainable] image_encoder.blocks.10.attn.Lora_shared_B_k.weight          (768, 10) | 7680
[Trainable] image_encoder.blocks.10.attn.Lora_shared_A_v.weight          (10, 768) | 7680
[Trainable] image_encoder.blocks.10.attn.Lora_shared_B_v.weight          (768, 10) | 7680
[Trainable] image_encoder.blocks.11.attn.lora_B_k.1.weight               (768, 10) | 7680
[Trainable] image_encoder.blocks.11.attn.lora_B_v.1.weight               (768, 10) | 7680
[Trainable] image_encoder.blocks.11.attn.Lora_shared_A_k.weight          (10, 768) | 7680
[Trainable] image_encoder.blocks.11.attn.Lora_shared_B_k.weight          (768, 10) | 7680
[Trainable] image_encoder.blocks.11.attn.Lora_shared_A_v.weight          (10, 768) | 7680
[Trainable] image_encoder.blocks.11.attn.Lora_shared_B_v.weight          (768, 10) | 7680
[Trainable] classifier_pool.1.weight                                     (10, 768) | 7680
[Trainable] classifier_pool.1.bias                                       (10,) | 10
2026-09-07 23:06:57,835 [toolkit.py] => Total params:     106,727,863
2026-09-07 23:06:57,835 [toolkit.py] => Trainable params: 560,650
2026-09-07 23:06:57,835 [toolkit.py] => Trainable ratio:  0.5253%
Using SplitLora Initialization for Task t(t>=1)
✅ Requires_grad parameters and optimizer parameters are consistent.
curent task 1, ema decay 0.9965402628278678
EMA tracking: image_encoder.blocks.0.attn.Lora_shared_A_k.weight
EMA tracking: image_encoder.blocks.0.attn.Lora_shared_B_k.weight
EMA tracking: image_encoder.blocks.0.attn.Lora_shared_A_v.weight
EMA tracking: image_encoder.blocks.0.attn.Lora_shared_B_v.weight
EMA tracking: image_encoder.blocks.1.attn.Lora_shared_A_k.weight
EMA tracking: image_encoder.blocks.1.attn.Lora_shared_B_k.weight
EMA tracking: image_encoder.blocks.1.attn.Lora_shared_A_v.weight
EMA tracking: image_encoder.blocks.1.attn.Lora_shared_B_v.weight
EMA tracking: image_encoder.blocks.2.attn.Lora_shared_A_k.weight
EMA tracking: image_encoder.blocks.2.attn.Lora_shared_B_k.weight
EMA tracking: image_encoder.blocks.2.attn.Lora_shared_A_v.weight
EMA tracking: image_encoder.blocks.2.attn.Lora_shared_B_v.weight
EMA tracking: image_encoder.blocks.3.attn.Lora_shared_A_k.weight
EMA tracking: image_encoder.blocks.3.attn.Lora_shared_B_k.weight
EMA tracking: image_encoder.blocks.3.attn.Lora_shared_A_v.weight
EMA tracking: image_encoder.blocks.3.attn.Lora_shared_B_v.weight
EMA tracking: image_encoder.blocks.4.attn.Lora_shared_A_k.weight
EMA tracking: image_encoder.blocks.4.attn.Lora_shared_B_k.weight
EMA tracking: image_encoder.blocks.4.attn.Lora_shared_A_v.weight
EMA tracking: image_encoder.blocks.4.attn.Lora_shared_B_v.weight
EMA tracking: image_encoder.blocks.5.attn.Lora_shared_A_k.weight
EMA tracking: image_encoder.blocks.5.attn.Lora_shared_B_k.weight
EMA tracking: image_encoder.blocks.5.attn.Lora_shared_A_v.weight
EMA tracking: image_encoder.blocks.5.attn.Lora_shared_B_v.weight
EMA tracking: image_encoder.blocks.6.attn.Lora_shared_A_k.weight
EMA tracking: image_encoder.blocks.6.attn.Lora_shared_B_k.weight
EMA tracking: image_encoder.blocks.6.attn.Lora_shared_A_v.weight
EMA tracking: image_encoder.blocks.6.attn.Lora_shared_B_v.weight
EMA tracking: image_encoder.blocks.7.attn.Lora_shared_A_k.weight
EMA tracking: image_encoder.blocks.7.attn.Lora_shared_B_k.weight
EMA tracking: image_encoder.blocks.7.attn.Lora_shared_A_v.weight
EMA tracking: image_encoder.blocks.7.attn.Lora_shared_B_v.weight
EMA tracking: image_encoder.blocks.8.attn.Lora_shared_A_k.weight
EMA tracking: image_encoder.blocks.8.attn.Lora_shared_B_k.weight
EMA tracking: image_encoder.blocks.8.attn.Lora_shared_A_v.weight
EMA tracking: image_encoder.blocks.8.attn.Lora_shared_B_v.weight
EMA tracking: image_encoder.blocks.9.attn.Lora_shared_A_k.weight
EMA tracking: image_encoder.blocks.9.attn.Lora_shared_B_k.weight
EMA tracking: image_encoder.blocks.9.attn.Lora_shared_A_v.weight
EMA tracking: image_encoder.blocks.9.attn.Lora_shared_B_v.weight
EMA tracking: image_encoder.blocks.10.attn.Lora_shared_A_k.weight
EMA tracking: image_encoder.blocks.10.attn.Lora_shared_B_k.weight
EMA tracking: image_encoder.blocks.10.attn.Lora_shared_A_v.weight
EMA tracking: image_encoder.blocks.10.attn.Lora_shared_B_v.weight
EMA tracking: image_encoder.blocks.11.attn.Lora_shared_A_k.weight
EMA tracking: image_encoder.blocks.11.attn.Lora_shared_B_k.weight
EMA tracking: image_encoder.blocks.11.attn.Lora_shared_A_v.weight
EMA tracking: image_encoder.blocks.11.attn.Lora_shared_B_v.weight
  0%|          | 0/1 [00:00<?, ?it/s]

cur_task 1, Epoch 0: Head LR=0.010000, Backbone LR=0.001000
Task 1, Epoch 1/1 => Loss 0.506, Train_accy 85.54:   0%|          | 0/1 [00:39<?, ?it/s]Task 1, Epoch 1/1 => Loss 0.506, Train_accy 85.54: 100%|██████████| 1/1 [00:39<00:00, 39.60s/it]Task 1, Epoch 1/1 => Loss 0.506, Train_accy 85.54: 100%|██████████| 1/1 [00:39<00:00, 39.60s/it]
2026-09-07 23:07:37,464 [splitlorav6.py] => Task 1, Epoch 1/1 => Loss 0.506, Train_accy 85.54
