2026-07-25 01:24:53,122 [toolkit.py] => config: configs/cllora/domain.json
2026-07-25 01:24:53,122 [toolkit.py] => device: [device(type='cuda', index=2)]
2026-07-25 01:24:53,122 [toolkit.py] => debug: False
2026-07-25 01:24:53,122 [toolkit.py] => save_ckp: False
2026-07-25 01:24:53,122 [toolkit.py] => moe_list: None
2026-07-25 01:24:53,122 [toolkit.py] => seed: 1993
2026-07-25 01:24:53,122 [toolkit.py] => dataset: domainnet
2026-07-25 01:24:53,122 [toolkit.py] => data_path: data/domainnet
2026-07-25 01:24:53,122 [toolkit.py] => load: vit_base_patch16_224_in21k
2026-07-25 01:24:53,122 [toolkit.py] => init_cls: 69
2026-07-25 01:24:53,122 [toolkit.py] => increment: 69
2026-07-25 01:24:53,122 [toolkit.py] => sessions: 5
2026-07-25 01:24:53,122 [toolkit.py] => shuffle: False
2026-07-25 01:24:53,122 [toolkit.py] => method: cllora
2026-07-25 01:24:53,122 [toolkit.py] => optimizer: adam
2026-07-25 01:24:53,122 [toolkit.py] => scheduler: cosine
2026-07-25 01:24:53,122 [toolkit.py] => epochs: 5
2026-07-25 01:24:53,123 [toolkit.py] => lrate: 0.0005
2026-07-25 01:24:53,123 [toolkit.py] => fc_lrate: 0.005
2026-07-25 01:24:53,123 [toolkit.py] => weight_decay: 0.0
2026-07-25 01:24:53,123 [toolkit.py] => batch_size: 128
2026-07-25 01:24:53,123 [toolkit.py] => rank: 30
2026-07-25 01:24:53,123 [toolkit.py] => num_workers: 16
2026-07-25 01:24:53,123 [toolkit.py] => gamma: 0.9
2026-07-25 01:24:53,123 [toolkit.py] => lambda: 10000000.0
2026-07-25 01:24:53,123 [toolkit.py] => lrate_head: 0
2026-07-25 01:24:53,123 [toolkit.py] => logdir: logs/cllora/domainnet/t5
2026-07-25 01:24:53,123 [toolkit.py] => logfilename: logs/cllora/domainnet/t5/seed1993
2026-07-25 01:24:53,332 [data_manager.py] => Class index order: 0, 1, 2, 3, 4, ..., 340, 341, 342, 343, 344
2026-07-25 01:26:12,850 [toolkit.py] => config: configs/cllora/domain.json
2026-07-25 01:26:12,850 [toolkit.py] => device: [device(type='cuda', index=2)]
2026-07-25 01:26:12,850 [toolkit.py] => debug: False
2026-07-25 01:26:12,850 [toolkit.py] => save_ckp: False
2026-07-25 01:26:12,850 [toolkit.py] => moe_list: None
2026-07-25 01:26:12,850 [toolkit.py] => seed: 1993
2026-07-25 01:26:12,850 [toolkit.py] => dataset: domainnet
2026-07-25 01:26:12,850 [toolkit.py] => data_path: data/domainnet
2026-07-25 01:26:12,850 [toolkit.py] => load: vit_base_patch16_224_in21k
2026-07-25 01:26:12,850 [toolkit.py] => init_cls: 69
2026-07-25 01:26:12,850 [toolkit.py] => increment: 69
2026-07-25 01:26:12,850 [toolkit.py] => sessions: 5
2026-07-25 01:26:12,850 [toolkit.py] => shuffle: False
2026-07-25 01:26:12,850 [toolkit.py] => method: cllora
2026-07-25 01:26:12,850 [toolkit.py] => optimizer: adam
2026-07-25 01:26:12,850 [toolkit.py] => scheduler: cosine
2026-07-25 01:26:12,850 [toolkit.py] => epochs: 5
2026-07-25 01:26:12,850 [toolkit.py] => lrate: 0.0005
2026-07-25 01:26:12,850 [toolkit.py] => fc_lrate: 0.005
2026-07-25 01:26:12,850 [toolkit.py] => weight_decay: 0.0
2026-07-25 01:26:12,851 [toolkit.py] => batch_size: 128
2026-07-25 01:26:12,851 [toolkit.py] => rank: 30
2026-07-25 01:26:12,851 [toolkit.py] => num_workers: 16
2026-07-25 01:26:12,851 [toolkit.py] => kd_ratio: 5.0
2026-07-25 01:26:12,851 [toolkit.py] => temperature: 2
2026-07-25 01:26:12,851 [toolkit.py] => msa: [1, 0, 1]
2026-07-25 01:26:12,851 [toolkit.py] => shared_pos: [0, 1, 2, 3, 4, 5]
2026-07-25 01:26:12,851 [toolkit.py] => specific_pos: [6, 7, 8, 9, 10, 11]
2026-07-25 01:26:12,851 [toolkit.py] => lrate_head: 0
2026-07-25 01:26:12,851 [toolkit.py] => logdir: logs/cllora/domainnet/t5
2026-07-25 01:26:12,851 [toolkit.py] => logfilename: logs/cllora/domainnet/t5/seed1993
2026-07-25 01:26:13,075 [data_manager.py] => Class index order: 0, 1, 2, 3, 4, ..., 340, 341, 342, 343, 344
2026-07-25 01:26:17,087 [trainer.py] => ================================================================================
2026-07-25 01:26:17,634 [base.py] => Task 0 learning on class 0-69
2026-07-25 01:26:17,704 [toolkit.py] => Total params:     89,775,452
2026-07-25 01:26:17,704 [toolkit.py] => Trainable params: 882,451
2026-07-25 01:26:17,704 [toolkit.py] => Trainable ratio:  0.9830%
2026-07-25 01:27:18,878 [toolkit.py] => config: configs/cllora/domain.json
2026-07-25 01:27:18,878 [toolkit.py] => device: [device(type='cuda', index=2)]
2026-07-25 01:27:18,878 [toolkit.py] => debug: False
2026-07-25 01:27:18,878 [toolkit.py] => save_ckp: False
2026-07-25 01:27:18,878 [toolkit.py] => moe_list: None
2026-07-25 01:27:18,878 [toolkit.py] => seed: 1993
2026-07-25 01:27:18,878 [toolkit.py] => dataset: domainnet
2026-07-25 01:27:18,878 [toolkit.py] => data_path: data/domainnet
2026-07-25 01:27:18,879 [toolkit.py] => load: vit_base_patch16_224_in21k
2026-07-25 01:27:18,879 [toolkit.py] => init_cls: 69
2026-07-25 01:27:18,879 [toolkit.py] => increment: 69
2026-07-25 01:27:18,879 [toolkit.py] => sessions: 5
2026-07-25 01:27:18,879 [toolkit.py] => shuffle: False
2026-07-25 01:27:18,879 [toolkit.py] => method: cllora
2026-07-25 01:27:18,879 [toolkit.py] => optimizer: adam
2026-07-25 01:27:18,879 [toolkit.py] => scheduler: cosine
2026-07-25 01:27:18,879 [toolkit.py] => epochs: 5
2026-07-25 01:27:18,879 [toolkit.py] => lrate: 0.0005
2026-07-25 01:27:18,879 [toolkit.py] => fc_lrate: 0.005
2026-07-25 01:27:18,879 [toolkit.py] => weight_decay: 0.0005
2026-07-25 01:27:18,879 [toolkit.py] => batch_size: 128
2026-07-25 01:27:18,879 [toolkit.py] => rank: 30
2026-07-25 01:27:18,879 [toolkit.py] => num_workers: 16
2026-07-25 01:27:18,879 [toolkit.py] => kd_ratio: 5.0
2026-07-25 01:27:18,879 [toolkit.py] => temperature: 2
2026-07-25 01:27:18,879 [toolkit.py] => msa: [1, 0, 1]
2026-07-25 01:27:18,879 [toolkit.py] => shared_pos: [0, 1, 2, 3, 4, 5]
2026-07-25 01:27:18,879 [toolkit.py] => specific_pos: [6, 7, 8, 9, 10, 11]
2026-07-25 01:27:18,879 [toolkit.py] => lrate_head: 0
2026-07-25 01:27:18,879 [toolkit.py] => logdir: logs/cllora/domainnet/t5
2026-07-25 01:27:18,879 [toolkit.py] => logfilename: logs/cllora/domainnet/t5/seed1993
2026-07-25 01:27:19,100 [data_manager.py] => Class index order: 0, 1, 2, 3, 4, ..., 340, 341, 342, 343, 344
2026-07-25 01:27:23,007 [trainer.py] => ================================================================================
2026-07-25 01:27:23,440 [base.py] => Task 0 learning on class 0-69
2026-07-25 01:27:23,503 [toolkit.py] => Total params:     89,775,452
2026-07-25 01:27:23,503 [toolkit.py] => Trainable params: 882,451
2026-07-25 01:27:23,503 [toolkit.py] => Trainable ratio:  0.9830%
2026-07-25 02:01:25,765 [cllora.py] => Task 0, Epoch 5/5 => Loss 2.742, Train_accy 80.66
2026-07-25 02:04:45,518 [trainer.py] => Training time: 0h 37m 22s
2026-07-25 02:05:37,523 [trainer.py] => Evaluation time: 0h 0m 52s
2026-07-25 02:05:37,525 [trainer.py] => Accuracy: {'total': 84.78, '00-68': 84.78, 'old': 0, 'new': 84.78}
2026-07-25 02:05:37,525 [trainer.py] => (curve) top1 Acc: [84.78]
2026-07-25 02:05:37,525 [trainer.py] => Avergae Acc: 84.78
2026-07-25 02:05:37,525 [trainer.py] => (curve) top1 Acc with task: [84.78]
2026-07-25 02:05:37,525 [trainer.py] => Avergae Acc: 84.78
2026-07-25 02:05:37,525 [trainer.py] => (curve) top1 Acc task: [100.0]
2026-07-25 02:05:37,525 [trainer.py] => Avergae Acc: 100.00
2026-07-25 02:05:37,525 [trainer.py] => ================================================================================
2026-07-25 02:05:37,525 [trainer.py] => ================================================================================
2026-07-25 02:05:37,587 [base.py] => Task 1 learning on class 69-138
2026-07-25 02:05:37,593 [toolkit.py] => Total params:     89,934,428
2026-07-25 02:05:37,593 [toolkit.py] => Trainable params: 882,451
2026-07-25 02:05:37,593 [toolkit.py] => Trainable ratio:  0.9812%
2026-07-25 03:01:41,294 [cllora.py] => Task 1, Epoch 5/5 => Loss 22.695, Train_accy 64.74
2026-07-25 03:08:09,062 [trainer.py] => Training time: 1h 2m 31s
2026-07-25 03:11:22,660 [trainer.py] => Evaluation time: 0h 3m 13s
2026-07-25 03:11:22,662 [trainer.py] => Accuracy: {'total': 74.95, '00-68': 76.19, '69-137': 73.65, 'old': 76.19, 'new': 73.65}
2026-07-25 03:11:22,662 [trainer.py] => (curve) top1 Acc: [84.78, 74.95]
2026-07-25 03:11:22,662 [trainer.py] => Avergae Acc: 79.87
2026-07-25 03:11:22,662 [trainer.py] => (curve) top1 Acc with task: [84.78, 82.91]
2026-07-25 03:11:22,663 [trainer.py] => Avergae Acc: 83.84
2026-07-25 03:11:22,663 [trainer.py] => (curve) top1 Acc task: [100.0, 84.31]
2026-07-25 03:11:22,663 [trainer.py] => Avergae Acc: 92.16
2026-07-25 03:11:22,663 [trainer.py] => ================================================================================
2026-07-25 03:11:22,663 [trainer.py] => ================================================================================
2026-07-25 03:11:22,733 [base.py] => Task 2 learning on class 138-207
2026-07-25 03:11:22,739 [toolkit.py] => Total params:     90,199,388
2026-07-25 03:11:22,739 [toolkit.py] => Trainable params: 882,451
2026-07-25 03:11:22,739 [toolkit.py] => Trainable ratio:  0.9783%
2026-07-25 04:11:57,911 [cllora.py] => Task 2, Epoch 5/5 => Loss 22.532, Train_accy 63.37
2026-07-25 04:22:21,377 [trainer.py] => Training time: 1h 10m 58s
2026-07-25 04:29:38,402 [trainer.py] => Evaluation time: 0h 7m 17s
2026-07-25 04:29:38,405 [trainer.py] => Accuracy: {'total': 69.76, '00-68': 73.03, '69-137': 67.86, '138-206': 68.38, 'old': 70.49, 'new': 68.38}
2026-07-25 04:29:38,405 [trainer.py] => (curve) top1 Acc: [84.78, 74.95, 69.76]
2026-07-25 04:29:38,405 [trainer.py] => Avergae Acc: 76.50
2026-07-25 04:29:38,405 [trainer.py] => (curve) top1 Acc with task: [84.78, 82.91, 81.6]
2026-07-25 04:29:38,405 [trainer.py] => Avergae Acc: 83.10
2026-07-25 04:29:38,405 [trainer.py] => (curve) top1 Acc task: [100.0, 84.31, 77.14]
2026-07-25 04:29:38,405 [trainer.py] => Avergae Acc: 87.15
2026-07-25 04:29:38,405 [trainer.py] => ================================================================================
2026-07-25 04:29:38,405 [trainer.py] => ================================================================================
2026-07-25 04:29:38,477 [base.py] => Task 3 learning on class 207-276
2026-07-25 04:29:38,483 [toolkit.py] => Total params:     90,570,332
2026-07-25 04:29:38,483 [toolkit.py] => Trainable params: 882,451
2026-07-25 04:29:38,483 [toolkit.py] => Trainable ratio:  0.9743%
2026-07-25 05:28:20,566 [cllora.py] => Task 3, Epoch 5/5 => Loss 22.540, Train_accy 62.94
2026-07-25 05:41:49,887 [trainer.py] => Training time: 1h 12m 11s
2026-07-25 05:54:38,672 [trainer.py] => Evaluation time: 0h 12m 48s
2026-07-25 05:54:38,675 [trainer.py] => Accuracy: {'total': 67.07, '00-68': 70.48, '69-137': 64.93, '138-206': 66.03, '207-275': 66.82, 'old': 67.16, 'new': 66.82}
2026-07-25 05:54:38,675 [trainer.py] => (curve) top1 Acc: [84.78, 74.95, 69.76, 67.07]
2026-07-25 05:54:38,675 [trainer.py] => Avergae Acc: 74.14
2026-07-25 05:54:38,675 [trainer.py] => (curve) top1 Acc with task: [84.78, 82.91, 81.6, 81.41]
2026-07-25 05:54:38,675 [trainer.py] => Avergae Acc: 82.67
2026-07-25 05:54:38,675 [trainer.py] => (curve) top1 Acc task: [100.0, 84.31, 77.14, 73.24]
2026-07-25 05:54:38,675 [trainer.py] => Avergae Acc: 83.67
2026-07-25 05:54:38,675 [trainer.py] => ================================================================================
2026-07-25 05:54:38,675 [trainer.py] => ================================================================================
2026-07-25 05:54:38,744 [base.py] => Task 4 learning on class 276-345
2026-07-25 05:54:38,750 [toolkit.py] => Total params:     91,047,260
2026-07-25 05:54:38,750 [toolkit.py] => Trainable params: 882,451
2026-07-25 05:54:38,750 [toolkit.py] => Trainable ratio:  0.9692%
2026-07-25 06:52:11,249 [cllora.py] => Task 4, Epoch 5/5 => Loss 22.636, Train_accy 67.17
2026-07-25 07:08:44,271 [trainer.py] => Training time: 1h 14m 5s
2026-07-25 07:28:36,820 [trainer.py] => Evaluation time: 0h 19m 52s
2026-07-25 07:28:36,822 [trainer.py] => Accuracy: {'total': 64.11, '00-68': 66.96, '69-137': 61.44, '138-206': 63.6, '207-275': 62.41, '276-344': 66.07, 'old': 63.62, 'new': 66.07}
2026-07-25 07:28:36,822 [trainer.py] => (curve) top1 Acc: [84.78, 74.95, 69.76, 67.07, 64.11]
2026-07-25 07:28:36,823 [trainer.py] => Avergae Acc: 72.13
2026-07-25 07:28:36,823 [trainer.py] => (curve) top1 Acc with task: [84.78, 82.91, 81.6, 81.41, 81.24]
2026-07-25 07:28:36,823 [trainer.py] => Avergae Acc: 82.39
2026-07-25 07:28:36,823 [trainer.py] => (curve) top1 Acc task: [100.0, 84.31, 77.14, 73.24, 69.45]
2026-07-25 07:28:36,823 [trainer.py] => Avergae Acc: 80.83
2026-07-25 07:28:36,823 [trainer.py] => ================================================================================
2026-07-25 08:57:35,925 [toolkit.py] => config: configs/cllora/domain.json
2026-07-25 08:57:35,925 [toolkit.py] => device: [device(type='cuda', index=2)]
2026-07-25 08:57:35,925 [toolkit.py] => debug: False
2026-07-25 08:57:35,925 [toolkit.py] => save_ckp: False
2026-07-25 08:57:35,925 [toolkit.py] => moe_list: None
2026-07-25 08:57:35,925 [toolkit.py] => seed: 1993
2026-07-25 08:57:35,925 [toolkit.py] => dataset: domainnet
2026-07-25 08:57:35,925 [toolkit.py] => data_path: data/domainnet
2026-07-25 08:57:35,925 [toolkit.py] => load: vit_base_patch16_224_in21k
2026-07-25 08:57:35,925 [toolkit.py] => init_cls: 69
2026-07-25 08:57:35,925 [toolkit.py] => increment: 69
2026-07-25 08:57:35,925 [toolkit.py] => sessions: 5
2026-07-25 08:57:35,925 [toolkit.py] => shuffle: False
2026-07-25 08:57:35,925 [toolkit.py] => method: cllora
2026-07-25 08:57:35,925 [toolkit.py] => optimizer: adam
2026-07-25 08:57:35,925 [toolkit.py] => scheduler: cosine
2026-07-25 08:57:35,925 [toolkit.py] => epochs: 5
2026-07-25 08:57:35,925 [toolkit.py] => lrate: 0.0005
2026-07-25 08:57:35,925 [toolkit.py] => fc_lrate: 0.005
2026-07-25 08:57:35,925 [toolkit.py] => weight_decay: 0
2026-07-25 08:57:35,925 [toolkit.py] => batch_size: 128
2026-07-25 08:57:35,925 [toolkit.py] => rank: 30
2026-07-25 08:57:35,925 [toolkit.py] => num_workers: 16
2026-07-25 08:57:35,925 [toolkit.py] => kd_ratio: 5.0
2026-07-25 08:57:35,925 [toolkit.py] => temperature: 2
2026-07-25 08:57:35,926 [toolkit.py] => msa: [1, 0, 1]
2026-07-25 08:57:35,926 [toolkit.py] => shared_pos: [0, 1, 2, 3, 4, 5]
2026-07-25 08:57:35,926 [toolkit.py] => specific_pos: [6, 7, 8, 9, 10, 11]
2026-07-25 08:57:35,926 [toolkit.py] => lrate_head: 0
2026-07-25 08:57:35,926 [toolkit.py] => logdir: logs/cllora/domainnet/t5
2026-07-25 08:57:35,926 [toolkit.py] => logfilename: logs/cllora/domainnet/t5/seed1993
2026-07-25 08:57:36,526 [data_manager.py] => Class index order: 0, 1, 2, 3, 4, ..., 340, 341, 342, 343, 344
2026-07-25 08:57:40,550 [trainer.py] => ================================================================================
2026-07-25 08:57:41,666 [base.py] => Task 0 learning on class 0-69
2026-07-25 08:57:41,727 [toolkit.py] => Total params:     89,775,452
2026-07-25 08:57:41,727 [toolkit.py] => Trainable params: 882,451
2026-07-25 08:57:41,727 [toolkit.py] => Trainable ratio:  0.9830%
2026-07-25 09:32:06,634 [cllora.py] => Task 0, Epoch 5/5 => Loss 2.714, Train_accy 82.07
2026-07-25 09:35:25,898 [trainer.py] => Training time: 0h 37m 44s
2026-07-25 09:36:19,983 [trainer.py] => Evaluation time: 0h 0m 54s
2026-07-25 09:36:19,985 [trainer.py] => Accuracy: {'total': 85.54, '00-68': 85.54, 'old': 0, 'new': 85.54}
2026-07-25 09:36:19,985 [trainer.py] => (curve) top1 Acc: [85.54]
2026-07-25 09:36:19,985 [trainer.py] => Avergae Acc: 85.54
2026-07-25 09:36:19,985 [trainer.py] => (curve) top1 Acc with task: [85.54]
2026-07-25 09:36:19,985 [trainer.py] => Avergae Acc: 85.54
2026-07-25 09:36:19,985 [trainer.py] => (curve) top1 Acc task: [100.0]
2026-07-25 09:36:19,985 [trainer.py] => Avergae Acc: 100.00
2026-07-25 09:36:19,985 [trainer.py] => ================================================================================
2026-07-25 09:36:19,985 [trainer.py] => ================================================================================
2026-07-25 09:36:20,050 [base.py] => Task 1 learning on class 69-138
2026-07-25 09:36:20,056 [toolkit.py] => Total params:     89,934,428
2026-07-25 09:36:20,056 [toolkit.py] => Trainable params: 882,451
2026-07-25 09:36:20,056 [toolkit.py] => Trainable ratio:  0.9812%
2026-07-25 10:32:17,309 [cllora.py] => Task 1, Epoch 5/5 => Loss 22.598, Train_accy 64.08
2026-07-25 10:38:43,731 [trainer.py] => Training time: 1h 2m 23s
2026-07-25 10:41:57,939 [trainer.py] => Evaluation time: 0h 3m 14s
2026-07-25 10:41:57,941 [trainer.py] => Accuracy: {'total': 74.6, '00-68': 76.96, '69-137': 72.14, 'old': 76.96, 'new': 72.14}
2026-07-25 10:41:57,941 [trainer.py] => (curve) top1 Acc: [85.54, 74.6]
2026-07-25 10:41:57,941 [trainer.py] => Avergae Acc: 80.07
2026-07-25 10:41:57,941 [trainer.py] => (curve) top1 Acc with task: [85.54, 83.6]
2026-07-25 10:41:57,941 [trainer.py] => Avergae Acc: 84.57
2026-07-25 10:41:57,941 [trainer.py] => (curve) top1 Acc task: [100.0, 83.7]
2026-07-25 10:41:57,941 [trainer.py] => Avergae Acc: 91.85
2026-07-25 10:41:57,941 [trainer.py] => ================================================================================
2026-07-25 10:41:57,941 [trainer.py] => ================================================================================
2026-07-25 10:41:58,013 [base.py] => Task 2 learning on class 138-207
2026-07-25 10:41:58,019 [toolkit.py] => Total params:     90,199,388
2026-07-25 10:41:58,019 [toolkit.py] => Trainable params: 882,451
2026-07-25 10:41:58,019 [toolkit.py] => Trainable ratio:  0.9783%
2026-07-25 11:42:26,678 [cllora.py] => Task 2, Epoch 5/5 => Loss 22.524, Train_accy 62.72
2026-07-25 11:52:51,340 [trainer.py] => Training time: 1h 10m 53s
2026-07-25 12:00:09,127 [trainer.py] => Evaluation time: 0h 7m 17s
2026-07-25 12:00:09,129 [trainer.py] => Accuracy: {'total': 68.98, '00-68': 71.94, '69-137': 68.08, '138-206': 66.98, 'old': 70.05, 'new': 66.98}
2026-07-25 12:00:09,129 [trainer.py] => (curve) top1 Acc: [85.54, 74.6, 68.98]
2026-07-25 12:00:09,129 [trainer.py] => Avergae Acc: 76.37
2026-07-25 12:00:09,129 [trainer.py] => (curve) top1 Acc with task: [85.54, 83.6, 81.82]
2026-07-25 12:00:09,130 [trainer.py] => Avergae Acc: 83.65
2026-07-25 12:00:09,130 [trainer.py] => (curve) top1 Acc task: [100.0, 83.7, 76.57]
2026-07-25 12:00:09,130 [trainer.py] => Avergae Acc: 86.76
2026-07-25 12:00:09,130 [trainer.py] => ================================================================================
2026-07-25 12:00:09,130 [trainer.py] => ================================================================================
2026-07-25 12:00:09,196 [base.py] => Task 3 learning on class 207-276
2026-07-25 12:00:09,201 [toolkit.py] => Total params:     90,570,332
2026-07-25 12:00:09,202 [toolkit.py] => Trainable params: 882,451
2026-07-25 12:00:09,202 [toolkit.py] => Trainable ratio:  0.9743%
2026-07-25 12:58:49,435 [cllora.py] => Task 3, Epoch 5/5 => Loss 22.508, Train_accy 64.97
2026-07-25 13:14:07,191 [trainer.py] => Training time: 1h 13m 58s
2026-07-25 13:26:55,816 [trainer.py] => Evaluation time: 0h 12m 48s
2026-07-25 13:26:55,818 [trainer.py] => Accuracy: {'total': 66.6, '00-68': 69.0, '69-137': 65.59, '138-206': 64.33, '207-275': 67.54, 'old': 66.29, 'new': 67.54}
2026-07-25 13:26:55,818 [trainer.py] => (curve) top1 Acc: [85.54, 74.6, 68.98, 66.6]
2026-07-25 13:26:55,818 [trainer.py] => Avergae Acc: 73.93
2026-07-25 13:26:55,818 [trainer.py] => (curve) top1 Acc with task: [85.54, 83.6, 81.82, 81.99]
2026-07-25 13:26:55,819 [trainer.py] => Avergae Acc: 83.24
2026-07-25 13:26:55,819 [trainer.py] => (curve) top1 Acc task: [100.0, 83.7, 76.57, 72.81]
2026-07-25 13:26:55,819 [trainer.py] => Avergae Acc: 83.27
2026-07-25 13:26:55,819 [trainer.py] => ================================================================================
2026-07-25 13:26:55,819 [trainer.py] => ================================================================================
2026-07-25 13:26:55,885 [base.py] => Task 4 learning on class 276-345
2026-07-25 13:26:55,891 [toolkit.py] => Total params:     91,047,260
2026-07-25 13:26:55,891 [toolkit.py] => Trainable params: 882,451
2026-07-25 13:26:55,891 [toolkit.py] => Trainable ratio:  0.9692%
2026-07-25 14:24:21,285 [cllora.py] => Task 4, Epoch 5/5 => Loss 22.607, Train_accy 67.53
2026-07-25 14:40:48,868 [trainer.py] => Training time: 1h 13m 53s
2026-07-25 15:00:41,644 [trainer.py] => Evaluation time: 0h 19m 52s
2026-07-25 15:00:41,646 [trainer.py] => Accuracy: {'total': 63.88, '00-68': 66.36, '69-137': 62.04, '138-206': 62.04, '207-275': 64.04, '276-344': 64.97, 'old': 63.62, 'new': 64.97}
2026-07-25 15:00:41,646 [trainer.py] => (curve) top1 Acc: [85.54, 74.6, 68.98, 66.6, 63.88]
2026-07-25 15:00:41,647 [trainer.py] => Avergae Acc: 71.92
2026-07-25 15:00:41,647 [trainer.py] => (curve) top1 Acc with task: [85.54, 83.6, 81.82, 81.99, 81.79]
2026-07-25 15:00:41,647 [trainer.py] => Avergae Acc: 82.95
2026-07-25 15:00:41,647 [trainer.py] => (curve) top1 Acc task: [100.0, 83.7, 76.57, 72.81, 69.18]
2026-07-25 15:00:41,647 [trainer.py] => Avergae Acc: 80.45
2026-07-25 15:00:41,647 [trainer.py] => ================================================================================
2026-07-25 17:57:27,879 [toolkit.py] => config: configs/cllora/domain.json
2026-07-25 17:57:27,879 [toolkit.py] => device: [device(type='cuda', index=2)]
2026-07-25 17:57:27,879 [toolkit.py] => debug: False
2026-07-25 17:57:27,879 [toolkit.py] => save_ckp: False
2026-07-25 17:57:27,879 [toolkit.py] => moe_list: None
2026-07-25 17:57:27,879 [toolkit.py] => seed: 1993
2026-07-25 17:57:27,879 [toolkit.py] => dataset: domainnet
2026-07-25 17:57:27,879 [toolkit.py] => data_path: data/domainnet
2026-07-25 17:57:27,879 [toolkit.py] => load: vit_base_patch16_224_in21k
2026-07-25 17:57:27,879 [toolkit.py] => init_cls: 69
2026-07-25 17:57:27,879 [toolkit.py] => increment: 69
2026-07-25 17:57:27,879 [toolkit.py] => sessions: 5
2026-07-25 17:57:27,879 [toolkit.py] => shuffle: False
2026-07-25 17:57:27,879 [toolkit.py] => method: cllora
2026-07-25 17:57:27,879 [toolkit.py] => optimizer: adam
2026-07-25 17:57:27,879 [toolkit.py] => scheduler: cosine
2026-07-25 17:57:27,879 [toolkit.py] => epochs: 10
2026-07-25 17:57:27,879 [toolkit.py] => lrate: 0.0005
2026-07-25 17:57:27,879 [toolkit.py] => fc_lrate: 0.005
2026-07-25 17:57:27,879 [toolkit.py] => weight_decay: 5e-05
2026-07-25 17:57:27,879 [toolkit.py] => batch_size: 128
2026-07-25 17:57:27,879 [toolkit.py] => rank: 30
2026-07-25 17:57:27,879 [toolkit.py] => num_workers: 16
2026-07-25 17:57:27,879 [toolkit.py] => kd_ratio: 5.0
2026-07-25 17:57:27,880 [toolkit.py] => temperature: 2
2026-07-25 17:57:27,880 [toolkit.py] => msa: [1, 0, 1]
2026-07-25 17:57:27,880 [toolkit.py] => shared_pos: [0, 1, 2, 3, 4, 5]
2026-07-25 17:57:27,880 [toolkit.py] => specific_pos: [6, 7, 8, 9, 10, 11]
2026-07-25 17:57:27,880 [toolkit.py] => lrate_head: 0
2026-07-25 17:57:27,880 [toolkit.py] => logdir: logs/cllora/domainnet/t5
2026-07-25 17:57:27,880 [toolkit.py] => logfilename: logs/cllora/domainnet/t5/seed1993
2026-07-25 17:57:28,235 [data_manager.py] => Class index order: 0, 1, 2, 3, 4, ..., 340, 341, 342, 343, 344
2026-07-25 17:57:34,789 [trainer.py] => ================================================================================
2026-07-25 17:57:35,826 [base.py] => Task 0 learning on class 0-69
2026-07-25 17:57:35,891 [toolkit.py] => Total params:     89,775,452
2026-07-25 17:57:35,891 [toolkit.py] => Trainable params: 882,451
2026-07-25 17:57:35,891 [toolkit.py] => Trainable ratio:  0.9830%
2026-07-26 02:06:34,395 [toolkit.py] => config: configs/cllora/domain.json
2026-07-26 02:06:34,395 [toolkit.py] => device: [device(type='cuda', index=3)]
2026-07-26 02:06:34,395 [toolkit.py] => debug: False
2026-07-26 02:06:34,395 [toolkit.py] => save_ckp: False
2026-07-26 02:06:34,395 [toolkit.py] => moe_list: None
2026-07-26 02:06:34,395 [toolkit.py] => seed: 1993
2026-07-26 02:06:34,395 [toolkit.py] => dataset: domainnet
2026-07-26 02:06:34,395 [toolkit.py] => data_path: data/domainnet
2026-07-26 02:06:34,395 [toolkit.py] => load: vit_base_patch16_224_in21k
2026-07-26 02:06:34,395 [toolkit.py] => init_cls: 69
2026-07-26 02:06:34,395 [toolkit.py] => increment: 69
2026-07-26 02:06:34,395 [toolkit.py] => sessions: 5
2026-07-26 02:06:34,395 [toolkit.py] => shuffle: False
2026-07-26 02:06:34,396 [toolkit.py] => method: cllora
2026-07-26 02:06:34,396 [toolkit.py] => optimizer: adam
2026-07-26 02:06:34,396 [toolkit.py] => scheduler: cosine
2026-07-26 02:06:34,396 [toolkit.py] => epochs: 10
2026-07-26 02:06:34,396 [toolkit.py] => lrate: 0.0005
2026-07-26 02:06:34,396 [toolkit.py] => fc_lrate: 0.005
2026-07-26 02:06:34,396 [toolkit.py] => weight_decay: 5e-05
2026-07-26 02:06:34,396 [toolkit.py] => batch_size: 128
2026-07-26 02:06:34,396 [toolkit.py] => rank: 30
2026-07-26 02:06:34,396 [toolkit.py] => num_workers: 16
2026-07-26 02:06:34,396 [toolkit.py] => kd_ratio: 5.0
2026-07-26 02:06:34,396 [toolkit.py] => temperature: 2
2026-07-26 02:06:34,396 [toolkit.py] => msa: [1, 0, 1]
2026-07-26 02:06:34,396 [toolkit.py] => shared_pos: [0, 1, 2, 3, 4, 5]
2026-07-26 02:06:34,396 [toolkit.py] => specific_pos: [6, 7, 8, 9, 10, 11]
2026-07-26 02:06:34,396 [toolkit.py] => lrate_head: 0
2026-07-26 02:06:34,396 [toolkit.py] => logdir: logs/cllora/domainnet/t5
2026-07-26 02:06:34,396 [toolkit.py] => logfilename: logs/cllora/domainnet/t5/seed1993
2026-07-26 02:06:34,620 [data_manager.py] => Class index order: 0, 1, 2, 3, 4, ..., 340, 341, 342, 343, 344
2026-07-26 02:06:38,551 [trainer.py] => ================================================================================
2026-07-26 02:06:39,033 [base.py] => Task 0 learning on class 0-69
2026-07-26 02:06:39,098 [toolkit.py] => Total params:     89,775,452
2026-07-26 02:06:39,098 [toolkit.py] => Trainable params: 882,451
2026-07-26 02:06:39,098 [toolkit.py] => Trainable ratio:  0.9830%
2026-07-26 03:14:50,654 [cllora.py] => Task 0, Epoch 10/10 => Loss 2.176, Train_accy 84.97
2026-07-26 03:18:10,998 [trainer.py] => Training time: 1h 11m 32s
2026-07-26 03:19:04,684 [trainer.py] => Evaluation time: 0h 0m 53s
2026-07-26 03:19:04,724 [trainer.py] => Accuracy: {'total': 86.84, '00-68': 86.84, 'old': 0, 'new': 86.84}
2026-07-26 03:19:04,724 [trainer.py] => (curve) top1 Acc: [86.84]
2026-07-26 03:19:04,724 [trainer.py] => Avergae Acc: 86.84
2026-07-26 03:19:04,724 [trainer.py] => (curve) top1 Acc with task: [86.84]
2026-07-26 03:19:04,725 [trainer.py] => Avergae Acc: 86.84
2026-07-26 03:19:04,725 [trainer.py] => (curve) top1 Acc task: [100.0]
2026-07-26 03:19:04,725 [trainer.py] => Avergae Acc: 100.00
2026-07-26 03:19:04,725 [trainer.py] => ================================================================================
2026-07-26 03:19:04,725 [trainer.py] => ================================================================================
2026-07-26 03:19:04,801 [base.py] => Task 1 learning on class 69-138
2026-07-26 03:19:05,056 [toolkit.py] => Total params:     89,934,428
2026-07-26 03:19:05,056 [toolkit.py] => Trainable params: 882,451
2026-07-26 03:19:05,057 [toolkit.py] => Trainable ratio:  0.9812%
2026-07-26 05:17:57,337 [cllora.py] => Task 1, Epoch 10/10 => Loss 21.381, Train_accy 67.98
2026-07-26 05:25:41,221 [trainer.py] => Training time: 2h 6m 36s
2026-07-26 05:28:55,949 [trainer.py] => Evaluation time: 0h 3m 14s
2026-07-26 05:28:55,951 [trainer.py] => Accuracy: {'total': 77.39, '00-68': 79.72, '69-137': 74.97, 'old': 79.72, 'new': 74.97}
2026-07-26 05:28:55,951 [trainer.py] => (curve) top1 Acc: [86.84, 77.39]
2026-07-26 05:28:55,951 [trainer.py] => Avergae Acc: 82.12
2026-07-26 05:28:55,951 [trainer.py] => (curve) top1 Acc with task: [86.84, 85.11]
2026-07-26 05:28:55,951 [trainer.py] => Avergae Acc: 85.97
2026-07-26 05:28:55,952 [trainer.py] => (curve) top1 Acc task: [100.0, 85.62]
2026-07-26 05:28:55,952 [trainer.py] => Avergae Acc: 92.81
2026-07-26 05:28:55,952 [trainer.py] => ================================================================================
2026-07-26 05:28:55,952 [trainer.py] => ================================================================================
2026-07-26 05:28:56,020 [base.py] => Task 2 learning on class 138-207
2026-07-26 05:28:56,026 [toolkit.py] => Total params:     90,199,388
2026-07-26 05:28:56,026 [toolkit.py] => Trainable params: 882,451
2026-07-26 05:28:56,026 [toolkit.py] => Trainable ratio:  0.9783%
2026-07-26 07:41:53,414 [cllora.py] => Task 2, Epoch 10/10 => Loss 21.014, Train_accy 61.61
2026-07-26 07:53:28,439 [trainer.py] => Training time: 2h 24m 32s
2026-07-26 08:02:01,079 [trainer.py] => Evaluation time: 0h 8m 32s
2026-07-26 08:02:01,082 [trainer.py] => Accuracy: {'total': 71.95, '00-68': 75.0, '69-137': 70.26, '138-206': 70.59, 'old': 72.67, 'new': 70.59}
2026-07-26 08:02:01,082 [trainer.py] => (curve) top1 Acc: [86.84, 77.39, 71.95]
2026-07-26 08:02:01,082 [trainer.py] => Avergae Acc: 78.73
2026-07-26 08:02:01,082 [trainer.py] => (curve) top1 Acc with task: [86.84, 85.11, 83.79]
2026-07-26 08:02:01,082 [trainer.py] => Avergae Acc: 85.25
2026-07-26 08:02:01,082 [trainer.py] => (curve) top1 Acc task: [100.0, 85.62, 78.4]
2026-07-26 08:02:01,082 [trainer.py] => Avergae Acc: 88.01
2026-07-26 08:02:01,082 [trainer.py] => ================================================================================
2026-07-26 08:02:01,082 [trainer.py] => ================================================================================
2026-07-26 08:02:01,150 [base.py] => Task 3 learning on class 207-276
2026-07-26 08:02:01,156 [toolkit.py] => Total params:     90,570,332
2026-07-26 08:02:01,156 [toolkit.py] => Trainable params: 882,451
2026-07-26 08:02:01,156 [toolkit.py] => Trainable ratio:  0.9743%
2026-07-26 10:10:33,647 [cllora.py] => Task 3, Epoch 10/10 => Loss 21.124, Train_accy 68.40
2026-07-26 10:26:22,478 [trainer.py] => Training time: 2h 24m 21s
2026-07-26 10:39:12,670 [trainer.py] => Evaluation time: 0h 12m 50s
2026-07-26 10:39:12,672 [trainer.py] => Accuracy: {'total': 68.44, '00-68': 71.31, '69-137': 66.7, '138-206': 67.3, '207-275': 68.43, 'old': 68.44, 'new': 68.43}
2026-07-26 10:39:12,672 [trainer.py] => (curve) top1 Acc: [86.84, 77.39, 71.95, 68.44]
2026-07-26 10:39:12,673 [trainer.py] => Avergae Acc: 76.16
2026-07-26 10:39:12,673 [trainer.py] => (curve) top1 Acc with task: [86.84, 85.11, 83.79, 83.22]
2026-07-26 10:39:12,673 [trainer.py] => Avergae Acc: 84.74
2026-07-26 10:39:12,673 [trainer.py] => (curve) top1 Acc task: [100.0, 85.62, 78.4, 74.21]
2026-07-26 10:39:12,673 [trainer.py] => Avergae Acc: 84.56
2026-07-26 10:39:12,673 [trainer.py] => ================================================================================
2026-07-26 10:39:12,673 [trainer.py] => ================================================================================
2026-07-26 10:39:12,743 [base.py] => Task 4 learning on class 276-345
2026-07-26 10:39:12,749 [toolkit.py] => Total params:     91,047,260
2026-07-26 10:39:12,749 [toolkit.py] => Trainable params: 882,451
2026-07-26 10:39:12,749 [toolkit.py] => Trainable ratio:  0.9692%
2026-07-26 12:40:01,869 [cllora.py] => Task 4, Epoch 10/10 => Loss 21.246, Train_accy 71.66
2026-07-26 12:56:34,735 [trainer.py] => Training time: 2h 17m 22s
2026-07-26 13:16:30,410 [trainer.py] => Evaluation time: 0h 19m 55s
2026-07-26 13:16:30,413 [trainer.py] => Accuracy: {'total': 65.81, '00-68': 68.79, '69-137': 63.68, '138-206': 64.42, '207-275': 65.06, '276-344': 67.1, 'old': 65.49, 'new': 67.1}
2026-07-26 13:16:30,413 [trainer.py] => (curve) top1 Acc: [86.84, 77.39, 71.95, 68.44, 65.81]
2026-07-26 13:16:30,413 [trainer.py] => Avergae Acc: 74.09
2026-07-26 13:16:30,413 [trainer.py] => (curve) top1 Acc with task: [86.84, 85.11, 83.79, 83.22, 83.1]
2026-07-26 13:16:30,413 [trainer.py] => Avergae Acc: 84.41
2026-07-26 13:16:30,413 [trainer.py] => (curve) top1 Acc task: [100.0, 85.62, 78.4, 74.21, 70.74]
2026-07-26 13:16:30,413 [trainer.py] => Avergae Acc: 81.79
2026-07-26 13:16:30,413 [trainer.py] => ================================================================================
