2026-03-30 14:46:40,317 [toolkit.py] => config: configs/maiflora/cifar100.json
2026-03-30 14:46:40,318 [toolkit.py] => device: [device(type='cuda', index=0)]
2026-03-30 14:46:40,318 [toolkit.py] => debug: False
2026-03-30 14:46:40,318 [toolkit.py] => save_ckp: False
2026-03-30 14:46:40,318 [toolkit.py] => seed: 0
2026-03-30 14:46:40,318 [toolkit.py] => dataset: cifar100
2026-03-30 14:46:40,318 [toolkit.py] => data_path: data/cifar100
2026-03-30 14:46:40,318 [toolkit.py] => load: vit_base_patch16_224_in21k
2026-03-30 14:46:40,318 [toolkit.py] => init_cls: 10
2026-03-30 14:46:40,318 [toolkit.py] => increment: 10
2026-03-30 14:46:40,318 [toolkit.py] => sessions: 10
2026-03-30 14:46:40,318 [toolkit.py] => shuffle: False
2026-03-30 14:46:40,318 [toolkit.py] => method: malora
2026-03-30 14:46:40,318 [toolkit.py] => optimizer: riemannian_sgd
2026-03-30 14:46:40,318 [toolkit.py] => riemannian_lr: 0.01
2026-03-30 14:46:40,318 [toolkit.py] => momentum: 0.9
2026-03-30 14:46:40,318 [toolkit.py] => scheduler: cosine
2026-03-30 14:46:40,318 [toolkit.py] => epochs: 20
2026-03-30 14:46:40,319 [toolkit.py] => weight_decay: 0.0
2026-03-30 14:46:40,319 [toolkit.py] => batch_size: 128
2026-03-30 14:46:40,319 [toolkit.py] => rank: 10
2026-03-30 14:46:40,319 [toolkit.py] => num_workers: 16
2026-03-30 14:46:40,319 [toolkit.py] => lamb: 0.85
2026-03-30 14:46:40,319 [toolkit.py] => lame: 0.95
2026-03-30 14:46:40,319 [toolkit.py] => logdir: logs/malora/cifar100/t10
2026-03-30 14:46:40,319 [toolkit.py] => logfilename: logs/malora/cifar100/t10/seed0
2026-03-30 14:46:42,074 [data_manager.py] => Class index order: 0, 1, 2, 3, 4, ..., 95, 96, 97, 98, 99
2026-03-30 14:47:04,704 [toolkit.py] => config: configs/maiflora/cifar100.json
2026-03-30 14:47:04,705 [toolkit.py] => device: [device(type='cuda', index=0)]
2026-03-30 14:47:04,705 [toolkit.py] => debug: False
2026-03-30 14:47:04,705 [toolkit.py] => save_ckp: False
2026-03-30 14:47:04,705 [toolkit.py] => seed: 0
2026-03-30 14:47:04,705 [toolkit.py] => dataset: cifar100
2026-03-30 14:47:04,705 [toolkit.py] => data_path: data/cifar100
2026-03-30 14:47:04,705 [toolkit.py] => load: vit_base_patch16_224_in21k
2026-03-30 14:47:04,705 [toolkit.py] => init_cls: 10
2026-03-30 14:47:04,705 [toolkit.py] => increment: 10
2026-03-30 14:47:04,705 [toolkit.py] => sessions: 10
2026-03-30 14:47:04,705 [toolkit.py] => shuffle: False
2026-03-30 14:47:04,705 [toolkit.py] => method: malora
2026-03-30 14:47:04,705 [toolkit.py] => optimizer: riemannian_sgd
2026-03-30 14:47:04,705 [toolkit.py] => riemannian_lr: 0.01
2026-03-30 14:47:04,705 [toolkit.py] => momentum: 0.9
2026-03-30 14:47:04,705 [toolkit.py] => scheduler: cosine
2026-03-30 14:47:04,705 [toolkit.py] => epochs: 20
2026-03-30 14:47:04,705 [toolkit.py] => weight_decay: 0.0
2026-03-30 14:47:04,705 [toolkit.py] => batch_size: 128
2026-03-30 14:47:04,705 [toolkit.py] => rank: 10
2026-03-30 14:47:04,705 [toolkit.py] => num_workers: 16
2026-03-30 14:47:04,705 [toolkit.py] => lamb: 0.85
2026-03-30 14:47:04,705 [toolkit.py] => lame: 0.95
2026-03-30 14:47:04,705 [toolkit.py] => logdir: logs/malora/cifar100/t10
2026-03-30 14:47:04,705 [toolkit.py] => logfilename: logs/malora/cifar100/t10/seed0
2026-03-30 14:47:06,329 [data_manager.py] => Class index order: 0, 1, 2, 3, 4, ..., 95, 96, 97, 98, 99
2026-03-30 14:48:13,789 [toolkit.py] => config: configs/maiflora/cifar100.json
2026-03-30 14:48:13,789 [toolkit.py] => device: [device(type='cuda', index=0)]
2026-03-30 14:48:13,789 [toolkit.py] => debug: False
2026-03-30 14:48:13,789 [toolkit.py] => save_ckp: False
2026-03-30 14:48:13,789 [toolkit.py] => seed: 0
2026-03-30 14:48:13,789 [toolkit.py] => dataset: cifar100
2026-03-30 14:48:13,789 [toolkit.py] => data_path: data/cifar100
2026-03-30 14:48:13,789 [toolkit.py] => load: vit_base_patch16_224_in21k
2026-03-30 14:48:13,789 [toolkit.py] => init_cls: 10
2026-03-30 14:48:13,789 [toolkit.py] => increment: 10
2026-03-30 14:48:13,790 [toolkit.py] => sessions: 10
2026-03-30 14:48:13,790 [toolkit.py] => shuffle: False
2026-03-30 14:48:13,790 [toolkit.py] => method: malora
2026-03-30 14:48:13,790 [toolkit.py] => optimizer: riemannian_sgd
2026-03-30 14:48:13,790 [toolkit.py] => riemannian_lr: 0.01
2026-03-30 14:48:13,790 [toolkit.py] => momentum: 0.9
2026-03-30 14:48:13,790 [toolkit.py] => scheduler: cosine
2026-03-30 14:48:13,790 [toolkit.py] => epochs: 20
2026-03-30 14:48:13,790 [toolkit.py] => weight_decay: 0.0
2026-03-30 14:48:13,790 [toolkit.py] => batch_size: 128
2026-03-30 14:48:13,790 [toolkit.py] => rank: 10
2026-03-30 14:48:13,790 [toolkit.py] => num_workers: 16
2026-03-30 14:48:13,790 [toolkit.py] => lamb: 0.85
2026-03-30 14:48:13,790 [toolkit.py] => lame: 0.95
2026-03-30 14:48:13,790 [toolkit.py] => logdir: logs/malora/cifar100/t10
2026-03-30 14:48:13,790 [toolkit.py] => logfilename: logs/malora/cifar100/t10/seed0
2026-03-30 14:48:15,385 [data_manager.py] => Class index order: 0, 1, 2, 3, 4, ..., 95, 96, 97, 98, 99
2026-03-30 14:49:08,295 [toolkit.py] => config: configs/maiflora/cifar100.json
2026-03-30 14:49:08,296 [toolkit.py] => device: [device(type='cuda', index=0)]
2026-03-30 14:49:08,296 [toolkit.py] => debug: False
2026-03-30 14:49:08,296 [toolkit.py] => save_ckp: False
2026-03-30 14:49:08,296 [toolkit.py] => seed: 0
2026-03-30 14:49:08,296 [toolkit.py] => dataset: cifar100
2026-03-30 14:49:08,296 [toolkit.py] => data_path: data/cifar100
2026-03-30 14:49:08,296 [toolkit.py] => load: vit_base_patch16_224_in21k
2026-03-30 14:49:08,296 [toolkit.py] => init_cls: 10
2026-03-30 14:49:08,296 [toolkit.py] => increment: 10
2026-03-30 14:49:08,296 [toolkit.py] => sessions: 10
2026-03-30 14:49:08,296 [toolkit.py] => shuffle: False
2026-03-30 14:49:08,296 [toolkit.py] => method: malora
2026-03-30 14:49:08,296 [toolkit.py] => optimizer: riemannian_sgd
2026-03-30 14:49:08,296 [toolkit.py] => riemannian_lr: 0.01
2026-03-30 14:49:08,296 [toolkit.py] => momentum: 0.9
2026-03-30 14:49:08,296 [toolkit.py] => scheduler: cosine
2026-03-30 14:49:08,296 [toolkit.py] => epochs: 20
2026-03-30 14:49:08,296 [toolkit.py] => weight_decay: 0.0
2026-03-30 14:49:08,296 [toolkit.py] => batch_size: 128
2026-03-30 14:49:08,296 [toolkit.py] => rank: 10
2026-03-30 14:49:08,296 [toolkit.py] => num_workers: 16
2026-03-30 14:49:08,296 [toolkit.py] => lamb: 0.85
2026-03-30 14:49:08,296 [toolkit.py] => lame: 0.95
2026-03-30 14:49:08,296 [toolkit.py] => logdir: logs/malora/cifar100/t10
2026-03-30 14:49:08,296 [toolkit.py] => logfilename: logs/malora/cifar100/t10/seed0
2026-03-30 14:49:09,873 [data_manager.py] => Class index order: 0, 1, 2, 3, 4, ..., 95, 96, 97, 98, 99
2026-03-30 14:49:49,179 [toolkit.py] => config: configs/maiflora/cifar100.json
2026-03-30 14:49:49,180 [toolkit.py] => device: [device(type='cuda', index=0)]
2026-03-30 14:49:49,180 [toolkit.py] => debug: False
2026-03-30 14:49:49,180 [toolkit.py] => save_ckp: False
2026-03-30 14:49:49,180 [toolkit.py] => seed: 0
2026-03-30 14:49:49,180 [toolkit.py] => dataset: cifar100
2026-03-30 14:49:49,180 [toolkit.py] => data_path: data/cifar100
2026-03-30 14:49:49,180 [toolkit.py] => load: vit_base_patch16_224_in21k
2026-03-30 14:49:49,180 [toolkit.py] => init_cls: 10
2026-03-30 14:49:49,180 [toolkit.py] => increment: 10
2026-03-30 14:49:49,180 [toolkit.py] => sessions: 10
2026-03-30 14:49:49,180 [toolkit.py] => shuffle: False
2026-03-30 14:49:49,180 [toolkit.py] => method: malora
2026-03-30 14:49:49,180 [toolkit.py] => optimizer: riemannian_sgd
2026-03-30 14:49:49,180 [toolkit.py] => riemannian_lr: 0.01
2026-03-30 14:49:49,180 [toolkit.py] => momentum: 0.9
2026-03-30 14:49:49,180 [toolkit.py] => scheduler: cosine
2026-03-30 14:49:49,180 [toolkit.py] => epochs: 20
2026-03-30 14:49:49,180 [toolkit.py] => weight_decay: 0.0
2026-03-30 14:49:49,180 [toolkit.py] => batch_size: 128
2026-03-30 14:49:49,180 [toolkit.py] => rank: 10
2026-03-30 14:49:49,180 [toolkit.py] => num_workers: 16
2026-03-30 14:49:49,180 [toolkit.py] => lamb: 0.85
2026-03-30 14:49:49,180 [toolkit.py] => lame: 0.95
2026-03-30 14:49:49,180 [toolkit.py] => logdir: logs/malora/cifar100/t10
2026-03-30 14:49:49,180 [toolkit.py] => logfilename: logs/malora/cifar100/t10/seed0
2026-03-30 14:49:50,718 [data_manager.py] => Class index order: 0, 1, 2, 3, 4, ..., 95, 96, 97, 98, 99
2026-03-30 14:50:10,390 [toolkit.py] => config: configs/maiflora/cifar100.json
2026-03-30 14:50:10,391 [toolkit.py] => device: [device(type='cuda', index=0)]
2026-03-30 14:50:10,391 [toolkit.py] => debug: False
2026-03-30 14:50:10,391 [toolkit.py] => save_ckp: False
2026-03-30 14:50:10,391 [toolkit.py] => seed: 0
2026-03-30 14:50:10,391 [toolkit.py] => dataset: cifar100
2026-03-30 14:50:10,391 [toolkit.py] => data_path: data/cifar100
2026-03-30 14:50:10,391 [toolkit.py] => load: vit_base_patch16_224_in21k
2026-03-30 14:50:10,391 [toolkit.py] => init_cls: 10
2026-03-30 14:50:10,391 [toolkit.py] => increment: 10
2026-03-30 14:50:10,391 [toolkit.py] => sessions: 10
2026-03-30 14:50:10,391 [toolkit.py] => shuffle: False
2026-03-30 14:50:10,391 [toolkit.py] => method: malora
2026-03-30 14:50:10,391 [toolkit.py] => optimizer: riemannian_sgd
2026-03-30 14:50:10,391 [toolkit.py] => riemannian_lr: 0.01
2026-03-30 14:50:10,391 [toolkit.py] => momentum: 0.9
2026-03-30 14:50:10,391 [toolkit.py] => scheduler: cosine
2026-03-30 14:50:10,391 [toolkit.py] => epochs: 20
2026-03-30 14:50:10,391 [toolkit.py] => weight_decay: 0.0
2026-03-30 14:50:10,391 [toolkit.py] => batch_size: 128
2026-03-30 14:50:10,391 [toolkit.py] => rank: 10
2026-03-30 14:50:10,391 [toolkit.py] => num_workers: 16
2026-03-30 14:50:10,391 [toolkit.py] => lamb: 0.85
2026-03-30 14:50:10,392 [toolkit.py] => lame: 0.95
2026-03-30 14:50:10,392 [toolkit.py] => logdir: logs/malora/cifar100/t10
2026-03-30 14:50:10,392 [toolkit.py] => logfilename: logs/malora/cifar100/t10/seed0
2026-03-30 14:50:11,922 [data_manager.py] => Class index order: 0, 1, 2, 3, 4, ..., 95, 96, 97, 98, 99
2026-03-30 14:52:52,599 [toolkit.py] => config: configs/maiflora/cifar100.json
2026-03-30 14:52:52,600 [toolkit.py] => device: [device(type='cuda', index=0)]
2026-03-30 14:52:52,600 [toolkit.py] => debug: False
2026-03-30 14:52:52,600 [toolkit.py] => save_ckp: False
2026-03-30 14:52:52,600 [toolkit.py] => seed: 0
2026-03-30 14:52:52,600 [toolkit.py] => dataset: cifar100
2026-03-30 14:52:52,600 [toolkit.py] => data_path: data/cifar100
2026-03-30 14:52:52,600 [toolkit.py] => load: vit_base_patch16_224_in21k
2026-03-30 14:52:52,600 [toolkit.py] => init_cls: 10
2026-03-30 14:52:52,600 [toolkit.py] => increment: 10
2026-03-30 14:52:52,600 [toolkit.py] => sessions: 10
2026-03-30 14:52:52,600 [toolkit.py] => shuffle: False
2026-03-30 14:52:52,600 [toolkit.py] => method: malora
2026-03-30 14:52:52,600 [toolkit.py] => optimizer: riemannian_sgd
2026-03-30 14:52:52,600 [toolkit.py] => riemannian_lr: 0.01
2026-03-30 14:52:52,600 [toolkit.py] => momentum: 0.9
2026-03-30 14:52:52,600 [toolkit.py] => scheduler: cosine
2026-03-30 14:52:52,600 [toolkit.py] => epochs: 20
2026-03-30 14:52:52,600 [toolkit.py] => weight_decay: 0.0
2026-03-30 14:52:52,601 [toolkit.py] => batch_size: 128
2026-03-30 14:52:52,601 [toolkit.py] => rank: 10
2026-03-30 14:52:52,601 [toolkit.py] => num_workers: 16
2026-03-30 14:52:52,601 [toolkit.py] => lamb: 0.85
2026-03-30 14:52:52,601 [toolkit.py] => lame: 0.95
2026-03-30 14:52:52,601 [toolkit.py] => logdir: logs/malora/cifar100/t10
2026-03-30 14:52:52,601 [toolkit.py] => logfilename: logs/malora/cifar100/t10/seed0
2026-03-30 14:52:54,174 [data_manager.py] => Class index order: 0, 1, 2, 3, 4, ..., 95, 96, 97, 98, 99
2026-03-30 14:53:26,198 [toolkit.py] => config: configs/maiflora/cifar100.json
2026-03-30 14:53:26,198 [toolkit.py] => device: [device(type='cuda', index=0)]
2026-03-30 14:53:26,198 [toolkit.py] => debug: False
2026-03-30 14:53:26,198 [toolkit.py] => save_ckp: False
2026-03-30 14:53:26,198 [toolkit.py] => seed: 0
2026-03-30 14:53:26,198 [toolkit.py] => dataset: cifar100
2026-03-30 14:53:26,198 [toolkit.py] => data_path: data/cifar100
2026-03-30 14:53:26,199 [toolkit.py] => load: vit_base_patch16_224_in21k
2026-03-30 14:53:26,199 [toolkit.py] => init_cls: 10
2026-03-30 14:53:26,199 [toolkit.py] => increment: 10
2026-03-30 14:53:26,199 [toolkit.py] => sessions: 10
2026-03-30 14:53:26,199 [toolkit.py] => shuffle: False
2026-03-30 14:53:26,199 [toolkit.py] => method: malora
2026-03-30 14:53:26,199 [toolkit.py] => optimizer: riemannian_sgd
2026-03-30 14:53:26,199 [toolkit.py] => riemannian_lr: 0.01
2026-03-30 14:53:26,199 [toolkit.py] => momentum: 0.9
2026-03-30 14:53:26,199 [toolkit.py] => scheduler: cosine
2026-03-30 14:53:26,199 [toolkit.py] => epochs: 20
2026-03-30 14:53:26,199 [toolkit.py] => weight_decay: 0.0
2026-03-30 14:53:26,199 [toolkit.py] => batch_size: 128
2026-03-30 14:53:26,199 [toolkit.py] => rank: 10
2026-03-30 14:53:26,199 [toolkit.py] => num_workers: 16
2026-03-30 14:53:26,199 [toolkit.py] => lamb: 0.85
2026-03-30 14:53:26,199 [toolkit.py] => lame: 0.95
2026-03-30 14:53:26,199 [toolkit.py] => logdir: logs/malora/cifar100/t10
2026-03-30 14:53:26,199 [toolkit.py] => logfilename: logs/malora/cifar100/t10/seed0
2026-03-30 14:53:27,748 [data_manager.py] => Class index order: 0, 1, 2, 3, 4, ..., 95, 96, 97, 98, 99
2026-03-30 14:56:12,369 [toolkit.py] => config: configs/maiflora/cifar100.json
2026-03-30 14:56:12,370 [toolkit.py] => device: [device(type='cuda', index=0)]
2026-03-30 14:56:12,370 [toolkit.py] => debug: False
2026-03-30 14:56:12,370 [toolkit.py] => save_ckp: False
2026-03-30 14:56:12,370 [toolkit.py] => seed: 0
2026-03-30 14:56:12,370 [toolkit.py] => dataset: cifar100
2026-03-30 14:56:12,370 [toolkit.py] => data_path: data/cifar100
2026-03-30 14:56:12,370 [toolkit.py] => load: vit_base_patch16_224_in21k
2026-03-30 14:56:12,370 [toolkit.py] => init_cls: 10
2026-03-30 14:56:12,370 [toolkit.py] => increment: 10
2026-03-30 14:56:12,370 [toolkit.py] => sessions: 10
2026-03-30 14:56:12,370 [toolkit.py] => shuffle: False
2026-03-30 14:56:12,370 [toolkit.py] => method: malora
2026-03-30 14:56:12,370 [toolkit.py] => optimizer: riemannian_sgd
2026-03-30 14:56:12,371 [toolkit.py] => riemannian_lr: 0.01
2026-03-30 14:56:12,371 [toolkit.py] => momentum: 0.9
2026-03-30 14:56:12,371 [toolkit.py] => scheduler: cosine
2026-03-30 14:56:12,371 [toolkit.py] => epochs: 20
2026-03-30 14:56:12,371 [toolkit.py] => weight_decay: 0.0
2026-03-30 14:56:12,371 [toolkit.py] => batch_size: 128
2026-03-30 14:56:12,371 [toolkit.py] => rank: 10
2026-03-30 14:56:12,371 [toolkit.py] => num_workers: 16
2026-03-30 14:56:12,371 [toolkit.py] => lamb: 0.85
2026-03-30 14:56:12,371 [toolkit.py] => lame: 0.95
2026-03-30 14:56:12,371 [toolkit.py] => logdir: logs/malora/cifar100/t10
2026-03-30 14:56:12,371 [toolkit.py] => logfilename: logs/malora/cifar100/t10/seed0
2026-03-30 14:56:14,135 [data_manager.py] => Class index order: 0, 1, 2, 3, 4, ..., 95, 96, 97, 98, 99
2026-03-30 14:57:17,234 [toolkit.py] => config: configs/maiflora/cifar100.json
2026-03-30 14:57:17,234 [toolkit.py] => device: [device(type='cuda', index=0)]
2026-03-30 14:57:17,234 [toolkit.py] => debug: False
2026-03-30 14:57:17,234 [toolkit.py] => save_ckp: False
2026-03-30 14:57:17,234 [toolkit.py] => seed: 0
2026-03-30 14:57:17,234 [toolkit.py] => dataset: cifar100
2026-03-30 14:57:17,235 [toolkit.py] => data_path: data/cifar100
2026-03-30 14:57:17,235 [toolkit.py] => load: vit_base_patch16_224_in21k
2026-03-30 14:57:17,235 [toolkit.py] => init_cls: 10
2026-03-30 14:57:17,235 [toolkit.py] => increment: 10
2026-03-30 14:57:17,235 [toolkit.py] => sessions: 10
2026-03-30 14:57:17,235 [toolkit.py] => shuffle: False
2026-03-30 14:57:17,235 [toolkit.py] => method: malora
2026-03-30 14:57:17,235 [toolkit.py] => optimizer: riemannian_sgd
2026-03-30 14:57:17,235 [toolkit.py] => riemannian_lr: 0.01
2026-03-30 14:57:17,235 [toolkit.py] => momentum: 0.9
2026-03-30 14:57:17,235 [toolkit.py] => scheduler: cosine
2026-03-30 14:57:17,235 [toolkit.py] => epochs: 20
2026-03-30 14:57:17,235 [toolkit.py] => weight_decay: 0.0
2026-03-30 14:57:17,235 [toolkit.py] => batch_size: 128
2026-03-30 14:57:17,235 [toolkit.py] => rank: 10
2026-03-30 14:57:17,235 [toolkit.py] => num_workers: 16
2026-03-30 14:57:17,235 [toolkit.py] => lamb: 0.85
2026-03-30 14:57:17,235 [toolkit.py] => lame: 0.95
2026-03-30 14:57:17,235 [toolkit.py] => lrate: 0.0005
2026-03-30 14:57:17,235 [toolkit.py] => logdir: logs/malora/cifar100/t10
2026-03-30 14:57:17,235 [toolkit.py] => logfilename: logs/malora/cifar100/t10/seed0
2026-03-30 14:57:18,982 [data_manager.py] => Class index order: 0, 1, 2, 3, 4, ..., 95, 96, 97, 98, 99
2026-03-30 14:57:28,631 [trainer.py] => ================================================================================
2026-03-30 15:00:53,177 [toolkit.py] => config: configs/maiflora/cifar100.json
2026-03-30 15:00:53,181 [toolkit.py] => device: [device(type='cuda', index=0)]
2026-03-30 15:00:53,181 [toolkit.py] => debug: False
2026-03-30 15:00:53,181 [toolkit.py] => save_ckp: False
2026-03-30 15:00:53,181 [toolkit.py] => seed: 0
2026-03-30 15:00:53,181 [toolkit.py] => dataset: cifar100
2026-03-30 15:00:53,181 [toolkit.py] => data_path: data/cifar100
2026-03-30 15:00:53,181 [toolkit.py] => load: vit_base_patch16_224_in21k
2026-03-30 15:00:53,181 [toolkit.py] => init_cls: 10
2026-03-30 15:00:53,181 [toolkit.py] => increment: 10
2026-03-30 15:00:53,181 [toolkit.py] => sessions: 10
2026-03-30 15:00:53,181 [toolkit.py] => shuffle: False
2026-03-30 15:00:53,181 [toolkit.py] => method: malora
2026-03-30 15:00:53,181 [toolkit.py] => optimizer: riemannian_sgd
2026-03-30 15:00:53,181 [toolkit.py] => riemannian_lr: 0.01
2026-03-30 15:00:53,181 [toolkit.py] => momentum: 0.9
2026-03-30 15:00:53,182 [toolkit.py] => scheduler: cosine
2026-03-30 15:00:53,182 [toolkit.py] => epochs: 20
2026-03-30 15:00:53,182 [toolkit.py] => weight_decay: 0.0
2026-03-30 15:00:53,182 [toolkit.py] => batch_size: 128
2026-03-30 15:00:53,182 [toolkit.py] => rank: 10
2026-03-30 15:00:53,182 [toolkit.py] => num_workers: 16
2026-03-30 15:00:53,182 [toolkit.py] => lamb: 0.85
2026-03-30 15:00:53,182 [toolkit.py] => lame: 0.95
2026-03-30 15:00:53,182 [toolkit.py] => lrate: 0.0005
2026-03-30 15:00:53,182 [toolkit.py] => logdir: logs/malora/cifar100/t10
2026-03-30 15:00:53,182 [toolkit.py] => logfilename: logs/malora/cifar100/t10/seed0
2026-03-30 15:00:54,728 [data_manager.py] => Class index order: 0, 1, 2, 3, 4, ..., 95, 96, 97, 98, 99
2026-03-30 15:01:03,833 [trainer.py] => ================================================================================
2026-03-30 15:07:49,487 [toolkit.py] => config: configs/maiflora/cifar100.json
2026-03-30 15:07:49,488 [toolkit.py] => device: [device(type='cuda', index=0)]
2026-03-30 15:07:49,488 [toolkit.py] => debug: False
2026-03-30 15:07:49,488 [toolkit.py] => save_ckp: False
2026-03-30 15:07:49,488 [toolkit.py] => seed: 0
2026-03-30 15:07:49,488 [toolkit.py] => dataset: cifar100
2026-03-30 15:07:49,489 [toolkit.py] => data_path: data/cifar100
2026-03-30 15:07:49,489 [toolkit.py] => load: vit_base_patch16_224_in21k
2026-03-30 15:07:49,489 [toolkit.py] => init_cls: 10
2026-03-30 15:07:49,489 [toolkit.py] => increment: 10
2026-03-30 15:07:49,489 [toolkit.py] => sessions: 10
2026-03-30 15:07:49,489 [toolkit.py] => shuffle: False
2026-03-30 15:07:49,489 [toolkit.py] => method: malora
2026-03-30 15:07:49,489 [toolkit.py] => optimizer: riemannian_sgd
2026-03-30 15:07:49,489 [toolkit.py] => riemannian_lr: 0.01
2026-03-30 15:07:49,489 [toolkit.py] => momentum: 0.9
2026-03-30 15:07:49,489 [toolkit.py] => scheduler: cosine
2026-03-30 15:07:49,489 [toolkit.py] => epochs: 20
2026-03-30 15:07:49,489 [toolkit.py] => weight_decay: 0.0
2026-03-30 15:07:49,489 [toolkit.py] => batch_size: 128
2026-03-30 15:07:49,489 [toolkit.py] => rank: 10
2026-03-30 15:07:49,489 [toolkit.py] => num_workers: 16
2026-03-30 15:07:49,489 [toolkit.py] => lamb: 0.85
2026-03-30 15:07:49,489 [toolkit.py] => lame: 0.95
2026-03-30 15:07:49,489 [toolkit.py] => lrate: 0.0005
2026-03-30 15:07:49,489 [toolkit.py] => logdir: logs/malora/cifar100/t10
2026-03-30 15:07:49,489 [toolkit.py] => logfilename: logs/malora/cifar100/t10/seed0
2026-03-30 15:07:51,053 [data_manager.py] => Class index order: 0, 1, 2, 3, 4, ..., 95, 96, 97, 98, 99
2026-03-30 15:08:00,760 [malora.py] => MALoRA initialized: rank=10, lame=0.95, lamb=0.85
2026-03-30 15:08:00,761 [trainer.py] => ================================================================================
2026-03-30 15:08:00,761 [malora.py] => Initializing delta_W with first task data...
2026-03-30 15:09:55,305 [toolkit.py] => config: configs/maiflora/cifar100.json
2026-03-30 15:09:55,306 [toolkit.py] => device: [device(type='cuda', index=0)]
2026-03-30 15:09:55,306 [toolkit.py] => debug: False
2026-03-30 15:09:55,306 [toolkit.py] => save_ckp: False
2026-03-30 15:09:55,306 [toolkit.py] => seed: 0
2026-03-30 15:09:55,306 [toolkit.py] => dataset: cifar100
2026-03-30 15:09:55,306 [toolkit.py] => data_path: data/cifar100
2026-03-30 15:09:55,306 [toolkit.py] => load: vit_base_patch16_224_in21k
2026-03-30 15:09:55,306 [toolkit.py] => init_cls: 10
2026-03-30 15:09:55,306 [toolkit.py] => increment: 10
2026-03-30 15:09:55,306 [toolkit.py] => sessions: 10
2026-03-30 15:09:55,306 [toolkit.py] => shuffle: False
2026-03-30 15:09:55,306 [toolkit.py] => method: malora
2026-03-30 15:09:55,306 [toolkit.py] => optimizer: riemannian_sgd
2026-03-30 15:09:55,306 [toolkit.py] => riemannian_lr: 0.01
2026-03-30 15:09:55,306 [toolkit.py] => momentum: 0.9
2026-03-30 15:09:55,306 [toolkit.py] => scheduler: cosine
2026-03-30 15:09:55,306 [toolkit.py] => epochs: 20
2026-03-30 15:09:55,306 [toolkit.py] => weight_decay: 0.0
2026-03-30 15:09:55,306 [toolkit.py] => batch_size: 128
2026-03-30 15:09:55,306 [toolkit.py] => rank: 10
2026-03-30 15:09:55,306 [toolkit.py] => num_workers: 16
2026-03-30 15:09:55,306 [toolkit.py] => lamb: 0.85
2026-03-30 15:09:55,306 [toolkit.py] => lame: 0.95
2026-03-30 15:09:55,306 [toolkit.py] => lrate: 0.0005
2026-03-30 15:09:55,306 [toolkit.py] => logdir: logs/malora/cifar100/t10
2026-03-30 15:09:55,306 [toolkit.py] => logfilename: logs/malora/cifar100/t10/seed0
2026-03-30 15:09:56,946 [data_manager.py] => Class index order: 0, 1, 2, 3, 4, ..., 95, 96, 97, 98, 99
2026-03-30 15:10:06,725 [malora.py] => MALoRA initialized: rank=10, lame=0.95, lamb=0.85
2026-03-30 15:10:06,725 [trainer.py] => ================================================================================
2026-03-30 15:10:06,725 [malora.py] => Initializing delta_W with first task data...
2026-03-30 15:12:03,297 [toolkit.py] => config: configs/maiflora/cifar100.json
2026-03-30 15:12:03,298 [toolkit.py] => device: [device(type='cuda', index=0)]
2026-03-30 15:12:03,298 [toolkit.py] => debug: False
2026-03-30 15:12:03,298 [toolkit.py] => save_ckp: False
2026-03-30 15:12:03,298 [toolkit.py] => seed: 0
2026-03-30 15:12:03,298 [toolkit.py] => dataset: cifar100
2026-03-30 15:12:03,298 [toolkit.py] => data_path: data/cifar100
2026-03-30 15:12:03,298 [toolkit.py] => load: vit_base_patch16_224_in21k
2026-03-30 15:12:03,298 [toolkit.py] => init_cls: 10
2026-03-30 15:12:03,298 [toolkit.py] => increment: 10
2026-03-30 15:12:03,298 [toolkit.py] => sessions: 10
2026-03-30 15:12:03,298 [toolkit.py] => shuffle: False
2026-03-30 15:12:03,298 [toolkit.py] => method: malora
2026-03-30 15:12:03,298 [toolkit.py] => optimizer: riemannian_sgd
2026-03-30 15:12:03,298 [toolkit.py] => riemannian_lr: 0.01
2026-03-30 15:12:03,298 [toolkit.py] => momentum: 0.9
2026-03-30 15:12:03,298 [toolkit.py] => scheduler: cosine
2026-03-30 15:12:03,298 [toolkit.py] => epochs: 20
2026-03-30 15:12:03,298 [toolkit.py] => weight_decay: 0.0
2026-03-30 15:12:03,298 [toolkit.py] => batch_size: 128
2026-03-30 15:12:03,298 [toolkit.py] => rank: 10
2026-03-30 15:12:03,298 [toolkit.py] => num_workers: 16
2026-03-30 15:12:03,298 [toolkit.py] => lamb: 0.85
2026-03-30 15:12:03,298 [toolkit.py] => lame: 0.95
2026-03-30 15:12:03,298 [toolkit.py] => lrate: 0.0005
2026-03-30 15:12:03,299 [toolkit.py] => logdir: logs/malora/cifar100/t10
2026-03-30 15:12:03,299 [toolkit.py] => logfilename: logs/malora/cifar100/t10/seed0
2026-03-30 15:12:04,869 [data_manager.py] => Class index order: 0, 1, 2, 3, 4, ..., 95, 96, 97, 98, 99
2026-03-30 15:12:14,013 [malora.py] => MALoRA initialized: rank=10, lame=0.95, lamb=0.85
2026-03-30 15:12:14,013 [trainer.py] => ================================================================================
2026-03-30 15:12:14,014 [malora.py] => Initializing delta_W with first task data...
2026-03-30 15:12:14,014 [malora.py] => DataManager available attributes: ['args', 'get_anchor_dataset', 'get_dataset', 'get_dataset_with_split', 'get_task_size', 'task_num', 'total_class_num', 'use_path']
2026-03-30 15:13:58,981 [toolkit.py] => config: configs/maiflora/cifar100.json
2026-03-30 15:13:58,982 [toolkit.py] => device: [device(type='cuda', index=0)]
2026-03-30 15:13:58,982 [toolkit.py] => debug: False
2026-03-30 15:13:58,982 [toolkit.py] => save_ckp: False
2026-03-30 15:13:58,982 [toolkit.py] => seed: 0
2026-03-30 15:13:58,982 [toolkit.py] => dataset: cifar100
2026-03-30 15:13:58,982 [toolkit.py] => data_path: data/cifar100
2026-03-30 15:13:58,982 [toolkit.py] => load: vit_base_patch16_224_in21k
2026-03-30 15:13:58,982 [toolkit.py] => init_cls: 10
2026-03-30 15:13:58,982 [toolkit.py] => increment: 10
2026-03-30 15:13:58,982 [toolkit.py] => sessions: 10
2026-03-30 15:13:58,982 [toolkit.py] => shuffle: False
2026-03-30 15:13:58,982 [toolkit.py] => method: malora
2026-03-30 15:13:58,982 [toolkit.py] => optimizer: riemannian_sgd
2026-03-30 15:13:58,982 [toolkit.py] => riemannian_lr: 0.01
2026-03-30 15:13:58,982 [toolkit.py] => momentum: 0.9
2026-03-30 15:13:58,982 [toolkit.py] => scheduler: cosine
2026-03-30 15:13:58,982 [toolkit.py] => epochs: 20
2026-03-30 15:13:58,982 [toolkit.py] => weight_decay: 0.0
2026-03-30 15:13:58,982 [toolkit.py] => batch_size: 128
2026-03-30 15:13:58,982 [toolkit.py] => rank: 10
2026-03-30 15:13:58,982 [toolkit.py] => num_workers: 16
2026-03-30 15:13:58,982 [toolkit.py] => lamb: 0.85
2026-03-30 15:13:58,982 [toolkit.py] => lame: 0.95
2026-03-30 15:13:58,982 [toolkit.py] => lrate: 0.0005
2026-03-30 15:13:58,983 [toolkit.py] => logdir: logs/malora/cifar100/t10
2026-03-30 15:13:58,983 [toolkit.py] => logfilename: logs/malora/cifar100/t10/seed0
2026-03-30 15:14:00,554 [data_manager.py] => Class index order: 0, 1, 2, 3, 4, ..., 95, 96, 97, 98, 99
2026-03-30 15:14:10,064 [malora.py] => MALoRA initialized: rank=10, lame=0.95, lamb=0.85
2026-03-30 15:14:10,064 [trainer.py] => ================================================================================
2026-03-30 15:14:10,064 [malora.py] => Initializing delta_W with first task data...
2026-03-30 15:15:52,888 [toolkit.py] => config: configs/maiflora/cifar100.json
2026-03-30 15:15:52,889 [toolkit.py] => device: [device(type='cuda', index=0)]
2026-03-30 15:15:52,889 [toolkit.py] => debug: False
2026-03-30 15:15:52,889 [toolkit.py] => save_ckp: False
2026-03-30 15:15:52,889 [toolkit.py] => seed: 0
2026-03-30 15:15:52,889 [toolkit.py] => dataset: cifar100
2026-03-30 15:15:52,889 [toolkit.py] => data_path: data/cifar100
2026-03-30 15:15:52,889 [toolkit.py] => load: vit_base_patch16_224_in21k
2026-03-30 15:15:52,889 [toolkit.py] => init_cls: 10
2026-03-30 15:15:52,889 [toolkit.py] => increment: 10
2026-03-30 15:15:52,889 [toolkit.py] => sessions: 10
2026-03-30 15:15:52,889 [toolkit.py] => shuffle: False
2026-03-30 15:15:52,889 [toolkit.py] => method: malora
2026-03-30 15:15:52,889 [toolkit.py] => optimizer: riemannian_sgd
2026-03-30 15:15:52,889 [toolkit.py] => riemannian_lr: 0.01
2026-03-30 15:15:52,889 [toolkit.py] => momentum: 0.9
2026-03-30 15:15:52,889 [toolkit.py] => scheduler: cosine
2026-03-30 15:15:52,889 [toolkit.py] => epochs: 20
2026-03-30 15:15:52,889 [toolkit.py] => weight_decay: 0.0
2026-03-30 15:15:52,889 [toolkit.py] => batch_size: 128
2026-03-30 15:15:52,889 [toolkit.py] => rank: 10
2026-03-30 15:15:52,889 [toolkit.py] => num_workers: 16
2026-03-30 15:15:52,889 [toolkit.py] => lamb: 0.85
2026-03-30 15:15:52,889 [toolkit.py] => lame: 0.95
2026-03-30 15:15:52,889 [toolkit.py] => lrate: 0.0005
2026-03-30 15:15:52,889 [toolkit.py] => logdir: logs/malora/cifar100/t10
2026-03-30 15:15:52,889 [toolkit.py] => logfilename: logs/malora/cifar100/t10/seed0
2026-03-30 15:15:54,432 [data_manager.py] => Class index order: 0, 1, 2, 3, 4, ..., 95, 96, 97, 98, 99
2026-03-30 15:16:05,093 [malora.py] => MALoRA initialized: rank=10, lame=0.95, lamb=0.85
2026-03-30 15:16:05,093 [trainer.py] => ================================================================================
2026-03-30 15:16:05,093 [malora.py] => Initializing delta_W with first task data...
2026-03-30 15:18:19,989 [toolkit.py] => config: configs/maiflora/cifar100.json
2026-03-30 15:18:19,989 [toolkit.py] => device: [device(type='cuda', index=0)]
2026-03-30 15:18:19,989 [toolkit.py] => debug: False
2026-03-30 15:18:19,989 [toolkit.py] => save_ckp: False
2026-03-30 15:18:19,989 [toolkit.py] => seed: 0
2026-03-30 15:18:19,989 [toolkit.py] => dataset: cifar100
2026-03-30 15:18:19,989 [toolkit.py] => data_path: data/cifar100
2026-03-30 15:18:19,989 [toolkit.py] => load: vit_base_patch16_224_in21k
2026-03-30 15:18:19,990 [toolkit.py] => init_cls: 10
2026-03-30 15:18:19,990 [toolkit.py] => increment: 10
2026-03-30 15:18:19,990 [toolkit.py] => sessions: 10
2026-03-30 15:18:19,990 [toolkit.py] => shuffle: False
2026-03-30 15:18:19,990 [toolkit.py] => method: malora
2026-03-30 15:18:19,990 [toolkit.py] => optimizer: riemannian_sgd
2026-03-30 15:18:19,990 [toolkit.py] => riemannian_lr: 0.01
2026-03-30 15:18:19,990 [toolkit.py] => momentum: 0.9
2026-03-30 15:18:19,990 [toolkit.py] => scheduler: cosine
2026-03-30 15:18:19,990 [toolkit.py] => epochs: 20
2026-03-30 15:18:19,990 [toolkit.py] => weight_decay: 0.0
2026-03-30 15:18:19,990 [toolkit.py] => batch_size: 128
2026-03-30 15:18:19,990 [toolkit.py] => rank: 10
2026-03-30 15:18:19,990 [toolkit.py] => num_workers: 16
2026-03-30 15:18:19,990 [toolkit.py] => lamb: 0.85
2026-03-30 15:18:19,990 [toolkit.py] => lame: 0.95
2026-03-30 15:18:19,990 [toolkit.py] => lrate: 0.0005
2026-03-30 15:18:19,990 [toolkit.py] => logdir: logs/malora/cifar100/t10
2026-03-30 15:18:19,990 [toolkit.py] => logfilename: logs/malora/cifar100/t10/seed0
2026-03-30 15:18:21,538 [data_manager.py] => Class index order: 0, 1, 2, 3, 4, ..., 95, 96, 97, 98, 99
2026-03-30 15:18:31,113 [malora.py] => MALoRA initialized: rank=10, lame=0.95, lamb=0.85
2026-03-30 15:18:31,113 [trainer.py] => ================================================================================
2026-03-30 15:18:31,383 [malora.py] => Initializing delta_W with first task data...
2026-03-30 15:22:32,419 [toolkit.py] => config: configs/maiflora/cifar100.json
2026-03-30 15:22:32,437 [toolkit.py] => device: [device(type='cuda', index=0)]
2026-03-30 15:22:32,437 [toolkit.py] => debug: False
2026-03-30 15:22:32,437 [toolkit.py] => save_ckp: False
2026-03-30 15:22:32,437 [toolkit.py] => seed: 0
2026-03-30 15:22:32,437 [toolkit.py] => dataset: cifar100
2026-03-30 15:22:32,437 [toolkit.py] => data_path: data/cifar100
2026-03-30 15:22:32,437 [toolkit.py] => load: vit_base_patch16_224_in21k
2026-03-30 15:22:32,438 [toolkit.py] => init_cls: 10
2026-03-30 15:22:32,438 [toolkit.py] => increment: 10
2026-03-30 15:22:32,438 [toolkit.py] => sessions: 10
2026-03-30 15:22:32,438 [toolkit.py] => shuffle: False
2026-03-30 15:22:32,438 [toolkit.py] => method: malora
2026-03-30 15:22:32,438 [toolkit.py] => optimizer: riemannian_sgd
2026-03-30 15:22:32,438 [toolkit.py] => riemannian_lr: 0.01
2026-03-30 15:22:32,438 [toolkit.py] => momentum: 0.9
2026-03-30 15:22:32,438 [toolkit.py] => scheduler: cosine
2026-03-30 15:22:32,438 [toolkit.py] => epochs: 20
2026-03-30 15:22:32,438 [toolkit.py] => weight_decay: 0.0
2026-03-30 15:22:32,438 [toolkit.py] => batch_size: 128
2026-03-30 15:22:32,438 [toolkit.py] => rank: 10
2026-03-30 15:22:32,438 [toolkit.py] => num_workers: 16
2026-03-30 15:22:32,438 [toolkit.py] => lamb: 0.85
2026-03-30 15:22:32,438 [toolkit.py] => lame: 0.95
2026-03-30 15:22:32,438 [toolkit.py] => lrate: 0.0005
2026-03-30 15:22:32,438 [toolkit.py] => logdir: logs/malora/cifar100/t10
2026-03-30 15:22:32,438 [toolkit.py] => logfilename: logs/malora/cifar100/t10/seed0
2026-03-30 15:22:36,462 [data_manager.py] => Class index order: 0, 1, 2, 3, 4, ..., 95, 96, 97, 98, 99
2026-03-30 15:23:02,234 [malora.py] => MALoRA initialized: rank=10, lame=0.95, lamb=0.85
2026-03-30 15:23:02,235 [trainer.py] => ================================================================================
2026-03-30 15:23:02,235 [malora.py] => Initializing delta_W with first task data...
2026-03-30 15:39:40,615 [toolkit.py] => config: configs/maiflora/cifar100.json
2026-03-30 15:39:40,638 [toolkit.py] => device: [device(type='cuda', index=0)]
2026-03-30 15:39:40,639 [toolkit.py] => debug: False
2026-03-30 15:39:40,639 [toolkit.py] => save_ckp: False
2026-03-30 15:39:40,639 [toolkit.py] => seed: 0
2026-03-30 15:39:40,639 [toolkit.py] => dataset: cifar100
2026-03-30 15:39:40,639 [toolkit.py] => data_path: data/cifar100
2026-03-30 15:39:40,639 [toolkit.py] => load: vit_base_patch16_224_in21k
2026-03-30 15:39:40,639 [toolkit.py] => init_cls: 10
2026-03-30 15:39:40,639 [toolkit.py] => increment: 10
2026-03-30 15:39:40,640 [toolkit.py] => sessions: 10
2026-03-30 15:39:40,640 [toolkit.py] => shuffle: False
2026-03-30 15:39:40,640 [toolkit.py] => method: malora
2026-03-30 15:39:40,640 [toolkit.py] => optimizer: riemannian_sgd
2026-03-30 15:39:40,640 [toolkit.py] => riemannian_lr: 0.01
2026-03-30 15:39:40,640 [toolkit.py] => momentum: 0.9
2026-03-30 15:39:40,640 [toolkit.py] => scheduler: cosine
2026-03-30 15:39:40,640 [toolkit.py] => epochs: 20
2026-03-30 15:39:40,640 [toolkit.py] => weight_decay: 0.0
2026-03-30 15:39:40,640 [toolkit.py] => batch_size: 128
2026-03-30 15:39:40,640 [toolkit.py] => rank: 10
2026-03-30 15:39:40,640 [toolkit.py] => num_workers: 16
2026-03-30 15:39:40,640 [toolkit.py] => lamb: 0.85
2026-03-30 15:39:40,640 [toolkit.py] => lame: 0.95
2026-03-30 15:39:40,640 [toolkit.py] => lrate: 0.0005
2026-03-30 15:39:40,640 [toolkit.py] => logdir: logs/malora/cifar100/t10
2026-03-30 15:39:40,640 [toolkit.py] => logfilename: logs/malora/cifar100/t10/seed0
2026-03-30 15:39:42,636 [data_manager.py] => Class index order: 0, 1, 2, 3, 4, ..., 95, 96, 97, 98, 99
2026-03-30 15:39:57,997 [malora.py] => MALoRA initialized: rank=10, lame=0.95, lamb=0.85
2026-03-30 15:39:57,998 [trainer.py] => ================================================================================
2026-03-30 15:39:57,998 [malora.py] => Initializing delta_W with first task data...
2026-03-31 04:18:26,171 [toolkit.py] => config: configs/maiflora/cifar100.json
2026-03-31 04:18:26,190 [toolkit.py] => device: [device(type='cuda', index=0)]
2026-03-31 04:18:26,190 [toolkit.py] => debug: False
2026-03-31 04:18:26,190 [toolkit.py] => save_ckp: False
2026-03-31 04:18:26,190 [toolkit.py] => seed: 0
2026-03-31 04:18:26,190 [toolkit.py] => dataset: cifar100
2026-03-31 04:18:26,190 [toolkit.py] => data_path: data/cifar100
2026-03-31 04:18:26,190 [toolkit.py] => load: vit_base_patch16_224_in21k
2026-03-31 04:18:26,190 [toolkit.py] => init_cls: 10
2026-03-31 04:18:26,190 [toolkit.py] => increment: 10
2026-03-31 04:18:26,190 [toolkit.py] => sessions: 10
2026-03-31 04:18:26,190 [toolkit.py] => shuffle: False
2026-03-31 04:18:26,190 [toolkit.py] => method: malora
2026-03-31 04:18:26,191 [toolkit.py] => optimizer: riemannian_sgd
2026-03-31 04:18:26,191 [toolkit.py] => riemannian_lr: 0.01
2026-03-31 04:18:26,191 [toolkit.py] => momentum: 0.9
2026-03-31 04:18:26,191 [toolkit.py] => scheduler: cosine
2026-03-31 04:18:26,191 [toolkit.py] => epochs: 20
2026-03-31 04:18:26,191 [toolkit.py] => weight_decay: 0.0
2026-03-31 04:18:26,191 [toolkit.py] => batch_size: 128
2026-03-31 04:18:26,191 [toolkit.py] => rank: 10
2026-03-31 04:18:26,191 [toolkit.py] => num_workers: 16
2026-03-31 04:18:26,191 [toolkit.py] => lamb: 0.85
2026-03-31 04:18:26,191 [toolkit.py] => lame: 0.95
2026-03-31 04:18:26,191 [toolkit.py] => lrate: 0.0005
2026-03-31 04:18:26,191 [toolkit.py] => logdir: logs/malora/cifar100/t10
2026-03-31 04:18:26,191 [toolkit.py] => logfilename: logs/malora/cifar100/t10/seed0
2026-03-31 04:18:28,660 [data_manager.py] => Class index order: 0, 1, 2, 3, 4, ..., 95, 96, 97, 98, 99
2026-03-31 04:18:39,541 [malora.py] => MALoRA initialized: rank=10, lame=0.95, lamb=0.85
2026-03-31 04:18:39,541 [trainer.py] => ================================================================================
2026-03-31 04:18:39,541 [malora.py] => Initializing delta_W with first task data...
2026-03-31 04:23:26,809 [toolkit.py] => config: configs/maiflora/cifar100.json
2026-03-31 04:23:26,823 [toolkit.py] => device: [device(type='cuda', index=0)]
2026-03-31 04:23:26,851 [toolkit.py] => debug: False
2026-03-31 04:23:26,851 [toolkit.py] => save_ckp: False
2026-03-31 04:23:26,851 [toolkit.py] => seed: 0
2026-03-31 04:23:26,851 [toolkit.py] => dataset: cifar100
2026-03-31 04:23:26,851 [toolkit.py] => data_path: data/cifar100
2026-03-31 04:23:26,851 [toolkit.py] => load: vit_base_patch16_224_in21k
2026-03-31 04:23:26,851 [toolkit.py] => init_cls: 10
2026-03-31 04:23:26,851 [toolkit.py] => increment: 10
2026-03-31 04:23:26,851 [toolkit.py] => sessions: 10
2026-03-31 04:23:26,852 [toolkit.py] => shuffle: False
2026-03-31 04:23:26,852 [toolkit.py] => method: malora
2026-03-31 04:23:26,852 [toolkit.py] => optimizer: riemannian_sgd
2026-03-31 04:23:26,852 [toolkit.py] => riemannian_lr: 0.01
2026-03-31 04:23:26,852 [toolkit.py] => momentum: 0.9
2026-03-31 04:23:26,852 [toolkit.py] => scheduler: cosine
2026-03-31 04:23:26,852 [toolkit.py] => epochs: 20
2026-03-31 04:23:26,852 [toolkit.py] => weight_decay: 0.0
2026-03-31 04:23:26,852 [toolkit.py] => batch_size: 128
2026-03-31 04:23:26,852 [toolkit.py] => rank: 10
2026-03-31 04:23:26,852 [toolkit.py] => num_workers: 16
2026-03-31 04:23:26,852 [toolkit.py] => lamb: 0.85
2026-03-31 04:23:26,852 [toolkit.py] => lame: 0.95
2026-03-31 04:23:26,852 [toolkit.py] => lrate: 0.0005
2026-03-31 04:23:26,852 [toolkit.py] => logdir: logs/malora/cifar100/t10
2026-03-31 04:23:26,852 [toolkit.py] => logfilename: logs/malora/cifar100/t10/seed0
2026-03-31 04:23:29,157 [data_manager.py] => Class index order: 0, 1, 2, 3, 4, ..., 95, 96, 97, 98, 99
2026-03-31 04:23:40,227 [malora.py] => MALoRA initialized: rank=10, lame=0.95, lamb=0.85
2026-03-31 04:23:40,227 [trainer.py] => ================================================================================
2026-03-31 04:23:40,227 [malora.py] => Initializing delta_W with first task data...
2026-03-31 04:29:37,097 [toolkit.py] => config: configs/maiflora/cifar100.json
2026-03-31 04:29:37,119 [toolkit.py] => device: [device(type='cuda', index=0)]
2026-03-31 04:29:37,119 [toolkit.py] => debug: False
2026-03-31 04:29:37,119 [toolkit.py] => save_ckp: False
2026-03-31 04:29:37,119 [toolkit.py] => seed: 0
2026-03-31 04:29:37,119 [toolkit.py] => dataset: cifar100
2026-03-31 04:29:37,119 [toolkit.py] => data_path: data/cifar100
2026-03-31 04:29:37,119 [toolkit.py] => load: vit_base_patch16_224_in21k
2026-03-31 04:29:37,119 [toolkit.py] => init_cls: 10
2026-03-31 04:29:37,120 [toolkit.py] => increment: 10
2026-03-31 04:29:37,120 [toolkit.py] => sessions: 10
2026-03-31 04:29:37,120 [toolkit.py] => shuffle: False
2026-03-31 04:29:37,120 [toolkit.py] => method: malora
2026-03-31 04:29:37,120 [toolkit.py] => optimizer: riemannian_sgd
2026-03-31 04:29:37,120 [toolkit.py] => riemannian_lr: 0.01
2026-03-31 04:29:37,120 [toolkit.py] => momentum: 0.9
2026-03-31 04:29:37,120 [toolkit.py] => scheduler: cosine
2026-03-31 04:29:37,120 [toolkit.py] => epochs: 20
2026-03-31 04:29:37,120 [toolkit.py] => weight_decay: 0.0
2026-03-31 04:29:37,120 [toolkit.py] => batch_size: 128
2026-03-31 04:29:37,120 [toolkit.py] => rank: 10
2026-03-31 04:29:37,120 [toolkit.py] => num_workers: 16
2026-03-31 04:29:37,120 [toolkit.py] => lamb: 0.85
2026-03-31 04:29:37,120 [toolkit.py] => lame: 0.95
2026-03-31 04:29:37,120 [toolkit.py] => lrate: 0.0005
2026-03-31 04:29:37,120 [toolkit.py] => logdir: logs/malora/cifar100/t10
2026-03-31 04:29:37,121 [toolkit.py] => logfilename: logs/malora/cifar100/t10/seed0
2026-03-31 04:29:39,337 [data_manager.py] => Class index order: 0, 1, 2, 3, 4, ..., 95, 96, 97, 98, 99
2026-03-31 04:29:50,535 [malora.py] => MALoRA initialized: rank=10, lame=0.95, lamb=0.85
2026-03-31 04:29:50,535 [trainer.py] => ================================================================================
2026-03-31 04:29:50,535 [malora.py] => Initializing delta_W with first task data...
2026-03-31 04:38:59,884 [toolkit.py] => config: configs/maiflora/cifar100.json
2026-03-31 04:38:59,898 [toolkit.py] => device: [device(type='cuda', index=0)]
2026-03-31 04:38:59,898 [toolkit.py] => debug: False
2026-03-31 04:38:59,898 [toolkit.py] => save_ckp: False
2026-03-31 04:38:59,898 [toolkit.py] => seed: 0
2026-03-31 04:38:59,898 [toolkit.py] => dataset: cifar100
2026-03-31 04:38:59,898 [toolkit.py] => data_path: data/cifar100
2026-03-31 04:38:59,898 [toolkit.py] => load: vit_base_patch16_224_in21k
2026-03-31 04:38:59,898 [toolkit.py] => init_cls: 10
2026-03-31 04:38:59,898 [toolkit.py] => increment: 10
2026-03-31 04:38:59,898 [toolkit.py] => sessions: 10
2026-03-31 04:38:59,898 [toolkit.py] => shuffle: False
2026-03-31 04:38:59,899 [toolkit.py] => method: malora
2026-03-31 04:38:59,899 [toolkit.py] => optimizer: riemannian_sgd
2026-03-31 04:38:59,899 [toolkit.py] => riemannian_lr: 0.01
2026-03-31 04:38:59,899 [toolkit.py] => momentum: 0.9
2026-03-31 04:38:59,899 [toolkit.py] => scheduler: cosine
2026-03-31 04:38:59,899 [toolkit.py] => epochs: 20
2026-03-31 04:38:59,899 [toolkit.py] => weight_decay: 0.0
2026-03-31 04:38:59,899 [toolkit.py] => batch_size: 128
2026-03-31 04:38:59,899 [toolkit.py] => rank: 10
2026-03-31 04:38:59,900 [toolkit.py] => num_workers: 16
2026-03-31 04:38:59,900 [toolkit.py] => lamb: 0.85
2026-03-31 04:38:59,900 [toolkit.py] => lame: 0.95
2026-03-31 04:38:59,900 [toolkit.py] => lrate: 0.0005
2026-03-31 04:38:59,900 [toolkit.py] => logdir: logs/malora/cifar100/t10
2026-03-31 04:38:59,900 [toolkit.py] => logfilename: logs/malora/cifar100/t10/seed0
2026-03-31 04:39:02,926 [data_manager.py] => Class index order: 0, 1, 2, 3, 4, ..., 95, 96, 97, 98, 99
2026-03-31 04:39:16,328 [malora.py] => MALoRA initialized: rank=10, lame=0.95, lamb=0.85
2026-03-31 04:39:16,329 [trainer.py] => ================================================================================
2026-03-31 04:39:16,329 [malora.py] => Initializing delta_W with first task data...
2026-03-31 04:43:34,550 [toolkit.py] => config: configs/maiflora/cifar100.json
2026-03-31 04:43:34,568 [toolkit.py] => device: [device(type='cuda', index=0)]
2026-03-31 04:43:34,569 [toolkit.py] => debug: False
2026-03-31 04:43:34,569 [toolkit.py] => save_ckp: False
2026-03-31 04:43:34,569 [toolkit.py] => seed: 0
2026-03-31 04:43:34,569 [toolkit.py] => dataset: cifar100
2026-03-31 04:43:34,569 [toolkit.py] => data_path: data/cifar100
2026-03-31 04:43:34,569 [toolkit.py] => load: vit_base_patch16_224_in21k
2026-03-31 04:43:34,569 [toolkit.py] => init_cls: 10
2026-03-31 04:43:34,569 [toolkit.py] => increment: 10
2026-03-31 04:43:34,570 [toolkit.py] => sessions: 10
2026-03-31 04:43:34,570 [toolkit.py] => shuffle: False
2026-03-31 04:43:34,570 [toolkit.py] => method: malora
2026-03-31 04:43:34,570 [toolkit.py] => optimizer: riemannian_sgd
2026-03-31 04:43:34,570 [toolkit.py] => riemannian_lr: 0.01
2026-03-31 04:43:34,570 [toolkit.py] => momentum: 0.9
2026-03-31 04:43:34,570 [toolkit.py] => scheduler: cosine
2026-03-31 04:43:34,570 [toolkit.py] => epochs: 20
2026-03-31 04:43:34,570 [toolkit.py] => weight_decay: 0.0
2026-03-31 04:43:34,570 [toolkit.py] => batch_size: 128
2026-03-31 04:43:34,570 [toolkit.py] => rank: 10
2026-03-31 04:43:34,570 [toolkit.py] => num_workers: 16
2026-03-31 04:43:34,570 [toolkit.py] => lamb: 0.85
2026-03-31 04:43:34,570 [toolkit.py] => lame: 0.95
2026-03-31 04:43:34,570 [toolkit.py] => lrate: 0.0005
2026-03-31 04:43:34,570 [toolkit.py] => logdir: logs/malora/cifar100/t10
2026-03-31 04:43:34,570 [toolkit.py] => logfilename: logs/malora/cifar100/t10/seed0
2026-03-31 04:43:37,196 [data_manager.py] => Class index order: 0, 1, 2, 3, 4, ..., 95, 96, 97, 98, 99
2026-03-31 04:43:51,243 [malora.py] => MALoRA initialized: rank=10, lame=0.95, lamb=0.85
2026-03-31 04:43:51,244 [trainer.py] => ================================================================================
2026-03-31 04:43:51,244 [malora.py] => Initializing delta_W with random values...
2026-03-31 04:43:55,986 [malora.py] => delta_W initialization complete.
2026-03-31 04:49:24,885 [toolkit.py] => config: configs/maiflora/cifar100.json
2026-03-31 04:49:24,886 [toolkit.py] => device: [device(type='cuda', index=0)]
2026-03-31 04:49:24,886 [toolkit.py] => debug: False
2026-03-31 04:49:24,886 [toolkit.py] => save_ckp: False
2026-03-31 04:49:24,886 [toolkit.py] => seed: 0
2026-03-31 04:49:24,886 [toolkit.py] => dataset: cifar100
2026-03-31 04:49:24,886 [toolkit.py] => data_path: data/cifar100
2026-03-31 04:49:24,886 [toolkit.py] => load: vit_base_patch16_224_in21k
2026-03-31 04:49:24,886 [toolkit.py] => init_cls: 10
2026-03-31 04:49:24,886 [toolkit.py] => increment: 10
2026-03-31 04:49:24,886 [toolkit.py] => sessions: 10
2026-03-31 04:49:24,886 [toolkit.py] => shuffle: False
2026-03-31 04:49:24,886 [toolkit.py] => method: malora
2026-03-31 04:49:24,886 [toolkit.py] => optimizer: riemannian_sgd
2026-03-31 04:49:24,886 [toolkit.py] => riemannian_lr: 0.01
2026-03-31 04:49:24,886 [toolkit.py] => momentum: 0.9
2026-03-31 04:49:24,886 [toolkit.py] => scheduler: cosine
2026-03-31 04:49:24,886 [toolkit.py] => epochs: 20
2026-03-31 04:49:24,886 [toolkit.py] => weight_decay: 0.0
2026-03-31 04:49:24,886 [toolkit.py] => batch_size: 128
2026-03-31 04:49:24,886 [toolkit.py] => rank: 10
2026-03-31 04:49:24,887 [toolkit.py] => num_workers: 16
2026-03-31 04:49:24,887 [toolkit.py] => lamb: 0.85
2026-03-31 04:49:24,887 [toolkit.py] => lame: 0.95
2026-03-31 04:49:24,887 [toolkit.py] => lrate: 0.0005
2026-03-31 04:49:24,887 [toolkit.py] => logdir: logs/malora/cifar100/t10
2026-03-31 04:49:24,887 [toolkit.py] => logfilename: logs/malora/cifar100/t10/seed0
2026-03-31 04:49:26,442 [data_manager.py] => Class index order: 0, 1, 2, 3, 4, ..., 95, 96, 97, 98, 99
2026-03-31 04:49:37,010 [malora.py] => MALoRA initialized: rank=10, lame=0.95, lamb=0.85
2026-03-31 04:49:37,011 [trainer.py] => ================================================================================
2026-03-31 04:49:37,011 [malora.py] => Initializing delta_W with random values...
2026-03-31 04:49:39,085 [malora.py] => delta_W initialization complete.
2026-03-31 04:49:39,087 [toolkit.py] => Total params:     92,884,234
2026-03-31 04:49:39,087 [toolkit.py] => Trainable params: 7,085,578
2026-03-31 04:49:39,087 [toolkit.py] => Trainable ratio:  7.6284%
2026-03-31 04:49:39,087 [malora.py] => Task 0: classes 0-9, known_classes=0
2026-03-31 04:51:43,646 [malora.py] => Task 0, Epoch 1/20 => Loss 2.256, Acc 15.20
2026-03-31 04:53:43,035 [malora.py] => Task 0, Epoch 2/20 => Loss 2.145, Acc 19.70
2026-03-31 04:55:44,246 [malora.py] => Task 0, Epoch 3/20 => Loss 2.133, Acc 21.42
2026-03-31 04:57:46,334 [malora.py] => Task 0, Epoch 4/20 => Loss 2.115, Acc 21.94
2026-03-31 04:59:48,951 [malora.py] => Task 0, Epoch 5/20 => Loss 2.102, Acc 22.96
