2026-07-02 01:09:25,530 [toolkit.py] => config: /home/zll2025/low-rank-cl-main/configs/ewclora/domain.json
2026-07-02 01:09:25,530 [toolkit.py] => device: [device(type='cuda', index=4)]
2026-07-02 01:09:25,530 [toolkit.py] => debug: False
2026-07-02 01:09:25,530 [toolkit.py] => save_ckp: False
2026-07-02 01:09:25,530 [toolkit.py] => moe_list: None
2026-07-02 01:09:25,530 [toolkit.py] => seed: 1993
2026-07-02 01:09:25,530 [toolkit.py] => dataset: domainnet
2026-07-02 01:09:25,530 [toolkit.py] => data_path: data/domainnet
2026-07-02 01:09:25,530 [toolkit.py] => load: vit_base_patch16_224_in21k
2026-07-02 01:09:25,530 [toolkit.py] => init_cls: 69
2026-07-02 01:09:25,530 [toolkit.py] => increment: 69
2026-07-02 01:09:25,531 [toolkit.py] => sessions: 5
2026-07-02 01:09:25,531 [toolkit.py] => shuffle: False
2026-07-02 01:09:25,531 [toolkit.py] => method: ewclora
2026-07-02 01:09:25,531 [toolkit.py] => optimizer: adam
2026-07-02 01:09:25,531 [toolkit.py] => scheduler: cosine
2026-07-02 01:09:25,531 [toolkit.py] => epochs: 5
2026-07-02 01:09:25,531 [toolkit.py] => lrate: 0.0005
2026-07-02 01:09:25,531 [toolkit.py] => fc_lrate: 0.005
2026-07-02 01:09:25,531 [toolkit.py] => weight_decay: 0.0
2026-07-02 01:09:25,531 [toolkit.py] => batch_size: 128
2026-07-02 01:09:25,531 [toolkit.py] => rank: 30
2026-07-02 01:09:25,531 [toolkit.py] => num_workers: 16
2026-07-02 01:09:25,531 [toolkit.py] => gamma: 0.9
2026-07-02 01:09:25,531 [toolkit.py] => lambda: 10000000.0
2026-07-02 01:09:25,531 [toolkit.py] => lrate_head: 0
2026-07-02 01:09:25,531 [toolkit.py] => logdir: logs/ewclora/domainnet/t5
2026-07-02 01:09:25,531 [toolkit.py] => logfilename: logs/ewclora/domainnet/t5/seed1993
2026-07-02 01:09:25,745 [data_manager.py] => Class index order: 0, 1, 2, 3, 4, ..., 340, 341, 342, 343, 344
2026-07-02 01:09:30,048 [trainer.py] => ================================================================================
2026-07-02 01:09:30,103 [base.py] => Task 0 learning on class 0-69
2026-07-02 01:09:30,954 [toolkit.py] => Total params:     105,073,068
2026-07-02 01:09:30,954 [toolkit.py] => Trainable params: 1,158,981
2026-07-02 01:09:30,954 [toolkit.py] => Trainable ratio:  1.1030%
2026-07-02 01:10:06,073 [toolkit.py] => config: /home/zll2025/low-rank-cl-main/configs/ewclora/domain.json
2026-07-02 01:10:06,073 [toolkit.py] => device: [device(type='cuda', index=5)]
2026-07-02 01:10:06,073 [toolkit.py] => debug: False
2026-07-02 01:10:06,073 [toolkit.py] => save_ckp: False
2026-07-02 01:10:06,073 [toolkit.py] => moe_list: None
2026-07-02 01:10:06,073 [toolkit.py] => seed: 1993
2026-07-02 01:10:06,073 [toolkit.py] => dataset: domainnet
2026-07-02 01:10:06,073 [toolkit.py] => data_path: data/domainnet
2026-07-02 01:10:06,073 [toolkit.py] => load: vit_base_patch16_224_in21k
2026-07-02 01:10:06,073 [toolkit.py] => init_cls: 69
2026-07-02 01:10:06,073 [toolkit.py] => increment: 69
2026-07-02 01:10:06,073 [toolkit.py] => sessions: 5
2026-07-02 01:10:06,073 [toolkit.py] => shuffle: False
2026-07-02 01:10:06,073 [toolkit.py] => method: ewclora
2026-07-02 01:10:06,073 [toolkit.py] => optimizer: adam
2026-07-02 01:10:06,073 [toolkit.py] => scheduler: cosine
2026-07-02 01:10:06,073 [toolkit.py] => epochs: 5
2026-07-02 01:10:06,073 [toolkit.py] => lrate: 0.0005
2026-07-02 01:10:06,073 [toolkit.py] => fc_lrate: 0.005
2026-07-02 01:10:06,073 [toolkit.py] => weight_decay: 0.0
2026-07-02 01:10:06,073 [toolkit.py] => batch_size: 128
2026-07-02 01:10:06,073 [toolkit.py] => rank: 30
2026-07-02 01:10:06,073 [toolkit.py] => num_workers: 16
2026-07-02 01:10:06,074 [toolkit.py] => gamma: 0.9
2026-07-02 01:10:06,074 [toolkit.py] => lambda: 10000000.0
2026-07-02 01:10:06,074 [toolkit.py] => lrate_head: 0
2026-07-02 01:10:06,074 [toolkit.py] => logdir: logs/ewclora/domainnet/t5
2026-07-02 01:10:06,074 [toolkit.py] => logfilename: logs/ewclora/domainnet/t5/seed1993
2026-07-02 01:10:06,287 [data_manager.py] => Class index order: 0, 1, 2, 3, 4, ..., 340, 341, 342, 343, 344
2026-07-02 01:10:10,433 [trainer.py] => ================================================================================
2026-07-02 01:10:10,505 [base.py] => Task 0 learning on class 0-69
2026-07-02 01:10:11,352 [toolkit.py] => Total params:     105,073,068
2026-07-02 01:10:11,352 [toolkit.py] => Trainable params: 1,158,981
2026-07-02 01:10:11,352 [toolkit.py] => Trainable ratio:  1.1030%
2026-07-02 01:58:54,460 [ewclora.py] => Task 0, Epoch 5/5 => Loss 0.485, Train_accy 87.36
2026-07-02 01:58:54,461 [trainer.py] => Training time: 0h 48m 44s
2026-07-02 01:59:52,383 [trainer.py] => Evaluation time: 0h 0m 57s
2026-07-02 02:09:31,724 [trainer.py] => Accuracy: {'total': 87.85, '00-68': 87.85, 'old': 0, 'new': 87.85}
2026-07-02 02:09:31,724 [trainer.py] => (curve) top1 Acc: [87.85]
2026-07-02 02:09:31,725 [trainer.py] => Avergae Acc: 87.85
2026-07-02 02:09:31,725 [trainer.py] => (curve) top1 Acc with task: [87.85]
2026-07-02 02:09:31,725 [trainer.py] => Avergae Acc: 87.85
2026-07-02 02:09:31,725 [trainer.py] => (curve) top1 Acc task: [100.0]
2026-07-02 02:09:31,725 [trainer.py] => Avergae Acc: 100.00
2026-07-02 02:09:31,725 [trainer.py] => ================================================================================
2026-07-02 02:09:31,725 [trainer.py] => ================================================================================
2026-07-02 02:09:31,781 [base.py] => Task 1 learning on class 69-138
2026-07-02 02:09:31,785 [toolkit.py] => Total params:     105,073,068
2026-07-02 02:09:31,785 [toolkit.py] => Trainable params: 1,158,981
2026-07-02 02:09:31,785 [toolkit.py] => Trainable ratio:  1.1030%
2026-07-02 02:56:40,935 [ewclora.py] => Task 1, Epoch 5/5 => Loss 0.589, Train_accy 84.87
2026-07-02 02:56:40,936 [trainer.py] => Training time: 0h 47m 9s
2026-07-02 02:58:34,813 [trainer.py] => Evaluation time: 0h 1m 53s
2026-07-02 03:07:54,662 [trainer.py] => Accuracy: {'total': 82.46, '00-68': 83.8, '69-137': 81.08, 'old': 83.8, 'new': 81.08}
2026-07-02 03:07:54,663 [trainer.py] => (curve) top1 Acc: [87.85, 82.46]
2026-07-02 03:07:54,663 [trainer.py] => Avergae Acc: 85.16
2026-07-02 03:07:54,663 [trainer.py] => (curve) top1 Acc with task: [87.85, 87.34]
2026-07-02 03:07:54,663 [trainer.py] => Avergae Acc: 87.59
2026-07-02 03:07:54,663 [trainer.py] => (curve) top1 Acc task: [100.0, 89.79]
2026-07-02 03:07:54,663 [trainer.py] => Avergae Acc: 94.90
2026-07-02 03:07:54,663 [trainer.py] => ================================================================================
2026-07-02 03:07:54,663 [trainer.py] => ================================================================================
2026-07-02 03:07:54,728 [base.py] => Task 2 learning on class 138-207
2026-07-02 03:07:54,732 [toolkit.py] => Total params:     105,073,068
2026-07-02 03:07:54,732 [toolkit.py] => Trainable params: 1,158,981
2026-07-02 03:07:54,732 [toolkit.py] => Trainable ratio:  1.1030%
2026-07-02 03:58:47,801 [ewclora.py] => Task 2, Epoch 5/5 => Loss 0.649, Train_accy 83.24
2026-07-02 03:58:47,802 [trainer.py] => Training time: 0h 50m 53s
2026-07-02 04:01:42,216 [trainer.py] => Evaluation time: 0h 2m 54s
2026-07-02 04:11:44,793 [trainer.py] => Accuracy: {'total': 78.28, '00-68': 80.94, '69-137': 78.44, '138-206': 75.58, 'old': 79.71, 'new': 75.58}
2026-07-02 04:11:44,793 [trainer.py] => (curve) top1 Acc: [87.85, 82.46, 78.28]
2026-07-02 04:11:44,793 [trainer.py] => Avergae Acc: 82.86
2026-07-02 04:11:44,793 [trainer.py] => (curve) top1 Acc with task: [87.85, 87.34, 86.58]
2026-07-02 04:11:44,793 [trainer.py] => Avergae Acc: 87.26
2026-07-02 04:11:44,793 [trainer.py] => (curve) top1 Acc task: [100.0, 89.79, 84.0]
2026-07-02 04:11:44,793 [trainer.py] => Avergae Acc: 91.26
2026-07-02 04:11:44,793 [trainer.py] => ================================================================================
2026-07-02 04:11:44,793 [trainer.py] => ================================================================================
2026-07-02 04:11:44,849 [base.py] => Task 3 learning on class 207-276
2026-07-02 04:11:44,853 [toolkit.py] => Total params:     105,073,068
2026-07-02 04:11:44,853 [toolkit.py] => Trainable params: 1,158,981
2026-07-02 04:11:44,853 [toolkit.py] => Trainable ratio:  1.1030%
2026-07-02 05:01:06,490 [ewclora.py] => Task 3, Epoch 5/5 => Loss 0.586, Train_accy 84.70
2026-07-02 05:01:06,491 [trainer.py] => Training time: 0h 49m 21s
2026-07-02 05:04:56,659 [trainer.py] => Evaluation time: 0h 3m 50s
2026-07-02 05:14:42,492 [trainer.py] => Accuracy: {'total': 75.71, '00-68': 78.51, '69-137': 76.12, '138-206': 73.78, '207-275': 74.5, 'old': 76.1, 'new': 74.5}
2026-07-02 05:14:42,492 [trainer.py] => (curve) top1 Acc: [87.85, 82.46, 78.28, 75.71]
2026-07-02 05:14:42,493 [trainer.py] => Avergae Acc: 81.08
2026-07-02 05:14:42,493 [trainer.py] => (curve) top1 Acc with task: [87.85, 87.34, 86.58, 86.34]
2026-07-02 05:14:42,493 [trainer.py] => Avergae Acc: 87.03
2026-07-02 05:14:42,493 [trainer.py] => (curve) top1 Acc task: [100.0, 89.79, 84.0, 80.53]
2026-07-02 05:14:42,493 [trainer.py] => Avergae Acc: 88.58
2026-07-02 05:14:42,493 [trainer.py] => ================================================================================
2026-07-02 05:14:42,493 [trainer.py] => ================================================================================
2026-07-02 05:14:42,561 [base.py] => Task 4 learning on class 276-345
2026-07-02 05:14:42,565 [toolkit.py] => Total params:     105,073,068
2026-07-02 05:14:42,565 [toolkit.py] => Trainable params: 1,158,981
2026-07-02 05:14:42,565 [toolkit.py] => Trainable ratio:  1.1030%
2026-07-02 06:03:04,324 [ewclora.py] => Task 4, Epoch 5/5 => Loss 0.574, Train_accy 85.01
2026-07-02 06:03:04,365 [trainer.py] => Training time: 0h 48m 21s
2026-07-02 06:07:49,728 [trainer.py] => Evaluation time: 0h 4m 45s
2026-07-02 06:17:22,356 [trainer.py] => Accuracy: {'total': 73.37, '00-68': 76.61, '69-137': 73.59, '138-206': 71.6, '207-275': 72.4, '276-344': 72.72, 'old': 73.53, 'new': 72.72}
2026-07-02 06:17:22,357 [trainer.py] => (curve) top1 Acc: [87.85, 82.46, 78.28, 75.71, 73.37]
2026-07-02 06:17:22,357 [trainer.py] => Avergae Acc: 79.53
2026-07-02 06:17:22,357 [trainer.py] => (curve) top1 Acc with task: [87.85, 87.34, 86.58, 86.34, 86.33]
2026-07-02 06:17:22,357 [trainer.py] => Avergae Acc: 86.89
2026-07-02 06:17:22,357 [trainer.py] => (curve) top1 Acc task: [100.0, 89.79, 84.0, 80.53, 77.4]
2026-07-02 06:17:22,357 [trainer.py] => Avergae Acc: 86.34
2026-07-02 06:17:22,357 [trainer.py] => ================================================================================
2026-07-25 18:02:32,332 [toolkit.py] => config: configs/ewclora/domain.json
2026-07-25 18:02:32,356 [toolkit.py] => device: [device(type='cuda', index=2)]
2026-07-25 18:02:32,356 [toolkit.py] => debug: False
2026-07-25 18:02:32,356 [toolkit.py] => save_ckp: False
2026-07-25 18:02:32,356 [toolkit.py] => moe_list: None
2026-07-25 18:02:32,356 [toolkit.py] => seed: 1993
2026-07-25 18:02:32,356 [toolkit.py] => dataset: domainnet
2026-07-25 18:02:32,357 [toolkit.py] => data_path: data/domainnet
2026-07-25 18:02:32,357 [toolkit.py] => load: vit_base_patch16_224_in21k
2026-07-25 18:02:32,357 [toolkit.py] => init_cls: 69
2026-07-25 18:02:32,357 [toolkit.py] => increment: 69
2026-07-25 18:02:32,357 [toolkit.py] => sessions: 5
2026-07-25 18:02:32,357 [toolkit.py] => shuffle: False
2026-07-25 18:02:32,357 [toolkit.py] => method: ewclora
2026-07-25 18:02:32,357 [toolkit.py] => optimizer: adam
2026-07-25 18:02:32,357 [toolkit.py] => scheduler: cosine
2026-07-25 18:02:32,357 [toolkit.py] => epochs: 10
2026-07-25 18:02:32,357 [toolkit.py] => lrate: 0.0005
2026-07-25 18:02:32,357 [toolkit.py] => fc_lrate: 0.005
2026-07-25 18:02:32,357 [toolkit.py] => weight_decay: 0.0
2026-07-25 18:02:32,357 [toolkit.py] => batch_size: 128
2026-07-25 18:02:32,357 [toolkit.py] => rank: 30
2026-07-25 18:02:32,357 [toolkit.py] => num_workers: 16
2026-07-25 18:02:32,357 [toolkit.py] => gamma: 0.9
2026-07-25 18:02:32,357 [toolkit.py] => lambda: 10000000.0
2026-07-25 18:02:32,357 [toolkit.py] => lrate_head: 0
2026-07-25 18:02:32,358 [toolkit.py] => logdir: logs/ewclora/domainnet/t5
2026-07-25 18:02:32,358 [toolkit.py] => logfilename: logs/ewclora/domainnet/t5/seed1993
2026-07-25 18:02:32,594 [data_manager.py] => Class index order: 0, 1, 2, 3, 4, ..., 340, 341, 342, 343, 344
2026-07-25 18:02:37,007 [trainer.py] => ================================================================================
2026-07-25 18:02:37,061 [base.py] => Task 0 learning on class 0-69
2026-07-25 18:02:37,965 [toolkit.py] => Total params:     105,073,068
2026-07-25 18:02:37,965 [toolkit.py] => Trainable params: 1,158,981
2026-07-25 18:02:37,965 [toolkit.py] => Trainable ratio:  1.1030%
2026-07-25 19:39:56,884 [ewclora.py] => Task 0, Epoch 10/10 => Loss 0.390, Train_accy 89.77
2026-07-25 19:39:56,885 [trainer.py] => Training time: 1h 37m 19s
2026-07-25 19:40:55,151 [trainer.py] => Evaluation time: 0h 0m 58s
2026-07-25 19:50:33,816 [trainer.py] => Accuracy: {'total': 87.8, '00-68': 87.8, 'old': 0, 'new': 87.8}
2026-07-25 19:50:33,816 [trainer.py] => (curve) top1 Acc: [87.8]
2026-07-25 19:50:33,817 [trainer.py] => Avergae Acc: 87.80
2026-07-25 19:50:33,817 [trainer.py] => (curve) top1 Acc with task: [87.8]
2026-07-25 19:50:33,817 [trainer.py] => Avergae Acc: 87.80
2026-07-25 19:50:33,817 [trainer.py] => (curve) top1 Acc task: [100.0]
2026-07-25 19:50:33,817 [trainer.py] => Avergae Acc: 100.00
2026-07-25 19:50:33,817 [trainer.py] => ================================================================================
2026-07-25 19:50:33,817 [trainer.py] => ================================================================================
2026-07-25 19:50:33,870 [base.py] => Task 1 learning on class 69-138
2026-07-25 19:50:33,875 [toolkit.py] => Total params:     105,073,068
2026-07-25 19:50:33,875 [toolkit.py] => Trainable params: 1,158,981
2026-07-25 19:50:33,875 [toolkit.py] => Trainable ratio:  1.1030%
2026-07-25 21:24:53,612 [ewclora.py] => Task 1, Epoch 10/10 => Loss 0.547, Train_accy 85.60
2026-07-25 21:24:53,613 [trainer.py] => Training time: 1h 34m 19s
2026-07-25 21:26:46,241 [trainer.py] => Evaluation time: 0h 1m 52s
2026-07-25 21:36:05,429 [trainer.py] => Accuracy: {'total': 81.76, '00-68': 84.58, '69-137': 78.83, 'old': 84.58, 'new': 78.83}
2026-07-25 21:36:05,429 [trainer.py] => (curve) top1 Acc: [87.8, 81.76]
2026-07-25 21:36:05,429 [trainer.py] => Avergae Acc: 84.78
2026-07-25 21:36:05,429 [trainer.py] => (curve) top1 Acc with task: [87.8, 87.13]
2026-07-25 21:36:05,429 [trainer.py] => Avergae Acc: 87.47
2026-07-25 21:36:05,429 [trainer.py] => (curve) top1 Acc task: [100.0, 88.9]
2026-07-25 21:36:05,429 [trainer.py] => Avergae Acc: 94.45
2026-07-25 21:36:05,429 [trainer.py] => ================================================================================
2026-07-25 21:36:05,429 [trainer.py] => ================================================================================
2026-07-25 21:36:05,485 [base.py] => Task 2 learning on class 138-207
2026-07-25 21:36:05,489 [toolkit.py] => Total params:     105,073,068
2026-07-25 21:36:05,489 [toolkit.py] => Trainable params: 1,158,981
2026-07-25 21:36:05,489 [toolkit.py] => Trainable ratio:  1.1030%
2026-07-25 23:30:45,361 [ewclora.py] => Task 2, Epoch 10/10 => Loss 0.606, Train_accy 84.06
2026-07-25 23:30:45,362 [trainer.py] => Training time: 1h 54m 39s
2026-07-25 23:33:39,288 [trainer.py] => Evaluation time: 0h 2m 53s
2026-07-25 23:46:24,897 [trainer.py] => Accuracy: {'total': 77.37, '00-68': 82.79, '69-137': 76.44, '138-206': 73.04, 'old': 79.68, 'new': 73.04}
2026-07-25 23:46:24,897 [trainer.py] => (curve) top1 Acc: [87.8, 81.76, 77.37]
2026-07-25 23:46:24,897 [trainer.py] => Avergae Acc: 82.31
2026-07-25 23:46:24,897 [trainer.py] => (curve) top1 Acc with task: [87.8, 87.13, 86.31]
2026-07-25 23:46:24,898 [trainer.py] => Avergae Acc: 87.08
2026-07-25 23:46:24,898 [trainer.py] => (curve) top1 Acc task: [100.0, 88.9, 82.95]
2026-07-25 23:46:24,898 [trainer.py] => Avergae Acc: 90.62
2026-07-25 23:46:24,898 [trainer.py] => ================================================================================
2026-07-25 23:46:24,898 [trainer.py] => ================================================================================
2026-07-25 23:46:24,955 [base.py] => Task 3 learning on class 207-276
2026-07-25 23:46:24,960 [toolkit.py] => Total params:     105,073,068
2026-07-25 23:46:24,960 [toolkit.py] => Trainable params: 1,158,981
2026-07-25 23:46:24,960 [toolkit.py] => Trainable ratio:  1.1030%
2026-07-26 01:35:44,838 [ewclora.py] => Task 3, Epoch 10/10 => Loss 0.547, Train_accy 85.53
2026-07-26 01:35:44,854 [trainer.py] => Training time: 1h 49m 19s
2026-07-26 01:39:36,367 [trainer.py] => Evaluation time: 0h 3m 51s
2026-07-26 01:50:38,739 [trainer.py] => Accuracy: {'total': 74.9, '00-68': 81.12, '69-137': 74.48, '138-206': 71.36, '207-275': 72.76, 'old': 75.61, 'new': 72.76}
2026-07-26 01:50:38,739 [trainer.py] => (curve) top1 Acc: [87.8, 81.76, 77.37, 74.9]
2026-07-26 01:50:38,739 [trainer.py] => Avergae Acc: 80.46
2026-07-26 01:50:38,739 [trainer.py] => (curve) top1 Acc with task: [87.8, 87.13, 86.31, 86.16]
2026-07-26 01:50:38,740 [trainer.py] => Avergae Acc: 86.85
2026-07-26 01:50:38,740 [trainer.py] => (curve) top1 Acc task: [100.0, 88.9, 82.95, 79.59]
2026-07-26 01:50:38,740 [trainer.py] => Avergae Acc: 87.86
2026-07-26 01:50:38,740 [trainer.py] => ================================================================================
2026-07-26 01:50:38,740 [trainer.py] => ================================================================================
2026-07-26 01:50:38,809 [base.py] => Task 4 learning on class 276-345
2026-07-26 01:50:38,814 [toolkit.py] => Total params:     105,073,068
2026-07-26 01:50:38,814 [toolkit.py] => Trainable params: 1,158,981
2026-07-26 01:50:38,814 [toolkit.py] => Trainable ratio:  1.1030%
2026-07-26 03:39:15,598 [ewclora.py] => Task 4, Epoch 10/10 => Loss 0.534, Train_accy 85.91
2026-07-26 03:39:15,751 [trainer.py] => Training time: 1h 48m 37s
2026-07-26 03:44:35,247 [trainer.py] => Evaluation time: 0h 5m 19s
2026-07-26 03:56:29,151 [trainer.py] => Accuracy: {'total': 72.67, '00-68': 79.64, '69-137': 72.36, '138-206': 69.35, '207-275': 70.58, '276-344': 71.49, 'old': 72.96, 'new': 71.49}
2026-07-26 03:56:29,152 [trainer.py] => (curve) top1 Acc: [87.8, 81.76, 77.37, 74.9, 72.67]
2026-07-26 03:56:29,218 [trainer.py] => Avergae Acc: 78.90
2026-07-26 03:56:29,218 [trainer.py] => (curve) top1 Acc with task: [87.8, 87.13, 86.31, 86.16, 86.17]
2026-07-26 03:56:29,218 [trainer.py] => Avergae Acc: 86.71
2026-07-26 03:56:29,218 [trainer.py] => (curve) top1 Acc task: [100.0, 88.9, 82.95, 79.59, 76.57]
2026-07-26 03:56:29,218 [trainer.py] => Avergae Acc: 85.60
2026-07-26 03:56:29,221 [trainer.py] => ================================================================================
2026-09-13 16:29:18,838 [toolkit.py] => config: configs/ewclora/domain_seed=1993.json
2026-09-13 16:29:18,902 [toolkit.py] => device: [device(type='cuda', index=1)]
2026-09-13 16:29:18,902 [toolkit.py] => debug: False
2026-09-13 16:29:18,902 [toolkit.py] => save_ckp: False
2026-09-13 16:29:18,902 [toolkit.py] => moe_list: None
2026-09-13 16:29:18,903 [toolkit.py] => seed: 1993
2026-09-13 16:29:18,903 [toolkit.py] => dataset: domainnet
2026-09-13 16:29:18,903 [toolkit.py] => data_path: data/domainnet
2026-09-13 16:29:18,903 [toolkit.py] => load: vit_base_patch16_224_in21k
2026-09-13 16:29:18,903 [toolkit.py] => init_cls: 69
2026-09-13 16:29:18,903 [toolkit.py] => increment: 69
2026-09-13 16:29:18,903 [toolkit.py] => sessions: 5
2026-09-13 16:29:18,903 [toolkit.py] => shuffle: False
2026-09-13 16:29:18,903 [toolkit.py] => method: ewclora
2026-09-13 16:29:18,903 [toolkit.py] => optimizer: adam
2026-09-13 16:29:18,903 [toolkit.py] => scheduler: cosine
2026-09-13 16:29:18,904 [toolkit.py] => epochs: 5
2026-09-13 16:29:18,904 [toolkit.py] => lrate: 0.0005
2026-09-13 16:29:18,904 [toolkit.py] => fc_lrate: 0.005
2026-09-13 16:29:18,904 [toolkit.py] => weight_decay: 0.0
2026-09-13 16:29:18,904 [toolkit.py] => batch_size: 128
2026-09-13 16:29:18,904 [toolkit.py] => rank: 30
2026-09-13 16:29:18,904 [toolkit.py] => num_workers: 16
2026-09-13 16:29:18,904 [toolkit.py] => gamma: 0.9
2026-09-13 16:29:18,904 [toolkit.py] => lambda: 10000000.0
2026-09-13 16:29:18,904 [toolkit.py] => lrate_head: 0
2026-09-13 16:29:18,904 [toolkit.py] => logdir: logs/ewclora/domainnet/t5
2026-09-13 16:29:18,904 [toolkit.py] => logfilename: logs/ewclora/domainnet/t5/seed1993
2026-09-13 16:29:19,131 [data_manager.py] => Class index order: 0, 1, 2, 3, 4, ..., 340, 341, 342, 343, 344
2026-09-13 16:29:23,357 [trainer.py] => ================================================================================
2026-09-13 16:29:23,357 [trainer.py] => Dataset Information
2026-09-13 16:29:23,357 [trainer.py] => ================================================================================
2026-09-13 16:29:23,357 [trainer.py] =>   Dataset name     : domainnet
2026-09-13 16:29:23,357 [trainer.py] =>   Data path        : data/domainnet
2026-09-13 16:29:23,357 [trainer.py] =>   Total classes    : 345
2026-09-13 16:29:23,358 [trainer.py] =>   Total tasks      : 5
2026-09-13 16:29:23,358 [trainer.py] =>   Task increments  : [69, 69, 69, 69, 69]
2026-09-13 16:29:23,358 [trainer.py] =>   Init classes     : 69
2026-09-13 16:29:23,358 [trainer.py] =>   Increment per task: 69
2026-09-13 16:29:23,358 [trainer.py] =>   Shuffle          : False
2026-09-13 16:29:23,358 [trainer.py] =>   Seed             : 1993
2026-09-13 16:29:23,358 [trainer.py] => --------------------------------------------------------------------------------
2026-09-13 16:29:23,358 [trainer.py] => Task split:
2026-09-13 16:29:23,451 [trainer.py] =>   Task 0: classes 0-68 (69 classes) | Train: 67628 images (265 batches), Test: 17009 images (67 batches)
2026-09-13 16:29:23,516 [trainer.py] =>   Task 1: classes 69-137 (69 classes) | Train: 65335 images (256 batches), Test: 16374 images (64 batches)
2026-09-13 16:29:23,579 [trainer.py] =>   Task 2: classes 138-206 (69 classes) | Train: 70512 images (276 batches), Test: 17747 images (70 batches)
2026-09-13 16:29:23,641 [trainer.py] =>   Task 3: classes 207-275 (69 classes) | Train: 68362 images (268 batches), Test: 16831 images (66 batches)
2026-09-13 16:29:23,702 [trainer.py] =>   Task 4: classes 276-344 (69 classes) | Train: 66967 images (262 batches), Test: 16741 images (66 batches)
2026-09-13 16:29:23,702 [trainer.py] => ================================================================================
2026-09-13 16:29:23,702 [trainer.py] => ================================================================================
2026-09-13 16:29:23,752 [base.py] => Task 0 learning on class 0-69
2026-09-13 16:29:24,311 [toolkit.py] => Total params:     105,073,068
2026-09-13 16:29:24,311 [toolkit.py] => Trainable params: 1,158,981
2026-09-13 16:29:24,311 [toolkit.py] => Trainable ratio:  1.1030%
2026-09-13 17:34:25,130 [ewclora.py] => Task 0, Epoch 5/5 => Loss 0.485, Train_accy 87.36
2026-09-13 17:34:25,173 [trainer.py] => Training time: 1h 5m 1s
2026-09-13 17:36:12,440 [trainer.py] => Evaluation time: 0h 1m 47s
2026-09-13 17:52:38,841 [trainer.py] => Accuracy: {'total': 87.85, '00-68': 87.85, 'old': 0, 'new': 87.85}
2026-09-13 17:52:38,841 [trainer.py] => (curve) top1 Acc: [87.85]
2026-09-13 17:52:38,841 [trainer.py] => Avergae Acc: 87.85
2026-09-13 17:52:38,841 [trainer.py] => (curve) top1 Acc with task: [87.85]
2026-09-13 17:52:38,841 [trainer.py] => Avergae Acc: 87.85
2026-09-13 17:52:38,841 [trainer.py] => (curve) top1 Acc task: [100.0]
2026-09-13 17:52:38,841 [trainer.py] => Avergae Acc: 100.00
2026-09-13 17:52:38,842 [trainer.py] => ================================================================================
2026-09-13 17:52:38,842 [trainer.py] => ================================================================================
2026-09-13 17:52:38,923 [base.py] => Task 1 learning on class 69-138
2026-09-13 17:52:38,929 [toolkit.py] => Total params:     105,073,068
2026-09-13 17:52:38,930 [toolkit.py] => Trainable params: 1,158,981
2026-09-13 17:52:38,930 [toolkit.py] => Trainable ratio:  1.1030%
2026-09-13 18:46:11,138 [ewclora.py] => Task 1, Epoch 5/5 => Loss 0.589, Train_accy 84.87
2026-09-13 18:46:11,139 [trainer.py] => Training time: 0h 53m 32s
2026-09-13 18:48:04,205 [trainer.py] => Evaluation time: 0h 1m 53s
2026-09-13 18:57:22,298 [trainer.py] => Accuracy: {'total': 82.46, '00-68': 83.8, '69-137': 81.08, 'old': 83.8, 'new': 81.08}
2026-09-13 18:57:22,298 [trainer.py] => (curve) top1 Acc: [87.85, 82.46]
2026-09-13 18:57:22,298 [trainer.py] => Avergae Acc: 85.16
2026-09-13 18:57:22,298 [trainer.py] => (curve) top1 Acc with task: [87.85, 87.34]
2026-09-13 18:57:22,298 [trainer.py] => Avergae Acc: 87.59
2026-09-13 18:57:22,298 [trainer.py] => (curve) top1 Acc task: [100.0, 89.79]
2026-09-13 18:57:22,298 [trainer.py] => Avergae Acc: 94.90
2026-09-13 18:57:22,298 [trainer.py] => ================================================================================
2026-09-13 18:57:22,299 [trainer.py] => ================================================================================
2026-09-13 18:57:22,357 [base.py] => Task 2 learning on class 138-207
2026-09-13 18:57:22,361 [toolkit.py] => Total params:     105,073,068
2026-09-13 18:57:22,361 [toolkit.py] => Trainable params: 1,158,981
2026-09-13 18:57:22,361 [toolkit.py] => Trainable ratio:  1.1030%
2026-09-13 19:52:39,077 [ewclora.py] => Task 2, Epoch 5/5 => Loss 0.649, Train_accy 83.24
2026-09-13 19:52:39,078 [trainer.py] => Training time: 0h 55m 16s
2026-09-13 19:57:40,697 [trainer.py] => Evaluation time: 0h 5m 1s
2026-09-13 20:14:02,368 [trainer.py] => Accuracy: {'total': 78.28, '00-68': 80.94, '69-137': 78.44, '138-206': 75.58, 'old': 79.71, 'new': 75.58}
2026-09-13 20:14:02,380 [trainer.py] => (curve) top1 Acc: [87.85, 82.46, 78.28]
2026-09-13 20:14:02,393 [trainer.py] => Avergae Acc: 82.86
2026-09-13 20:14:02,393 [trainer.py] => (curve) top1 Acc with task: [87.85, 87.34, 86.58]
2026-09-13 20:14:02,394 [trainer.py] => Avergae Acc: 87.26
2026-09-13 20:14:02,394 [trainer.py] => (curve) top1 Acc task: [100.0, 89.79, 84.0]
2026-09-13 20:14:02,394 [trainer.py] => Avergae Acc: 91.26
2026-09-13 20:14:02,394 [trainer.py] => ================================================================================
2026-09-13 20:14:02,394 [trainer.py] => ================================================================================
2026-09-13 20:14:02,535 [base.py] => Task 3 learning on class 207-276
2026-09-13 20:14:02,542 [toolkit.py] => Total params:     105,073,068
2026-09-13 20:14:02,542 [toolkit.py] => Trainable params: 1,158,981
2026-09-13 20:14:02,542 [toolkit.py] => Trainable ratio:  1.1030%
2026-09-13 21:20:22,633 [ewclora.py] => Task 3, Epoch 5/5 => Loss 0.586, Train_accy 84.70
2026-09-13 21:20:22,709 [trainer.py] => Training time: 1h 6m 20s
2026-09-13 21:24:11,877 [trainer.py] => Evaluation time: 0h 3m 49s
2026-09-13 21:33:55,865 [trainer.py] => Accuracy: {'total': 75.71, '00-68': 78.51, '69-137': 76.12, '138-206': 73.78, '207-275': 74.5, 'old': 76.1, 'new': 74.5}
2026-09-13 21:33:55,865 [trainer.py] => (curve) top1 Acc: [87.85, 82.46, 78.28, 75.71]
2026-09-13 21:33:55,866 [trainer.py] => Avergae Acc: 81.08
2026-09-13 21:33:55,866 [trainer.py] => (curve) top1 Acc with task: [87.85, 87.34, 86.58, 86.34]
2026-09-13 21:33:55,866 [trainer.py] => Avergae Acc: 87.03
2026-09-13 21:33:55,866 [trainer.py] => (curve) top1 Acc task: [100.0, 89.79, 84.0, 80.53]
2026-09-13 21:33:55,866 [trainer.py] => Avergae Acc: 88.58
2026-09-13 21:33:55,866 [trainer.py] => ================================================================================
2026-09-13 21:33:55,866 [trainer.py] => ================================================================================
2026-09-13 21:33:55,926 [base.py] => Task 4 learning on class 276-345
2026-09-13 21:33:55,930 [toolkit.py] => Total params:     105,073,068
2026-09-13 21:33:55,930 [toolkit.py] => Trainable params: 1,158,981
2026-09-13 21:33:55,930 [toolkit.py] => Trainable ratio:  1.1030%
2026-09-13 22:42:47,302 [ewclora.py] => Task 4, Epoch 5/5 => Loss 0.574, Train_accy 85.01
2026-09-13 22:42:47,303 [trainer.py] => Training time: 1h 8m 51s
2026-09-13 22:51:43,646 [trainer.py] => Evaluation time: 0h 8m 56s
2026-09-13 23:05:55,118 [trainer.py] => Accuracy: {'total': 73.37, '00-68': 76.61, '69-137': 73.59, '138-206': 71.6, '207-275': 72.4, '276-344': 72.72, 'old': 73.53, 'new': 72.72}
2026-09-13 23:05:55,118 [trainer.py] => (curve) top1 Acc: [87.85, 82.46, 78.28, 75.71, 73.37]
2026-09-13 23:05:55,118 [trainer.py] => Avergae Acc: 79.53
2026-09-13 23:05:55,118 [trainer.py] => (curve) top1 Acc with task: [87.85, 87.34, 86.58, 86.34, 86.33]
2026-09-13 23:05:55,119 [trainer.py] => Avergae Acc: 86.89
2026-09-13 23:05:55,119 [trainer.py] => (curve) top1 Acc task: [100.0, 89.79, 84.0, 80.53, 77.4]
2026-09-13 23:05:55,119 [trainer.py] => Avergae Acc: 86.34
2026-09-13 23:05:55,119 [trainer.py] => ================================================================================
