2026-02-17 16:44:31,788 [toolkit.py] => config: configs/ewclora/domain.json
2026-02-17 16:44:31,788 [toolkit.py] => device: [device(type='cuda', index=0)]
2026-02-17 16:44:31,789 [toolkit.py] => debug: False
2026-02-17 16:44:31,789 [toolkit.py] => save_ckp: False
2026-02-17 16:44:31,789 [toolkit.py] => seed: 0
2026-02-17 16:44:31,789 [toolkit.py] => dataset: domainnet
2026-02-17 16:44:31,789 [toolkit.py] => data_path: data/domainnet
2026-02-17 16:44:31,789 [toolkit.py] => load: vit_base_patch16_224_in21k
2026-02-17 16:44:31,789 [toolkit.py] => init_cls: 69
2026-02-17 16:44:31,789 [toolkit.py] => increment: 69
2026-02-17 16:44:31,789 [toolkit.py] => sessions: 5
2026-02-17 16:44:31,789 [toolkit.py] => shuffle: False
2026-02-17 16:44:31,789 [toolkit.py] => method: ewclora
2026-02-17 16:44:31,789 [toolkit.py] => optimizer: adam
2026-02-17 16:44:31,789 [toolkit.py] => scheduler: cosine
2026-02-17 16:44:31,789 [toolkit.py] => epochs: 5
2026-02-17 16:44:31,789 [toolkit.py] => lrate: 0.0005
2026-02-17 16:44:31,789 [toolkit.py] => fc_lrate: 0.005
2026-02-17 16:44:31,789 [toolkit.py] => weight_decay: 0.0
2026-02-17 16:44:31,789 [toolkit.py] => batch_size: 128
2026-02-17 16:44:31,789 [toolkit.py] => rank: 30
2026-02-17 16:44:31,789 [toolkit.py] => num_workers: 16
2026-02-17 16:44:31,789 [toolkit.py] => gamma: 1.0
2026-02-17 16:44:31,789 [toolkit.py] => lambda: 10000000.0
2026-02-17 16:44:31,789 [toolkit.py] => logdir: logs/ewclora/domainnet/t5
2026-02-17 16:44:31,789 [toolkit.py] => logfilename: logs/ewclora/domainnet/t5/seed0
2026-02-17 16:44:32,097 [data_manager.py] => Class index order: 0, 1, 2, 3, 4, ..., 340, 341, 342, 343, 344
2026-02-17 16:44:37,544 [trainer.py] => ================================================================================
2026-02-17 16:44:37,588 [base.py] => Task 0 learning on class 0-69
2026-02-17 16:44:41,548 [toolkit.py] => Total params:     105,073,068
2026-02-17 16:44:41,549 [toolkit.py] => Trainable params: 1,158,981
2026-02-17 16:44:41,549 [toolkit.py] => Trainable ratio:  1.1030%
2026-02-17 17:46:47,198 [ewclora.py] => Task 0, Epoch 5/5 => Loss 0.480, Train_accy 87.47
2026-02-17 17:46:47,199 [trainer.py] => Training time: 1h 2m 9s
2026-02-17 17:48:08,545 [trainer.py] => Evaluation time: 0h 1m 21s
2026-02-17 18:00:22,406 [trainer.py] => Accuracy: {'total': 87.99, '00-68': 87.99, 'old': 0, 'new': 87.99}
2026-02-17 18:00:22,407 [trainer.py] => (curve) top1 Acc: [87.99]
2026-02-17 18:00:22,407 [trainer.py] => (curve) top1 Acc with task: [87.99]
2026-02-17 18:00:22,407 [trainer.py] => (curve) top1 Acc task: [1.0]
2026-02-17 18:00:22,407 [trainer.py] => ================================================================================
2026-02-17 18:00:22,407 [trainer.py] => ================================================================================
2026-02-17 18:00:22,469 [base.py] => Task 1 learning on class 69-138
2026-02-17 18:00:22,474 [toolkit.py] => Total params:     105,073,068
2026-02-17 18:00:22,474 [toolkit.py] => Trainable params: 1,158,981
2026-02-17 18:00:22,474 [toolkit.py] => Trainable ratio:  1.1030%
2026-02-17 19:00:19,010 [ewclora.py] => Task 1, Epoch 5/5 => Loss 0.585, Train_accy 84.81
2026-02-17 19:00:19,012 [trainer.py] => Training time: 0h 59m 56s
2026-02-17 19:02:56,855 [trainer.py] => Evaluation time: 0h 2m 37s
2026-02-17 19:14:46,111 [trainer.py] => Accuracy: {'total': 82.39, '00-68': 84.04, '69-137': 80.67, 'old': 84.04, 'new': 80.67}
2026-02-17 19:14:46,112 [trainer.py] => (curve) top1 Acc: [87.99, 82.39]
2026-02-17 19:14:46,112 [trainer.py] => (curve) top1 Acc with task: [87.99, 87.49]
2026-02-17 19:14:46,112 [trainer.py] => (curve) top1 Acc task: [1.0, 0.8943474223407123]
2026-02-17 19:14:46,112 [trainer.py] => ================================================================================
2026-02-17 19:14:46,112 [trainer.py] => ================================================================================
2026-02-17 19:14:46,177 [base.py] => Task 2 learning on class 138-207
2026-02-17 19:14:46,181 [toolkit.py] => Total params:     105,073,068
2026-02-17 19:14:46,181 [toolkit.py] => Trainable params: 1,158,981
2026-02-17 19:14:46,181 [toolkit.py] => Trainable ratio:  1.1030%
2026-02-17 20:19:27,801 [ewclora.py] => Task 2, Epoch 5/5 => Loss 0.648, Train_accy 83.29
2026-02-17 20:19:27,802 [trainer.py] => Training time: 1h 4m 41s
2026-02-17 20:23:28,607 [trainer.py] => Evaluation time: 0h 4m 0s
2026-02-17 20:36:13,962 [trainer.py] => Accuracy: {'total': 78.11, '00-68': 81.82, '69-137': 78.19, '138-206': 74.47, 'old': 80.04, 'new': 74.47}
2026-02-17 20:36:13,962 [trainer.py] => (curve) top1 Acc: [87.99, 82.39, 78.11]
2026-02-17 20:36:13,962 [trainer.py] => (curve) top1 Acc with task: [87.99, 87.49, 86.62]
2026-02-17 20:36:13,963 [trainer.py] => (curve) top1 Acc task: [1.0, 0.8943474223407123, 0.8354195188734598]
2026-02-17 20:36:13,963 [trainer.py] => ================================================================================
2026-02-17 20:36:13,963 [trainer.py] => ================================================================================
2026-02-17 20:36:14,026 [base.py] => Task 3 learning on class 207-276
2026-02-17 20:36:14,031 [toolkit.py] => Total params:     105,073,068
2026-02-17 20:36:14,031 [toolkit.py] => Trainable params: 1,158,981
2026-02-17 20:36:14,031 [toolkit.py] => Trainable ratio:  1.1030%
2026-02-17 21:38:56,029 [ewclora.py] => Task 3, Epoch 5/5 => Loss 0.584, Train_accy 84.78
2026-02-17 21:38:56,030 [trainer.py] => Training time: 1h 2m 42s
2026-02-17 21:44:14,531 [trainer.py] => Evaluation time: 0h 5m 18s
2026-02-17 21:56:36,386 [trainer.py] => Accuracy: {'total': 75.52, '00-68': 79.64, '69-137': 76.2, '138-206': 72.76, '207-275': 73.6, 'old': 76.15, 'new': 73.6}
2026-02-17 21:56:36,387 [trainer.py] => (curve) top1 Acc: [87.99, 82.39, 78.11, 75.52]
2026-02-17 21:56:36,387 [trainer.py] => (curve) top1 Acc with task: [87.99, 87.49, 86.62, 86.38]
2026-02-17 21:56:36,387 [trainer.py] => (curve) top1 Acc task: [1.0, 0.8943474223407123, 0.8354195188734598, 0.8020482335457101]
2026-02-17 21:56:36,387 [trainer.py] => ================================================================================
2026-02-17 21:56:36,387 [trainer.py] => ================================================================================
2026-02-17 21:56:36,447 [base.py] => Task 4 learning on class 276-345
2026-02-17 21:56:36,452 [toolkit.py] => Total params:     105,073,068
2026-02-17 21:56:36,452 [toolkit.py] => Trainable params: 1,158,981
2026-02-17 21:56:36,452 [toolkit.py] => Trainable ratio:  1.1030%
2026-02-17 22:57:59,827 [ewclora.py] => Task 4, Epoch 5/5 => Loss 0.583, Train_accy 84.62
2026-02-17 22:57:59,828 [trainer.py] => Training time: 1h 1m 23s
2026-02-17 23:04:36,445 [trainer.py] => Evaluation time: 0h 6m 36s
2026-02-17 23:16:43,249 [trainer.py] => Accuracy: {'total': 73.28, '00-68': 77.83, '69-137': 73.84, '138-206': 70.61, '207-275': 71.67, '276-344': 72.55, 'old': 73.46, 'new': 72.55}
2026-02-17 23:16:43,249 [trainer.py] => (curve) top1 Acc: [87.99, 82.39, 78.11, 75.52, 73.28]
2026-02-17 23:16:43,250 [trainer.py] => (curve) top1 Acc with task: [87.99, 87.49, 86.62, 86.38, 86.39]
2026-02-17 23:16:43,250 [trainer.py] => (curve) top1 Acc task: [1.0, 0.8943474223407123, 0.8354195188734598, 0.8020482335457101, 0.7724610989114779]
2026-02-17 23:16:43,250 [trainer.py] => ================================================================================
2026-07-02 00:56:15,506 [toolkit.py] => config: /home/zll2025/low-rank-cl-main/configs/ewclora/domain.json
2026-07-02 00:56:15,517 [toolkit.py] => device: [device(type='cuda', index=4)]
2026-07-02 00:56:15,517 [toolkit.py] => debug: False
2026-07-02 00:56:15,518 [toolkit.py] => save_ckp: False
2026-07-02 00:56:15,518 [toolkit.py] => moe_list: None
2026-07-02 00:56:15,518 [toolkit.py] => seed: 0
2026-07-02 00:56:15,518 [toolkit.py] => dataset: domainnet
2026-07-02 00:56:15,518 [toolkit.py] => data_path: data/domainnet
2026-07-02 00:56:15,518 [toolkit.py] => load: vit_base_patch16_224_in21k
2026-07-02 00:56:15,518 [toolkit.py] => init_cls: 69
2026-07-02 00:56:15,518 [toolkit.py] => increment: 69
2026-07-02 00:56:15,518 [toolkit.py] => sessions: 5
2026-07-02 00:56:15,518 [toolkit.py] => shuffle: False
2026-07-02 00:56:15,518 [toolkit.py] => method: ewclora
2026-07-02 00:56:15,518 [toolkit.py] => optimizer: adam
2026-07-02 00:56:15,518 [toolkit.py] => scheduler: cosine
2026-07-02 00:56:15,518 [toolkit.py] => epochs: 5
2026-07-02 00:56:15,518 [toolkit.py] => lrate: 0.0005
2026-07-02 00:56:15,518 [toolkit.py] => fc_lrate: 0.005
2026-07-02 00:56:15,518 [toolkit.py] => weight_decay: 0.0
2026-07-02 00:56:15,518 [toolkit.py] => batch_size: 128
2026-07-02 00:56:15,518 [toolkit.py] => rank: 30
2026-07-02 00:56:15,518 [toolkit.py] => num_workers: 16
2026-07-02 00:56:15,518 [toolkit.py] => gamma: 1.0
2026-07-02 00:56:15,519 [toolkit.py] => lambda: 10000000.0
2026-07-02 00:56:15,519 [toolkit.py] => logdir: logs/ewclora/domainnet/t5
2026-07-02 00:56:15,519 [toolkit.py] => logfilename: logs/ewclora/domainnet/t5/seed0
2026-07-02 00:56:15,797 [data_manager.py] => Class index order: 0, 1, 2, 3, 4, ..., 340, 341, 342, 343, 344
2026-07-02 00:56:29,604 [toolkit.py] => config: /home/zll2025/low-rank-cl-main/configs/ewclora/domain.json
2026-07-02 00:56:29,604 [toolkit.py] => device: [device(type='cuda', index=5)]
2026-07-02 00:56:29,604 [toolkit.py] => debug: False
2026-07-02 00:56:29,604 [toolkit.py] => save_ckp: False
2026-07-02 00:56:29,604 [toolkit.py] => moe_list: None
2026-07-02 00:56:29,604 [toolkit.py] => seed: 0
2026-07-02 00:56:29,604 [toolkit.py] => dataset: domainnet
2026-07-02 00:56:29,604 [toolkit.py] => data_path: data/domainnet
2026-07-02 00:56:29,604 [toolkit.py] => load: vit_base_patch16_224_in21k
2026-07-02 00:56:29,604 [toolkit.py] => init_cls: 69
2026-07-02 00:56:29,604 [toolkit.py] => increment: 69
2026-07-02 00:56:29,605 [toolkit.py] => sessions: 5
2026-07-02 00:56:29,605 [toolkit.py] => shuffle: False
2026-07-02 00:56:29,605 [toolkit.py] => method: ewclora
2026-07-02 00:56:29,605 [toolkit.py] => optimizer: adam
2026-07-02 00:56:29,605 [toolkit.py] => scheduler: cosine
2026-07-02 00:56:29,605 [toolkit.py] => epochs: 5
2026-07-02 00:56:29,605 [toolkit.py] => lrate: 0.0005
2026-07-02 00:56:29,605 [toolkit.py] => fc_lrate: 0.005
2026-07-02 00:56:29,605 [toolkit.py] => weight_decay: 0.0
2026-07-02 00:56:29,605 [toolkit.py] => batch_size: 128
2026-07-02 00:56:29,605 [toolkit.py] => rank: 30
2026-07-02 00:56:29,605 [toolkit.py] => num_workers: 16
2026-07-02 00:56:29,605 [toolkit.py] => gamma: 1.0
2026-07-02 00:56:29,605 [toolkit.py] => lambda: 10000000.0
2026-07-02 00:56:29,605 [toolkit.py] => logdir: logs/ewclora/domainnet/t5
2026-07-02 00:56:29,605 [toolkit.py] => logfilename: logs/ewclora/domainnet/t5/seed0
2026-07-02 00:56:29,848 [data_manager.py] => Class index order: 0, 1, 2, 3, 4, ..., 340, 341, 342, 343, 344
2026-07-02 00:56:54,225 [toolkit.py] => config: /home/zll2025/low-rank-cl-main/configs/ewclora/domain.json
2026-07-02 00:56:54,225 [toolkit.py] => device: [device(type='cuda', index=5)]
2026-07-02 00:56:54,225 [toolkit.py] => debug: False
2026-07-02 00:56:54,225 [toolkit.py] => save_ckp: False
2026-07-02 00:56:54,225 [toolkit.py] => moe_list: None
2026-07-02 00:56:54,225 [toolkit.py] => seed: 0
2026-07-02 00:56:54,225 [toolkit.py] => dataset: domainnet
2026-07-02 00:56:54,225 [toolkit.py] => data_path: data/domainnet
2026-07-02 00:56:54,225 [toolkit.py] => load: vit_base_patch16_224_in21k
2026-07-02 00:56:54,225 [toolkit.py] => init_cls: 69
2026-07-02 00:56:54,225 [toolkit.py] => increment: 69
2026-07-02 00:56:54,225 [toolkit.py] => sessions: 5
2026-07-02 00:56:54,225 [toolkit.py] => shuffle: False
2026-07-02 00:56:54,225 [toolkit.py] => method: ewclora
2026-07-02 00:56:54,225 [toolkit.py] => optimizer: adam
2026-07-02 00:56:54,225 [toolkit.py] => scheduler: cosine
2026-07-02 00:56:54,225 [toolkit.py] => epochs: 5
2026-07-02 00:56:54,225 [toolkit.py] => lrate: 0.0005
2026-07-02 00:56:54,225 [toolkit.py] => fc_lrate: 0.005
2026-07-02 00:56:54,225 [toolkit.py] => weight_decay: 0.0
2026-07-02 00:56:54,225 [toolkit.py] => batch_size: 128
2026-07-02 00:56:54,225 [toolkit.py] => rank: 30
2026-07-02 00:56:54,225 [toolkit.py] => num_workers: 16
2026-07-02 00:56:54,225 [toolkit.py] => gamma: 0.9
2026-07-02 00:56:54,225 [toolkit.py] => lambda: 10000000.0
2026-07-02 00:56:54,225 [toolkit.py] => lrate_head: 0
2026-07-02 00:56:54,225 [toolkit.py] => logdir: logs/ewclora/domainnet/t5
2026-07-02 00:56:54,226 [toolkit.py] => logfilename: logs/ewclora/domainnet/t5/seed0
2026-07-02 00:56:54,442 [data_manager.py] => Class index order: 0, 1, 2, 3, 4, ..., 340, 341, 342, 343, 344
2026-07-02 00:56:59,459 [trainer.py] => ================================================================================
2026-07-02 00:56:59,512 [base.py] => Task 0 learning on class 0-69
2026-07-02 00:57:00,345 [toolkit.py] => Total params:     105,073,068
2026-07-02 00:57:00,345 [toolkit.py] => Trainable params: 1,158,981
2026-07-02 00:57:00,345 [toolkit.py] => Trainable ratio:  1.1030%
2026-07-02 01:01:16,601 [toolkit.py] => config: /home/zll2025/low-rank-cl-main/configs/ewclora/domain.json
2026-07-02 01:01:16,601 [toolkit.py] => device: [device(type='cuda', index=5)]
2026-07-02 01:01:16,601 [toolkit.py] => debug: False
2026-07-02 01:01:16,601 [toolkit.py] => save_ckp: False
2026-07-02 01:01:16,601 [toolkit.py] => moe_list: None
2026-07-02 01:01:16,601 [toolkit.py] => seed: 0
2026-07-02 01:01:16,601 [toolkit.py] => dataset: domainnet
2026-07-02 01:01:16,601 [toolkit.py] => data_path: data/domainnet
2026-07-02 01:01:16,601 [toolkit.py] => load: vit_base_patch16_224_in21k
2026-07-02 01:01:16,601 [toolkit.py] => init_cls: 69
2026-07-02 01:01:16,601 [toolkit.py] => increment: 69
2026-07-02 01:01:16,601 [toolkit.py] => sessions: 5
2026-07-02 01:01:16,601 [toolkit.py] => shuffle: False
2026-07-02 01:01:16,602 [toolkit.py] => method: ewclora
2026-07-02 01:01:16,602 [toolkit.py] => optimizer: adam
2026-07-02 01:01:16,602 [toolkit.py] => scheduler: cosine
2026-07-02 01:01:16,602 [toolkit.py] => epochs: 5
2026-07-02 01:01:16,602 [toolkit.py] => lrate: 0.0005
2026-07-02 01:01:16,602 [toolkit.py] => fc_lrate: 0.005
2026-07-02 01:01:16,602 [toolkit.py] => weight_decay: 0.0
2026-07-02 01:01:16,602 [toolkit.py] => batch_size: 128
2026-07-02 01:01:16,602 [toolkit.py] => rank: 30
2026-07-02 01:01:16,602 [toolkit.py] => num_workers: 16
2026-07-02 01:01:16,602 [toolkit.py] => gamma: 0.9
2026-07-02 01:01:16,602 [toolkit.py] => lambda: 10000000.0
2026-07-02 01:01:16,602 [toolkit.py] => lrate_head: 0
2026-07-02 01:01:16,602 [toolkit.py] => logdir: logs/ewclora/domainnet/t5
2026-07-02 01:01:16,602 [toolkit.py] => logfilename: logs/ewclora/domainnet/t5/seed0
2026-07-02 01:01:16,809 [data_manager.py] => Class index order: 0, 1, 2, 3, 4, ..., 340, 341, 342, 343, 344
2026-07-02 01:01:20,948 [trainer.py] => ================================================================================
2026-07-02 01:01:21,015 [base.py] => Task 0 learning on class 0-69
2026-07-02 01:01:21,853 [toolkit.py] => Total params:     105,073,068
2026-07-02 01:01:21,854 [toolkit.py] => Trainable params: 1,158,981
2026-07-02 01:01:21,854 [toolkit.py] => Trainable ratio:  1.1030%
2026-07-02 01:02:23,446 [toolkit.py] => config: /home/zll2025/low-rank-cl-main/configs/ewclora/domain.json
2026-07-02 01:02:23,446 [toolkit.py] => device: [device(type='cuda', index=5)]
2026-07-02 01:02:23,446 [toolkit.py] => debug: False
2026-07-02 01:02:23,446 [toolkit.py] => save_ckp: False
2026-07-02 01:02:23,446 [toolkit.py] => moe_list: None
2026-07-02 01:02:23,446 [toolkit.py] => seed: 0
2026-07-02 01:02:23,446 [toolkit.py] => dataset: domainnet
2026-07-02 01:02:23,446 [toolkit.py] => data_path: data/domainnet
2026-07-02 01:02:23,446 [toolkit.py] => load: vit_base_patch16_224_in21k
2026-07-02 01:02:23,446 [toolkit.py] => init_cls: 69
2026-07-02 01:02:23,446 [toolkit.py] => increment: 69
2026-07-02 01:02:23,446 [toolkit.py] => sessions: 5
2026-07-02 01:02:23,446 [toolkit.py] => shuffle: False
2026-07-02 01:02:23,446 [toolkit.py] => method: ewclora
2026-07-02 01:02:23,446 [toolkit.py] => optimizer: adam
2026-07-02 01:02:23,446 [toolkit.py] => scheduler: cosine
2026-07-02 01:02:23,446 [toolkit.py] => epochs: 5
2026-07-02 01:02:23,446 [toolkit.py] => lrate: 0.0005
2026-07-02 01:02:23,446 [toolkit.py] => fc_lrate: 0.005
2026-07-02 01:02:23,446 [toolkit.py] => weight_decay: 0.0
2026-07-02 01:02:23,446 [toolkit.py] => batch_size: 128
2026-07-02 01:02:23,446 [toolkit.py] => rank: 30
2026-07-02 01:02:23,446 [toolkit.py] => num_workers: 16
2026-07-02 01:02:23,447 [toolkit.py] => gamma: 0.9
2026-07-02 01:02:23,447 [toolkit.py] => lambda: 10000000.0
2026-07-02 01:02:23,447 [toolkit.py] => lrate_head: 0
2026-07-02 01:02:23,447 [toolkit.py] => logdir: logs/ewclora/domainnet/t5
2026-07-02 01:02:23,447 [toolkit.py] => logfilename: logs/ewclora/domainnet/t5/seed0
2026-07-02 01:02:23,671 [data_manager.py] => Class index order: 0, 1, 2, 3, 4, ..., 340, 341, 342, 343, 344
2026-07-02 01:02:27,798 [trainer.py] => ================================================================================
2026-07-02 01:02:27,853 [base.py] => Task 0 learning on class 0-69
2026-07-02 01:02:28,696 [toolkit.py] => Total params:     105,073,068
2026-07-02 01:02:28,696 [toolkit.py] => Trainable params: 1,158,981
2026-07-02 01:02:28,696 [toolkit.py] => Trainable ratio:  1.1030%
2026-07-05 10:53:10,854 [toolkit.py] => config: /home/zll2025/low-rank-cl-main/configs/ewclora/domain_seed=0.json
2026-07-05 10:53:10,865 [toolkit.py] => device: [device(type='cuda', index=4)]
2026-07-05 10:53:10,865 [toolkit.py] => debug: False
2026-07-05 10:53:10,865 [toolkit.py] => save_ckp: False
2026-07-05 10:53:10,865 [toolkit.py] => moe_list: None
2026-07-05 10:53:10,865 [toolkit.py] => seed: 0
2026-07-05 10:53:10,865 [toolkit.py] => dataset: domainnet
2026-07-05 10:53:10,865 [toolkit.py] => data_path: data/domainnet
2026-07-05 10:53:10,865 [toolkit.py] => load: vit_base_patch16_224_in21k
2026-07-05 10:53:10,865 [toolkit.py] => init_cls: 69
2026-07-05 10:53:10,865 [toolkit.py] => increment: 69
2026-07-05 10:53:10,865 [toolkit.py] => sessions: 5
2026-07-05 10:53:10,865 [toolkit.py] => shuffle: False
2026-07-05 10:53:10,866 [toolkit.py] => method: ewclora
2026-07-05 10:53:10,866 [toolkit.py] => optimizer: adam
2026-07-05 10:53:10,866 [toolkit.py] => scheduler: cosine
2026-07-05 10:53:10,866 [toolkit.py] => epochs: 5
2026-07-05 10:53:10,866 [toolkit.py] => lrate: 0.0005
2026-07-05 10:53:10,866 [toolkit.py] => fc_lrate: 0.005
2026-07-05 10:53:10,866 [toolkit.py] => weight_decay: 0.0
2026-07-05 10:53:10,866 [toolkit.py] => batch_size: 128
2026-07-05 10:53:10,866 [toolkit.py] => rank: 30
2026-07-05 10:53:10,866 [toolkit.py] => num_workers: 16
2026-07-05 10:53:10,866 [toolkit.py] => gamma: 0.9
2026-07-05 10:53:10,866 [toolkit.py] => lambda: 10000000.0
2026-07-05 10:53:10,866 [toolkit.py] => lrate_head: 0
2026-07-05 10:53:10,866 [toolkit.py] => logdir: logs/ewclora/domainnet/t5
2026-07-05 10:53:10,866 [toolkit.py] => logfilename: logs/ewclora/domainnet/t5/seed0
2026-07-05 10:53:11,109 [data_manager.py] => Class index order: 0, 1, 2, 3, 4, ..., 340, 341, 342, 343, 344
2026-07-05 10:53:15,368 [trainer.py] => ================================================================================
2026-07-05 10:53:15,499 [base.py] => Task 0 learning on class 0-69
2026-07-05 10:53:15,930 [toolkit.py] => Total params:     105,073,068
2026-07-05 10:53:15,930 [toolkit.py] => Trainable params: 1,158,981
2026-07-05 10:53:15,930 [toolkit.py] => Trainable ratio:  1.1030%
2026-07-06 01:04:54,862 [toolkit.py] => config: /home/zll2025/low-rank-cl-main/configs/ewclora/domain_seed=0.json
2026-07-06 01:04:54,880 [toolkit.py] => device: [device(type='cuda', index=4)]
2026-07-06 01:04:54,880 [toolkit.py] => debug: False
2026-07-06 01:04:54,880 [toolkit.py] => save_ckp: False
2026-07-06 01:04:54,880 [toolkit.py] => moe_list: None
2026-07-06 01:04:54,880 [toolkit.py] => seed: 0
2026-07-06 01:04:54,881 [toolkit.py] => dataset: domainnet
2026-07-06 01:04:54,881 [toolkit.py] => data_path: data/domainnet
2026-07-06 01:04:54,881 [toolkit.py] => load: vit_base_patch16_224_in21k
2026-07-06 01:04:54,881 [toolkit.py] => init_cls: 69
2026-07-06 01:04:54,881 [toolkit.py] => increment: 69
2026-07-06 01:04:54,881 [toolkit.py] => sessions: 5
2026-07-06 01:04:54,881 [toolkit.py] => shuffle: False
2026-07-06 01:04:54,881 [toolkit.py] => method: ewclora
2026-07-06 01:04:54,881 [toolkit.py] => optimizer: adam
2026-07-06 01:04:54,881 [toolkit.py] => scheduler: cosine
2026-07-06 01:04:54,881 [toolkit.py] => epochs: 5
2026-07-06 01:04:54,881 [toolkit.py] => lrate: 0.0005
2026-07-06 01:04:54,881 [toolkit.py] => fc_lrate: 0.005
2026-07-06 01:04:54,881 [toolkit.py] => weight_decay: 0.0
2026-07-06 01:04:54,881 [toolkit.py] => batch_size: 128
2026-07-06 01:04:54,881 [toolkit.py] => rank: 30
2026-07-06 01:04:54,881 [toolkit.py] => num_workers: 16
2026-07-06 01:04:54,882 [toolkit.py] => gamma: 0.9
2026-07-06 01:04:54,882 [toolkit.py] => lambda: 10000000.0
2026-07-06 01:04:54,882 [toolkit.py] => lrate_head: 0
2026-07-06 01:04:54,882 [toolkit.py] => logdir: logs/ewclora/domainnet/t5
2026-07-06 01:04:54,882 [toolkit.py] => logfilename: logs/ewclora/domainnet/t5/seed0
2026-07-06 01:04:55,115 [data_manager.py] => Class index order: 0, 1, 2, 3, 4, ..., 340, 341, 342, 343, 344
2026-07-06 01:04:59,866 [trainer.py] => ================================================================================
2026-07-06 01:04:59,941 [base.py] => Task 0 learning on class 0-69
2026-07-06 01:05:00,578 [toolkit.py] => Total params:     105,073,068
2026-07-06 01:05:00,578 [toolkit.py] => Trainable params: 1,158,981
2026-07-06 01:05:00,578 [toolkit.py] => Trainable ratio:  1.1030%
2026-07-06 01:53:11,423 [ewclora.py] => Task 0, Epoch 5/5 => Loss 0.480, Train_accy 87.51
2026-07-06 01:53:11,424 [trainer.py] => Training time: 0h 48m 11s
2026-07-06 01:54:09,691 [trainer.py] => Evaluation time: 0h 0m 58s
2026-07-06 02:03:42,017 [trainer.py] => Accuracy: {'total': 87.98, '00-68': 87.98, 'old': 0, 'new': 87.98}
2026-07-06 02:03:42,017 [trainer.py] => (curve) top1 Acc: [87.98]
2026-07-06 02:03:42,018 [trainer.py] => Avergae Acc: 87.98
2026-07-06 02:03:42,018 [trainer.py] => (curve) top1 Acc with task: [87.98]
2026-07-06 02:03:42,018 [trainer.py] => Avergae Acc: 87.98
2026-07-06 02:03:42,018 [trainer.py] => (curve) top1 Acc task: [100.0]
2026-07-06 02:03:42,018 [trainer.py] => Avergae Acc: 100.00
2026-07-06 02:03:42,018 [trainer.py] => ================================================================================
2026-07-06 02:03:42,018 [trainer.py] => ================================================================================
2026-07-06 02:03:42,074 [base.py] => Task 1 learning on class 69-138
2026-07-06 02:03:42,078 [toolkit.py] => Total params:     105,073,068
2026-07-06 02:03:42,078 [toolkit.py] => Trainable params: 1,158,981
2026-07-06 02:03:42,078 [toolkit.py] => Trainable ratio:  1.1030%
2026-07-06 02:50:24,904 [ewclora.py] => Task 1, Epoch 5/5 => Loss 0.585, Train_accy 84.83
2026-07-06 02:50:24,905 [trainer.py] => Training time: 0h 46m 42s
2026-07-06 02:52:17,833 [trainer.py] => Evaluation time: 0h 1m 52s
2026-07-06 03:01:30,819 [trainer.py] => Accuracy: {'total': 82.33, '00-68': 84.11, '69-137': 80.48, 'old': 84.11, 'new': 80.48}
2026-07-06 03:01:30,819 [trainer.py] => (curve) top1 Acc: [87.98, 82.33]
2026-07-06 03:01:30,819 [trainer.py] => Avergae Acc: 85.16
2026-07-06 03:01:30,819 [trainer.py] => (curve) top1 Acc with task: [87.98, 87.39]
2026-07-06 03:01:30,819 [trainer.py] => Avergae Acc: 87.69
2026-07-06 03:01:30,819 [trainer.py] => (curve) top1 Acc task: [100.0, 89.47]
2026-07-06 03:01:30,819 [trainer.py] => Avergae Acc: 94.73
2026-07-06 03:01:30,820 [trainer.py] => ================================================================================
2026-07-06 03:01:30,820 [trainer.py] => ================================================================================
2026-07-06 03:01:30,880 [base.py] => Task 2 learning on class 138-207
2026-07-06 03:01:30,885 [toolkit.py] => Total params:     105,073,068
2026-07-06 03:01:30,885 [toolkit.py] => Trainable params: 1,158,981
2026-07-06 03:01:30,885 [toolkit.py] => Trainable ratio:  1.1030%
2026-07-06 03:51:43,982 [ewclora.py] => Task 2, Epoch 5/5 => Loss 0.648, Train_accy 83.24
2026-07-06 03:51:43,983 [trainer.py] => Training time: 0h 50m 13s
2026-07-06 03:54:36,165 [trainer.py] => Evaluation time: 0h 2m 52s
2026-07-06 04:04:32,400 [trainer.py] => Accuracy: {'total': 78.05, '00-68': 81.88, '69-137': 78.02, '138-206': 74.4, 'old': 79.99, 'new': 74.4}
2026-07-06 04:04:32,400 [trainer.py] => (curve) top1 Acc: [87.98, 82.33, 78.05]
2026-07-06 04:04:32,400 [trainer.py] => Avergae Acc: 82.79
2026-07-06 04:04:32,400 [trainer.py] => (curve) top1 Acc with task: [87.98, 87.39, 86.59]
2026-07-06 04:04:32,400 [trainer.py] => Avergae Acc: 87.32
2026-07-06 04:04:32,400 [trainer.py] => (curve) top1 Acc task: [100.0, 89.47, 83.53]
2026-07-06 04:04:32,401 [trainer.py] => Avergae Acc: 91.00
2026-07-06 04:04:32,401 [trainer.py] => ================================================================================
2026-07-06 04:04:32,401 [trainer.py] => ================================================================================
2026-07-06 04:04:32,462 [base.py] => Task 3 learning on class 207-276
2026-07-06 04:04:32,466 [toolkit.py] => Total params:     105,073,068
2026-07-06 04:04:32,466 [toolkit.py] => Trainable params: 1,158,981
2026-07-06 04:04:32,466 [toolkit.py] => Trainable ratio:  1.1030%
2026-07-06 04:53:19,021 [ewclora.py] => Task 3, Epoch 5/5 => Loss 0.586, Train_accy 84.78
2026-07-06 04:53:19,022 [trainer.py] => Training time: 0h 48m 46s
2026-07-06 04:57:07,151 [trainer.py] => Evaluation time: 0h 3m 48s
2026-07-06 05:06:45,221 [trainer.py] => Accuracy: {'total': 75.49, '00-68': 79.76, '69-137': 76.11, '138-206': 72.6, '207-275': 73.61, 'old': 76.11, 'new': 73.61}
2026-07-06 05:06:45,221 [trainer.py] => (curve) top1 Acc: [87.98, 82.33, 78.05, 75.49]
2026-07-06 05:06:45,221 [trainer.py] => Avergae Acc: 80.96
2026-07-06 05:06:45,221 [trainer.py] => (curve) top1 Acc with task: [87.98, 87.39, 86.59, 86.41]
2026-07-06 05:06:45,221 [trainer.py] => Avergae Acc: 87.09
2026-07-06 05:06:45,221 [trainer.py] => (curve) top1 Acc task: [100.0, 89.47, 83.53, 80.11]
2026-07-06 05:06:45,221 [trainer.py] => Avergae Acc: 88.28
2026-07-06 05:06:45,221 [trainer.py] => ================================================================================
2026-07-06 05:06:45,221 [trainer.py] => ================================================================================
2026-07-06 05:06:45,282 [base.py] => Task 4 learning on class 276-345
2026-07-06 05:06:45,286 [toolkit.py] => Total params:     105,073,068
2026-07-06 05:06:45,286 [toolkit.py] => Trainable params: 1,158,981
2026-07-06 05:06:45,287 [toolkit.py] => Trainable ratio:  1.1030%
2026-07-06 05:54:35,461 [ewclora.py] => Task 4, Epoch 5/5 => Loss 0.582, Train_accy 84.83
2026-07-06 05:54:35,463 [trainer.py] => Training time: 0h 47m 50s
2026-07-06 05:59:19,966 [trainer.py] => Evaluation time: 0h 4m 44s
2026-07-06 06:08:46,691 [trainer.py] => Accuracy: {'total': 73.28, '00-68': 78.01, '69-137': 73.77, '138-206': 70.49, '207-275': 71.42, '276-344': 72.8, 'old': 73.39, 'new': 72.8}
2026-07-06 06:08:46,691 [trainer.py] => (curve) top1 Acc: [87.98, 82.33, 78.05, 75.49, 73.28]
2026-07-06 06:08:46,691 [trainer.py] => Avergae Acc: 79.43
2026-07-06 06:08:46,691 [trainer.py] => (curve) top1 Acc with task: [87.98, 87.39, 86.59, 86.41, 86.35]
2026-07-06 06:08:46,691 [trainer.py] => Avergae Acc: 86.94
2026-07-06 06:08:46,691 [trainer.py] => (curve) top1 Acc task: [100.0, 89.47, 83.53, 80.11, 77.2]
2026-07-06 06:08:46,691 [trainer.py] => Avergae Acc: 86.06
2026-07-06 06:08:46,691 [trainer.py] => ================================================================================
