2026-09-12 21:22:52,102 [toolkit.py] => config: configs/ewclora/domain_seed=1997.json
2026-09-12 21:22:52,102 [toolkit.py] => device: [device(type='cuda', index=1)]
2026-09-12 21:22:52,103 [toolkit.py] => debug: False
2026-09-12 21:22:52,103 [toolkit.py] => save_ckp: False
2026-09-12 21:22:52,103 [toolkit.py] => moe_list: None
2026-09-12 21:22:52,103 [toolkit.py] => seed: 1997
2026-09-12 21:22:52,103 [toolkit.py] => dataset: domainnet
2026-09-12 21:22:52,103 [toolkit.py] => data_path: data/domainnet
2026-09-12 21:22:52,103 [toolkit.py] => load: vit_base_patch16_224_in21k
2026-09-12 21:22:52,103 [toolkit.py] => init_cls: 69
2026-09-12 21:22:52,103 [toolkit.py] => increment: 69
2026-09-12 21:22:52,103 [toolkit.py] => sessions: 5
2026-09-12 21:22:52,103 [toolkit.py] => shuffle: False
2026-09-12 21:22:52,103 [toolkit.py] => method: ewclora
2026-09-12 21:22:52,103 [toolkit.py] => optimizer: adam
2026-09-12 21:22:52,103 [toolkit.py] => scheduler: cosine
2026-09-12 21:22:52,103 [toolkit.py] => epochs: 5
2026-09-12 21:22:52,103 [toolkit.py] => lrate: 0.0005
2026-09-12 21:22:52,103 [toolkit.py] => fc_lrate: 0.005
2026-09-12 21:22:52,103 [toolkit.py] => weight_decay: 0.0
2026-09-12 21:22:52,103 [toolkit.py] => batch_size: 128
2026-09-12 21:22:52,103 [toolkit.py] => rank: 30
2026-09-12 21:22:52,103 [toolkit.py] => num_workers: 16
2026-09-12 21:22:52,103 [toolkit.py] => gamma: 0.9
2026-09-12 21:22:52,103 [toolkit.py] => lambda: 10000000.0
2026-09-12 21:22:52,103 [toolkit.py] => lrate_head: 0
2026-09-12 21:22:52,103 [toolkit.py] => logdir: logs/ewclora/domainnet/t5
2026-09-12 21:22:52,103 [toolkit.py] => logfilename: logs/ewclora/domainnet/t5/seed1997
2026-09-12 21:22:52,473 [data_manager.py] => Class index order: 0, 1, 2, 3, 4, ..., 340, 341, 342, 343, 344
2026-09-12 21:22:56,606 [trainer.py] => ================================================================================
2026-09-12 21:22:56,606 [trainer.py] => Dataset Information
2026-09-12 21:22:56,606 [trainer.py] => ================================================================================
2026-09-12 21:22:56,606 [trainer.py] =>   Dataset name     : domainnet
2026-09-12 21:22:56,606 [trainer.py] =>   Data path        : data/domainnet
2026-09-12 21:22:56,607 [trainer.py] =>   Total classes    : 345
2026-09-12 21:22:56,607 [trainer.py] =>   Total tasks      : 5
2026-09-12 21:22:56,607 [trainer.py] =>   Task increments  : [69, 69, 69, 69, 69]
2026-09-12 21:22:56,607 [trainer.py] =>   Init classes     : 69
2026-09-12 21:22:56,607 [trainer.py] =>   Increment per task: 69
2026-09-12 21:22:56,607 [trainer.py] =>   Shuffle          : False
2026-09-12 21:22:56,607 [trainer.py] =>   Seed             : 1997
2026-09-12 21:22:56,607 [trainer.py] => --------------------------------------------------------------------------------
2026-09-12 21:22:56,607 [trainer.py] => Task split:
2026-09-12 21:22:56,671 [trainer.py] =>   Task 0: classes 0-68 (69 classes) | Train: 67628 images (265 batches), Test: 17009 images (67 batches)
2026-09-12 21:22:56,731 [trainer.py] =>   Task 1: classes 69-137 (69 classes) | Train: 65335 images (256 batches), Test: 16374 images (64 batches)
2026-09-12 21:22:56,790 [trainer.py] =>   Task 2: classes 138-206 (69 classes) | Train: 70512 images (276 batches), Test: 17747 images (70 batches)
2026-09-12 21:22:56,849 [trainer.py] =>   Task 3: classes 207-275 (69 classes) | Train: 68362 images (268 batches), Test: 16831 images (66 batches)
2026-09-12 21:22:56,907 [trainer.py] =>   Task 4: classes 276-344 (69 classes) | Train: 66967 images (262 batches), Test: 16741 images (66 batches)
2026-09-12 21:22:56,907 [trainer.py] => ================================================================================
2026-09-12 21:22:56,907 [trainer.py] => ================================================================================
2026-09-12 21:22:56,955 [base.py] => Task 0 learning on class 0-69
2026-09-12 21:22:57,427 [toolkit.py] => Total params:     105,073,068
2026-09-12 21:22:57,427 [toolkit.py] => Trainable params: 1,158,981
2026-09-12 21:22:57,427 [toolkit.py] => Trainable ratio:  1.1030%
2026-09-12 22:11:28,055 [ewclora.py] => Task 0, Epoch 5/5 => Loss 0.493, Train_accy 87.28
2026-09-12 22:11:28,056 [trainer.py] => Training time: 0h 48m 31s
2026-09-12 22:12:25,800 [trainer.py] => Evaluation time: 0h 0m 57s
2026-09-12 22:22:01,203 [trainer.py] => Accuracy: {'total': 87.91, '00-68': 87.91, 'old': 0, 'new': 87.91}
2026-09-12 22:22:01,203 [trainer.py] => (curve) top1 Acc: [87.91]
2026-09-12 22:22:01,203 [trainer.py] => Avergae Acc: 87.91
2026-09-12 22:22:01,204 [trainer.py] => (curve) top1 Acc with task: [87.91]
2026-09-12 22:22:01,204 [trainer.py] => Avergae Acc: 87.91
2026-09-12 22:22:01,204 [trainer.py] => (curve) top1 Acc task: [100.0]
2026-09-12 22:22:01,204 [trainer.py] => Avergae Acc: 100.00
2026-09-12 22:22:01,204 [trainer.py] => ================================================================================
2026-09-12 22:22:01,204 [trainer.py] => ================================================================================
2026-09-12 22:22:01,257 [base.py] => Task 1 learning on class 69-138
2026-09-12 22:22:01,261 [toolkit.py] => Total params:     105,073,068
2026-09-12 22:22:01,261 [toolkit.py] => Trainable params: 1,158,981
2026-09-12 22:22:01,261 [toolkit.py] => Trainable ratio:  1.1030%
2026-09-12 23:09:10,374 [ewclora.py] => Task 1, Epoch 5/5 => Loss 0.585, Train_accy 85.12
2026-09-12 23:09:10,387 [trainer.py] => Training time: 0h 47m 9s
2026-09-12 23:11:03,438 [trainer.py] => Evaluation time: 0h 1m 53s
2026-09-12 23:20:20,442 [trainer.py] => Accuracy: {'total': 82.35, '00-68': 83.71, '69-137': 80.95, 'old': 83.71, 'new': 80.95}
2026-09-12 23:20:20,442 [trainer.py] => (curve) top1 Acc: [87.91, 82.35]
2026-09-12 23:20:20,442 [trainer.py] => Avergae Acc: 85.13
2026-09-12 23:20:20,442 [trainer.py] => (curve) top1 Acc with task: [87.91, 87.31]
2026-09-12 23:20:20,442 [trainer.py] => Avergae Acc: 87.61
2026-09-12 23:20:20,442 [trainer.py] => (curve) top1 Acc task: [100.0, 89.61]
2026-09-12 23:20:20,442 [trainer.py] => Avergae Acc: 94.81
2026-09-12 23:20:20,442 [trainer.py] => ================================================================================
2026-09-12 23:20:20,442 [trainer.py] => ================================================================================
2026-09-12 23:20:20,501 [base.py] => Task 2 learning on class 138-207
2026-09-12 23:20:20,505 [toolkit.py] => Total params:     105,073,068
2026-09-12 23:20:20,505 [toolkit.py] => Trainable params: 1,158,981
2026-09-12 23:20:20,505 [toolkit.py] => Trainable ratio:  1.1030%
2026-09-13 00:31:34,028 [ewclora.py] => Task 2, Epoch 5/5 => Loss 0.646, Train_accy 83.30
2026-09-13 00:31:34,038 [trainer.py] => Training time: 1h 11m 13s
2026-09-13 00:37:06,516 [trainer.py] => Evaluation time: 0h 5m 32s
2026-09-13 00:55:11,332 [trainer.py] => Accuracy: {'total': 78.27, '00-68': 81.03, '69-137': 78.28, '138-206': 75.61, 'old': 79.68, 'new': 75.61}
2026-09-13 00:55:11,333 [trainer.py] => (curve) top1 Acc: [87.91, 82.35, 78.27]
2026-09-13 00:55:11,333 [trainer.py] => Avergae Acc: 82.84
2026-09-13 00:55:11,333 [trainer.py] => (curve) top1 Acc with task: [87.91, 87.31, 86.57]
2026-09-13 00:55:11,333 [trainer.py] => Avergae Acc: 87.26
2026-09-13 00:55:11,333 [trainer.py] => (curve) top1 Acc task: [100.0, 89.61, 83.87]
2026-09-13 00:55:11,333 [trainer.py] => Avergae Acc: 91.16
2026-09-13 00:55:11,333 [trainer.py] => ================================================================================
2026-09-13 00:55:11,333 [trainer.py] => ================================================================================
2026-09-13 00:55:11,403 [base.py] => Task 3 learning on class 207-276
2026-09-13 00:55:11,407 [toolkit.py] => Total params:     105,073,068
2026-09-13 00:55:11,407 [toolkit.py] => Trainable params: 1,158,981
2026-09-13 00:55:11,407 [toolkit.py] => Trainable ratio:  1.1030%
2026-09-13 02:16:23,952 [ewclora.py] => Task 3, Epoch 5/5 => Loss 0.591, Train_accy 84.56
2026-09-13 02:16:23,953 [trainer.py] => Training time: 1h 21m 12s
2026-09-13 02:20:12,416 [trainer.py] => Evaluation time: 0h 3m 48s
2026-09-13 02:29:55,933 [trainer.py] => Accuracy: {'total': 75.6, '00-68': 78.21, '69-137': 75.91, '138-206': 73.65, '207-275': 74.73, 'old': 75.89, 'new': 74.73}
2026-09-13 02:29:55,933 [trainer.py] => (curve) top1 Acc: [87.91, 82.35, 78.27, 75.6]
2026-09-13 02:29:55,934 [trainer.py] => Avergae Acc: 81.03
2026-09-13 02:29:55,934 [trainer.py] => (curve) top1 Acc with task: [87.91, 87.31, 86.57, 86.33]
2026-09-13 02:29:55,934 [trainer.py] => Avergae Acc: 87.03
2026-09-13 02:29:55,934 [trainer.py] => (curve) top1 Acc task: [100.0, 89.61, 83.87, 80.34]
2026-09-13 02:29:55,934 [trainer.py] => Avergae Acc: 88.46
2026-09-13 02:29:55,934 [trainer.py] => ================================================================================
2026-09-13 02:29:55,934 [trainer.py] => ================================================================================
2026-09-13 02:29:55,990 [base.py] => Task 4 learning on class 276-345
2026-09-13 02:29:55,994 [toolkit.py] => Total params:     105,073,068
2026-09-13 02:29:55,994 [toolkit.py] => Trainable params: 1,158,981
2026-09-13 02:29:55,994 [toolkit.py] => Trainable ratio:  1.1030%
2026-09-13 03:18:06,730 [ewclora.py] => Task 4, Epoch 5/5 => Loss 0.576, Train_accy 85.09
2026-09-13 03:18:06,731 [trainer.py] => Training time: 0h 48m 10s
2026-09-13 03:22:50,534 [trainer.py] => Evaluation time: 0h 4m 43s
2026-09-13 03:33:24,134 [trainer.py] => Accuracy: {'total': 73.42, '00-68': 76.48, '69-137': 73.4, '138-206': 71.47, '207-275': 72.79, '276-344': 73.04, 'old': 73.52, 'new': 73.04}
2026-09-13 03:33:24,134 [trainer.py] => (curve) top1 Acc: [87.91, 82.35, 78.27, 75.6, 73.42]
2026-09-13 03:33:24,134 [trainer.py] => Avergae Acc: 79.51
2026-09-13 03:33:24,134 [trainer.py] => (curve) top1 Acc with task: [87.91, 87.31, 86.57, 86.33, 86.26]
2026-09-13 03:33:24,135 [trainer.py] => Avergae Acc: 86.88
2026-09-13 03:33:24,135 [trainer.py] => (curve) top1 Acc task: [100.0, 89.61, 83.87, 80.34, 77.4]
2026-09-13 03:33:24,135 [trainer.py] => Avergae Acc: 86.24
2026-09-13 03:33:24,135 [trainer.py] => ================================================================================
