2026-07-05 10:52:49,718 [toolkit.py] => config: /home/zll2025/low-rank-cl-main/configs/ewclora/domain_seed=2026.json
2026-07-05 10:52:49,718 [toolkit.py] => device: [device(type='cuda', index=4)]
2026-07-05 10:52:49,718 [toolkit.py] => debug: False
2026-07-05 10:52:49,718 [toolkit.py] => save_ckp: False
2026-07-05 10:52:49,718 [toolkit.py] => moe_list: None
2026-07-05 10:52:49,718 [toolkit.py] => seed: 2026
2026-07-05 10:52:49,718 [toolkit.py] => dataset: domainnet
2026-07-05 10:52:49,718 [toolkit.py] => data_path: data/domainnet
2026-07-05 10:52:49,718 [toolkit.py] => load: vit_base_patch16_224_in21k
2026-07-05 10:52:49,718 [toolkit.py] => init_cls: 69
2026-07-05 10:52:49,718 [toolkit.py] => increment: 69
2026-07-05 10:52:49,718 [toolkit.py] => sessions: 5
2026-07-05 10:52:49,719 [toolkit.py] => shuffle: False
2026-07-05 10:52:49,719 [toolkit.py] => method: ewclora
2026-07-05 10:52:49,719 [toolkit.py] => optimizer: adam
2026-07-05 10:52:49,719 [toolkit.py] => scheduler: cosine
2026-07-05 10:52:49,719 [toolkit.py] => epochs: 5
2026-07-05 10:52:49,719 [toolkit.py] => lrate: 0.0005
2026-07-05 10:52:49,719 [toolkit.py] => fc_lrate: 0.005
2026-07-05 10:52:49,719 [toolkit.py] => weight_decay: 0.0
2026-07-05 10:52:49,719 [toolkit.py] => batch_size: 128
2026-07-05 10:52:49,719 [toolkit.py] => rank: 30
2026-07-05 10:52:49,719 [toolkit.py] => num_workers: 16
2026-07-05 10:52:49,719 [toolkit.py] => gamma: 0.9
2026-07-05 10:52:49,719 [toolkit.py] => lambda: 10000000.0
2026-07-05 10:52:49,719 [toolkit.py] => lrate_head: 0
2026-07-05 10:52:49,719 [toolkit.py] => logdir: logs/ewclora/domainnet/t5
2026-07-05 10:52:49,719 [toolkit.py] => logfilename: logs/ewclora/domainnet/t5/seed2026
2026-07-05 10:52:49,937 [data_manager.py] => Class index order: 0, 1, 2, 3, 4, ..., 340, 341, 342, 343, 344
2026-07-05 10:52:54,202 [trainer.py] => ================================================================================
2026-07-05 10:52:54,256 [base.py] => Task 0 learning on class 0-69
2026-07-05 10:52:54,819 [toolkit.py] => Total params:     105,073,068
2026-07-05 10:52:54,819 [toolkit.py] => Trainable params: 1,158,981
2026-07-05 10:52:54,819 [toolkit.py] => Trainable ratio:  1.1030%
2026-07-05 17:37:59,065 [toolkit.py] => config: /home/zll2025/low-rank-cl-main/configs/ewclora/domain_seed=2026.json
2026-07-05 17:37:59,081 [toolkit.py] => device: [device(type='cuda', index=4)]
2026-07-05 17:37:59,081 [toolkit.py] => debug: False
2026-07-05 17:37:59,081 [toolkit.py] => save_ckp: False
2026-07-05 17:37:59,081 [toolkit.py] => moe_list: None
2026-07-05 17:37:59,081 [toolkit.py] => seed: 2026
2026-07-05 17:37:59,081 [toolkit.py] => dataset: domainnet
2026-07-05 17:37:59,081 [toolkit.py] => data_path: data/domainnet
2026-07-05 17:37:59,081 [toolkit.py] => load: vit_base_patch16_224_in21k
2026-07-05 17:37:59,082 [toolkit.py] => init_cls: 69
2026-07-05 17:37:59,082 [toolkit.py] => increment: 69
2026-07-05 17:37:59,082 [toolkit.py] => sessions: 5
2026-07-05 17:37:59,082 [toolkit.py] => shuffle: False
2026-07-05 17:37:59,082 [toolkit.py] => method: ewclora
2026-07-05 17:37:59,082 [toolkit.py] => optimizer: adam
2026-07-05 17:37:59,082 [toolkit.py] => scheduler: cosine
2026-07-05 17:37:59,082 [toolkit.py] => epochs: 5
2026-07-05 17:37:59,082 [toolkit.py] => lrate: 0.0005
2026-07-05 17:37:59,082 [toolkit.py] => fc_lrate: 0.005
2026-07-05 17:37:59,082 [toolkit.py] => weight_decay: 0.0
2026-07-05 17:37:59,082 [toolkit.py] => batch_size: 128
2026-07-05 17:37:59,082 [toolkit.py] => rank: 30
2026-07-05 17:37:59,082 [toolkit.py] => num_workers: 16
2026-07-05 17:37:59,082 [toolkit.py] => gamma: 0.9
2026-07-05 17:37:59,082 [toolkit.py] => lambda: 10000000.0
2026-07-05 17:37:59,082 [toolkit.py] => lrate_head: 0
2026-07-05 17:37:59,082 [toolkit.py] => logdir: logs/ewclora/domainnet/t5
2026-07-05 17:37:59,082 [toolkit.py] => logfilename: logs/ewclora/domainnet/t5/seed2026
2026-07-05 17:37:59,383 [data_manager.py] => Class index order: 0, 1, 2, 3, 4, ..., 340, 341, 342, 343, 344
2026-07-05 17:38:03,651 [trainer.py] => ================================================================================
2026-07-05 17:38:03,701 [base.py] => Task 0 learning on class 0-69
2026-07-05 17:38:04,448 [toolkit.py] => Total params:     105,073,068
2026-07-05 17:38:04,448 [toolkit.py] => Trainable params: 1,158,981
2026-07-05 17:38:04,448 [toolkit.py] => Trainable ratio:  1.1030%
2026-07-05 19:19:33,194 [ewclora.py] => Task 0, Epoch 5/5 => Loss 0.490, Train_accy 87.27
2026-07-05 19:19:33,195 [trainer.py] => Training time: 1h 41m 29s
2026-07-05 19:21:37,693 [trainer.py] => Evaluation time: 0h 2m 4s
2026-07-05 19:40:02,812 [trainer.py] => Accuracy: {'total': 87.81, '00-68': 87.81, 'old': 0, 'new': 87.81}
2026-07-05 19:40:02,812 [trainer.py] => (curve) top1 Acc: [87.81]
2026-07-05 19:40:02,812 [trainer.py] => Avergae Acc: 87.81
2026-07-05 19:40:02,812 [trainer.py] => (curve) top1 Acc with task: [87.81]
2026-07-05 19:40:02,812 [trainer.py] => Avergae Acc: 87.81
2026-07-05 19:40:02,813 [trainer.py] => (curve) top1 Acc task: [100.0]
2026-07-05 19:40:02,813 [trainer.py] => Avergae Acc: 100.00
2026-07-05 19:40:02,813 [trainer.py] => ================================================================================
2026-07-05 19:40:02,813 [trainer.py] => ================================================================================
2026-07-05 19:40:02,869 [base.py] => Task 1 learning on class 69-138
2026-07-05 19:40:02,873 [toolkit.py] => Total params:     105,073,068
2026-07-05 19:40:02,873 [toolkit.py] => Trainable params: 1,158,981
2026-07-05 19:40:02,873 [toolkit.py] => Trainable ratio:  1.1030%
2026-07-05 21:10:27,409 [ewclora.py] => Task 1, Epoch 5/5 => Loss 0.593, Train_accy 84.58
2026-07-05 21:10:27,411 [trainer.py] => Training time: 1h 30m 24s
2026-07-05 21:15:02,349 [trainer.py] => Evaluation time: 0h 4m 34s
2026-07-05 21:34:26,784 [trainer.py] => Accuracy: {'total': 82.31, '00-68': 84.18, '69-137': 80.37, 'old': 84.18, 'new': 80.37}
2026-07-05 21:34:26,784 [trainer.py] => (curve) top1 Acc: [87.81, 82.31]
2026-07-05 21:34:26,784 [trainer.py] => Avergae Acc: 85.06
2026-07-05 21:34:26,784 [trainer.py] => (curve) top1 Acc with task: [87.81, 87.35]
2026-07-05 21:34:26,784 [trainer.py] => Avergae Acc: 87.58
2026-07-05 21:34:26,784 [trainer.py] => (curve) top1 Acc task: [100.0, 89.53]
2026-07-05 21:34:26,784 [trainer.py] => Avergae Acc: 94.77
2026-07-05 21:34:26,784 [trainer.py] => ================================================================================
2026-07-05 21:34:26,784 [trainer.py] => ================================================================================
2026-07-05 21:34:26,868 [base.py] => Task 2 learning on class 138-207
2026-07-05 21:34:26,875 [toolkit.py] => Total params:     105,073,068
2026-07-05 21:34:26,875 [toolkit.py] => Trainable params: 1,158,981
2026-07-05 21:34:26,875 [toolkit.py] => Trainable ratio:  1.1030%
2026-07-05 22:47:33,838 [ewclora.py] => Task 2, Epoch 5/5 => Loss 0.650, Train_accy 83.11
2026-07-05 22:47:33,840 [trainer.py] => Training time: 1h 13m 7s
2026-07-05 22:50:27,739 [trainer.py] => Evaluation time: 0h 2m 53s
2026-07-05 23:00:24,688 [trainer.py] => Accuracy: {'total': 77.89, '00-68': 82.09, '69-137': 78.1, '138-206': 73.66, 'old': 80.13, 'new': 73.66}
2026-07-05 23:00:24,688 [trainer.py] => (curve) top1 Acc: [87.81, 82.31, 77.89]
2026-07-05 23:00:24,689 [trainer.py] => Avergae Acc: 82.67
2026-07-05 23:00:24,689 [trainer.py] => (curve) top1 Acc with task: [87.81, 87.35, 86.55]
2026-07-05 23:00:24,689 [trainer.py] => Avergae Acc: 87.24
2026-07-05 23:00:24,689 [trainer.py] => (curve) top1 Acc task: [100.0, 89.53, 83.43]
2026-07-05 23:00:24,689 [trainer.py] => Avergae Acc: 90.99
2026-07-05 23:00:24,689 [trainer.py] => ================================================================================
2026-07-05 23:00:24,689 [trainer.py] => ================================================================================
2026-07-05 23:00:24,750 [base.py] => Task 3 learning on class 207-276
2026-07-05 23:00:24,755 [toolkit.py] => Total params:     105,073,068
2026-07-05 23:00:24,756 [toolkit.py] => Trainable params: 1,158,981
2026-07-05 23:00:24,756 [toolkit.py] => Trainable ratio:  1.1030%
2026-07-05 23:49:19,164 [ewclora.py] => Task 3, Epoch 5/5 => Loss 0.595, Train_accy 84.59
2026-07-05 23:49:19,165 [trainer.py] => Training time: 0h 48m 54s
2026-07-05 23:53:08,658 [trainer.py] => Evaluation time: 0h 3m 49s
2026-07-06 00:02:47,396 [trainer.py] => Accuracy: {'total': 75.46, '00-68': 80.07, '69-137': 76.3, '138-206': 71.87, '207-275': 73.75, 'old': 76.02, 'new': 73.75}
2026-07-06 00:02:47,396 [trainer.py] => (curve) top1 Acc: [87.81, 82.31, 77.89, 75.46]
2026-07-06 00:02:47,397 [trainer.py] => Avergae Acc: 80.87
2026-07-06 00:02:47,397 [trainer.py] => (curve) top1 Acc with task: [87.81, 87.35, 86.55, 86.34]
2026-07-06 00:02:47,397 [trainer.py] => Avergae Acc: 87.01
2026-07-06 00:02:47,397 [trainer.py] => (curve) top1 Acc task: [100.0, 89.53, 83.43, 80.13]
2026-07-06 00:02:47,397 [trainer.py] => Avergae Acc: 88.27
2026-07-06 00:02:47,397 [trainer.py] => ================================================================================
2026-07-06 00:02:47,397 [trainer.py] => ================================================================================
2026-07-06 00:02:47,479 [base.py] => Task 4 learning on class 276-345
2026-07-06 00:02:47,486 [toolkit.py] => Total params:     105,073,068
2026-07-06 00:02:47,486 [toolkit.py] => Trainable params: 1,158,981
2026-07-06 00:02:47,486 [toolkit.py] => Trainable ratio:  1.1030%
2026-07-06 00:50:38,778 [ewclora.py] => Task 4, Epoch 5/5 => Loss 0.580, Train_accy 84.88
2026-07-06 00:50:38,779 [trainer.py] => Training time: 0h 47m 51s
2026-07-06 00:55:23,827 [trainer.py] => Evaluation time: 0h 4m 45s
2026-07-06 01:04:51,084 [trainer.py] => Accuracy: {'total': 73.11, '00-68': 78.48, '69-137': 73.98, '138-206': 70.04, '207-275': 71.48, '276-344': 71.72, 'old': 73.46, 'new': 71.72}
2026-07-06 01:04:51,085 [trainer.py] => (curve) top1 Acc: [87.81, 82.31, 77.89, 75.46, 73.11]
2026-07-06 01:04:51,085 [trainer.py] => Avergae Acc: 79.32
2026-07-06 01:04:51,085 [trainer.py] => (curve) top1 Acc with task: [87.81, 87.35, 86.55, 86.34, 86.3]
2026-07-06 01:04:51,085 [trainer.py] => Avergae Acc: 86.87
2026-07-06 01:04:51,085 [trainer.py] => (curve) top1 Acc task: [100.0, 89.53, 83.43, 80.13, 77.09]
2026-07-06 01:04:51,085 [trainer.py] => Avergae Acc: 86.04
2026-07-06 01:04:51,085 [trainer.py] => ================================================================================
2026-09-13 03:33:27,517 [toolkit.py] => config: configs/ewclora/domain_seed=2026.json
2026-09-13 03:33:27,540 [toolkit.py] => device: [device(type='cuda', index=1)]
2026-09-13 03:33:27,540 [toolkit.py] => debug: False
2026-09-13 03:33:27,540 [toolkit.py] => save_ckp: False
2026-09-13 03:33:27,540 [toolkit.py] => moe_list: None
2026-09-13 03:33:27,541 [toolkit.py] => seed: 2026
2026-09-13 03:33:27,541 [toolkit.py] => dataset: domainnet
2026-09-13 03:33:27,541 [toolkit.py] => data_path: data/domainnet
2026-09-13 03:33:27,541 [toolkit.py] => load: vit_base_patch16_224_in21k
2026-09-13 03:33:27,541 [toolkit.py] => init_cls: 69
2026-09-13 03:33:27,541 [toolkit.py] => increment: 69
2026-09-13 03:33:27,541 [toolkit.py] => sessions: 5
2026-09-13 03:33:27,541 [toolkit.py] => shuffle: False
2026-09-13 03:33:27,541 [toolkit.py] => method: ewclora
2026-09-13 03:33:27,541 [toolkit.py] => optimizer: adam
2026-09-13 03:33:27,541 [toolkit.py] => scheduler: cosine
2026-09-13 03:33:27,541 [toolkit.py] => epochs: 5
2026-09-13 03:33:27,542 [toolkit.py] => lrate: 0.0005
2026-09-13 03:33:27,542 [toolkit.py] => fc_lrate: 0.005
2026-09-13 03:33:27,542 [toolkit.py] => weight_decay: 0.0
2026-09-13 03:33:27,542 [toolkit.py] => batch_size: 128
2026-09-13 03:33:27,542 [toolkit.py] => rank: 30
2026-09-13 03:33:27,542 [toolkit.py] => num_workers: 16
2026-09-13 03:33:27,542 [toolkit.py] => gamma: 0.9
2026-09-13 03:33:27,542 [toolkit.py] => lambda: 10000000.0
2026-09-13 03:33:27,542 [toolkit.py] => lrate_head: 0
2026-09-13 03:33:27,542 [toolkit.py] => logdir: logs/ewclora/domainnet/t5
2026-09-13 03:33:27,542 [toolkit.py] => logfilename: logs/ewclora/domainnet/t5/seed2026
2026-09-13 03:33:27,856 [data_manager.py] => Class index order: 0, 1, 2, 3, 4, ..., 340, 341, 342, 343, 344
2026-09-13 03:33:32,182 [trainer.py] => ================================================================================
2026-09-13 03:33:32,182 [trainer.py] => Dataset Information
2026-09-13 03:33:32,182 [trainer.py] => ================================================================================
2026-09-13 03:33:32,182 [trainer.py] =>   Dataset name     : domainnet
2026-09-13 03:33:32,182 [trainer.py] =>   Data path        : data/domainnet
2026-09-13 03:33:32,182 [trainer.py] =>   Total classes    : 345
2026-09-13 03:33:32,182 [trainer.py] =>   Total tasks      : 5
2026-09-13 03:33:32,182 [trainer.py] =>   Task increments  : [69, 69, 69, 69, 69]
2026-09-13 03:33:32,182 [trainer.py] =>   Init classes     : 69
2026-09-13 03:33:32,182 [trainer.py] =>   Increment per task: 69
2026-09-13 03:33:32,182 [trainer.py] =>   Shuffle          : False
2026-09-13 03:33:32,182 [trainer.py] =>   Seed             : 2026
2026-09-13 03:33:32,183 [trainer.py] => --------------------------------------------------------------------------------
2026-09-13 03:33:32,183 [trainer.py] => Task split:
2026-09-13 03:33:32,351 [trainer.py] =>   Task 0: classes 0-68 (69 classes) | Train: 67628 images (265 batches), Test: 17009 images (67 batches)
2026-09-13 03:33:32,416 [trainer.py] =>   Task 1: classes 69-137 (69 classes) | Train: 65335 images (256 batches), Test: 16374 images (64 batches)
2026-09-13 03:33:32,476 [trainer.py] =>   Task 2: classes 138-206 (69 classes) | Train: 70512 images (276 batches), Test: 17747 images (70 batches)
2026-09-13 03:33:32,535 [trainer.py] =>   Task 3: classes 207-275 (69 classes) | Train: 68362 images (268 batches), Test: 16831 images (66 batches)
2026-09-13 03:33:32,596 [trainer.py] =>   Task 4: classes 276-344 (69 classes) | Train: 66967 images (262 batches), Test: 16741 images (66 batches)
2026-09-13 03:33:32,596 [trainer.py] => ================================================================================
2026-09-13 03:33:32,596 [trainer.py] => ================================================================================
2026-09-13 03:33:32,646 [base.py] => Task 0 learning on class 0-69
2026-09-13 03:33:33,061 [toolkit.py] => Total params:     105,073,068
2026-09-13 03:33:33,061 [toolkit.py] => Trainable params: 1,158,981
2026-09-13 03:33:33,061 [toolkit.py] => Trainable ratio:  1.1030%
2026-09-13 05:15:16,841 [ewclora.py] => Task 0, Epoch 5/5 => Loss 0.490, Train_accy 87.27
2026-09-13 05:15:16,842 [trainer.py] => Training time: 1h 41m 44s
2026-09-13 05:16:38,456 [trainer.py] => Evaluation time: 0h 1m 21s
2026-09-13 05:30:17,441 [trainer.py] => Accuracy: {'total': 87.81, '00-68': 87.81, 'old': 0, 'new': 87.81}
2026-09-13 05:30:17,441 [trainer.py] => (curve) top1 Acc: [87.81]
2026-09-13 05:30:17,442 [trainer.py] => Avergae Acc: 87.81
2026-09-13 05:30:17,442 [trainer.py] => (curve) top1 Acc with task: [87.81]
2026-09-13 05:30:17,442 [trainer.py] => Avergae Acc: 87.81
2026-09-13 05:30:17,442 [trainer.py] => (curve) top1 Acc task: [100.0]
2026-09-13 05:30:17,442 [trainer.py] => Avergae Acc: 100.00
2026-09-13 05:30:17,442 [trainer.py] => ================================================================================
2026-09-13 05:30:17,442 [trainer.py] => ================================================================================
2026-09-13 05:30:17,494 [base.py] => Task 1 learning on class 69-138
2026-09-13 05:30:17,498 [toolkit.py] => Total params:     105,073,068
2026-09-13 05:30:17,499 [toolkit.py] => Trainable params: 1,158,981
2026-09-13 05:30:17,499 [toolkit.py] => Trainable ratio:  1.1030%
2026-09-13 06:30:58,185 [ewclora.py] => Task 1, Epoch 5/5 => Loss 0.593, Train_accy 84.58
2026-09-13 06:30:58,187 [trainer.py] => Training time: 1h 0m 40s
2026-09-13 06:32:52,085 [trainer.py] => Evaluation time: 0h 1m 53s
2026-09-13 06:42:10,868 [trainer.py] => Accuracy: {'total': 82.31, '00-68': 84.18, '69-137': 80.37, 'old': 84.18, 'new': 80.37}
2026-09-13 06:42:10,869 [trainer.py] => (curve) top1 Acc: [87.81, 82.31]
2026-09-13 06:42:10,869 [trainer.py] => Avergae Acc: 85.06
2026-09-13 06:42:10,869 [trainer.py] => (curve) top1 Acc with task: [87.81, 87.35]
2026-09-13 06:42:10,869 [trainer.py] => Avergae Acc: 87.58
2026-09-13 06:42:10,869 [trainer.py] => (curve) top1 Acc task: [100.0, 89.53]
2026-09-13 06:42:10,870 [trainer.py] => Avergae Acc: 94.77
2026-09-13 06:42:10,870 [trainer.py] => ================================================================================
2026-09-13 06:42:10,870 [trainer.py] => ================================================================================
2026-09-13 06:42:11,011 [base.py] => Task 2 learning on class 138-207
2026-09-13 06:42:11,019 [toolkit.py] => Total params:     105,073,068
2026-09-13 06:42:11,019 [toolkit.py] => Trainable params: 1,158,981
2026-09-13 06:42:11,019 [toolkit.py] => Trainable ratio:  1.1030%
2026-09-13 07:33:00,824 [ewclora.py] => Task 2, Epoch 5/5 => Loss 0.650, Train_accy 83.11
2026-09-13 07:33:00,825 [trainer.py] => Training time: 0h 50m 49s
2026-09-13 07:35:53,220 [trainer.py] => Evaluation time: 0h 2m 52s
2026-09-13 07:45:54,740 [trainer.py] => Accuracy: {'total': 77.89, '00-68': 82.09, '69-137': 78.1, '138-206': 73.66, 'old': 80.13, 'new': 73.66}
2026-09-13 07:45:54,740 [trainer.py] => (curve) top1 Acc: [87.81, 82.31, 77.89]
2026-09-13 07:45:54,740 [trainer.py] => Avergae Acc: 82.67
2026-09-13 07:45:54,740 [trainer.py] => (curve) top1 Acc with task: [87.81, 87.35, 86.55]
2026-09-13 07:45:54,740 [trainer.py] => Avergae Acc: 87.24
2026-09-13 07:45:54,740 [trainer.py] => (curve) top1 Acc task: [100.0, 89.53, 83.43]
2026-09-13 07:45:54,740 [trainer.py] => Avergae Acc: 90.99
2026-09-13 07:45:54,741 [trainer.py] => ================================================================================
2026-09-13 07:45:54,741 [trainer.py] => ================================================================================
2026-09-13 07:45:54,800 [base.py] => Task 3 learning on class 207-276
2026-09-13 07:45:54,804 [toolkit.py] => Total params:     105,073,068
2026-09-13 07:45:54,804 [toolkit.py] => Trainable params: 1,158,981
2026-09-13 07:45:54,804 [toolkit.py] => Trainable ratio:  1.1030%
2026-09-13 08:35:06,387 [ewclora.py] => Task 3, Epoch 5/5 => Loss 0.595, Train_accy 84.59
2026-09-13 08:35:06,388 [trainer.py] => Training time: 0h 49m 11s
2026-09-13 08:38:55,818 [trainer.py] => Evaluation time: 0h 3m 49s
2026-09-13 08:48:40,001 [trainer.py] => Accuracy: {'total': 75.46, '00-68': 80.07, '69-137': 76.3, '138-206': 71.87, '207-275': 73.75, 'old': 76.02, 'new': 73.75}
2026-09-13 08:48:40,001 [trainer.py] => (curve) top1 Acc: [87.81, 82.31, 77.89, 75.46]
2026-09-13 08:48:40,001 [trainer.py] => Avergae Acc: 80.87
2026-09-13 08:48:40,001 [trainer.py] => (curve) top1 Acc with task: [87.81, 87.35, 86.55, 86.34]
2026-09-13 08:48:40,001 [trainer.py] => Avergae Acc: 87.01
2026-09-13 08:48:40,001 [trainer.py] => (curve) top1 Acc task: [100.0, 89.53, 83.43, 80.13]
2026-09-13 08:48:40,001 [trainer.py] => Avergae Acc: 88.27
2026-09-13 08:48:40,001 [trainer.py] => ================================================================================
2026-09-13 08:48:40,001 [trainer.py] => ================================================================================
2026-09-13 08:48:40,064 [base.py] => Task 4 learning on class 276-345
2026-09-13 08:48:40,068 [toolkit.py] => Total params:     105,073,068
2026-09-13 08:48:40,068 [toolkit.py] => Trainable params: 1,158,981
2026-09-13 08:48:40,068 [toolkit.py] => Trainable ratio:  1.1030%
2026-09-13 09:36:53,965 [ewclora.py] => Task 4, Epoch 5/5 => Loss 0.580, Train_accy 84.88
2026-09-13 09:36:53,966 [trainer.py] => Training time: 0h 48m 13s
2026-09-13 09:41:38,274 [trainer.py] => Evaluation time: 0h 4m 44s
2026-09-13 09:51:09,713 [trainer.py] => Accuracy: {'total': 73.11, '00-68': 78.48, '69-137': 73.98, '138-206': 70.04, '207-275': 71.48, '276-344': 71.72, 'old': 73.46, 'new': 71.72}
2026-09-13 09:51:09,713 [trainer.py] => (curve) top1 Acc: [87.81, 82.31, 77.89, 75.46, 73.11]
2026-09-13 09:51:09,713 [trainer.py] => Avergae Acc: 79.32
2026-09-13 09:51:09,713 [trainer.py] => (curve) top1 Acc with task: [87.81, 87.35, 86.55, 86.34, 86.3]
2026-09-13 09:51:09,713 [trainer.py] => Avergae Acc: 86.87
2026-09-13 09:51:09,713 [trainer.py] => (curve) top1 Acc task: [100.0, 89.53, 83.43, 80.13, 77.09]
2026-09-13 09:51:09,713 [trainer.py] => Avergae Acc: 86.04
2026-09-13 09:51:09,713 [trainer.py] => ================================================================================
