2026-09-04 08:36:46,035 [toolkit.py] => config: configs/ewclora_e/imagenet-a_seed=1997.json
2026-09-04 08:36:46,035 [toolkit.py] => device: [device(type='cuda', index=5)]
2026-09-04 08:36:46,035 [toolkit.py] => debug: False
2026-09-04 08:36:46,035 [toolkit.py] => save_ckp: False
2026-09-04 08:36:46,035 [toolkit.py] => moe_list: None
2026-09-04 08:36:46,035 [toolkit.py] => seed: 1997
2026-09-04 08:36:46,035 [toolkit.py] => dataset: imagenet-a
2026-09-04 08:36:46,035 [toolkit.py] => data_path: data/imagenet-a
2026-09-04 08:36:46,036 [toolkit.py] => load: vit_base_patch16_224_in21k
2026-09-04 08:36:46,036 [toolkit.py] => init_cls: 20
2026-09-04 08:36:46,036 [toolkit.py] => increment: 20
2026-09-04 08:36:46,036 [toolkit.py] => sessions: 10
2026-09-04 08:36:46,036 [toolkit.py] => shuffle: False
2026-09-04 08:36:46,036 [toolkit.py] => method: ewclora_e
2026-09-04 08:36:46,036 [toolkit.py] => optimizer: adam
2026-09-04 08:36:46,036 [toolkit.py] => scheduler: cosine
2026-09-04 08:36:46,036 [toolkit.py] => epochs: 10
2026-09-04 08:36:46,036 [toolkit.py] => lrate: 0.0005
2026-09-04 08:36:46,036 [toolkit.py] => fc_lrate: 0.005
2026-09-04 08:36:46,036 [toolkit.py] => weight_decay: 0.0
2026-09-04 08:36:46,036 [toolkit.py] => batch_size: 128
2026-09-04 08:36:46,036 [toolkit.py] => rank: 10
2026-09-04 08:36:46,036 [toolkit.py] => num_workers: 16
2026-09-04 08:36:46,036 [toolkit.py] => gamma: 0.9
2026-09-04 08:36:46,036 [toolkit.py] => lambda: 10000000.0
2026-09-04 08:36:46,036 [toolkit.py] => lrate_head: 0
2026-09-04 08:36:46,036 [toolkit.py] => R: 0.5
2026-09-04 08:36:46,036 [toolkit.py] => logdir: logs/ewclora_e/imagenet-a/t10
2026-09-04 08:36:46,036 [toolkit.py] => logfilename: logs/ewclora_e/imagenet-a/t10/seed1997
2026-09-04 08:36:46,100 [data_manager.py] => Class index order: 0, 1, 2, 3, 4, ..., 195, 196, 197, 198, 199
2026-09-04 08:36:48,573 [trainer.py] => ================================================================================
2026-09-04 08:36:48,573 [trainer.py] => Dataset Information
2026-09-04 08:36:48,573 [trainer.py] => ================================================================================
2026-09-04 08:36:48,573 [trainer.py] =>   Dataset name     : imagenet-a
2026-09-04 08:36:48,573 [trainer.py] =>   Data path        : data/imagenet-a
2026-09-04 08:36:48,573 [trainer.py] =>   Total classes    : 200
2026-09-04 08:36:48,573 [trainer.py] =>   Total tasks      : 10
2026-09-04 08:36:48,573 [trainer.py] =>   Task increments  : [20, 20, 20, 20, 20, 20, 20, 20, 20, 20]
2026-09-04 08:36:48,573 [trainer.py] =>   Init classes     : 20
2026-09-04 08:36:48,573 [trainer.py] =>   Increment per task: 20
2026-09-04 08:36:48,573 [trainer.py] =>   Shuffle          : False
2026-09-04 08:36:48,573 [trainer.py] =>   Seed             : 1997
2026-09-04 08:36:48,573 [trainer.py] => --------------------------------------------------------------------------------
2026-09-04 08:36:48,573 [trainer.py] => Task split:
2026-09-04 08:36:48,575 [trainer.py] =>   Task 0: classes 0-19 (20 classes) | Train: 1253 images (5 batches), Test: 313 images (2 batches)
2026-09-04 08:36:48,575 [trainer.py] =>   Task 1: classes 20-39 (20 classes) | Train: 1000 images (4 batches), Test: 251 images (1 batches)
2026-09-04 08:36:48,576 [trainer.py] =>   Task 2: classes 40-59 (20 classes) | Train: 1000 images (4 batches), Test: 251 images (1 batches)
2026-09-04 08:36:48,577 [trainer.py] =>   Task 3: classes 60-79 (20 classes) | Train: 610 images (3 batches), Test: 151 images (1 batches)
2026-09-04 08:36:48,577 [trainer.py] =>   Task 4: classes 80-99 (20 classes) | Train: 426 images (2 batches), Test: 102 images (1 batches)
2026-09-04 08:36:48,578 [trainer.py] =>   Task 5: classes 100-119 (20 classes) | Train: 263 images (2 batches), Test: 68 images (1 batches)
2026-09-04 08:36:48,579 [trainer.py] =>   Task 6: classes 120-139 (20 classes) | Train: 351 images (2 batches), Test: 89 images (1 batches)
2026-09-04 08:36:48,579 [trainer.py] =>   Task 7: classes 140-159 (20 classes) | Train: 321 images (2 batches), Test: 81 images (1 batches)
2026-09-04 08:36:48,580 [trainer.py] =>   Task 8: classes 160-179 (20 classes) | Train: 391 images (2 batches), Test: 97 images (1 batches)
2026-09-04 08:36:48,580 [trainer.py] =>   Task 9: classes 180-199 (20 classes) | Train: 385 images (2 batches), Test: 97 images (1 batches)
2026-09-04 08:36:48,580 [trainer.py] => ================================================================================
2026-09-04 08:36:48,580 [trainer.py] => ================================================================================
2026-09-04 08:36:48,581 [base.py] => Task 0 learning on class 0-20
2026-09-04 08:36:49,023 [toolkit.py] => Total params:     103,855,643
2026-09-04 08:36:49,023 [toolkit.py] => Trainable params: 752,660
2026-09-04 08:36:49,023 [toolkit.py] => Trainable ratio:  0.7247%
2026-09-04 08:39:00,978 [ewclora_e.py] => Task 0, Epoch 10/10 => Loss 0.266, Train_accy 91.54
2026-09-04 08:39:00,979 [trainer.py] => Training time: 0h 2m 12s
2026-09-04 08:39:03,428 [trainer.py] => Evaluation time: 0h 0m 2s
2026-09-04 08:39:16,522 [trainer.py] => Accuracy: {'total': 86.9, '00-19': 86.9, 'old': 0, 'new': 86.9}
2026-09-04 08:39:16,522 [trainer.py] => (curve) top1 Acc: [86.9]
2026-09-04 08:39:16,523 [trainer.py] => Avergae Acc: 86.90
2026-09-04 08:39:16,523 [trainer.py] => (curve) top1 Acc with task: [86.9]
2026-09-04 08:39:16,523 [trainer.py] => Avergae Acc: 86.90
2026-09-04 08:39:16,523 [trainer.py] => (curve) top1 Acc task: [100.0]
2026-09-04 08:39:16,523 [trainer.py] => Avergae Acc: 100.00
2026-09-04 08:39:16,523 [trainer.py] => ================================================================================
2026-09-04 08:39:16,523 [trainer.py] => ================================================================================
2026-09-04 08:39:16,524 [base.py] => Task 1 learning on class 20-40
2026-09-04 08:39:16,529 [toolkit.py] => Total params:     103,855,643
2026-09-04 08:39:16,529 [toolkit.py] => Trainable params: 752,660
2026-09-04 08:39:16,529 [toolkit.py] => Trainable ratio:  0.7247%
2026-09-04 08:41:04,394 [ewclora_e.py] => Task 1, Epoch 10/10 => Loss 0.247, Train_accy 92.10
2026-09-04 08:41:04,397 [trainer.py] => Training time: 0h 1m 47s
2026-09-04 08:41:07,736 [trainer.py] => Evaluation time: 0h 0m 3s
2026-09-04 08:41:17,983 [trainer.py] => Accuracy: {'total': 80.14, '00-19': 80.19, '20-39': 80.08, 'old': 80.19, 'new': 80.08}
2026-09-04 08:41:17,983 [trainer.py] => (curve) top1 Acc: [86.9, 80.14]
2026-09-04 08:41:17,983 [trainer.py] => Avergae Acc: 83.52
2026-09-04 08:41:17,983 [trainer.py] => (curve) top1 Acc with task: [86.9, 87.23]
2026-09-04 08:41:17,983 [trainer.py] => Avergae Acc: 87.06
2026-09-04 08:41:17,983 [trainer.py] => (curve) top1 Acc task: [100.0, 88.65]
2026-09-04 08:41:17,983 [trainer.py] => Avergae Acc: 94.33
2026-09-04 08:41:17,983 [trainer.py] => ================================================================================
2026-09-04 08:41:17,983 [trainer.py] => ================================================================================
2026-09-04 08:41:17,984 [base.py] => Task 2 learning on class 40-60
2026-09-04 08:41:17,989 [toolkit.py] => Total params:     103,855,643
2026-09-04 08:41:17,989 [toolkit.py] => Trainable params: 752,660
2026-09-04 08:41:17,989 [toolkit.py] => Trainable ratio:  0.7247%
2026-09-04 08:43:06,160 [ewclora_e.py] => Task 2, Epoch 10/10 => Loss 0.362, Train_accy 90.30
2026-09-04 08:43:06,164 [trainer.py] => Training time: 0h 1m 48s
2026-09-04 08:43:10,525 [trainer.py] => Evaluation time: 0h 0m 4s
2026-09-04 08:43:20,780 [trainer.py] => Accuracy: {'total': 75.09, '00-19': 78.59, '20-39': 79.68, '40-59': 66.14, 'old': 79.08, 'new': 66.14}
2026-09-04 08:43:20,780 [trainer.py] => (curve) top1 Acc: [86.9, 80.14, 75.09]
2026-09-04 08:43:20,781 [trainer.py] => Avergae Acc: 80.71
2026-09-04 08:43:20,781 [trainer.py] => (curve) top1 Acc with task: [86.9, 87.23, 84.17]
2026-09-04 08:43:20,781 [trainer.py] => Avergae Acc: 86.10
2026-09-04 08:43:20,781 [trainer.py] => (curve) top1 Acc task: [100.0, 88.65, 84.79]
2026-09-04 08:43:20,781 [trainer.py] => Avergae Acc: 91.15
2026-09-04 08:43:20,781 [trainer.py] => ================================================================================
2026-09-04 08:43:20,781 [trainer.py] => ================================================================================
2026-09-04 08:43:20,782 [base.py] => Task 3 learning on class 60-80
2026-09-04 08:43:20,787 [toolkit.py] => Total params:     103,855,643
2026-09-04 08:43:20,787 [toolkit.py] => Trainable params: 752,660
2026-09-04 08:43:20,787 [toolkit.py] => Trainable ratio:  0.7247%
2026-09-04 08:44:30,413 [ewclora_e.py] => Task 3, Epoch 10/10 => Loss 0.278, Train_accy 90.82
2026-09-04 08:44:30,417 [trainer.py] => Training time: 0h 1m 9s
2026-09-04 08:44:35,285 [trainer.py] => Evaluation time: 0h 0m 4s
2026-09-04 08:44:41,802 [trainer.py] => Accuracy: {'total': 74.74, '00-19': 76.68, '20-39': 80.08, '40-59': 66.53, '60-79': 75.5, 'old': 74.6, 'new': 75.5}
2026-09-04 08:44:41,803 [trainer.py] => (curve) top1 Acc: [86.9, 80.14, 75.09, 74.74]
2026-09-04 08:44:41,803 [trainer.py] => Avergae Acc: 79.22
2026-09-04 08:44:41,803 [trainer.py] => (curve) top1 Acc with task: [86.9, 87.23, 84.17, 85.2]
2026-09-04 08:44:41,803 [trainer.py] => Avergae Acc: 85.88
2026-09-04 08:44:41,803 [trainer.py] => (curve) top1 Acc task: [100.0, 88.65, 84.79, 82.4]
2026-09-04 08:44:41,803 [trainer.py] => Avergae Acc: 88.96
2026-09-04 08:44:41,803 [trainer.py] => ================================================================================
2026-09-04 08:44:41,803 [trainer.py] => ================================================================================
2026-09-04 08:44:41,804 [base.py] => Task 4 learning on class 80-100
2026-09-04 08:44:41,809 [toolkit.py] => Total params:     103,855,643
2026-09-04 08:44:41,809 [toolkit.py] => Trainable params: 752,660
2026-09-04 08:44:41,809 [toolkit.py] => Trainable ratio:  0.7247%
2026-09-04 08:45:33,443 [ewclora_e.py] => Task 4, Epoch 10/10 => Loss 0.167, Train_accy 95.54
2026-09-04 08:45:33,446 [trainer.py] => Training time: 0h 0m 51s
2026-09-04 08:45:38,763 [trainer.py] => Evaluation time: 0h 0m 5s
2026-09-04 08:45:43,692 [trainer.py] => Accuracy: {'total': 71.35, '00-19': 75.4, '20-39': 78.49, '40-59': 64.54, '60-79': 76.16, '80-99': 50.98, 'old': 73.5, 'new': 50.98}
2026-09-04 08:45:43,692 [trainer.py] => (curve) top1 Acc: [86.9, 80.14, 75.09, 74.74, 71.35]
2026-09-04 08:45:43,692 [trainer.py] => Avergae Acc: 77.64
2026-09-04 08:45:43,693 [trainer.py] => (curve) top1 Acc with task: [86.9, 87.23, 84.17, 85.2, 82.96]
2026-09-04 08:45:43,693 [trainer.py] => Avergae Acc: 85.29
2026-09-04 08:45:43,693 [trainer.py] => (curve) top1 Acc task: [100.0, 88.65, 84.79, 82.4, 79.31]
2026-09-04 08:45:43,693 [trainer.py] => Avergae Acc: 87.03
2026-09-04 08:45:43,693 [trainer.py] => ================================================================================
2026-09-04 08:45:43,693 [trainer.py] => ================================================================================
2026-09-04 08:45:43,693 [base.py] => Task 5 learning on class 100-120
2026-09-04 08:45:43,698 [toolkit.py] => Total params:     103,855,643
2026-09-04 08:45:43,698 [toolkit.py] => Trainable params: 752,660
2026-09-04 08:45:43,698 [toolkit.py] => Trainable ratio:  0.7247%
2026-09-04 08:46:19,602 [ewclora_e.py] => Task 5, Epoch 10/10 => Loss 0.188, Train_accy 92.40
2026-09-04 08:46:19,606 [trainer.py] => Training time: 0h 0m 35s
2026-09-04 08:46:25,127 [trainer.py] => Evaluation time: 0h 0m 5s
2026-09-04 08:46:28,656 [trainer.py] => Accuracy: {'total': 68.31, '00-19': 76.68, '20-39': 78.09, '40-59': 63.35, '60-79': 76.16, '80-99': 50.0, '100-119': 22.06, 'old': 71.25, 'new': 22.06}
2026-09-04 08:46:28,656 [trainer.py] => (curve) top1 Acc: [86.9, 80.14, 75.09, 74.74, 71.35, 68.31]
2026-09-04 08:46:28,656 [trainer.py] => Avergae Acc: 76.09
2026-09-04 08:46:28,656 [trainer.py] => (curve) top1 Acc with task: [86.9, 87.23, 84.17, 85.2, 82.96, 80.72]
2026-09-04 08:46:28,656 [trainer.py] => Avergae Acc: 84.53
2026-09-04 08:46:28,656 [trainer.py] => (curve) top1 Acc task: [100.0, 88.65, 84.79, 82.4, 79.31, 76.23]
2026-09-04 08:46:28,656 [trainer.py] => Avergae Acc: 85.23
2026-09-04 08:46:28,656 [trainer.py] => ================================================================================
2026-09-04 08:46:28,657 [trainer.py] => ================================================================================
2026-09-04 08:46:28,657 [base.py] => Task 6 learning on class 120-140
2026-09-04 08:46:28,664 [toolkit.py] => Total params:     103,855,643
2026-09-04 08:46:28,664 [toolkit.py] => Trainable params: 752,660
2026-09-04 08:46:28,664 [toolkit.py] => Trainable ratio:  0.7247%
2026-09-04 08:47:12,472 [ewclora_e.py] => Task 6, Epoch 10/10 => Loss 0.182, Train_accy 95.16
2026-09-04 08:47:12,475 [trainer.py] => Training time: 0h 0m 43s
2026-09-04 08:47:18,341 [trainer.py] => Evaluation time: 0h 0m 5s
2026-09-04 08:47:22,341 [trainer.py] => Accuracy: {'total': 66.29, '00-19': 76.68, '20-39': 78.88, '40-59': 63.35, '60-79': 75.5, '80-99': 42.16, '100-119': 23.53, '120-139': 47.19, 'old': 67.78, 'new': 47.19}
2026-09-04 08:47:22,341 [trainer.py] => (curve) top1 Acc: [86.9, 80.14, 75.09, 74.74, 71.35, 68.31, 66.29]
2026-09-04 08:47:22,341 [trainer.py] => Avergae Acc: 74.69
2026-09-04 08:47:22,341 [trainer.py] => (curve) top1 Acc with task: [86.9, 87.23, 84.17, 85.2, 82.96, 80.72, 79.76]
2026-09-04 08:47:22,341 [trainer.py] => Avergae Acc: 83.85
2026-09-04 08:47:22,341 [trainer.py] => (curve) top1 Acc task: [100.0, 88.65, 84.79, 82.4, 79.31, 76.23, 74.04]
2026-09-04 08:47:22,341 [trainer.py] => Avergae Acc: 83.63
2026-09-04 08:47:22,342 [trainer.py] => ================================================================================
2026-09-04 08:47:22,342 [trainer.py] => ================================================================================
2026-09-04 08:47:22,342 [base.py] => Task 7 learning on class 140-160
2026-09-04 08:47:22,349 [toolkit.py] => Total params:     103,855,643
2026-09-04 08:47:22,349 [toolkit.py] => Trainable params: 752,660
2026-09-04 08:47:22,349 [toolkit.py] => Trainable ratio:  0.7247%
2026-09-04 08:48:03,623 [ewclora_e.py] => Task 7, Epoch 10/10 => Loss 0.153, Train_accy 95.64
2026-09-04 08:48:03,626 [trainer.py] => Training time: 0h 0m 41s
2026-09-04 08:48:09,886 [trainer.py] => Evaluation time: 0h 0m 6s
2026-09-04 08:48:13,737 [trainer.py] => Accuracy: {'total': 63.71, '00-19': 75.08, '20-39': 77.29, '40-59': 63.35, '60-79': 75.5, '80-99': 40.2, '100-119': 25.0, '120-139': 44.94, '140-159': 39.51, 'old': 65.31, 'new': 39.51}
2026-09-04 08:48:13,737 [trainer.py] => (curve) top1 Acc: [86.9, 80.14, 75.09, 74.74, 71.35, 68.31, 66.29, 63.71]
2026-09-04 08:48:13,737 [trainer.py] => Avergae Acc: 73.32
2026-09-04 08:48:13,737 [trainer.py] => (curve) top1 Acc with task: [86.9, 87.23, 84.17, 85.2, 82.96, 80.72, 79.76, 78.94]
2026-09-04 08:48:13,737 [trainer.py] => Avergae Acc: 83.23
2026-09-04 08:48:13,737 [trainer.py] => (curve) top1 Acc task: [100.0, 88.65, 84.79, 82.4, 79.31, 76.23, 74.04, 70.83]
2026-09-04 08:48:13,737 [trainer.py] => Avergae Acc: 82.03
2026-09-04 08:48:13,737 [trainer.py] => ================================================================================
2026-09-04 08:48:13,738 [trainer.py] => ================================================================================
2026-09-04 08:48:13,738 [base.py] => Task 8 learning on class 160-180
2026-09-04 08:48:13,743 [toolkit.py] => Total params:     103,855,643
2026-09-04 08:48:13,743 [toolkit.py] => Trainable params: 752,660
2026-09-04 08:48:13,743 [toolkit.py] => Trainable ratio:  0.7247%
2026-09-04 08:49:02,021 [ewclora_e.py] => Task 8, Epoch 10/10 => Loss 0.196, Train_accy 93.09
2026-09-04 08:49:02,024 [trainer.py] => Training time: 0h 0m 48s
2026-09-04 08:49:08,551 [trainer.py] => Evaluation time: 0h 0m 6s
2026-09-04 08:49:13,291 [trainer.py] => Accuracy: {'total': 60.58, '00-19': 73.8, '20-39': 77.29, '40-59': 62.55, '60-79': 74.17, '80-99': 39.22, '100-119': 22.06, '120-139': 41.57, '140-159': 35.8, '160-179': 36.08, 'old': 62.4, 'new': 36.08}
2026-09-04 08:49:13,291 [trainer.py] => (curve) top1 Acc: [86.9, 80.14, 75.09, 74.74, 71.35, 68.31, 66.29, 63.71, 60.58]
2026-09-04 08:49:13,291 [trainer.py] => Avergae Acc: 71.90
2026-09-04 08:49:13,291 [trainer.py] => (curve) top1 Acc with task: [86.9, 87.23, 84.17, 85.2, 82.96, 80.72, 79.76, 78.94, 78.26]
2026-09-04 08:49:13,292 [trainer.py] => Avergae Acc: 82.68
2026-09-04 08:49:13,292 [trainer.py] => (curve) top1 Acc task: [100.0, 88.65, 84.79, 82.4, 79.31, 76.23, 74.04, 70.83, 67.07]
2026-09-04 08:49:13,292 [trainer.py] => Avergae Acc: 80.37
2026-09-04 08:49:13,292 [trainer.py] => ================================================================================
2026-09-04 08:49:13,292 [trainer.py] => ================================================================================
2026-09-04 08:49:13,292 [base.py] => Task 9 learning on class 180-200
2026-09-04 08:49:13,298 [toolkit.py] => Total params:     103,855,643
2026-09-04 08:49:13,298 [toolkit.py] => Trainable params: 752,660
2026-09-04 08:49:13,298 [toolkit.py] => Trainable ratio:  0.7247%
2026-09-04 08:50:00,932 [ewclora_e.py] => Task 9, Epoch 10/10 => Loss 0.744, Train_accy 96.10
2026-09-04 08:50:00,935 [trainer.py] => Training time: 0h 0m 47s
2026-09-04 08:50:07,864 [trainer.py] => Evaluation time: 0h 0m 6s
2026-09-04 08:50:12,618 [trainer.py] => Accuracy: {'total': 59.53, '00-19': 73.8, '20-39': 77.69, '40-59': 61.75, '60-79': 73.51, '80-99': 39.22, '100-119': 22.06, '120-139': 42.7, '140-159': 33.33, '160-179': 35.05, '180-199': 48.45, 'old': 60.3, 'new': 48.45}
2026-09-04 08:50:12,618 [trainer.py] => (curve) top1 Acc: [86.9, 80.14, 75.09, 74.74, 71.35, 68.31, 66.29, 63.71, 60.58, 59.53]
2026-09-04 08:50:12,618 [trainer.py] => Avergae Acc: 70.66
2026-09-04 08:50:12,618 [trainer.py] => (curve) top1 Acc with task: [86.9, 87.23, 84.17, 85.2, 82.96, 80.72, 79.76, 78.94, 78.26, 77.4]
2026-09-04 08:50:12,618 [trainer.py] => Avergae Acc: 82.15
2026-09-04 08:50:12,618 [trainer.py] => (curve) top1 Acc task: [100.0, 88.65, 84.79, 82.4, 79.31, 76.23, 74.04, 70.83, 67.07, 66.07]
2026-09-04 08:50:12,618 [trainer.py] => Avergae Acc: 78.94
2026-09-04 08:50:12,618 [trainer.py] => ================================================================================
2026-09-10 05:54:13,198 [toolkit.py] => config: configs/ewclora_e/imagenet-a_seed=1997.json
2026-09-10 05:54:13,220 [toolkit.py] => device: [device(type='cuda', index=1)]
2026-09-10 05:54:13,220 [toolkit.py] => debug: False
2026-09-10 05:54:13,220 [toolkit.py] => save_ckp: False
2026-09-10 05:54:13,220 [toolkit.py] => moe_list: None
2026-09-10 05:54:13,220 [toolkit.py] => seed: 1997
2026-09-10 05:54:13,220 [toolkit.py] => dataset: imagenet-a
2026-09-10 05:54:13,221 [toolkit.py] => data_path: data/imagenet-a
2026-09-10 05:54:13,221 [toolkit.py] => load: vit_base_patch16_224_in21k
2026-09-10 05:54:13,221 [toolkit.py] => init_cls: 20
2026-09-10 05:54:13,221 [toolkit.py] => increment: 20
2026-09-10 05:54:13,221 [toolkit.py] => sessions: 10
2026-09-10 05:54:13,221 [toolkit.py] => shuffle: False
2026-09-10 05:54:13,221 [toolkit.py] => method: ewclora_e
2026-09-10 05:54:13,221 [toolkit.py] => optimizer: adam
2026-09-10 05:54:13,221 [toolkit.py] => scheduler: cosine
2026-09-10 05:54:13,221 [toolkit.py] => epochs: 10
2026-09-10 05:54:13,221 [toolkit.py] => lrate: 0.0005
2026-09-10 05:54:13,221 [toolkit.py] => fc_lrate: 0.005
2026-09-10 05:54:13,221 [toolkit.py] => weight_decay: 0.0
2026-09-10 05:54:13,222 [toolkit.py] => batch_size: 128
2026-09-10 05:54:13,222 [toolkit.py] => rank: 10
2026-09-10 05:54:13,222 [toolkit.py] => num_workers: 16
2026-09-10 05:54:13,222 [toolkit.py] => gamma: 0.9
2026-09-10 05:54:13,222 [toolkit.py] => lambda: 10000000.0
2026-09-10 05:54:13,222 [toolkit.py] => lrate_head: 0
2026-09-10 05:54:13,222 [toolkit.py] => R: 0.5
2026-09-10 05:54:13,222 [toolkit.py] => logdir: logs/ewclora_e/imagenet-a/t10
2026-09-10 05:54:13,222 [toolkit.py] => logfilename: logs/ewclora_e/imagenet-a/t10/seed1997
2026-09-10 05:54:13,457 [data_manager.py] => Class index order: 0, 1, 2, 3, 4, ..., 195, 196, 197, 198, 199
2026-09-10 05:54:15,626 [trainer.py] => ================================================================================
2026-09-10 05:54:15,626 [trainer.py] => Dataset Information
2026-09-10 05:54:15,626 [trainer.py] => ================================================================================
2026-09-10 05:54:15,626 [trainer.py] =>   Dataset name     : imagenet-a
2026-09-10 05:54:15,626 [trainer.py] =>   Data path        : data/imagenet-a
2026-09-10 05:54:15,626 [trainer.py] =>   Total classes    : 200
2026-09-10 05:54:15,626 [trainer.py] =>   Total tasks      : 10
2026-09-10 05:54:15,626 [trainer.py] =>   Task increments  : [20, 20, 20, 20, 20, 20, 20, 20, 20, 20]
2026-09-10 05:54:15,626 [trainer.py] =>   Init classes     : 20
2026-09-10 05:54:15,626 [trainer.py] =>   Increment per task: 20
2026-09-10 05:54:15,626 [trainer.py] =>   Shuffle          : False
2026-09-10 05:54:15,626 [trainer.py] =>   Seed             : 1997
2026-09-10 05:54:15,626 [trainer.py] => --------------------------------------------------------------------------------
2026-09-10 05:54:15,626 [trainer.py] => Task split:
2026-09-10 05:54:15,627 [trainer.py] =>   Task 0: classes 0-19 (20 classes) | Train: 1253 images (5 batches), Test: 313 images (2 batches)
2026-09-10 05:54:15,628 [trainer.py] =>   Task 1: classes 20-39 (20 classes) | Train: 1000 images (4 batches), Test: 251 images (1 batches)
2026-09-10 05:54:15,628 [trainer.py] =>   Task 2: classes 40-59 (20 classes) | Train: 1000 images (4 batches), Test: 251 images (1 batches)
2026-09-10 05:54:15,629 [trainer.py] =>   Task 3: classes 60-79 (20 classes) | Train: 610 images (3 batches), Test: 151 images (1 batches)
2026-09-10 05:54:15,629 [trainer.py] =>   Task 4: classes 80-99 (20 classes) | Train: 426 images (2 batches), Test: 102 images (1 batches)
2026-09-10 05:54:15,630 [trainer.py] =>   Task 5: classes 100-119 (20 classes) | Train: 263 images (2 batches), Test: 68 images (1 batches)
2026-09-10 05:54:15,631 [trainer.py] =>   Task 6: classes 120-139 (20 classes) | Train: 351 images (2 batches), Test: 89 images (1 batches)
2026-09-10 05:54:15,631 [trainer.py] =>   Task 7: classes 140-159 (20 classes) | Train: 321 images (2 batches), Test: 81 images (1 batches)
2026-09-10 05:54:15,632 [trainer.py] =>   Task 8: classes 160-179 (20 classes) | Train: 391 images (2 batches), Test: 97 images (1 batches)
2026-09-10 05:54:15,632 [trainer.py] =>   Task 9: classes 180-199 (20 classes) | Train: 385 images (2 batches), Test: 97 images (1 batches)
2026-09-10 05:54:15,632 [trainer.py] => ================================================================================
2026-09-10 05:54:15,632 [trainer.py] => ================================================================================
2026-09-10 05:54:15,633 [base.py] => Task 0 learning on class 0-20
2026-09-10 05:54:16,141 [toolkit.py] => Total params:     103,855,643
2026-09-10 05:54:16,141 [toolkit.py] => Trainable params: 752,660
2026-09-10 05:54:16,141 [toolkit.py] => Trainable ratio:  0.7247%
2026-09-10 05:56:28,097 [ewclora_e.py] => Task 0, Epoch 10/10 => Loss 0.266, Train_accy 91.54
2026-09-10 05:56:28,098 [trainer.py] => Training time: 0h 2m 12s
2026-09-10 05:56:30,461 [trainer.py] => Evaluation time: 0h 0m 2s
2026-09-10 05:56:43,517 [trainer.py] => Accuracy: {'total': 86.9, '00-19': 86.9, 'old': 0, 'new': 86.9}
2026-09-10 05:56:43,517 [trainer.py] => (curve) top1 Acc: [86.9]
2026-09-10 05:56:43,517 [trainer.py] => Avergae Acc: 86.90
2026-09-10 05:56:43,517 [trainer.py] => (curve) top1 Acc with task: [86.9]
2026-09-10 05:56:43,517 [trainer.py] => Avergae Acc: 86.90
2026-09-10 05:56:43,517 [trainer.py] => (curve) top1 Acc task: [100.0]
2026-09-10 05:56:43,517 [trainer.py] => Avergae Acc: 100.00
2026-09-10 05:56:43,517 [trainer.py] => ================================================================================
2026-09-10 05:56:43,517 [trainer.py] => ================================================================================
2026-09-10 05:56:43,518 [base.py] => Task 1 learning on class 20-40
2026-09-10 05:56:43,523 [toolkit.py] => Total params:     103,855,643
2026-09-10 05:56:43,523 [toolkit.py] => Trainable params: 752,660
2026-09-10 05:56:43,523 [toolkit.py] => Trainable ratio:  0.7247%
2026-09-10 05:58:31,951 [ewclora_e.py] => Task 1, Epoch 10/10 => Loss 0.247, Train_accy 92.10
2026-09-10 05:58:31,954 [trainer.py] => Training time: 0h 1m 48s
2026-09-10 05:58:35,298 [trainer.py] => Evaluation time: 0h 0m 3s
2026-09-10 05:58:45,464 [trainer.py] => Accuracy: {'total': 80.14, '00-19': 80.19, '20-39': 80.08, 'old': 80.19, 'new': 80.08}
2026-09-10 05:58:45,464 [trainer.py] => (curve) top1 Acc: [86.9, 80.14]
2026-09-10 05:58:45,464 [trainer.py] => Avergae Acc: 83.52
2026-09-10 05:58:45,464 [trainer.py] => (curve) top1 Acc with task: [86.9, 87.23]
2026-09-10 05:58:45,464 [trainer.py] => Avergae Acc: 87.06
2026-09-10 05:58:45,465 [trainer.py] => (curve) top1 Acc task: [100.0, 88.65]
2026-09-10 05:58:45,465 [trainer.py] => Avergae Acc: 94.33
2026-09-10 05:58:45,465 [trainer.py] => ================================================================================
2026-09-10 05:58:45,465 [trainer.py] => ================================================================================
2026-09-10 05:58:45,466 [base.py] => Task 2 learning on class 40-60
2026-09-10 05:58:45,471 [toolkit.py] => Total params:     103,855,643
2026-09-10 05:58:45,471 [toolkit.py] => Trainable params: 752,660
2026-09-10 05:58:45,471 [toolkit.py] => Trainable ratio:  0.7247%
2026-09-10 06:00:34,325 [ewclora_e.py] => Task 2, Epoch 10/10 => Loss 0.362, Train_accy 90.30
2026-09-10 06:00:34,329 [trainer.py] => Training time: 0h 1m 48s
2026-09-10 06:00:38,615 [trainer.py] => Evaluation time: 0h 0m 4s
2026-09-10 06:00:48,834 [trainer.py] => Accuracy: {'total': 75.09, '00-19': 78.59, '20-39': 79.68, '40-59': 66.14, 'old': 79.08, 'new': 66.14}
2026-09-10 06:00:48,834 [trainer.py] => (curve) top1 Acc: [86.9, 80.14, 75.09]
2026-09-10 06:00:48,835 [trainer.py] => Avergae Acc: 80.71
2026-09-10 06:00:48,835 [trainer.py] => (curve) top1 Acc with task: [86.9, 87.23, 84.17]
2026-09-10 06:00:48,835 [trainer.py] => Avergae Acc: 86.10
2026-09-10 06:00:48,835 [trainer.py] => (curve) top1 Acc task: [100.0, 88.65, 84.79]
2026-09-10 06:00:48,835 [trainer.py] => Avergae Acc: 91.15
2026-09-10 06:00:48,835 [trainer.py] => ================================================================================
2026-09-10 06:00:48,835 [trainer.py] => ================================================================================
2026-09-10 06:00:48,835 [base.py] => Task 3 learning on class 60-80
2026-09-10 06:00:48,840 [toolkit.py] => Total params:     103,855,643
2026-09-10 06:00:48,840 [toolkit.py] => Trainable params: 752,660
2026-09-10 06:00:48,840 [toolkit.py] => Trainable ratio:  0.7247%
2026-09-10 06:01:59,040 [ewclora_e.py] => Task 3, Epoch 10/10 => Loss 0.278, Train_accy 90.82
2026-09-10 06:01:59,043 [trainer.py] => Training time: 0h 1m 10s
2026-09-10 06:02:03,915 [trainer.py] => Evaluation time: 0h 0m 4s
2026-09-10 06:02:10,413 [trainer.py] => Accuracy: {'total': 74.74, '00-19': 76.68, '20-39': 80.08, '40-59': 66.53, '60-79': 75.5, 'old': 74.6, 'new': 75.5}
2026-09-10 06:02:10,413 [trainer.py] => (curve) top1 Acc: [86.9, 80.14, 75.09, 74.74]
2026-09-10 06:02:10,413 [trainer.py] => Avergae Acc: 79.22
2026-09-10 06:02:10,413 [trainer.py] => (curve) top1 Acc with task: [86.9, 87.23, 84.17, 85.2]
2026-09-10 06:02:10,413 [trainer.py] => Avergae Acc: 85.88
2026-09-10 06:02:10,413 [trainer.py] => (curve) top1 Acc task: [100.0, 88.65, 84.79, 82.4]
2026-09-10 06:02:10,413 [trainer.py] => Avergae Acc: 88.96
2026-09-10 06:02:10,413 [trainer.py] => ================================================================================
2026-09-10 06:02:10,413 [trainer.py] => ================================================================================
2026-09-10 06:02:10,414 [base.py] => Task 4 learning on class 80-100
2026-09-10 06:02:10,419 [toolkit.py] => Total params:     103,855,643
2026-09-10 06:02:10,419 [toolkit.py] => Trainable params: 752,660
2026-09-10 06:02:10,419 [toolkit.py] => Trainable ratio:  0.7247%
2026-09-10 06:03:03,456 [ewclora_e.py] => Task 4, Epoch 10/10 => Loss 0.167, Train_accy 95.54
2026-09-10 06:03:03,459 [trainer.py] => Training time: 0h 0m 53s
2026-09-10 06:03:08,704 [trainer.py] => Evaluation time: 0h 0m 5s
2026-09-10 06:03:13,598 [trainer.py] => Accuracy: {'total': 71.35, '00-19': 75.4, '20-39': 78.49, '40-59': 64.54, '60-79': 76.16, '80-99': 50.98, 'old': 73.5, 'new': 50.98}
2026-09-10 06:03:13,599 [trainer.py] => (curve) top1 Acc: [86.9, 80.14, 75.09, 74.74, 71.35]
2026-09-10 06:03:13,599 [trainer.py] => Avergae Acc: 77.64
2026-09-10 06:03:13,599 [trainer.py] => (curve) top1 Acc with task: [86.9, 87.23, 84.17, 85.2, 82.96]
2026-09-10 06:03:13,599 [trainer.py] => Avergae Acc: 85.29
2026-09-10 06:03:13,599 [trainer.py] => (curve) top1 Acc task: [100.0, 88.65, 84.79, 82.4, 79.31]
2026-09-10 06:03:13,599 [trainer.py] => Avergae Acc: 87.03
2026-09-10 06:03:13,599 [trainer.py] => ================================================================================
2026-09-10 06:03:13,599 [trainer.py] => ================================================================================
2026-09-10 06:03:13,600 [base.py] => Task 5 learning on class 100-120
2026-09-10 06:03:13,604 [toolkit.py] => Total params:     103,855,643
2026-09-10 06:03:13,604 [toolkit.py] => Trainable params: 752,660
2026-09-10 06:03:13,605 [toolkit.py] => Trainable ratio:  0.7247%
2026-09-10 06:03:50,651 [ewclora_e.py] => Task 5, Epoch 10/10 => Loss 0.188, Train_accy 92.40
2026-09-10 06:03:50,654 [trainer.py] => Training time: 0h 0m 37s
2026-09-10 06:03:56,143 [trainer.py] => Evaluation time: 0h 0m 5s
2026-09-10 06:03:59,627 [trainer.py] => Accuracy: {'total': 68.31, '00-19': 76.68, '20-39': 78.09, '40-59': 63.35, '60-79': 76.16, '80-99': 50.0, '100-119': 22.06, 'old': 71.25, 'new': 22.06}
2026-09-10 06:03:59,627 [trainer.py] => (curve) top1 Acc: [86.9, 80.14, 75.09, 74.74, 71.35, 68.31]
2026-09-10 06:03:59,628 [trainer.py] => Avergae Acc: 76.09
2026-09-10 06:03:59,628 [trainer.py] => (curve) top1 Acc with task: [86.9, 87.23, 84.17, 85.2, 82.96, 80.72]
2026-09-10 06:03:59,628 [trainer.py] => Avergae Acc: 84.53
2026-09-10 06:03:59,628 [trainer.py] => (curve) top1 Acc task: [100.0, 88.65, 84.79, 82.4, 79.31, 76.23]
2026-09-10 06:03:59,628 [trainer.py] => Avergae Acc: 85.23
2026-09-10 06:03:59,628 [trainer.py] => ================================================================================
2026-09-10 06:03:59,628 [trainer.py] => ================================================================================
2026-09-10 06:03:59,628 [base.py] => Task 6 learning on class 120-140
2026-09-10 06:03:59,635 [toolkit.py] => Total params:     103,855,643
2026-09-10 06:03:59,635 [toolkit.py] => Trainable params: 752,660
2026-09-10 06:03:59,635 [toolkit.py] => Trainable ratio:  0.7247%
2026-09-10 06:04:44,765 [ewclora_e.py] => Task 6, Epoch 10/10 => Loss 0.182, Train_accy 95.16
2026-09-10 06:04:44,768 [trainer.py] => Training time: 0h 0m 45s
2026-09-10 06:04:50,555 [trainer.py] => Evaluation time: 0h 0m 5s
2026-09-10 06:04:54,505 [trainer.py] => Accuracy: {'total': 66.29, '00-19': 76.68, '20-39': 78.88, '40-59': 63.35, '60-79': 75.5, '80-99': 42.16, '100-119': 23.53, '120-139': 47.19, 'old': 67.78, 'new': 47.19}
2026-09-10 06:04:54,505 [trainer.py] => (curve) top1 Acc: [86.9, 80.14, 75.09, 74.74, 71.35, 68.31, 66.29]
2026-09-10 06:04:54,506 [trainer.py] => Avergae Acc: 74.69
2026-09-10 06:04:54,506 [trainer.py] => (curve) top1 Acc with task: [86.9, 87.23, 84.17, 85.2, 82.96, 80.72, 79.76]
2026-09-10 06:04:54,506 [trainer.py] => Avergae Acc: 83.85
2026-09-10 06:04:54,506 [trainer.py] => (curve) top1 Acc task: [100.0, 88.65, 84.79, 82.4, 79.31, 76.23, 74.04]
2026-09-10 06:04:54,506 [trainer.py] => Avergae Acc: 83.63
2026-09-10 06:04:54,506 [trainer.py] => ================================================================================
2026-09-10 06:04:54,506 [trainer.py] => ================================================================================
2026-09-10 06:04:54,506 [base.py] => Task 7 learning on class 140-160
2026-09-10 06:04:54,511 [toolkit.py] => Total params:     103,855,643
2026-09-10 06:04:54,512 [toolkit.py] => Trainable params: 752,660
2026-09-10 06:04:54,512 [toolkit.py] => Trainable ratio:  0.7247%
2026-09-10 06:05:36,565 [ewclora_e.py] => Task 7, Epoch 10/10 => Loss 0.153, Train_accy 95.64
2026-09-10 06:05:36,567 [trainer.py] => Training time: 0h 0m 42s
2026-09-10 06:05:42,658 [trainer.py] => Evaluation time: 0h 0m 6s
2026-09-10 06:05:46,426 [trainer.py] => Accuracy: {'total': 63.71, '00-19': 75.08, '20-39': 77.29, '40-59': 63.35, '60-79': 75.5, '80-99': 40.2, '100-119': 25.0, '120-139': 44.94, '140-159': 39.51, 'old': 65.31, 'new': 39.51}
2026-09-10 06:05:46,426 [trainer.py] => (curve) top1 Acc: [86.9, 80.14, 75.09, 74.74, 71.35, 68.31, 66.29, 63.71]
2026-09-10 06:05:46,426 [trainer.py] => Avergae Acc: 73.32
2026-09-10 06:05:46,426 [trainer.py] => (curve) top1 Acc with task: [86.9, 87.23, 84.17, 85.2, 82.96, 80.72, 79.76, 78.94]
2026-09-10 06:05:46,426 [trainer.py] => Avergae Acc: 83.23
2026-09-10 06:05:46,427 [trainer.py] => (curve) top1 Acc task: [100.0, 88.65, 84.79, 82.4, 79.31, 76.23, 74.04, 70.83]
2026-09-10 06:05:46,427 [trainer.py] => Avergae Acc: 82.03
2026-09-10 06:05:46,427 [trainer.py] => ================================================================================
2026-09-10 06:05:46,427 [trainer.py] => ================================================================================
2026-09-10 06:05:46,427 [base.py] => Task 8 learning on class 160-180
2026-09-10 06:05:46,432 [toolkit.py] => Total params:     103,855,643
2026-09-10 06:05:46,432 [toolkit.py] => Trainable params: 752,660
2026-09-10 06:05:46,432 [toolkit.py] => Trainable ratio:  0.7247%
2026-09-10 06:06:34,771 [ewclora_e.py] => Task 8, Epoch 10/10 => Loss 0.196, Train_accy 93.09
2026-09-10 06:06:34,773 [trainer.py] => Training time: 0h 0m 48s
2026-09-10 06:06:41,234 [trainer.py] => Evaluation time: 0h 0m 6s
2026-09-10 06:06:45,947 [trainer.py] => Accuracy: {'total': 60.58, '00-19': 73.8, '20-39': 77.29, '40-59': 62.55, '60-79': 74.17, '80-99': 39.22, '100-119': 22.06, '120-139': 41.57, '140-159': 35.8, '160-179': 36.08, 'old': 62.4, 'new': 36.08}
2026-09-10 06:06:45,947 [trainer.py] => (curve) top1 Acc: [86.9, 80.14, 75.09, 74.74, 71.35, 68.31, 66.29, 63.71, 60.58]
2026-09-10 06:06:45,948 [trainer.py] => Avergae Acc: 71.90
2026-09-10 06:06:45,948 [trainer.py] => (curve) top1 Acc with task: [86.9, 87.23, 84.17, 85.2, 82.96, 80.72, 79.76, 78.94, 78.26]
2026-09-10 06:06:45,948 [trainer.py] => Avergae Acc: 82.68
2026-09-10 06:06:45,948 [trainer.py] => (curve) top1 Acc task: [100.0, 88.65, 84.79, 82.4, 79.31, 76.23, 74.04, 70.83, 67.07]
2026-09-10 06:06:45,948 [trainer.py] => Avergae Acc: 80.37
2026-09-10 06:06:45,948 [trainer.py] => ================================================================================
2026-09-10 06:06:45,948 [trainer.py] => ================================================================================
2026-09-10 06:06:45,949 [base.py] => Task 9 learning on class 180-200
2026-09-10 06:06:45,954 [toolkit.py] => Total params:     103,855,643
2026-09-10 06:06:45,954 [toolkit.py] => Trainable params: 752,660
2026-09-10 06:06:45,954 [toolkit.py] => Trainable ratio:  0.7247%
2026-09-10 06:07:35,431 [ewclora_e.py] => Task 9, Epoch 10/10 => Loss 0.744, Train_accy 96.10
2026-09-10 06:07:35,434 [trainer.py] => Training time: 0h 0m 49s
2026-09-10 06:07:42,261 [trainer.py] => Evaluation time: 0h 0m 6s
2026-09-10 06:07:46,951 [trainer.py] => Accuracy: {'total': 59.53, '00-19': 73.8, '20-39': 77.69, '40-59': 61.75, '60-79': 73.51, '80-99': 39.22, '100-119': 22.06, '120-139': 42.7, '140-159': 33.33, '160-179': 35.05, '180-199': 48.45, 'old': 60.3, 'new': 48.45}
2026-09-10 06:07:46,951 [trainer.py] => (curve) top1 Acc: [86.9, 80.14, 75.09, 74.74, 71.35, 68.31, 66.29, 63.71, 60.58, 59.53]
2026-09-10 06:07:46,951 [trainer.py] => Avergae Acc: 70.66
2026-09-10 06:07:46,951 [trainer.py] => (curve) top1 Acc with task: [86.9, 87.23, 84.17, 85.2, 82.96, 80.72, 79.76, 78.94, 78.26, 77.4]
2026-09-10 06:07:46,951 [trainer.py] => Avergae Acc: 82.15
2026-09-10 06:07:46,951 [trainer.py] => (curve) top1 Acc task: [100.0, 88.65, 84.79, 82.4, 79.31, 76.23, 74.04, 70.83, 67.07, 66.07]
2026-09-10 06:07:46,951 [trainer.py] => Avergae Acc: 78.94
2026-09-10 06:07:46,951 [trainer.py] => ================================================================================
