2026-09-04 08:25:46,333 [toolkit.py] => config: configs/sdlora/imagenet-a_seed=1997.json
2026-09-04 08:25:46,333 [toolkit.py] => device: [device(type='cuda', index=2)]
2026-09-04 08:25:46,333 [toolkit.py] => debug: False
2026-09-04 08:25:46,333 [toolkit.py] => save_ckp: False
2026-09-04 08:25:46,333 [toolkit.py] => moe_list: None
2026-09-04 08:25:46,333 [toolkit.py] => seed: 1997
2026-09-04 08:25:46,333 [toolkit.py] => dataset: imagenet-a
2026-09-04 08:25:46,333 [toolkit.py] => data_path: data/imagenet-a
2026-09-04 08:25:46,333 [toolkit.py] => load: vit_base_patch16_224_in21k
2026-09-04 08:25:46,333 [toolkit.py] => init_cls: 20
2026-09-04 08:25:46,333 [toolkit.py] => increment: 20
2026-09-04 08:25:46,333 [toolkit.py] => sessions: 10
2026-09-04 08:25:46,333 [toolkit.py] => shuffle: False
2026-09-04 08:25:46,333 [toolkit.py] => method: sdlora
2026-09-04 08:25:46,333 [toolkit.py] => optimizer: adam
2026-09-04 08:25:46,333 [toolkit.py] => scheduler: cosine
2026-09-04 08:25:46,333 [toolkit.py] => epochs: 10
2026-09-04 08:25:46,333 [toolkit.py] => lrate: 0.0005
2026-09-04 08:25:46,334 [toolkit.py] => fc_lrate: 0.005
2026-09-04 08:25:46,334 [toolkit.py] => weight_decay: 0.0
2026-09-04 08:25:46,334 [toolkit.py] => batch_size: 128
2026-09-04 08:25:46,334 [toolkit.py] => rank: 10
2026-09-04 08:25:46,334 [toolkit.py] => num_workers: 16
2026-09-04 08:25:46,334 [toolkit.py] => lrate_head: 0
2026-09-04 08:25:46,334 [toolkit.py] => logdir: logs/sdlora/imagenet-a/t10
2026-09-04 08:25:46,334 [toolkit.py] => logfilename: logs/sdlora/imagenet-a/t10/seed1997
2026-09-04 08:25:46,359 [data_manager.py] => Class index order: 0, 1, 2, 3, 4, ..., 195, 196, 197, 198, 199
2026-09-04 08:25:48,475 [trainer.py] => ================================================================================
2026-09-04 08:25:48,475 [trainer.py] => Dataset Information
2026-09-04 08:25:48,475 [trainer.py] => ================================================================================
2026-09-04 08:25:48,475 [trainer.py] =>   Dataset name     : imagenet-a
2026-09-04 08:25:48,475 [trainer.py] =>   Data path        : data/imagenet-a
2026-09-04 08:25:48,475 [trainer.py] =>   Total classes    : 200
2026-09-04 08:25:48,475 [trainer.py] =>   Total tasks      : 10
2026-09-04 08:25:48,475 [trainer.py] =>   Task increments  : [20, 20, 20, 20, 20, 20, 20, 20, 20, 20]
2026-09-04 08:25:48,475 [trainer.py] =>   Init classes     : 20
2026-09-04 08:25:48,475 [trainer.py] =>   Increment per task: 20
2026-09-04 08:25:48,475 [trainer.py] =>   Shuffle          : False
2026-09-04 08:25:48,475 [trainer.py] =>   Seed             : 1997
2026-09-04 08:25:48,475 [trainer.py] => --------------------------------------------------------------------------------
2026-09-04 08:25:48,475 [trainer.py] => Task split:
2026-09-04 08:25:48,476 [trainer.py] =>   Task 0: classes 0-19 (20 classes) | Train: 1253 images (5 batches), Test: 313 images (2 batches)
2026-09-04 08:25:48,477 [trainer.py] =>   Task 1: classes 20-39 (20 classes) | Train: 1000 images (4 batches), Test: 251 images (1 batches)
2026-09-04 08:25:48,478 [trainer.py] =>   Task 2: classes 40-59 (20 classes) | Train: 1000 images (4 batches), Test: 251 images (1 batches)
2026-09-04 08:25:48,478 [trainer.py] =>   Task 3: classes 60-79 (20 classes) | Train: 610 images (3 batches), Test: 151 images (1 batches)
2026-09-04 08:25:48,479 [trainer.py] =>   Task 4: classes 80-99 (20 classes) | Train: 426 images (2 batches), Test: 102 images (1 batches)
2026-09-04 08:25:48,479 [trainer.py] =>   Task 5: classes 100-119 (20 classes) | Train: 263 images (2 batches), Test: 68 images (1 batches)
2026-09-04 08:25:48,480 [trainer.py] =>   Task 6: classes 120-139 (20 classes) | Train: 351 images (2 batches), Test: 89 images (1 batches)
2026-09-04 08:25:48,480 [trainer.py] =>   Task 7: classes 140-159 (20 classes) | Train: 321 images (2 batches), Test: 81 images (1 batches)
2026-09-04 08:25:48,481 [trainer.py] =>   Task 8: classes 160-179 (20 classes) | Train: 391 images (2 batches), Test: 97 images (1 batches)
2026-09-04 08:25:48,481 [trainer.py] =>   Task 9: classes 180-199 (20 classes) | Train: 385 images (2 batches), Test: 97 images (1 batches)
2026-09-04 08:25:48,481 [trainer.py] => ================================================================================
2026-09-04 08:25:48,481 [trainer.py] => ================================================================================
2026-09-04 08:25:48,482 [base.py] => Task 0 learning on class 0-20
2026-09-04 08:25:48,941 [toolkit.py] => Total params:     106,436,144
2026-09-04 08:25:48,941 [toolkit.py] => Trainable params: 384,041
2026-09-04 08:25:48,941 [toolkit.py] => Trainable ratio:  0.3608%
2026-09-04 08:27:27,487 [sdlora.py] => Task 0, Epoch 10/10 => Loss 0.250, Train_accy 91.94
2026-09-04 08:27:27,488 [trainer.py] => Training time: 0h 1m 39s
2026-09-04 08:27:29,644 [trainer.py] => Evaluation time: 0h 0m 2s
2026-09-04 08:27:29,644 [trainer.py] => Accuracy: {'total': 86.58, '00-19': 86.58, 'old': 0, 'new': 86.58}
2026-09-04 08:27:29,644 [trainer.py] => (curve) top1 Acc: [86.58]
2026-09-04 08:27:29,644 [trainer.py] => Avergae Acc: 86.58
2026-09-04 08:27:29,644 [trainer.py] => (curve) top1 Acc with task: [86.58]
2026-09-04 08:27:29,644 [trainer.py] => Avergae Acc: 86.58
2026-09-04 08:27:29,644 [trainer.py] => (curve) top1 Acc task: [100.0]
2026-09-04 08:27:29,644 [trainer.py] => Avergae Acc: 100.00
2026-09-04 08:27:29,644 [trainer.py] => ================================================================================
2026-09-04 08:27:29,644 [trainer.py] => ================================================================================
2026-09-04 08:27:29,645 [base.py] => Task 1 learning on class 20-40
2026-09-04 08:27:29,662 [toolkit.py] => Total params:     106,436,144
2026-09-04 08:27:29,662 [toolkit.py] => Trainable params: 384,041
2026-09-04 08:27:29,662 [toolkit.py] => Trainable ratio:  0.3608%
2026-09-04 08:28:56,811 [sdlora.py] => Task 1, Epoch 10/10 => Loss 0.220, Train_accy 92.50
2026-09-04 08:28:56,812 [trainer.py] => Training time: 0h 1m 27s
2026-09-04 08:28:59,831 [trainer.py] => Evaluation time: 0h 0m 3s
2026-09-04 08:28:59,831 [trainer.py] => Accuracy: {'total': 80.85, '00-19': 80.51, '20-39': 81.27, 'old': 80.51, 'new': 81.27}
2026-09-04 08:28:59,831 [trainer.py] => (curve) top1 Acc: [86.58, 80.85]
2026-09-04 08:28:59,831 [trainer.py] => Avergae Acc: 83.72
2026-09-04 08:28:59,831 [trainer.py] => (curve) top1 Acc with task: [86.58, 87.94]
2026-09-04 08:28:59,831 [trainer.py] => Avergae Acc: 87.26
2026-09-04 08:28:59,831 [trainer.py] => (curve) top1 Acc task: [100.0, 88.65]
2026-09-04 08:28:59,831 [trainer.py] => Avergae Acc: 94.33
2026-09-04 08:28:59,831 [trainer.py] => ================================================================================
2026-09-04 08:28:59,831 [trainer.py] => ================================================================================
2026-09-04 08:28:59,832 [base.py] => Task 2 learning on class 40-60
2026-09-04 08:28:59,850 [toolkit.py] => Total params:     106,436,144
2026-09-04 08:28:59,851 [toolkit.py] => Trainable params: 384,041
2026-09-04 08:28:59,851 [toolkit.py] => Trainable ratio:  0.3608%
2026-09-04 08:30:32,980 [sdlora.py] => Task 2, Epoch 10/10 => Loss 0.272, Train_accy 91.70
2026-09-04 08:30:32,981 [trainer.py] => Training time: 0h 1m 33s
2026-09-04 08:30:36,999 [trainer.py] => Evaluation time: 0h 0m 4s
2026-09-04 08:30:36,999 [trainer.py] => Accuracy: {'total': 75.71, '00-19': 77.96, '20-39': 78.88, '40-59': 69.72, 'old': 78.37, 'new': 69.72}
2026-09-04 08:30:36,999 [trainer.py] => (curve) top1 Acc: [86.58, 80.85, 75.71]
2026-09-04 08:30:36,999 [trainer.py] => Avergae Acc: 81.05
2026-09-04 08:30:36,999 [trainer.py] => (curve) top1 Acc with task: [86.58, 87.94, 84.91]
2026-09-04 08:30:37,000 [trainer.py] => Avergae Acc: 86.48
2026-09-04 08:30:37,000 [trainer.py] => (curve) top1 Acc task: [100.0, 88.65, 84.29]
2026-09-04 08:30:37,000 [trainer.py] => Avergae Acc: 90.98
2026-09-04 08:30:37,000 [trainer.py] => ================================================================================
2026-09-04 08:30:37,000 [trainer.py] => ================================================================================
2026-09-04 08:30:37,001 [base.py] => Task 3 learning on class 60-80
2026-09-04 08:30:37,017 [toolkit.py] => Total params:     106,436,144
2026-09-04 08:30:37,018 [toolkit.py] => Trainable params: 384,041
2026-09-04 08:30:37,018 [toolkit.py] => Trainable ratio:  0.3608%
2026-09-04 08:31:41,221 [sdlora.py] => Task 3, Epoch 10/10 => Loss 0.239, Train_accy 92.30
2026-09-04 08:31:41,223 [trainer.py] => Training time: 0h 1m 4s
2026-09-04 08:31:46,074 [trainer.py] => Evaluation time: 0h 0m 4s
2026-09-04 08:31:46,074 [trainer.py] => Accuracy: {'total': 73.19, '00-19': 73.8, '20-39': 75.7, '40-59': 68.13, '60-79': 76.16, 'old': 72.64, 'new': 76.16}
2026-09-04 08:31:46,074 [trainer.py] => (curve) top1 Acc: [86.58, 80.85, 75.71, 73.19]
2026-09-04 08:31:46,074 [trainer.py] => Avergae Acc: 79.08
2026-09-04 08:31:46,074 [trainer.py] => (curve) top1 Acc with task: [86.58, 87.94, 84.91, 85.51]
2026-09-04 08:31:46,074 [trainer.py] => Avergae Acc: 86.23
2026-09-04 08:31:46,074 [trainer.py] => (curve) top1 Acc task: [100.0, 88.65, 84.29, 80.54]
2026-09-04 08:31:46,074 [trainer.py] => Avergae Acc: 88.37
2026-09-04 08:31:46,074 [trainer.py] => ================================================================================
2026-09-04 08:31:46,074 [trainer.py] => ================================================================================
2026-09-04 08:31:46,075 [base.py] => Task 4 learning on class 80-100
2026-09-04 08:31:46,088 [toolkit.py] => Total params:     106,436,144
2026-09-04 08:31:46,088 [toolkit.py] => Trainable params: 384,041
2026-09-04 08:31:46,088 [toolkit.py] => Trainable ratio:  0.3608%
2026-09-04 08:32:35,201 [sdlora.py] => Task 4, Epoch 10/10 => Loss 0.171, Train_accy 96.01
2026-09-04 08:32:35,202 [trainer.py] => Training time: 0h 0m 49s
2026-09-04 08:32:40,680 [trainer.py] => Evaluation time: 0h 0m 5s
2026-09-04 08:32:40,680 [trainer.py] => Accuracy: {'total': 68.91, '00-19': 72.2, '20-39': 74.9, '40-59': 67.33, '60-79': 74.83, '80-99': 39.22, 'old': 72.05, 'new': 39.22}
2026-09-04 08:32:40,680 [trainer.py] => (curve) top1 Acc: [86.58, 80.85, 75.71, 73.19, 68.91]
2026-09-04 08:32:40,680 [trainer.py] => Avergae Acc: 77.05
2026-09-04 08:32:40,680 [trainer.py] => (curve) top1 Acc with task: [86.58, 87.94, 84.91, 85.51, 82.49]
2026-09-04 08:32:40,680 [trainer.py] => Avergae Acc: 85.49
2026-09-04 08:32:40,680 [trainer.py] => (curve) top1 Acc task: [100.0, 88.65, 84.29, 80.54, 76.69]
2026-09-04 08:32:40,680 [trainer.py] => Avergae Acc: 86.03
2026-09-04 08:32:40,680 [trainer.py] => ================================================================================
2026-09-04 08:32:40,680 [trainer.py] => ================================================================================
2026-09-04 08:32:40,681 [base.py] => Task 5 learning on class 100-120
2026-09-04 08:32:40,697 [toolkit.py] => Total params:     106,436,144
2026-09-04 08:32:40,697 [toolkit.py] => Trainable params: 384,041
2026-09-04 08:32:40,697 [toolkit.py] => Trainable ratio:  0.3608%
2026-09-04 08:33:17,773 [sdlora.py] => Task 5, Epoch 10/10 => Loss 0.293, Train_accy 95.06
2026-09-04 08:33:17,775 [trainer.py] => Training time: 0h 0m 37s
2026-09-04 08:33:24,002 [trainer.py] => Evaluation time: 0h 0m 6s
2026-09-04 08:33:24,002 [trainer.py] => Accuracy: {'total': 65.58, '00-19': 72.52, '20-39': 74.1, '40-59': 67.33, '60-79': 74.17, '80-99': 38.24, '100-119': 17.65, 'old': 68.63, 'new': 17.65}
2026-09-04 08:33:24,002 [trainer.py] => (curve) top1 Acc: [86.58, 80.85, 75.71, 73.19, 68.91, 65.58]
2026-09-04 08:33:24,002 [trainer.py] => Avergae Acc: 75.14
2026-09-04 08:33:24,002 [trainer.py] => (curve) top1 Acc with task: [86.58, 87.94, 84.91, 85.51, 82.49, 80.02]
2026-09-04 08:33:24,002 [trainer.py] => Avergae Acc: 84.57
2026-09-04 08:33:24,002 [trainer.py] => (curve) top1 Acc task: [100.0, 88.65, 84.29, 80.54, 76.69, 73.42]
2026-09-04 08:33:24,002 [trainer.py] => Avergae Acc: 83.93
2026-09-04 08:33:24,002 [trainer.py] => ================================================================================
2026-09-04 08:33:24,002 [trainer.py] => ================================================================================
2026-09-04 08:33:24,003 [base.py] => Task 6 learning on class 120-140
2026-09-04 08:33:24,018 [toolkit.py] => Total params:     106,436,144
2026-09-04 08:33:24,018 [toolkit.py] => Trainable params: 384,041
2026-09-04 08:33:24,018 [toolkit.py] => Trainable ratio:  0.3608%
2026-09-04 08:34:10,452 [sdlora.py] => Task 6, Epoch 10/10 => Loss 0.152, Train_accy 95.16
2026-09-04 08:34:10,453 [trainer.py] => Training time: 0h 0m 46s
2026-09-04 08:34:17,224 [trainer.py] => Evaluation time: 0h 0m 6s
2026-09-04 08:34:17,224 [trainer.py] => Accuracy: {'total': 62.86, '00-19': 70.93, '20-39': 74.1, '40-59': 66.14, '60-79': 73.51, '80-99': 38.24, '100-119': 14.71, '120-139': 40.45, 'old': 64.61, 'new': 40.45}
2026-09-04 08:34:17,224 [trainer.py] => (curve) top1 Acc: [86.58, 80.85, 75.71, 73.19, 68.91, 65.58, 62.86]
2026-09-04 08:34:17,225 [trainer.py] => Avergae Acc: 73.38
2026-09-04 08:34:17,225 [trainer.py] => (curve) top1 Acc with task: [86.58, 87.94, 84.91, 85.51, 82.49, 80.02, 78.45]
2026-09-04 08:34:17,225 [trainer.py] => Avergae Acc: 83.70
2026-09-04 08:34:17,225 [trainer.py] => (curve) top1 Acc task: [100.0, 88.65, 84.29, 80.54, 76.69, 73.42, 70.61]
2026-09-04 08:34:17,225 [trainer.py] => Avergae Acc: 82.03
2026-09-04 08:34:17,225 [trainer.py] => ================================================================================
2026-09-04 08:34:17,225 [trainer.py] => ================================================================================
2026-09-04 08:34:17,225 [base.py] => Task 7 learning on class 140-160
2026-09-04 08:34:17,240 [toolkit.py] => Total params:     106,436,144
2026-09-04 08:34:17,240 [toolkit.py] => Trainable params: 384,041
2026-09-04 08:34:17,240 [toolkit.py] => Trainable ratio:  0.3608%
2026-09-04 08:35:02,211 [sdlora.py] => Task 7, Epoch 10/10 => Loss 0.110, Train_accy 96.57
2026-09-04 08:35:02,212 [trainer.py] => Training time: 0h 0m 44s
2026-09-04 08:35:09,627 [trainer.py] => Evaluation time: 0h 0m 7s
2026-09-04 08:35:09,628 [trainer.py] => Accuracy: {'total': 60.95, '00-19': 69.97, '20-39': 74.5, '40-59': 63.75, '60-79': 73.51, '80-99': 36.27, '100-119': 14.71, '120-139': 43.82, '140-159': 40.74, 'old': 62.29, 'new': 40.74}
2026-09-04 08:35:09,628 [trainer.py] => (curve) top1 Acc: [86.58, 80.85, 75.71, 73.19, 68.91, 65.58, 62.86, 60.95]
2026-09-04 08:35:09,628 [trainer.py] => Avergae Acc: 71.83
2026-09-04 08:35:09,628 [trainer.py] => (curve) top1 Acc with task: [86.58, 87.94, 84.91, 85.51, 82.49, 80.02, 78.45, 77.34]
2026-09-04 08:35:09,628 [trainer.py] => Avergae Acc: 82.91
2026-09-04 08:35:09,628 [trainer.py] => (curve) top1 Acc task: [100.0, 88.65, 84.29, 80.54, 76.69, 73.42, 70.61, 68.68]
2026-09-04 08:35:09,628 [trainer.py] => Avergae Acc: 80.36
2026-09-04 08:35:09,628 [trainer.py] => ================================================================================
2026-09-04 08:35:09,628 [trainer.py] => ================================================================================
2026-09-04 08:35:09,629 [base.py] => Task 8 learning on class 160-180
2026-09-04 08:35:09,645 [toolkit.py] => Total params:     106,436,144
2026-09-04 08:35:09,645 [toolkit.py] => Trainable params: 384,041
2026-09-04 08:35:09,645 [toolkit.py] => Trainable ratio:  0.3608%
2026-09-04 08:36:04,857 [sdlora.py] => Task 8, Epoch 10/10 => Loss 0.169, Train_accy 94.37
2026-09-04 08:36:04,859 [trainer.py] => Training time: 0h 0m 55s
2026-09-04 08:36:13,062 [trainer.py] => Evaluation time: 0h 0m 8s
2026-09-04 08:36:13,062 [trainer.py] => Accuracy: {'total': 58.3, '00-19': 69.01, '20-39': 72.91, '40-59': 64.14, '60-79': 72.85, '80-99': 38.24, '100-119': 17.65, '120-139': 41.57, '140-159': 40.74, '160-179': 27.84, 'old': 60.57, 'new': 27.84}
2026-09-04 08:36:13,062 [trainer.py] => (curve) top1 Acc: [86.58, 80.85, 75.71, 73.19, 68.91, 65.58, 62.86, 60.95, 58.3]
2026-09-04 08:36:13,062 [trainer.py] => Avergae Acc: 70.33
2026-09-04 08:36:13,062 [trainer.py] => (curve) top1 Acc with task: [86.58, 87.94, 84.91, 85.51, 82.49, 80.02, 78.45, 77.34, 76.55]
2026-09-04 08:36:13,063 [trainer.py] => Avergae Acc: 82.20
2026-09-04 08:36:13,063 [trainer.py] => (curve) top1 Acc task: [100.0, 88.65, 84.29, 80.54, 76.69, 73.42, 70.61, 68.68, 65.07]
2026-09-04 08:36:13,063 [trainer.py] => Avergae Acc: 78.66
2026-09-04 08:36:13,063 [trainer.py] => ================================================================================
2026-09-04 08:36:13,063 [trainer.py] => ================================================================================
2026-09-04 08:36:13,063 [base.py] => Task 9 learning on class 180-200
2026-09-04 08:36:13,078 [toolkit.py] => Total params:     106,436,144
2026-09-04 08:36:13,078 [toolkit.py] => Trainable params: 384,041
2026-09-04 08:36:13,078 [toolkit.py] => Trainable ratio:  0.3608%
2026-09-04 08:37:11,024 [sdlora.py] => Task 9, Epoch 10/10 => Loss 0.131, Train_accy 96.10
2026-09-04 08:37:11,025 [trainer.py] => Training time: 0h 0m 57s
2026-09-04 08:37:20,104 [trainer.py] => Evaluation time: 0h 0m 9s
2026-09-04 08:37:20,104 [trainer.py] => Accuracy: {'total': 56.93, '00-19': 69.01, '20-39': 72.51, '40-59': 64.14, '60-79': 73.51, '80-99': 36.27, '100-119': 16.18, '120-139': 40.45, '140-159': 39.51, '160-179': 25.77, '180-199': 44.33, 'old': 57.8, 'new': 44.33}
2026-09-04 08:37:20,104 [trainer.py] => (curve) top1 Acc: [86.58, 80.85, 75.71, 73.19, 68.91, 65.58, 62.86, 60.95, 58.3, 56.93]
2026-09-04 08:37:20,104 [trainer.py] => Avergae Acc: 68.99
2026-09-04 08:37:20,104 [trainer.py] => (curve) top1 Acc with task: [86.58, 87.94, 84.91, 85.51, 82.49, 80.02, 78.45, 77.34, 76.55, 76.0]
2026-09-04 08:37:20,104 [trainer.py] => Avergae Acc: 81.58
2026-09-04 08:37:20,104 [trainer.py] => (curve) top1 Acc task: [100.0, 88.65, 84.29, 80.54, 76.69, 73.42, 70.61, 68.68, 65.07, 63.4]
2026-09-04 08:37:20,104 [trainer.py] => Avergae Acc: 77.14
2026-09-04 08:37:20,105 [trainer.py] => ================================================================================
2026-09-12 00:51:56,677 [toolkit.py] => config: configs/sdlora/imagenet-a_seed=1997.json
2026-09-12 00:51:56,689 [toolkit.py] => device: [device(type='cuda', index=1)]
2026-09-12 00:51:56,689 [toolkit.py] => debug: False
2026-09-12 00:51:56,690 [toolkit.py] => save_ckp: False
2026-09-12 00:51:56,690 [toolkit.py] => moe_list: None
2026-09-12 00:51:56,690 [toolkit.py] => seed: 1997
2026-09-12 00:51:56,690 [toolkit.py] => dataset: imagenet-a
2026-09-12 00:51:56,690 [toolkit.py] => data_path: data/imagenet-a
2026-09-12 00:51:56,690 [toolkit.py] => load: vit_base_patch16_224_in21k
2026-09-12 00:51:56,690 [toolkit.py] => init_cls: 20
2026-09-12 00:51:56,690 [toolkit.py] => increment: 20
2026-09-12 00:51:56,690 [toolkit.py] => sessions: 10
2026-09-12 00:51:56,691 [toolkit.py] => shuffle: False
2026-09-12 00:51:56,691 [toolkit.py] => method: sdlora
2026-09-12 00:51:56,691 [toolkit.py] => optimizer: adam
2026-09-12 00:51:56,691 [toolkit.py] => scheduler: cosine
2026-09-12 00:51:56,691 [toolkit.py] => epochs: 10
2026-09-12 00:51:56,691 [toolkit.py] => lrate: 0.0005
2026-09-12 00:51:56,691 [toolkit.py] => fc_lrate: 0.005
2026-09-12 00:51:56,691 [toolkit.py] => weight_decay: 0.0
2026-09-12 00:51:56,691 [toolkit.py] => batch_size: 128
2026-09-12 00:51:56,691 [toolkit.py] => rank: 10
2026-09-12 00:51:56,691 [toolkit.py] => num_workers: 16
2026-09-12 00:51:56,691 [toolkit.py] => lrate_head: 0
2026-09-12 00:51:56,691 [toolkit.py] => logdir: logs/sdlora/imagenet-a/t10
2026-09-12 00:51:56,691 [toolkit.py] => logfilename: logs/sdlora/imagenet-a/t10/seed1997
2026-09-12 00:51:56,870 [data_manager.py] => Class index order: 0, 1, 2, 3, 4, ..., 195, 196, 197, 198, 199
2026-09-12 00:51:59,287 [trainer.py] => ================================================================================
2026-09-12 00:51:59,287 [trainer.py] => Dataset Information
2026-09-12 00:51:59,288 [trainer.py] => ================================================================================
2026-09-12 00:51:59,288 [trainer.py] =>   Dataset name     : imagenet-a
2026-09-12 00:51:59,288 [trainer.py] =>   Data path        : data/imagenet-a
2026-09-12 00:51:59,288 [trainer.py] =>   Total classes    : 200
2026-09-12 00:51:59,288 [trainer.py] =>   Total tasks      : 10
2026-09-12 00:51:59,288 [trainer.py] =>   Task increments  : [20, 20, 20, 20, 20, 20, 20, 20, 20, 20]
2026-09-12 00:51:59,288 [trainer.py] =>   Init classes     : 20
2026-09-12 00:51:59,288 [trainer.py] =>   Increment per task: 20
2026-09-12 00:51:59,288 [trainer.py] =>   Shuffle          : False
2026-09-12 00:51:59,288 [trainer.py] =>   Seed             : 1997
2026-09-12 00:51:59,288 [trainer.py] => --------------------------------------------------------------------------------
2026-09-12 00:51:59,288 [trainer.py] => Task split:
2026-09-12 00:51:59,289 [trainer.py] =>   Task 0: classes 0-19 (20 classes) | Train: 1253 images (5 batches), Test: 313 images (2 batches)
2026-09-12 00:51:59,290 [trainer.py] =>   Task 1: classes 20-39 (20 classes) | Train: 1000 images (4 batches), Test: 251 images (1 batches)
2026-09-12 00:51:59,290 [trainer.py] =>   Task 2: classes 40-59 (20 classes) | Train: 1000 images (4 batches), Test: 251 images (1 batches)
2026-09-12 00:51:59,291 [trainer.py] =>   Task 3: classes 60-79 (20 classes) | Train: 610 images (3 batches), Test: 151 images (1 batches)
2026-09-12 00:51:59,291 [trainer.py] =>   Task 4: classes 80-99 (20 classes) | Train: 426 images (2 batches), Test: 102 images (1 batches)
2026-09-12 00:51:59,292 [trainer.py] =>   Task 5: classes 100-119 (20 classes) | Train: 263 images (2 batches), Test: 68 images (1 batches)
2026-09-12 00:51:59,292 [trainer.py] =>   Task 6: classes 120-139 (20 classes) | Train: 351 images (2 batches), Test: 89 images (1 batches)
2026-09-12 00:51:59,293 [trainer.py] =>   Task 7: classes 140-159 (20 classes) | Train: 321 images (2 batches), Test: 81 images (1 batches)
2026-09-12 00:51:59,293 [trainer.py] =>   Task 8: classes 160-179 (20 classes) | Train: 391 images (2 batches), Test: 97 images (1 batches)
2026-09-12 00:51:59,294 [trainer.py] =>   Task 9: classes 180-199 (20 classes) | Train: 385 images (2 batches), Test: 97 images (1 batches)
2026-09-12 00:51:59,294 [trainer.py] => ================================================================================
2026-09-12 00:51:59,294 [trainer.py] => ================================================================================
2026-09-12 00:51:59,295 [base.py] => Task 0 learning on class 0-20
2026-09-12 00:51:59,869 [toolkit.py] => Total params:     106,436,144
2026-09-12 00:51:59,869 [toolkit.py] => Trainable params: 384,041
2026-09-12 00:51:59,869 [toolkit.py] => Trainable ratio:  0.3608%
2026-09-12 00:54:49,627 [sdlora.py] => Task 0, Epoch 10/10 => Loss 0.250, Train_accy 91.94
2026-09-12 00:54:49,628 [trainer.py] => Training time: 0h 2m 50s
2026-09-12 00:54:54,564 [trainer.py] => Evaluation time: 0h 0m 4s
2026-09-12 00:54:54,564 [trainer.py] => Accuracy: {'total': 86.58, '00-19': 86.58, 'old': 0, 'new': 86.58}
2026-09-12 00:54:54,564 [trainer.py] => (curve) top1 Acc: [86.58]
2026-09-12 00:54:54,564 [trainer.py] => Avergae Acc: 86.58
2026-09-12 00:54:54,564 [trainer.py] => (curve) top1 Acc with task: [86.58]
2026-09-12 00:54:54,564 [trainer.py] => Avergae Acc: 86.58
2026-09-12 00:54:54,564 [trainer.py] => (curve) top1 Acc task: [100.0]
2026-09-12 00:54:54,564 [trainer.py] => Avergae Acc: 100.00
2026-09-12 00:54:54,564 [trainer.py] => ================================================================================
2026-09-12 00:54:54,564 [trainer.py] => ================================================================================
2026-09-12 00:54:54,565 [base.py] => Task 1 learning on class 20-40
2026-09-12 00:54:54,577 [toolkit.py] => Total params:     106,436,144
2026-09-12 00:54:54,577 [toolkit.py] => Trainable params: 384,041
2026-09-12 00:54:54,577 [toolkit.py] => Trainable ratio:  0.3608%
2026-09-12 00:57:18,277 [sdlora.py] => Task 1, Epoch 10/10 => Loss 0.220, Train_accy 92.50
2026-09-12 00:57:18,278 [trainer.py] => Training time: 0h 2m 23s
2026-09-12 00:57:23,514 [trainer.py] => Evaluation time: 0h 0m 5s
2026-09-12 00:57:23,514 [trainer.py] => Accuracy: {'total': 80.85, '00-19': 80.51, '20-39': 81.27, 'old': 80.51, 'new': 81.27}
2026-09-12 00:57:23,515 [trainer.py] => (curve) top1 Acc: [86.58, 80.85]
2026-09-12 00:57:23,515 [trainer.py] => Avergae Acc: 83.72
2026-09-12 00:57:23,515 [trainer.py] => (curve) top1 Acc with task: [86.58, 87.94]
2026-09-12 00:57:23,515 [trainer.py] => Avergae Acc: 87.26
2026-09-12 00:57:23,515 [trainer.py] => (curve) top1 Acc task: [100.0, 88.65]
2026-09-12 00:57:23,515 [trainer.py] => Avergae Acc: 94.33
2026-09-12 00:57:23,515 [trainer.py] => ================================================================================
2026-09-12 00:57:23,515 [trainer.py] => ================================================================================
2026-09-12 00:57:23,516 [base.py] => Task 2 learning on class 40-60
2026-09-12 00:57:23,530 [toolkit.py] => Total params:     106,436,144
2026-09-12 00:57:23,530 [toolkit.py] => Trainable params: 384,041
2026-09-12 00:57:23,530 [toolkit.py] => Trainable ratio:  0.3608%
2026-09-12 00:59:55,929 [sdlora.py] => Task 2, Epoch 10/10 => Loss 0.272, Train_accy 91.70
2026-09-12 00:59:55,930 [trainer.py] => Training time: 0h 2m 32s
2026-09-12 01:00:03,955 [trainer.py] => Evaluation time: 0h 0m 8s
2026-09-12 01:00:03,955 [trainer.py] => Accuracy: {'total': 75.71, '00-19': 77.96, '20-39': 78.88, '40-59': 69.72, 'old': 78.37, 'new': 69.72}
2026-09-12 01:00:03,955 [trainer.py] => (curve) top1 Acc: [86.58, 80.85, 75.71]
2026-09-12 01:00:03,955 [trainer.py] => Avergae Acc: 81.05
2026-09-12 01:00:03,955 [trainer.py] => (curve) top1 Acc with task: [86.58, 87.94, 84.91]
2026-09-12 01:00:03,955 [trainer.py] => Avergae Acc: 86.48
2026-09-12 01:00:03,956 [trainer.py] => (curve) top1 Acc task: [100.0, 88.65, 84.29]
2026-09-12 01:00:03,956 [trainer.py] => Avergae Acc: 90.98
2026-09-12 01:00:03,956 [trainer.py] => ================================================================================
2026-09-12 01:00:03,956 [trainer.py] => ================================================================================
2026-09-12 01:00:03,957 [base.py] => Task 3 learning on class 60-80
2026-09-12 01:00:03,976 [toolkit.py] => Total params:     106,436,144
2026-09-12 01:00:03,976 [toolkit.py] => Trainable params: 384,041
2026-09-12 01:00:03,976 [toolkit.py] => Trainable ratio:  0.3608%
2026-09-12 01:01:49,128 [sdlora.py] => Task 3, Epoch 10/10 => Loss 0.239, Train_accy 92.30
2026-09-12 01:01:49,129 [trainer.py] => Training time: 0h 1m 45s
2026-09-12 01:01:57,293 [trainer.py] => Evaluation time: 0h 0m 8s
2026-09-12 01:01:57,293 [trainer.py] => Accuracy: {'total': 73.19, '00-19': 73.8, '20-39': 75.7, '40-59': 68.13, '60-79': 76.16, 'old': 72.64, 'new': 76.16}
2026-09-12 01:01:57,293 [trainer.py] => (curve) top1 Acc: [86.58, 80.85, 75.71, 73.19]
2026-09-12 01:01:57,293 [trainer.py] => Avergae Acc: 79.08
2026-09-12 01:01:57,294 [trainer.py] => (curve) top1 Acc with task: [86.58, 87.94, 84.91, 85.51]
2026-09-12 01:01:57,294 [trainer.py] => Avergae Acc: 86.23
2026-09-12 01:01:57,294 [trainer.py] => (curve) top1 Acc task: [100.0, 88.65, 84.29, 80.54]
2026-09-12 01:01:57,294 [trainer.py] => Avergae Acc: 88.37
2026-09-12 01:01:57,294 [trainer.py] => ================================================================================
2026-09-12 01:01:57,294 [trainer.py] => ================================================================================
2026-09-12 01:01:57,294 [base.py] => Task 4 learning on class 80-100
2026-09-12 01:01:57,309 [toolkit.py] => Total params:     106,436,144
2026-09-12 01:01:57,309 [toolkit.py] => Trainable params: 384,041
2026-09-12 01:01:57,309 [toolkit.py] => Trainable ratio:  0.3608%
2026-09-12 01:03:15,139 [sdlora.py] => Task 4, Epoch 10/10 => Loss 0.171, Train_accy 96.01
2026-09-12 01:03:15,140 [trainer.py] => Training time: 0h 1m 17s
2026-09-12 01:03:26,017 [trainer.py] => Evaluation time: 0h 0m 10s
2026-09-12 01:03:26,017 [trainer.py] => Accuracy: {'total': 68.91, '00-19': 72.2, '20-39': 74.9, '40-59': 67.33, '60-79': 74.83, '80-99': 39.22, 'old': 72.05, 'new': 39.22}
2026-09-12 01:03:26,017 [trainer.py] => (curve) top1 Acc: [86.58, 80.85, 75.71, 73.19, 68.91]
2026-09-12 01:03:26,018 [trainer.py] => Avergae Acc: 77.05
2026-09-12 01:03:26,018 [trainer.py] => (curve) top1 Acc with task: [86.58, 87.94, 84.91, 85.51, 82.49]
2026-09-12 01:03:26,018 [trainer.py] => Avergae Acc: 85.49
2026-09-12 01:03:26,018 [trainer.py] => (curve) top1 Acc task: [100.0, 88.65, 84.29, 80.54, 76.69]
2026-09-12 01:03:26,018 [trainer.py] => Avergae Acc: 86.03
2026-09-12 01:03:26,018 [trainer.py] => ================================================================================
2026-09-12 01:03:26,018 [trainer.py] => ================================================================================
2026-09-12 01:03:26,018 [base.py] => Task 5 learning on class 100-120
2026-09-12 01:03:26,032 [toolkit.py] => Total params:     106,436,144
2026-09-12 01:03:26,032 [toolkit.py] => Trainable params: 384,041
2026-09-12 01:03:26,032 [toolkit.py] => Trainable ratio:  0.3608%
2026-09-12 01:04:16,700 [sdlora.py] => Task 5, Epoch 10/10 => Loss 0.293, Train_accy 95.06
2026-09-12 01:04:16,701 [trainer.py] => Training time: 0h 0m 50s
2026-09-12 01:04:28,707 [trainer.py] => Evaluation time: 0h 0m 12s
2026-09-12 01:04:28,708 [trainer.py] => Accuracy: {'total': 65.58, '00-19': 72.52, '20-39': 74.1, '40-59': 67.33, '60-79': 74.17, '80-99': 38.24, '100-119': 17.65, 'old': 68.63, 'new': 17.65}
2026-09-12 01:04:28,708 [trainer.py] => (curve) top1 Acc: [86.58, 80.85, 75.71, 73.19, 68.91, 65.58]
2026-09-12 01:04:28,708 [trainer.py] => Avergae Acc: 75.14
2026-09-12 01:04:28,708 [trainer.py] => (curve) top1 Acc with task: [86.58, 87.94, 84.91, 85.51, 82.49, 80.02]
2026-09-12 01:04:28,708 [trainer.py] => Avergae Acc: 84.57
2026-09-12 01:04:28,708 [trainer.py] => (curve) top1 Acc task: [100.0, 88.65, 84.29, 80.54, 76.69, 73.42]
2026-09-12 01:04:28,708 [trainer.py] => Avergae Acc: 83.93
2026-09-12 01:04:28,708 [trainer.py] => ================================================================================
2026-09-12 01:04:28,708 [trainer.py] => ================================================================================
2026-09-12 01:04:28,709 [base.py] => Task 6 learning on class 120-140
2026-09-12 01:04:28,722 [toolkit.py] => Total params:     106,436,144
2026-09-12 01:04:28,722 [toolkit.py] => Trainable params: 384,041
2026-09-12 01:04:28,722 [toolkit.py] => Trainable ratio:  0.3608%
2026-09-12 01:05:38,720 [sdlora.py] => Task 6, Epoch 10/10 => Loss 0.152, Train_accy 95.16
2026-09-12 01:05:38,721 [trainer.py] => Training time: 0h 1m 10s
2026-09-12 01:05:53,355 [trainer.py] => Evaluation time: 0h 0m 14s
2026-09-12 01:05:53,355 [trainer.py] => Accuracy: {'total': 62.86, '00-19': 70.93, '20-39': 74.1, '40-59': 66.14, '60-79': 73.51, '80-99': 38.24, '100-119': 14.71, '120-139': 40.45, 'old': 64.61, 'new': 40.45}
2026-09-12 01:05:53,355 [trainer.py] => (curve) top1 Acc: [86.58, 80.85, 75.71, 73.19, 68.91, 65.58, 62.86]
2026-09-12 01:05:53,356 [trainer.py] => Avergae Acc: 73.38
2026-09-12 01:05:53,356 [trainer.py] => (curve) top1 Acc with task: [86.58, 87.94, 84.91, 85.51, 82.49, 80.02, 78.45]
2026-09-12 01:05:53,356 [trainer.py] => Avergae Acc: 83.70
2026-09-12 01:05:53,356 [trainer.py] => (curve) top1 Acc task: [100.0, 88.65, 84.29, 80.54, 76.69, 73.42, 70.61]
2026-09-12 01:05:53,356 [trainer.py] => Avergae Acc: 82.03
2026-09-12 01:05:53,356 [trainer.py] => ================================================================================
2026-09-12 01:05:53,356 [trainer.py] => ================================================================================
2026-09-12 01:05:53,357 [base.py] => Task 7 learning on class 140-160
2026-09-12 01:05:53,371 [toolkit.py] => Total params:     106,436,144
2026-09-12 01:05:53,371 [toolkit.py] => Trainable params: 384,041
2026-09-12 01:05:53,371 [toolkit.py] => Trainable ratio:  0.3608%
2026-09-12 01:07:04,157 [sdlora.py] => Task 7, Epoch 10/10 => Loss 0.110, Train_accy 96.57
2026-09-12 01:07:04,159 [trainer.py] => Training time: 0h 1m 10s
2026-09-12 01:07:15,135 [trainer.py] => Evaluation time: 0h 0m 10s
2026-09-12 01:07:15,136 [trainer.py] => Accuracy: {'total': 60.95, '00-19': 69.97, '20-39': 74.5, '40-59': 63.75, '60-79': 73.51, '80-99': 36.27, '100-119': 14.71, '120-139': 43.82, '140-159': 40.74, 'old': 62.29, 'new': 40.74}
2026-09-12 01:07:15,136 [trainer.py] => (curve) top1 Acc: [86.58, 80.85, 75.71, 73.19, 68.91, 65.58, 62.86, 60.95]
2026-09-12 01:07:15,136 [trainer.py] => Avergae Acc: 71.83
2026-09-12 01:07:15,136 [trainer.py] => (curve) top1 Acc with task: [86.58, 87.94, 84.91, 85.51, 82.49, 80.02, 78.45, 77.34]
2026-09-12 01:07:15,136 [trainer.py] => Avergae Acc: 82.91
2026-09-12 01:07:15,136 [trainer.py] => (curve) top1 Acc task: [100.0, 88.65, 84.29, 80.54, 76.69, 73.42, 70.61, 68.68]
2026-09-12 01:07:15,136 [trainer.py] => Avergae Acc: 80.36
2026-09-12 01:07:15,136 [trainer.py] => ================================================================================
2026-09-12 01:07:15,136 [trainer.py] => ================================================================================
2026-09-12 01:07:15,137 [base.py] => Task 8 learning on class 160-180
2026-09-12 01:07:15,151 [toolkit.py] => Total params:     106,436,144
2026-09-12 01:07:15,151 [toolkit.py] => Trainable params: 384,041
2026-09-12 01:07:15,151 [toolkit.py] => Trainable ratio:  0.3608%
2026-09-12 01:08:40,997 [sdlora.py] => Task 8, Epoch 10/10 => Loss 0.169, Train_accy 94.37
2026-09-12 01:08:40,999 [trainer.py] => Training time: 0h 1m 25s
2026-09-12 01:08:58,486 [trainer.py] => Evaluation time: 0h 0m 17s
2026-09-12 01:08:58,486 [trainer.py] => Accuracy: {'total': 58.3, '00-19': 69.01, '20-39': 72.91, '40-59': 64.14, '60-79': 72.85, '80-99': 38.24, '100-119': 17.65, '120-139': 41.57, '140-159': 40.74, '160-179': 27.84, 'old': 60.57, 'new': 27.84}
2026-09-12 01:08:58,486 [trainer.py] => (curve) top1 Acc: [86.58, 80.85, 75.71, 73.19, 68.91, 65.58, 62.86, 60.95, 58.3]
2026-09-12 01:08:58,486 [trainer.py] => Avergae Acc: 70.33
2026-09-12 01:08:58,486 [trainer.py] => (curve) top1 Acc with task: [86.58, 87.94, 84.91, 85.51, 82.49, 80.02, 78.45, 77.34, 76.55]
2026-09-12 01:08:58,486 [trainer.py] => Avergae Acc: 82.20
2026-09-12 01:08:58,486 [trainer.py] => (curve) top1 Acc task: [100.0, 88.65, 84.29, 80.54, 76.69, 73.42, 70.61, 68.68, 65.07]
2026-09-12 01:08:58,486 [trainer.py] => Avergae Acc: 78.66
2026-09-12 01:08:58,486 [trainer.py] => ================================================================================
2026-09-12 01:08:58,486 [trainer.py] => ================================================================================
2026-09-12 01:08:58,487 [base.py] => Task 9 learning on class 180-200
2026-09-12 01:08:58,502 [toolkit.py] => Total params:     106,436,144
2026-09-12 01:08:58,502 [toolkit.py] => Trainable params: 384,041
2026-09-12 01:08:58,502 [toolkit.py] => Trainable ratio:  0.3608%
2026-09-12 01:10:14,000 [sdlora.py] => Task 9, Epoch 10/10 => Loss 0.131, Train_accy 96.10
2026-09-12 01:10:14,002 [trainer.py] => Training time: 0h 1m 15s
2026-09-12 01:10:23,180 [trainer.py] => Evaluation time: 0h 0m 9s
2026-09-12 01:10:23,180 [trainer.py] => Accuracy: {'total': 56.93, '00-19': 69.01, '20-39': 72.51, '40-59': 64.14, '60-79': 73.51, '80-99': 36.27, '100-119': 16.18, '120-139': 40.45, '140-159': 39.51, '160-179': 25.77, '180-199': 44.33, 'old': 57.8, 'new': 44.33}
2026-09-12 01:10:23,180 [trainer.py] => (curve) top1 Acc: [86.58, 80.85, 75.71, 73.19, 68.91, 65.58, 62.86, 60.95, 58.3, 56.93]
2026-09-12 01:10:23,180 [trainer.py] => Avergae Acc: 68.99
2026-09-12 01:10:23,180 [trainer.py] => (curve) top1 Acc with task: [86.58, 87.94, 84.91, 85.51, 82.49, 80.02, 78.45, 77.34, 76.55, 76.0]
2026-09-12 01:10:23,180 [trainer.py] => Avergae Acc: 81.58
2026-09-12 01:10:23,180 [trainer.py] => (curve) top1 Acc task: [100.0, 88.65, 84.29, 80.54, 76.69, 73.42, 70.61, 68.68, 65.07, 63.4]
2026-09-12 01:10:23,181 [trainer.py] => Avergae Acc: 77.14
2026-09-12 01:10:23,181 [trainer.py] => ================================================================================
