2026-09-12 01:10:26,705 [toolkit.py] => config: configs/sdlora/imagenet-a_seed=2026.json
2026-09-12 01:10:26,705 [toolkit.py] => device: [device(type='cuda', index=1)]
2026-09-12 01:10:26,705 [toolkit.py] => debug: False
2026-09-12 01:10:26,705 [toolkit.py] => save_ckp: False
2026-09-12 01:10:26,705 [toolkit.py] => moe_list: None
2026-09-12 01:10:26,705 [toolkit.py] => seed: 2026
2026-09-12 01:10:26,705 [toolkit.py] => dataset: imagenet-a
2026-09-12 01:10:26,705 [toolkit.py] => data_path: data/imagenet-a
2026-09-12 01:10:26,705 [toolkit.py] => load: vit_base_patch16_224_in21k
2026-09-12 01:10:26,705 [toolkit.py] => init_cls: 20
2026-09-12 01:10:26,705 [toolkit.py] => increment: 20
2026-09-12 01:10:26,705 [toolkit.py] => sessions: 10
2026-09-12 01:10:26,705 [toolkit.py] => shuffle: False
2026-09-12 01:10:26,705 [toolkit.py] => method: sdlora
2026-09-12 01:10:26,706 [toolkit.py] => optimizer: adam
2026-09-12 01:10:26,706 [toolkit.py] => scheduler: cosine
2026-09-12 01:10:26,706 [toolkit.py] => epochs: 10
2026-09-12 01:10:26,706 [toolkit.py] => lrate: 0.0005
2026-09-12 01:10:26,706 [toolkit.py] => fc_lrate: 0.005
2026-09-12 01:10:26,706 [toolkit.py] => weight_decay: 0.0
2026-09-12 01:10:26,706 [toolkit.py] => batch_size: 128
2026-09-12 01:10:26,706 [toolkit.py] => rank: 10
2026-09-12 01:10:26,706 [toolkit.py] => num_workers: 16
2026-09-12 01:10:26,706 [toolkit.py] => lrate_head: 0
2026-09-12 01:10:26,706 [toolkit.py] => logdir: logs/sdlora/imagenet-a/t10
2026-09-12 01:10:26,706 [toolkit.py] => logfilename: logs/sdlora/imagenet-a/t10/seed2026
2026-09-12 01:10:26,734 [data_manager.py] => Class index order: 0, 1, 2, 3, 4, ..., 195, 196, 197, 198, 199
2026-09-12 01:10:28,981 [trainer.py] => ================================================================================
2026-09-12 01:10:28,981 [trainer.py] => Dataset Information
2026-09-12 01:10:28,981 [trainer.py] => ================================================================================
2026-09-12 01:10:28,981 [trainer.py] =>   Dataset name     : imagenet-a
2026-09-12 01:10:28,981 [trainer.py] =>   Data path        : data/imagenet-a
2026-09-12 01:10:28,981 [trainer.py] =>   Total classes    : 200
2026-09-12 01:10:28,981 [trainer.py] =>   Total tasks      : 10
2026-09-12 01:10:28,981 [trainer.py] =>   Task increments  : [20, 20, 20, 20, 20, 20, 20, 20, 20, 20]
2026-09-12 01:10:28,981 [trainer.py] =>   Init classes     : 20
2026-09-12 01:10:28,981 [trainer.py] =>   Increment per task: 20
2026-09-12 01:10:28,981 [trainer.py] =>   Shuffle          : False
2026-09-12 01:10:28,981 [trainer.py] =>   Seed             : 2026
2026-09-12 01:10:28,981 [trainer.py] => --------------------------------------------------------------------------------
2026-09-12 01:10:28,981 [trainer.py] => Task split:
2026-09-12 01:10:28,982 [trainer.py] =>   Task 0: classes 0-19 (20 classes) | Train: 1253 images (5 batches), Test: 313 images (2 batches)
2026-09-12 01:10:28,983 [trainer.py] =>   Task 1: classes 20-39 (20 classes) | Train: 1000 images (4 batches), Test: 251 images (1 batches)
2026-09-12 01:10:28,984 [trainer.py] =>   Task 2: classes 40-59 (20 classes) | Train: 1000 images (4 batches), Test: 251 images (1 batches)
2026-09-12 01:10:28,984 [trainer.py] =>   Task 3: classes 60-79 (20 classes) | Train: 610 images (3 batches), Test: 151 images (1 batches)
2026-09-12 01:10:28,985 [trainer.py] =>   Task 4: classes 80-99 (20 classes) | Train: 426 images (2 batches), Test: 102 images (1 batches)
2026-09-12 01:10:28,985 [trainer.py] =>   Task 5: classes 100-119 (20 classes) | Train: 263 images (2 batches), Test: 68 images (1 batches)
2026-09-12 01:10:28,986 [trainer.py] =>   Task 6: classes 120-139 (20 classes) | Train: 351 images (2 batches), Test: 89 images (1 batches)
2026-09-12 01:10:28,986 [trainer.py] =>   Task 7: classes 140-159 (20 classes) | Train: 321 images (2 batches), Test: 81 images (1 batches)
2026-09-12 01:10:28,987 [trainer.py] =>   Task 8: classes 160-179 (20 classes) | Train: 391 images (2 batches), Test: 97 images (1 batches)
2026-09-12 01:10:28,987 [trainer.py] =>   Task 9: classes 180-199 (20 classes) | Train: 385 images (2 batches), Test: 97 images (1 batches)
2026-09-12 01:10:28,987 [trainer.py] => ================================================================================
2026-09-12 01:10:28,987 [trainer.py] => ================================================================================
2026-09-12 01:10:28,988 [base.py] => Task 0 learning on class 0-20
2026-09-12 01:10:29,456 [toolkit.py] => Total params:     106,436,144
2026-09-12 01:10:29,456 [toolkit.py] => Trainable params: 384,041
2026-09-12 01:10:29,456 [toolkit.py] => Trainable ratio:  0.3608%
2026-09-12 01:12:09,968 [sdlora.py] => Task 0, Epoch 10/10 => Loss 0.275, Train_accy 91.22
2026-09-12 01:12:09,969 [trainer.py] => Training time: 0h 1m 40s
2026-09-12 01:12:12,152 [trainer.py] => Evaluation time: 0h 0m 2s
2026-09-12 01:12:12,152 [trainer.py] => Accuracy: {'total': 87.86, '00-19': 87.86, 'old': 0, 'new': 87.86}
2026-09-12 01:12:12,152 [trainer.py] => (curve) top1 Acc: [87.86]
2026-09-12 01:12:12,152 [trainer.py] => Avergae Acc: 87.86
2026-09-12 01:12:12,152 [trainer.py] => (curve) top1 Acc with task: [87.86]
2026-09-12 01:12:12,152 [trainer.py] => Avergae Acc: 87.86
2026-09-12 01:12:12,152 [trainer.py] => (curve) top1 Acc task: [100.0]
2026-09-12 01:12:12,152 [trainer.py] => Avergae Acc: 100.00
2026-09-12 01:12:12,152 [trainer.py] => ================================================================================
2026-09-12 01:12:12,152 [trainer.py] => ================================================================================
2026-09-12 01:12:12,153 [base.py] => Task 1 learning on class 20-40
2026-09-12 01:12:12,165 [toolkit.py] => Total params:     106,436,144
2026-09-12 01:12:12,165 [toolkit.py] => Trainable params: 384,041
2026-09-12 01:12:12,165 [toolkit.py] => Trainable ratio:  0.3608%
2026-09-12 01:13:39,274 [sdlora.py] => Task 1, Epoch 10/10 => Loss 0.228, Train_accy 92.70
2026-09-12 01:13:39,275 [trainer.py] => Training time: 0h 1m 27s
2026-09-12 01:13:42,390 [trainer.py] => Evaluation time: 0h 0m 3s
2026-09-12 01:13:42,390 [trainer.py] => Accuracy: {'total': 79.26, '00-19': 78.59, '20-39': 80.08, 'old': 78.59, 'new': 80.08}
2026-09-12 01:13:42,390 [trainer.py] => (curve) top1 Acc: [87.86, 79.26]
2026-09-12 01:13:42,390 [trainer.py] => Avergae Acc: 83.56
2026-09-12 01:13:42,390 [trainer.py] => (curve) top1 Acc with task: [87.86, 86.17]
2026-09-12 01:13:42,390 [trainer.py] => Avergae Acc: 87.02
2026-09-12 01:13:42,390 [trainer.py] => (curve) top1 Acc task: [100.0, 88.3]
2026-09-12 01:13:42,390 [trainer.py] => Avergae Acc: 94.15
2026-09-12 01:13:42,391 [trainer.py] => ================================================================================
2026-09-12 01:13:42,391 [trainer.py] => ================================================================================
2026-09-12 01:13:42,392 [base.py] => Task 2 learning on class 40-60
2026-09-12 01:13:42,404 [toolkit.py] => Total params:     106,436,144
2026-09-12 01:13:42,404 [toolkit.py] => Trainable params: 384,041
2026-09-12 01:13:42,404 [toolkit.py] => Trainable ratio:  0.3608%
2026-09-12 01:15:15,350 [sdlora.py] => Task 2, Epoch 10/10 => Loss 0.291, Train_accy 90.70
2026-09-12 01:15:15,351 [trainer.py] => Training time: 0h 1m 32s
2026-09-12 01:15:19,430 [trainer.py] => Evaluation time: 0h 0m 4s
2026-09-12 01:15:19,430 [trainer.py] => Accuracy: {'total': 74.36, '00-19': 76.04, '20-39': 79.68, '40-59': 66.93, 'old': 77.66, 'new': 66.93}
2026-09-12 01:15:19,430 [trainer.py] => (curve) top1 Acc: [87.86, 79.26, 74.36]
2026-09-12 01:15:19,430 [trainer.py] => Avergae Acc: 80.49
2026-09-12 01:15:19,430 [trainer.py] => (curve) top1 Acc with task: [87.86, 86.17, 84.05]
2026-09-12 01:15:19,430 [trainer.py] => Avergae Acc: 86.03
2026-09-12 01:15:19,430 [trainer.py] => (curve) top1 Acc task: [100.0, 88.3, 82.58]
2026-09-12 01:15:19,430 [trainer.py] => Avergae Acc: 90.29
2026-09-12 01:15:19,431 [trainer.py] => ================================================================================
2026-09-12 01:15:19,431 [trainer.py] => ================================================================================
2026-09-12 01:15:19,431 [base.py] => Task 3 learning on class 60-80
2026-09-12 01:15:19,444 [toolkit.py] => Total params:     106,436,144
2026-09-12 01:15:19,444 [toolkit.py] => Trainable params: 384,041
2026-09-12 01:15:19,444 [toolkit.py] => Trainable ratio:  0.3608%
2026-09-12 01:16:23,307 [sdlora.py] => Task 3, Epoch 10/10 => Loss 0.199, Train_accy 92.95
2026-09-12 01:16:23,308 [trainer.py] => Training time: 0h 1m 3s
2026-09-12 01:16:28,149 [trainer.py] => Evaluation time: 0h 0m 4s
2026-09-12 01:16:28,149 [trainer.py] => Accuracy: {'total': 71.43, '00-19': 73.16, '20-39': 74.5, '40-59': 65.34, '60-79': 72.85, 'old': 71.17, 'new': 72.85}
2026-09-12 01:16:28,149 [trainer.py] => (curve) top1 Acc: [87.86, 79.26, 74.36, 71.43]
2026-09-12 01:16:28,149 [trainer.py] => Avergae Acc: 78.23
2026-09-12 01:16:28,149 [trainer.py] => (curve) top1 Acc with task: [87.86, 86.17, 84.05, 84.58]
2026-09-12 01:16:28,149 [trainer.py] => Avergae Acc: 85.66
2026-09-12 01:16:28,150 [trainer.py] => (curve) top1 Acc task: [100.0, 88.3, 82.58, 78.57]
2026-09-12 01:16:28,150 [trainer.py] => Avergae Acc: 87.36
2026-09-12 01:16:28,150 [trainer.py] => ================================================================================
2026-09-12 01:16:28,150 [trainer.py] => ================================================================================
2026-09-12 01:16:28,150 [base.py] => Task 4 learning on class 80-100
2026-09-12 01:16:28,163 [toolkit.py] => Total params:     106,436,144
2026-09-12 01:16:28,163 [toolkit.py] => Trainable params: 384,041
2026-09-12 01:16:28,163 [toolkit.py] => Trainable ratio:  0.3608%
2026-09-12 01:17:17,767 [sdlora.py] => Task 4, Epoch 10/10 => Loss 0.195, Train_accy 94.13
2026-09-12 01:17:17,768 [trainer.py] => Training time: 0h 0m 49s
2026-09-12 01:17:23,230 [trainer.py] => Evaluation time: 0h 0m 5s
2026-09-12 01:17:23,231 [trainer.py] => Accuracy: {'total': 68.16, '00-19': 73.48, '20-39': 74.1, '40-59': 64.94, '60-79': 73.51, '80-99': 37.25, 'old': 71.43, 'new': 37.25}
2026-09-12 01:17:23,231 [trainer.py] => (curve) top1 Acc: [87.86, 79.26, 74.36, 71.43, 68.16]
2026-09-12 01:17:23,231 [trainer.py] => Avergae Acc: 76.21
2026-09-12 01:17:23,231 [trainer.py] => (curve) top1 Acc with task: [87.86, 86.17, 84.05, 84.58, 82.12]
2026-09-12 01:17:23,231 [trainer.py] => Avergae Acc: 84.96
2026-09-12 01:17:23,231 [trainer.py] => (curve) top1 Acc task: [100.0, 88.3, 82.58, 78.57, 75.09]
2026-09-12 01:17:23,231 [trainer.py] => Avergae Acc: 84.91
2026-09-12 01:17:23,231 [trainer.py] => ================================================================================
2026-09-12 01:17:23,231 [trainer.py] => ================================================================================
2026-09-12 01:17:23,232 [base.py] => Task 5 learning on class 100-120
2026-09-12 01:17:23,245 [toolkit.py] => Total params:     106,436,144
2026-09-12 01:17:23,245 [toolkit.py] => Trainable params: 384,041
2026-09-12 01:17:23,245 [toolkit.py] => Trainable ratio:  0.3608%
2026-09-12 01:17:59,155 [sdlora.py] => Task 5, Epoch 10/10 => Loss 0.474, Train_accy 93.54
2026-09-12 01:17:59,156 [trainer.py] => Training time: 0h 0m 35s
2026-09-12 01:18:05,120 [trainer.py] => Evaluation time: 0h 0m 5s
2026-09-12 01:18:05,120 [trainer.py] => Accuracy: {'total': 64.79, '00-19': 73.16, '20-39': 74.5, '40-59': 63.35, '60-79': 74.17, '80-99': 34.31, '100-119': 20.59, 'old': 67.6, 'new': 20.59}
2026-09-12 01:18:05,120 [trainer.py] => (curve) top1 Acc: [87.86, 79.26, 74.36, 71.43, 68.16, 64.79]
2026-09-12 01:18:05,120 [trainer.py] => Avergae Acc: 74.31
2026-09-12 01:18:05,120 [trainer.py] => (curve) top1 Acc with task: [87.86, 86.17, 84.05, 84.58, 82.12, 80.02]
2026-09-12 01:18:05,120 [trainer.py] => Avergae Acc: 84.13
2026-09-12 01:18:05,120 [trainer.py] => (curve) top1 Acc task: [100.0, 88.3, 82.58, 78.57, 75.09, 71.57]
2026-09-12 01:18:05,120 [trainer.py] => Avergae Acc: 82.68
2026-09-12 01:18:05,120 [trainer.py] => ================================================================================
2026-09-12 01:18:05,120 [trainer.py] => ================================================================================
2026-09-12 01:18:05,121 [base.py] => Task 6 learning on class 120-140
2026-09-12 01:18:05,134 [toolkit.py] => Total params:     106,436,144
2026-09-12 01:18:05,135 [toolkit.py] => Trainable params: 384,041
2026-09-12 01:18:05,135 [toolkit.py] => Trainable ratio:  0.3608%
2026-09-12 01:18:51,296 [sdlora.py] => Task 6, Epoch 10/10 => Loss 0.158, Train_accy 96.58
2026-09-12 01:18:51,297 [trainer.py] => Training time: 0h 0m 46s
2026-09-12 01:18:57,963 [trainer.py] => Evaluation time: 0h 0m 6s
2026-09-12 01:18:57,963 [trainer.py] => Accuracy: {'total': 62.37, '00-19': 73.16, '20-39': 72.91, '40-59': 62.55, '60-79': 74.17, '80-99': 33.33, '100-119': 25.0, '120-139': 35.96, 'old': 64.44, 'new': 35.96}
2026-09-12 01:18:57,963 [trainer.py] => (curve) top1 Acc: [87.86, 79.26, 74.36, 71.43, 68.16, 64.79, 62.37]
2026-09-12 01:18:57,963 [trainer.py] => Avergae Acc: 72.60
2026-09-12 01:18:57,963 [trainer.py] => (curve) top1 Acc with task: [87.86, 86.17, 84.05, 84.58, 82.12, 80.02, 78.61]
2026-09-12 01:18:57,963 [trainer.py] => Avergae Acc: 83.34
2026-09-12 01:18:57,963 [trainer.py] => (curve) top1 Acc task: [100.0, 88.3, 82.58, 78.57, 75.09, 71.57, 68.82]
2026-09-12 01:18:57,963 [trainer.py] => Avergae Acc: 80.70
2026-09-12 01:18:57,963 [trainer.py] => ================================================================================
2026-09-12 01:18:57,963 [trainer.py] => ================================================================================
2026-09-12 01:18:57,964 [base.py] => Task 7 learning on class 140-160
2026-09-12 01:18:57,978 [toolkit.py] => Total params:     106,436,144
2026-09-12 01:18:57,978 [toolkit.py] => Trainable params: 384,041
2026-09-12 01:18:57,978 [toolkit.py] => Trainable ratio:  0.3608%
2026-09-12 01:19:43,006 [sdlora.py] => Task 7, Epoch 10/10 => Loss 0.126, Train_accy 96.26
2026-09-12 01:19:43,008 [trainer.py] => Training time: 0h 0m 45s
2026-09-12 01:19:50,371 [trainer.py] => Evaluation time: 0h 0m 7s
2026-09-12 01:19:50,371 [trainer.py] => Accuracy: {'total': 61.49, '00-19': 73.48, '20-39': 73.71, '40-59': 62.15, '60-79': 76.16, '80-99': 34.31, '100-119': 23.53, '120-139': 37.08, '140-159': 40.74, 'old': 62.86, 'new': 40.74}
2026-09-12 01:19:50,371 [trainer.py] => (curve) top1 Acc: [87.86, 79.26, 74.36, 71.43, 68.16, 64.79, 62.37, 61.49]
2026-09-12 01:19:50,371 [trainer.py] => Avergae Acc: 71.22
2026-09-12 01:19:50,371 [trainer.py] => (curve) top1 Acc with task: [87.86, 86.17, 84.05, 84.58, 82.12, 80.02, 78.61, 78.56]
2026-09-12 01:19:50,371 [trainer.py] => Avergae Acc: 82.75
2026-09-12 01:19:50,371 [trainer.py] => (curve) top1 Acc task: [100.0, 88.3, 82.58, 78.57, 75.09, 71.57, 68.82, 67.3]
2026-09-12 01:19:50,372 [trainer.py] => Avergae Acc: 79.03
2026-09-12 01:19:50,372 [trainer.py] => ================================================================================
2026-09-12 01:19:50,372 [trainer.py] => ================================================================================
2026-09-12 01:19:50,372 [base.py] => Task 8 learning on class 160-180
2026-09-12 01:19:50,386 [toolkit.py] => Total params:     106,436,144
2026-09-12 01:19:50,386 [toolkit.py] => Trainable params: 384,041
2026-09-12 01:19:50,386 [toolkit.py] => Trainable ratio:  0.3608%
2026-09-12 01:20:45,469 [sdlora.py] => Task 8, Epoch 10/10 => Loss 0.254, Train_accy 92.07
2026-09-12 01:20:45,470 [trainer.py] => Training time: 0h 0m 55s
2026-09-12 01:20:53,605 [trainer.py] => Evaluation time: 0h 0m 8s
2026-09-12 01:20:53,605 [trainer.py] => Accuracy: {'total': 59.02, '00-19': 74.44, '20-39': 73.31, '40-59': 61.35, '60-79': 75.5, '80-99': 34.31, '100-119': 19.12, '120-139': 35.96, '140-159': 39.51, '160-179': 31.96, 'old': 61.03, 'new': 31.96}
2026-09-12 01:20:53,605 [trainer.py] => (curve) top1 Acc: [87.86, 79.26, 74.36, 71.43, 68.16, 64.79, 62.37, 61.49, 59.02]
2026-09-12 01:20:53,605 [trainer.py] => Avergae Acc: 69.86
2026-09-12 01:20:53,605 [trainer.py] => (curve) top1 Acc with task: [87.86, 86.17, 84.05, 84.58, 82.12, 80.02, 78.61, 78.56, 77.33]
2026-09-12 01:20:53,605 [trainer.py] => Avergae Acc: 82.14
2026-09-12 01:20:53,605 [trainer.py] => (curve) top1 Acc task: [100.0, 88.3, 82.58, 78.57, 75.09, 71.57, 68.82, 67.3, 64.36]
2026-09-12 01:20:53,605 [trainer.py] => Avergae Acc: 77.40
2026-09-12 01:20:53,605 [trainer.py] => ================================================================================
2026-09-12 01:20:53,605 [trainer.py] => ================================================================================
2026-09-12 01:20:53,606 [base.py] => Task 9 learning on class 180-200
2026-09-12 01:20:53,621 [toolkit.py] => Total params:     106,436,144
2026-09-12 01:20:53,621 [toolkit.py] => Trainable params: 384,041
2026-09-12 01:20:53,621 [toolkit.py] => Trainable ratio:  0.3608%
2026-09-12 01:21:51,045 [sdlora.py] => Task 9, Epoch 10/10 => Loss 0.067, Train_accy 96.88
2026-09-12 01:21:51,046 [trainer.py] => Training time: 0h 0m 57s
2026-09-12 01:22:00,025 [trainer.py] => Evaluation time: 0h 0m 8s
2026-09-12 01:22:00,025 [trainer.py] => Accuracy: {'total': 57.8, '00-19': 72.84, '20-39': 70.92, '40-59': 61.75, '60-79': 76.16, '80-99': 32.35, '100-119': 20.59, '120-139': 35.96, '140-159': 38.27, '160-179': 29.9, '180-199': 53.61, 'old': 58.09, 'new': 53.61}
2026-09-12 01:22:00,025 [trainer.py] => (curve) top1 Acc: [87.86, 79.26, 74.36, 71.43, 68.16, 64.79, 62.37, 61.49, 59.02, 57.8]
2026-09-12 01:22:00,025 [trainer.py] => Avergae Acc: 68.65
2026-09-12 01:22:00,025 [trainer.py] => (curve) top1 Acc with task: [87.86, 86.17, 84.05, 84.58, 82.12, 80.02, 78.61, 78.56, 77.33, 76.27]
2026-09-12 01:22:00,025 [trainer.py] => Avergae Acc: 81.56
2026-09-12 01:22:00,025 [trainer.py] => (curve) top1 Acc task: [100.0, 88.3, 82.58, 78.57, 75.09, 71.57, 68.82, 67.3, 64.36, 63.4]
2026-09-12 01:22:00,025 [trainer.py] => Avergae Acc: 76.00
2026-09-12 01:22:00,025 [trainer.py] => ================================================================================
