2026-05-19 00:13:56,025 [toolkit.py] => config: configs/lorasub_drs/cifar100.json
2026-05-19 00:13:56,025 [toolkit.py] => device: [device(type='cuda', index=0)]
2026-05-19 00:13:56,025 [toolkit.py] => debug: False
2026-05-19 00:13:56,025 [toolkit.py] => save_ckp: False
2026-05-19 00:13:56,025 [toolkit.py] => moe_list: None
2026-05-19 00:13:56,025 [toolkit.py] => prefix: reproduce
2026-05-19 00:13:56,025 [toolkit.py] => dataset: cifar100
2026-05-19 00:13:56,025 [toolkit.py] => data_path: data/cifar100
2026-05-19 00:13:56,025 [toolkit.py] => memory_size: 0
2026-05-19 00:13:56,025 [toolkit.py] => memory_per_class: 0
2026-05-19 00:13:56,025 [toolkit.py] => fixed_memory: True
2026-05-19 00:13:56,025 [toolkit.py] => shuffle: False
2026-05-19 00:13:56,025 [toolkit.py] => seed: 1993
2026-05-19 00:13:56,025 [toolkit.py] => init_cls: 10
2026-05-19 00:13:56,025 [toolkit.py] => increment: 10
2026-05-19 00:13:56,025 [toolkit.py] => total_sessions: 10
2026-05-19 00:13:56,025 [toolkit.py] => sessions: 10
2026-05-19 00:13:56,025 [toolkit.py] => model_name: lorasub_drs
2026-05-19 00:13:56,025 [toolkit.py] => method: lorasub_drs
2026-05-19 00:13:56,025 [toolkit.py] => net_type: sip
2026-05-19 00:13:56,026 [toolkit.py] => embd_dim: 768
2026-05-19 00:13:56,026 [toolkit.py] => num_heads: 12
2026-05-19 00:13:56,026 [toolkit.py] => EPSILON: 1e-08
2026-05-19 00:13:56,026 [toolkit.py] => init_epoch: 20
2026-05-19 00:13:56,026 [toolkit.py] => optim: Adam
2026-05-19 00:13:56,026 [toolkit.py] => optimizer: Adam
2026-05-19 00:13:56,026 [toolkit.py] => scheduler: steplr
2026-05-19 00:13:56,026 [toolkit.py] => lrate_head: 0.01
2026-05-19 00:13:56,026 [toolkit.py] => eval: false
2026-05-19 00:13:56,026 [toolkit.py] => init_lr: 0.0005
2026-05-19 00:13:56,026 [toolkit.py] => init_lr_decay: 0.1
2026-05-19 00:13:56,026 [toolkit.py] => init_weight_decay: 0.0
2026-05-19 00:13:56,026 [toolkit.py] => epochs: 20
2026-05-19 00:13:56,026 [toolkit.py] => fc_lrate: 0.002
2026-05-19 00:13:56,026 [toolkit.py] => lrate: 0.0005
2026-05-19 00:13:56,026 [toolkit.py] => lrate_decay: 0.1
2026-05-19 00:13:56,026 [toolkit.py] => batch_size: 128
2026-05-19 00:13:56,026 [toolkit.py] => weight_decay: 0.0
2026-05-19 00:13:56,026 [toolkit.py] => rank: 10
2026-05-19 00:13:56,026 [toolkit.py] => margin_inter: 1.0
2026-05-19 00:13:56,026 [toolkit.py] => lambada: 0.05
2026-05-19 00:13:56,026 [toolkit.py] => num_workers: 16
2026-05-19 00:13:56,026 [toolkit.py] => logdir: logs/lorasub_drs/cifar100/t10
2026-05-19 00:13:56,026 [toolkit.py] => logfilename: logs/lorasub_drs/cifar100/t10/seed1993
2026-05-19 00:13:57,563 [data_manager.py] => Class index order: 0, 1, 2, 3, 4, ..., 95, 96, 97, 98, 99
2026-05-19 00:14:04,555 [data_manager.py] => Class index order: 0, 1, 2, 3, 4, ..., 95, 96, 97, 98, 99
2026-05-19 00:14:04,783 [trainer.py] => ================================================================================
2026-05-19 00:14:04,791 [lorasub_drs.py] => Task 0 learning on class 0-10
2026-05-19 00:14:06,183 [toolkit.py] => Total params:     111,194,651
2026-05-19 00:14:06,183 [toolkit.py] => Trainable params: 376,330
2026-05-19 00:14:06,183 [toolkit.py] => Trainable ratio:  0.3384%
2026-05-19 00:50:37,867 [lorasub_drs.py] => Task 0, Epoch 20/20 => Loss 0.146, Train_accy 96.80
2026-05-19 00:50:37,869 [trainer.py] => Training time: 0h 36m 33s
2026-05-19 00:50:43,195 [trainer.py] => Evaluation time: 0h 0m 5s
2026-05-19 00:50:43,196 [trainer.py] => Accuracy: {'total': 99.5, '00-09': 99.5, 'old': 0, 'new': 99.5}
2026-05-19 00:50:43,196 [trainer.py] => (curve) top1 Acc: [99.5]
2026-05-19 00:50:43,196 [trainer.py] => Avergae Acc: 99.50
2026-05-19 00:50:43,196 [trainer.py] => (curve) top1 Acc with task: [99.5]
2026-05-19 00:50:43,196 [trainer.py] => Avergae Acc: 99.50
2026-05-19 00:50:43,196 [trainer.py] => (curve) top1 Acc task: [100.0]
2026-05-19 00:50:43,196 [trainer.py] => Avergae Acc: 100.00
2026-05-19 00:50:43,196 [trainer.py] => ================================================================================
2026-05-19 00:50:43,196 [trainer.py] => ================================================================================
2026-05-19 00:50:43,246 [lorasub_drs.py] => Task 1 learning on class 10-20
2026-05-19 00:51:05,072 [toolkit.py] => Total params:     111,194,651
2026-05-19 00:51:05,072 [toolkit.py] => Trainable params: 376,330
2026-05-19 00:51:05,072 [toolkit.py] => Trainable ratio:  0.3384%
2026-05-19 01:30:17,142 [lorasub_drs.py] => Task 1, Epoch 20/20 => Loss 0.213, Train_accy 95.34
2026-05-19 01:30:17,144 [trainer.py] => Training time: 0h 39m 33s
2026-05-19 01:30:26,491 [trainer.py] => Evaluation time: 0h 0m 9s
2026-05-19 01:30:26,491 [trainer.py] => Accuracy: {'total': 96.7, '00-09': 98.6, '10-19': 94.8, 'old': 98.6, 'new': 94.8}
2026-05-19 01:30:26,491 [trainer.py] => (curve) top1 Acc: [99.5, 96.7]
2026-05-19 01:30:26,491 [trainer.py] => Avergae Acc: 98.10
2026-05-19 01:30:26,491 [trainer.py] => (curve) top1 Acc with task: [99.5, 99.05]
2026-05-19 01:30:26,491 [trainer.py] => Avergae Acc: 99.28
2026-05-19 01:30:26,491 [trainer.py] => (curve) top1 Acc task: [100.0, 97.35]
2026-05-19 01:30:26,491 [trainer.py] => Avergae Acc: 98.67
2026-05-19 01:30:26,491 [trainer.py] => ================================================================================
2026-05-19 01:30:26,491 [trainer.py] => ================================================================================
2026-05-19 01:30:26,531 [lorasub_drs.py] => Task 2 learning on class 20-30
2026-05-19 01:30:50,849 [toolkit.py] => Total params:     111,194,651
2026-05-19 01:30:50,850 [toolkit.py] => Trainable params: 376,330
2026-05-19 01:30:50,850 [toolkit.py] => Trainable ratio:  0.3384%
2026-05-19 02:20:58,993 [lorasub_drs.py] => Task 2, Epoch 20/20 => Loss 0.190, Train_accy 95.92
2026-05-19 02:20:58,995 [trainer.py] => Training time: 0h 50m 32s
2026-05-19 02:21:19,047 [trainer.py] => Evaluation time: 0h 0m 20s
2026-05-19 02:21:19,047 [trainer.py] => Accuracy: {'total': 94.93, '00-09': 97.9, '10-19': 93.1, '20-29': 93.8, 'old': 95.5, 'new': 93.8}
2026-05-19 02:21:19,047 [trainer.py] => (curve) top1 Acc: [99.5, 96.7, 94.93]
2026-05-19 02:21:19,047 [trainer.py] => Avergae Acc: 97.04
2026-05-19 02:21:19,047 [trainer.py] => (curve) top1 Acc with task: [99.5, 99.05, 98.63]
2026-05-19 02:21:19,047 [trainer.py] => Avergae Acc: 99.06
2026-05-19 02:21:19,047 [trainer.py] => (curve) top1 Acc task: [100.0, 97.35, 95.63]
2026-05-19 02:21:19,047 [trainer.py] => Avergae Acc: 97.66
2026-05-19 02:21:19,047 [trainer.py] => ================================================================================
2026-05-19 02:21:19,047 [trainer.py] => ================================================================================
2026-05-19 02:21:19,091 [lorasub_drs.py] => Task 3 learning on class 30-40
2026-05-19 02:21:48,182 [toolkit.py] => Total params:     111,194,651
2026-05-19 02:21:48,182 [toolkit.py] => Trainable params: 376,330
2026-05-19 02:21:48,182 [toolkit.py] => Trainable ratio:  0.3384%
2026-05-19 02:54:28,320 [lorasub_drs.py] => Task 3, Epoch 20/20 => Loss 0.181, Train_accy 96.46
2026-05-19 02:54:28,321 [trainer.py] => Training time: 0h 33m 9s
2026-05-19 02:54:42,298 [trainer.py] => Evaluation time: 0h 0m 13s
2026-05-19 02:54:42,298 [trainer.py] => Accuracy: {'total': 93.25, '00-09': 97.4, '10-19': 90.7, '20-29': 93.8, '30-39': 91.1, 'old': 93.97, 'new': 91.1}
2026-05-19 02:54:42,298 [trainer.py] => (curve) top1 Acc: [99.5, 96.7, 94.93, 93.25]
2026-05-19 02:54:42,298 [trainer.py] => Avergae Acc: 96.09
2026-05-19 02:54:42,298 [trainer.py] => (curve) top1 Acc with task: [99.5, 99.05, 98.63, 98.6]
2026-05-19 02:54:42,298 [trainer.py] => Avergae Acc: 98.94
2026-05-19 02:54:42,298 [trainer.py] => (curve) top1 Acc task: [100.0, 97.35, 95.63, 93.85]
2026-05-19 02:54:42,298 [trainer.py] => Avergae Acc: 96.71
2026-05-19 02:54:42,298 [trainer.py] => ================================================================================
2026-05-19 02:54:42,298 [trainer.py] => ================================================================================
2026-05-19 02:54:42,327 [lorasub_drs.py] => Task 4 learning on class 40-50
2026-05-19 02:55:00,655 [toolkit.py] => Total params:     111,194,651
2026-05-19 02:55:00,655 [toolkit.py] => Trainable params: 376,330
2026-05-19 02:55:00,655 [toolkit.py] => Trainable ratio:  0.3384%
2026-05-19 03:26:08,750 [lorasub_drs.py] => Task 4, Epoch 20/20 => Loss 0.190, Train_accy 96.06
2026-05-19 03:26:08,752 [trainer.py] => Training time: 0h 31m 26s
2026-05-19 03:26:26,036 [trainer.py] => Evaluation time: 0h 0m 17s
2026-05-19 03:26:26,036 [trainer.py] => Accuracy: {'total': 92.28, '00-09': 96.8, '10-19': 89.1, '20-29': 92.3, '30-39': 90.0, '40-49': 93.2, 'old': 92.05, 'new': 93.2}
2026-05-19 03:26:26,036 [trainer.py] => (curve) top1 Acc: [99.5, 96.7, 94.93, 93.25, 92.28]
2026-05-19 03:26:26,036 [trainer.py] => Avergae Acc: 95.33
2026-05-19 03:26:26,037 [trainer.py] => (curve) top1 Acc with task: [99.5, 99.05, 98.63, 98.6, 98.64]
2026-05-19 03:26:26,037 [trainer.py] => Avergae Acc: 98.88
2026-05-19 03:26:26,037 [trainer.py] => (curve) top1 Acc task: [100.0, 97.35, 95.63, 93.85, 92.82]
2026-05-19 03:26:26,037 [trainer.py] => Avergae Acc: 95.93
2026-05-19 03:26:26,037 [trainer.py] => ================================================================================
2026-05-19 03:26:26,037 [trainer.py] => ================================================================================
2026-05-19 03:26:26,079 [lorasub_drs.py] => Task 5 learning on class 50-60
2026-05-19 03:26:44,234 [toolkit.py] => Total params:     111,194,651
2026-05-19 03:26:44,234 [toolkit.py] => Trainable params: 376,330
2026-05-19 03:26:44,234 [toolkit.py] => Trainable ratio:  0.3384%
2026-05-19 03:59:04,112 [lorasub_drs.py] => Task 5, Epoch 20/20 => Loss 0.216, Train_accy 95.40
2026-05-19 03:59:04,113 [trainer.py] => Training time: 0h 32m 38s
2026-05-19 03:59:24,748 [trainer.py] => Evaluation time: 0h 0m 20s
2026-05-19 03:59:24,748 [trainer.py] => Accuracy: {'total': 90.18, '00-09': 96.2, '10-19': 88.6, '20-29': 92.0, '30-39': 88.7, '40-49': 92.9, '50-59': 82.7, 'old': 91.68, 'new': 82.7}
2026-05-19 03:59:24,748 [trainer.py] => (curve) top1 Acc: [99.5, 96.7, 94.93, 93.25, 92.28, 90.18]
2026-05-19 03:59:24,748 [trainer.py] => Avergae Acc: 94.47
2026-05-19 03:59:24,748 [trainer.py] => (curve) top1 Acc with task: [99.5, 99.05, 98.63, 98.6, 98.64, 98.52]
2026-05-19 03:59:24,748 [trainer.py] => Avergae Acc: 98.82
2026-05-19 03:59:24,748 [trainer.py] => (curve) top1 Acc task: [100.0, 97.35, 95.63, 93.85, 92.82, 90.58]
2026-05-19 03:59:24,748 [trainer.py] => Avergae Acc: 95.04
2026-05-19 03:59:24,748 [trainer.py] => ================================================================================
2026-05-19 03:59:24,748 [trainer.py] => ================================================================================
2026-05-19 03:59:24,783 [lorasub_drs.py] => Task 6 learning on class 60-70
2026-05-19 03:59:43,023 [toolkit.py] => Total params:     111,194,651
2026-05-19 03:59:43,023 [toolkit.py] => Trainable params: 376,330
2026-05-19 03:59:43,023 [toolkit.py] => Trainable ratio:  0.3384%
2026-05-19 04:33:04,007 [lorasub_drs.py] => Task 6, Epoch 20/20 => Loss 0.212, Train_accy 94.98
2026-05-19 04:33:04,017 [trainer.py] => Training time: 0h 33m 39s
2026-05-19 04:33:27,916 [trainer.py] => Evaluation time: 0h 0m 23s
2026-05-19 04:33:27,916 [trainer.py] => Accuracy: {'total': 89.73, '00-09': 95.8, '10-19': 87.3, '20-29': 91.9, '30-39': 88.4, '40-49': 92.4, '50-59': 82.0, '60-69': 90.3, 'old': 89.63, 'new': 90.3}
2026-05-19 04:33:27,916 [trainer.py] => (curve) top1 Acc: [99.5, 96.7, 94.93, 93.25, 92.28, 90.18, 89.73]
2026-05-19 04:33:27,916 [trainer.py] => Avergae Acc: 93.80
2026-05-19 04:33:27,916 [trainer.py] => (curve) top1 Acc with task: [99.5, 99.05, 98.63, 98.6, 98.64, 98.52, 98.39]
2026-05-19 04:33:27,916 [trainer.py] => Avergae Acc: 98.76
2026-05-19 04:33:27,916 [trainer.py] => (curve) top1 Acc task: [100.0, 97.35, 95.63, 93.85, 92.82, 90.58, 90.17]
2026-05-19 04:33:27,916 [trainer.py] => Avergae Acc: 94.34
2026-05-19 04:33:27,916 [trainer.py] => ================================================================================
2026-05-19 04:33:27,917 [trainer.py] => ================================================================================
2026-05-19 04:33:27,976 [lorasub_drs.py] => Task 7 learning on class 70-80
2026-05-19 04:33:46,280 [toolkit.py] => Total params:     111,194,651
2026-05-19 04:33:46,280 [toolkit.py] => Trainable params: 376,330
2026-05-19 04:33:46,280 [toolkit.py] => Trainable ratio:  0.3384%
2026-05-19 05:08:34,424 [lorasub_drs.py] => Task 7, Epoch 20/20 => Loss 0.215, Train_accy 95.44
2026-05-19 05:08:34,426 [trainer.py] => Training time: 0h 35m 6s
2026-05-19 05:09:01,683 [trainer.py] => Evaluation time: 0h 0m 27s
2026-05-19 05:09:01,683 [trainer.py] => Accuracy: {'total': 89.25, '00-09': 95.7, '10-19': 87.4, '20-29': 91.3, '30-39': 87.8, '40-49': 91.9, '50-59': 80.8, '60-69': 89.7, '70-79': 89.4, 'old': 89.23, 'new': 89.4}
2026-05-19 05:09:01,683 [trainer.py] => (curve) top1 Acc: [99.5, 96.7, 94.93, 93.25, 92.28, 90.18, 89.73, 89.25]
2026-05-19 05:09:01,683 [trainer.py] => Avergae Acc: 93.23
2026-05-19 05:09:01,683 [trainer.py] => (curve) top1 Acc with task: [99.5, 99.05, 98.63, 98.6, 98.64, 98.52, 98.39, 98.46]
2026-05-19 05:09:01,683 [trainer.py] => Avergae Acc: 98.72
2026-05-19 05:09:01,683 [trainer.py] => (curve) top1 Acc task: [100.0, 97.35, 95.63, 93.85, 92.82, 90.58, 90.17, 89.6]
2026-05-19 05:09:01,683 [trainer.py] => Avergae Acc: 93.75
2026-05-19 05:09:01,683 [trainer.py] => ================================================================================
2026-05-19 05:09:01,683 [trainer.py] => ================================================================================
2026-05-19 05:09:01,739 [lorasub_drs.py] => Task 8 learning on class 80-90
2026-05-19 05:09:20,034 [toolkit.py] => Total params:     111,194,651
2026-05-19 05:09:20,034 [toolkit.py] => Trainable params: 376,330
2026-05-19 05:09:20,034 [toolkit.py] => Trainable ratio:  0.3384%
2026-05-19 05:44:51,651 [lorasub_drs.py] => Task 8, Epoch 20/20 => Loss 0.187, Train_accy 96.34
2026-05-19 05:44:51,652 [trainer.py] => Training time: 0h 35m 49s
2026-05-19 05:45:22,174 [trainer.py] => Evaluation time: 0h 0m 30s
2026-05-19 05:45:22,175 [trainer.py] => Accuracy: {'total': 89.37, '00-09': 95.4, '10-19': 86.8, '20-29': 90.9, '30-39': 87.8, '40-49': 91.1, '50-59': 80.4, '60-69': 89.1, '70-79': 89.5, '80-89': 93.3, 'old': 88.88, 'new': 93.3}
2026-05-19 05:45:22,175 [trainer.py] => (curve) top1 Acc: [99.5, 96.7, 94.93, 93.25, 92.28, 90.18, 89.73, 89.25, 89.37]
2026-05-19 05:45:22,175 [trainer.py] => Avergae Acc: 92.80
2026-05-19 05:45:22,175 [trainer.py] => (curve) top1 Acc with task: [99.5, 99.05, 98.63, 98.6, 98.64, 98.52, 98.39, 98.46, 98.59]
2026-05-19 05:45:22,175 [trainer.py] => Avergae Acc: 98.71
2026-05-19 05:45:22,175 [trainer.py] => (curve) top1 Acc task: [100.0, 97.35, 95.63, 93.85, 92.82, 90.58, 90.17, 89.6, 89.63]
2026-05-19 05:45:22,175 [trainer.py] => Avergae Acc: 93.29
2026-05-19 05:45:22,175 [trainer.py] => ================================================================================
2026-05-19 05:45:22,175 [trainer.py] => ================================================================================
2026-05-19 05:45:22,217 [lorasub_drs.py] => Task 9 learning on class 90-100
2026-05-19 05:45:40,268 [toolkit.py] => Total params:     111,194,651
2026-05-19 05:45:40,268 [toolkit.py] => Trainable params: 376,330
2026-05-19 05:45:40,268 [toolkit.py] => Trainable ratio:  0.3384%
2026-05-19 06:22:18,018 [lorasub_drs.py] => Task 9, Epoch 20/20 => Loss 0.155, Train_accy 97.32
2026-05-19 06:22:18,019 [trainer.py] => Training time: 0h 36m 55s
2026-05-19 06:22:51,811 [trainer.py] => Evaluation time: 0h 0m 33s
2026-05-19 06:22:51,812 [trainer.py] => Accuracy: {'total': 88.56, '00-09': 95.0, '10-19': 86.5, '20-29': 90.6, '30-39': 86.3, '40-49': 89.5, '50-59': 79.8, '60-69': 87.5, '70-79': 88.7, '80-89': 91.8, '90-99': 89.9, 'old': 88.41, 'new': 89.9}
2026-05-19 06:22:51,812 [trainer.py] => (curve) top1 Acc: [99.5, 96.7, 94.93, 93.25, 92.28, 90.18, 89.73, 89.25, 89.37, 88.56]
2026-05-19 06:22:51,812 [trainer.py] => Avergae Acc: 92.38
2026-05-19 06:22:51,812 [trainer.py] => (curve) top1 Acc with task: [99.5, 99.05, 98.63, 98.6, 98.64, 98.52, 98.39, 98.46, 98.59, 98.72]
2026-05-19 06:22:51,812 [trainer.py] => Avergae Acc: 98.71
2026-05-19 06:22:51,812 [trainer.py] => (curve) top1 Acc task: [100.0, 97.35, 95.63, 93.85, 92.82, 90.58, 90.17, 89.6, 89.63, 88.81]
2026-05-19 06:22:51,812 [trainer.py] => Avergae Acc: 92.84
2026-05-19 06:22:51,812 [trainer.py] => ================================================================================
