2026-04-09 13:11:59,986 [toolkit.py] => config: configs/lorasub_drs/cifar100_seed=2026.json
2026-04-09 13:11:59,986 [toolkit.py] => device: [device(type='cuda', index=3)]
2026-04-09 13:11:59,986 [toolkit.py] => debug: False
2026-04-09 13:11:59,986 [toolkit.py] => save_ckp: False
2026-04-09 13:11:59,986 [toolkit.py] => prefix: reproduce
2026-04-09 13:11:59,986 [toolkit.py] => dataset: cifar100
2026-04-09 13:11:59,986 [toolkit.py] => data_path: data/cifar100
2026-04-09 13:11:59,986 [toolkit.py] => memory_size: 0
2026-04-09 13:11:59,986 [toolkit.py] => memory_per_class: 0
2026-04-09 13:11:59,986 [toolkit.py] => fixed_memory: True
2026-04-09 13:11:59,986 [toolkit.py] => shuffle: False
2026-04-09 13:11:59,986 [toolkit.py] => seed: 2026
2026-04-09 13:11:59,986 [toolkit.py] => init_cls: 10
2026-04-09 13:11:59,986 [toolkit.py] => increment: 10
2026-04-09 13:11:59,986 [toolkit.py] => total_sessions: 10
2026-04-09 13:11:59,986 [toolkit.py] => sessions: 10
2026-04-09 13:11:59,986 [toolkit.py] => model_name: lorasub_drs
2026-04-09 13:11:59,987 [toolkit.py] => method: lorasub_drs
2026-04-09 13:11:59,987 [toolkit.py] => net_type: sip
2026-04-09 13:11:59,987 [toolkit.py] => embd_dim: 768
2026-04-09 13:11:59,987 [toolkit.py] => num_heads: 12
2026-04-09 13:11:59,987 [toolkit.py] => EPSILON: 1e-08
2026-04-09 13:11:59,987 [toolkit.py] => init_epoch: 20
2026-04-09 13:11:59,987 [toolkit.py] => optim: Adam
2026-04-09 13:11:59,987 [toolkit.py] => optimizer: Adam
2026-04-09 13:11:59,987 [toolkit.py] => scheduler: steplr
2026-04-09 13:11:59,987 [toolkit.py] => lrate_head: 0.01
2026-04-09 13:11:59,987 [toolkit.py] => eval: false
2026-04-09 13:11:59,987 [toolkit.py] => init_lr: 0.0005
2026-04-09 13:11:59,987 [toolkit.py] => init_lr_decay: 0.1
2026-04-09 13:11:59,987 [toolkit.py] => init_weight_decay: 0.0
2026-04-09 13:11:59,987 [toolkit.py] => epochs: 20
2026-04-09 13:11:59,987 [toolkit.py] => fc_lrate: 0.002
2026-04-09 13:11:59,987 [toolkit.py] => lrate: 0.0005
2026-04-09 13:11:59,987 [toolkit.py] => lrate_decay: 0.1
2026-04-09 13:11:59,987 [toolkit.py] => batch_size: 128
2026-04-09 13:11:59,987 [toolkit.py] => weight_decay: 0.0
2026-04-09 13:11:59,987 [toolkit.py] => rank: 10
2026-04-09 13:11:59,987 [toolkit.py] => margin_inter: 1.0
2026-04-09 13:11:59,987 [toolkit.py] => lambada: 0.05
2026-04-09 13:11:59,987 [toolkit.py] => num_workers: 16
2026-04-09 13:11:59,987 [toolkit.py] => logdir: logs/lorasub_drs/cifar100/t10
2026-04-09 13:11:59,987 [toolkit.py] => logfilename: logs/lorasub_drs/cifar100/t10/seed2026
2026-04-09 13:12:04,898 [data_manager.py] => Class index order: 0, 1, 2, 3, 4, ..., 95, 96, 97, 98, 99
2026-04-09 13:12:13,306 [data_manager.py] => Class index order: 0, 1, 2, 3, 4, ..., 95, 96, 97, 98, 99
2026-04-09 13:12:13,466 [trainer.py] => ================================================================================
2026-04-09 13:12:13,687 [lorasub_drs.py] => Task 0 learning on class 0-10
2026-04-09 13:12:14,716 [toolkit.py] => Total params:     111,194,651
2026-04-09 13:12:14,717 [toolkit.py] => Trainable params: 376,330
2026-04-09 13:12:14,717 [toolkit.py] => Trainable ratio:  0.3384%
2026-04-09 13:40:29,551 [lorasub_drs.py] => Task 0, Epoch 20/20 => Loss 0.143, Train_accy 96.74
2026-04-09 13:40:29,575 [trainer.py] => Training time: 0h 28m 16s
2026-04-09 13:40:33,666 [trainer.py] => Evaluation time: 0h 0m 4s
2026-04-09 13:40:33,666 [trainer.py] => Accuracy: {'total': 99.7, '00-09': 99.7, 'old': 0, 'new': 99.7}
2026-04-09 13:40:33,666 [trainer.py] => (curve) top1 Acc: [99.7]
2026-04-09 13:40:33,666 [trainer.py] => Avergae Acc: 99.70
2026-04-09 13:40:33,666 [trainer.py] => (curve) top1 Acc with task: [99.7]
2026-04-09 13:40:33,666 [trainer.py] => Avergae Acc: 99.70
2026-04-09 13:40:33,666 [trainer.py] => (curve) top1 Acc task: [100.0]
2026-04-09 13:40:33,666 [trainer.py] => Avergae Acc: 100.00
2026-04-09 13:40:33,666 [trainer.py] => ================================================================================
2026-04-09 13:40:33,666 [trainer.py] => ================================================================================
2026-04-09 13:40:33,722 [lorasub_drs.py] => Task 1 learning on class 10-20
2026-04-09 13:40:51,699 [toolkit.py] => Total params:     111,194,651
2026-04-09 13:40:51,700 [toolkit.py] => Trainable params: 376,330
2026-04-09 13:40:51,700 [toolkit.py] => Trainable ratio:  0.3384%
2026-04-09 14:07:39,114 [lorasub_drs.py] => Task 1, Epoch 20/20 => Loss 0.223, Train_accy 95.74
2026-04-09 14:07:39,115 [trainer.py] => Training time: 0h 27m 5s
2026-04-09 14:07:46,482 [trainer.py] => Evaluation time: 0h 0m 7s
2026-04-09 14:07:46,482 [trainer.py] => Accuracy: {'total': 96.4, '00-09': 98.0, '10-19': 94.8, 'old': 98.0, 'new': 94.8}
2026-04-09 14:07:46,482 [trainer.py] => (curve) top1 Acc: [99.7, 96.4]
2026-04-09 14:07:46,482 [trainer.py] => Avergae Acc: 98.05
2026-04-09 14:07:46,482 [trainer.py] => (curve) top1 Acc with task: [99.7, 99.1]
2026-04-09 14:07:46,482 [trainer.py] => Avergae Acc: 99.40
2026-04-09 14:07:46,483 [trainer.py] => (curve) top1 Acc task: [100.0, 96.9]
2026-04-09 14:07:46,483 [trainer.py] => Avergae Acc: 98.45
2026-04-09 14:07:46,483 [trainer.py] => ================================================================================
2026-04-09 14:07:46,483 [trainer.py] => ================================================================================
2026-04-09 14:07:46,505 [lorasub_drs.py] => Task 2 learning on class 20-30
2026-04-09 14:08:04,174 [toolkit.py] => Total params:     111,194,651
2026-04-09 14:08:04,175 [toolkit.py] => Trainable params: 376,330
2026-04-09 14:08:04,175 [toolkit.py] => Trainable ratio:  0.3384%
2026-04-09 14:41:20,233 [lorasub_drs.py] => Task 2, Epoch 20/20 => Loss 0.206, Train_accy 95.64
2026-04-09 14:41:20,234 [trainer.py] => Training time: 0h 33m 33s
2026-04-09 14:41:30,734 [trainer.py] => Evaluation time: 0h 0m 10s
2026-04-09 14:41:30,735 [trainer.py] => Accuracy: {'total': 94.67, '00-09': 97.0, '10-19': 92.9, '20-29': 94.1, 'old': 94.95, 'new': 94.1}
2026-04-09 14:41:30,735 [trainer.py] => (curve) top1 Acc: [99.7, 96.4, 94.67]
2026-04-09 14:41:30,735 [trainer.py] => Avergae Acc: 96.92
2026-04-09 14:41:30,735 [trainer.py] => (curve) top1 Acc with task: [99.7, 99.1, 98.73]
2026-04-09 14:41:30,735 [trainer.py] => Avergae Acc: 99.18
2026-04-09 14:41:30,735 [trainer.py] => (curve) top1 Acc task: [100.0, 96.9, 95.37]
2026-04-09 14:41:30,735 [trainer.py] => Avergae Acc: 97.42
2026-04-09 14:41:30,735 [trainer.py] => ================================================================================
2026-04-09 14:41:30,735 [trainer.py] => ================================================================================
2026-04-09 14:41:30,760 [lorasub_drs.py] => Task 3 learning on class 30-40
2026-04-09 14:41:48,469 [toolkit.py] => Total params:     111,194,651
2026-04-09 14:41:48,469 [toolkit.py] => Trainable params: 376,330
2026-04-09 14:41:48,469 [toolkit.py] => Trainable ratio:  0.3384%
2026-04-09 15:13:47,663 [lorasub_drs.py] => Task 3, Epoch 20/20 => Loss 0.188, Train_accy 96.34
2026-04-09 15:13:47,664 [trainer.py] => Training time: 0h 32m 16s
2026-04-09 15:14:01,760 [trainer.py] => Evaluation time: 0h 0m 14s
2026-04-09 15:14:01,760 [trainer.py] => Accuracy: {'total': 92.52, '00-09': 96.7, '10-19': 91.2, '20-29': 93.8, '30-39': 88.4, 'old': 93.9, 'new': 88.4}
2026-04-09 15:14:01,760 [trainer.py] => (curve) top1 Acc: [99.7, 96.4, 94.67, 92.52]
2026-04-09 15:14:01,760 [trainer.py] => Avergae Acc: 95.82
2026-04-09 15:14:01,760 [trainer.py] => (curve) top1 Acc with task: [99.7, 99.1, 98.73, 98.78]
2026-04-09 15:14:01,761 [trainer.py] => Avergae Acc: 99.08
2026-04-09 15:14:01,761 [trainer.py] => (curve) top1 Acc task: [100.0, 96.9, 95.37, 93.03]
2026-04-09 15:14:01,761 [trainer.py] => Avergae Acc: 96.32
2026-04-09 15:14:01,761 [trainer.py] => ================================================================================
2026-04-09 15:14:01,761 [trainer.py] => ================================================================================
2026-04-09 15:14:01,788 [lorasub_drs.py] => Task 4 learning on class 40-50
2026-04-09 15:14:19,721 [toolkit.py] => Total params:     111,194,651
2026-04-09 15:14:19,722 [toolkit.py] => Trainable params: 376,330
2026-04-09 15:14:19,722 [toolkit.py] => Trainable ratio:  0.3384%
2026-04-09 15:49:28,941 [lorasub_drs.py] => Task 4, Epoch 20/20 => Loss 0.211, Train_accy 96.12
2026-04-09 15:49:28,943 [trainer.py] => Training time: 0h 35m 27s
2026-04-09 15:49:46,072 [trainer.py] => Evaluation time: 0h 0m 17s
2026-04-09 15:49:46,072 [trainer.py] => Accuracy: {'total': 91.28, '00-09': 96.2, '10-19': 90.3, '20-29': 92.1, '30-39': 87.4, '40-49': 90.4, 'old': 91.5, 'new': 90.4}
2026-04-09 15:49:46,072 [trainer.py] => (curve) top1 Acc: [99.7, 96.4, 94.67, 92.52, 91.28]
2026-04-09 15:49:46,072 [trainer.py] => Avergae Acc: 94.91
2026-04-09 15:49:46,072 [trainer.py] => (curve) top1 Acc with task: [99.7, 99.1, 98.73, 98.78, 98.64]
2026-04-09 15:49:46,072 [trainer.py] => Avergae Acc: 98.99
2026-04-09 15:49:46,073 [trainer.py] => (curve) top1 Acc task: [100.0, 96.9, 95.37, 93.03, 91.76]
2026-04-09 15:49:46,073 [trainer.py] => Avergae Acc: 95.41
2026-04-09 15:49:46,073 [trainer.py] => ================================================================================
2026-04-09 15:49:46,073 [trainer.py] => ================================================================================
2026-04-09 15:49:46,100 [lorasub_drs.py] => Task 5 learning on class 50-60
2026-04-09 15:50:05,429 [toolkit.py] => Total params:     111,194,651
2026-04-09 15:50:05,430 [toolkit.py] => Trainable params: 376,330
2026-04-09 15:50:05,430 [toolkit.py] => Trainable ratio:  0.3384%
2026-04-09 16:49:45,412 [lorasub_drs.py] => Task 5, Epoch 20/20 => Loss 0.199, Train_accy 95.14
2026-04-09 16:49:45,414 [trainer.py] => Training time: 0h 59m 59s
2026-04-09 16:50:14,606 [trainer.py] => Evaluation time: 0h 0m 29s
2026-04-09 16:50:14,606 [trainer.py] => Accuracy: {'total': 88.78, '00-09': 95.7, '10-19': 90.0, '20-29': 91.6, '30-39': 86.1, '40-49': 90.2, '50-59': 79.1, 'old': 90.72, 'new': 79.1}
2026-04-09 16:50:14,606 [trainer.py] => (curve) top1 Acc: [99.7, 96.4, 94.67, 92.52, 91.28, 88.78]
2026-04-09 16:50:14,606 [trainer.py] => Avergae Acc: 93.89
2026-04-09 16:50:14,606 [trainer.py] => (curve) top1 Acc with task: [99.7, 99.1, 98.73, 98.78, 98.64, 98.48]
2026-04-09 16:50:14,606 [trainer.py] => Avergae Acc: 98.91
2026-04-09 16:50:14,606 [trainer.py] => (curve) top1 Acc task: [100.0, 96.9, 95.37, 93.03, 91.76, 89.18]
2026-04-09 16:50:14,606 [trainer.py] => Avergae Acc: 94.37
2026-04-09 16:50:14,606 [trainer.py] => ================================================================================
2026-04-09 16:50:14,606 [trainer.py] => ================================================================================
2026-04-09 16:50:14,682 [lorasub_drs.py] => Task 6 learning on class 60-70
2026-04-09 16:50:34,457 [toolkit.py] => Total params:     111,194,651
2026-04-09 16:50:34,458 [toolkit.py] => Trainable params: 376,330
2026-04-09 16:50:34,458 [toolkit.py] => Trainable ratio:  0.3384%
2026-04-09 17:28:01,563 [lorasub_drs.py] => Task 6, Epoch 20/20 => Loss 0.223, Train_accy 94.52
2026-04-09 17:28:01,565 [trainer.py] => Training time: 0h 37m 46s
2026-04-09 17:28:42,311 [trainer.py] => Evaluation time: 0h 0m 40s
2026-04-09 17:28:42,311 [trainer.py] => Accuracy: {'total': 88.34, '00-09': 95.5, '10-19': 89.2, '20-29': 90.5, '30-39': 85.9, '40-49': 89.8, '50-59': 78.0, '60-69': 89.5, 'old': 88.15, 'new': 89.5}
2026-04-09 17:28:42,311 [trainer.py] => (curve) top1 Acc: [99.7, 96.4, 94.67, 92.52, 91.28, 88.78, 88.34]
2026-04-09 17:28:42,311 [trainer.py] => Avergae Acc: 93.10
2026-04-09 17:28:42,311 [trainer.py] => (curve) top1 Acc with task: [99.7, 99.1, 98.73, 98.78, 98.64, 98.48, 98.36]
2026-04-09 17:28:42,311 [trainer.py] => Avergae Acc: 98.83
2026-04-09 17:28:42,312 [trainer.py] => (curve) top1 Acc task: [100.0, 96.9, 95.37, 93.03, 91.76, 89.18, 88.79]
2026-04-09 17:28:42,312 [trainer.py] => Avergae Acc: 93.58
2026-04-09 17:28:42,312 [trainer.py] => ================================================================================
2026-04-09 17:28:42,312 [trainer.py] => ================================================================================
2026-04-09 17:28:42,347 [lorasub_drs.py] => Task 7 learning on class 70-80
2026-04-09 17:29:00,615 [toolkit.py] => Total params:     111,194,651
2026-04-09 17:29:00,615 [toolkit.py] => Trainable params: 376,330
2026-04-09 17:29:00,615 [toolkit.py] => Trainable ratio:  0.3384%
2026-04-09 18:08:53,898 [lorasub_drs.py] => Task 7, Epoch 20/20 => Loss 0.189, Train_accy 96.06
2026-04-09 18:08:53,900 [trainer.py] => Training time: 0h 40m 11s
2026-04-09 18:09:21,010 [trainer.py] => Evaluation time: 0h 0m 27s
2026-04-09 18:09:21,010 [trainer.py] => Accuracy: {'total': 87.6, '00-09': 95.2, '10-19': 89.2, '20-29': 89.9, '30-39': 85.3, '40-49': 89.8, '50-59': 76.8, '60-69': 88.1, '70-79': 86.5, 'old': 87.76, 'new': 86.5}
2026-04-09 18:09:21,011 [trainer.py] => (curve) top1 Acc: [99.7, 96.4, 94.67, 92.52, 91.28, 88.78, 88.34, 87.6]
2026-04-09 18:09:21,011 [trainer.py] => Avergae Acc: 92.41
2026-04-09 18:09:21,011 [trainer.py] => (curve) top1 Acc with task: [99.7, 99.1, 98.73, 98.78, 98.64, 98.48, 98.36, 98.35]
2026-04-09 18:09:21,011 [trainer.py] => Avergae Acc: 98.77
2026-04-09 18:09:21,011 [trainer.py] => (curve) top1 Acc task: [100.0, 96.9, 95.37, 93.03, 91.76, 89.18, 88.79, 87.97]
2026-04-09 18:09:21,011 [trainer.py] => Avergae Acc: 92.88
2026-04-09 18:09:21,011 [trainer.py] => ================================================================================
2026-04-09 18:09:21,011 [trainer.py] => ================================================================================
2026-04-09 18:09:21,062 [lorasub_drs.py] => Task 8 learning on class 80-90
2026-04-09 18:09:39,298 [toolkit.py] => Total params:     111,194,651
2026-04-09 18:09:39,299 [toolkit.py] => Trainable params: 376,330
2026-04-09 18:09:39,299 [toolkit.py] => Trainable ratio:  0.3384%
2026-04-09 18:50:12,104 [lorasub_drs.py] => Task 8, Epoch 20/20 => Loss 0.176, Train_accy 96.16
2026-04-09 18:50:12,105 [trainer.py] => Training time: 0h 40m 51s
2026-04-09 18:50:42,495 [trainer.py] => Evaluation time: 0h 0m 30s
2026-04-09 18:50:42,495 [trainer.py] => Accuracy: {'total': 87.89, '00-09': 94.7, '10-19': 88.5, '20-29': 90.2, '30-39': 85.3, '40-49': 89.5, '50-59': 76.7, '60-69': 87.4, '70-79': 85.9, '80-89': 92.8, 'old': 87.28, 'new': 92.8}
2026-04-09 18:50:42,495 [trainer.py] => (curve) top1 Acc: [99.7, 96.4, 94.67, 92.52, 91.28, 88.78, 88.34, 87.6, 87.89]
2026-04-09 18:50:42,495 [trainer.py] => Avergae Acc: 91.91
2026-04-09 18:50:42,495 [trainer.py] => (curve) top1 Acc with task: [99.7, 99.1, 98.73, 98.78, 98.64, 98.48, 98.36, 98.35, 98.48]
2026-04-09 18:50:42,495 [trainer.py] => Avergae Acc: 98.74
2026-04-09 18:50:42,495 [trainer.py] => (curve) top1 Acc task: [100.0, 96.9, 95.37, 93.03, 91.76, 89.18, 88.79, 87.97, 88.22]
2026-04-09 18:50:42,495 [trainer.py] => Avergae Acc: 92.36
2026-04-09 18:50:42,495 [trainer.py] => ================================================================================
2026-04-09 18:50:42,495 [trainer.py] => ================================================================================
2026-04-09 18:50:42,540 [lorasub_drs.py] => Task 9 learning on class 90-100
2026-04-09 18:51:00,638 [toolkit.py] => Total params:     111,194,651
2026-04-09 18:51:00,638 [toolkit.py] => Trainable params: 376,330
2026-04-09 18:51:00,638 [toolkit.py] => Trainable ratio:  0.3384%
2026-04-09 19:34:17,504 [lorasub_drs.py] => Task 9, Epoch 20/20 => Loss 0.158, Train_accy 97.00
2026-04-09 19:34:17,506 [trainer.py] => Training time: 0h 43m 35s
2026-04-09 19:34:51,009 [trainer.py] => Evaluation time: 0h 0m 33s
2026-04-09 19:34:51,009 [trainer.py] => Accuracy: {'total': 87.15, '00-09': 94.7, '10-19': 87.6, '20-29': 89.8, '30-39': 83.6, '40-49': 89.0, '50-59': 76.1, '60-69': 86.9, '70-79': 85.3, '80-89': 90.5, '90-99': 88.0, 'old': 87.06, 'new': 88.0}
2026-04-09 19:34:51,009 [trainer.py] => (curve) top1 Acc: [99.7, 96.4, 94.67, 92.52, 91.28, 88.78, 88.34, 87.6, 87.89, 87.15]
2026-04-09 19:34:51,009 [trainer.py] => Avergae Acc: 91.43
2026-04-09 19:34:51,009 [trainer.py] => (curve) top1 Acc with task: [99.7, 99.1, 98.73, 98.78, 98.64, 98.48, 98.36, 98.35, 98.48, 98.66]
2026-04-09 19:34:51,009 [trainer.py] => Avergae Acc: 98.73
2026-04-09 19:34:51,009 [trainer.py] => (curve) top1 Acc task: [100.0, 96.9, 95.37, 93.03, 91.76, 89.18, 88.79, 87.97, 88.22, 87.45]
2026-04-09 19:34:51,009 [trainer.py] => Avergae Acc: 91.87
2026-04-09 19:34:51,009 [trainer.py] => ================================================================================
2026-04-09 23:17:19,662 [toolkit.py] => config: configs/lorasub_drs/cifar100_seed=2026.json
2026-04-09 23:17:19,674 [toolkit.py] => device: [device(type='cuda', index=3)]
2026-04-09 23:17:19,674 [toolkit.py] => debug: False
2026-04-09 23:17:19,674 [toolkit.py] => save_ckp: False
2026-04-09 23:17:19,674 [toolkit.py] => prefix: reproduce
2026-04-09 23:17:19,675 [toolkit.py] => dataset: cifar100
2026-04-09 23:17:19,675 [toolkit.py] => data_path: data/cifar100
2026-04-09 23:17:19,675 [toolkit.py] => memory_size: 0
2026-04-09 23:17:19,675 [toolkit.py] => memory_per_class: 0
2026-04-09 23:17:19,675 [toolkit.py] => fixed_memory: True
2026-04-09 23:17:19,675 [toolkit.py] => shuffle: False
2026-04-09 23:17:19,675 [toolkit.py] => seed: 2026
2026-04-09 23:17:19,675 [toolkit.py] => init_cls: 10
2026-04-09 23:17:19,675 [toolkit.py] => increment: 10
2026-04-09 23:17:19,675 [toolkit.py] => total_sessions: 10
2026-04-09 23:17:19,675 [toolkit.py] => sessions: 10
2026-04-09 23:17:19,675 [toolkit.py] => model_name: lorasub_drs
2026-04-09 23:17:19,675 [toolkit.py] => method: lorasub_drs
2026-04-09 23:17:19,675 [toolkit.py] => net_type: sip
2026-04-09 23:17:19,675 [toolkit.py] => embd_dim: 768
2026-04-09 23:17:19,675 [toolkit.py] => num_heads: 12
2026-04-09 23:17:19,675 [toolkit.py] => EPSILON: 1e-08
2026-04-09 23:17:19,675 [toolkit.py] => init_epoch: 20
2026-04-09 23:17:19,675 [toolkit.py] => optim: Adam
2026-04-09 23:17:19,675 [toolkit.py] => optimizer: Adam
2026-04-09 23:17:19,675 [toolkit.py] => scheduler: steplr
2026-04-09 23:17:19,675 [toolkit.py] => lrate_head: 0.01
2026-04-09 23:17:19,676 [toolkit.py] => eval: false
2026-04-09 23:17:19,676 [toolkit.py] => init_lr: 0.0005
2026-04-09 23:17:19,676 [toolkit.py] => init_lr_decay: 0.1
2026-04-09 23:17:19,676 [toolkit.py] => init_weight_decay: 0.0
2026-04-09 23:17:19,676 [toolkit.py] => epochs: 20
2026-04-09 23:17:19,676 [toolkit.py] => fc_lrate: 0.002
2026-04-09 23:17:19,676 [toolkit.py] => lrate: 0.0005
2026-04-09 23:17:19,676 [toolkit.py] => lrate_decay: 0.1
2026-04-09 23:17:19,676 [toolkit.py] => batch_size: 128
2026-04-09 23:17:19,676 [toolkit.py] => weight_decay: 0.0
2026-04-09 23:17:19,676 [toolkit.py] => rank: 10
2026-04-09 23:17:19,676 [toolkit.py] => margin_inter: 1.0
2026-04-09 23:17:19,676 [toolkit.py] => lambada: 0.05
2026-04-09 23:17:19,676 [toolkit.py] => num_workers: 16
2026-04-09 23:17:19,676 [toolkit.py] => logdir: logs/lorasub_drs/cifar100/t10
2026-04-09 23:17:19,676 [toolkit.py] => logfilename: logs/lorasub_drs/cifar100/t10/seed2026
2026-04-09 23:17:21,398 [data_manager.py] => Class index order: 0, 1, 2, 3, 4, ..., 95, 96, 97, 98, 99
2026-04-09 23:17:25,740 [data_manager.py] => Class index order: 0, 1, 2, 3, 4, ..., 95, 96, 97, 98, 99
2026-04-09 23:17:25,901 [trainer.py] => ================================================================================
2026-04-09 23:17:25,911 [lorasub_drs.py] => Task 0 learning on class 0-10
2026-04-09 23:17:26,356 [toolkit.py] => Total params:     111,194,651
2026-04-09 23:17:26,356 [toolkit.py] => Trainable params: 376,330
2026-04-09 23:17:26,356 [toolkit.py] => Trainable ratio:  0.3384%
