nohup: ignoring input
2026-08-15 21:58:53,939 [toolkit.py] => config: configs/splitlorav6/imagenet-a_seed=1993_cos_loss_type.json
2026-08-15 21:58:53,940 [toolkit.py] => device: [device(type='cuda', index=3)]
2026-08-15 21:58:53,940 [toolkit.py] => debug: False
2026-08-15 21:58:53,940 [toolkit.py] => save_ckp: False
2026-08-15 21:58:53,940 [toolkit.py] => moe_list: None
2026-08-15 21:58:53,940 [toolkit.py] => seed: 1993
2026-08-15 21:58:53,940 [toolkit.py] => dataset: imagenet-a
2026-08-15 21:58:53,940 [toolkit.py] => data_path: data/imagenet-a
2026-08-15 21:58:53,940 [toolkit.py] => load: vit_base_patch16_224_in21k
2026-08-15 21:58:53,940 [toolkit.py] => init_cls: 20
2026-08-15 21:58:53,940 [toolkit.py] => increment: 20
2026-08-15 21:58:53,940 [toolkit.py] => sessions: 10
2026-08-15 21:58:53,940 [toolkit.py] => shuffle: False
2026-08-15 21:58:53,940 [toolkit.py] => method: splitlorav6
2026-08-15 21:58:53,940 [toolkit.py] => ema_type: EMA
2026-08-15 21:58:53,940 [toolkit.py] => optimizer: adamw
2026-08-15 21:58:53,940 [toolkit.py] => scheduler: steplr
2026-08-15 21:58:53,940 [toolkit.py] => epochs: 10
2026-08-15 21:58:53,940 [toolkit.py] => lrate: 0.001
2026-08-15 21:58:53,940 [toolkit.py] => lrate_head: 0.01
2026-08-15 21:58:53,940 [toolkit.py] => weight_decay: 5e-05
2026-08-15 21:58:53,940 [toolkit.py] => batch_size: 256
2026-08-15 21:58:53,940 [toolkit.py] => rank: 10
2026-08-15 21:58:53,940 [toolkit.py] => num_workers: 16
2026-08-15 21:58:53,940 [toolkit.py] => lamb: 0.95
2026-08-15 21:58:53,940 [toolkit.py] => lame: 1.0
2026-08-15 21:58:53,940 [toolkit.py] => in_dim: 768
2026-08-15 21:58:53,940 [toolkit.py] => alpha: 20
2026-08-15 21:58:53,940 [toolkit.py] => ema_decay: 0.9
2026-08-15 21:58:53,940 [toolkit.py] => ema_decay2: 0
2026-08-15 21:58:53,940 [toolkit.py] => cos_loss_type: True
2026-08-15 21:58:53,941 [toolkit.py] => R: 0.5
2026-08-15 21:58:53,941 [toolkit.py] => logdir: logs/splitlorav6/imagenet-a/t10
2026-08-15 21:58:53,941 [toolkit.py] => logfilename: logs/splitlorav6/imagenet-a/t10/seed1993
2026-08-15 21:58:53,966 [data_manager.py] => Class index order: 0, 1, 2, 3, 4, ..., 195, 196, 197, 198, 199
2026-08-15 21:58:56,120 [trainer.py] => ================================================================================
2026-08-15 21:58:56,120 [trainer.py] => Dataset Information
2026-08-15 21:58:56,120 [trainer.py] => ================================================================================
2026-08-15 21:58:56,120 [trainer.py] =>   Dataset name     : imagenet-a
2026-08-15 21:58:56,120 [trainer.py] =>   Data path        : data/imagenet-a
2026-08-15 21:58:56,120 [trainer.py] =>   Total classes    : 200
2026-08-15 21:58:56,120 [trainer.py] =>   Total tasks      : 10
2026-08-15 21:58:56,120 [trainer.py] =>   Task increments  : [20, 20, 20, 20, 20, 20, 20, 20, 20, 20]
2026-08-15 21:58:56,120 [trainer.py] =>   Init classes     : 20
2026-08-15 21:58:56,120 [trainer.py] =>   Increment per task: 20
2026-08-15 21:58:56,120 [trainer.py] =>   Shuffle          : False
2026-08-15 21:58:56,120 [trainer.py] =>   Seed             : 1993
2026-08-15 21:58:56,120 [trainer.py] => --------------------------------------------------------------------------------
2026-08-15 21:58:56,121 [trainer.py] => Task split:
2026-08-15 21:58:56,121 [trainer.py] =>   Task 0: classes 0-19 (20 classes) | Train: 1253 images (5 batches), Test: 313 images (2 batches)
2026-08-15 21:58:56,122 [trainer.py] =>   Task 1: classes 20-39 (20 classes) | Train: 1000 images (4 batches), Test: 251 images (1 batches)
2026-08-15 21:58:56,123 [trainer.py] =>   Task 2: classes 40-59 (20 classes) | Train: 1000 images (4 batches), Test: 251 images (1 batches)
2026-08-15 21:58:56,123 [trainer.py] =>   Task 3: classes 60-79 (20 classes) | Train: 610 images (3 batches), Test: 151 images (1 batches)
2026-08-15 21:58:56,124 [trainer.py] =>   Task 4: classes 80-99 (20 classes) | Train: 426 images (2 batches), Test: 102 images (1 batches)
2026-08-15 21:58:56,124 [trainer.py] =>   Task 5: classes 100-119 (20 classes) | Train: 263 images (2 batches), Test: 68 images (1 batches)
2026-08-15 21:58:56,125 [trainer.py] =>   Task 6: classes 120-139 (20 classes) | Train: 351 images (2 batches), Test: 89 images (1 batches)
2026-08-15 21:58:56,125 [trainer.py] =>   Task 7: classes 140-159 (20 classes) | Train: 321 images (2 batches), Test: 81 images (1 batches)
2026-08-15 21:58:56,126 [trainer.py] =>   Task 8: classes 160-179 (20 classes) | Train: 391 images (2 batches), Test: 97 images (1 batches)
2026-08-15 21:58:56,126 [trainer.py] =>   Task 9: classes 180-199 (20 classes) | Train: 385 images (2 batches), Test: 97 images (1 batches)
2026-08-15 21:58:56,126 [trainer.py] => ================================================================================
2026-08-15 21:58:56,127 [trainer.py] => ================================================================================
2026-08-15 21:58:56,127 [splitlorav6.py] => Task 0 learning on class 0-20
Parameters to be updated:
[Trainable] image_encoder.blocks.0.attn.lora_B_k.0.weight                (768, 10) | 7680
[Trainable] image_encoder.blocks.0.attn.lora_B_v.0.weight                (768, 10) | 7680
[Trainable] image_encoder.blocks.0.attn.Lora_shared_A_k.weight           (10, 768) | 7680
[Trainable] image_encoder.blocks.0.attn.Lora_shared_B_k.weight           (768, 10) | 7680
[Trainable] image_encoder.blocks.0.attn.Lora_shared_A_v.weight           (10, 768) | 7680
[Trainable] image_encoder.blocks.0.attn.Lora_shared_B_v.weight           (768, 10) | 7680
[Trainable] image_encoder.blocks.1.attn.lora_B_k.0.weight                (768, 10) | 7680
[Trainable] image_encoder.blocks.1.attn.lora_B_v.0.weight                (768, 10) | 7680
[Trainable] image_encoder.blocks.1.attn.Lora_shared_A_k.weight           (10, 768) | 7680
[Trainable] image_encoder.blocks.1.attn.Lora_shared_B_k.weight           (768, 10) | 7680
[Trainable] image_encoder.blocks.1.attn.Lora_shared_A_v.weight           (10, 768) | 7680
[Trainable] image_encoder.blocks.1.attn.Lora_shared_B_v.weight           (768, 10) | 7680
[Trainable] image_encoder.blocks.2.attn.lora_B_k.0.weight                (768, 10) | 7680
[Trainable] image_encoder.blocks.2.attn.lora_B_v.0.weight                (768, 10) | 7680
[Trainable] image_encoder.blocks.2.attn.Lora_shared_A_k.weight           (10, 768) | 7680
[Trainable] image_encoder.blocks.2.attn.Lora_shared_B_k.weight           (768, 10) | 7680
[Trainable] image_encoder.blocks.2.attn.Lora_shared_A_v.weight           (10, 768) | 7680
[Trainable] image_encoder.blocks.2.attn.Lora_shared_B_v.weight           (768, 10) | 7680
[Trainable] image_encoder.blocks.3.attn.lora_B_k.0.weight                (768, 10) | 7680
[Trainable] image_encoder.blocks.3.attn.lora_B_v.0.weight                (768, 10) | 7680
[Trainable] image_encoder.blocks.3.attn.Lora_shared_A_k.weight           (10, 768) | 7680
[Trainable] image_encoder.blocks.3.attn.Lora_shared_B_k.weight           (768, 10) | 7680
[Trainable] image_encoder.blocks.3.attn.Lora_shared_A_v.weight           (10, 768) | 7680
[Trainable] image_encoder.blocks.3.attn.Lora_shared_B_v.weight           (768, 10) | 7680
[Trainable] image_encoder.blocks.4.attn.lora_B_k.0.weight                (768, 10) | 7680
[Trainable] image_encoder.blocks.4.attn.lora_B_v.0.weight                (768, 10) | 7680
[Trainable] image_encoder.blocks.4.attn.Lora_shared_A_k.weight           (10, 768) | 7680
[Trainable] image_encoder.blocks.4.attn.Lora_shared_B_k.weight           (768, 10) | 7680
[Trainable] image_encoder.blocks.4.attn.Lora_shared_A_v.weight           (10, 768) | 7680
[Trainable] image_encoder.blocks.4.attn.Lora_shared_B_v.weight           (768, 10) | 7680
[Trainable] image_encoder.blocks.5.attn.lora_B_k.0.weight                (768, 10) | 7680
[Trainable] image_encoder.blocks.5.attn.lora_B_v.0.weight                (768, 10) | 7680
[Trainable] image_encoder.blocks.5.attn.Lora_shared_A_k.weight           (10, 768) | 7680
[Trainable] image_encoder.blocks.5.attn.Lora_shared_B_k.weight           (768, 10) | 7680
[Trainable] image_encoder.blocks.5.attn.Lora_shared_A_v.weight           (10, 768) | 7680
[Trainable] image_encoder.blocks.5.attn.Lora_shared_B_v.weight           (768, 10) | 7680
[Trainable] image_encoder.blocks.6.attn.lora_B_k.0.weight                (768, 10) | 7680
[Trainable] image_encoder.blocks.6.attn.lora_B_v.0.weight                (768, 10) | 7680
[Trainable] image_encoder.blocks.6.attn.Lora_shared_A_k.weight           (10, 768) | 7680
[Trainable] image_encoder.blocks.6.attn.Lora_shared_B_k.weight           (768, 10) | 7680
[Trainable] image_encoder.blocks.6.attn.Lora_shared_A_v.weight           (10, 768) | 7680
[Trainable] image_encoder.blocks.6.attn.Lora_shared_B_v.weight           (768, 10) | 7680
[Trainable] image_encoder.blocks.7.attn.lora_B_k.0.weight                (768, 10) | 7680
[Trainable] image_encoder.blocks.7.attn.lora_B_v.0.weight                (768, 10) | 7680
[Trainable] image_encoder.blocks.7.attn.Lora_shared_A_k.weight           (10, 768) | 7680
[Trainable] image_encoder.blocks.7.attn.Lora_shared_B_k.weight           (768, 10) | 7680
[Trainable] image_encoder.blocks.7.attn.Lora_shared_A_v.weight           (10, 768) | 7680
[Trainable] image_encoder.blocks.7.attn.Lora_shared_B_v.weight           (768, 10) | 7680
[Trainable] image_encoder.blocks.8.attn.lora_B_k.0.weight                (768, 10) | 7680
[Trainable] image_encoder.blocks.8.attn.lora_B_v.0.weight                (768, 10) | 7680
[Trainable] image_encoder.blocks.8.attn.Lora_shared_A_k.weight           (10, 768) | 7680
[Trainable] image_encoder.blocks.8.attn.Lora_shared_B_k.weight           (768, 10) | 7680
[Trainable] image_encoder.blocks.8.attn.Lora_shared_A_v.weight           (10, 768) | 7680
[Trainable] image_encoder.blocks.8.attn.Lora_shared_B_v.weight           (768, 10) | 7680
[Trainable] image_encoder.blocks.9.attn.lora_B_k.0.weight                (768, 10) | 7680
[Trainable] image_encoder.blocks.9.attn.lora_B_v.0.weight                (768, 10) | 7680
[Trainable] image_encoder.blocks.9.attn.Lora_shared_A_k.weight           (10, 768) | 7680
[Trainable] image_encoder.blocks.9.attn.Lora_shared_B_k.weight           (768, 10) | 7680
[Trainable] image_encoder.blocks.9.attn.Lora_shared_A_v.weight           (10, 768) | 7680
[Trainable] image_encoder.blocks.9.attn.Lora_shared_B_v.weight           (768, 10) | 7680
[Trainable] image_encoder.blocks.10.attn.lora_B_k.0.weight               (768, 10) | 7680
[Trainable] image_encoder.blocks.10.attn.lora_B_v.0.weight               (768, 10) | 7680
[Trainable] image_encoder.blocks.10.attn.Lora_shared_A_k.weight          (10, 768) | 7680
[Trainable] image_encoder.blocks.10.attn.Lora_shared_B_k.weight          (768, 10) | 7680
[Trainable] image_encoder.blocks.10.attn.Lora_shared_A_v.weight          (10, 768) | 7680
[Trainable] image_encoder.blocks.10.attn.Lora_shared_B_v.weight          (768, 10) | 7680
[Trainable] image_encoder.blocks.11.attn.lora_B_k.0.weight               (768, 10) | 7680
[Trainable] image_encoder.blocks.11.attn.lora_B_v.0.weight               (768, 10) | 7680
[Trainable] image_encoder.blocks.11.attn.Lora_shared_A_k.weight          (10, 768) | 7680
[Trainable] image_encoder.blocks.11.attn.Lora_shared_B_k.weight          (768, 10) | 7680
[Trainable] image_encoder.blocks.11.attn.Lora_shared_A_v.weight          (10, 768) | 7680
[Trainable] image_encoder.blocks.11.attn.Lora_shared_B_v.weight          (768, 10) | 7680
[Trainable] classifier_pool.0.weight                                     (20, 768) | 15360
[Trainable] classifier_pool.0.bias                                       (20,) | 20
2026-08-15 21:58:56,586 [toolkit.py] => Total params:     106,804,763
2026-08-15 21:58:56,586 [toolkit.py] => Trainable params: 568,340
2026-08-15 21:58:56,586 [toolkit.py] => Trainable ratio:  0.5321%
✅ Requires_grad parameters and optimizer parameters are consistent.
  0%|          | 0/10 [00:00<?, ?it/s]

cur_task 0, Epoch 0: Head LR=0.010000, Backbone LR=0.001000
Task 0, Epoch 1/10 => Loss 2.075, Train_accy 41.82:   0%|          | 0/10 [00:11<?, ?it/s]Task 0, Epoch 1/10 => Loss 2.075, Train_accy 41.82:  10%|█         | 1/10 [00:11<01:44, 11.62s/it]

cur_task 0, Epoch 1: Head LR=0.010000, Backbone LR=0.001000
Task 0, Epoch 1/10 => Loss 2.075, Train_accy 41.82:  10%|█         | 1/10 [00:14<02:10, 14.45s/it]
Traceback (most recent call last):
  File "/home/zll2025/low-rank-cl-main/main.py", line 57, in <module>
    main()
  File "/home/zll2025/low-rank-cl-main/main.py", line 30, in main
    start(args)
  File "/home/zll2025/low-rank-cl-main/trainer.py", line 15, in start
    train(data_manager, model, args)
  File "/home/zll2025/low-rank-cl-main/trainer.py", line 107, in train
    model.incremental_train(data_manager)
  File "/home/zll2025/low-rank-cl-main/methods/splitlorav6.py", line 249, in incremental_train
    self._train(self.train_loader)
  File "/home/zll2025/low-rank-cl-main/methods/splitlorav6.py", line 327, in _train
    self._train_function(train_loader, optimizer, scheduler)
  File "/home/zll2025/low-rank-cl-main/methods/splitlorav6.py", line 591, in _train_function
    loss.backward()
  File "/home/zll2025/anaconda3/envs/low-rank-cl/lib/python3.9/site-packages/torch/_tensor.py", line 648, in backward
    torch.autograd.backward(
  File "/home/zll2025/anaconda3/envs/low-rank-cl/lib/python3.9/site-packages/torch/autograd/__init__.py", line 353, in backward
    _engine_run_backward(
  File "/home/zll2025/anaconda3/envs/low-rank-cl/lib/python3.9/site-packages/torch/autograd/graph.py", line 824, in _engine_run_backward
    return Variable._execution_engine.run_backward(  # Calls into the C++ engine to run the backward pass
torch.OutOfMemoryError: CUDA out of memory. Tried to allocate 592.00 MiB. GPU 3 has a total capacity of 44.35 GiB of which 153.00 MiB is free. Including non-PyTorch memory, this process has 26.04 GiB memory in use. Process 2570440 has 18.14 GiB memory in use. Of the allocated memory 23.91 GiB is allocated by PyTorch, and 1.80 GiB is reserved by PyTorch but unallocated. If reserved but unallocated memory is large try setting PYTORCH_CUDA_ALLOC_CONF=expandable_segments:True to avoid fragmentation.  See documentation for Memory Management  (https://pytorch.org/docs/stable/notes/cuda.html#environment-variables)
