2026-08-14 16:46:57,685 [toolkit.py] => config: configs/splitlorav6/cifar100_seed=1993_R=0.30.json
2026-08-14 16:46:57,686 [toolkit.py] => device: [device(type='cuda', index=5)]
2026-08-14 16:46:57,686 [toolkit.py] => debug: False
2026-08-14 16:46:57,686 [toolkit.py] => save_ckp: False
2026-08-14 16:46:57,686 [toolkit.py] => moe_list: None
2026-08-14 16:46:57,686 [toolkit.py] => seed: 1993
2026-08-14 16:46:57,686 [toolkit.py] => dataset: cifar100
2026-08-14 16:46:57,686 [toolkit.py] => data_path: data/cifar100
2026-08-14 16:46:57,686 [toolkit.py] => load: vit_base_patch16_224_in21k
2026-08-14 16:46:57,686 [toolkit.py] => init_cls: 10
2026-08-14 16:46:57,686 [toolkit.py] => increment: 10
2026-08-14 16:46:57,686 [toolkit.py] => sessions: 10
2026-08-14 16:46:57,686 [toolkit.py] => shuffle: False
2026-08-14 16:46:57,686 [toolkit.py] => ema_type: EMA
2026-08-14 16:46:57,686 [toolkit.py] => method: splitlorav6
2026-08-14 16:46:57,686 [toolkit.py] => optimizer: adamw
2026-08-14 16:46:57,686 [toolkit.py] => scheduler: steplr
2026-08-14 16:46:57,686 [toolkit.py] => epochs: 10
2026-08-14 16:46:57,686 [toolkit.py] => lrate: 0.001
2026-08-14 16:46:57,686 [toolkit.py] => lrate_head: 0.01
2026-08-14 16:46:57,686 [toolkit.py] => weight_decay: 5e-05
2026-08-14 16:46:57,686 [toolkit.py] => batch_size: 256
2026-08-14 16:46:57,686 [toolkit.py] => rank: 10
2026-08-14 16:46:57,686 [toolkit.py] => num_workers: 16
2026-08-14 16:46:57,686 [toolkit.py] => lamb: 0.95
2026-08-14 16:46:57,687 [toolkit.py] => lame: 1.0
2026-08-14 16:46:57,687 [toolkit.py] => in_dim: 768
2026-08-14 16:46:57,687 [toolkit.py] => alpha: 20
2026-08-14 16:46:57,687 [toolkit.py] => ema_decay: 0
2026-08-14 16:46:57,687 [toolkit.py] => ema_decay2: 0
2026-08-14 16:46:57,687 [toolkit.py] => R: 0.3
2026-08-14 16:46:57,687 [toolkit.py] => logdir: logs/splitlorav6/cifar100/t10
2026-08-14 16:46:57,687 [toolkit.py] => logfilename: logs/splitlorav6/cifar100/t10/seed1993
2026-08-14 16:47:00,591 [data_manager.py] => Class index order: 0, 1, 2, 3, 4, ..., 95, 96, 97, 98, 99
2026-08-14 16:47:03,084 [trainer.py] => ================================================================================
2026-08-14 16:47:03,084 [trainer.py] => Dataset Information
2026-08-14 16:47:03,084 [trainer.py] => ================================================================================
2026-08-14 16:47:03,084 [trainer.py] =>   Dataset name     : cifar100
2026-08-14 16:47:03,084 [trainer.py] =>   Data path        : data/cifar100
2026-08-14 16:47:03,084 [trainer.py] =>   Total classes    : 100
2026-08-14 16:47:03,084 [trainer.py] =>   Total tasks      : 10
2026-08-14 16:47:03,084 [trainer.py] =>   Task increments  : [10, 10, 10, 10, 10, 10, 10, 10, 10, 10]
2026-08-14 16:47:03,085 [trainer.py] =>   Init classes     : 10
2026-08-14 16:47:03,085 [trainer.py] =>   Increment per task: 10
2026-08-14 16:47:03,085 [trainer.py] =>   Shuffle          : False
2026-08-14 16:47:03,085 [trainer.py] =>   Seed             : 1993
2026-08-14 16:47:03,085 [trainer.py] => --------------------------------------------------------------------------------
2026-08-14 16:47:03,085 [trainer.py] => Task split:
2026-08-14 16:47:03,095 [trainer.py] =>   Task 0: classes 0-9 (10 classes) | Train: 5000 images (20 batches), Test: 1000 images (4 batches)
2026-08-14 16:47:03,106 [trainer.py] =>   Task 1: classes 10-19 (10 classes) | Train: 5000 images (20 batches), Test: 1000 images (4 batches)
2026-08-14 16:47:03,116 [trainer.py] =>   Task 2: classes 20-29 (10 classes) | Train: 5000 images (20 batches), Test: 1000 images (4 batches)
2026-08-14 16:47:03,124 [trainer.py] =>   Task 3: classes 30-39 (10 classes) | Train: 5000 images (20 batches), Test: 1000 images (4 batches)
2026-08-14 16:47:03,131 [trainer.py] =>   Task 4: classes 40-49 (10 classes) | Train: 5000 images (20 batches), Test: 1000 images (4 batches)
2026-08-14 16:47:03,139 [trainer.py] =>   Task 5: classes 50-59 (10 classes) | Train: 5000 images (20 batches), Test: 1000 images (4 batches)
2026-08-14 16:47:03,146 [trainer.py] =>   Task 6: classes 60-69 (10 classes) | Train: 5000 images (20 batches), Test: 1000 images (4 batches)
2026-08-14 16:47:03,154 [trainer.py] =>   Task 7: classes 70-79 (10 classes) | Train: 5000 images (20 batches), Test: 1000 images (4 batches)
2026-08-14 16:47:03,162 [trainer.py] =>   Task 8: classes 80-89 (10 classes) | Train: 5000 images (20 batches), Test: 1000 images (4 batches)
2026-08-14 16:47:03,169 [trainer.py] =>   Task 9: classes 90-99 (10 classes) | Train: 5000 images (20 batches), Test: 1000 images (4 batches)
2026-08-14 16:47:03,169 [trainer.py] => ================================================================================
2026-08-14 16:47:03,169 [trainer.py] => ================================================================================
2026-08-14 16:47:03,176 [splitlorav6.py] => Task 0 learning on class 0-10
Parameters to be updated:
[Trainable] image_encoder.blocks.0.attn.lora_B_k.0.weight                (768, 10) | 7680
[Trainable] image_encoder.blocks.0.attn.lora_B_v.0.weight                (768, 10) | 7680
[Trainable] image_encoder.blocks.0.attn.Lora_shared_A_k.weight           (10, 768) | 7680
[Trainable] image_encoder.blocks.0.attn.Lora_shared_B_k.weight           (768, 10) | 7680
[Trainable] image_encoder.blocks.0.attn.Lora_shared_A_v.weight           (10, 768) | 7680
[Trainable] image_encoder.blocks.0.attn.Lora_shared_B_v.weight           (768, 10) | 7680
[Trainable] image_encoder.blocks.1.attn.lora_B_k.0.weight                (768, 10) | 7680
[Trainable] image_encoder.blocks.1.attn.lora_B_v.0.weight                (768, 10) | 7680
[Trainable] image_encoder.blocks.1.attn.Lora_shared_A_k.weight           (10, 768) | 7680
[Trainable] image_encoder.blocks.1.attn.Lora_shared_B_k.weight           (768, 10) | 7680
[Trainable] image_encoder.blocks.1.attn.Lora_shared_A_v.weight           (10, 768) | 7680
[Trainable] image_encoder.blocks.1.attn.Lora_shared_B_v.weight           (768, 10) | 7680
[Trainable] image_encoder.blocks.2.attn.lora_B_k.0.weight                (768, 10) | 7680
[Trainable] image_encoder.blocks.2.attn.lora_B_v.0.weight                (768, 10) | 7680
[Trainable] image_encoder.blocks.2.attn.Lora_shared_A_k.weight           (10, 768) | 7680
[Trainable] image_encoder.blocks.2.attn.Lora_shared_B_k.weight           (768, 10) | 7680
[Trainable] image_encoder.blocks.2.attn.Lora_shared_A_v.weight           (10, 768) | 7680
[Trainable] image_encoder.blocks.2.attn.Lora_shared_B_v.weight           (768, 10) | 7680
[Trainable] image_encoder.blocks.3.attn.lora_B_k.0.weight                (768, 10) | 7680
[Trainable] image_encoder.blocks.3.attn.lora_B_v.0.weight                (768, 10) | 7680
[Trainable] image_encoder.blocks.3.attn.Lora_shared_A_k.weight           (10, 768) | 7680
[Trainable] image_encoder.blocks.3.attn.Lora_shared_B_k.weight           (768, 10) | 7680
[Trainable] image_encoder.blocks.3.attn.Lora_shared_A_v.weight           (10, 768) | 7680
[Trainable] image_encoder.blocks.3.attn.Lora_shared_B_v.weight           (768, 10) | 7680
[Trainable] image_encoder.blocks.4.attn.lora_B_k.0.weight                (768, 10) | 7680
[Trainable] image_encoder.blocks.4.attn.lora_B_v.0.weight                (768, 10) | 7680
[Trainable] image_encoder.blocks.4.attn.Lora_shared_A_k.weight           (10, 768) | 7680
[Trainable] image_encoder.blocks.4.attn.Lora_shared_B_k.weight           (768, 10) | 7680
[Trainable] image_encoder.blocks.4.attn.Lora_shared_A_v.weight           (10, 768) | 7680
[Trainable] image_encoder.blocks.4.attn.Lora_shared_B_v.weight           (768, 10) | 7680
[Trainable] image_encoder.blocks.5.attn.lora_B_k.0.weight                (768, 10) | 7680
[Trainable] image_encoder.blocks.5.attn.lora_B_v.0.weight                (768, 10) | 7680
[Trainable] image_encoder.blocks.5.attn.Lora_shared_A_k.weight           (10, 768) | 7680
[Trainable] image_encoder.blocks.5.attn.Lora_shared_B_k.weight           (768, 10) | 7680
[Trainable] image_encoder.blocks.5.attn.Lora_shared_A_v.weight           (10, 768) | 7680
[Trainable] image_encoder.blocks.5.attn.Lora_shared_B_v.weight           (768, 10) | 7680
[Trainable] image_encoder.blocks.6.attn.lora_B_k.0.weight                (768, 10) | 7680
[Trainable] image_encoder.blocks.6.attn.lora_B_v.0.weight                (768, 10) | 7680
[Trainable] image_encoder.blocks.6.attn.Lora_shared_A_k.weight           (10, 768) | 7680
[Trainable] image_encoder.blocks.6.attn.Lora_shared_B_k.weight           (768, 10) | 7680
[Trainable] image_encoder.blocks.6.attn.Lora_shared_A_v.weight           (10, 768) | 7680
[Trainable] image_encoder.blocks.6.attn.Lora_shared_B_v.weight           (768, 10) | 7680
[Trainable] image_encoder.blocks.7.attn.lora_B_k.0.weight                (768, 10) | 7680
[Trainable] image_encoder.blocks.7.attn.lora_B_v.0.weight                (768, 10) | 7680
[Trainable] image_encoder.blocks.7.attn.Lora_shared_A_k.weight           (10, 768) | 7680
[Trainable] image_encoder.blocks.7.attn.Lora_shared_B_k.weight           (768, 10) | 7680
[Trainable] image_encoder.blocks.7.attn.Lora_shared_A_v.weight           (10, 768) | 7680
[Trainable] image_encoder.blocks.7.attn.Lora_shared_B_v.weight           (768, 10) | 7680
[Trainable] image_encoder.blocks.8.attn.lora_B_k.0.weight                (768, 10) | 7680
[Trainable] image_encoder.blocks.8.attn.lora_B_v.0.weight                (768, 10) | 7680
[Trainable] image_encoder.blocks.8.attn.Lora_shared_A_k.weight           (10, 768) | 7680
[Trainable] image_encoder.blocks.8.attn.Lora_shared_B_k.weight           (768, 10) | 7680
[Trainable] image_encoder.blocks.8.attn.Lora_shared_A_v.weight           (10, 768) | 7680
[Trainable] image_encoder.blocks.8.attn.Lora_shared_B_v.weight           (768, 10) | 7680
[Trainable] image_encoder.blocks.9.attn.lora_B_k.0.weight                (768, 10) | 7680
[Trainable] image_encoder.blocks.9.attn.lora_B_v.0.weight                (768, 10) | 7680
[Trainable] image_encoder.blocks.9.attn.Lora_shared_A_k.weight           (10, 768) | 7680
[Trainable] image_encoder.blocks.9.attn.Lora_shared_B_k.weight           (768, 10) | 7680
[Trainable] image_encoder.blocks.9.attn.Lora_shared_A_v.weight           (10, 768) | 7680
[Trainable] image_encoder.blocks.9.attn.Lora_shared_B_v.weight           (768, 10) | 7680
[Trainable] image_encoder.blocks.10.attn.lora_B_k.0.weight               (768, 10) | 7680
[Trainable] image_encoder.blocks.10.attn.lora_B_v.0.weight               (768, 10) | 7680
[Trainable] image_encoder.blocks.10.attn.Lora_shared_A_k.weight          (10, 768) | 7680
[Trainable] image_encoder.blocks.10.attn.Lora_shared_B_k.weight          (768, 10) | 7680
[Trainable] image_encoder.blocks.10.attn.Lora_shared_A_v.weight          (10, 768) | 7680
[Trainable] image_encoder.blocks.10.attn.Lora_shared_B_v.weight          (768, 10) | 7680
[Trainable] image_encoder.blocks.11.attn.lora_B_k.0.weight               (768, 10) | 7680
[Trainable] image_encoder.blocks.11.attn.lora_B_v.0.weight               (768, 10) | 7680
[Trainable] image_encoder.blocks.11.attn.Lora_shared_A_k.weight          (10, 768) | 7680
[Trainable] image_encoder.blocks.11.attn.Lora_shared_B_k.weight          (768, 10) | 7680
[Trainable] image_encoder.blocks.11.attn.Lora_shared_A_v.weight          (10, 768) | 7680
[Trainable] image_encoder.blocks.11.attn.Lora_shared_B_v.weight          (768, 10) | 7680
[Trainable] classifier_pool.0.weight                                     (10, 768) | 7680
[Trainable] classifier_pool.0.bias                                       (10,) | 10
2026-08-14 16:47:05,155 [toolkit.py] => Total params:     106,727,863
2026-08-14 16:47:05,155 [toolkit.py] => Trainable params: 560,650
2026-08-14 16:47:05,155 [toolkit.py] => Trainable ratio:  0.5253%
✅ Requires_grad parameters and optimizer parameters are consistent.
  0%|          | 0/10 [00:00<?, ?it/s]

cur_task 0, Epoch 0: Head LR=0.010000, Backbone LR=0.001000
  0%|          | 0/10 [00:02<?, ?it/s]
Traceback (most recent call last):
  File "/home/zll2025/low-rank-cl-main/main.py", line 57, in <module>
    main()
  File "/home/zll2025/low-rank-cl-main/main.py", line 30, in main
    start(args)
  File "/home/zll2025/low-rank-cl-main/trainer.py", line 15, in start
    train(data_manager, model, args)
  File "/home/zll2025/low-rank-cl-main/trainer.py", line 107, in train
    model.incremental_train(data_manager)
  File "/home/zll2025/low-rank-cl-main/methods/splitlorav6.py", line 245, in incremental_train
    self._train(self.train_loader)
  File "/home/zll2025/low-rank-cl-main/methods/splitlorav6.py", line 323, in _train
    self._train_function(train_loader, optimizer, scheduler)
  File "/home/zll2025/low-rank-cl-main/methods/splitlorav6.py", line 520, in _train_function
    ret_minus = self.network(inputs)
  File "/home/zll2025/anaconda3/envs/low-rank-cl/lib/python3.9/site-packages/torch/nn/modules/module.py", line 1751, in _wrapped_call_impl
    return self._call_impl(*args, **kwargs)
  File "/home/zll2025/anaconda3/envs/low-rank-cl/lib/python3.9/site-packages/torch/nn/modules/module.py", line 1762, in _call_impl
    return forward_call(*args, **kwargs)
  File "/home/zll2025/low-rank-cl-main/models/net_splitlora_R.py", line 105, in forward
    image_features = self.image_encoder(image, task_id=self._cur_task, get_feat=get_feat, get_cur_feat=get_cur_feat, get_weight=get_weight)
  File "/home/zll2025/anaconda3/envs/low-rank-cl/lib/python3.9/site-packages/torch/nn/modules/module.py", line 1751, in _wrapped_call_impl
    return self._call_impl(*args, **kwargs)
  File "/home/zll2025/anaconda3/envs/low-rank-cl/lib/python3.9/site-packages/torch/nn/modules/module.py", line 1762, in _call_impl
    return forward_call(*args, **kwargs)
  File "/home/zll2025/low-rank-cl-main/models/net_splitlora_R.py", line 52, in forward
    x = blk(x, task_id, register_blk==i, get_feat=get_feat, get_cur_feat=get_cur_feat, get_weight=get_weight)
  File "/home/zll2025/anaconda3/envs/low-rank-cl/lib/python3.9/site-packages/torch/nn/modules/module.py", line 1751, in _wrapped_call_impl
    return self._call_impl(*args, **kwargs)
  File "/home/zll2025/anaconda3/envs/low-rank-cl/lib/python3.9/site-packages/torch/nn/modules/module.py", line 1762, in _call_impl
    return forward_call(*args, **kwargs)
  File "/home/zll2025/low-rank-cl-main/models/vit_splitlora_R.py", line 371, in forward
    x = x + self.drop_path2(self.ls2(self.mlp(self.norm2(x))))
  File "/home/zll2025/anaconda3/envs/low-rank-cl/lib/python3.9/site-packages/torch/nn/modules/module.py", line 1751, in _wrapped_call_impl
    return self._call_impl(*args, **kwargs)
  File "/home/zll2025/anaconda3/envs/low-rank-cl/lib/python3.9/site-packages/torch/nn/modules/module.py", line 1762, in _call_impl
    return forward_call(*args, **kwargs)
  File "/home/zll2025/anaconda3/envs/low-rank-cl/lib/python3.9/site-packages/timm/models/layers/mlp.py", line 28, in forward
    x = self.act(x)
  File "/home/zll2025/anaconda3/envs/low-rank-cl/lib/python3.9/site-packages/torch/nn/modules/module.py", line 1751, in _wrapped_call_impl
    return self._call_impl(*args, **kwargs)
  File "/home/zll2025/anaconda3/envs/low-rank-cl/lib/python3.9/site-packages/torch/nn/modules/module.py", line 1762, in _call_impl
    return forward_call(*args, **kwargs)
  File "/home/zll2025/anaconda3/envs/low-rank-cl/lib/python3.9/site-packages/torch/nn/modules/activation.py", line 734, in forward
    return F.gelu(input, approximate=self.approximate)
torch.OutOfMemoryError: CUDA out of memory. Tried to allocate 592.00 MiB. GPU 5 has a total capacity of 44.35 GiB of which 129.69 MiB is free. Process 216898 has 6.60 GiB memory in use. Process 348572 has 26.62 GiB memory in use. Including non-PyTorch memory, this process has 10.97 GiB memory in use. Of the allocated memory 9.89 GiB is allocated by PyTorch, and 795.67 MiB is reserved by PyTorch but unallocated. If reserved but unallocated memory is large try setting PYTORCH_CUDA_ALLOC_CONF=expandable_segments:True to avoid fragmentation.  See documentation for Memory Management  (https://pytorch.org/docs/stable/notes/cuda.html#environment-variables)
