nohup: ignoring input
2026-08-02 19:35:19,899 [toolkit.py] => config: configs/splitlorav16/imagenet-a_seed=1993_sharedqkv_decay=0.9.json
2026-08-02 19:35:19,900 [toolkit.py] => device: [device(type='cuda', index=5)]
2026-08-02 19:35:19,900 [toolkit.py] => debug: False
2026-08-02 19:35:19,900 [toolkit.py] => save_ckp: False
2026-08-02 19:35:19,900 [toolkit.py] => moe_list: None
2026-08-02 19:35:19,900 [toolkit.py] => seed: 1993
2026-08-02 19:35:19,900 [toolkit.py] => dataset: imagenet-a
2026-08-02 19:35:19,900 [toolkit.py] => data_path: data/imagenet-a
2026-08-02 19:35:19,900 [toolkit.py] => load: vit_base_patch16_224_in21k
2026-08-02 19:35:19,900 [toolkit.py] => init_cls: 20
2026-08-02 19:35:19,900 [toolkit.py] => increment: 20
2026-08-02 19:35:19,900 [toolkit.py] => sessions: 10
2026-08-02 19:35:19,900 [toolkit.py] => shuffle: False
2026-08-02 19:35:19,900 [toolkit.py] => method: splitlorav16
2026-08-02 19:35:19,900 [toolkit.py] => ema_type: EMA
2026-08-02 19:35:19,900 [toolkit.py] => optimizer: adamw
2026-08-02 19:35:19,900 [toolkit.py] => scheduler: steplr
2026-08-02 19:35:19,900 [toolkit.py] => epochs: 10
2026-08-02 19:35:19,900 [toolkit.py] => lrate: 0.001
2026-08-02 19:35:19,900 [toolkit.py] => lrate_head: 0.01
2026-08-02 19:35:19,900 [toolkit.py] => weight_decay: 5e-05
2026-08-02 19:35:19,900 [toolkit.py] => batch_size: 256
2026-08-02 19:35:19,900 [toolkit.py] => rank: 10
2026-08-02 19:35:19,900 [toolkit.py] => num_workers: 16
2026-08-02 19:35:19,900 [toolkit.py] => lamb: 0.95
2026-08-02 19:35:19,900 [toolkit.py] => lame: 1.0
2026-08-02 19:35:19,900 [toolkit.py] => in_dim: 768
2026-08-02 19:35:19,900 [toolkit.py] => alpha: 20
2026-08-02 19:35:19,900 [toolkit.py] => ema_decay: 0.9
2026-08-02 19:35:19,900 [toolkit.py] => ema_decay2: 0
2026-08-02 19:35:19,900 [toolkit.py] => logdir: logs/splitlorav16/imagenet-a/t10
2026-08-02 19:35:19,900 [toolkit.py] => logfilename: logs/splitlorav16/imagenet-a/t10/seed1993
2026-08-02 19:35:19,920 [data_manager.py] => Class index order: 0, 1, 2, 3, 4, ..., 195, 196, 197, 198, 199
Traceback (most recent call last):
  File "/home/zll2025/low-rank-cl-main/main.py", line 57, in <module>
    main()
  File "/home/zll2025/low-rank-cl-main/main.py", line 30, in main
    start(args)
  File "/home/zll2025/low-rank-cl-main/trainer.py", line 14, in start
    data_manager, model = initialize(args)
                          ^^^^^^^^^^^^^^^^
  File "/home/zll2025/low-rank-cl-main/trainer.py", line 32, in initialize
    model = get_model(args['method'], args)
            ^^^^^^^^^^^^^^^^^^^^^^^^^^^^^^^
  File "/home/zll2025/low-rank-cl-main/utils/factory.py", line 66, in get_model
    from methods.splitlorav16 import SplitLoRAV6
  File "/home/zll2025/low-rank-cl-main/methods/splitlorav16.py", line 15, in <module>
    from models.net_splitlora_R_only_use_shared_adapter import Net
  File "/home/zll2025/low-rank-cl-main/models/net_splitlora_R_only_use_shared_adapter.py", line 5, in <module>
    from models.vit_splitlora_R_only_use_shared_adapter import VisionTransformer, PatchEmbed, Block, Attention_LoRA
  File "/home/zll2025/low-rank-cl-main/models/vit_splitlora_R_only_use_shared_adapter.py", line 26, in <module>
    from timm.models.helpers import build_model_with_cfg, resolve_pretrained_cfg, named_apply, adapt_input_conv, checkpoint_seq
ImportError: cannot import name 'resolve_pretrained_cfg' from 'timm.models.helpers' (/home/zll2025/anaconda3/lib/python3.11/site-packages/timm/models/helpers.py)
