nohup: ignoring input
2026-08-26 07:39:47,696 [toolkit.py] => config: configs/splitlorav6/domain_seed=1993_R=50_ro=0.1.json
2026-08-26 07:39:47,696 [toolkit.py] => device: [device(type='cuda', index=5)]
2026-08-26 07:39:47,696 [toolkit.py] => debug: False
2026-08-26 07:39:47,696 [toolkit.py] => save_ckp: False
2026-08-26 07:39:47,696 [toolkit.py] => moe_list: None
2026-08-26 07:39:47,697 [toolkit.py] => seed: 1993
2026-08-26 07:39:47,697 [toolkit.py] => dataset: domainnet
2026-08-26 07:39:47,697 [toolkit.py] => data_path: data/domainnet
2026-08-26 07:39:47,697 [toolkit.py] => load: vit_base_patch16_224_in21k
2026-08-26 07:39:47,697 [toolkit.py] => init_cls: 69
2026-08-26 07:39:47,697 [toolkit.py] => increment: 69
2026-08-26 07:39:47,697 [toolkit.py] => sessions: 5
2026-08-26 07:39:47,697 [toolkit.py] => shuffle: False
2026-08-26 07:39:47,697 [toolkit.py] => method: splitlorav6
2026-08-26 07:39:47,697 [toolkit.py] => optimizer: adamw
2026-08-26 07:39:47,697 [toolkit.py] => scheduler: steplr
2026-08-26 07:39:47,697 [toolkit.py] => ema_type: EMA
2026-08-26 07:39:47,697 [toolkit.py] => epochs: 10
2026-08-26 07:39:47,697 [toolkit.py] => lrate: 0.001
2026-08-26 07:39:47,697 [toolkit.py] => lrate_head: 0.01
2026-08-26 07:39:47,697 [toolkit.py] => weight_decay: 5e-05
2026-08-26 07:39:47,697 [toolkit.py] => batch_size: 256
2026-08-26 07:39:47,697 [toolkit.py] => rank: 10
2026-08-26 07:39:47,697 [toolkit.py] => num_workers: 16
2026-08-26 07:39:47,697 [toolkit.py] => lamb: 0.95
2026-08-26 07:39:47,697 [toolkit.py] => lame: 1.0
2026-08-26 07:39:47,697 [toolkit.py] => in_dim: 768
2026-08-26 07:39:47,698 [toolkit.py] => alpha: 20
2026-08-26 07:39:47,698 [toolkit.py] => ema_decay: 0
2026-08-26 07:39:47,698 [toolkit.py] => ema_decay2: 0
2026-08-26 07:39:47,698 [toolkit.py] => R: 0.5
2026-08-26 07:39:47,698 [toolkit.py] => ortho_loss_type: True
2026-08-26 07:39:47,698 [toolkit.py] => ortho_loss_weight: 0.1
2026-08-26 07:39:47,698 [toolkit.py] => logdir: logs/splitlorav6/domainnet/t5
2026-08-26 07:39:47,698 [toolkit.py] => logfilename: logs/splitlorav6/domainnet/t5/seed1993
2026-08-26 07:39:48,157 [data_manager.py] => Class index order: 0, 1, 2, 3, 4, ..., 340, 341, 342, 343, 344
2026-08-26 07:40:04,883 [trainer.py] => ================================================================================
2026-08-26 07:40:04,883 [trainer.py] => Dataset Information
2026-08-26 07:40:04,883 [trainer.py] => ================================================================================
2026-08-26 07:40:04,883 [trainer.py] =>   Dataset name     : domainnet
2026-08-26 07:40:04,883 [trainer.py] =>   Data path        : data/domainnet
2026-08-26 07:40:04,883 [trainer.py] =>   Total classes    : 345
2026-08-26 07:40:04,883 [trainer.py] =>   Total tasks      : 5
2026-08-26 07:40:04,884 [trainer.py] =>   Task increments  : [69, 69, 69, 69, 69]
2026-08-26 07:40:04,884 [trainer.py] =>   Init classes     : 69
2026-08-26 07:40:04,884 [trainer.py] =>   Increment per task: 69
2026-08-26 07:40:04,884 [trainer.py] =>   Shuffle          : False
2026-08-26 07:40:04,884 [trainer.py] =>   Seed             : 1993
2026-08-26 07:40:04,884 [trainer.py] => --------------------------------------------------------------------------------
2026-08-26 07:40:04,884 [trainer.py] => Task split:
2026-08-26 07:40:05,014 [trainer.py] =>   Task 0: classes 0-68 (69 classes) | Train: 67628 images (265 batches), Test: 17009 images (67 batches)
2026-08-26 07:40:05,110 [trainer.py] =>   Task 1: classes 69-137 (69 classes) | Train: 65335 images (256 batches), Test: 16374 images (64 batches)
2026-08-26 07:40:05,202 [trainer.py] =>   Task 2: classes 138-206 (69 classes) | Train: 70512 images (276 batches), Test: 17747 images (70 batches)
2026-08-26 07:40:05,321 [trainer.py] =>   Task 3: classes 207-275 (69 classes) | Train: 68362 images (268 batches), Test: 16831 images (66 batches)
2026-08-26 07:40:05,408 [trainer.py] =>   Task 4: classes 276-344 (69 classes) | Train: 66967 images (262 batches), Test: 16741 images (66 batches)
2026-08-26 07:40:05,408 [trainer.py] => ================================================================================
2026-08-26 07:40:05,408 [trainer.py] => ================================================================================
2026-08-26 07:40:05,480 [splitlorav6.py] => Task 0 learning on class 0-69
Parameters to be updated:
[Trainable] image_encoder.blocks.0.attn.lora_B_k.0.weight                (768, 10) | 7680
[Trainable] image_encoder.blocks.0.attn.lora_B_v.0.weight                (768, 10) | 7680
[Trainable] image_encoder.blocks.0.attn.Lora_shared_A_k.weight           (10, 768) | 7680
[Trainable] image_encoder.blocks.0.attn.Lora_shared_B_k.weight           (768, 10) | 7680
[Trainable] image_encoder.blocks.0.attn.Lora_shared_A_v.weight           (10, 768) | 7680
[Trainable] image_encoder.blocks.0.attn.Lora_shared_B_v.weight           (768, 10) | 7680
[Trainable] image_encoder.blocks.0.attn.shared_gate.0.weight             (768, 1, 3) | 2304
[Trainable] image_encoder.blocks.1.attn.lora_B_k.0.weight                (768, 10) | 7680
[Trainable] image_encoder.blocks.1.attn.lora_B_v.0.weight                (768, 10) | 7680
[Trainable] image_encoder.blocks.1.attn.Lora_shared_A_k.weight           (10, 768) | 7680
[Trainable] image_encoder.blocks.1.attn.Lora_shared_B_k.weight           (768, 10) | 7680
[Trainable] image_encoder.blocks.1.attn.Lora_shared_A_v.weight           (10, 768) | 7680
[Trainable] image_encoder.blocks.1.attn.Lora_shared_B_v.weight           (768, 10) | 7680
[Trainable] image_encoder.blocks.1.attn.shared_gate.0.weight             (768, 1, 3) | 2304
[Trainable] image_encoder.blocks.2.attn.lora_B_k.0.weight                (768, 10) | 7680
[Trainable] image_encoder.blocks.2.attn.lora_B_v.0.weight                (768, 10) | 7680
[Trainable] image_encoder.blocks.2.attn.Lora_shared_A_k.weight           (10, 768) | 7680
[Trainable] image_encoder.blocks.2.attn.Lora_shared_B_k.weight           (768, 10) | 7680
[Trainable] image_encoder.blocks.2.attn.Lora_shared_A_v.weight           (10, 768) | 7680
[Trainable] image_encoder.blocks.2.attn.Lora_shared_B_v.weight           (768, 10) | 7680
[Trainable] image_encoder.blocks.2.attn.shared_gate.0.weight             (768, 1, 3) | 2304
[Trainable] image_encoder.blocks.3.attn.lora_B_k.0.weight                (768, 10) | 7680
[Trainable] image_encoder.blocks.3.attn.lora_B_v.0.weight                (768, 10) | 7680
[Trainable] image_encoder.blocks.3.attn.Lora_shared_A_k.weight           (10, 768) | 7680
[Trainable] image_encoder.blocks.3.attn.Lora_shared_B_k.weight           (768, 10) | 7680
[Trainable] image_encoder.blocks.3.attn.Lora_shared_A_v.weight           (10, 768) | 7680
[Trainable] image_encoder.blocks.3.attn.Lora_shared_B_v.weight           (768, 10) | 7680
[Trainable] image_encoder.blocks.3.attn.shared_gate.0.weight             (768, 1, 3) | 2304
[Trainable] image_encoder.blocks.4.attn.lora_B_k.0.weight                (768, 10) | 7680
[Trainable] image_encoder.blocks.4.attn.lora_B_v.0.weight                (768, 10) | 7680
[Trainable] image_encoder.blocks.4.attn.Lora_shared_A_k.weight           (10, 768) | 7680
[Trainable] image_encoder.blocks.4.attn.Lora_shared_B_k.weight           (768, 10) | 7680
[Trainable] image_encoder.blocks.4.attn.Lora_shared_A_v.weight           (10, 768) | 7680
[Trainable] image_encoder.blocks.4.attn.Lora_shared_B_v.weight           (768, 10) | 7680
[Trainable] image_encoder.blocks.4.attn.shared_gate.0.weight             (768, 1, 3) | 2304
[Trainable] image_encoder.blocks.5.attn.lora_B_k.0.weight                (768, 10) | 7680
[Trainable] image_encoder.blocks.5.attn.lora_B_v.0.weight                (768, 10) | 7680
[Trainable] image_encoder.blocks.5.attn.Lora_shared_A_k.weight           (10, 768) | 7680
[Trainable] image_encoder.blocks.5.attn.Lora_shared_B_k.weight           (768, 10) | 7680
[Trainable] image_encoder.blocks.5.attn.Lora_shared_A_v.weight           (10, 768) | 7680
[Trainable] image_encoder.blocks.5.attn.Lora_shared_B_v.weight           (768, 10) | 7680
[Trainable] image_encoder.blocks.5.attn.shared_gate.0.weight             (768, 1, 3) | 2304
[Trainable] image_encoder.blocks.6.attn.lora_B_k.0.weight                (768, 10) | 7680
[Trainable] image_encoder.blocks.6.attn.lora_B_v.0.weight                (768, 10) | 7680
[Trainable] image_encoder.blocks.6.attn.Lora_shared_A_k.weight           (10, 768) | 7680
[Trainable] image_encoder.blocks.6.attn.Lora_shared_B_k.weight           (768, 10) | 7680
[Trainable] image_encoder.blocks.6.attn.Lora_shared_A_v.weight           (10, 768) | 7680
[Trainable] image_encoder.blocks.6.attn.Lora_shared_B_v.weight           (768, 10) | 7680
[Trainable] image_encoder.blocks.6.attn.shared_gate.0.weight             (768, 1, 3) | 2304
[Trainable] image_encoder.blocks.7.attn.lora_B_k.0.weight                (768, 10) | 7680
[Trainable] image_encoder.blocks.7.attn.lora_B_v.0.weight                (768, 10) | 7680
[Trainable] image_encoder.blocks.7.attn.Lora_shared_A_k.weight           (10, 768) | 7680
[Trainable] image_encoder.blocks.7.attn.Lora_shared_B_k.weight           (768, 10) | 7680
[Trainable] image_encoder.blocks.7.attn.Lora_shared_A_v.weight           (10, 768) | 7680
[Trainable] image_encoder.blocks.7.attn.Lora_shared_B_v.weight           (768, 10) | 7680
[Trainable] image_encoder.blocks.7.attn.shared_gate.0.weight             (768, 1, 3) | 2304
[Trainable] image_encoder.blocks.8.attn.lora_B_k.0.weight                (768, 10) | 7680
[Trainable] image_encoder.blocks.8.attn.lora_B_v.0.weight                (768, 10) | 7680
[Trainable] image_encoder.blocks.8.attn.Lora_shared_A_k.weight           (10, 768) | 7680
[Trainable] image_encoder.blocks.8.attn.Lora_shared_B_k.weight           (768, 10) | 7680
[Trainable] image_encoder.blocks.8.attn.Lora_shared_A_v.weight           (10, 768) | 7680
[Trainable] image_encoder.blocks.8.attn.Lora_shared_B_v.weight           (768, 10) | 7680
[Trainable] image_encoder.blocks.8.attn.shared_gate.0.weight             (768, 1, 3) | 2304
[Trainable] image_encoder.blocks.9.attn.lora_B_k.0.weight                (768, 10) | 7680
[Trainable] image_encoder.blocks.9.attn.lora_B_v.0.weight                (768, 10) | 7680
[Trainable] image_encoder.blocks.9.attn.Lora_shared_A_k.weight           (10, 768) | 7680
[Trainable] image_encoder.blocks.9.attn.Lora_shared_B_k.weight           (768, 10) | 7680
[Trainable] image_encoder.blocks.9.attn.Lora_shared_A_v.weight           (10, 768) | 7680
[Trainable] image_encoder.blocks.9.attn.Lora_shared_B_v.weight           (768, 10) | 7680
[Trainable] image_encoder.blocks.9.attn.shared_gate.0.weight             (768, 1, 3) | 2304
[Trainable] image_encoder.blocks.10.attn.lora_B_k.0.weight               (768, 10) | 7680
[Trainable] image_encoder.blocks.10.attn.lora_B_v.0.weight               (768, 10) | 7680
[Trainable] image_encoder.blocks.10.attn.Lora_shared_A_k.weight          (10, 768) | 7680
[Trainable] image_encoder.blocks.10.attn.Lora_shared_B_k.weight          (768, 10) | 7680
[Trainable] image_encoder.blocks.10.attn.Lora_shared_A_v.weight          (10, 768) | 7680
[Trainable] image_encoder.blocks.10.attn.Lora_shared_B_v.weight          (768, 10) | 7680
[Trainable] image_encoder.blocks.10.attn.shared_gate.0.weight            (768, 1, 3) | 2304
[Trainable] image_encoder.blocks.11.attn.lora_B_k.0.weight               (768, 10) | 7680
[Trainable] image_encoder.blocks.11.attn.lora_B_v.0.weight               (768, 10) | 7680
[Trainable] image_encoder.blocks.11.attn.Lora_shared_A_k.weight          (10, 768) | 7680
[Trainable] image_encoder.blocks.11.attn.Lora_shared_B_k.weight          (768, 10) | 7680
[Trainable] image_encoder.blocks.11.attn.Lora_shared_A_v.weight          (10, 768) | 7680
[Trainable] image_encoder.blocks.11.attn.Lora_shared_B_v.weight          (768, 10) | 7680
[Trainable] image_encoder.blocks.11.attn.shared_gate.0.weight            (768, 1, 3) | 2304
[Trainable] classifier_pool.0.weight                                     (69, 768) | 52992
[Trainable] classifier_pool.0.bias                                       (69,) | 69
2026-08-26 07:40:06,067 [toolkit.py] => Total params:     105,100,716
2026-08-26 07:40:06,067 [toolkit.py] => Trainable params: 633,669
2026-08-26 07:40:06,067 [toolkit.py] => Trainable ratio:  0.6029%
✅ Requires_grad parameters and optimizer parameters are consistent.
  0%|          | 0/10 [00:00<?, ?it/s]

cur_task 0, Epoch 0: Head LR=0.010000, Backbone LR=0.001000
