nohup: ignoring input
2026-07-30 23:09:50,313 [toolkit.py] => config: /home/zll2025/low-rank-cl-main/configs/splitlorav6/cifar100_seed=1993_Cum_avg.json
2026-07-30 23:09:50,313 [toolkit.py] => device: [device(type='cuda', index=0)]
2026-07-30 23:09:50,313 [toolkit.py] => debug: False
2026-07-30 23:09:50,313 [toolkit.py] => save_ckp: False
2026-07-30 23:09:50,313 [toolkit.py] => moe_list: None
2026-07-30 23:09:50,313 [toolkit.py] => seed: 1993
2026-07-30 23:09:50,313 [toolkit.py] => dataset: cifar100
2026-07-30 23:09:50,314 [toolkit.py] => data_path: data/cifar100
2026-07-30 23:09:50,314 [toolkit.py] => load: vit_base_patch16_224_in21k
2026-07-30 23:09:50,314 [toolkit.py] => init_cls: 10
2026-07-30 23:09:50,314 [toolkit.py] => increment: 10
2026-07-30 23:09:50,314 [toolkit.py] => sessions: 10
2026-07-30 23:09:50,314 [toolkit.py] => shuffle: False
2026-07-30 23:09:50,314 [toolkit.py] => method: splitlorav6
2026-07-30 23:09:50,314 [toolkit.py] => optimizer: adamw
2026-07-30 23:09:50,314 [toolkit.py] => ema_type: Cum_avg
2026-07-30 23:09:50,314 [toolkit.py] => scheduler: steplr
2026-07-30 23:09:50,314 [toolkit.py] => epochs: 10
2026-07-30 23:09:50,314 [toolkit.py] => lrate: 0.001
2026-07-30 23:09:50,314 [toolkit.py] => lrate_head: 0.01
2026-07-30 23:09:50,314 [toolkit.py] => weight_decay: 5e-05
2026-07-30 23:09:50,314 [toolkit.py] => batch_size: 256
2026-07-30 23:09:50,314 [toolkit.py] => rank: 10
2026-07-30 23:09:50,314 [toolkit.py] => num_workers: 16
2026-07-30 23:09:50,314 [toolkit.py] => lamb: 0.95
2026-07-30 23:09:50,314 [toolkit.py] => lame: 1.0
2026-07-30 23:09:50,314 [toolkit.py] => in_dim: 768
2026-07-30 23:09:50,314 [toolkit.py] => alpha: 20
2026-07-30 23:09:50,314 [toolkit.py] => ema_decay: 0.9999
2026-07-30 23:09:50,314 [toolkit.py] => ema_decay2: 0.99
2026-07-30 23:09:50,314 [toolkit.py] => logdir: logs/splitlorav6/cifar100/t10
2026-07-30 23:09:50,314 [toolkit.py] => logfilename: logs/splitlorav6/cifar100/t10/seed1993
2026-07-30 23:09:51,834 [data_manager.py] => Class index order: 0, 1, 2, 3, 4, ..., 95, 96, 97, 98, 99
2026-07-30 23:09:54,115 [trainer.py] => ================================================================================
2026-07-30 23:09:54,122 [splitlorav6.py] => Task 0 learning on class 0-10
Parameters to be updated:
[Trainable] image_encoder.blocks.0.attn.lora_B_k.0.weight                (768, 10) | 7680
[Trainable] image_encoder.blocks.0.attn.lora_B_v.0.weight                (768, 10) | 7680
[Trainable] image_encoder.blocks.0.attn.Lora_shared_A_k.weight           (10, 768) | 7680
[Trainable] image_encoder.blocks.0.attn.Lora_shared_B_k.weight           (768, 10) | 7680
[Trainable] image_encoder.blocks.0.attn.Lora_shared_A_v.weight           (10, 768) | 7680
[Trainable] image_encoder.blocks.0.attn.Lora_shared_B_v.weight           (768, 10) | 7680
[Trainable] image_encoder.blocks.1.attn.lora_B_k.0.weight                (768, 10) | 7680
[Trainable] image_encoder.blocks.1.attn.lora_B_v.0.weight                (768, 10) | 7680
[Trainable] image_encoder.blocks.1.attn.Lora_shared_A_k.weight           (10, 768) | 7680
[Trainable] image_encoder.blocks.1.attn.Lora_shared_B_k.weight           (768, 10) | 7680
[Trainable] image_encoder.blocks.1.attn.Lora_shared_A_v.weight           (10, 768) | 7680
[Trainable] image_encoder.blocks.1.attn.Lora_shared_B_v.weight           (768, 10) | 7680
[Trainable] image_encoder.blocks.2.attn.lora_B_k.0.weight                (768, 10) | 7680
[Trainable] image_encoder.blocks.2.attn.lora_B_v.0.weight                (768, 10) | 7680
[Trainable] image_encoder.blocks.2.attn.Lora_shared_A_k.weight           (10, 768) | 7680
[Trainable] image_encoder.blocks.2.attn.Lora_shared_B_k.weight           (768, 10) | 7680
[Trainable] image_encoder.blocks.2.attn.Lora_shared_A_v.weight           (10, 768) | 7680
[Trainable] image_encoder.blocks.2.attn.Lora_shared_B_v.weight           (768, 10) | 7680
[Trainable] image_encoder.blocks.3.attn.lora_B_k.0.weight                (768, 10) | 7680
[Trainable] image_encoder.blocks.3.attn.lora_B_v.0.weight                (768, 10) | 7680
[Trainable] image_encoder.blocks.3.attn.Lora_shared_A_k.weight           (10, 768) | 7680
[Trainable] image_encoder.blocks.3.attn.Lora_shared_B_k.weight           (768, 10) | 7680
[Trainable] image_encoder.blocks.3.attn.Lora_shared_A_v.weight           (10, 768) | 7680
[Trainable] image_encoder.blocks.3.attn.Lora_shared_B_v.weight           (768, 10) | 7680
[Trainable] image_encoder.blocks.4.attn.lora_B_k.0.weight                (768, 10) | 7680
[Trainable] image_encoder.blocks.4.attn.lora_B_v.0.weight                (768, 10) | 7680
[Trainable] image_encoder.blocks.4.attn.Lora_shared_A_k.weight           (10, 768) | 7680
[Trainable] image_encoder.blocks.4.attn.Lora_shared_B_k.weight           (768, 10) | 7680
[Trainable] image_encoder.blocks.4.attn.Lora_shared_A_v.weight           (10, 768) | 7680
[Trainable] image_encoder.blocks.4.attn.Lora_shared_B_v.weight           (768, 10) | 7680
[Trainable] image_encoder.blocks.5.attn.lora_B_k.0.weight                (768, 10) | 7680
[Trainable] image_encoder.blocks.5.attn.lora_B_v.0.weight                (768, 10) | 7680
[Trainable] image_encoder.blocks.5.attn.Lora_shared_A_k.weight           (10, 768) | 7680
[Trainable] image_encoder.blocks.5.attn.Lora_shared_B_k.weight           (768, 10) | 7680
[Trainable] image_encoder.blocks.5.attn.Lora_shared_A_v.weight           (10, 768) | 7680
[Trainable] image_encoder.blocks.5.attn.Lora_shared_B_v.weight           (768, 10) | 7680
[Trainable] image_encoder.blocks.6.attn.lora_B_k.0.weight                (768, 10) | 7680
[Trainable] image_encoder.blocks.6.attn.lora_B_v.0.weight                (768, 10) | 7680
[Trainable] image_encoder.blocks.6.attn.Lora_shared_A_k.weight           (10, 768) | 7680
[Trainable] image_encoder.blocks.6.attn.Lora_shared_B_k.weight           (768, 10) | 7680
[Trainable] image_encoder.blocks.6.attn.Lora_shared_A_v.weight           (10, 768) | 7680
[Trainable] image_encoder.blocks.6.attn.Lora_shared_B_v.weight           (768, 10) | 7680
[Trainable] image_encoder.blocks.7.attn.lora_B_k.0.weight                (768, 10) | 7680
[Trainable] image_encoder.blocks.7.attn.lora_B_v.0.weight                (768, 10) | 7680
[Trainable] image_encoder.blocks.7.attn.Lora_shared_A_k.weight           (10, 768) | 7680
[Trainable] image_encoder.blocks.7.attn.Lora_shared_B_k.weight           (768, 10) | 7680
[Trainable] image_encoder.blocks.7.attn.Lora_shared_A_v.weight           (10, 768) | 7680
[Trainable] image_encoder.blocks.7.attn.Lora_shared_B_v.weight           (768, 10) | 7680
[Trainable] image_encoder.blocks.8.attn.lora_B_k.0.weight                (768, 10) | 7680
[Trainable] image_encoder.blocks.8.attn.lora_B_v.0.weight                (768, 10) | 7680
[Trainable] image_encoder.blocks.8.attn.Lora_shared_A_k.weight           (10, 768) | 7680
[Trainable] image_encoder.blocks.8.attn.Lora_shared_B_k.weight           (768, 10) | 7680
[Trainable] image_encoder.blocks.8.attn.Lora_shared_A_v.weight           (10, 768) | 7680
[Trainable] image_encoder.blocks.8.attn.Lora_shared_B_v.weight           (768, 10) | 7680
[Trainable] image_encoder.blocks.9.attn.lora_B_k.0.weight                (768, 10) | 7680
[Trainable] image_encoder.blocks.9.attn.lora_B_v.0.weight                (768, 10) | 7680
[Trainable] image_encoder.blocks.9.attn.Lora_shared_A_k.weight           (10, 768) | 7680
[Trainable] image_encoder.blocks.9.attn.Lora_shared_B_k.weight           (768, 10) | 7680
[Trainable] image_encoder.blocks.9.attn.Lora_shared_A_v.weight           (10, 768) | 7680
[Trainable] image_encoder.blocks.9.attn.Lora_shared_B_v.weight           (768, 10) | 7680
[Trainable] image_encoder.blocks.10.attn.lora_B_k.0.weight               (768, 10) | 7680
[Trainable] image_encoder.blocks.10.attn.lora_B_v.0.weight               (768, 10) | 7680
[Trainable] image_encoder.blocks.10.attn.Lora_shared_A_k.weight          (10, 768) | 7680
[Trainable] image_encoder.blocks.10.attn.Lora_shared_B_k.weight          (768, 10) | 7680
[Trainable] image_encoder.blocks.10.attn.Lora_shared_A_v.weight          (10, 768) | 7680
[Trainable] image_encoder.blocks.10.attn.Lora_shared_B_v.weight          (768, 10) | 7680
[Trainable] image_encoder.blocks.11.attn.lora_B_k.0.weight               (768, 10) | 7680
[Trainable] image_encoder.blocks.11.attn.lora_B_v.0.weight               (768, 10) | 7680
[Trainable] image_encoder.blocks.11.attn.Lora_shared_A_k.weight          (10, 768) | 7680
[Trainable] image_encoder.blocks.11.attn.Lora_shared_B_k.weight          (768, 10) | 7680
[Trainable] image_encoder.blocks.11.attn.Lora_shared_A_v.weight          (10, 768) | 7680
[Trainable] image_encoder.blocks.11.attn.Lora_shared_B_v.weight          (768, 10) | 7680
[Trainable] classifier_pool.0.weight                                     (10, 768) | 7680
[Trainable] classifier_pool.0.bias                                       (10,) | 10
2026-07-30 23:09:54,569 [toolkit.py] => Total params:     106,727,863
2026-07-30 23:09:54,569 [toolkit.py] => Trainable params: 560,650
2026-07-30 23:09:54,569 [toolkit.py] => Trainable ratio:  0.5253%
✅ Requires_grad parameters and optimizer parameters are consistent.
  0%|          | 0/10 [00:00<?, ?it/s]

cur_task 0, Epoch 0: Head LR=0.010000, Backbone LR=0.001000
Task 0, Epoch 1/10 => Loss 0.499, Train_accy 85.00:   0%|          | 0/10 [00:38<?, ?it/s]Task 0, Epoch 1/10 => Loss 0.499, Train_accy 85.00:  10%|█         | 1/10 [00:38<05:49, 38.81s/it]

cur_task 0, Epoch 1: Head LR=0.010000, Backbone LR=0.001000
Task 0, Epoch 2/10 => Loss 0.207, Train_accy 93.38:  10%|█         | 1/10 [01:17<05:49, 38.81s/it]Task 0, Epoch 2/10 => Loss 0.207, Train_accy 93.38:  20%|██        | 2/10 [01:17<05:11, 38.92s/it]

cur_task 0, Epoch 2: Head LR=0.010000, Backbone LR=0.001000
Task 0, Epoch 3/10 => Loss 0.162, Train_accy 94.78:  20%|██        | 2/10 [01:57<05:11, 38.92s/it]Task 0, Epoch 3/10 => Loss 0.162, Train_accy 94.78:  30%|███       | 3/10 [01:57<04:34, 39.15s/it]

cur_task 0, Epoch 3: Head LR=0.010000, Backbone LR=0.001000
Task 0, Epoch 4/10 => Loss 0.163, Train_accy 94.64:  30%|███       | 3/10 [02:36<04:34, 39.15s/it]Task 0, Epoch 4/10 => Loss 0.163, Train_accy 94.64:  40%|████      | 4/10 [02:36<03:56, 39.37s/it]

cur_task 0, Epoch 4: Head LR=0.010000, Backbone LR=0.001000
Task 0, Epoch 5/10 => Loss 0.154, Train_accy 94.94:  40%|████      | 4/10 [03:16<03:56, 39.37s/it]Task 0, Epoch 5/10 => Loss 0.154, Train_accy 94.94:  50%|█████     | 5/10 [03:16<03:17, 39.60s/it]

cur_task 0, Epoch 5: Head LR=0.001000, Backbone LR=0.000100
Task 0, Epoch 6/10 => Loss 0.122, Train_accy 95.94:  50%|█████     | 5/10 [03:57<03:17, 39.60s/it]Task 0, Epoch 6/10 => Loss 0.122, Train_accy 95.94:  60%|██████    | 6/10 [03:57<02:39, 39.76s/it]

cur_task 0, Epoch 6: Head LR=0.001000, Backbone LR=0.000100
