2026-07-04 01:10:15,533 [toolkit.py] => config: /home/zll2025/low-rank-cl-main/configs/splitlora/imagenet-r_seed=42.json
2026-07-04 01:10:15,533 [toolkit.py] => device: [device(type='cuda', index=2)]
2026-07-04 01:10:15,533 [toolkit.py] => debug: False
2026-07-04 01:10:15,533 [toolkit.py] => save_ckp: False
2026-07-04 01:10:15,533 [toolkit.py] => moe_list: None
2026-07-04 01:10:15,533 [toolkit.py] => seed: 42
2026-07-04 01:10:15,533 [toolkit.py] => dataset: imagenet-r
2026-07-04 01:10:15,533 [toolkit.py] => data_path: data/imagenet-r
2026-07-04 01:10:15,533 [toolkit.py] => load: vit_base_patch16_224_in21k
2026-07-04 01:10:15,533 [toolkit.py] => init_cls: 20
2026-07-04 01:10:15,533 [toolkit.py] => increment: 20
2026-07-04 01:10:15,533 [toolkit.py] => sessions: 10
2026-07-04 01:10:15,533 [toolkit.py] => shuffle: False
2026-07-04 01:10:15,533 [toolkit.py] => method: splitlora
2026-07-04 01:10:15,534 [toolkit.py] => optimizer: adamw
2026-07-04 01:10:15,534 [toolkit.py] => scheduler: steplr
2026-07-04 01:10:15,534 [toolkit.py] => epochs: 10
2026-07-04 01:10:15,534 [toolkit.py] => lrate: 0.001
2026-07-04 01:10:15,534 [toolkit.py] => lrate_head: 0.01
2026-07-04 01:10:15,534 [toolkit.py] => weight_decay: 5e-05
2026-07-04 01:10:15,534 [toolkit.py] => batch_size: 256
2026-07-04 01:10:15,534 [toolkit.py] => rank: 10
2026-07-04 01:10:15,534 [toolkit.py] => num_workers: 16
2026-07-04 01:10:15,534 [toolkit.py] => lamb: 0.95
2026-07-04 01:10:15,534 [toolkit.py] => lame: 1.0
2026-07-04 01:10:15,534 [toolkit.py] => in_dim: 768
2026-07-04 01:10:15,534 [toolkit.py] => alpha: 20
2026-07-04 01:10:15,534 [toolkit.py] => logdir: logs/splitlora/imagenet-r/t10
2026-07-04 01:10:15,534 [toolkit.py] => logfilename: logs/splitlora/imagenet-r/t10/seed42
2026-07-04 01:10:15,655 [data_manager.py] => Class index order: 0, 1, 2, 3, 4, ..., 195, 196, 197, 198, 199
2026-07-04 01:10:20,032 [trainer.py] => ================================================================================
2026-07-04 01:10:20,034 [base.py] => Task 0 learning on class 0-20
2026-07-04 01:10:20,452 [toolkit.py] => Total params:     106,436,123
2026-07-04 01:10:20,453 [toolkit.py] => Trainable params: 199,700
2026-07-04 01:10:20,453 [toolkit.py] => Trainable ratio:  0.1876%
2026-07-04 01:13:34,738 [splitlora.py] => Task 0, Epoch 10/10 => Loss 0.325, Train_accy 90.87
2026-07-04 01:13:47,807 [trainer.py] => Training time: 0h 3m 27s
2026-07-04 01:13:51,918 [trainer.py] => Evaluation time: 0h 0m 4s
2026-07-04 01:13:51,918 [trainer.py] => Accuracy: {'total': 84.67, '00-19': 84.67, 'old': 0, 'new': 84.67}
2026-07-04 01:13:51,919 [trainer.py] => (curve) top1 Acc: [84.67]
2026-07-04 01:13:51,919 [trainer.py] => Avergae Acc: 84.67
2026-07-04 01:13:51,919 [trainer.py] => (curve) top1 Acc with task: [84.67]
2026-07-04 01:13:51,919 [trainer.py] => Avergae Acc: 84.67
2026-07-04 01:13:51,919 [trainer.py] => (curve) top1 Acc task: [100.0]
2026-07-04 01:13:51,919 [trainer.py] => Avergae Acc: 100.00
2026-07-04 01:13:51,919 [trainer.py] => ================================================================================
2026-07-04 01:13:51,919 [trainer.py] => ================================================================================
2026-07-04 01:13:51,920 [base.py] => Task 1 learning on class 20-40
2026-07-04 01:13:51,930 [toolkit.py] => Total params:     106,436,123
2026-07-04 01:13:51,931 [toolkit.py] => Trainable params: 199,700
2026-07-04 01:13:51,931 [toolkit.py] => Trainable ratio:  0.1876%
2026-07-04 01:19:17,864 [splitlora.py] => Task 1, Epoch 10/10 => Loss 0.314, Train_accy 91.44
2026-07-04 01:19:30,970 [trainer.py] => Training time: 0h 5m 39s
2026-07-04 01:19:37,393 [trainer.py] => Evaluation time: 0h 0m 6s
2026-07-04 01:19:37,394 [trainer.py] => Accuracy: {'total': 81.92, '00-19': 81.42, '20-39': 82.36, 'old': 81.42, 'new': 82.36}
2026-07-04 01:19:37,394 [trainer.py] => (curve) top1 Acc: [84.67, 81.92]
2026-07-04 01:19:37,394 [trainer.py] => Avergae Acc: 83.30
2026-07-04 01:19:37,394 [trainer.py] => (curve) top1 Acc with task: [84.67, 86.75]
2026-07-04 01:19:37,394 [trainer.py] => Avergae Acc: 85.71
2026-07-04 01:19:37,394 [trainer.py] => (curve) top1 Acc task: [100.0, 90.19]
2026-07-04 01:19:37,394 [trainer.py] => Avergae Acc: 95.09
2026-07-04 01:19:37,394 [trainer.py] => ================================================================================
2026-07-04 01:19:37,394 [trainer.py] => ================================================================================
2026-07-04 01:19:37,395 [base.py] => Task 2 learning on class 40-60
2026-07-04 01:19:37,405 [toolkit.py] => Total params:     106,436,123
2026-07-04 01:19:37,405 [toolkit.py] => Trainable params: 199,700
2026-07-04 01:19:37,405 [toolkit.py] => Trainable ratio:  0.1876%
2026-07-04 01:21:57,215 [splitlora.py] => Task 2, Epoch 10/10 => Loss 0.317, Train_accy 90.57
2026-07-04 01:22:06,963 [trainer.py] => Training time: 0h 2m 29s
2026-07-04 01:22:14,856 [trainer.py] => Evaluation time: 0h 0m 7s
2026-07-04 01:22:14,856 [trainer.py] => Accuracy: {'total': 79.25, '00-19': 80.96, '20-39': 81.67, '40-59': 72.71, 'old': 81.33, 'new': 72.71}
2026-07-04 01:22:14,856 [trainer.py] => (curve) top1 Acc: [84.67, 81.92, 79.25]
2026-07-04 01:22:14,857 [trainer.py] => Avergae Acc: 81.95
2026-07-04 01:22:14,857 [trainer.py] => (curve) top1 Acc with task: [84.67, 86.75, 86.07]
2026-07-04 01:22:14,857 [trainer.py] => Avergae Acc: 85.83
2026-07-04 01:22:14,857 [trainer.py] => (curve) top1 Acc task: [100.0, 90.19, 87.01]
2026-07-04 01:22:14,857 [trainer.py] => Avergae Acc: 92.40
2026-07-04 01:22:14,857 [trainer.py] => ================================================================================
2026-07-04 01:22:14,857 [trainer.py] => ================================================================================
2026-07-04 01:22:14,858 [base.py] => Task 3 learning on class 60-80
2026-07-04 01:22:14,870 [toolkit.py] => Total params:     106,436,123
2026-07-04 01:22:14,870 [toolkit.py] => Trainable params: 199,700
2026-07-04 01:22:14,870 [toolkit.py] => Trainable ratio:  0.1876%
2026-07-04 01:25:18,302 [splitlora.py] => Task 3, Epoch 10/10 => Loss 0.302, Train_accy 91.38
2026-07-04 01:25:32,403 [trainer.py] => Training time: 0h 3m 17s
2026-07-04 01:25:42,299 [trainer.py] => Evaluation time: 0h 0m 9s
2026-07-04 01:25:42,299 [trainer.py] => Accuracy: {'total': 76.62, '00-19': 78.64, '20-39': 80.14, '40-59': 69.95, '60-79': 75.04, 'old': 77.14, 'new': 75.04}
2026-07-04 01:25:42,299 [trainer.py] => (curve) top1 Acc: [84.67, 81.92, 79.25, 76.62]
2026-07-04 01:25:42,299 [trainer.py] => Avergae Acc: 80.62
2026-07-04 01:25:42,299 [trainer.py] => (curve) top1 Acc with task: [84.67, 86.75, 86.07, 85.57]
2026-07-04 01:25:42,299 [trainer.py] => Avergae Acc: 85.77
2026-07-04 01:25:42,299 [trainer.py] => (curve) top1 Acc task: [100.0, 90.19, 87.01, 83.31]
2026-07-04 01:25:42,299 [trainer.py] => Avergae Acc: 90.13
2026-07-04 01:25:42,299 [trainer.py] => ================================================================================
2026-07-04 01:25:42,299 [trainer.py] => ================================================================================
2026-07-04 01:25:42,301 [base.py] => Task 4 learning on class 80-100
2026-07-04 01:25:42,317 [toolkit.py] => Total params:     106,436,123
2026-07-04 01:25:42,317 [toolkit.py] => Trainable params: 199,700
2026-07-04 01:25:42,317 [toolkit.py] => Trainable ratio:  0.1876%
2026-07-04 01:29:17,096 [splitlora.py] => Task 4, Epoch 10/10 => Loss 0.288, Train_accy 91.83
2026-07-04 01:29:32,510 [trainer.py] => Training time: 0h 3m 50s
2026-07-04 01:29:44,608 [trainer.py] => Evaluation time: 0h 0m 12s
2026-07-04 01:29:44,608 [trainer.py] => Accuracy: {'total': 75.57, '00-19': 77.4, '20-39': 79.58, '40-59': 68.58, '60-79': 74.02, '80-99': 75.39, 'old': 75.62, 'new': 75.39}
2026-07-04 01:29:44,608 [trainer.py] => (curve) top1 Acc: [84.67, 81.92, 79.25, 76.62, 75.57]
2026-07-04 01:29:44,608 [trainer.py] => Avergae Acc: 79.61
2026-07-04 01:29:44,608 [trainer.py] => (curve) top1 Acc with task: [84.67, 86.75, 86.07, 85.57, 85.1]
2026-07-04 01:29:44,608 [trainer.py] => Avergae Acc: 85.63
2026-07-04 01:29:44,608 [trainer.py] => (curve) top1 Acc task: [100.0, 90.19, 87.01, 83.31, 81.74]
2026-07-04 01:29:44,608 [trainer.py] => Avergae Acc: 88.45
2026-07-04 01:29:44,608 [trainer.py] => ================================================================================
2026-07-04 01:29:44,608 [trainer.py] => ================================================================================
2026-07-04 01:29:44,610 [base.py] => Task 5 learning on class 100-120
2026-07-04 01:29:44,622 [toolkit.py] => Total params:     106,436,123
2026-07-04 01:29:44,622 [toolkit.py] => Trainable params: 199,700
2026-07-04 01:29:44,622 [toolkit.py] => Trainable ratio:  0.1876%
2026-07-04 01:32:37,251 [splitlora.py] => Task 5, Epoch 10/10 => Loss 0.274, Train_accy 91.74
2026-07-04 01:32:49,195 [trainer.py] => Training time: 0h 3m 4s
2026-07-04 01:33:03,310 [trainer.py] => Evaluation time: 0h 0m 14s
2026-07-04 01:33:03,310 [trainer.py] => Accuracy: {'total': 74.1, '00-19': 74.92, '20-39': 78.89, '40-59': 68.35, '60-79': 72.16, '80-99': 74.68, '100-119': 72.79, 'old': 74.34, 'new': 72.79}
2026-07-04 01:33:03,311 [trainer.py] => (curve) top1 Acc: [84.67, 81.92, 79.25, 76.62, 75.57, 74.1]
2026-07-04 01:33:03,311 [trainer.py] => Avergae Acc: 78.69
2026-07-04 01:33:03,311 [trainer.py] => (curve) top1 Acc with task: [84.67, 86.75, 86.07, 85.57, 85.1, 85.12]
2026-07-04 01:33:03,311 [trainer.py] => Avergae Acc: 85.55
2026-07-04 01:33:03,311 [trainer.py] => (curve) top1 Acc task: [100.0, 90.19, 87.01, 83.31, 81.74, 79.99]
2026-07-04 01:33:03,311 [trainer.py] => Avergae Acc: 87.04
2026-07-04 01:33:03,311 [trainer.py] => ================================================================================
2026-07-04 01:33:03,311 [trainer.py] => ================================================================================
2026-07-04 01:33:03,313 [base.py] => Task 6 learning on class 120-140
2026-07-04 01:33:03,330 [toolkit.py] => Total params:     106,436,123
2026-07-04 01:33:03,330 [toolkit.py] => Trainable params: 199,700
2026-07-04 01:33:03,330 [toolkit.py] => Trainable ratio:  0.1876%
2026-07-04 01:36:01,375 [splitlora.py] => Task 6, Epoch 10/10 => Loss 0.347, Train_accy 90.50
2026-07-04 01:36:12,299 [trainer.py] => Training time: 0h 3m 8s
2026-07-04 01:36:28,319 [trainer.py] => Evaluation time: 0h 0m 16s
2026-07-04 01:36:28,320 [trainer.py] => Accuracy: {'total': 72.28, '00-19': 74.15, '20-39': 77.92, '40-59': 68.58, '60-79': 71.31, '80-99': 73.68, '100-119': 70.81, '120-139': 66.55, 'old': 73.17, 'new': 66.55}
2026-07-04 01:36:28,320 [trainer.py] => (curve) top1 Acc: [84.67, 81.92, 79.25, 76.62, 75.57, 74.1, 72.28]
2026-07-04 01:36:28,320 [trainer.py] => Avergae Acc: 77.77
2026-07-04 01:36:28,320 [trainer.py] => (curve) top1 Acc with task: [84.67, 86.75, 86.07, 85.57, 85.1, 85.12, 84.44]
2026-07-04 01:36:28,320 [trainer.py] => Avergae Acc: 85.39
2026-07-04 01:36:28,320 [trainer.py] => (curve) top1 Acc task: [100.0, 90.19, 87.01, 83.31, 81.74, 79.99, 77.88]
2026-07-04 01:36:28,320 [trainer.py] => Avergae Acc: 85.73
2026-07-04 01:36:28,320 [trainer.py] => ================================================================================
2026-07-04 01:36:28,320 [trainer.py] => ================================================================================
2026-07-04 01:36:28,322 [base.py] => Task 7 learning on class 140-160
2026-07-04 01:36:28,332 [toolkit.py] => Total params:     106,436,123
2026-07-04 01:36:28,332 [toolkit.py] => Trainable params: 199,700
2026-07-04 01:36:28,332 [toolkit.py] => Trainable ratio:  0.1876%
2026-07-04 01:38:51,917 [splitlora.py] => Task 7, Epoch 10/10 => Loss 0.300, Train_accy 91.38
2026-07-04 01:39:01,888 [trainer.py] => Training time: 0h 2m 33s
2026-07-04 01:39:19,242 [trainer.py] => Evaluation time: 0h 0m 17s
2026-07-04 01:39:19,242 [trainer.py] => Accuracy: {'total': 71.39, '00-19': 73.22, '20-39': 77.22, '40-59': 68.81, '60-79': 70.8, '80-99': 72.97, '100-119': 69.73, '120-139': 64.61, '140-159': 70.83, 'old': 71.45, 'new': 70.83}
2026-07-04 01:39:19,242 [trainer.py] => (curve) top1 Acc: [84.67, 81.92, 79.25, 76.62, 75.57, 74.1, 72.28, 71.39]
2026-07-04 01:39:19,242 [trainer.py] => Avergae Acc: 76.98
2026-07-04 01:39:19,242 [trainer.py] => (curve) top1 Acc with task: [84.67, 86.75, 86.07, 85.57, 85.1, 85.12, 84.44, 84.16]
2026-07-04 01:39:19,242 [trainer.py] => Avergae Acc: 85.23
2026-07-04 01:39:19,242 [trainer.py] => (curve) top1 Acc task: [100.0, 90.19, 87.01, 83.31, 81.74, 79.99, 77.88, 76.87]
2026-07-04 01:39:19,242 [trainer.py] => Avergae Acc: 84.62
2026-07-04 01:39:19,242 [trainer.py] => ================================================================================
2026-07-04 01:39:19,242 [trainer.py] => ================================================================================
2026-07-04 01:39:19,244 [base.py] => Task 8 learning on class 160-180
2026-07-04 01:39:19,254 [toolkit.py] => Total params:     106,436,123
2026-07-04 01:39:19,254 [toolkit.py] => Trainable params: 199,700
2026-07-04 01:39:19,254 [toolkit.py] => Trainable ratio:  0.1876%
2026-07-04 01:42:27,843 [splitlora.py] => Task 8, Epoch 10/10 => Loss 0.189, Train_accy 94.66
2026-07-04 01:42:39,664 [trainer.py] => Training time: 0h 3m 20s
2026-07-04 01:42:59,885 [trainer.py] => Evaluation time: 0h 0m 20s
2026-07-04 01:42:59,886 [trainer.py] => Accuracy: {'total': 72.29, '00-19': 72.29, '20-39': 76.81, '40-59': 68.35, '60-79': 70.29, '80-99': 72.12, '100-119': 69.19, '120-139': 63.2, '140-159': 67.76, '160-179': 86.31, 'old': 70.43, 'new': 86.31}
2026-07-04 01:42:59,886 [trainer.py] => (curve) top1 Acc: [84.67, 81.92, 79.25, 76.62, 75.57, 74.1, 72.28, 71.39, 72.29]
2026-07-04 01:42:59,886 [trainer.py] => Avergae Acc: 76.45
2026-07-04 01:42:59,886 [trainer.py] => (curve) top1 Acc with task: [84.67, 86.75, 86.07, 85.57, 85.1, 85.12, 84.44, 84.16, 84.96]
2026-07-04 01:42:59,886 [trainer.py] => Avergae Acc: 85.20
2026-07-04 01:42:59,886 [trainer.py] => (curve) top1 Acc task: [100.0, 90.19, 87.01, 83.31, 81.74, 79.99, 77.88, 76.87, 77.18]
2026-07-04 01:42:59,886 [trainer.py] => Avergae Acc: 83.80
2026-07-04 01:42:59,886 [trainer.py] => ================================================================================
2026-07-04 01:42:59,886 [trainer.py] => ================================================================================
2026-07-04 01:42:59,888 [base.py] => Task 9 learning on class 180-200
2026-07-04 01:42:59,898 [toolkit.py] => Total params:     106,436,123
2026-07-04 01:42:59,898 [toolkit.py] => Trainable params: 199,700
2026-07-04 01:42:59,898 [toolkit.py] => Trainable ratio:  0.1876%
2026-07-04 01:46:32,757 [splitlora.py] => Task 9, Epoch 10/10 => Loss 0.288, Train_accy 91.77
2026-07-04 01:46:45,144 [trainer.py] => Training time: 0h 3m 45s
2026-07-04 01:47:06,749 [trainer.py] => Evaluation time: 0h 0m 21s
2026-07-04 01:47:06,750 [trainer.py] => Accuracy: {'total': 72.08, '00-19': 72.14, '20-39': 76.25, '40-59': 68.35, '60-79': 70.12, '80-99': 71.98, '100-119': 69.19, '120-139': 61.8, '140-159': 67.11, '160-179': 85.02, '180-199': 74.22, 'old': 71.8, 'new': 74.22}
2026-07-04 01:47:06,750 [trainer.py] => (curve) top1 Acc: [84.67, 81.92, 79.25, 76.62, 75.57, 74.1, 72.28, 71.39, 72.29, 72.08]
2026-07-04 01:47:06,750 [trainer.py] => Avergae Acc: 76.02
2026-07-04 01:47:06,750 [trainer.py] => (curve) top1 Acc with task: [84.67, 86.75, 86.07, 85.57, 85.1, 85.12, 84.44, 84.16, 84.96, 85.2]
2026-07-04 01:47:06,750 [trainer.py] => Avergae Acc: 85.20
2026-07-04 01:47:06,750 [trainer.py] => (curve) top1 Acc task: [100.0, 90.19, 87.01, 83.31, 81.74, 79.99, 77.88, 76.87, 77.18, 76.58]
2026-07-04 01:47:06,750 [trainer.py] => Avergae Acc: 83.08
2026-07-04 01:47:06,750 [trainer.py] => ================================================================================
