2026-07-03 23:11:00,459 [toolkit.py] => config: /home/zll2025/low-rank-cl-main/configs/splitlora/imagenet-r_seed=0.json
2026-07-03 23:11:00,459 [toolkit.py] => device: [device(type='cuda', index=2)]
2026-07-03 23:11:00,460 [toolkit.py] => debug: False
2026-07-03 23:11:00,460 [toolkit.py] => save_ckp: False
2026-07-03 23:11:00,460 [toolkit.py] => moe_list: None
2026-07-03 23:11:00,460 [toolkit.py] => seed: 0
2026-07-03 23:11:00,460 [toolkit.py] => dataset: imagenet-r
2026-07-03 23:11:00,460 [toolkit.py] => data_path: data/imagenet-r
2026-07-03 23:11:00,460 [toolkit.py] => load: vit_base_patch16_224_in21k
2026-07-03 23:11:00,460 [toolkit.py] => init_cls: 20
2026-07-03 23:11:00,460 [toolkit.py] => increment: 20
2026-07-03 23:11:00,460 [toolkit.py] => sessions: 10
2026-07-03 23:11:00,460 [toolkit.py] => shuffle: False
2026-07-03 23:11:00,460 [toolkit.py] => method: splitlora
2026-07-03 23:11:00,460 [toolkit.py] => optimizer: adamw
2026-07-03 23:11:00,460 [toolkit.py] => scheduler: steplr
2026-07-03 23:11:00,460 [toolkit.py] => epochs: 10
2026-07-03 23:11:00,460 [toolkit.py] => lrate: 0.001
2026-07-03 23:11:00,460 [toolkit.py] => lrate_head: 0.01
2026-07-03 23:11:00,460 [toolkit.py] => weight_decay: 5e-05
2026-07-03 23:11:00,460 [toolkit.py] => batch_size: 256
2026-07-03 23:11:00,460 [toolkit.py] => rank: 10
2026-07-03 23:11:00,460 [toolkit.py] => num_workers: 16
2026-07-03 23:11:00,460 [toolkit.py] => lamb: 0.95
2026-07-03 23:11:00,460 [toolkit.py] => lame: 1.0
2026-07-03 23:11:00,460 [toolkit.py] => in_dim: 768
2026-07-03 23:11:00,460 [toolkit.py] => alpha: 20
2026-07-03 23:11:00,460 [toolkit.py] => logdir: logs/splitlora/imagenet-r/t10
2026-07-03 23:11:00,460 [toolkit.py] => logfilename: logs/splitlora/imagenet-r/t10/seed0
2026-07-03 23:11:00,541 [data_manager.py] => Class index order: 0, 1, 2, 3, 4, ..., 195, 196, 197, 198, 199
2026-07-03 23:11:03,390 [trainer.py] => ================================================================================
2026-07-03 23:11:03,392 [base.py] => Task 0 learning on class 0-20
2026-07-03 23:11:04,931 [toolkit.py] => Total params:     106,436,123
2026-07-03 23:11:04,931 [toolkit.py] => Trainable params: 199,700
2026-07-03 23:11:04,931 [toolkit.py] => Trainable ratio:  0.1876%
2026-07-03 23:17:10,539 [splitlora.py] => Task 0, Epoch 10/10 => Loss 0.364, Train_accy 90.21
2026-07-03 23:17:27,649 [trainer.py] => Training time: 0h 6m 24s
2026-07-03 23:17:34,369 [trainer.py] => Evaluation time: 0h 0m 6s
2026-07-03 23:17:34,369 [trainer.py] => Accuracy: {'total': 82.97, '00-19': 82.97, 'old': 0, 'new': 82.97}
2026-07-03 23:17:34,369 [trainer.py] => (curve) top1 Acc: [82.97]
2026-07-03 23:17:34,369 [trainer.py] => Avergae Acc: 82.97
2026-07-03 23:17:34,369 [trainer.py] => (curve) top1 Acc with task: [82.97]
2026-07-03 23:17:34,369 [trainer.py] => Avergae Acc: 82.97
2026-07-03 23:17:34,369 [trainer.py] => (curve) top1 Acc task: [100.0]
2026-07-03 23:17:34,369 [trainer.py] => Avergae Acc: 100.00
2026-07-03 23:17:34,370 [trainer.py] => ================================================================================
2026-07-03 23:17:34,370 [trainer.py] => ================================================================================
2026-07-03 23:17:34,371 [base.py] => Task 1 learning on class 20-40
2026-07-03 23:17:34,382 [toolkit.py] => Total params:     106,436,123
2026-07-03 23:17:34,382 [toolkit.py] => Trainable params: 199,700
2026-07-03 23:17:34,382 [toolkit.py] => Trainable ratio:  0.1876%
2026-07-03 23:24:21,661 [splitlora.py] => Task 1, Epoch 10/10 => Loss 0.284, Train_accy 91.65
2026-07-03 23:24:46,811 [trainer.py] => Training time: 0h 7m 12s
2026-07-03 23:24:59,774 [trainer.py] => Evaluation time: 0h 0m 12s
2026-07-03 23:24:59,775 [trainer.py] => Accuracy: {'total': 80.53, '00-19': 80.96, '20-39': 80.14, 'old': 80.96, 'new': 80.14}
2026-07-03 23:24:59,775 [trainer.py] => (curve) top1 Acc: [82.97, 80.53]
2026-07-03 23:24:59,775 [trainer.py] => Avergae Acc: 81.75
2026-07-03 23:24:59,775 [trainer.py] => (curve) top1 Acc with task: [82.97, 85.94]
2026-07-03 23:24:59,775 [trainer.py] => Avergae Acc: 84.45
2026-07-03 23:24:59,775 [trainer.py] => (curve) top1 Acc task: [100.0, 88.95]
2026-07-03 23:24:59,775 [trainer.py] => Avergae Acc: 94.47
2026-07-03 23:24:59,775 [trainer.py] => ================================================================================
2026-07-03 23:24:59,775 [trainer.py] => ================================================================================
2026-07-03 23:24:59,777 [base.py] => Task 2 learning on class 40-60
2026-07-03 23:24:59,793 [toolkit.py] => Total params:     106,436,123
2026-07-03 23:24:59,793 [toolkit.py] => Trainable params: 199,700
2026-07-03 23:24:59,793 [toolkit.py] => Trainable ratio:  0.1876%
2026-07-03 23:29:10,392 [splitlora.py] => Task 2, Epoch 10/10 => Loss 0.365, Train_accy 88.27
2026-07-03 23:29:26,809 [trainer.py] => Training time: 0h 4m 27s
2026-07-03 23:29:44,881 [trainer.py] => Evaluation time: 0h 0m 18s
2026-07-03 23:29:44,881 [trainer.py] => Accuracy: {'total': 77.41, '00-19': 80.96, '20-39': 79.72, '40-59': 68.35, 'old': 80.31, 'new': 68.35}
2026-07-03 23:29:44,881 [trainer.py] => (curve) top1 Acc: [82.97, 80.53, 77.41]
2026-07-03 23:29:44,882 [trainer.py] => Avergae Acc: 80.30
2026-07-03 23:29:44,882 [trainer.py] => (curve) top1 Acc with task: [82.97, 85.94, 85.24]
2026-07-03 23:29:44,882 [trainer.py] => Avergae Acc: 84.72
2026-07-03 23:29:44,882 [trainer.py] => (curve) top1 Acc task: [100.0, 88.95, 85.35]
2026-07-03 23:29:44,882 [trainer.py] => Avergae Acc: 91.43
2026-07-03 23:29:44,882 [trainer.py] => ================================================================================
2026-07-03 23:29:44,882 [trainer.py] => ================================================================================
2026-07-03 23:29:44,883 [base.py] => Task 3 learning on class 60-80
2026-07-03 23:29:44,893 [toolkit.py] => Total params:     106,436,123
2026-07-03 23:29:44,893 [toolkit.py] => Trainable params: 199,700
2026-07-03 23:29:44,893 [toolkit.py] => Trainable ratio:  0.1876%
2026-07-03 23:35:18,677 [splitlora.py] => Task 3, Epoch 10/10 => Loss 0.291, Train_accy 90.53
2026-07-03 23:35:45,274 [trainer.py] => Training time: 0h 6m 0s
2026-07-03 23:36:06,447 [trainer.py] => Evaluation time: 0h 0m 21s
2026-07-03 23:36:06,447 [trainer.py] => Accuracy: {'total': 75.07, '00-19': 79.88, '20-39': 78.33, '40-59': 66.06, '60-79': 72.5, 'old': 75.92, 'new': 72.5}
2026-07-03 23:36:06,447 [trainer.py] => (curve) top1 Acc: [82.97, 80.53, 77.41, 75.07]
2026-07-03 23:36:06,447 [trainer.py] => Avergae Acc: 79.00
2026-07-03 23:36:06,447 [trainer.py] => (curve) top1 Acc with task: [82.97, 85.94, 85.24, 84.86]
2026-07-03 23:36:06,447 [trainer.py] => Avergae Acc: 84.75
2026-07-03 23:36:06,447 [trainer.py] => (curve) top1 Acc task: [100.0, 88.95, 85.35, 81.93]
2026-07-03 23:36:06,447 [trainer.py] => Avergae Acc: 89.06
2026-07-03 23:36:06,447 [trainer.py] => ================================================================================
2026-07-03 23:36:06,447 [trainer.py] => ================================================================================
2026-07-03 23:36:06,449 [base.py] => Task 4 learning on class 80-100
2026-07-03 23:36:06,459 [toolkit.py] => Total params:     106,436,123
2026-07-03 23:36:06,459 [toolkit.py] => Trainable params: 199,700
2026-07-03 23:36:06,459 [toolkit.py] => Trainable ratio:  0.1876%
2026-07-03 23:42:46,061 [splitlora.py] => Task 4, Epoch 10/10 => Loss 0.275, Train_accy 91.58
2026-07-03 23:43:05,191 [trainer.py] => Training time: 0h 6m 58s
2026-07-03 23:43:26,506 [trainer.py] => Evaluation time: 0h 0m 21s
2026-07-03 23:43:26,506 [trainer.py] => Accuracy: {'total': 74.01, '00-19': 78.48, '20-39': 76.11, '40-59': 63.99, '60-79': 70.46, '80-99': 76.96, 'old': 73.15, 'new': 76.96}
2026-07-03 23:43:26,506 [trainer.py] => (curve) top1 Acc: [82.97, 80.53, 77.41, 75.07, 74.01]
2026-07-03 23:43:26,506 [trainer.py] => Avergae Acc: 78.00
2026-07-03 23:43:26,506 [trainer.py] => (curve) top1 Acc with task: [82.97, 85.94, 85.24, 84.86, 84.97]
2026-07-03 23:43:26,506 [trainer.py] => Avergae Acc: 84.80
2026-07-03 23:43:26,507 [trainer.py] => (curve) top1 Acc task: [100.0, 88.95, 85.35, 81.93, 80.19]
2026-07-03 23:43:26,507 [trainer.py] => Avergae Acc: 87.28
2026-07-03 23:43:26,507 [trainer.py] => ================================================================================
2026-07-03 23:43:26,507 [trainer.py] => ================================================================================
2026-07-03 23:43:26,508 [base.py] => Task 5 learning on class 100-120
2026-07-03 23:43:26,521 [toolkit.py] => Total params:     106,436,123
2026-07-03 23:43:26,521 [toolkit.py] => Trainable params: 199,700
2026-07-03 23:43:26,521 [toolkit.py] => Trainable ratio:  0.1876%
2026-07-03 23:48:41,464 [splitlora.py] => Task 5, Epoch 10/10 => Loss 0.229, Train_accy 93.72
2026-07-03 23:48:59,321 [trainer.py] => Training time: 0h 5m 32s
2026-07-03 23:49:31,361 [trainer.py] => Evaluation time: 0h 0m 32s
2026-07-03 23:49:31,361 [trainer.py] => Accuracy: {'total': 73.2, '00-19': 76.63, '20-39': 75.83, '40-59': 63.53, '60-79': 69.78, '80-99': 75.82, '100-119': 73.69, 'old': 73.11, 'new': 73.69}
2026-07-03 23:49:31,361 [trainer.py] => (curve) top1 Acc: [82.97, 80.53, 77.41, 75.07, 74.01, 73.2]
2026-07-03 23:49:31,361 [trainer.py] => Avergae Acc: 77.20
2026-07-03 23:49:31,361 [trainer.py] => (curve) top1 Acc with task: [82.97, 85.94, 85.24, 84.86, 84.97, 85.12]
2026-07-03 23:49:31,361 [trainer.py] => Avergae Acc: 84.85
2026-07-03 23:49:31,361 [trainer.py] => (curve) top1 Acc task: [100.0, 88.95, 85.35, 81.93, 80.19, 78.79]
2026-07-03 23:49:31,361 [trainer.py] => Avergae Acc: 85.87
2026-07-03 23:49:31,361 [trainer.py] => ================================================================================
2026-07-03 23:49:31,361 [trainer.py] => ================================================================================
2026-07-03 23:49:31,363 [base.py] => Task 6 learning on class 120-140
2026-07-03 23:49:31,373 [toolkit.py] => Total params:     106,436,123
2026-07-03 23:49:31,373 [toolkit.py] => Trainable params: 199,700
2026-07-03 23:49:31,373 [toolkit.py] => Trainable ratio:  0.1876%
2026-07-03 23:54:58,262 [splitlora.py] => Task 6, Epoch 10/10 => Loss 0.355, Train_accy 89.67
2026-07-03 23:55:21,782 [trainer.py] => Training time: 0h 5m 50s
2026-07-03 23:55:50,193 [trainer.py] => Evaluation time: 0h 0m 28s
2026-07-03 23:55:50,193 [trainer.py] => Accuracy: {'total': 71.97, '00-19': 75.85, '20-39': 75.28, '40-59': 63.3, '60-79': 69.95, '80-99': 75.25, '100-119': 72.07, '120-139': 67.96, 'old': 72.6, 'new': 67.96}
2026-07-03 23:55:50,193 [trainer.py] => (curve) top1 Acc: [82.97, 80.53, 77.41, 75.07, 74.01, 73.2, 71.97]
2026-07-03 23:55:50,193 [trainer.py] => Avergae Acc: 76.45
2026-07-03 23:55:50,193 [trainer.py] => (curve) top1 Acc with task: [82.97, 85.94, 85.24, 84.86, 84.97, 85.12, 84.49]
2026-07-03 23:55:50,193 [trainer.py] => Avergae Acc: 84.80
2026-07-03 23:55:50,193 [trainer.py] => (curve) top1 Acc task: [100.0, 88.95, 85.35, 81.93, 80.19, 78.79, 77.26]
2026-07-03 23:55:50,193 [trainer.py] => Avergae Acc: 84.64
2026-07-03 23:55:50,193 [trainer.py] => ================================================================================
2026-07-03 23:55:50,193 [trainer.py] => ================================================================================
2026-07-03 23:55:50,195 [base.py] => Task 7 learning on class 140-160
2026-07-03 23:55:50,205 [toolkit.py] => Total params:     106,436,123
2026-07-03 23:55:50,205 [toolkit.py] => Trainable params: 199,700
2026-07-03 23:55:50,205 [toolkit.py] => Trainable ratio:  0.1876%
2026-07-04 00:00:17,356 [splitlora.py] => Task 7, Epoch 10/10 => Loss 0.348, Train_accy 90.94
2026-07-04 00:00:35,137 [trainer.py] => Training time: 0h 4m 44s
2026-07-04 00:01:04,764 [trainer.py] => Evaluation time: 0h 0m 29s
2026-07-04 00:01:04,764 [trainer.py] => Accuracy: {'total': 71.37, '00-19': 75.7, '20-39': 74.72, '40-59': 63.76, '60-79': 68.93, '80-99': 75.11, '100-119': 71.17, '120-139': 66.73, '140-159': 70.61, 'old': 71.45, 'new': 70.61}
2026-07-04 00:01:04,764 [trainer.py] => (curve) top1 Acc: [82.97, 80.53, 77.41, 75.07, 74.01, 73.2, 71.97, 71.37]
2026-07-04 00:01:04,764 [trainer.py] => Avergae Acc: 75.82
2026-07-04 00:01:04,764 [trainer.py] => (curve) top1 Acc with task: [82.97, 85.94, 85.24, 84.86, 84.97, 85.12, 84.49, 84.4]
2026-07-04 00:01:04,764 [trainer.py] => Avergae Acc: 84.75
2026-07-04 00:01:04,764 [trainer.py] => (curve) top1 Acc task: [100.0, 88.95, 85.35, 81.93, 80.19, 78.79, 77.26, 76.35]
2026-07-04 00:01:04,764 [trainer.py] => Avergae Acc: 83.60
2026-07-04 00:01:04,764 [trainer.py] => ================================================================================
2026-07-04 00:01:04,764 [trainer.py] => ================================================================================
2026-07-04 00:01:04,766 [base.py] => Task 8 learning on class 160-180
2026-07-04 00:01:04,776 [toolkit.py] => Total params:     106,436,123
2026-07-04 00:01:04,777 [toolkit.py] => Trainable params: 199,700
2026-07-04 00:01:04,777 [toolkit.py] => Trainable ratio:  0.1876%
2026-07-04 00:06:55,361 [splitlora.py] => Task 8, Epoch 10/10 => Loss 0.188, Train_accy 94.29
2026-07-04 00:07:19,166 [trainer.py] => Training time: 0h 6m 14s
2026-07-04 00:08:06,264 [trainer.py] => Evaluation time: 0h 0m 47s
2026-07-04 00:08:06,265 [trainer.py] => Accuracy: {'total': 71.82, '00-19': 75.08, '20-39': 74.17, '40-59': 63.07, '60-79': 68.08, '80-99': 73.83, '100-119': 70.63, '120-139': 63.73, '140-159': 67.32, '160-179': 84.86, 'old': 70.08, 'new': 84.86}
2026-07-04 00:08:06,265 [trainer.py] => (curve) top1 Acc: [82.97, 80.53, 77.41, 75.07, 74.01, 73.2, 71.97, 71.37, 71.82]
2026-07-04 00:08:06,265 [trainer.py] => Avergae Acc: 75.37
2026-07-04 00:08:06,265 [trainer.py] => (curve) top1 Acc with task: [82.97, 85.94, 85.24, 84.86, 84.97, 85.12, 84.49, 84.4, 85.25]
2026-07-04 00:08:06,265 [trainer.py] => Avergae Acc: 84.80
2026-07-04 00:08:06,265 [trainer.py] => (curve) top1 Acc task: [100.0, 88.95, 85.35, 81.93, 80.19, 78.79, 77.26, 76.35, 76.28]
2026-07-04 00:08:06,265 [trainer.py] => Avergae Acc: 82.79
2026-07-04 00:08:06,265 [trainer.py] => ================================================================================
2026-07-04 00:08:06,265 [trainer.py] => ================================================================================
2026-07-04 00:08:06,267 [base.py] => Task 9 learning on class 180-200
2026-07-04 00:08:06,277 [toolkit.py] => Total params:     106,436,123
2026-07-04 00:08:06,277 [toolkit.py] => Trainable params: 199,700
2026-07-04 00:08:06,277 [toolkit.py] => Trainable ratio:  0.1876%
2026-07-04 00:14:37,890 [splitlora.py] => Task 9, Epoch 10/10 => Loss 0.395, Train_accy 90.50
2026-07-04 00:15:01,694 [trainer.py] => Training time: 0h 6m 55s
2026-07-04 00:15:55,095 [trainer.py] => Evaluation time: 0h 0m 53s
2026-07-04 00:15:55,095 [trainer.py] => Accuracy: {'total': 71.43, '00-19': 74.46, '20-39': 73.75, '40-59': 62.84, '60-79': 67.74, '80-99': 73.12, '100-119': 69.55, '120-139': 61.09, '140-159': 64.91, '160-179': 83.57, '180-199': 76.35, 'old': 70.78, 'new': 76.35}
2026-07-04 00:15:55,095 [trainer.py] => (curve) top1 Acc: [82.97, 80.53, 77.41, 75.07, 74.01, 73.2, 71.97, 71.37, 71.82, 71.43]
2026-07-04 00:15:55,095 [trainer.py] => Avergae Acc: 74.98
2026-07-04 00:15:55,095 [trainer.py] => (curve) top1 Acc with task: [82.97, 85.94, 85.24, 84.86, 84.97, 85.12, 84.49, 84.4, 85.25, 85.48]
2026-07-04 00:15:55,095 [trainer.py] => Avergae Acc: 84.87
2026-07-04 00:15:55,095 [trainer.py] => (curve) top1 Acc task: [100.0, 88.95, 85.35, 81.93, 80.19, 78.79, 77.26, 76.35, 76.28, 75.53]
2026-07-04 00:15:55,095 [trainer.py] => Avergae Acc: 82.06
2026-07-04 00:15:55,095 [trainer.py] => ================================================================================
