2026-09-14 10:59:02,658 [toolkit.py] => config: configs/splitlora/imagenet-r_seed=1997.json
2026-09-14 10:59:02,658 [toolkit.py] => device: [device(type='cuda', index=1)]
2026-09-14 10:59:02,658 [toolkit.py] => debug: False
2026-09-14 10:59:02,658 [toolkit.py] => save_ckp: False
2026-09-14 10:59:02,658 [toolkit.py] => moe_list: None
2026-09-14 10:59:02,658 [toolkit.py] => seed: 1997
2026-09-14 10:59:02,658 [toolkit.py] => dataset: imagenet-r
2026-09-14 10:59:02,658 [toolkit.py] => data_path: data/imagenet-r
2026-09-14 10:59:02,658 [toolkit.py] => load: vit_base_patch16_224_in21k
2026-09-14 10:59:02,658 [toolkit.py] => init_cls: 20
2026-09-14 10:59:02,659 [toolkit.py] => increment: 20
2026-09-14 10:59:02,659 [toolkit.py] => sessions: 10
2026-09-14 10:59:02,659 [toolkit.py] => shuffle: False
2026-09-14 10:59:02,659 [toolkit.py] => method: splitlora
2026-09-14 10:59:02,659 [toolkit.py] => optimizer: adamw
2026-09-14 10:59:02,659 [toolkit.py] => scheduler: steplr
2026-09-14 10:59:02,659 [toolkit.py] => epochs: 10
2026-09-14 10:59:02,659 [toolkit.py] => lrate: 0.001
2026-09-14 10:59:02,659 [toolkit.py] => lrate_head: 0.01
2026-09-14 10:59:02,659 [toolkit.py] => weight_decay: 5e-05
2026-09-14 10:59:02,659 [toolkit.py] => batch_size: 256
2026-09-14 10:59:02,659 [toolkit.py] => rank: 10
2026-09-14 10:59:02,659 [toolkit.py] => num_workers: 16
2026-09-14 10:59:02,659 [toolkit.py] => lamb: 0.95
2026-09-14 10:59:02,659 [toolkit.py] => lame: 1.0
2026-09-14 10:59:02,659 [toolkit.py] => in_dim: 768
2026-09-14 10:59:02,659 [toolkit.py] => alpha: 20
2026-09-14 10:59:02,659 [toolkit.py] => logdir: logs/splitlora/imagenet-r/t10
2026-09-14 10:59:02,659 [toolkit.py] => logfilename: logs/splitlora/imagenet-r/t10/seed1997
2026-09-14 10:59:02,736 [data_manager.py] => Class index order: 0, 1, 2, 3, 4, ..., 195, 196, 197, 198, 199
2026-09-14 10:59:05,391 [trainer.py] => ================================================================================
2026-09-14 10:59:05,391 [trainer.py] => Dataset Information
2026-09-14 10:59:05,391 [trainer.py] => ================================================================================
2026-09-14 10:59:05,391 [trainer.py] =>   Dataset name     : imagenet-r
2026-09-14 10:59:05,391 [trainer.py] =>   Data path        : data/imagenet-r
2026-09-14 10:59:05,392 [trainer.py] =>   Total classes    : 200
2026-09-14 10:59:05,392 [trainer.py] =>   Total tasks      : 10
2026-09-14 10:59:05,392 [trainer.py] =>   Task increments  : [20, 20, 20, 20, 20, 20, 20, 20, 20, 20]
2026-09-14 10:59:05,392 [trainer.py] =>   Init classes     : 20
2026-09-14 10:59:05,392 [trainer.py] =>   Increment per task: 20
2026-09-14 10:59:05,392 [trainer.py] =>   Shuffle          : False
2026-09-14 10:59:05,392 [trainer.py] =>   Seed             : 1997
2026-09-14 10:59:05,392 [trainer.py] => --------------------------------------------------------------------------------
2026-09-14 10:59:05,392 [trainer.py] => Task split:
2026-09-14 10:59:05,395 [trainer.py] =>   Task 0: classes 0-19 (20 classes) | Train: 2585 images (11 batches), Test: 646 images (3 batches)
2026-09-14 10:59:05,397 [trainer.py] =>   Task 1: classes 20-39 (20 classes) | Train: 2886 images (12 batches), Test: 720 images (3 batches)
2026-09-14 10:59:05,399 [trainer.py] =>   Task 2: classes 40-59 (20 classes) | Train: 1739 images (7 batches), Test: 436 images (2 batches)
2026-09-14 10:59:05,401 [trainer.py] =>   Task 3: classes 60-79 (20 classes) | Train: 2344 images (10 batches), Test: 589 images (3 batches)
2026-09-14 10:59:05,403 [trainer.py] =>   Task 4: classes 80-99 (20 classes) | Train: 2816 images (11 batches), Test: 703 images (3 batches)
2026-09-14 10:59:05,405 [trainer.py] =>   Task 5: classes 100-119 (20 classes) | Train: 2215 images (9 batches), Test: 555 images (3 batches)
2026-09-14 10:59:05,407 [trainer.py] =>   Task 6: classes 120-139 (20 classes) | Train: 2274 images (9 batches), Test: 568 images (3 batches)
2026-09-14 10:59:05,409 [trainer.py] =>   Task 7: classes 140-159 (20 classes) | Train: 1821 images (8 batches), Test: 456 images (2 batches)
2026-09-14 10:59:05,411 [trainer.py] =>   Task 8: classes 160-179 (20 classes) | Train: 2489 images (10 batches), Test: 621 images (3 batches)
2026-09-14 10:59:05,413 [trainer.py] =>   Task 9: classes 180-199 (20 classes) | Train: 2831 images (12 batches), Test: 706 images (3 batches)
2026-09-14 10:59:05,413 [trainer.py] => ================================================================================
2026-09-14 10:59:05,413 [trainer.py] => ================================================================================
2026-09-14 10:59:05,415 [base.py] => Task 0 learning on class 0-20
2026-09-14 10:59:06,694 [toolkit.py] => Total params:     106,436,123
2026-09-14 10:59:06,694 [toolkit.py] => Trainable params: 199,700
2026-09-14 10:59:06,694 [toolkit.py] => Trainable ratio:  0.1876%
2026-09-14 11:05:21,747 [splitlora.py] => Task 0, Epoch 10/10 => Loss 0.318, Train_accy 90.06
2026-09-14 11:05:42,696 [trainer.py] => Training time: 0h 6m 37s
2026-09-14 11:05:53,127 [trainer.py] => Evaluation time: 0h 0m 10s
2026-09-14 11:05:53,127 [trainer.py] => Accuracy: {'total': 86.22, '00-19': 86.22, 'old': 0, 'new': 86.22}
2026-09-14 11:05:53,127 [trainer.py] => (curve) top1 Acc: [86.22]
2026-09-14 11:05:53,127 [trainer.py] => Avergae Acc: 86.22
2026-09-14 11:05:53,127 [trainer.py] => (curve) top1 Acc with task: [86.22]
2026-09-14 11:05:53,127 [trainer.py] => Avergae Acc: 86.22
2026-09-14 11:05:53,127 [trainer.py] => (curve) top1 Acc task: [100.0]
2026-09-14 11:05:53,127 [trainer.py] => Avergae Acc: 100.00
2026-09-14 11:05:53,127 [trainer.py] => ================================================================================
2026-09-14 11:05:53,127 [trainer.py] => ================================================================================
2026-09-14 11:05:53,129 [base.py] => Task 1 learning on class 20-40
2026-09-14 11:05:53,141 [toolkit.py] => Total params:     106,436,123
2026-09-14 11:05:53,141 [toolkit.py] => Trainable params: 199,700
2026-09-14 11:05:53,141 [toolkit.py] => Trainable ratio:  0.1876%
2026-09-14 11:10:27,876 [splitlora.py] => Task 1, Epoch 10/10 => Loss 0.328, Train_accy 90.37
2026-09-14 11:10:42,258 [trainer.py] => Training time: 0h 4m 49s
2026-09-14 11:10:50,170 [trainer.py] => Evaluation time: 0h 0m 7s
2026-09-14 11:10:50,171 [trainer.py] => Accuracy: {'total': 82.43, '00-19': 82.66, '20-39': 82.22, 'old': 82.66, 'new': 82.22}
2026-09-14 11:10:50,171 [trainer.py] => (curve) top1 Acc: [86.22, 82.43]
2026-09-14 11:10:50,171 [trainer.py] => Avergae Acc: 84.33
2026-09-14 11:10:50,171 [trainer.py] => (curve) top1 Acc with task: [86.22, 87.55]
2026-09-14 11:10:50,171 [trainer.py] => Avergae Acc: 86.88
2026-09-14 11:10:50,171 [trainer.py] => (curve) top1 Acc task: [100.0, 90.78]
2026-09-14 11:10:50,171 [trainer.py] => Avergae Acc: 95.39
2026-09-14 11:10:50,171 [trainer.py] => ================================================================================
2026-09-14 11:10:50,171 [trainer.py] => ================================================================================
2026-09-14 11:10:50,172 [base.py] => Task 2 learning on class 40-60
2026-09-14 11:10:50,182 [toolkit.py] => Total params:     106,436,123
2026-09-14 11:10:50,183 [toolkit.py] => Trainable params: 199,700
2026-09-14 11:10:50,183 [toolkit.py] => Trainable ratio:  0.1876%
2026-09-14 11:13:42,956 [splitlora.py] => Task 2, Epoch 10/10 => Loss 0.402, Train_accy 87.69
2026-09-14 11:13:53,110 [trainer.py] => Training time: 0h 3m 2s
2026-09-14 11:14:01,319 [trainer.py] => Evaluation time: 0h 0m 8s
2026-09-14 11:14:01,320 [trainer.py] => Accuracy: {'total': 78.47, '00-19': 81.89, '20-39': 81.94, '40-59': 67.66, 'old': 81.92, 'new': 67.66}
2026-09-14 11:14:01,320 [trainer.py] => (curve) top1 Acc: [86.22, 82.43, 78.47]
2026-09-14 11:14:01,320 [trainer.py] => Avergae Acc: 82.37
2026-09-14 11:14:01,320 [trainer.py] => (curve) top1 Acc with task: [86.22, 87.55, 85.9]
2026-09-14 11:14:01,320 [trainer.py] => Avergae Acc: 86.56
2026-09-14 11:14:01,320 [trainer.py] => (curve) top1 Acc task: [100.0, 90.78, 86.9]
2026-09-14 11:14:01,320 [trainer.py] => Avergae Acc: 92.56
2026-09-14 11:14:01,320 [trainer.py] => ================================================================================
2026-09-14 11:14:01,320 [trainer.py] => ================================================================================
2026-09-14 11:14:01,322 [base.py] => Task 3 learning on class 60-80
2026-09-14 11:14:01,332 [toolkit.py] => Total params:     106,436,123
2026-09-14 11:14:01,333 [toolkit.py] => Trainable params: 199,700
2026-09-14 11:14:01,333 [toolkit.py] => Trainable ratio:  0.1876%
2026-09-14 11:17:36,905 [splitlora.py] => Task 3, Epoch 10/10 => Loss 0.339, Train_accy 90.83
2026-09-14 11:17:49,852 [trainer.py] => Training time: 0h 3m 48s
2026-09-14 11:17:59,861 [trainer.py] => Evaluation time: 0h 0m 10s
2026-09-14 11:17:59,861 [trainer.py] => Accuracy: {'total': 76.33, '00-19': 79.57, '20-39': 81.39, '40-59': 64.91, '60-79': 75.04, 'old': 76.75, 'new': 75.04}
2026-09-14 11:17:59,861 [trainer.py] => (curve) top1 Acc: [86.22, 82.43, 78.47, 76.33]
2026-09-14 11:17:59,861 [trainer.py] => Avergae Acc: 80.86
2026-09-14 11:17:59,862 [trainer.py] => (curve) top1 Acc with task: [86.22, 87.55, 85.9, 85.7]
2026-09-14 11:17:59,862 [trainer.py] => Avergae Acc: 86.34
2026-09-14 11:17:59,862 [trainer.py] => (curve) top1 Acc task: [100.0, 90.78, 86.9, 82.94]
2026-09-14 11:17:59,862 [trainer.py] => Avergae Acc: 90.16
2026-09-14 11:17:59,862 [trainer.py] => ================================================================================
2026-09-14 11:17:59,862 [trainer.py] => ================================================================================
2026-09-14 11:17:59,864 [base.py] => Task 4 learning on class 80-100
2026-09-14 11:17:59,875 [toolkit.py] => Total params:     106,436,123
2026-09-14 11:17:59,875 [toolkit.py] => Trainable params: 199,700
2026-09-14 11:17:59,875 [toolkit.py] => Trainable ratio:  0.1876%
2026-09-14 11:22:09,692 [splitlora.py] => Task 4, Epoch 10/10 => Loss 0.319, Train_accy 90.41
2026-09-14 11:22:24,005 [trainer.py] => Training time: 0h 4m 24s
2026-09-14 11:22:36,348 [trainer.py] => Evaluation time: 0h 0m 12s
2026-09-14 11:22:36,348 [trainer.py] => Accuracy: {'total': 75.79, '00-19': 78.79, '20-39': 79.44, '40-59': 63.07, '60-79': 74.02, '80-99': 78.66, 'old': 74.95, 'new': 78.66}
2026-09-14 11:22:36,348 [trainer.py] => (curve) top1 Acc: [86.22, 82.43, 78.47, 76.33, 75.79]
2026-09-14 11:22:36,349 [trainer.py] => Avergae Acc: 79.85
2026-09-14 11:22:36,349 [trainer.py] => (curve) top1 Acc with task: [86.22, 87.55, 85.9, 85.7, 85.26]
2026-09-14 11:22:36,349 [trainer.py] => Avergae Acc: 86.13
2026-09-14 11:22:36,349 [trainer.py] => (curve) top1 Acc task: [100.0, 90.78, 86.9, 82.94, 82.16]
2026-09-14 11:22:36,349 [trainer.py] => Avergae Acc: 88.56
2026-09-14 11:22:36,349 [trainer.py] => ================================================================================
2026-09-14 11:22:36,349 [trainer.py] => ================================================================================
2026-09-14 11:22:36,351 [base.py] => Task 5 learning on class 100-120
2026-09-14 11:22:36,361 [toolkit.py] => Total params:     106,436,123
2026-09-14 11:22:36,361 [toolkit.py] => Trainable params: 199,700
2026-09-14 11:22:36,361 [toolkit.py] => Trainable ratio:  0.1876%
2026-09-14 11:26:02,583 [splitlora.py] => Task 5, Epoch 10/10 => Loss 0.308, Train_accy 91.24
2026-09-14 11:26:13,794 [trainer.py] => Training time: 0h 3m 37s
2026-09-14 11:26:27,839 [trainer.py] => Evaluation time: 0h 0m 14s
2026-09-14 11:26:27,839 [trainer.py] => Accuracy: {'total': 74.82, '00-19': 76.32, '20-39': 77.5, '40-59': 63.3, '60-79': 73.17, '80-99': 76.81, '100-119': 77.84, 'old': 74.27, 'new': 77.84}
2026-09-14 11:26:27,839 [trainer.py] => (curve) top1 Acc: [86.22, 82.43, 78.47, 76.33, 75.79, 74.82]
2026-09-14 11:26:27,839 [trainer.py] => Avergae Acc: 79.01
2026-09-14 11:26:27,839 [trainer.py] => (curve) top1 Acc with task: [86.22, 87.55, 85.9, 85.7, 85.26, 85.31]
2026-09-14 11:26:27,839 [trainer.py] => Avergae Acc: 85.99
2026-09-14 11:26:27,840 [trainer.py] => (curve) top1 Acc task: [100.0, 90.78, 86.9, 82.94, 82.16, 80.76]
2026-09-14 11:26:27,840 [trainer.py] => Avergae Acc: 87.26
2026-09-14 11:26:27,840 [trainer.py] => ================================================================================
2026-09-14 11:26:27,840 [trainer.py] => ================================================================================
2026-09-14 11:26:27,841 [base.py] => Task 6 learning on class 120-140
2026-09-14 11:26:27,853 [toolkit.py] => Total params:     106,436,123
2026-09-14 11:26:27,853 [toolkit.py] => Trainable params: 199,700
2026-09-14 11:26:27,853 [toolkit.py] => Trainable ratio:  0.1876%
2026-09-14 11:30:05,107 [splitlora.py] => Task 6, Epoch 10/10 => Loss 0.379, Train_accy 88.79
2026-09-14 11:30:17,878 [trainer.py] => Training time: 0h 3m 50s
2026-09-14 11:30:34,172 [trainer.py] => Evaluation time: 0h 0m 16s
2026-09-14 11:30:34,172 [trainer.py] => Accuracy: {'total': 73.35, '00-19': 75.39, '20-39': 76.25, '40-59': 62.39, '60-79': 72.16, '80-99': 75.53, '100-119': 76.94, '120-139': 70.77, 'old': 73.75, 'new': 70.77}
2026-09-14 11:30:34,172 [trainer.py] => (curve) top1 Acc: [86.22, 82.43, 78.47, 76.33, 75.79, 74.82, 73.35]
2026-09-14 11:30:34,173 [trainer.py] => Avergae Acc: 78.20
2026-09-14 11:30:34,173 [trainer.py] => (curve) top1 Acc with task: [86.22, 87.55, 85.9, 85.7, 85.26, 85.31, 84.99]
2026-09-14 11:30:34,173 [trainer.py] => Avergae Acc: 85.85
2026-09-14 11:30:34,173 [trainer.py] => (curve) top1 Acc task: [100.0, 90.78, 86.9, 82.94, 82.16, 80.76, 78.97]
2026-09-14 11:30:34,173 [trainer.py] => Avergae Acc: 86.07
2026-09-14 11:30:34,173 [trainer.py] => ================================================================================
2026-09-14 11:30:34,173 [trainer.py] => ================================================================================
2026-09-14 11:30:34,176 [base.py] => Task 7 learning on class 140-160
2026-09-14 11:30:34,187 [toolkit.py] => Total params:     106,436,123
2026-09-14 11:30:34,187 [toolkit.py] => Trainable params: 199,700
2026-09-14 11:30:34,187 [toolkit.py] => Trainable ratio:  0.1876%
2026-09-14 11:33:35,906 [splitlora.py] => Task 7, Epoch 10/10 => Loss 0.325, Train_accy 90.33
2026-09-14 11:33:48,986 [trainer.py] => Training time: 0h 3m 14s
2026-09-14 11:34:07,512 [trainer.py] => Evaluation time: 0h 0m 18s
2026-09-14 11:34:07,512 [trainer.py] => Accuracy: {'total': 72.46, '00-19': 74.77, '20-39': 75.0, '40-59': 62.61, '60-79': 71.99, '80-99': 74.96, '100-119': 76.22, '120-139': 68.49, '140-159': 71.71, 'old': 72.54, 'new': 71.71}
2026-09-14 11:34:07,512 [trainer.py] => (curve) top1 Acc: [86.22, 82.43, 78.47, 76.33, 75.79, 74.82, 73.35, 72.46]
2026-09-14 11:34:07,512 [trainer.py] => Avergae Acc: 77.48
2026-09-14 11:34:07,512 [trainer.py] => (curve) top1 Acc with task: [86.22, 87.55, 85.9, 85.7, 85.26, 85.31, 84.99, 84.72]
2026-09-14 11:34:07,512 [trainer.py] => Avergae Acc: 85.71
2026-09-14 11:34:07,512 [trainer.py] => (curve) top1 Acc task: [100.0, 90.78, 86.9, 82.94, 82.16, 80.76, 78.97, 77.89]
2026-09-14 11:34:07,512 [trainer.py] => Avergae Acc: 85.05
2026-09-14 11:34:07,513 [trainer.py] => ================================================================================
2026-09-14 11:34:07,513 [trainer.py] => ================================================================================
2026-09-14 11:34:07,514 [base.py] => Task 8 learning on class 160-180
2026-09-14 11:34:07,525 [toolkit.py] => Total params:     106,436,123
2026-09-14 11:34:07,525 [toolkit.py] => Trainable params: 199,700
2026-09-14 11:34:07,525 [toolkit.py] => Trainable ratio:  0.1876%
2026-09-14 11:37:58,189 [splitlora.py] => Task 8, Epoch 10/10 => Loss 0.211, Train_accy 93.89
2026-09-14 11:38:10,888 [trainer.py] => Training time: 0h 4m 3s
2026-09-14 11:38:30,643 [trainer.py] => Evaluation time: 0h 0m 19s
2026-09-14 11:38:30,643 [trainer.py] => Accuracy: {'total': 73.37, '00-19': 74.77, '20-39': 75.14, '40-59': 62.39, '60-79': 72.16, '80-99': 73.97, '100-119': 75.68, '120-139': 66.73, '140-159': 69.08, '160-179': 85.19, 'old': 71.8, 'new': 85.19}
2026-09-14 11:38:30,643 [trainer.py] => (curve) top1 Acc: [86.22, 82.43, 78.47, 76.33, 75.79, 74.82, 73.35, 72.46, 73.37]
2026-09-14 11:38:30,643 [trainer.py] => Avergae Acc: 77.03
2026-09-14 11:38:30,643 [trainer.py] => (curve) top1 Acc with task: [86.22, 87.55, 85.9, 85.7, 85.26, 85.31, 84.99, 84.72, 85.76]
2026-09-14 11:38:30,643 [trainer.py] => Avergae Acc: 85.71
2026-09-14 11:38:30,643 [trainer.py] => (curve) top1 Acc task: [100.0, 90.78, 86.9, 82.94, 82.16, 80.76, 78.97, 77.89, 78.11]
2026-09-14 11:38:30,643 [trainer.py] => Avergae Acc: 84.28
2026-09-14 11:38:30,643 [trainer.py] => ================================================================================
2026-09-14 11:38:30,643 [trainer.py] => ================================================================================
2026-09-14 11:38:30,646 [base.py] => Task 9 learning on class 180-200
2026-09-14 11:38:30,658 [toolkit.py] => Total params:     106,436,123
2026-09-14 11:38:30,659 [toolkit.py] => Trainable params: 199,700
2026-09-14 11:38:30,659 [toolkit.py] => Trainable ratio:  0.1876%
2026-09-14 11:42:49,288 [splitlora.py] => Task 9, Epoch 10/10 => Loss 0.336, Train_accy 90.07
2026-09-14 11:43:03,401 [trainer.py] => Training time: 0h 4m 32s
2026-09-14 11:43:25,483 [trainer.py] => Evaluation time: 0h 0m 22s
2026-09-14 11:43:25,483 [trainer.py] => Accuracy: {'total': 72.83, '00-19': 74.15, '20-39': 74.17, '40-59': 62.61, '60-79': 71.48, '80-99': 73.83, '100-119': 75.68, '120-139': 64.96, '140-159': 67.54, '160-179': 84.54, '180-199': 73.94, 'old': 72.69, 'new': 73.94}
2026-09-14 11:43:25,483 [trainer.py] => (curve) top1 Acc: [86.22, 82.43, 78.47, 76.33, 75.79, 74.82, 73.35, 72.46, 73.37, 72.83]
2026-09-14 11:43:25,483 [trainer.py] => Avergae Acc: 76.61
2026-09-14 11:43:25,483 [trainer.py] => (curve) top1 Acc with task: [86.22, 87.55, 85.9, 85.7, 85.26, 85.31, 84.99, 84.72, 85.76, 86.0]
2026-09-14 11:43:25,484 [trainer.py] => Avergae Acc: 85.74
2026-09-14 11:43:25,484 [trainer.py] => (curve) top1 Acc task: [100.0, 90.78, 86.9, 82.94, 82.16, 80.76, 78.97, 77.89, 78.11, 77.13]
2026-09-14 11:43:25,484 [trainer.py] => Avergae Acc: 83.56
2026-09-14 11:43:25,484 [trainer.py] => ================================================================================
