2026-07-02 03:58:03,747 [toolkit.py] => config: /home/zll2025/low-rank-cl-main/configs/splitlora/cifar100_seed=2026.json
2026-07-02 03:58:03,747 [toolkit.py] => device: [device(type='cuda', index=2)]
2026-07-02 03:58:03,747 [toolkit.py] => debug: False
2026-07-02 03:58:03,747 [toolkit.py] => save_ckp: False
2026-07-02 03:58:03,747 [toolkit.py] => moe_list: None
2026-07-02 03:58:03,747 [toolkit.py] => seed: 2026
2026-07-02 03:58:03,747 [toolkit.py] => dataset: cifar100
2026-07-02 03:58:03,747 [toolkit.py] => data_path: data/cifar100
2026-07-02 03:58:03,747 [toolkit.py] => load: vit_base_patch16_224_in21k
2026-07-02 03:58:03,747 [toolkit.py] => init_cls: 10
2026-07-02 03:58:03,747 [toolkit.py] => increment: 10
2026-07-02 03:58:03,747 [toolkit.py] => sessions: 10
2026-07-02 03:58:03,748 [toolkit.py] => shuffle: False
2026-07-02 03:58:03,748 [toolkit.py] => method: splitlora
2026-07-02 03:58:03,748 [toolkit.py] => optimizer: adamw
2026-07-02 03:58:03,748 [toolkit.py] => scheduler: steplr
2026-07-02 03:58:03,748 [toolkit.py] => epochs: 10
2026-07-02 03:58:03,748 [toolkit.py] => lrate: 0.001
2026-07-02 03:58:03,748 [toolkit.py] => weight_decay: 0.0
2026-07-02 03:58:03,748 [toolkit.py] => batch_size: 256
2026-07-02 03:58:03,748 [toolkit.py] => rank: 10
2026-07-02 03:58:03,748 [toolkit.py] => num_workers: 16
2026-07-02 03:58:03,748 [toolkit.py] => lamb: 0.95
2026-07-02 03:58:03,748 [toolkit.py] => lame: 1.0
2026-07-02 03:58:03,748 [toolkit.py] => in_dim: 768
2026-07-02 03:58:03,748 [toolkit.py] => alpha: 20
2026-07-02 03:58:03,748 [toolkit.py] => logdir: logs/splitlora/cifar100/t10
2026-07-02 03:58:03,748 [toolkit.py] => logfilename: logs/splitlora/cifar100/t10/seed2026
2026-07-02 03:58:05,447 [data_manager.py] => Class index order: 0, 1, 2, 3, 4, ..., 95, 96, 97, 98, 99
2026-09-14 11:43:29,713 [toolkit.py] => config: configs/splitlora/cifar100_seed=2026.json
2026-09-14 11:43:29,738 [toolkit.py] => device: [device(type='cuda', index=1)]
2026-09-14 11:43:29,738 [toolkit.py] => debug: False
2026-09-14 11:43:29,739 [toolkit.py] => save_ckp: False
2026-09-14 11:43:29,739 [toolkit.py] => moe_list: None
2026-09-14 11:43:29,739 [toolkit.py] => seed: 2026
2026-09-14 11:43:29,739 [toolkit.py] => dataset: cifar100
2026-09-14 11:43:29,739 [toolkit.py] => data_path: data/cifar100
2026-09-14 11:43:29,739 [toolkit.py] => load: vit_base_patch16_224_in21k
2026-09-14 11:43:29,739 [toolkit.py] => init_cls: 10
2026-09-14 11:43:29,739 [toolkit.py] => increment: 10
2026-09-14 11:43:29,739 [toolkit.py] => sessions: 10
2026-09-14 11:43:29,739 [toolkit.py] => shuffle: False
2026-09-14 11:43:29,739 [toolkit.py] => method: splitlora
2026-09-14 11:43:29,740 [toolkit.py] => optimizer: adamw
2026-09-14 11:43:29,740 [toolkit.py] => scheduler: steplr
2026-09-14 11:43:29,740 [toolkit.py] => epochs: 10
2026-09-14 11:43:29,740 [toolkit.py] => lrate: 0.001
2026-09-14 11:43:29,740 [toolkit.py] => weight_decay: 0.0
2026-09-14 11:43:29,740 [toolkit.py] => batch_size: 256
2026-09-14 11:43:29,740 [toolkit.py] => rank: 10
2026-09-14 11:43:29,740 [toolkit.py] => num_workers: 16
2026-09-14 11:43:29,740 [toolkit.py] => lamb: 0.95
2026-09-14 11:43:29,740 [toolkit.py] => lame: 1.0
2026-09-14 11:43:29,740 [toolkit.py] => in_dim: 768
2026-09-14 11:43:29,740 [toolkit.py] => alpha: 20
2026-09-14 11:43:29,740 [toolkit.py] => logdir: logs/splitlora/cifar100/t10
2026-09-14 11:43:29,740 [toolkit.py] => logfilename: logs/splitlora/cifar100/t10/seed2026
2026-09-14 11:43:31,867 [data_manager.py] => Class index order: 0, 1, 2, 3, 4, ..., 95, 96, 97, 98, 99
