2026-04-06 16:48:30,225 [toolkit.py] => config: configs/splitlora/cifar100.json
2026-04-06 16:48:30,225 [toolkit.py] => device: [device(type='cuda', index=0)]
2026-04-06 16:48:30,225 [toolkit.py] => debug: False
2026-04-06 16:48:30,225 [toolkit.py] => save_ckp: False
2026-04-06 16:48:30,225 [toolkit.py] => seed: 0
2026-04-06 16:48:30,225 [toolkit.py] => dataset: cifar100
2026-04-06 16:48:30,225 [toolkit.py] => data_path: data/cifar100
2026-04-06 16:48:30,225 [toolkit.py] => load: vit_base_patch16_224_in21k
2026-04-06 16:48:30,225 [toolkit.py] => init_cls: 10
2026-04-06 16:48:30,225 [toolkit.py] => increment: 10
2026-04-06 16:48:30,225 [toolkit.py] => sessions: 10
2026-04-06 16:48:30,225 [toolkit.py] => shuffle: False
2026-04-06 16:48:30,225 [toolkit.py] => method: splitlora
2026-04-06 16:48:30,225 [toolkit.py] => optimizer: adamw
2026-04-06 16:48:30,225 [toolkit.py] => scheduler: cosine
2026-04-06 16:48:30,225 [toolkit.py] => epochs: 20
2026-04-06 16:48:30,225 [toolkit.py] => lrate: 0.001
2026-04-06 16:48:30,225 [toolkit.py] => weight_decay: 0.0
2026-04-06 16:48:30,226 [toolkit.py] => batch_size: 256
2026-04-06 16:48:30,226 [toolkit.py] => rank: 10
2026-04-06 16:48:30,226 [toolkit.py] => num_workers: 16
2026-04-06 16:48:30,226 [toolkit.py] => lamb: 0.95
2026-04-06 16:48:30,226 [toolkit.py] => lame: 1.0
2026-04-06 16:48:30,226 [toolkit.py] => in_dim: 768
2026-04-06 16:48:30,226 [toolkit.py] => alpha: 20
2026-04-06 16:48:30,226 [toolkit.py] => logdir: logs/splitlora/cifar100/t10
2026-04-06 16:48:30,226 [toolkit.py] => logfilename: logs/splitlora/cifar100/t10/seed0
2026-04-06 16:48:31,965 [data_manager.py] => Class index order: 0, 1, 2, 3, 4, ..., 95, 96, 97, 98, 99
2026-04-06 16:48:34,306 [trainer.py] => ================================================================================
2026-04-06 16:48:34,316 [base.py] => Task 0 learning on class 0-10
2026-04-06 16:48:35,542 [toolkit.py] => Total params:     106,359,223
2026-04-06 16:48:35,542 [toolkit.py] => Trainable params: 192,010
2026-04-06 16:48:35,542 [toolkit.py] => Trainable ratio:  0.1805%
2026-04-06 16:50:10,475 [toolkit.py] => config: configs/splitlora/cifar100.json
2026-04-06 16:50:10,475 [toolkit.py] => device: [device(type='cuda', index=0)]
2026-04-06 16:50:10,475 [toolkit.py] => debug: False
2026-04-06 16:50:10,475 [toolkit.py] => save_ckp: False
2026-04-06 16:50:10,475 [toolkit.py] => seed: 0
2026-04-06 16:50:10,475 [toolkit.py] => dataset: cifar100
2026-04-06 16:50:10,475 [toolkit.py] => data_path: data/cifar100
2026-04-06 16:50:10,475 [toolkit.py] => load: vit_base_patch16_224_in21k
2026-04-06 16:50:10,475 [toolkit.py] => init_cls: 10
2026-04-06 16:50:10,475 [toolkit.py] => increment: 10
2026-04-06 16:50:10,475 [toolkit.py] => sessions: 10
2026-04-06 16:50:10,475 [toolkit.py] => shuffle: False
2026-04-06 16:50:10,475 [toolkit.py] => method: splitlora
2026-04-06 16:50:10,476 [toolkit.py] => optimizer: adamw
2026-04-06 16:50:10,476 [toolkit.py] => scheduler: cosine
2026-04-06 16:50:10,476 [toolkit.py] => epochs: 1
2026-04-06 16:50:10,476 [toolkit.py] => lrate: 0.001
2026-04-06 16:50:10,476 [toolkit.py] => weight_decay: 0.0
2026-04-06 16:50:10,476 [toolkit.py] => batch_size: 256
2026-04-06 16:50:10,476 [toolkit.py] => rank: 10
2026-04-06 16:50:10,476 [toolkit.py] => num_workers: 16
2026-04-06 16:50:10,476 [toolkit.py] => lamb: 0.95
2026-04-06 16:50:10,476 [toolkit.py] => lame: 1.0
2026-04-06 16:50:10,476 [toolkit.py] => in_dim: 768
2026-04-06 16:50:10,476 [toolkit.py] => alpha: 20
2026-04-06 16:50:10,476 [toolkit.py] => logdir: logs/splitlora/cifar100/t10
2026-04-06 16:50:10,476 [toolkit.py] => logfilename: logs/splitlora/cifar100/t10/seed0
2026-04-06 16:50:12,035 [data_manager.py] => Class index order: 0, 1, 2, 3, 4, ..., 95, 96, 97, 98, 99
2026-04-06 16:50:14,415 [trainer.py] => ================================================================================
2026-04-06 16:50:14,423 [base.py] => Task 0 learning on class 0-10
2026-04-06 16:50:15,262 [toolkit.py] => Total params:     106,359,223
2026-04-06 16:50:15,262 [toolkit.py] => Trainable params: 192,010
2026-04-06 16:50:15,262 [toolkit.py] => Trainable ratio:  0.1805%
2026-04-06 16:51:08,336 [splitlora.py] => Task 0, Epoch 1/1 => Loss 1.082, Train_accy 67.30
2026-04-06 16:54:33,517 [toolkit.py] => config: configs/splitlora/cifar100.json
2026-04-06 16:54:33,517 [toolkit.py] => device: [device(type='cuda', index=0)]
2026-04-06 16:54:33,517 [toolkit.py] => debug: False
2026-04-06 16:54:33,517 [toolkit.py] => save_ckp: False
2026-04-06 16:54:33,517 [toolkit.py] => seed: 0
2026-04-06 16:54:33,517 [toolkit.py] => dataset: cifar100
2026-04-06 16:54:33,517 [toolkit.py] => data_path: data/cifar100
2026-04-06 16:54:33,517 [toolkit.py] => load: vit_base_patch16_224_in21k
2026-04-06 16:54:33,517 [toolkit.py] => init_cls: 10
2026-04-06 16:54:33,517 [toolkit.py] => increment: 10
2026-04-06 16:54:33,517 [toolkit.py] => sessions: 10
2026-04-06 16:54:33,517 [toolkit.py] => shuffle: False
2026-04-06 16:54:33,517 [toolkit.py] => method: splitlora
2026-04-06 16:54:33,517 [toolkit.py] => optimizer: adamw
2026-04-06 16:54:33,517 [toolkit.py] => scheduler: cosine
2026-04-06 16:54:33,517 [toolkit.py] => epochs: 1
2026-04-06 16:54:33,517 [toolkit.py] => lrate: 0.001
2026-04-06 16:54:33,518 [toolkit.py] => weight_decay: 0.0
2026-04-06 16:54:33,518 [toolkit.py] => batch_size: 256
2026-04-06 16:54:33,518 [toolkit.py] => rank: 10
2026-04-06 16:54:33,518 [toolkit.py] => num_workers: 16
2026-04-06 16:54:33,518 [toolkit.py] => lamb: 0.95
2026-04-06 16:54:33,518 [toolkit.py] => lame: 1.0
2026-04-06 16:54:33,518 [toolkit.py] => in_dim: 768
2026-04-06 16:54:33,518 [toolkit.py] => alpha: 20
2026-04-06 16:54:33,518 [toolkit.py] => logdir: logs/splitlora/cifar100/t10
2026-04-06 16:54:33,518 [toolkit.py] => logfilename: logs/splitlora/cifar100/t10/seed0
2026-04-06 16:54:35,030 [data_manager.py] => Class index order: 0, 1, 2, 3, 4, ..., 95, 96, 97, 98, 99
2026-04-06 16:54:37,364 [trainer.py] => ================================================================================
2026-04-06 16:54:37,371 [base.py] => Task 0 learning on class 0-10
2026-04-06 16:54:38,308 [toolkit.py] => Total params:     106,359,223
2026-04-06 16:54:38,308 [toolkit.py] => Trainable params: 192,010
2026-04-06 16:54:38,308 [toolkit.py] => Trainable ratio:  0.1805%
2026-04-06 16:55:29,253 [splitlora.py] => Task 0, Epoch 1/1 => Loss 1.082, Train_accy 67.30
2026-04-06 17:08:11,484 [toolkit.py] => config: configs/splitlora/cifar100.json
2026-04-06 17:08:11,484 [toolkit.py] => device: [device(type='cuda', index=0)]
2026-04-06 17:08:11,484 [toolkit.py] => debug: False
2026-04-06 17:08:11,484 [toolkit.py] => save_ckp: False
2026-04-06 17:08:11,484 [toolkit.py] => seed: 0
2026-04-06 17:08:11,485 [toolkit.py] => dataset: cifar100
2026-04-06 17:08:11,485 [toolkit.py] => data_path: data/cifar100
2026-04-06 17:08:11,485 [toolkit.py] => load: vit_base_patch16_224_in21k
2026-04-06 17:08:11,485 [toolkit.py] => init_cls: 10
2026-04-06 17:08:11,485 [toolkit.py] => increment: 10
2026-04-06 17:08:11,485 [toolkit.py] => sessions: 10
2026-04-06 17:08:11,485 [toolkit.py] => shuffle: False
2026-04-06 17:08:11,485 [toolkit.py] => method: splitlora
2026-04-06 17:08:11,485 [toolkit.py] => optimizer: adamw
2026-04-06 17:08:11,485 [toolkit.py] => scheduler: cosine
2026-04-06 17:08:11,485 [toolkit.py] => epochs: 1
2026-04-06 17:08:11,485 [toolkit.py] => lrate: 0.001
2026-04-06 17:08:11,485 [toolkit.py] => weight_decay: 0.0
2026-04-06 17:08:11,485 [toolkit.py] => batch_size: 256
2026-04-06 17:08:11,485 [toolkit.py] => rank: 10
2026-04-06 17:08:11,485 [toolkit.py] => num_workers: 16
2026-04-06 17:08:11,485 [toolkit.py] => lamb: 0.95
2026-04-06 17:08:11,485 [toolkit.py] => lame: 1.0
2026-04-06 17:08:11,485 [toolkit.py] => in_dim: 768
2026-04-06 17:08:11,485 [toolkit.py] => alpha: 20
2026-04-06 17:08:11,485 [toolkit.py] => logdir: logs/splitlora/cifar100/t10
2026-04-06 17:08:11,485 [toolkit.py] => logfilename: logs/splitlora/cifar100/t10/seed0
2026-04-06 17:08:13,299 [data_manager.py] => Class index order: 0, 1, 2, 3, 4, ..., 95, 96, 97, 98, 99
2026-04-06 17:08:15,715 [trainer.py] => ================================================================================
2026-04-06 17:08:15,739 [base.py] => Task 0 learning on class 0-10
2026-04-06 17:08:16,742 [toolkit.py] => Total params:     106,359,223
2026-04-06 17:08:16,742 [toolkit.py] => Trainable params: 192,010
2026-04-06 17:08:16,742 [toolkit.py] => Trainable ratio:  0.1805%
2026-04-06 17:09:07,806 [splitlora.py] => Task 0, Epoch 1/1 => Loss 1.082, Train_accy 67.30
2026-04-06 17:16:37,893 [toolkit.py] => config: configs/splitlora/cifar100.json
2026-04-06 17:16:37,893 [toolkit.py] => device: [device(type='cuda', index=0)]
2026-04-06 17:16:37,893 [toolkit.py] => debug: False
2026-04-06 17:16:37,893 [toolkit.py] => save_ckp: False
2026-04-06 17:16:37,893 [toolkit.py] => seed: 0
2026-04-06 17:16:37,893 [toolkit.py] => dataset: cifar100
2026-04-06 17:16:37,893 [toolkit.py] => data_path: data/cifar100
2026-04-06 17:16:37,893 [toolkit.py] => load: vit_base_patch16_224_in21k
2026-04-06 17:16:37,893 [toolkit.py] => init_cls: 10
2026-04-06 17:16:37,893 [toolkit.py] => increment: 10
2026-04-06 17:16:37,893 [toolkit.py] => sessions: 10
2026-04-06 17:16:37,893 [toolkit.py] => shuffle: False
2026-04-06 17:16:37,893 [toolkit.py] => method: splitlora
2026-04-06 17:16:37,893 [toolkit.py] => optimizer: adamw
2026-04-06 17:16:37,894 [toolkit.py] => scheduler: cosine
2026-04-06 17:16:37,894 [toolkit.py] => epochs: 1
2026-04-06 17:16:37,894 [toolkit.py] => lrate: 0.001
2026-04-06 17:16:37,894 [toolkit.py] => weight_decay: 0.0
2026-04-06 17:16:37,894 [toolkit.py] => batch_size: 256
2026-04-06 17:16:37,894 [toolkit.py] => rank: 10
2026-04-06 17:16:37,894 [toolkit.py] => num_workers: 16
2026-04-06 17:16:37,894 [toolkit.py] => lamb: 0.95
2026-04-06 17:16:37,894 [toolkit.py] => lame: 1.0
2026-04-06 17:16:37,894 [toolkit.py] => in_dim: 768
2026-04-06 17:16:37,894 [toolkit.py] => alpha: 20
2026-04-06 17:16:37,894 [toolkit.py] => logdir: logs/splitlora/cifar100/t10
2026-04-06 17:16:37,894 [toolkit.py] => logfilename: logs/splitlora/cifar100/t10/seed0
2026-04-06 17:16:39,453 [data_manager.py] => Class index order: 0, 1, 2, 3, 4, ..., 95, 96, 97, 98, 99
2026-04-06 17:16:41,772 [trainer.py] => ================================================================================
2026-04-06 17:16:41,780 [base.py] => Task 0 learning on class 0-10
2026-04-06 17:16:42,755 [toolkit.py] => Total params:     106,359,223
2026-04-06 17:16:42,755 [toolkit.py] => Trainable params: 192,010
2026-04-06 17:16:42,755 [toolkit.py] => Trainable ratio:  0.1805%
2026-04-06 17:17:33,799 [splitlora.py] => Task 0, Epoch 1/1 => Loss 1.082, Train_accy 67.30
2026-04-06 17:33:46,486 [toolkit.py] => config: configs/splitlora/cifar100.json
2026-04-06 17:33:46,487 [toolkit.py] => device: [device(type='cuda', index=0)]
2026-04-06 17:33:46,487 [toolkit.py] => debug: False
2026-04-06 17:33:46,487 [toolkit.py] => save_ckp: False
2026-04-06 17:33:46,487 [toolkit.py] => seed: 0
2026-04-06 17:33:46,487 [toolkit.py] => dataset: cifar100
2026-04-06 17:33:46,487 [toolkit.py] => data_path: data/cifar100
2026-04-06 17:33:46,487 [toolkit.py] => load: vit_base_patch16_224_in21k
2026-04-06 17:33:46,487 [toolkit.py] => init_cls: 10
2026-04-06 17:33:46,487 [toolkit.py] => increment: 10
2026-04-06 17:33:46,487 [toolkit.py] => sessions: 10
2026-04-06 17:33:46,487 [toolkit.py] => shuffle: False
2026-04-06 17:33:46,487 [toolkit.py] => method: splitlora
2026-04-06 17:33:46,487 [toolkit.py] => optimizer: adamw
2026-04-06 17:33:46,487 [toolkit.py] => scheduler: cosine
2026-04-06 17:33:46,487 [toolkit.py] => epochs: 1
2026-04-06 17:33:46,487 [toolkit.py] => lrate: 0.001
2026-04-06 17:33:46,487 [toolkit.py] => weight_decay: 0.0
2026-04-06 17:33:46,487 [toolkit.py] => batch_size: 256
2026-04-06 17:33:46,487 [toolkit.py] => rank: 10
2026-04-06 17:33:46,487 [toolkit.py] => num_workers: 16
2026-04-06 17:33:46,487 [toolkit.py] => lamb: 0.95
2026-04-06 17:33:46,487 [toolkit.py] => lame: 1.0
2026-04-06 17:33:46,487 [toolkit.py] => in_dim: 768
2026-04-06 17:33:46,487 [toolkit.py] => alpha: 20
2026-04-06 17:33:46,487 [toolkit.py] => logdir: logs/splitlora/cifar100/t10
2026-04-06 17:33:46,487 [toolkit.py] => logfilename: logs/splitlora/cifar100/t10/seed0
2026-04-06 17:33:48,011 [data_manager.py] => Class index order: 0, 1, 2, 3, 4, ..., 95, 96, 97, 98, 99
2026-04-06 17:33:50,410 [trainer.py] => ================================================================================
2026-04-06 17:33:50,417 [base.py] => Task 0 learning on class 0-10
2026-04-06 17:33:51,350 [toolkit.py] => Total params:     106,359,223
2026-04-06 17:33:51,350 [toolkit.py] => Trainable params: 192,010
2026-04-06 17:33:51,350 [toolkit.py] => Trainable ratio:  0.1805%
2026-04-06 17:34:42,330 [splitlora.py] => Task 0, Epoch 1/1 => Loss 1.082, Train_accy 67.30
2026-04-06 17:36:25,090 [toolkit.py] => config: configs/splitlora/cifar100.json
2026-04-06 17:36:25,090 [toolkit.py] => device: [device(type='cuda', index=0)]
2026-04-06 17:36:25,091 [toolkit.py] => debug: False
2026-04-06 17:36:25,091 [toolkit.py] => save_ckp: False
2026-04-06 17:36:25,091 [toolkit.py] => seed: 0
2026-04-06 17:36:25,091 [toolkit.py] => dataset: cifar100
2026-04-06 17:36:25,091 [toolkit.py] => data_path: data/cifar100
2026-04-06 17:36:25,091 [toolkit.py] => load: vit_base_patch16_224_in21k
2026-04-06 17:36:25,091 [toolkit.py] => init_cls: 10
2026-04-06 17:36:25,091 [toolkit.py] => increment: 10
2026-04-06 17:36:25,091 [toolkit.py] => sessions: 10
2026-04-06 17:36:25,091 [toolkit.py] => shuffle: False
2026-04-06 17:36:25,091 [toolkit.py] => method: splitlora
2026-04-06 17:36:25,091 [toolkit.py] => optimizer: adamw
2026-04-06 17:36:25,091 [toolkit.py] => scheduler: cosine
2026-04-06 17:36:25,091 [toolkit.py] => epochs: 1
2026-04-06 17:36:25,091 [toolkit.py] => lrate: 0.001
2026-04-06 17:36:25,091 [toolkit.py] => weight_decay: 0.0
2026-04-06 17:36:25,091 [toolkit.py] => batch_size: 256
2026-04-06 17:36:25,091 [toolkit.py] => rank: 10
2026-04-06 17:36:25,091 [toolkit.py] => num_workers: 16
2026-04-06 17:36:25,091 [toolkit.py] => lamb: 0.95
2026-04-06 17:36:25,091 [toolkit.py] => lame: 1.0
2026-04-06 17:36:25,091 [toolkit.py] => in_dim: 768
2026-04-06 17:36:25,091 [toolkit.py] => alpha: 20
2026-04-06 17:36:25,091 [toolkit.py] => logdir: logs/splitlora/cifar100/t10
2026-04-06 17:36:25,091 [toolkit.py] => logfilename: logs/splitlora/cifar100/t10/seed0
2026-04-06 17:36:26,636 [data_manager.py] => Class index order: 0, 1, 2, 3, 4, ..., 95, 96, 97, 98, 99
2026-04-06 17:36:29,009 [trainer.py] => ================================================================================
2026-04-06 17:36:29,018 [base.py] => Task 0 learning on class 0-10
2026-04-06 17:36:29,965 [toolkit.py] => Total params:     106,359,223
2026-04-06 17:36:29,965 [toolkit.py] => Trainable params: 192,010
2026-04-06 17:36:29,965 [toolkit.py] => Trainable ratio:  0.1805%
2026-04-06 17:37:21,614 [splitlora.py] => Task 0, Epoch 1/1 => Loss 1.082, Train_accy 67.30
2026-04-06 17:41:11,566 [toolkit.py] => config: configs/splitlora/cifar100.json
2026-04-06 17:41:11,566 [toolkit.py] => device: [device(type='cuda', index=0)]
2026-04-06 17:41:11,566 [toolkit.py] => debug: False
2026-04-06 17:41:11,566 [toolkit.py] => save_ckp: False
2026-04-06 17:41:11,566 [toolkit.py] => seed: 0
2026-04-06 17:41:11,566 [toolkit.py] => dataset: cifar100
2026-04-06 17:41:11,567 [toolkit.py] => data_path: data/cifar100
2026-04-06 17:41:11,567 [toolkit.py] => load: vit_base_patch16_224_in21k
2026-04-06 17:41:11,567 [toolkit.py] => init_cls: 10
2026-04-06 17:41:11,567 [toolkit.py] => increment: 10
2026-04-06 17:41:11,567 [toolkit.py] => sessions: 10
2026-04-06 17:41:11,567 [toolkit.py] => shuffle: False
2026-04-06 17:41:11,567 [toolkit.py] => method: splitlora
2026-04-06 17:41:11,567 [toolkit.py] => optimizer: adamw
2026-04-06 17:41:11,567 [toolkit.py] => scheduler: cosine
2026-04-06 17:41:11,567 [toolkit.py] => epochs: 1
2026-04-06 17:41:11,567 [toolkit.py] => lrate: 0.001
2026-04-06 17:41:11,567 [toolkit.py] => weight_decay: 0.0
2026-04-06 17:41:11,567 [toolkit.py] => batch_size: 256
2026-04-06 17:41:11,567 [toolkit.py] => rank: 10
2026-04-06 17:41:11,567 [toolkit.py] => num_workers: 16
2026-04-06 17:41:11,567 [toolkit.py] => lamb: 0.95
2026-04-06 17:41:11,567 [toolkit.py] => lame: 1.0
2026-04-06 17:41:11,567 [toolkit.py] => in_dim: 768
2026-04-06 17:41:11,567 [toolkit.py] => alpha: 20
2026-04-06 17:41:11,567 [toolkit.py] => logdir: logs/splitlora/cifar100/t10
2026-04-06 17:41:11,567 [toolkit.py] => logfilename: logs/splitlora/cifar100/t10/seed0
2026-04-06 17:41:13,122 [data_manager.py] => Class index order: 0, 1, 2, 3, 4, ..., 95, 96, 97, 98, 99
2026-04-06 17:41:15,468 [trainer.py] => ================================================================================
2026-04-06 17:41:15,477 [base.py] => Task 0 learning on class 0-10
2026-04-06 17:41:16,423 [toolkit.py] => Total params:     106,359,223
2026-04-06 17:41:16,423 [toolkit.py] => Trainable params: 192,010
2026-04-06 17:41:16,423 [toolkit.py] => Trainable ratio:  0.1805%
2026-04-06 17:42:07,774 [splitlora.py] => Task 0, Epoch 1/1 => Loss 1.082, Train_accy 67.30
2026-04-06 17:42:26,283 [trainer.py] => Training time: 0h 1m 10s
2026-04-06 17:42:30,463 [trainer.py] => Evaluation time: 0h 0m 4s
2026-04-06 17:42:30,463 [trainer.py] => Accuracy: {'total': 98.2, '00-09': 98.2, 'old': 0, 'new': 98.2}
2026-04-06 17:42:30,463 [trainer.py] => (curve) top1 Acc: [98.2]
2026-04-06 17:42:30,464 [trainer.py] => (curve) top1 Acc with task: [98.2]
2026-04-06 17:42:30,464 [trainer.py] => (curve) top1 Acc task: [100.0]
2026-04-06 17:42:30,464 [trainer.py] => ================================================================================
2026-04-06 17:42:30,464 [trainer.py] => ================================================================================
2026-04-06 17:42:30,518 [base.py] => Task 1 learning on class 10-20
2026-04-06 17:42:30,528 [toolkit.py] => Total params:     106,359,223
2026-04-06 17:42:30,528 [toolkit.py] => Trainable params: 192,010
2026-04-06 17:42:30,528 [toolkit.py] => Trainable ratio:  0.1805%
2026-04-06 17:44:07,717 [toolkit.py] => config: configs/splitlora/cifar100.json
2026-04-06 17:44:07,717 [toolkit.py] => device: [device(type='cuda', index=0)]
2026-04-06 17:44:07,717 [toolkit.py] => debug: False
2026-04-06 17:44:07,717 [toolkit.py] => save_ckp: False
2026-04-06 17:44:07,718 [toolkit.py] => seed: 0
2026-04-06 17:44:07,718 [toolkit.py] => dataset: cifar100
2026-04-06 17:44:07,718 [toolkit.py] => data_path: data/cifar100
2026-04-06 17:44:07,718 [toolkit.py] => load: vit_base_patch16_224_in21k
2026-04-06 17:44:07,718 [toolkit.py] => init_cls: 10
2026-04-06 17:44:07,718 [toolkit.py] => increment: 10
2026-04-06 17:44:07,718 [toolkit.py] => sessions: 10
2026-04-06 17:44:07,718 [toolkit.py] => shuffle: False
2026-04-06 17:44:07,718 [toolkit.py] => method: splitlora
2026-04-06 17:44:07,718 [toolkit.py] => optimizer: adamw
2026-04-06 17:44:07,718 [toolkit.py] => scheduler: cosine
2026-04-06 17:44:07,718 [toolkit.py] => epochs: 1
2026-04-06 17:44:07,718 [toolkit.py] => lrate: 0.001
2026-04-06 17:44:07,718 [toolkit.py] => weight_decay: 0.0
2026-04-06 17:44:07,718 [toolkit.py] => batch_size: 256
2026-04-06 17:44:07,718 [toolkit.py] => rank: 10
2026-04-06 17:44:07,718 [toolkit.py] => num_workers: 16
2026-04-06 17:44:07,718 [toolkit.py] => lamb: 0.95
2026-04-06 17:44:07,718 [toolkit.py] => lame: 1.0
2026-04-06 17:44:07,718 [toolkit.py] => in_dim: 768
2026-04-06 17:44:07,718 [toolkit.py] => alpha: 20
2026-04-06 17:44:07,718 [toolkit.py] => logdir: logs/splitlora/cifar100/t10
2026-04-06 17:44:07,718 [toolkit.py] => logfilename: logs/splitlora/cifar100/t10/seed0
2026-04-06 17:44:09,292 [data_manager.py] => Class index order: 0, 1, 2, 3, 4, ..., 95, 96, 97, 98, 99
2026-04-06 17:44:11,707 [trainer.py] => ================================================================================
2026-04-06 17:44:11,714 [base.py] => Task 0 learning on class 0-10
2026-04-06 17:44:12,613 [toolkit.py] => Total params:     106,359,223
2026-04-06 17:44:12,613 [toolkit.py] => Trainable params: 192,010
2026-04-06 17:44:12,613 [toolkit.py] => Trainable ratio:  0.1805%
2026-04-06 17:45:04,752 [splitlora.py] => Task 0, Epoch 1/1 => Loss 1.082, Train_accy 67.30
2026-04-06 17:45:23,875 [trainer.py] => Training time: 0h 1m 12s
2026-04-06 17:45:28,079 [trainer.py] => Evaluation time: 0h 0m 4s
2026-04-06 17:45:28,079 [trainer.py] => Accuracy: {'total': 98.2, '00-09': 98.2, 'old': 0, 'new': 98.2}
2026-04-06 17:45:28,079 [trainer.py] => (curve) top1 Acc: [98.2]
2026-04-06 17:45:28,080 [trainer.py] => (curve) top1 Acc with task: [98.2]
2026-04-06 17:45:28,080 [trainer.py] => (curve) top1 Acc task: [100.0]
2026-04-06 17:45:28,080 [trainer.py] => ================================================================================
2026-04-06 17:45:28,080 [trainer.py] => ================================================================================
2026-04-06 17:45:28,092 [base.py] => Task 1 learning on class 10-20
2026-04-06 17:45:28,102 [toolkit.py] => Total params:     106,359,223
2026-04-06 17:45:28,102 [toolkit.py] => Trainable params: 192,010
2026-04-06 17:45:28,102 [toolkit.py] => Trainable ratio:  0.1805%
2026-04-06 17:47:01,261 [toolkit.py] => config: configs/splitlora/cifar100.json
2026-04-06 17:47:01,261 [toolkit.py] => device: [device(type='cuda', index=0)]
2026-04-06 17:47:01,262 [toolkit.py] => debug: False
2026-04-06 17:47:01,262 [toolkit.py] => save_ckp: False
2026-04-06 17:47:01,262 [toolkit.py] => seed: 0
2026-04-06 17:47:01,262 [toolkit.py] => dataset: cifar100
2026-04-06 17:47:01,262 [toolkit.py] => data_path: data/cifar100
2026-04-06 17:47:01,262 [toolkit.py] => load: vit_base_patch16_224_in21k
2026-04-06 17:47:01,262 [toolkit.py] => init_cls: 10
2026-04-06 17:47:01,262 [toolkit.py] => increment: 10
2026-04-06 17:47:01,262 [toolkit.py] => sessions: 10
2026-04-06 17:47:01,262 [toolkit.py] => shuffle: False
2026-04-06 17:47:01,262 [toolkit.py] => method: splitlora
2026-04-06 17:47:01,262 [toolkit.py] => optimizer: adamw
2026-04-06 17:47:01,262 [toolkit.py] => scheduler: cosine
2026-04-06 17:47:01,262 [toolkit.py] => epochs: 1
2026-04-06 17:47:01,262 [toolkit.py] => lrate: 0.001
2026-04-06 17:47:01,262 [toolkit.py] => weight_decay: 0.0
2026-04-06 17:47:01,262 [toolkit.py] => batch_size: 256
2026-04-06 17:47:01,262 [toolkit.py] => rank: 10
2026-04-06 17:47:01,262 [toolkit.py] => num_workers: 16
2026-04-06 17:47:01,262 [toolkit.py] => lamb: 0.95
2026-04-06 17:47:01,262 [toolkit.py] => lame: 1.0
2026-04-06 17:47:01,262 [toolkit.py] => in_dim: 768
2026-04-06 17:47:01,262 [toolkit.py] => alpha: 20
2026-04-06 17:47:01,262 [toolkit.py] => logdir: logs/splitlora/cifar100/t10
2026-04-06 17:47:01,262 [toolkit.py] => logfilename: logs/splitlora/cifar100/t10/seed0
2026-04-06 17:47:02,867 [data_manager.py] => Class index order: 0, 1, 2, 3, 4, ..., 95, 96, 97, 98, 99
2026-04-06 17:47:05,174 [trainer.py] => ================================================================================
2026-04-06 17:47:05,182 [base.py] => Task 0 learning on class 0-10
2026-04-06 17:47:06,174 [toolkit.py] => Total params:     106,359,223
2026-04-06 17:47:06,175 [toolkit.py] => Trainable params: 192,010
2026-04-06 17:47:06,175 [toolkit.py] => Trainable ratio:  0.1805%
2026-04-06 17:47:58,268 [splitlora.py] => Task 0, Epoch 1/1 => Loss 1.082, Train_accy 67.30
2026-04-06 17:48:17,025 [trainer.py] => Training time: 0h 1m 11s
2026-04-06 17:48:21,328 [trainer.py] => Evaluation time: 0h 0m 4s
2026-04-06 17:48:21,328 [trainer.py] => Accuracy: {'total': 98.2, '00-09': 98.2, 'old': 0, 'new': 98.2}
2026-04-06 17:48:21,328 [trainer.py] => (curve) top1 Acc: [98.2]
2026-04-06 17:48:21,328 [trainer.py] => (curve) top1 Acc with task: [98.2]
2026-04-06 17:48:21,328 [trainer.py] => (curve) top1 Acc task: [100.0]
2026-04-06 17:48:21,328 [trainer.py] => ================================================================================
2026-04-06 17:48:21,328 [trainer.py] => ================================================================================
2026-04-06 17:48:21,350 [base.py] => Task 1 learning on class 10-20
2026-04-06 17:48:21,360 [toolkit.py] => Total params:     106,359,223
2026-04-06 17:48:21,360 [toolkit.py] => Trainable params: 192,010
2026-04-06 17:48:21,360 [toolkit.py] => Trainable ratio:  0.1805%
2026-04-06 17:49:58,377 [toolkit.py] => config: configs/splitlora/cifar100.json
2026-04-06 17:49:58,378 [toolkit.py] => device: [device(type='cuda', index=0)]
2026-04-06 17:49:58,378 [toolkit.py] => debug: False
2026-04-06 17:49:58,378 [toolkit.py] => save_ckp: False
2026-04-06 17:49:58,378 [toolkit.py] => seed: 0
2026-04-06 17:49:58,378 [toolkit.py] => dataset: cifar100
2026-04-06 17:49:58,378 [toolkit.py] => data_path: data/cifar100
2026-04-06 17:49:58,378 [toolkit.py] => load: vit_base_patch16_224_in21k
2026-04-06 17:49:58,378 [toolkit.py] => init_cls: 10
2026-04-06 17:49:58,378 [toolkit.py] => increment: 10
2026-04-06 17:49:58,378 [toolkit.py] => sessions: 10
2026-04-06 17:49:58,378 [toolkit.py] => shuffle: False
2026-04-06 17:49:58,378 [toolkit.py] => method: splitlora
2026-04-06 17:49:58,378 [toolkit.py] => optimizer: adamw
2026-04-06 17:49:58,378 [toolkit.py] => scheduler: cosine
2026-04-06 17:49:58,378 [toolkit.py] => epochs: 1
2026-04-06 17:49:58,378 [toolkit.py] => lrate: 0.001
2026-04-06 17:49:58,378 [toolkit.py] => weight_decay: 0.0
2026-04-06 17:49:58,378 [toolkit.py] => batch_size: 256
2026-04-06 17:49:58,378 [toolkit.py] => rank: 10
2026-04-06 17:49:58,378 [toolkit.py] => num_workers: 16
2026-04-06 17:49:58,378 [toolkit.py] => lamb: 0.95
2026-04-06 17:49:58,378 [toolkit.py] => lame: 1.0
2026-04-06 17:49:58,378 [toolkit.py] => in_dim: 768
2026-04-06 17:49:58,378 [toolkit.py] => alpha: 20
2026-04-06 17:49:58,378 [toolkit.py] => logdir: logs/splitlora/cifar100/t10
2026-04-06 17:49:58,378 [toolkit.py] => logfilename: logs/splitlora/cifar100/t10/seed0
2026-04-06 17:50:00,049 [data_manager.py] => Class index order: 0, 1, 2, 3, 4, ..., 95, 96, 97, 98, 99
2026-04-06 17:50:02,447 [trainer.py] => ================================================================================
2026-04-06 17:50:02,463 [base.py] => Task 0 learning on class 0-10
2026-04-06 17:50:03,426 [toolkit.py] => Total params:     106,359,223
2026-04-06 17:50:03,426 [toolkit.py] => Trainable params: 192,010
2026-04-06 17:50:03,426 [toolkit.py] => Trainable ratio:  0.1805%
2026-04-06 17:50:55,409 [splitlora.py] => Task 0, Epoch 1/1 => Loss 1.082, Train_accy 67.30
2026-04-06 17:51:14,294 [trainer.py] => Training time: 0h 1m 11s
2026-04-06 17:51:18,416 [trainer.py] => Evaluation time: 0h 0m 4s
2026-04-06 17:51:18,416 [trainer.py] => Accuracy: {'total': 98.2, '00-09': 98.2, 'old': 0, 'new': 98.2}
2026-04-06 17:51:18,416 [trainer.py] => (curve) top1 Acc: [98.2]
2026-04-06 17:51:18,416 [trainer.py] => (curve) top1 Acc with task: [98.2]
2026-04-06 17:51:18,416 [trainer.py] => (curve) top1 Acc task: [100.0]
2026-04-06 17:51:18,416 [trainer.py] => ================================================================================
2026-04-06 17:51:18,416 [trainer.py] => ================================================================================
2026-04-06 17:51:18,464 [base.py] => Task 1 learning on class 10-20
2026-04-06 17:51:18,474 [toolkit.py] => Total params:     106,359,223
2026-04-06 17:51:18,474 [toolkit.py] => Trainable params: 192,010
2026-04-06 17:51:18,474 [toolkit.py] => Trainable ratio:  0.1805%
2026-04-06 17:52:02,187 [toolkit.py] => config: configs/splitlora/cifar100.json
2026-04-06 17:52:02,187 [toolkit.py] => device: [device(type='cuda', index=0)]
2026-04-06 17:52:02,187 [toolkit.py] => debug: False
2026-04-06 17:52:02,187 [toolkit.py] => save_ckp: False
2026-04-06 17:52:02,187 [toolkit.py] => seed: 0
2026-04-06 17:52:02,187 [toolkit.py] => dataset: cifar100
2026-04-06 17:52:02,187 [toolkit.py] => data_path: data/cifar100
2026-04-06 17:52:02,187 [toolkit.py] => load: vit_base_patch16_224_in21k
2026-04-06 17:52:02,187 [toolkit.py] => init_cls: 10
2026-04-06 17:52:02,187 [toolkit.py] => increment: 10
2026-04-06 17:52:02,187 [toolkit.py] => sessions: 10
2026-04-06 17:52:02,187 [toolkit.py] => shuffle: False
2026-04-06 17:52:02,187 [toolkit.py] => method: splitlora
2026-04-06 17:52:02,187 [toolkit.py] => optimizer: adamw
2026-04-06 17:52:02,187 [toolkit.py] => scheduler: cosine
2026-04-06 17:52:02,187 [toolkit.py] => epochs: 1
2026-04-06 17:52:02,187 [toolkit.py] => lrate: 0.001
2026-04-06 17:52:02,187 [toolkit.py] => weight_decay: 0.0
2026-04-06 17:52:02,188 [toolkit.py] => batch_size: 256
2026-04-06 17:52:02,188 [toolkit.py] => rank: 10
2026-04-06 17:52:02,188 [toolkit.py] => num_workers: 16
2026-04-06 17:52:02,188 [toolkit.py] => lamb: 0.95
2026-04-06 17:52:02,188 [toolkit.py] => lame: 1.0
2026-04-06 17:52:02,188 [toolkit.py] => in_dim: 768
2026-04-06 17:52:02,188 [toolkit.py] => alpha: 20
2026-04-06 17:52:02,188 [toolkit.py] => logdir: logs/splitlora/cifar100/t10
2026-04-06 17:52:02,188 [toolkit.py] => logfilename: logs/splitlora/cifar100/t10/seed0
2026-04-06 17:52:03,889 [data_manager.py] => Class index order: 0, 1, 2, 3, 4, ..., 95, 96, 97, 98, 99
2026-04-06 17:52:06,292 [trainer.py] => ================================================================================
2026-04-06 17:52:06,308 [base.py] => Task 0 learning on class 0-10
2026-04-06 17:52:07,316 [toolkit.py] => Total params:     106,359,223
2026-04-06 17:52:07,316 [toolkit.py] => Trainable params: 192,010
2026-04-06 17:52:07,316 [toolkit.py] => Trainable ratio:  0.1805%
2026-04-06 17:52:59,709 [splitlora.py] => Task 0, Epoch 1/1 => Loss 1.082, Train_accy 67.30
2026-04-06 17:53:18,523 [trainer.py] => Training time: 0h 1m 12s
2026-04-06 17:53:22,665 [trainer.py] => Evaluation time: 0h 0m 4s
2026-04-06 17:53:22,665 [trainer.py] => Accuracy: {'total': 98.2, '00-09': 98.2, 'old': 0, 'new': 98.2}
2026-04-06 17:53:22,665 [trainer.py] => (curve) top1 Acc: [98.2]
2026-04-06 17:53:22,665 [trainer.py] => (curve) top1 Acc with task: [98.2]
2026-04-06 17:53:22,665 [trainer.py] => (curve) top1 Acc task: [100.0]
2026-04-06 17:53:22,665 [trainer.py] => ================================================================================
2026-04-06 17:53:22,665 [trainer.py] => ================================================================================
2026-04-06 17:53:22,713 [base.py] => Task 1 learning on class 10-20
2026-04-06 17:53:22,723 [toolkit.py] => Total params:     106,359,223
2026-04-06 17:53:22,723 [toolkit.py] => Trainable params: 192,010
2026-04-06 17:53:22,723 [toolkit.py] => Trainable ratio:  0.1805%
2026-04-06 17:54:15,572 [splitlora.py] => Task 1, Epoch 1/1 => Loss 0.925, Train_accy 71.32
2026-04-06 17:54:34,285 [trainer.py] => Training time: 0h 1m 11s
2026-04-06 17:54:41,739 [trainer.py] => Evaluation time: 0h 0m 7s
2026-04-06 17:54:41,739 [trainer.py] => Accuracy: {'total': 93.25, '00-09': 93.3, '10-19': 93.2, 'old': 93.3, 'new': 93.2}
2026-04-06 17:54:41,739 [trainer.py] => (curve) top1 Acc: [98.2, 93.25]
2026-04-06 17:54:41,739 [trainer.py] => (curve) top1 Acc with task: [98.2, 97.2]
2026-04-06 17:54:41,739 [trainer.py] => (curve) top1 Acc task: [100.0, 95.25]
2026-04-06 17:54:41,739 [trainer.py] => ================================================================================
2026-04-06 17:54:41,739 [trainer.py] => ================================================================================
2026-04-06 17:54:41,754 [base.py] => Task 2 learning on class 20-30
2026-04-06 17:54:41,763 [toolkit.py] => Total params:     106,359,223
2026-04-06 17:54:41,764 [toolkit.py] => Trainable params: 192,010
2026-04-06 17:54:41,764 [toolkit.py] => Trainable ratio:  0.1805%
2026-04-06 17:55:34,844 [splitlora.py] => Task 2, Epoch 1/1 => Loss 0.942, Train_accy 70.64
2026-04-06 17:56:20,798 [toolkit.py] => config: configs/splitlora/cifar100.json
2026-04-06 17:56:20,798 [toolkit.py] => device: [device(type='cuda', index=0)]
2026-04-06 17:56:20,798 [toolkit.py] => debug: False
2026-04-06 17:56:20,798 [toolkit.py] => save_ckp: False
2026-04-06 17:56:20,798 [toolkit.py] => seed: 0
2026-04-06 17:56:20,798 [toolkit.py] => dataset: cifar100
2026-04-06 17:56:20,798 [toolkit.py] => data_path: data/cifar100
2026-04-06 17:56:20,798 [toolkit.py] => load: vit_base_patch16_224_in21k
2026-04-06 17:56:20,798 [toolkit.py] => init_cls: 10
2026-04-06 17:56:20,798 [toolkit.py] => increment: 10
2026-04-06 17:56:20,798 [toolkit.py] => sessions: 10
2026-04-06 17:56:20,798 [toolkit.py] => shuffle: False
2026-04-06 17:56:20,798 [toolkit.py] => method: splitlora
2026-04-06 17:56:20,798 [toolkit.py] => optimizer: adamw
2026-04-06 17:56:20,798 [toolkit.py] => scheduler: cosine
2026-04-06 17:56:20,798 [toolkit.py] => epochs: 10
2026-04-06 17:56:20,798 [toolkit.py] => lrate: 0.001
2026-04-06 17:56:20,798 [toolkit.py] => weight_decay: 0.0
2026-04-06 17:56:20,798 [toolkit.py] => batch_size: 256
2026-04-06 17:56:20,798 [toolkit.py] => rank: 10
2026-04-06 17:56:20,798 [toolkit.py] => num_workers: 16
2026-04-06 17:56:20,798 [toolkit.py] => lamb: 0.95
2026-04-06 17:56:20,798 [toolkit.py] => lame: 1.0
2026-04-06 17:56:20,798 [toolkit.py] => in_dim: 768
2026-04-06 17:56:20,798 [toolkit.py] => alpha: 20
2026-04-06 17:56:20,799 [toolkit.py] => logdir: logs/splitlora/cifar100/t10
2026-04-06 17:56:20,799 [toolkit.py] => logfilename: logs/splitlora/cifar100/t10/seed0
2026-04-06 17:56:22,373 [data_manager.py] => Class index order: 0, 1, 2, 3, 4, ..., 95, 96, 97, 98, 99
2026-04-06 17:56:24,685 [trainer.py] => ================================================================================
2026-04-06 17:56:24,693 [base.py] => Task 0 learning on class 0-10
2026-04-06 17:56:25,619 [toolkit.py] => Total params:     106,359,223
2026-04-06 17:56:25,619 [toolkit.py] => Trainable params: 192,010
2026-04-06 17:56:25,619 [toolkit.py] => Trainable ratio:  0.1805%
2026-04-06 18:02:32,248 [splitlora.py] => Task 0, Epoch 10/10 => Loss 0.130, Train_accy 95.92
2026-04-06 18:02:50,802 [trainer.py] => Training time: 0h 6m 26s
2026-04-06 18:02:54,926 [trainer.py] => Evaluation time: 0h 0m 4s
2026-04-06 18:02:54,926 [trainer.py] => Accuracy: {'total': 99.2, '00-09': 99.2, 'old': 0, 'new': 99.2}
2026-04-06 18:02:54,926 [trainer.py] => (curve) top1 Acc: [99.2]
2026-04-06 18:02:54,926 [trainer.py] => (curve) top1 Acc with task: [99.2]
2026-04-06 18:02:54,926 [trainer.py] => (curve) top1 Acc task: [100.0]
2026-04-06 18:02:54,926 [trainer.py] => ================================================================================
2026-04-06 18:02:54,926 [trainer.py] => ================================================================================
2026-04-06 18:02:54,938 [base.py] => Task 1 learning on class 10-20
2026-04-06 18:02:54,948 [toolkit.py] => Total params:     106,359,223
2026-04-06 18:02:54,948 [toolkit.py] => Trainable params: 192,010
2026-04-06 18:02:54,948 [toolkit.py] => Trainable ratio:  0.1805%
2026-04-06 18:09:03,789 [splitlora.py] => Task 1, Epoch 10/10 => Loss 0.187, Train_accy 93.88
2026-04-06 18:09:22,606 [trainer.py] => Training time: 0h 6m 27s
2026-04-06 18:09:30,221 [trainer.py] => Evaluation time: 0h 0m 7s
2026-04-06 18:09:30,221 [trainer.py] => Accuracy: {'total': 95.95, '00-09': 96.6, '10-19': 95.3, 'old': 96.6, 'new': 95.3}
2026-04-06 18:09:30,221 [trainer.py] => (curve) top1 Acc: [99.2, 95.95]
2026-04-06 18:09:30,221 [trainer.py] => (curve) top1 Acc with task: [99.2, 99.0]
2026-04-06 18:09:30,221 [trainer.py] => (curve) top1 Acc task: [100.0, 96.75]
2026-04-06 18:09:30,221 [trainer.py] => ================================================================================
2026-04-06 18:09:30,221 [trainer.py] => ================================================================================
2026-04-06 18:09:30,236 [base.py] => Task 2 learning on class 20-30
2026-04-06 18:09:30,246 [toolkit.py] => Total params:     106,359,223
2026-04-06 18:09:30,246 [toolkit.py] => Trainable params: 192,010
2026-04-06 18:09:30,246 [toolkit.py] => Trainable ratio:  0.1805%
2026-04-06 18:15:39,481 [splitlora.py] => Task 2, Epoch 10/10 => Loss 0.187, Train_accy 93.74
2026-04-06 18:15:58,212 [trainer.py] => Training time: 0h 6m 27s
2026-04-06 18:16:08,864 [trainer.py] => Evaluation time: 0h 0m 10s
2026-04-06 18:16:08,864 [trainer.py] => Accuracy: {'total': 93.57, '00-09': 95.2, '10-19': 94.5, '20-29': 91.0, 'old': 94.85, 'new': 91.0}
2026-04-06 18:16:08,864 [trainer.py] => (curve) top1 Acc: [99.2, 95.95, 93.57]
2026-04-06 18:16:08,865 [trainer.py] => (curve) top1 Acc with task: [99.2, 99.0, 98.63]
2026-04-06 18:16:08,865 [trainer.py] => (curve) top1 Acc task: [100.0, 96.75, 94.4]
2026-04-06 18:16:08,865 [trainer.py] => ================================================================================
2026-04-06 18:16:08,865 [trainer.py] => ================================================================================
2026-04-06 18:16:08,879 [base.py] => Task 3 learning on class 30-40
2026-04-06 18:16:08,888 [toolkit.py] => Total params:     106,359,223
2026-04-06 18:16:08,889 [toolkit.py] => Trainable params: 192,010
2026-04-06 18:16:08,889 [toolkit.py] => Trainable ratio:  0.1805%
2026-04-06 18:22:19,019 [splitlora.py] => Task 3, Epoch 10/10 => Loss 0.154, Train_accy 95.40
2026-04-06 18:22:37,624 [trainer.py] => Training time: 0h 6m 28s
2026-04-06 18:22:51,759 [trainer.py] => Evaluation time: 0h 0m 14s
2026-04-06 18:22:51,759 [trainer.py] => Accuracy: {'total': 91.4, '00-09': 94.7, '10-19': 92.6, '20-29': 91.1, '30-39': 87.2, 'old': 92.8, 'new': 87.2}
2026-04-06 18:22:51,759 [trainer.py] => (curve) top1 Acc: [99.2, 95.95, 93.57, 91.4]
2026-04-06 18:22:51,759 [trainer.py] => (curve) top1 Acc with task: [99.2, 99.0, 98.63, 98.62]
2026-04-06 18:22:51,759 [trainer.py] => (curve) top1 Acc task: [100.0, 96.75, 94.4, 92.08]
2026-04-06 18:22:51,759 [trainer.py] => ================================================================================
2026-04-06 18:22:51,759 [trainer.py] => ================================================================================
2026-04-06 18:22:51,775 [base.py] => Task 4 learning on class 40-50
2026-04-06 18:22:51,784 [toolkit.py] => Total params:     106,359,223
2026-04-06 18:22:51,784 [toolkit.py] => Trainable params: 192,010
2026-04-06 18:22:51,784 [toolkit.py] => Trainable ratio:  0.1805%
2026-04-06 18:29:02,383 [splitlora.py] => Task 4, Epoch 10/10 => Loss 0.189, Train_accy 93.56
2026-04-06 18:29:21,451 [trainer.py] => Training time: 0h 6m 29s
2026-04-06 18:29:38,786 [trainer.py] => Evaluation time: 0h 0m 17s
2026-04-06 18:29:38,786 [trainer.py] => Accuracy: {'total': 90.34, '00-09': 94.5, '10-19': 91.7, '20-29': 88.3, '30-39': 86.5, '40-49': 90.7, 'old': 90.25, 'new': 90.7}
2026-04-06 18:29:38,786 [trainer.py] => (curve) top1 Acc: [99.2, 95.95, 93.57, 91.4, 90.34]
2026-04-06 18:29:38,786 [trainer.py] => (curve) top1 Acc with task: [99.2, 99.0, 98.63, 98.62, 98.6]
2026-04-06 18:29:38,786 [trainer.py] => (curve) top1 Acc task: [100.0, 96.75, 94.4, 92.08, 90.98]
2026-04-06 18:29:38,786 [trainer.py] => ================================================================================
2026-04-06 18:29:38,786 [trainer.py] => ================================================================================
2026-04-06 18:29:38,801 [base.py] => Task 5 learning on class 50-60
2026-04-06 18:29:38,811 [toolkit.py] => Total params:     106,359,223
2026-04-06 18:29:38,811 [toolkit.py] => Trainable params: 192,010
2026-04-06 18:29:38,811 [toolkit.py] => Trainable ratio:  0.1805%
2026-04-06 18:35:49,444 [splitlora.py] => Task 5, Epoch 10/10 => Loss 0.188, Train_accy 93.70
2026-04-06 18:36:08,145 [trainer.py] => Training time: 0h 6m 29s
2026-04-06 18:36:28,679 [trainer.py] => Evaluation time: 0h 0m 20s
2026-04-06 18:36:28,679 [trainer.py] => Accuracy: {'total': 88.5, '00-09': 94.3, '10-19': 91.1, '20-29': 87.9, '30-39': 85.2, '40-49': 90.5, '50-59': 82.0, 'old': 89.8, 'new': 82.0}
2026-04-06 18:36:28,679 [trainer.py] => (curve) top1 Acc: [99.2, 95.95, 93.57, 91.4, 90.34, 88.5]
2026-04-06 18:36:28,679 [trainer.py] => (curve) top1 Acc with task: [99.2, 99.0, 98.63, 98.62, 98.6, 98.4]
2026-04-06 18:36:28,679 [trainer.py] => (curve) top1 Acc task: [100.0, 96.75, 94.4, 92.08, 90.98, 89.0]
2026-04-06 18:36:28,679 [trainer.py] => ================================================================================
2026-04-06 18:36:28,679 [trainer.py] => ================================================================================
2026-04-06 18:36:28,698 [base.py] => Task 6 learning on class 60-70
2026-04-06 18:36:28,708 [toolkit.py] => Total params:     106,359,223
2026-04-06 18:36:28,708 [toolkit.py] => Trainable params: 192,010
2026-04-06 18:36:28,708 [toolkit.py] => Trainable ratio:  0.1805%
2026-04-06 18:42:38,598 [splitlora.py] => Task 6, Epoch 10/10 => Loss 0.183, Train_accy 93.42
2026-04-06 18:42:57,428 [trainer.py] => Training time: 0h 6m 28s
2026-04-06 18:43:21,297 [trainer.py] => Evaluation time: 0h 0m 23s
2026-04-06 18:43:21,298 [trainer.py] => Accuracy: {'total': 87.89, '00-09': 93.9, '10-19': 89.8, '20-29': 87.4, '30-39': 85.3, '40-49': 90.0, '50-59': 81.5, '60-69': 87.3, 'old': 87.98, 'new': 87.3}
2026-04-06 18:43:21,298 [trainer.py] => (curve) top1 Acc: [99.2, 95.95, 93.57, 91.4, 90.34, 88.5, 87.89]
2026-04-06 18:43:21,298 [trainer.py] => (curve) top1 Acc with task: [99.2, 99.0, 98.63, 98.62, 98.6, 98.4, 98.34]
2026-04-06 18:43:21,298 [trainer.py] => (curve) top1 Acc task: [100.0, 96.75, 94.4, 92.08, 90.98, 89.0, 88.33]
2026-04-06 18:43:21,298 [trainer.py] => ================================================================================
2026-04-06 18:43:21,298 [trainer.py] => ================================================================================
2026-04-06 18:43:21,323 [base.py] => Task 7 learning on class 70-80
2026-04-06 18:43:21,333 [toolkit.py] => Total params:     106,359,223
2026-04-06 18:43:21,333 [toolkit.py] => Trainable params: 192,010
2026-04-06 18:43:21,333 [toolkit.py] => Trainable ratio:  0.1805%
2026-04-06 18:49:31,808 [splitlora.py] => Task 7, Epoch 10/10 => Loss 0.175, Train_accy 94.04
2026-04-06 18:49:50,549 [trainer.py] => Training time: 0h 6m 29s
2026-04-06 18:50:17,913 [trainer.py] => Evaluation time: 0h 0m 27s
2026-04-06 18:50:17,913 [trainer.py] => Accuracy: {'total': 87.35, '00-09': 93.4, '10-19': 88.8, '20-29': 86.6, '30-39': 85.3, '40-49': 89.9, '50-59': 79.7, '60-69': 85.7, '70-79': 89.4, 'old': 87.06, 'new': 89.4}
2026-04-06 18:50:17,913 [trainer.py] => (curve) top1 Acc: [99.2, 95.95, 93.57, 91.4, 90.34, 88.5, 87.89, 87.35]
2026-04-06 18:50:17,913 [trainer.py] => (curve) top1 Acc with task: [99.2, 99.0, 98.63, 98.62, 98.6, 98.4, 98.34, 98.4]
2026-04-06 18:50:17,913 [trainer.py] => (curve) top1 Acc task: [100.0, 96.75, 94.4, 92.08, 90.98, 89.0, 88.33, 87.71]
2026-04-06 18:50:17,913 [trainer.py] => ================================================================================
2026-04-06 18:50:17,913 [trainer.py] => ================================================================================
2026-04-06 18:50:17,934 [base.py] => Task 8 learning on class 80-90
2026-04-06 18:50:17,944 [toolkit.py] => Total params:     106,359,223
2026-04-06 18:50:17,944 [toolkit.py] => Trainable params: 192,010
2026-04-06 18:50:17,944 [toolkit.py] => Trainable ratio:  0.1805%
2026-04-06 18:56:28,551 [splitlora.py] => Task 8, Epoch 10/10 => Loss 0.158, Train_accy 95.10
2026-04-06 18:56:47,182 [trainer.py] => Training time: 0h 6m 29s
2026-04-06 18:57:17,525 [trainer.py] => Evaluation time: 0h 0m 30s
2026-04-06 18:57:17,526 [trainer.py] => Accuracy: {'total': 87.54, '00-09': 93.6, '10-19': 88.7, '20-29': 86.5, '30-39': 84.9, '40-49': 88.7, '50-59': 79.5, '60-69': 85.0, '70-79': 89.2, '80-89': 91.8, 'old': 87.01, 'new': 91.8}
2026-04-06 18:57:17,526 [trainer.py] => (curve) top1 Acc: [99.2, 95.95, 93.57, 91.4, 90.34, 88.5, 87.89, 87.35, 87.54]
2026-04-06 18:57:17,526 [trainer.py] => (curve) top1 Acc with task: [99.2, 99.0, 98.63, 98.62, 98.6, 98.4, 98.34, 98.4, 98.49]
2026-04-06 18:57:17,526 [trainer.py] => (curve) top1 Acc task: [100.0, 96.75, 94.4, 92.08, 90.98, 89.0, 88.33, 87.71, 87.83]
2026-04-06 18:57:17,526 [trainer.py] => ================================================================================
2026-04-06 18:57:17,526 [trainer.py] => ================================================================================
2026-04-06 18:57:17,542 [base.py] => Task 9 learning on class 90-100
2026-04-06 18:57:17,553 [toolkit.py] => Total params:     106,359,223
2026-04-06 18:57:17,553 [toolkit.py] => Trainable params: 192,010
2026-04-06 18:57:17,553 [toolkit.py] => Trainable ratio:  0.1805%
2026-04-06 19:03:28,761 [splitlora.py] => Task 9, Epoch 10/10 => Loss 0.125, Train_accy 95.94
2026-04-06 19:03:47,771 [trainer.py] => Training time: 0h 6m 30s
2026-04-06 19:04:21,331 [trainer.py] => Evaluation time: 0h 0m 33s
2026-04-06 19:04:21,332 [trainer.py] => Accuracy: {'total': 86.54, '00-09': 92.9, '10-19': 88.2, '20-29': 86.2, '30-39': 83.9, '40-49': 87.0, '50-59': 78.8, '60-69': 84.0, '70-79': 87.6, '80-89': 90.4, '90-99': 86.4, 'old': 86.56, 'new': 86.4}
2026-04-06 19:04:21,332 [trainer.py] => (curve) top1 Acc: [99.2, 95.95, 93.57, 91.4, 90.34, 88.5, 87.89, 87.35, 87.54, 86.54]
2026-04-06 19:04:21,332 [trainer.py] => (curve) top1 Acc with task: [99.2, 99.0, 98.63, 98.62, 98.6, 98.4, 98.34, 98.4, 98.49, 98.58]
2026-04-06 19:04:21,332 [trainer.py] => (curve) top1 Acc task: [100.0, 96.75, 94.4, 92.08, 90.98, 89.0, 88.33, 87.71, 87.83, 86.79]
2026-04-06 19:04:21,332 [trainer.py] => ================================================================================
2026-07-02 01:48:59,610 [toolkit.py] => config: /home/zll2025/low-rank-cl-main/configs/splitlora/cifar100_seed=0.json
2026-07-02 01:48:59,627 [toolkit.py] => device: [device(type='cuda', index=2)]
2026-07-02 01:48:59,627 [toolkit.py] => debug: False
2026-07-02 01:48:59,627 [toolkit.py] => save_ckp: False
2026-07-02 01:48:59,627 [toolkit.py] => moe_list: None
2026-07-02 01:48:59,627 [toolkit.py] => seed: 0
2026-07-02 01:48:59,627 [toolkit.py] => dataset: cifar100
2026-07-02 01:48:59,628 [toolkit.py] => data_path: data/cifar100
2026-07-02 01:48:59,628 [toolkit.py] => load: vit_base_patch16_224_in21k
2026-07-02 01:48:59,628 [toolkit.py] => init_cls: 10
2026-07-02 01:48:59,628 [toolkit.py] => increment: 10
2026-07-02 01:48:59,628 [toolkit.py] => sessions: 10
2026-07-02 01:48:59,628 [toolkit.py] => shuffle: False
2026-07-02 01:48:59,628 [toolkit.py] => method: splitlora
2026-07-02 01:48:59,628 [toolkit.py] => optimizer: adamw
2026-07-02 01:48:59,628 [toolkit.py] => scheduler: steplr
2026-07-02 01:48:59,628 [toolkit.py] => epochs: 10
2026-07-02 01:48:59,628 [toolkit.py] => lrate: 0.001
2026-07-02 01:48:59,628 [toolkit.py] => lrate_head: 0.01
2026-07-02 01:48:59,628 [toolkit.py] => weight_decay: 5e-05
2026-07-02 01:48:59,628 [toolkit.py] => batch_size: 256
2026-07-02 01:48:59,629 [toolkit.py] => rank: 10
2026-07-02 01:48:59,629 [toolkit.py] => num_workers: 16
2026-07-02 01:48:59,629 [toolkit.py] => lamb: 0.95
2026-07-02 01:48:59,629 [toolkit.py] => lame: 1.0
2026-07-02 01:48:59,629 [toolkit.py] => in_dim: 768
2026-07-02 01:48:59,629 [toolkit.py] => alpha: 20
2026-07-02 01:48:59,629 [toolkit.py] => logdir: logs/splitlora/cifar100/t10
2026-07-02 01:48:59,629 [toolkit.py] => logfilename: logs/splitlora/cifar100/t10/seed0
2026-07-02 01:49:01,177 [data_manager.py] => Class index order: 0, 1, 2, 3, 4, ..., 95, 96, 97, 98, 99
2026-07-02 01:49:03,453 [trainer.py] => ================================================================================
2026-07-02 01:49:03,460 [base.py] => Task 0 learning on class 0-10
2026-07-02 01:49:03,879 [toolkit.py] => Total params:     106,359,223
2026-07-02 01:49:03,879 [toolkit.py] => Trainable params: 192,010
2026-07-02 01:49:03,879 [toolkit.py] => Trainable ratio:  0.1805%
2026-07-02 01:54:46,750 [splitlora.py] => Task 0, Epoch 10/10 => Loss 0.149, Train_accy 94.94
2026-07-02 01:55:04,969 [trainer.py] => Training time: 0h 6m 1s
2026-07-02 01:55:08,990 [trainer.py] => Evaluation time: 0h 0m 4s
2026-07-02 01:55:08,990 [trainer.py] => Accuracy: {'total': 99.0, '00-09': 99.0, 'old': 0, 'new': 99.0}
2026-07-02 01:55:08,990 [trainer.py] => (curve) top1 Acc: [99.0]
2026-07-02 01:55:08,990 [trainer.py] => Avergae Acc: 99.00
2026-07-02 01:55:08,990 [trainer.py] => (curve) top1 Acc with task: [99.0]
2026-07-02 01:55:08,990 [trainer.py] => Avergae Acc: 99.00
2026-07-02 01:55:08,990 [trainer.py] => (curve) top1 Acc task: [100.0]
2026-07-02 01:55:08,990 [trainer.py] => Avergae Acc: 100.00
2026-07-02 01:55:08,991 [trainer.py] => ================================================================================
2026-07-02 01:55:08,991 [trainer.py] => ================================================================================
2026-07-02 01:55:09,003 [base.py] => Task 1 learning on class 10-20
2026-07-02 01:55:09,013 [toolkit.py] => Total params:     106,359,223
2026-07-02 01:55:09,013 [toolkit.py] => Trainable params: 192,010
2026-07-02 01:55:09,013 [toolkit.py] => Trainable ratio:  0.1805%
2026-07-02 02:00:55,200 [splitlora.py] => Task 1, Epoch 10/10 => Loss 0.165, Train_accy 94.76
2026-07-02 02:01:13,535 [trainer.py] => Training time: 0h 6m 4s
2026-07-02 02:01:20,818 [trainer.py] => Evaluation time: 0h 0m 7s
2026-07-02 02:01:20,819 [trainer.py] => Accuracy: {'total': 95.9, '00-09': 94.7, '10-19': 97.1, 'old': 94.7, 'new': 97.1}
2026-07-02 02:01:20,819 [trainer.py] => (curve) top1 Acc: [99.0, 95.9]
2026-07-02 02:01:20,819 [trainer.py] => Avergae Acc: 97.45
2026-07-02 02:01:20,819 [trainer.py] => (curve) top1 Acc with task: [99.0, 98.95]
2026-07-02 02:01:20,819 [trainer.py] => Avergae Acc: 98.97
2026-07-02 02:01:20,819 [trainer.py] => (curve) top1 Acc task: [100.0, 96.8]
2026-07-02 02:01:20,819 [trainer.py] => Avergae Acc: 98.40
2026-07-02 02:01:20,819 [trainer.py] => ================================================================================
2026-07-02 02:01:20,819 [trainer.py] => ================================================================================
2026-07-02 02:01:20,833 [base.py] => Task 2 learning on class 20-30
2026-07-02 02:01:20,842 [toolkit.py] => Total params:     106,359,223
2026-07-02 02:01:20,842 [toolkit.py] => Trainable params: 192,010
2026-07-02 02:01:20,842 [toolkit.py] => Trainable ratio:  0.1805%
2026-07-02 02:07:08,264 [splitlora.py] => Task 2, Epoch 10/10 => Loss 0.173, Train_accy 94.38
2026-07-02 02:07:26,786 [trainer.py] => Training time: 0h 6m 5s
2026-07-02 02:07:37,411 [trainer.py] => Evaluation time: 0h 0m 10s
2026-07-02 02:07:37,411 [trainer.py] => Accuracy: {'total': 94.1, '00-09': 91.5, '10-19': 95.1, '20-29': 95.7, 'old': 93.3, 'new': 95.7}
2026-07-02 02:07:37,411 [trainer.py] => (curve) top1 Acc: [99.0, 95.9, 94.1]
2026-07-02 02:07:37,411 [trainer.py] => Avergae Acc: 96.33
2026-07-02 02:07:37,411 [trainer.py] => (curve) top1 Acc with task: [99.0, 98.95, 98.53]
2026-07-02 02:07:37,411 [trainer.py] => Avergae Acc: 98.83
2026-07-02 02:07:37,412 [trainer.py] => (curve) top1 Acc task: [100.0, 96.8, 95.0]
2026-07-02 02:07:37,412 [trainer.py] => Avergae Acc: 97.27
2026-07-02 02:07:37,412 [trainer.py] => ================================================================================
2026-07-02 02:07:37,412 [trainer.py] => ================================================================================
2026-07-02 02:07:37,428 [base.py] => Task 3 learning on class 30-40
2026-07-02 02:07:37,438 [toolkit.py] => Total params:     106,359,223
2026-07-02 02:07:37,438 [toolkit.py] => Trainable params: 192,010
2026-07-02 02:07:37,438 [toolkit.py] => Trainable ratio:  0.1805%
2026-07-02 02:13:25,564 [splitlora.py] => Task 3, Epoch 10/10 => Loss 0.160, Train_accy 95.20
2026-07-02 02:13:44,121 [trainer.py] => Training time: 0h 6m 6s
2026-07-02 02:13:57,983 [trainer.py] => Evaluation time: 0h 0m 13s
2026-07-02 02:13:57,983 [trainer.py] => Accuracy: {'total': 92.8, '00-09': 89.9, '10-19': 92.2, '20-29': 95.3, '30-39': 93.8, 'old': 92.47, 'new': 93.8}
2026-07-02 02:13:57,983 [trainer.py] => (curve) top1 Acc: [99.0, 95.9, 94.1, 92.8]
2026-07-02 02:13:57,983 [trainer.py] => Avergae Acc: 95.45
2026-07-02 02:13:57,983 [trainer.py] => (curve) top1 Acc with task: [99.0, 98.95, 98.53, 98.5]
2026-07-02 02:13:57,983 [trainer.py] => Avergae Acc: 98.75
2026-07-02 02:13:57,983 [trainer.py] => (curve) top1 Acc task: [100.0, 96.8, 95.0, 93.6]
2026-07-02 02:13:57,983 [trainer.py] => Avergae Acc: 96.35
2026-07-02 02:13:57,983 [trainer.py] => ================================================================================
2026-07-02 02:13:57,983 [trainer.py] => ================================================================================
2026-07-02 02:13:57,999 [base.py] => Task 4 learning on class 40-50
2026-07-02 02:13:58,009 [toolkit.py] => Total params:     106,359,223
2026-07-02 02:13:58,009 [toolkit.py] => Trainable params: 192,010
2026-07-02 02:13:58,009 [toolkit.py] => Trainable ratio:  0.1805%
2026-07-02 02:19:46,561 [splitlora.py] => Task 4, Epoch 10/10 => Loss 0.140, Train_accy 95.32
2026-07-02 02:20:04,992 [trainer.py] => Training time: 0h 6m 7s
2026-07-02 02:20:22,138 [trainer.py] => Evaluation time: 0h 0m 17s
2026-07-02 02:20:22,139 [trainer.py] => Accuracy: {'total': 91.78, '00-09': 88.8, '10-19': 89.9, '20-29': 93.3, '30-39': 92.6, '40-49': 94.3, 'old': 91.15, 'new': 94.3}
2026-07-02 02:20:22,139 [trainer.py] => (curve) top1 Acc: [99.0, 95.9, 94.1, 92.8, 91.78]
2026-07-02 02:20:22,139 [trainer.py] => Avergae Acc: 94.72
2026-07-02 02:20:22,139 [trainer.py] => (curve) top1 Acc with task: [99.0, 98.95, 98.53, 98.5, 98.54]
2026-07-02 02:20:22,139 [trainer.py] => Avergae Acc: 98.70
2026-07-02 02:20:22,139 [trainer.py] => (curve) top1 Acc task: [100.0, 96.8, 95.0, 93.6, 92.54]
2026-07-02 02:20:22,139 [trainer.py] => Avergae Acc: 95.59
2026-07-02 02:20:22,139 [trainer.py] => ================================================================================
2026-07-02 02:20:22,139 [trainer.py] => ================================================================================
2026-07-02 02:20:22,163 [base.py] => Task 5 learning on class 50-60
2026-07-02 02:20:22,173 [toolkit.py] => Total params:     106,359,223
2026-07-02 02:20:22,173 [toolkit.py] => Trainable params: 192,010
2026-07-02 02:20:22,173 [toolkit.py] => Trainable ratio:  0.1805%
2026-07-02 02:26:10,747 [splitlora.py] => Task 5, Epoch 10/10 => Loss 0.163, Train_accy 94.24
2026-07-02 02:26:29,347 [trainer.py] => Training time: 0h 6m 7s
2026-07-02 02:26:49,613 [trainer.py] => Evaluation time: 0h 0m 20s
2026-07-02 02:26:49,614 [trainer.py] => Accuracy: {'total': 89.47, '00-09': 86.2, '10-19': 88.8, '20-29': 92.9, '30-39': 89.8, '40-49': 93.5, '50-59': 85.6, 'old': 90.24, 'new': 85.6}
2026-07-02 02:26:49,614 [trainer.py] => (curve) top1 Acc: [99.0, 95.9, 94.1, 92.8, 91.78, 89.47]
2026-07-02 02:26:49,614 [trainer.py] => Avergae Acc: 93.84
2026-07-02 02:26:49,614 [trainer.py] => (curve) top1 Acc with task: [99.0, 98.95, 98.53, 98.5, 98.54, 98.23]
2026-07-02 02:26:49,614 [trainer.py] => Avergae Acc: 98.62
2026-07-02 02:26:49,614 [trainer.py] => (curve) top1 Acc task: [100.0, 96.8, 95.0, 93.6, 92.54, 90.23]
2026-07-02 02:26:49,614 [trainer.py] => Avergae Acc: 94.69
2026-07-02 02:26:49,614 [trainer.py] => ================================================================================
2026-07-02 02:26:49,614 [trainer.py] => ================================================================================
2026-07-02 02:26:49,634 [base.py] => Task 6 learning on class 60-70
2026-07-02 02:26:49,644 [toolkit.py] => Total params:     106,359,223
2026-07-02 02:26:49,644 [toolkit.py] => Trainable params: 192,010
2026-07-02 02:26:49,644 [toolkit.py] => Trainable ratio:  0.1805%
2026-07-02 02:32:38,868 [splitlora.py] => Task 6, Epoch 10/10 => Loss 0.182, Train_accy 94.24
2026-07-02 02:32:57,396 [trainer.py] => Training time: 0h 6m 7s
2026-07-02 02:33:20,949 [trainer.py] => Evaluation time: 0h 0m 23s
2026-07-02 02:33:20,949 [trainer.py] => Accuracy: {'total': 88.54, '00-09': 84.9, '10-19': 85.8, '20-29': 90.9, '30-39': 89.0, '40-49': 93.0, '50-59': 84.5, '60-69': 91.7, 'old': 88.02, 'new': 91.7}
2026-07-02 02:33:20,949 [trainer.py] => (curve) top1 Acc: [99.0, 95.9, 94.1, 92.8, 91.78, 89.47, 88.54]
2026-07-02 02:33:20,949 [trainer.py] => Avergae Acc: 93.08
2026-07-02 02:33:20,949 [trainer.py] => (curve) top1 Acc with task: [99.0, 98.95, 98.53, 98.5, 98.54, 98.23, 98.09]
2026-07-02 02:33:20,949 [trainer.py] => Avergae Acc: 98.55
2026-07-02 02:33:20,949 [trainer.py] => (curve) top1 Acc task: [100.0, 96.8, 95.0, 93.6, 92.54, 90.23, 89.27]
2026-07-02 02:33:20,949 [trainer.py] => Avergae Acc: 93.92
2026-07-02 02:33:20,949 [trainer.py] => ================================================================================
2026-07-02 02:33:20,949 [trainer.py] => ================================================================================
2026-07-02 02:33:20,970 [base.py] => Task 7 learning on class 70-80
2026-07-02 02:33:20,980 [toolkit.py] => Total params:     106,359,223
2026-07-02 02:33:20,980 [toolkit.py] => Trainable params: 192,010
2026-07-02 02:33:20,980 [toolkit.py] => Trainable ratio:  0.1805%
2026-07-02 02:39:10,207 [splitlora.py] => Task 7, Epoch 10/10 => Loss 0.159, Train_accy 95.06
2026-07-02 02:39:28,715 [trainer.py] => Training time: 0h 6m 7s
2026-07-02 02:39:55,464 [trainer.py] => Evaluation time: 0h 0m 26s
2026-07-02 02:39:55,464 [trainer.py] => Accuracy: {'total': 88.08, '00-09': 84.1, '10-19': 85.4, '20-29': 89.8, '30-39': 88.6, '40-49': 92.9, '50-59': 82.2, '60-69': 90.4, '70-79': 91.2, 'old': 87.63, 'new': 91.2}
2026-07-02 02:39:55,464 [trainer.py] => (curve) top1 Acc: [99.0, 95.9, 94.1, 92.8, 91.78, 89.47, 88.54, 88.08]
2026-07-02 02:39:55,464 [trainer.py] => Avergae Acc: 92.46
2026-07-02 02:39:55,464 [trainer.py] => (curve) top1 Acc with task: [99.0, 98.95, 98.53, 98.5, 98.54, 98.23, 98.09, 98.1]
2026-07-02 02:39:55,465 [trainer.py] => Avergae Acc: 98.49
2026-07-02 02:39:55,465 [trainer.py] => (curve) top1 Acc task: [100.0, 96.8, 95.0, 93.6, 92.54, 90.23, 89.27, 88.7]
2026-07-02 02:39:55,465 [trainer.py] => Avergae Acc: 93.27
2026-07-02 02:39:55,465 [trainer.py] => ================================================================================
2026-07-02 02:39:55,465 [trainer.py] => ================================================================================
2026-07-02 02:39:55,487 [base.py] => Task 8 learning on class 80-90
2026-07-02 02:39:55,500 [toolkit.py] => Total params:     106,359,223
2026-07-02 02:39:55,500 [toolkit.py] => Trainable params: 192,010
2026-07-02 02:39:55,501 [toolkit.py] => Trainable ratio:  0.1805%
2026-07-02 02:45:45,216 [splitlora.py] => Task 8, Epoch 10/10 => Loss 0.140, Train_accy 95.72
2026-07-02 02:46:03,841 [trainer.py] => Training time: 0h 6m 8s
2026-07-02 02:46:33,918 [trainer.py] => Evaluation time: 0h 0m 30s
2026-07-02 02:46:33,918 [trainer.py] => Accuracy: {'total': 88.29, '00-09': 83.8, '10-19': 84.1, '20-29': 89.8, '30-39': 88.3, '40-49': 92.0, '50-59': 82.1, '60-69': 90.1, '70-79': 91.0, '80-89': 93.4, 'old': 87.65, 'new': 93.4}
2026-07-02 02:46:33,919 [trainer.py] => (curve) top1 Acc: [99.0, 95.9, 94.1, 92.8, 91.78, 89.47, 88.54, 88.08, 88.29]
2026-07-02 02:46:33,919 [trainer.py] => Avergae Acc: 92.00
2026-07-02 02:46:33,919 [trainer.py] => (curve) top1 Acc with task: [99.0, 98.95, 98.53, 98.5, 98.54, 98.23, 98.09, 98.1, 98.26]
2026-07-02 02:46:33,919 [trainer.py] => Avergae Acc: 98.47
2026-07-02 02:46:33,919 [trainer.py] => (curve) top1 Acc task: [100.0, 96.8, 95.0, 93.6, 92.54, 90.23, 89.27, 88.7, 88.88]
2026-07-02 02:46:33,919 [trainer.py] => Avergae Acc: 92.78
2026-07-02 02:46:33,919 [trainer.py] => ================================================================================
2026-07-02 02:46:33,919 [trainer.py] => ================================================================================
2026-07-02 02:46:33,939 [base.py] => Task 9 learning on class 90-100
2026-07-02 02:46:33,949 [toolkit.py] => Total params:     106,359,223
2026-07-02 02:46:33,950 [toolkit.py] => Trainable params: 192,010
2026-07-02 02:46:33,950 [toolkit.py] => Trainable ratio:  0.1805%
2026-07-02 02:52:23,028 [splitlora.py] => Task 9, Epoch 10/10 => Loss 0.125, Train_accy 95.86
2026-07-02 02:52:41,695 [trainer.py] => Training time: 0h 6m 7s
2026-07-02 02:53:14,920 [trainer.py] => Evaluation time: 0h 0m 33s
2026-07-02 02:53:14,921 [trainer.py] => Accuracy: {'total': 87.48, '00-09': 83.0, '10-19': 83.6, '20-29': 89.4, '30-39': 86.4, '40-49': 90.8, '50-59': 80.9, '60-69': 89.5, '70-79': 89.3, '80-89': 91.3, '90-99': 90.6, 'old': 87.13, 'new': 90.6}
2026-07-02 02:53:14,921 [trainer.py] => (curve) top1 Acc: [99.0, 95.9, 94.1, 92.8, 91.78, 89.47, 88.54, 88.08, 88.29, 87.48]
2026-07-02 02:53:14,921 [trainer.py] => Avergae Acc: 91.54
2026-07-02 02:53:14,921 [trainer.py] => (curve) top1 Acc with task: [99.0, 98.95, 98.53, 98.5, 98.54, 98.23, 98.09, 98.1, 98.26, 98.39]
2026-07-02 02:53:14,921 [trainer.py] => Avergae Acc: 98.46
2026-07-02 02:53:14,921 [trainer.py] => (curve) top1 Acc task: [100.0, 96.8, 95.0, 93.6, 92.54, 90.23, 89.27, 88.7, 88.88, 87.96]
2026-07-02 02:53:14,921 [trainer.py] => Avergae Acc: 92.30
2026-07-02 02:53:14,921 [trainer.py] => ================================================================================
