2026-04-06 23:27:30,437 [toolkit.py] => config: configs/splitlora/cifar100_seed=3407.json
2026-04-06 23:27:30,437 [toolkit.py] => device: [device(type='cuda', index=2)]
2026-04-06 23:27:30,437 [toolkit.py] => debug: False
2026-04-06 23:27:30,437 [toolkit.py] => save_ckp: False
2026-04-06 23:27:30,437 [toolkit.py] => seed: 3407
2026-04-06 23:27:30,438 [toolkit.py] => dataset: cifar100
2026-04-06 23:27:30,438 [toolkit.py] => data_path: data/cifar100
2026-04-06 23:27:30,438 [toolkit.py] => load: vit_base_patch16_224_in21k
2026-04-06 23:27:30,438 [toolkit.py] => init_cls: 10
2026-04-06 23:27:30,438 [toolkit.py] => increment: 10
2026-04-06 23:27:30,438 [toolkit.py] => sessions: 10
2026-04-06 23:27:30,438 [toolkit.py] => shuffle: False
2026-04-06 23:27:30,438 [toolkit.py] => method: splitlora
2026-04-06 23:27:30,438 [toolkit.py] => optimizer: adamw
2026-04-06 23:27:30,438 [toolkit.py] => scheduler: cosine
2026-04-06 23:27:30,438 [toolkit.py] => epochs: 10
2026-04-06 23:27:30,438 [toolkit.py] => lrate: 0.001
2026-04-06 23:27:30,438 [toolkit.py] => weight_decay: 0.0
2026-04-06 23:27:30,438 [toolkit.py] => batch_size: 256
2026-04-06 23:27:30,438 [toolkit.py] => rank: 10
2026-04-06 23:27:30,438 [toolkit.py] => num_workers: 16
2026-04-06 23:27:30,438 [toolkit.py] => lamb: 0.95
2026-04-06 23:27:30,438 [toolkit.py] => lame: 1.0
2026-04-06 23:27:30,438 [toolkit.py] => in_dim: 768
2026-04-06 23:27:30,438 [toolkit.py] => alpha: 20
2026-04-06 23:27:30,438 [toolkit.py] => logdir: logs/splitlora/cifar100/t10
2026-04-06 23:27:30,439 [toolkit.py] => logfilename: logs/splitlora/cifar100/t10/seed3407
2026-04-06 23:27:32,016 [data_manager.py] => Class index order: 0, 1, 2, 3, 4, ..., 95, 96, 97, 98, 99
2026-04-06 23:27:34,482 [trainer.py] => ================================================================================
2026-04-06 23:27:34,494 [base.py] => Task 0 learning on class 0-10
2026-04-06 23:27:35,087 [toolkit.py] => Total params:     106,359,223
2026-04-06 23:27:35,087 [toolkit.py] => Trainable params: 192,010
2026-04-06 23:27:35,087 [toolkit.py] => Trainable ratio:  0.1805%
2026-04-06 23:33:56,801 [splitlora.py] => Task 0, Epoch 10/10 => Loss 0.133, Train_accy 95.40
2026-04-06 23:34:16,042 [trainer.py] => Training time: 0h 6m 41s
2026-04-06 23:34:20,166 [trainer.py] => Evaluation time: 0h 0m 4s
2026-04-06 23:34:20,166 [trainer.py] => Accuracy: {'total': 99.3, '00-09': 99.3, 'old': 0, 'new': 99.3}
2026-04-06 23:34:20,166 [trainer.py] => (curve) top1 Acc: [99.3]
2026-04-06 23:34:20,166 [trainer.py] => (curve) top1 Acc with task: [99.3]
2026-04-06 23:34:20,166 [trainer.py] => (curve) top1 Acc task: [100.0]
2026-04-06 23:34:20,166 [trainer.py] => ================================================================================
2026-04-06 23:34:20,166 [trainer.py] => ================================================================================
2026-04-06 23:34:20,213 [base.py] => Task 1 learning on class 10-20
2026-04-06 23:34:20,223 [toolkit.py] => Total params:     106,359,223
2026-04-06 23:34:20,223 [toolkit.py] => Trainable params: 192,010
2026-04-06 23:34:20,223 [toolkit.py] => Trainable ratio:  0.1805%
2026-04-06 23:40:26,714 [splitlora.py] => Task 1, Epoch 10/10 => Loss 0.180, Train_accy 94.40
2026-04-06 23:40:45,415 [trainer.py] => Training time: 0h 6m 25s
2026-04-06 23:40:52,854 [trainer.py] => Evaluation time: 0h 0m 7s
2026-04-06 23:40:52,854 [trainer.py] => Accuracy: {'total': 96.15, '00-09': 97.1, '10-19': 95.2, 'old': 97.1, 'new': 95.2}
2026-04-06 23:40:52,854 [trainer.py] => (curve) top1 Acc: [99.3, 96.15]
2026-04-06 23:40:52,854 [trainer.py] => (curve) top1 Acc with task: [99.3, 98.95]
2026-04-06 23:40:52,854 [trainer.py] => (curve) top1 Acc task: [100.0, 97.0]
2026-04-06 23:40:52,854 [trainer.py] => ================================================================================
2026-04-06 23:40:52,854 [trainer.py] => ================================================================================
2026-04-06 23:40:52,870 [base.py] => Task 2 learning on class 20-30
2026-04-06 23:40:52,879 [toolkit.py] => Total params:     106,359,223
2026-04-06 23:40:52,880 [toolkit.py] => Trainable params: 192,010
2026-04-06 23:40:52,880 [toolkit.py] => Trainable ratio:  0.1805%
2026-04-06 23:47:00,056 [splitlora.py] => Task 2, Epoch 10/10 => Loss 0.168, Train_accy 94.54
2026-04-06 23:47:18,601 [trainer.py] => Training time: 0h 6m 25s
2026-04-06 23:47:29,516 [trainer.py] => Evaluation time: 0h 0m 10s
2026-04-06 23:47:29,516 [trainer.py] => Accuracy: {'total': 94.47, '00-09': 96.0, '10-19': 94.1, '20-29': 93.3, 'old': 95.05, 'new': 93.3}
2026-04-06 23:47:29,516 [trainer.py] => (curve) top1 Acc: [99.3, 96.15, 94.47]
2026-04-06 23:47:29,516 [trainer.py] => (curve) top1 Acc with task: [99.3, 98.95, 98.43]
2026-04-06 23:47:29,516 [trainer.py] => (curve) top1 Acc task: [100.0, 97.0, 95.53]
2026-04-06 23:47:29,516 [trainer.py] => ================================================================================
2026-04-06 23:47:29,516 [trainer.py] => ================================================================================
2026-04-06 23:47:29,530 [base.py] => Task 3 learning on class 30-40
2026-04-06 23:47:29,540 [toolkit.py] => Total params:     106,359,223
2026-04-06 23:47:29,540 [toolkit.py] => Trainable params: 192,010
2026-04-06 23:47:29,540 [toolkit.py] => Trainable ratio:  0.1805%
2026-04-06 23:53:37,015 [splitlora.py] => Task 3, Epoch 10/10 => Loss 0.155, Train_accy 95.00
2026-04-06 23:53:55,936 [trainer.py] => Training time: 0h 6m 26s
2026-04-06 23:54:10,172 [trainer.py] => Evaluation time: 0h 0m 14s
2026-04-06 23:54:10,172 [trainer.py] => Accuracy: {'total': 92.85, '00-09': 95.6, '10-19': 92.3, '20-29': 92.7, '30-39': 90.8, 'old': 93.53, 'new': 90.8}
2026-04-06 23:54:10,172 [trainer.py] => (curve) top1 Acc: [99.3, 96.15, 94.47, 92.85]
2026-04-06 23:54:10,172 [trainer.py] => (curve) top1 Acc with task: [99.3, 98.95, 98.43, 98.62]
2026-04-06 23:54:10,172 [trainer.py] => (curve) top1 Acc task: [100.0, 97.0, 95.53, 93.62]
2026-04-06 23:54:10,172 [trainer.py] => ================================================================================
2026-04-06 23:54:10,172 [trainer.py] => ================================================================================
2026-04-06 23:54:10,189 [base.py] => Task 4 learning on class 40-50
2026-04-06 23:54:10,198 [toolkit.py] => Total params:     106,359,223
2026-04-06 23:54:10,198 [toolkit.py] => Trainable params: 192,010
2026-04-06 23:54:10,198 [toolkit.py] => Trainable ratio:  0.1805%
2026-04-07 00:00:18,953 [splitlora.py] => Task 4, Epoch 10/10 => Loss 0.165, Train_accy 94.48
2026-04-07 00:00:37,859 [trainer.py] => Training time: 0h 6m 27s
2026-04-07 00:00:55,418 [trainer.py] => Evaluation time: 0h 0m 17s
2026-04-07 00:00:55,418 [trainer.py] => Accuracy: {'total': 91.94, '00-09': 95.2, '10-19': 91.5, '20-29': 90.2, '30-39': 89.6, '40-49': 93.2, 'old': 91.62, 'new': 93.2}
2026-04-07 00:00:55,418 [trainer.py] => (curve) top1 Acc: [99.3, 96.15, 94.47, 92.85, 91.94]
2026-04-07 00:00:55,418 [trainer.py] => (curve) top1 Acc with task: [99.3, 98.95, 98.43, 98.62, 98.64]
2026-04-07 00:00:55,418 [trainer.py] => (curve) top1 Acc task: [100.0, 97.0, 95.53, 93.62, 92.54]
2026-04-07 00:00:55,418 [trainer.py] => ================================================================================
2026-04-07 00:00:55,418 [trainer.py] => ================================================================================
2026-04-07 00:00:55,438 [base.py] => Task 5 learning on class 50-60
2026-04-07 00:00:55,448 [toolkit.py] => Total params:     106,359,223
2026-04-07 00:00:55,448 [toolkit.py] => Trainable params: 192,010
2026-04-07 00:00:55,448 [toolkit.py] => Trainable ratio:  0.1805%
2026-04-07 00:07:03,319 [splitlora.py] => Task 5, Epoch 10/10 => Loss 0.178, Train_accy 94.08
2026-04-07 00:07:22,154 [trainer.py] => Training time: 0h 6m 26s
2026-04-07 00:07:42,673 [trainer.py] => Evaluation time: 0h 0m 20s
2026-04-07 00:07:42,673 [trainer.py] => Accuracy: {'total': 89.27, '00-09': 94.6, '10-19': 91.1, '20-29': 90.2, '30-39': 86.8, '40-49': 92.6, '50-59': 80.3, 'old': 91.06, 'new': 80.3}
2026-04-07 00:07:42,673 [trainer.py] => (curve) top1 Acc: [99.3, 96.15, 94.47, 92.85, 91.94, 89.27]
2026-04-07 00:07:42,673 [trainer.py] => (curve) top1 Acc with task: [99.3, 98.95, 98.43, 98.62, 98.64, 98.37]
2026-04-07 00:07:42,673 [trainer.py] => (curve) top1 Acc task: [100.0, 97.0, 95.53, 93.62, 92.54, 89.82]
2026-04-07 00:07:42,673 [trainer.py] => ================================================================================
2026-04-07 00:07:42,673 [trainer.py] => ================================================================================
2026-04-07 00:07:42,699 [base.py] => Task 6 learning on class 60-70
2026-04-07 00:07:42,710 [toolkit.py] => Total params:     106,359,223
2026-04-07 00:07:42,710 [toolkit.py] => Trainable params: 192,010
2026-04-07 00:07:42,710 [toolkit.py] => Trainable ratio:  0.1805%
2026-04-07 00:13:50,699 [splitlora.py] => Task 6, Epoch 10/10 => Loss 0.190, Train_accy 93.60
2026-04-07 00:14:09,666 [trainer.py] => Training time: 0h 6m 26s
2026-04-07 00:14:33,527 [trainer.py] => Evaluation time: 0h 0m 23s
2026-04-07 00:14:33,528 [trainer.py] => Accuracy: {'total': 88.5, '00-09': 94.4, '10-19': 90.4, '20-29': 88.8, '30-39': 86.6, '40-49': 92.6, '50-59': 79.5, '60-69': 87.2, 'old': 88.72, 'new': 87.2}
2026-04-07 00:14:33,528 [trainer.py] => (curve) top1 Acc: [99.3, 96.15, 94.47, 92.85, 91.94, 89.27, 88.5]
2026-04-07 00:14:33,528 [trainer.py] => (curve) top1 Acc with task: [99.3, 98.95, 98.43, 98.62, 98.64, 98.37, 98.33]
2026-04-07 00:14:33,528 [trainer.py] => (curve) top1 Acc task: [100.0, 97.0, 95.53, 93.62, 92.54, 89.82, 89.0]
2026-04-07 00:14:33,528 [trainer.py] => ================================================================================
2026-04-07 00:14:33,528 [trainer.py] => ================================================================================
2026-04-07 00:14:33,547 [base.py] => Task 7 learning on class 70-80
2026-04-07 00:14:33,557 [toolkit.py] => Total params:     106,359,223
2026-04-07 00:14:33,558 [toolkit.py] => Trainable params: 192,010
2026-04-07 00:14:33,558 [toolkit.py] => Trainable ratio:  0.1805%
2026-04-07 00:20:42,998 [splitlora.py] => Task 7, Epoch 10/10 => Loss 0.175, Train_accy 94.00
2026-04-07 00:21:02,140 [trainer.py] => Training time: 0h 6m 28s
2026-04-07 00:21:29,327 [trainer.py] => Evaluation time: 0h 0m 27s
2026-04-07 00:21:29,328 [trainer.py] => Accuracy: {'total': 88.0, '00-09': 94.3, '10-19': 90.3, '20-29': 88.5, '30-39': 87.0, '40-49': 92.3, '50-59': 79.3, '60-69': 85.9, '70-79': 86.4, 'old': 88.23, 'new': 86.4}
2026-04-07 00:21:29,328 [trainer.py] => (curve) top1 Acc: [99.3, 96.15, 94.47, 92.85, 91.94, 89.27, 88.5, 88.0]
2026-04-07 00:21:29,328 [trainer.py] => (curve) top1 Acc with task: [99.3, 98.95, 98.43, 98.62, 98.64, 98.37, 98.33, 98.38]
2026-04-07 00:21:29,328 [trainer.py] => (curve) top1 Acc task: [100.0, 97.0, 95.53, 93.62, 92.54, 89.82, 89.0, 88.41]
2026-04-07 00:21:29,328 [trainer.py] => ================================================================================
2026-04-07 00:21:29,328 [trainer.py] => ================================================================================
2026-04-07 00:21:29,346 [base.py] => Task 8 learning on class 80-90
2026-04-07 00:21:29,356 [toolkit.py] => Total params:     106,359,223
2026-04-07 00:21:29,356 [toolkit.py] => Trainable params: 192,010
2026-04-07 00:21:29,356 [toolkit.py] => Trainable ratio:  0.1805%
2026-04-07 00:27:38,719 [splitlora.py] => Task 8, Epoch 10/10 => Loss 0.170, Train_accy 94.48
2026-04-07 00:27:58,445 [trainer.py] => Training time: 0h 6m 29s
2026-04-07 00:28:28,659 [trainer.py] => Evaluation time: 0h 0m 30s
2026-04-07 00:28:28,659 [trainer.py] => Accuracy: {'total': 87.97, '00-09': 94.0, '10-19': 89.8, '20-29': 88.4, '30-39': 86.9, '40-49': 92.0, '50-59': 78.8, '60-69': 84.9, '70-79': 86.1, '80-89': 90.8, 'old': 87.61, 'new': 90.8}
2026-04-07 00:28:28,659 [trainer.py] => (curve) top1 Acc: [99.3, 96.15, 94.47, 92.85, 91.94, 89.27, 88.5, 88.0, 87.97]
2026-04-07 00:28:28,659 [trainer.py] => (curve) top1 Acc with task: [99.3, 98.95, 98.43, 98.62, 98.64, 98.37, 98.33, 98.38, 98.46]
2026-04-07 00:28:28,659 [trainer.py] => (curve) top1 Acc task: [100.0, 97.0, 95.53, 93.62, 92.54, 89.82, 89.0, 88.41, 88.33]
2026-04-07 00:28:28,659 [trainer.py] => ================================================================================
2026-04-07 00:28:28,659 [trainer.py] => ================================================================================
2026-04-07 00:28:28,683 [base.py] => Task 9 learning on class 90-100
2026-04-07 00:28:28,693 [toolkit.py] => Total params:     106,359,223
2026-04-07 00:28:28,693 [toolkit.py] => Trainable params: 192,010
2026-04-07 00:28:28,693 [toolkit.py] => Trainable ratio:  0.1805%
2026-04-07 00:34:37,545 [splitlora.py] => Task 9, Epoch 10/10 => Loss 0.128, Train_accy 95.96
2026-04-07 00:34:56,443 [trainer.py] => Training time: 0h 6m 27s
2026-04-07 00:35:30,221 [trainer.py] => Evaluation time: 0h 0m 33s
2026-04-07 00:35:30,221 [trainer.py] => Accuracy: {'total': 86.7, '00-09': 93.7, '10-19': 89.6, '20-29': 88.2, '30-39': 85.5, '40-49': 89.5, '50-59': 76.8, '60-69': 84.0, '70-79': 83.8, '80-89': 89.4, '90-99': 86.5, 'old': 86.72, 'new': 86.5}
2026-04-07 00:35:30,221 [trainer.py] => (curve) top1 Acc: [99.3, 96.15, 94.47, 92.85, 91.94, 89.27, 88.5, 88.0, 87.97, 86.7]
2026-04-07 00:35:30,222 [trainer.py] => (curve) top1 Acc with task: [99.3, 98.95, 98.43, 98.62, 98.64, 98.37, 98.33, 98.38, 98.46, 98.53]
2026-04-07 00:35:30,222 [trainer.py] => (curve) top1 Acc task: [100.0, 97.0, 95.53, 93.62, 92.54, 89.82, 89.0, 88.41, 88.33, 87.0]
2026-04-07 00:35:30,222 [trainer.py] => ================================================================================
2026-04-07 13:32:05,113 [toolkit.py] => config: configs/splitlora/cifar100_seed=3407.json
2026-04-07 13:32:05,122 [toolkit.py] => device: [device(type='cuda', index=5)]
2026-04-07 13:32:05,122 [toolkit.py] => debug: False
2026-04-07 13:32:05,122 [toolkit.py] => save_ckp: False
2026-04-07 13:32:05,123 [toolkit.py] => seed: 3407
2026-04-07 13:32:05,123 [toolkit.py] => dataset: cifar100
2026-04-07 13:32:05,123 [toolkit.py] => data_path: data/cifar100
2026-04-07 13:32:05,123 [toolkit.py] => load: vit_base_patch16_224_in21k
2026-04-07 13:32:05,123 [toolkit.py] => init_cls: 10
2026-04-07 13:32:05,123 [toolkit.py] => increment: 10
2026-04-07 13:32:05,123 [toolkit.py] => sessions: 10
2026-04-07 13:32:05,123 [toolkit.py] => shuffle: False
2026-04-07 13:32:05,123 [toolkit.py] => method: splitlora
2026-04-07 13:32:05,123 [toolkit.py] => optimizer: adamw
2026-04-07 13:32:05,123 [toolkit.py] => scheduler: steplr
2026-04-07 13:32:05,123 [toolkit.py] => epochs: 10
2026-04-07 13:32:05,123 [toolkit.py] => lrate: 0.001
2026-04-07 13:32:05,123 [toolkit.py] => lrate_head: 0.01
2026-04-07 13:32:05,123 [toolkit.py] => weight_decay: 5e-05
2026-04-07 13:32:05,123 [toolkit.py] => batch_size: 256
2026-04-07 13:32:05,123 [toolkit.py] => rank: 10
2026-04-07 13:32:05,123 [toolkit.py] => num_workers: 16
2026-04-07 13:32:05,124 [toolkit.py] => lamb: 0.95
2026-04-07 13:32:05,124 [toolkit.py] => lame: 1.0
2026-04-07 13:32:05,124 [toolkit.py] => in_dim: 768
2026-04-07 13:32:05,124 [toolkit.py] => alpha: 20
2026-04-07 13:32:05,124 [toolkit.py] => logdir: logs/splitlora/cifar100/t10
2026-04-07 13:32:05,124 [toolkit.py] => logfilename: logs/splitlora/cifar100/t10/seed3407
2026-04-07 13:32:06,847 [data_manager.py] => Class index order: 0, 1, 2, 3, 4, ..., 95, 96, 97, 98, 99
2026-04-07 13:32:57,686 [toolkit.py] => config: configs/splitlora/cifar100_seed=3407.json
2026-04-07 13:32:57,687 [toolkit.py] => device: [device(type='cuda', index=5)]
2026-04-07 13:32:57,687 [toolkit.py] => debug: False
2026-04-07 13:32:57,687 [toolkit.py] => save_ckp: False
2026-04-07 13:32:57,687 [toolkit.py] => seed: 3407
2026-04-07 13:32:57,687 [toolkit.py] => dataset: cifar100
2026-04-07 13:32:57,687 [toolkit.py] => data_path: data/cifar100
2026-04-07 13:32:57,687 [toolkit.py] => load: vit_base_patch16_224_in21k
2026-04-07 13:32:57,687 [toolkit.py] => init_cls: 10
2026-04-07 13:32:57,687 [toolkit.py] => increment: 10
2026-04-07 13:32:57,687 [toolkit.py] => sessions: 10
2026-04-07 13:32:57,687 [toolkit.py] => shuffle: False
2026-04-07 13:32:57,687 [toolkit.py] => method: splitlora
2026-04-07 13:32:57,687 [toolkit.py] => optimizer: adamw
2026-04-07 13:32:57,687 [toolkit.py] => scheduler: steplr
2026-04-07 13:32:57,687 [toolkit.py] => epochs: 10
2026-04-07 13:32:57,687 [toolkit.py] => lrate: 0.001
2026-04-07 13:32:57,687 [toolkit.py] => lrate_head: 0.01
2026-04-07 13:32:57,687 [toolkit.py] => weight_decay: 5e-05
2026-04-07 13:32:57,687 [toolkit.py] => batch_size: 256
2026-04-07 13:32:57,687 [toolkit.py] => rank: 10
2026-04-07 13:32:57,687 [toolkit.py] => num_workers: 16
2026-04-07 13:32:57,687 [toolkit.py] => lamb: 0.95
2026-04-07 13:32:57,687 [toolkit.py] => lame: 1.0
2026-04-07 13:32:57,687 [toolkit.py] => in_dim: 768
2026-04-07 13:32:57,687 [toolkit.py] => alpha: 20
2026-04-07 13:32:57,687 [toolkit.py] => logdir: logs/splitlora/cifar100/t10
2026-04-07 13:32:57,687 [toolkit.py] => logfilename: logs/splitlora/cifar100/t10/seed3407
2026-04-07 13:32:59,384 [data_manager.py] => Class index order: 0, 1, 2, 3, 4, ..., 95, 96, 97, 98, 99
2026-04-07 13:33:01,909 [trainer.py] => ================================================================================
2026-04-07 13:33:01,919 [base.py] => Task 0 learning on class 0-10
2026-04-07 13:33:02,540 [toolkit.py] => Total params:     106,359,223
2026-04-07 13:33:02,541 [toolkit.py] => Trainable params: 192,010
2026-04-07 13:33:02,541 [toolkit.py] => Trainable ratio:  0.1805%
2026-04-07 13:38:34,226 [toolkit.py] => config: configs/splitlora/cifar100_seed=3407.json
2026-04-07 13:38:34,226 [toolkit.py] => device: [device(type='cuda', index=5)]
2026-04-07 13:38:34,226 [toolkit.py] => debug: False
2026-04-07 13:38:34,226 [toolkit.py] => save_ckp: False
2026-04-07 13:38:34,226 [toolkit.py] => seed: 3407
2026-04-07 13:38:34,226 [toolkit.py] => dataset: cifar100
2026-04-07 13:38:34,226 [toolkit.py] => data_path: data/cifar100
2026-04-07 13:38:34,226 [toolkit.py] => load: vit_base_patch16_224_in21k
2026-04-07 13:38:34,226 [toolkit.py] => init_cls: 10
2026-04-07 13:38:34,226 [toolkit.py] => increment: 10
2026-04-07 13:38:34,226 [toolkit.py] => sessions: 10
2026-04-07 13:38:34,226 [toolkit.py] => shuffle: False
2026-04-07 13:38:34,226 [toolkit.py] => method: splitlora
2026-04-07 13:38:34,226 [toolkit.py] => optimizer: adamw
2026-04-07 13:38:34,226 [toolkit.py] => scheduler: steplr
2026-04-07 13:38:34,226 [toolkit.py] => epochs: 10
2026-04-07 13:38:34,227 [toolkit.py] => lrate: 0.001
2026-04-07 13:38:34,227 [toolkit.py] => lrate_head: 0.01
2026-04-07 13:38:34,227 [toolkit.py] => weight_decay: 5e-05
2026-04-07 13:38:34,227 [toolkit.py] => batch_size: 256
2026-04-07 13:38:34,227 [toolkit.py] => rank: 10
2026-04-07 13:38:34,227 [toolkit.py] => num_workers: 16
2026-04-07 13:38:34,227 [toolkit.py] => lamb: 0.95
2026-04-07 13:38:34,227 [toolkit.py] => lame: 1.0
2026-04-07 13:38:34,227 [toolkit.py] => in_dim: 768
2026-04-07 13:38:34,227 [toolkit.py] => alpha: 20
2026-04-07 13:38:34,227 [toolkit.py] => logdir: logs/splitlora/cifar100/t10
2026-04-07 13:38:34,227 [toolkit.py] => logfilename: logs/splitlora/cifar100/t10/seed3407
2026-04-07 13:38:36,053 [data_manager.py] => Class index order: 0, 1, 2, 3, 4, ..., 95, 96, 97, 98, 99
2026-04-07 13:38:38,459 [trainer.py] => ================================================================================
2026-04-07 13:38:38,469 [base.py] => Task 0 learning on class 0-10
2026-04-07 13:38:39,150 [toolkit.py] => Total params:     106,359,223
2026-04-07 13:38:39,150 [toolkit.py] => Trainable params: 192,010
2026-04-07 13:38:39,151 [toolkit.py] => Trainable ratio:  0.1805%
2026-04-07 13:42:36,979 [toolkit.py] => config: configs/splitlora/cifar100_seed=3407.json
2026-04-07 13:42:36,979 [toolkit.py] => device: [device(type='cuda', index=5)]
2026-04-07 13:42:36,979 [toolkit.py] => debug: False
2026-04-07 13:42:36,979 [toolkit.py] => save_ckp: False
2026-04-07 13:42:36,979 [toolkit.py] => seed: 3407
2026-04-07 13:42:36,979 [toolkit.py] => dataset: cifar100
2026-04-07 13:42:36,979 [toolkit.py] => data_path: data/cifar100
2026-04-07 13:42:36,979 [toolkit.py] => load: vit_base_patch16_224_in21k
2026-04-07 13:42:36,979 [toolkit.py] => init_cls: 10
2026-04-07 13:42:36,980 [toolkit.py] => increment: 10
2026-04-07 13:42:36,980 [toolkit.py] => sessions: 10
2026-04-07 13:42:36,980 [toolkit.py] => shuffle: False
2026-04-07 13:42:36,980 [toolkit.py] => method: splitlora
2026-04-07 13:42:36,980 [toolkit.py] => optimizer: adamw
2026-04-07 13:42:36,980 [toolkit.py] => scheduler: steplr
2026-04-07 13:42:36,980 [toolkit.py] => epochs: 10
2026-04-07 13:42:36,980 [toolkit.py] => lrate: 0.001
2026-04-07 13:42:36,980 [toolkit.py] => lrate_head: 0.01
2026-04-07 13:42:36,980 [toolkit.py] => weight_decay: 5e-05
2026-04-07 13:42:36,980 [toolkit.py] => batch_size: 256
2026-04-07 13:42:36,980 [toolkit.py] => rank: 10
2026-04-07 13:42:36,980 [toolkit.py] => num_workers: 16
2026-04-07 13:42:36,980 [toolkit.py] => lamb: 0.95
2026-04-07 13:42:36,980 [toolkit.py] => lame: 1.0
2026-04-07 13:42:36,980 [toolkit.py] => in_dim: 768
2026-04-07 13:42:36,980 [toolkit.py] => alpha: 20
2026-04-07 13:42:36,980 [toolkit.py] => logdir: logs/splitlora/cifar100/t10
2026-04-07 13:42:36,980 [toolkit.py] => logfilename: logs/splitlora/cifar100/t10/seed3407
2026-04-07 13:42:38,551 [data_manager.py] => Class index order: 0, 1, 2, 3, 4, ..., 95, 96, 97, 98, 99
2026-04-07 13:42:40,966 [trainer.py] => ================================================================================
2026-04-07 13:42:40,975 [base.py] => Task 0 learning on class 0-10
2026-04-07 13:42:41,644 [toolkit.py] => Total params:     106,359,223
2026-04-07 13:42:41,644 [toolkit.py] => Trainable params: 192,010
2026-04-07 13:42:41,644 [toolkit.py] => Trainable ratio:  0.1805%
2026-04-07 13:44:01,712 [toolkit.py] => config: configs/splitlora/cifar100_seed=3407.json
2026-04-07 13:44:01,712 [toolkit.py] => device: [device(type='cuda', index=5)]
2026-04-07 13:44:01,712 [toolkit.py] => debug: False
2026-04-07 13:44:01,712 [toolkit.py] => save_ckp: False
2026-04-07 13:44:01,712 [toolkit.py] => seed: 3407
2026-04-07 13:44:01,712 [toolkit.py] => dataset: cifar100
2026-04-07 13:44:01,712 [toolkit.py] => data_path: data/cifar100
2026-04-07 13:44:01,712 [toolkit.py] => load: vit_base_patch16_224_in21k
2026-04-07 13:44:01,712 [toolkit.py] => init_cls: 10
2026-04-07 13:44:01,713 [toolkit.py] => increment: 10
2026-04-07 13:44:01,713 [toolkit.py] => sessions: 10
2026-04-07 13:44:01,713 [toolkit.py] => shuffle: False
2026-04-07 13:44:01,713 [toolkit.py] => method: splitlora
2026-04-07 13:44:01,713 [toolkit.py] => optimizer: adamw
2026-04-07 13:44:01,713 [toolkit.py] => scheduler: steplr
2026-04-07 13:44:01,713 [toolkit.py] => epochs: 10
2026-04-07 13:44:01,713 [toolkit.py] => lrate: 0.001
2026-04-07 13:44:01,713 [toolkit.py] => lrate_head: 0.01
2026-04-07 13:44:01,713 [toolkit.py] => weight_decay: 5e-05
2026-04-07 13:44:01,713 [toolkit.py] => batch_size: 256
2026-04-07 13:44:01,713 [toolkit.py] => rank: 10
2026-04-07 13:44:01,713 [toolkit.py] => num_workers: 16
2026-04-07 13:44:01,713 [toolkit.py] => lamb: 0.95
2026-04-07 13:44:01,713 [toolkit.py] => lame: 1.0
2026-04-07 13:44:01,713 [toolkit.py] => in_dim: 768
2026-04-07 13:44:01,713 [toolkit.py] => alpha: 20
2026-04-07 13:44:01,713 [toolkit.py] => logdir: logs/splitlora/cifar100/t10
2026-04-07 13:44:01,713 [toolkit.py] => logfilename: logs/splitlora/cifar100/t10/seed3407
2026-04-07 13:44:03,413 [data_manager.py] => Class index order: 0, 1, 2, 3, 4, ..., 95, 96, 97, 98, 99
2026-04-07 13:44:05,783 [trainer.py] => ================================================================================
2026-04-07 13:44:05,794 [base.py] => Task 0 learning on class 0-10
2026-04-07 13:44:06,456 [toolkit.py] => Total params:     106,359,223
2026-04-07 13:44:06,456 [toolkit.py] => Trainable params: 192,010
2026-04-07 13:44:06,456 [toolkit.py] => Trainable ratio:  0.1805%
2026-04-07 13:45:46,400 [toolkit.py] => config: configs/splitlora/cifar100_seed=3407.json
2026-04-07 13:45:46,400 [toolkit.py] => device: [device(type='cuda', index=5)]
2026-04-07 13:45:46,401 [toolkit.py] => debug: False
2026-04-07 13:45:46,401 [toolkit.py] => save_ckp: False
2026-04-07 13:45:46,401 [toolkit.py] => seed: 3407
2026-04-07 13:45:46,401 [toolkit.py] => dataset: cifar100
2026-04-07 13:45:46,401 [toolkit.py] => data_path: data/cifar100
2026-04-07 13:45:46,401 [toolkit.py] => load: vit_base_patch16_224_in21k
2026-04-07 13:45:46,401 [toolkit.py] => init_cls: 10
2026-04-07 13:45:46,401 [toolkit.py] => increment: 10
2026-04-07 13:45:46,401 [toolkit.py] => sessions: 10
2026-04-07 13:45:46,401 [toolkit.py] => shuffle: False
2026-04-07 13:45:46,401 [toolkit.py] => method: splitlora
2026-04-07 13:45:46,401 [toolkit.py] => optimizer: adamw
2026-04-07 13:45:46,401 [toolkit.py] => scheduler: steplr
2026-04-07 13:45:46,401 [toolkit.py] => epochs: 10
2026-04-07 13:45:46,401 [toolkit.py] => lrate: 0.001
2026-04-07 13:45:46,401 [toolkit.py] => lrate_head: 0.01
2026-04-07 13:45:46,401 [toolkit.py] => weight_decay: 5e-05
2026-04-07 13:45:46,401 [toolkit.py] => batch_size: 256
2026-04-07 13:45:46,401 [toolkit.py] => rank: 10
2026-04-07 13:45:46,401 [toolkit.py] => num_workers: 16
2026-04-07 13:45:46,401 [toolkit.py] => lamb: 0.95
2026-04-07 13:45:46,401 [toolkit.py] => lame: 1.0
2026-04-07 13:45:46,401 [toolkit.py] => in_dim: 768
2026-04-07 13:45:46,401 [toolkit.py] => alpha: 20
2026-04-07 13:45:46,401 [toolkit.py] => logdir: logs/splitlora/cifar100/t10
2026-04-07 13:45:46,401 [toolkit.py] => logfilename: logs/splitlora/cifar100/t10/seed3407
2026-04-07 13:45:48,168 [data_manager.py] => Class index order: 0, 1, 2, 3, 4, ..., 95, 96, 97, 98, 99
2026-04-07 13:45:50,675 [trainer.py] => ================================================================================
2026-04-07 13:45:50,686 [base.py] => Task 0 learning on class 0-10
2026-04-07 13:45:51,398 [toolkit.py] => Total params:     106,359,223
2026-04-07 13:45:51,398 [toolkit.py] => Trainable params: 192,010
2026-04-07 13:45:51,398 [toolkit.py] => Trainable ratio:  0.1805%
2026-04-07 13:52:11,110 [toolkit.py] => config: configs/splitlora/cifar100_seed=3407.json
2026-04-07 13:52:11,110 [toolkit.py] => device: [device(type='cuda', index=5)]
2026-04-07 13:52:11,110 [toolkit.py] => debug: False
2026-04-07 13:52:11,110 [toolkit.py] => save_ckp: False
2026-04-07 13:52:11,110 [toolkit.py] => seed: 3407
2026-04-07 13:52:11,110 [toolkit.py] => dataset: cifar100
2026-04-07 13:52:11,110 [toolkit.py] => data_path: data/cifar100
2026-04-07 13:52:11,110 [toolkit.py] => load: vit_base_patch16_224_in21k
2026-04-07 13:52:11,110 [toolkit.py] => init_cls: 10
2026-04-07 13:52:11,110 [toolkit.py] => increment: 10
2026-04-07 13:52:11,110 [toolkit.py] => sessions: 10
2026-04-07 13:52:11,111 [toolkit.py] => shuffle: False
2026-04-07 13:52:11,111 [toolkit.py] => method: splitlora
2026-04-07 13:52:11,111 [toolkit.py] => optimizer: adamw
2026-04-07 13:52:11,111 [toolkit.py] => scheduler: steplr
2026-04-07 13:52:11,111 [toolkit.py] => epochs: 10
2026-04-07 13:52:11,111 [toolkit.py] => lrate: 0.001
2026-04-07 13:52:11,111 [toolkit.py] => lrate_head: 0.01
2026-04-07 13:52:11,111 [toolkit.py] => weight_decay: 5e-05
2026-04-07 13:52:11,111 [toolkit.py] => batch_size: 256
2026-04-07 13:52:11,111 [toolkit.py] => rank: 10
2026-04-07 13:52:11,111 [toolkit.py] => num_workers: 16
2026-04-07 13:52:11,111 [toolkit.py] => lamb: 0.95
2026-04-07 13:52:11,111 [toolkit.py] => lame: 1.0
2026-04-07 13:52:11,111 [toolkit.py] => in_dim: 768
2026-04-07 13:52:11,111 [toolkit.py] => alpha: 20
2026-04-07 13:52:11,111 [toolkit.py] => logdir: logs/splitlora/cifar100/t10
2026-04-07 13:52:11,111 [toolkit.py] => logfilename: logs/splitlora/cifar100/t10/seed3407
2026-04-07 13:52:12,843 [data_manager.py] => Class index order: 0, 1, 2, 3, 4, ..., 95, 96, 97, 98, 99
2026-04-07 13:52:15,310 [trainer.py] => ================================================================================
2026-04-07 13:52:15,319 [base.py] => Task 0 learning on class 0-10
2026-04-07 13:52:15,930 [toolkit.py] => Total params:     106,359,223
2026-04-07 13:52:15,930 [toolkit.py] => Trainable params: 192,010
2026-04-07 13:52:15,930 [toolkit.py] => Trainable ratio:  0.1805%
2026-04-07 14:00:54,816 [toolkit.py] => config: configs/splitlora/cifar100_seed=3407.json
2026-04-07 14:00:54,816 [toolkit.py] => device: [device(type='cuda', index=5)]
2026-04-07 14:00:54,816 [toolkit.py] => debug: False
2026-04-07 14:00:54,816 [toolkit.py] => save_ckp: False
2026-04-07 14:00:54,816 [toolkit.py] => seed: 3407
2026-04-07 14:00:54,816 [toolkit.py] => dataset: cifar100
2026-04-07 14:00:54,816 [toolkit.py] => data_path: data/cifar100
2026-04-07 14:00:54,816 [toolkit.py] => load: vit_base_patch16_224_in21k
2026-04-07 14:00:54,816 [toolkit.py] => init_cls: 10
2026-04-07 14:00:54,816 [toolkit.py] => increment: 10
2026-04-07 14:00:54,816 [toolkit.py] => sessions: 10
2026-04-07 14:00:54,816 [toolkit.py] => shuffle: False
2026-04-07 14:00:54,816 [toolkit.py] => method: splitlora
2026-04-07 14:00:54,817 [toolkit.py] => optimizer: adamw
2026-04-07 14:00:54,817 [toolkit.py] => scheduler: steplr
2026-04-07 14:00:54,817 [toolkit.py] => epochs: 10
2026-04-07 14:00:54,817 [toolkit.py] => lrate: 0.001
2026-04-07 14:00:54,817 [toolkit.py] => lrate_head: 0.01
2026-04-07 14:00:54,817 [toolkit.py] => weight_decay: 5e-05
2026-04-07 14:00:54,817 [toolkit.py] => batch_size: 256
2026-04-07 14:00:54,817 [toolkit.py] => rank: 10
2026-04-07 14:00:54,817 [toolkit.py] => num_workers: 16
2026-04-07 14:00:54,817 [toolkit.py] => lamb: 0.95
2026-04-07 14:00:54,817 [toolkit.py] => lame: 1.0
2026-04-07 14:00:54,817 [toolkit.py] => in_dim: 768
2026-04-07 14:00:54,817 [toolkit.py] => alpha: 20
2026-04-07 14:00:54,817 [toolkit.py] => logdir: logs/splitlora/cifar100/t10
2026-04-07 14:00:54,817 [toolkit.py] => logfilename: logs/splitlora/cifar100/t10/seed3407
2026-04-07 14:00:56,476 [data_manager.py] => Class index order: 0, 1, 2, 3, 4, ..., 95, 96, 97, 98, 99
2026-04-07 14:00:58,780 [trainer.py] => ================================================================================
2026-04-07 14:00:58,799 [base.py] => Task 0 learning on class 0-10
2026-04-07 14:00:59,478 [toolkit.py] => Total params:     106,359,223
2026-04-07 14:00:59,478 [toolkit.py] => Trainable params: 192,010
2026-04-07 14:00:59,478 [toolkit.py] => Trainable ratio:  0.1805%
2026-04-07 14:07:05,326 [splitlora.py] => Task 0, Epoch 10/10 => Loss 0.134, Train_accy 95.70
2026-04-07 14:07:26,370 [trainer.py] => Training time: 0h 6m 27s
2026-04-07 14:07:30,563 [trainer.py] => Evaluation time: 0h 0m 4s
2026-04-07 14:07:30,563 [trainer.py] => Accuracy: {'total': 99.3, '00-09': 99.3, 'old': 0, 'new': 99.3}
2026-04-07 19:53:23,698 [toolkit.py] => config: configs/splitlora/cifar100_seed=3407.json
2026-04-07 19:53:23,699 [toolkit.py] => device: [device(type='cuda', index=5)]
2026-04-07 19:53:23,699 [toolkit.py] => debug: False
2026-04-07 19:53:23,699 [toolkit.py] => save_ckp: False
2026-04-07 19:53:23,699 [toolkit.py] => seed: 3407
2026-04-07 19:53:23,699 [toolkit.py] => dataset: cifar100
2026-04-07 19:53:23,699 [toolkit.py] => data_path: data/cifar100
2026-04-07 19:53:23,699 [toolkit.py] => load: vit_base_patch16_224_in21k
2026-04-07 19:53:23,699 [toolkit.py] => init_cls: 10
2026-04-07 19:53:23,699 [toolkit.py] => increment: 10
2026-04-07 19:53:23,699 [toolkit.py] => sessions: 10
2026-04-07 19:53:23,699 [toolkit.py] => shuffle: False
2026-04-07 19:53:23,699 [toolkit.py] => method: splitlora
2026-04-07 19:53:23,699 [toolkit.py] => optimizer: adamw
2026-04-07 19:53:23,699 [toolkit.py] => scheduler: steplr
2026-04-07 19:53:23,699 [toolkit.py] => epochs: 10
2026-04-07 19:53:23,699 [toolkit.py] => lrate: 0.001
2026-04-07 19:53:23,699 [toolkit.py] => lrate_head: 0.01
2026-04-07 19:53:23,699 [toolkit.py] => weight_decay: 5e-05
2026-04-07 19:53:23,699 [toolkit.py] => batch_size: 256
2026-04-07 19:53:23,699 [toolkit.py] => rank: 10
2026-04-07 19:53:23,699 [toolkit.py] => num_workers: 16
2026-04-07 19:53:23,699 [toolkit.py] => lamb: 0.95
2026-04-07 19:53:23,699 [toolkit.py] => lame: 1.0
2026-04-07 19:53:23,699 [toolkit.py] => in_dim: 768
2026-04-07 19:53:23,699 [toolkit.py] => alpha: 20
2026-04-07 19:53:23,699 [toolkit.py] => logdir: logs/splitlora/cifar100/t10
2026-04-07 19:53:23,699 [toolkit.py] => logfilename: logs/splitlora/cifar100/t10/seed3407
2026-04-07 19:53:25,441 [data_manager.py] => Class index order: 0, 1, 2, 3, 4, ..., 95, 96, 97, 98, 99
2026-04-07 19:53:27,740 [trainer.py] => ================================================================================
2026-04-07 19:53:27,748 [base.py] => Task 0 learning on class 0-10
2026-04-07 19:53:28,468 [toolkit.py] => Total params:     106,359,223
2026-04-07 19:53:28,468 [toolkit.py] => Trainable params: 192,010
2026-04-07 19:53:28,468 [toolkit.py] => Trainable ratio:  0.1805%
2026-04-07 19:59:34,575 [splitlora.py] => Task 0, Epoch 10/10 => Loss 0.134, Train_accy 95.70
2026-04-07 19:59:53,597 [trainer.py] => Training time: 0h 6m 25s
2026-04-07 19:59:57,865 [trainer.py] => Evaluation time: 0h 0m 4s
2026-04-07 19:59:57,865 [trainer.py] => Accuracy: {'total': 99.3, '00-09': 99.3, 'old': 0, 'new': 99.3}
2026-04-07 19:59:57,865 [trainer.py] => (curve) top1 Acc: [99.3]
2026-04-07 21:21:01,271 [toolkit.py] => config: configs/splitlora/cifar100_seed=3407.json
2026-04-07 21:21:01,271 [toolkit.py] => device: [device(type='cuda', index=5)]
2026-04-07 21:21:01,271 [toolkit.py] => debug: False
2026-04-07 21:21:01,271 [toolkit.py] => save_ckp: False
2026-04-07 21:21:01,271 [toolkit.py] => seed: 3407
2026-04-07 21:21:01,271 [toolkit.py] => dataset: cifar100
2026-04-07 21:21:01,271 [toolkit.py] => data_path: data/cifar100
2026-04-07 21:21:01,271 [toolkit.py] => load: vit_base_patch16_224_in21k
2026-04-07 21:21:01,271 [toolkit.py] => init_cls: 10
2026-04-07 21:21:01,272 [toolkit.py] => increment: 10
2026-04-07 21:21:01,272 [toolkit.py] => sessions: 10
2026-04-07 21:21:01,272 [toolkit.py] => shuffle: False
2026-04-07 21:21:01,272 [toolkit.py] => method: splitlora
2026-04-07 21:21:01,272 [toolkit.py] => optimizer: adamw
2026-04-07 21:21:01,272 [toolkit.py] => scheduler: steplr
2026-04-07 21:21:01,272 [toolkit.py] => epochs: 10
2026-04-07 21:21:01,272 [toolkit.py] => lrate: 0.001
2026-04-07 21:21:01,272 [toolkit.py] => lrate_head: 0.01
2026-04-07 21:21:01,272 [toolkit.py] => weight_decay: 5e-05
2026-04-07 21:21:01,272 [toolkit.py] => batch_size: 256
2026-04-07 21:21:01,272 [toolkit.py] => rank: 10
2026-04-07 21:21:01,272 [toolkit.py] => num_workers: 16
2026-04-07 21:21:01,272 [toolkit.py] => lamb: 0.95
2026-04-07 21:21:01,272 [toolkit.py] => lame: 1.0
2026-04-07 21:21:01,272 [toolkit.py] => in_dim: 768
2026-04-07 21:21:01,272 [toolkit.py] => alpha: 20
2026-04-07 21:21:01,272 [toolkit.py] => logdir: logs/splitlora/cifar100/t10
2026-04-07 21:21:01,272 [toolkit.py] => logfilename: logs/splitlora/cifar100/t10/seed3407
2026-04-07 21:21:03,003 [data_manager.py] => Class index order: 0, 1, 2, 3, 4, ..., 95, 96, 97, 98, 99
2026-04-07 21:21:05,418 [trainer.py] => ================================================================================
2026-04-07 21:21:05,434 [base.py] => Task 0 learning on class 0-10
2026-04-07 21:21:06,143 [toolkit.py] => Total params:     106,359,223
2026-04-07 21:21:06,143 [toolkit.py] => Trainable params: 192,010
2026-04-07 21:21:06,143 [toolkit.py] => Trainable ratio:  0.1805%
2026-04-07 21:27:12,000 [splitlora.py] => Task 0, Epoch 10/10 => Loss 0.134, Train_accy 95.70
2026-04-07 21:27:32,169 [trainer.py] => Training time: 0h 6m 26s
2026-04-07 21:27:36,353 [trainer.py] => Evaluation time: 0h 0m 4s
2026-04-07 21:27:36,353 [trainer.py] => Accuracy: {'total': 99.3, '00-09': 99.3, 'old': 0, 'new': 99.3}
2026-04-07 21:27:36,353 [trainer.py] => (curve) top1 Acc: [99.3]
2026-04-07 21:27:36,354 [trainer.py] => Avergae Acc: 99.30
2026-04-07 21:27:36,354 [trainer.py] => (curve) top1 Acc with task: [99.3]
2026-04-07 21:27:36,354 [trainer.py] => Avergae Acc: 99.30
2026-04-07 21:27:36,354 [trainer.py] => (curve) top1 Acc task: [100.0]
2026-04-07 21:27:36,354 [trainer.py] => Avergae Acc: 100.00
2026-04-07 21:27:36,354 [trainer.py] => ================================================================================
2026-04-07 21:27:36,354 [trainer.py] => ================================================================================
2026-04-07 21:27:36,399 [base.py] => Task 1 learning on class 10-20
2026-04-07 21:27:36,409 [toolkit.py] => Total params:     106,359,223
2026-04-07 21:27:36,409 [toolkit.py] => Trainable params: 192,010
2026-04-07 21:27:36,409 [toolkit.py] => Trainable ratio:  0.1805%
2026-04-07 21:33:43,313 [splitlora.py] => Task 1, Epoch 10/10 => Loss 0.175, Train_accy 94.58
2026-04-07 21:34:02,070 [trainer.py] => Training time: 0h 6m 25s
2026-04-07 21:34:09,472 [trainer.py] => Evaluation time: 0h 0m 7s
2026-04-07 21:34:09,473 [trainer.py] => Accuracy: {'total': 95.15, '00-09': 93.5, '10-19': 96.8, 'old': 93.5, 'new': 96.8}
2026-04-07 21:34:09,473 [trainer.py] => (curve) top1 Acc: [99.3, 95.15]
2026-04-07 21:34:09,473 [trainer.py] => Avergae Acc: 97.22
2026-04-07 21:34:09,473 [trainer.py] => (curve) top1 Acc with task: [99.3, 99.1]
2026-04-07 21:34:09,473 [trainer.py] => Avergae Acc: 99.20
2026-04-07 21:34:09,473 [trainer.py] => (curve) top1 Acc task: [100.0, 95.9]
2026-04-07 21:34:09,473 [trainer.py] => Avergae Acc: 97.95
2026-04-07 21:34:09,473 [trainer.py] => ================================================================================
2026-04-07 21:34:09,473 [trainer.py] => ================================================================================
2026-04-07 21:34:09,488 [base.py] => Task 2 learning on class 20-30
2026-04-07 21:34:09,497 [toolkit.py] => Total params:     106,359,223
2026-04-07 21:34:09,497 [toolkit.py] => Trainable params: 192,010
2026-04-07 21:34:09,497 [toolkit.py] => Trainable ratio:  0.1805%
2026-04-07 21:40:17,208 [splitlora.py] => Task 2, Epoch 10/10 => Loss 0.193, Train_accy 93.78
2026-04-07 21:40:35,965 [trainer.py] => Training time: 0h 6m 26s
2026-04-07 21:40:46,778 [trainer.py] => Evaluation time: 0h 0m 10s
2026-04-07 21:40:46,778 [trainer.py] => Accuracy: {'total': 93.87, '00-09': 90.5, '10-19': 95.9, '20-29': 95.2, 'old': 93.2, 'new': 95.2}
2026-04-07 21:40:46,778 [trainer.py] => (curve) top1 Acc: [99.3, 95.15, 93.87]
2026-04-07 21:40:46,778 [trainer.py] => Avergae Acc: 96.11
2026-04-07 21:40:46,778 [trainer.py] => (curve) top1 Acc with task: [99.3, 99.1, 98.57]
2026-04-07 21:40:46,778 [trainer.py] => Avergae Acc: 98.99
2026-04-07 21:40:46,778 [trainer.py] => (curve) top1 Acc task: [100.0, 95.9, 94.87]
2026-04-07 21:40:46,778 [trainer.py] => Avergae Acc: 96.92
2026-04-07 21:40:46,779 [trainer.py] => ================================================================================
2026-04-07 21:40:46,779 [trainer.py] => ================================================================================
2026-04-07 21:40:46,794 [base.py] => Task 3 learning on class 30-40
2026-04-07 21:40:46,803 [toolkit.py] => Total params:     106,359,223
2026-04-07 21:40:46,804 [toolkit.py] => Trainable params: 192,010
2026-04-07 21:40:46,804 [toolkit.py] => Trainable ratio:  0.1805%
2026-04-07 21:46:54,452 [splitlora.py] => Task 3, Epoch 10/10 => Loss 0.149, Train_accy 95.32
2026-04-07 21:47:13,436 [trainer.py] => Training time: 0h 6m 26s
2026-04-07 21:47:27,476 [trainer.py] => Evaluation time: 0h 0m 14s
2026-04-07 21:47:27,476 [trainer.py] => Accuracy: {'total': 92.52, '00-09': 89.4, '10-19': 93.0, '20-29': 94.9, '30-39': 92.8, 'old': 92.43, 'new': 92.8}
2026-04-07 21:47:27,476 [trainer.py] => (curve) top1 Acc: [99.3, 95.15, 93.87, 92.52]
2026-04-07 21:47:27,476 [trainer.py] => Avergae Acc: 95.21
2026-04-07 21:47:27,476 [trainer.py] => (curve) top1 Acc with task: [99.3, 99.1, 98.57, 98.52]
2026-04-07 21:47:27,476 [trainer.py] => Avergae Acc: 98.87
2026-04-07 21:47:27,476 [trainer.py] => (curve) top1 Acc task: [100.0, 95.9, 94.87, 93.33]
2026-04-07 21:47:27,476 [trainer.py] => Avergae Acc: 96.02
2026-04-07 21:47:27,476 [trainer.py] => ================================================================================
2026-04-07 21:47:27,476 [trainer.py] => ================================================================================
2026-04-07 21:47:27,493 [base.py] => Task 4 learning on class 40-50
2026-04-07 21:47:27,503 [toolkit.py] => Total params:     106,359,223
2026-04-07 21:47:27,503 [toolkit.py] => Trainable params: 192,010
2026-04-07 21:47:27,503 [toolkit.py] => Trainable ratio:  0.1805%
2026-04-07 21:53:34,565 [splitlora.py] => Task 4, Epoch 10/10 => Loss 0.146, Train_accy 95.04
2026-04-07 21:53:54,853 [trainer.py] => Training time: 0h 6m 27s
2026-04-07 21:54:12,120 [trainer.py] => Evaluation time: 0h 0m 17s
2026-04-07 21:54:12,121 [trainer.py] => Accuracy: {'total': 91.7, '00-09': 88.5, '10-19': 91.6, '20-29': 92.5, '30-39': 92.5, '40-49': 93.4, 'old': 91.28, 'new': 93.4}
2026-04-07 21:54:12,121 [trainer.py] => (curve) top1 Acc: [99.3, 95.15, 93.87, 92.52, 91.7]
2026-04-07 21:54:12,121 [trainer.py] => Avergae Acc: 94.51
2026-04-07 21:54:12,121 [trainer.py] => (curve) top1 Acc with task: [99.3, 99.1, 98.57, 98.52, 98.46]
2026-04-07 21:54:12,121 [trainer.py] => Avergae Acc: 98.79
2026-04-07 21:54:12,121 [trainer.py] => (curve) top1 Acc task: [100.0, 95.9, 94.87, 93.33, 92.52]
2026-04-07 21:54:12,121 [trainer.py] => Avergae Acc: 95.32
2026-04-07 21:54:12,121 [trainer.py] => ================================================================================
2026-04-07 21:54:12,121 [trainer.py] => ================================================================================
2026-04-07 21:54:12,145 [base.py] => Task 5 learning on class 50-60
2026-04-07 21:54:12,155 [toolkit.py] => Total params:     106,359,223
2026-04-07 21:54:12,155 [toolkit.py] => Trainable params: 192,010
2026-04-07 21:54:12,155 [toolkit.py] => Trainable ratio:  0.1805%
2026-04-07 22:00:18,929 [splitlora.py] => Task 5, Epoch 10/10 => Loss 0.167, Train_accy 93.74
2026-04-07 22:00:37,642 [trainer.py] => Training time: 0h 6m 25s
2026-04-07 22:00:58,250 [trainer.py] => Evaluation time: 0h 0m 20s
2026-04-07 22:00:58,251 [trainer.py] => Accuracy: {'total': 89.22, '00-09': 81.9, '10-19': 90.4, '20-29': 92.1, '30-39': 90.5, '40-49': 92.2, '50-59': 88.2, 'old': 89.42, 'new': 88.2}
2026-04-07 22:00:58,251 [trainer.py] => (curve) top1 Acc: [99.3, 95.15, 93.87, 92.52, 91.7, 89.22]
2026-04-07 22:00:58,251 [trainer.py] => Avergae Acc: 93.63
2026-04-07 22:00:58,251 [trainer.py] => (curve) top1 Acc with task: [99.3, 99.1, 98.57, 98.52, 98.46, 98.3]
2026-04-07 22:00:58,251 [trainer.py] => Avergae Acc: 98.71
2026-04-07 22:00:58,251 [trainer.py] => (curve) top1 Acc task: [100.0, 95.9, 94.87, 93.33, 92.52, 90.02]
2026-04-07 22:00:58,251 [trainer.py] => Avergae Acc: 94.44
2026-04-07 22:00:58,251 [trainer.py] => ================================================================================
2026-04-07 22:00:58,251 [trainer.py] => ================================================================================
2026-04-07 22:00:58,306 [base.py] => Task 6 learning on class 60-70
2026-04-07 22:00:58,316 [toolkit.py] => Total params:     106,359,223
2026-04-07 22:00:58,316 [toolkit.py] => Trainable params: 192,010
2026-04-07 22:00:58,316 [toolkit.py] => Trainable ratio:  0.1805%
2026-04-07 22:07:05,619 [splitlora.py] => Task 6, Epoch 10/10 => Loss 0.174, Train_accy 94.10
2026-04-07 22:07:24,484 [trainer.py] => Training time: 0h 6m 26s
2026-04-07 22:07:48,200 [trainer.py] => Evaluation time: 0h 0m 23s
2026-04-07 22:07:48,200 [trainer.py] => Accuracy: {'total': 88.56, '00-09': 81.3, '10-19': 88.4, '20-29': 90.5, '30-39': 89.2, '40-49': 91.7, '50-59': 87.5, '60-69': 91.3, 'old': 88.1, 'new': 91.3}
2026-04-07 22:07:48,201 [trainer.py] => (curve) top1 Acc: [99.3, 95.15, 93.87, 92.52, 91.7, 89.22, 88.56]
2026-04-07 22:07:48,201 [trainer.py] => Avergae Acc: 92.90
2026-04-07 22:07:48,201 [trainer.py] => (curve) top1 Acc with task: [99.3, 99.1, 98.57, 98.52, 98.46, 98.3, 98.19]
2026-04-07 22:07:48,201 [trainer.py] => Avergae Acc: 98.63
2026-04-07 22:07:48,201 [trainer.py] => (curve) top1 Acc task: [100.0, 95.9, 94.87, 93.33, 92.52, 90.02, 89.29]
2026-04-07 22:07:48,201 [trainer.py] => Avergae Acc: 93.70
2026-04-07 22:07:48,201 [trainer.py] => ================================================================================
2026-04-07 22:07:48,201 [trainer.py] => ================================================================================
2026-04-07 22:07:48,221 [base.py] => Task 7 learning on class 70-80
2026-04-07 22:07:48,231 [toolkit.py] => Total params:     106,359,223
2026-04-07 22:07:48,231 [toolkit.py] => Trainable params: 192,010
2026-04-07 22:07:48,231 [toolkit.py] => Trainable ratio:  0.1805%
2026-04-07 22:13:56,488 [splitlora.py] => Task 7, Epoch 10/10 => Loss 0.155, Train_accy 95.06
2026-04-07 22:14:15,244 [trainer.py] => Training time: 0h 6m 27s
2026-04-07 22:14:42,124 [trainer.py] => Evaluation time: 0h 0m 26s
2026-04-07 22:14:42,124 [trainer.py] => Accuracy: {'total': 87.9, '00-09': 80.1, '10-19': 88.4, '20-29': 88.9, '30-39': 88.8, '40-49': 91.9, '50-59': 85.8, '60-69': 89.9, '70-79': 89.4, 'old': 87.69, 'new': 89.4}
2026-04-07 22:14:42,125 [trainer.py] => (curve) top1 Acc: [99.3, 95.15, 93.87, 92.52, 91.7, 89.22, 88.56, 87.9]
2026-04-07 22:14:42,125 [trainer.py] => Avergae Acc: 92.28
2026-04-07 22:14:42,125 [trainer.py] => (curve) top1 Acc with task: [99.3, 99.1, 98.57, 98.52, 98.46, 98.3, 98.19, 98.19]
2026-04-07 22:14:42,125 [trainer.py] => Avergae Acc: 98.58
2026-04-07 22:14:42,125 [trainer.py] => (curve) top1 Acc task: [100.0, 95.9, 94.87, 93.33, 92.52, 90.02, 89.29, 88.55]
2026-04-07 22:14:42,125 [trainer.py] => Avergae Acc: 93.06
2026-04-07 22:14:42,125 [trainer.py] => ================================================================================
2026-04-07 22:14:42,125 [trainer.py] => ================================================================================
2026-04-07 22:14:42,142 [base.py] => Task 8 learning on class 80-90
2026-04-07 22:14:42,153 [toolkit.py] => Total params:     106,359,223
2026-04-07 22:14:42,153 [toolkit.py] => Trainable params: 192,010
2026-04-07 22:14:42,153 [toolkit.py] => Trainable ratio:  0.1805%
2026-04-07 22:20:49,769 [splitlora.py] => Task 8, Epoch 10/10 => Loss 0.134, Train_accy 95.80
2026-04-07 22:21:08,786 [trainer.py] => Training time: 0h 6m 26s
2026-04-07 22:21:39,090 [trainer.py] => Evaluation time: 0h 0m 30s
2026-04-07 22:21:39,090 [trainer.py] => Accuracy: {'total': 87.97, '00-09': 79.6, '10-19': 86.1, '20-29': 88.4, '30-39': 88.2, '40-49': 90.6, '50-59': 85.8, '60-69': 89.6, '70-79': 89.0, '80-89': 94.4, 'old': 87.16, 'new': 94.4}
2026-04-07 22:21:39,090 [trainer.py] => (curve) top1 Acc: [99.3, 95.15, 93.87, 92.52, 91.7, 89.22, 88.56, 87.9, 87.97]
2026-04-07 22:21:39,090 [trainer.py] => Avergae Acc: 91.80
2026-04-07 22:21:39,090 [trainer.py] => (curve) top1 Acc with task: [99.3, 99.1, 98.57, 98.52, 98.46, 98.3, 98.19, 98.19, 98.24]
2026-04-07 22:21:39,090 [trainer.py] => Avergae Acc: 98.54
2026-04-07 22:21:39,091 [trainer.py] => (curve) top1 Acc task: [100.0, 95.9, 94.87, 93.33, 92.52, 90.02, 89.29, 88.55, 88.59]
2026-04-07 22:21:39,091 [trainer.py] => Avergae Acc: 92.56
2026-04-07 22:21:39,091 [trainer.py] => ================================================================================
2026-04-07 22:21:39,091 [trainer.py] => ================================================================================
2026-04-07 22:21:39,112 [base.py] => Task 9 learning on class 90-100
2026-04-07 22:21:39,122 [toolkit.py] => Total params:     106,359,223
2026-04-07 22:21:39,122 [toolkit.py] => Trainable params: 192,010
2026-04-07 22:21:39,122 [toolkit.py] => Trainable ratio:  0.1805%
2026-04-07 22:27:47,036 [splitlora.py] => Task 9, Epoch 10/10 => Loss 0.117, Train_accy 96.26
2026-04-07 22:28:06,211 [trainer.py] => Training time: 0h 6m 27s
2026-04-07 22:28:39,561 [trainer.py] => Evaluation time: 0h 0m 33s
2026-04-07 22:28:39,562 [trainer.py] => Accuracy: {'total': 86.87, '00-09': 78.7, '10-19': 85.3, '20-29': 87.8, '30-39': 86.4, '40-49': 87.6, '50-59': 83.0, '60-69': 88.6, '70-79': 87.0, '80-89': 92.8, '90-99': 91.5, 'old': 86.36, 'new': 91.5}
2026-04-07 22:28:39,562 [trainer.py] => (curve) top1 Acc: [99.3, 95.15, 93.87, 92.52, 91.7, 89.22, 88.56, 87.9, 87.97, 86.87]
2026-04-07 22:28:39,562 [trainer.py] => Avergae Acc: 91.31
2026-04-07 22:28:39,562 [trainer.py] => (curve) top1 Acc with task: [99.3, 99.1, 98.57, 98.52, 98.46, 98.3, 98.19, 98.19, 98.24, 98.37]
2026-04-07 22:28:39,562 [trainer.py] => Avergae Acc: 98.52
2026-04-07 22:28:39,562 [trainer.py] => (curve) top1 Acc task: [100.0, 95.9, 94.87, 93.33, 92.52, 90.02, 89.29, 88.55, 88.59, 87.39]
2026-04-07 22:28:39,562 [trainer.py] => Avergae Acc: 92.05
2026-04-07 22:28:39,562 [trainer.py] => ================================================================================
