2026-08-31 09:35:22,847 [toolkit.py] => config: configs/inflora_e/cifar100_seed=1993.json
2026-08-31 09:35:22,847 [toolkit.py] => device: [device(type='cuda', index=4)]
2026-08-31 09:35:22,847 [toolkit.py] => debug: False
2026-08-31 09:35:22,847 [toolkit.py] => save_ckp: False
2026-08-31 09:35:22,847 [toolkit.py] => moe_list: None
2026-08-31 09:35:22,847 [toolkit.py] => seed: 1993
2026-08-31 09:35:22,847 [toolkit.py] => dataset: cifar100
2026-08-31 09:35:22,847 [toolkit.py] => data_path: data/cifar100
2026-08-31 09:35:22,847 [toolkit.py] => load: vit_base_patch16_224_in21k
2026-08-31 09:35:22,847 [toolkit.py] => init_cls: 10
2026-08-31 09:35:22,847 [toolkit.py] => increment: 10
2026-08-31 09:35:22,847 [toolkit.py] => sessions: 10
2026-08-31 09:35:22,847 [toolkit.py] => shuffle: False
2026-08-31 09:35:22,847 [toolkit.py] => method: inflora_e
2026-08-31 09:35:22,847 [toolkit.py] => optimizer: adam
2026-08-31 09:35:22,847 [toolkit.py] => scheduler: cosine
2026-08-31 09:35:22,847 [toolkit.py] => epochs: 20
2026-08-31 09:35:22,847 [toolkit.py] => lrate: 0.0005
2026-08-31 09:35:22,847 [toolkit.py] => lrate_head: 0.005
2026-08-31 09:35:22,847 [toolkit.py] => weight_decay: 0.0
2026-08-31 09:35:22,847 [toolkit.py] => batch_size: 128
2026-08-31 09:35:22,847 [toolkit.py] => rank: 10
2026-08-31 09:35:22,847 [toolkit.py] => num_workers: 16
2026-08-31 09:35:22,848 [toolkit.py] => lamb: 0.95
2026-08-31 09:35:22,848 [toolkit.py] => lame: 1.0
2026-08-31 09:35:22,848 [toolkit.py] => R: 0.5
2026-08-31 09:35:22,848 [toolkit.py] => logdir: logs/inflora_e/cifar100/t10
2026-08-31 09:35:22,848 [toolkit.py] => logfilename: logs/inflora_e/cifar100/t10/seed1993
2026-08-31 09:35:24,973 [data_manager.py] => Class index order: 0, 1, 2, 3, 4, ..., 95, 96, 97, 98, 99
2026-08-31 09:35:27,738 [trainer.py] => ================================================================================
2026-08-31 09:35:27,739 [trainer.py] => Dataset Information
2026-08-31 09:35:27,739 [trainer.py] => ================================================================================
2026-08-31 09:35:27,739 [trainer.py] =>   Dataset name     : cifar100
2026-08-31 09:35:27,739 [trainer.py] =>   Data path        : data/cifar100
2026-08-31 09:35:27,739 [trainer.py] =>   Total classes    : 100
2026-08-31 09:35:27,739 [trainer.py] =>   Total tasks      : 10
2026-08-31 09:35:27,739 [trainer.py] =>   Task increments  : [10, 10, 10, 10, 10, 10, 10, 10, 10, 10]
2026-08-31 09:35:27,739 [trainer.py] =>   Init classes     : 10
2026-08-31 09:35:27,739 [trainer.py] =>   Increment per task: 10
2026-08-31 09:35:27,739 [trainer.py] =>   Shuffle          : False
2026-08-31 09:35:27,739 [trainer.py] =>   Seed             : 1993
2026-08-31 09:35:27,739 [trainer.py] => --------------------------------------------------------------------------------
2026-08-31 09:35:27,739 [trainer.py] => Task split:
2026-08-31 09:35:27,753 [trainer.py] =>   Task 0: classes 0-9 (10 classes) | Train: 5000 images (20 batches), Test: 1000 images (4 batches)
2026-08-31 09:35:27,767 [trainer.py] =>   Task 1: classes 10-19 (10 classes) | Train: 5000 images (20 batches), Test: 1000 images (4 batches)
2026-08-31 09:35:27,777 [trainer.py] =>   Task 2: classes 20-29 (10 classes) | Train: 5000 images (20 batches), Test: 1000 images (4 batches)
2026-08-31 09:35:27,787 [trainer.py] =>   Task 3: classes 30-39 (10 classes) | Train: 5000 images (20 batches), Test: 1000 images (4 batches)
2026-08-31 09:35:27,796 [trainer.py] =>   Task 4: classes 40-49 (10 classes) | Train: 5000 images (20 batches), Test: 1000 images (4 batches)
2026-08-31 09:35:27,804 [trainer.py] =>   Task 5: classes 50-59 (10 classes) | Train: 5000 images (20 batches), Test: 1000 images (4 batches)
2026-08-31 09:35:27,814 [trainer.py] =>   Task 6: classes 60-69 (10 classes) | Train: 5000 images (20 batches), Test: 1000 images (4 batches)
2026-08-31 09:35:27,822 [trainer.py] =>   Task 7: classes 70-79 (10 classes) | Train: 5000 images (20 batches), Test: 1000 images (4 batches)
2026-08-31 09:35:27,830 [trainer.py] =>   Task 8: classes 80-89 (10 classes) | Train: 5000 images (20 batches), Test: 1000 images (4 batches)
2026-08-31 09:35:27,837 [trainer.py] =>   Task 9: classes 90-99 (10 classes) | Train: 5000 images (20 batches), Test: 1000 images (4 batches)
2026-08-31 09:35:27,837 [trainer.py] => ================================================================================
2026-08-31 09:35:27,837 [trainer.py] => ================================================================================
2026-08-31 09:35:27,843 [base.py] => Task 0 learning on class 0-10
2026-08-31 09:35:28,305 [toolkit.py] => Total params:     106,727,863
2026-08-31 09:35:28,305 [toolkit.py] => Trainable params: 376,330
2026-08-31 09:35:28,305 [toolkit.py] => Trainable ratio:  0.3526%
2026-08-31 09:49:11,815 [inflora_e.py] => Task 0, Epoch 20/20 => Loss 0.106, Train_accy 96.44
2026-08-31 09:49:33,344 [trainer.py] => Training time: 0h 14m 5s
2026-08-31 09:49:37,682 [trainer.py] => Evaluation time: 0h 0m 4s
2026-08-31 09:49:37,682 [trainer.py] => Accuracy: {'total': 99.3, '00-09': 99.3, 'old': 0, 'new': 99.3}
2026-08-31 09:49:37,682 [trainer.py] => (curve) top1 Acc: [99.3]
2026-08-31 09:49:37,682 [trainer.py] => Avergae Acc: 99.30
2026-08-31 09:49:37,682 [trainer.py] => (curve) top1 Acc with task: [99.3]
2026-08-31 09:49:37,682 [trainer.py] => Avergae Acc: 99.30
2026-08-31 09:49:37,682 [trainer.py] => (curve) top1 Acc task: [100.0]
2026-08-31 09:49:37,682 [trainer.py] => Avergae Acc: 100.00
2026-08-31 09:49:37,682 [trainer.py] => ================================================================================
2026-08-31 09:49:37,682 [trainer.py] => ================================================================================
2026-08-31 09:49:37,697 [base.py] => Task 1 learning on class 10-20
2026-08-31 09:49:37,708 [toolkit.py] => Total params:     106,727,863
2026-08-31 09:49:37,708 [toolkit.py] => Trainable params: 376,330
2026-08-31 09:49:37,708 [toolkit.py] => Trainable ratio:  0.3526%
2026-08-31 10:03:23,688 [inflora_e.py] => Task 1, Epoch 20/20 => Loss 0.132, Train_accy 95.52
2026-08-31 10:03:48,119 [trainer.py] => Training time: 0h 14m 10s
2026-08-31 10:03:56,157 [trainer.py] => Evaluation time: 0h 0m 8s
2026-08-31 10:03:56,157 [trainer.py] => Accuracy: {'total': 94.3, '00-09': 98.9, '10-19': 89.7, 'old': 98.9, 'new': 89.7}
2026-08-31 10:03:56,157 [trainer.py] => (curve) top1 Acc: [99.3, 94.3]
2026-08-31 10:03:56,157 [trainer.py] => Avergae Acc: 96.80
2026-08-31 10:03:56,157 [trainer.py] => (curve) top1 Acc with task: [99.3, 99.2]
2026-08-31 10:03:56,157 [trainer.py] => Avergae Acc: 99.25
2026-08-31 10:03:56,157 [trainer.py] => (curve) top1 Acc task: [100.0, 94.85]
2026-08-31 10:03:56,157 [trainer.py] => Avergae Acc: 97.42
2026-08-31 10:03:56,157 [trainer.py] => ================================================================================
2026-08-31 10:03:56,158 [trainer.py] => ================================================================================
2026-08-31 10:03:56,177 [base.py] => Task 2 learning on class 20-30
2026-08-31 10:03:56,188 [toolkit.py] => Total params:     106,727,863
2026-08-31 10:03:56,188 [toolkit.py] => Trainable params: 376,330
2026-08-31 10:03:56,188 [toolkit.py] => Trainable ratio:  0.3526%
2026-08-31 10:17:43,304 [inflora_e.py] => Task 2, Epoch 20/20 => Loss 0.128, Train_accy 95.94
2026-08-31 10:18:08,686 [trainer.py] => Training time: 0h 14m 12s
2026-08-31 10:18:20,218 [trainer.py] => Evaluation time: 0h 0m 11s
2026-08-31 10:18:20,219 [trainer.py] => Accuracy: {'total': 93.5, '00-09': 96.1, '10-19': 89.0, '20-29': 95.4, 'old': 92.55, 'new': 95.4}
2026-08-31 10:18:20,219 [trainer.py] => (curve) top1 Acc: [99.3, 94.3, 93.5]
2026-08-31 10:18:20,219 [trainer.py] => Avergae Acc: 95.70
2026-08-31 10:18:20,219 [trainer.py] => (curve) top1 Acc with task: [99.3, 99.2, 98.9]
2026-08-31 10:18:20,219 [trainer.py] => Avergae Acc: 99.13
2026-08-31 10:18:20,219 [trainer.py] => (curve) top1 Acc task: [100.0, 94.85, 94.17]
2026-08-31 10:18:20,219 [trainer.py] => Avergae Acc: 96.34
2026-08-31 10:18:20,219 [trainer.py] => ================================================================================
2026-08-31 10:18:20,219 [trainer.py] => ================================================================================
2026-08-31 10:18:20,242 [base.py] => Task 3 learning on class 30-40
2026-08-31 10:18:20,253 [toolkit.py] => Total params:     106,727,863
2026-08-31 10:18:20,253 [toolkit.py] => Trainable params: 376,330
2026-08-31 10:18:20,253 [toolkit.py] => Trainable ratio:  0.3526%
2026-08-31 10:32:08,025 [inflora_e.py] => Task 3, Epoch 20/20 => Loss 0.111, Train_accy 96.34
2026-08-31 10:32:33,979 [trainer.py] => Training time: 0h 14m 13s
2026-08-31 10:32:49,028 [trainer.py] => Evaluation time: 0h 0m 15s
2026-08-31 10:32:49,028 [trainer.py] => Accuracy: {'total': 91.5, '00-09': 95.1, '10-19': 87.2, '20-29': 94.3, '30-39': 89.4, 'old': 92.2, 'new': 89.4}
2026-08-31 10:32:49,028 [trainer.py] => (curve) top1 Acc: [99.3, 94.3, 93.5, 91.5]
2026-08-31 10:32:49,028 [trainer.py] => Avergae Acc: 94.65
2026-08-31 10:32:49,028 [trainer.py] => (curve) top1 Acc with task: [99.3, 99.2, 98.9, 98.95]
2026-08-31 10:32:49,028 [trainer.py] => Avergae Acc: 99.09
2026-08-31 10:32:49,028 [trainer.py] => (curve) top1 Acc task: [100.0, 94.85, 94.17, 91.97]
2026-08-31 10:32:49,028 [trainer.py] => Avergae Acc: 95.25
2026-08-31 10:32:49,028 [trainer.py] => ================================================================================
2026-08-31 10:32:49,028 [trainer.py] => ================================================================================
2026-08-31 10:32:49,048 [base.py] => Task 4 learning on class 40-50
2026-08-31 10:32:49,059 [toolkit.py] => Total params:     106,727,863
2026-08-31 10:32:49,060 [toolkit.py] => Trainable params: 376,330
2026-08-31 10:32:49,060 [toolkit.py] => Trainable ratio:  0.3526%
2026-08-31 10:46:38,970 [inflora_e.py] => Task 4, Epoch 20/20 => Loss 0.113, Train_accy 96.34
2026-08-31 10:47:07,036 [trainer.py] => Training time: 0h 14m 18s
2026-08-31 10:47:25,779 [trainer.py] => Evaluation time: 0h 0m 18s
2026-08-31 10:47:25,779 [trainer.py] => Accuracy: {'total': 90.98, '00-09': 94.4, '10-19': 87.0, '20-29': 92.1, '30-39': 88.1, '40-49': 93.3, 'old': 90.4, 'new': 93.3}
2026-08-31 10:47:25,779 [trainer.py] => (curve) top1 Acc: [99.3, 94.3, 93.5, 91.5, 90.98]
2026-08-31 10:47:25,779 [trainer.py] => Avergae Acc: 93.92
2026-08-31 10:47:25,780 [trainer.py] => (curve) top1 Acc with task: [99.3, 99.2, 98.9, 98.95, 98.94]
2026-08-31 10:47:25,780 [trainer.py] => Avergae Acc: 99.06
2026-08-31 10:47:25,780 [trainer.py] => (curve) top1 Acc task: [100.0, 94.85, 94.17, 91.97, 91.46]
2026-08-31 10:47:25,780 [trainer.py] => Avergae Acc: 94.49
2026-08-31 10:47:25,780 [trainer.py] => ================================================================================
2026-08-31 10:47:25,780 [trainer.py] => ================================================================================
2026-08-31 10:47:25,804 [base.py] => Task 5 learning on class 50-60
2026-08-31 10:47:25,816 [toolkit.py] => Total params:     106,727,863
2026-08-31 10:47:25,816 [toolkit.py] => Trainable params: 376,330
2026-08-31 10:47:25,816 [toolkit.py] => Trainable ratio:  0.3526%
2026-08-31 11:01:14,757 [inflora_e.py] => Task 5, Epoch 20/20 => Loss 0.125, Train_accy 95.72
2026-08-31 11:01:44,920 [trainer.py] => Training time: 0h 14m 19s
2026-08-31 11:02:07,177 [trainer.py] => Evaluation time: 0h 0m 22s
2026-08-31 11:02:07,177 [trainer.py] => Accuracy: {'total': 87.95, '00-09': 94.7, '10-19': 85.3, '20-29': 91.3, '30-39': 85.9, '40-49': 92.9, '50-59': 77.6, 'old': 90.02, 'new': 77.6}
2026-08-31 11:02:07,177 [trainer.py] => (curve) top1 Acc: [99.3, 94.3, 93.5, 91.5, 90.98, 87.95]
2026-08-31 11:02:07,177 [trainer.py] => Avergae Acc: 92.92
2026-08-31 11:02:07,177 [trainer.py] => (curve) top1 Acc with task: [99.3, 99.2, 98.9, 98.95, 98.94, 98.53]
2026-08-31 11:02:07,178 [trainer.py] => Avergae Acc: 98.97
2026-08-31 11:02:07,178 [trainer.py] => (curve) top1 Acc task: [100.0, 94.85, 94.17, 91.97, 91.46, 88.48]
2026-08-31 11:02:07,178 [trainer.py] => Avergae Acc: 93.49
2026-08-31 11:02:07,178 [trainer.py] => ================================================================================
2026-08-31 11:02:07,178 [trainer.py] => ================================================================================
2026-08-31 11:02:07,194 [base.py] => Task 6 learning on class 60-70
2026-08-31 11:02:07,206 [toolkit.py] => Total params:     106,727,863
2026-08-31 11:02:07,206 [toolkit.py] => Trainable params: 376,330
2026-08-31 11:02:07,206 [toolkit.py] => Trainable ratio:  0.3526%
2026-08-31 11:15:59,896 [inflora_e.py] => Task 6, Epoch 20/20 => Loss 0.133, Train_accy 95.32
2026-08-31 11:16:26,746 [trainer.py] => Training time: 0h 14m 19s
2026-08-31 11:16:52,828 [trainer.py] => Evaluation time: 0h 0m 26s
2026-08-31 11:16:52,828 [trainer.py] => Accuracy: {'total': 87.16, '00-09': 93.8, '10-19': 83.5, '20-29': 90.1, '30-39': 87.2, '40-49': 93.1, '50-59': 74.9, '60-69': 87.5, 'old': 87.1, 'new': 87.5}
2026-08-31 11:16:52,828 [trainer.py] => (curve) top1 Acc: [99.3, 94.3, 93.5, 91.5, 90.98, 87.95, 87.16]
2026-08-31 11:16:52,828 [trainer.py] => Avergae Acc: 92.10
2026-08-31 11:16:52,828 [trainer.py] => (curve) top1 Acc with task: [99.3, 99.2, 98.9, 98.95, 98.94, 98.53, 98.44]
2026-08-31 11:16:52,829 [trainer.py] => Avergae Acc: 98.89
2026-08-31 11:16:52,829 [trainer.py] => (curve) top1 Acc task: [100.0, 94.85, 94.17, 91.97, 91.46, 88.48, 87.69]
2026-08-31 11:16:52,829 [trainer.py] => Avergae Acc: 92.66
2026-08-31 11:16:52,829 [trainer.py] => ================================================================================
2026-08-31 11:16:52,829 [trainer.py] => ================================================================================
2026-08-31 11:16:52,849 [base.py] => Task 7 learning on class 70-80
2026-08-31 11:16:52,861 [toolkit.py] => Total params:     106,727,863
2026-08-31 11:16:52,861 [toolkit.py] => Trainable params: 376,330
2026-08-31 11:16:52,861 [toolkit.py] => Trainable ratio:  0.3526%
2026-08-31 11:30:44,330 [inflora_e.py] => Task 7, Epoch 20/20 => Loss 0.128, Train_accy 95.88
2026-08-31 11:31:12,843 [trainer.py] => Training time: 0h 14m 20s
2026-08-31 11:31:42,560 [trainer.py] => Evaluation time: 0h 0m 29s
2026-08-31 11:31:42,561 [trainer.py] => Accuracy: {'total': 86.38, '00-09': 92.1, '10-19': 82.0, '20-29': 89.8, '30-39': 86.7, '40-49': 92.3, '50-59': 73.2, '60-69': 86.1, '70-79': 88.8, 'old': 86.03, 'new': 88.8}
2026-08-31 11:31:42,561 [trainer.py] => (curve) top1 Acc: [99.3, 94.3, 93.5, 91.5, 90.98, 87.95, 87.16, 86.38]
2026-08-31 11:31:42,561 [trainer.py] => Avergae Acc: 91.38
2026-08-31 11:31:42,561 [trainer.py] => (curve) top1 Acc with task: [99.3, 99.2, 98.9, 98.95, 98.94, 98.53, 98.44, 98.41]
2026-08-31 11:31:42,561 [trainer.py] => Avergae Acc: 98.83
2026-08-31 11:31:42,561 [trainer.py] => (curve) top1 Acc task: [100.0, 94.85, 94.17, 91.97, 91.46, 88.48, 87.69, 86.85]
2026-08-31 11:31:42,561 [trainer.py] => Avergae Acc: 91.93
2026-08-31 11:31:42,561 [trainer.py] => ================================================================================
2026-08-31 11:31:42,561 [trainer.py] => ================================================================================
2026-08-31 11:31:42,581 [base.py] => Task 8 learning on class 80-90
2026-08-31 11:31:42,601 [toolkit.py] => Total params:     106,727,863
2026-08-31 11:31:42,601 [toolkit.py] => Trainable params: 376,330
2026-08-31 11:31:42,601 [toolkit.py] => Trainable ratio:  0.3526%
2026-08-31 11:45:32,737 [inflora_e.py] => Task 8, Epoch 20/20 => Loss 0.098, Train_accy 96.82
2026-08-31 11:46:00,226 [trainer.py] => Training time: 0h 14m 17s
2026-08-31 11:46:33,244 [trainer.py] => Evaluation time: 0h 0m 33s
2026-08-31 11:46:33,244 [trainer.py] => Accuracy: {'total': 86.94, '00-09': 91.6, '10-19': 81.6, '20-29': 88.2, '30-39': 87.1, '40-49': 91.8, '50-59': 74.8, '60-69': 85.8, '70-79': 87.7, '80-89': 93.9, 'old': 86.08, 'new': 93.9}
2026-08-31 11:46:33,244 [trainer.py] => (curve) top1 Acc: [99.3, 94.3, 93.5, 91.5, 90.98, 87.95, 87.16, 86.38, 86.94]
2026-08-31 11:46:33,244 [trainer.py] => Avergae Acc: 90.89
2026-08-31 11:46:33,244 [trainer.py] => (curve) top1 Acc with task: [99.3, 99.2, 98.9, 98.95, 98.94, 98.53, 98.44, 98.41, 98.61]
2026-08-31 11:46:33,244 [trainer.py] => Avergae Acc: 98.81
2026-08-31 11:46:33,244 [trainer.py] => (curve) top1 Acc task: [100.0, 94.85, 94.17, 91.97, 91.46, 88.48, 87.69, 86.85, 87.32]
2026-08-31 11:46:33,244 [trainer.py] => Avergae Acc: 91.42
2026-08-31 11:46:33,244 [trainer.py] => ================================================================================
2026-08-31 11:46:33,244 [trainer.py] => ================================================================================
2026-08-31 11:46:33,264 [base.py] => Task 9 learning on class 90-100
2026-08-31 11:46:33,276 [toolkit.py] => Total params:     106,727,863
2026-08-31 11:46:33,276 [toolkit.py] => Trainable params: 376,330
2026-08-31 11:46:33,276 [toolkit.py] => Trainable ratio:  0.3526%
2026-08-31 12:00:26,063 [inflora_e.py] => Task 9, Epoch 20/20 => Loss 0.087, Train_accy 97.38
2026-08-31 12:01:07,237 [trainer.py] => Training time: 0h 14m 33s
2026-08-31 12:01:44,248 [trainer.py] => Evaluation time: 0h 0m 37s
2026-08-31 12:01:44,248 [trainer.py] => Accuracy: {'total': 85.48, '00-09': 90.0, '10-19': 78.9, '20-29': 87.6, '30-39': 86.8, '40-49': 89.5, '50-59': 72.9, '60-69': 86.5, '70-79': 86.1, '80-89': 93.9, '90-99': 82.6, 'old': 85.8, 'new': 82.6}
2026-08-31 12:01:44,248 [trainer.py] => (curve) top1 Acc: [99.3, 94.3, 93.5, 91.5, 90.98, 87.95, 87.16, 86.38, 86.94, 85.48]
2026-08-31 12:01:44,249 [trainer.py] => Avergae Acc: 90.35
2026-08-31 12:01:44,249 [trainer.py] => (curve) top1 Acc with task: [99.3, 99.2, 98.9, 98.95, 98.94, 98.53, 98.44, 98.41, 98.61, 98.64]
2026-08-31 12:01:44,249 [trainer.py] => Avergae Acc: 98.79
2026-08-31 12:01:44,249 [trainer.py] => (curve) top1 Acc task: [100.0, 94.85, 94.17, 91.97, 91.46, 88.48, 87.69, 86.85, 87.32, 85.83]
2026-08-31 12:01:44,249 [trainer.py] => Avergae Acc: 90.86
2026-08-31 12:01:44,249 [trainer.py] => ================================================================================
