2026-09-03 15:25:18,005 [toolkit.py] => config: configs/cllora_o/imagenet-a.json
2026-09-03 15:25:18,005 [toolkit.py] => device: [device(type='cuda', index=5)]
2026-09-03 15:25:18,005 [toolkit.py] => debug: False
2026-09-03 15:25:18,005 [toolkit.py] => save_ckp: False
2026-09-03 15:25:18,005 [toolkit.py] => moe_list: None
2026-09-03 15:25:18,005 [toolkit.py] => seed: 1993
2026-09-03 15:25:18,005 [toolkit.py] => dataset: imagenet-a
2026-09-03 15:25:18,005 [toolkit.py] => data_path: data/imagenet-a
2026-09-03 15:25:18,005 [toolkit.py] => load: vit_base_patch16_224_in21k
2026-09-03 15:25:18,005 [toolkit.py] => init_cls: 20
2026-09-03 15:25:18,005 [toolkit.py] => increment: 20
2026-09-03 15:25:18,005 [toolkit.py] => sessions: 10
2026-09-03 15:25:18,005 [toolkit.py] => shuffle: False
2026-09-03 15:25:18,006 [toolkit.py] => method: cllora_o
2026-09-03 15:25:18,006 [toolkit.py] => optimizer: sgd
2026-09-03 15:25:18,006 [toolkit.py] => scheduler: cosine
2026-09-03 15:25:18,006 [toolkit.py] => epochs: 25
2026-09-03 15:25:18,006 [toolkit.py] => lrate: 0.05
2026-09-03 15:25:18,006 [toolkit.py] => weight_decay: 0.005
2026-09-03 15:25:18,006 [toolkit.py] => batch_size: 32
2026-09-03 15:25:18,006 [toolkit.py] => rank: 10
2026-09-03 15:25:18,006 [toolkit.py] => num_workers: 16
2026-09-03 15:25:18,006 [toolkit.py] => kd_ratio: 5.0
2026-09-03 15:25:18,006 [toolkit.py] => temperature: 2
2026-09-03 15:25:18,006 [toolkit.py] => msa: [1, 0, 1]
2026-09-03 15:25:18,006 [toolkit.py] => shared_pos: [0, 1, 2, 3, 4, 5]
2026-09-03 15:25:18,006 [toolkit.py] => specific_pos: [6, 7, 8, 9, 10, 11]
2026-09-03 15:25:18,006 [toolkit.py] => lrate_head: 0
2026-09-03 15:25:18,006 [toolkit.py] => R: 0.5
2026-09-03 15:25:18,006 [toolkit.py] => ortho_loss_type: True
2026-09-03 15:25:18,006 [toolkit.py] => ortho_loss_weight: 0.1
2026-09-03 15:25:18,006 [toolkit.py] => logdir: logs/cllora_o/imagenet-a/t10
2026-09-03 15:25:18,006 [toolkit.py] => logfilename: logs/cllora_o/imagenet-a/t10/seed1993
2026-09-03 15:27:21,431 [data_manager.py] => Class index order: 0, 1, 2, 3, 4, ..., 195, 196, 197, 198, 199
2026-09-03 15:27:48,555 [trainer.py] => ================================================================================
2026-09-03 15:27:48,555 [trainer.py] => Dataset Information
2026-09-03 15:27:48,555 [trainer.py] => ================================================================================
2026-09-03 15:27:48,556 [trainer.py] =>   Dataset name     : imagenet-a
2026-09-03 15:27:48,556 [trainer.py] =>   Data path        : data/imagenet-a
2026-09-03 15:27:48,556 [trainer.py] =>   Total classes    : 200
2026-09-03 15:27:48,556 [trainer.py] =>   Total tasks      : 10
2026-09-03 15:27:48,556 [trainer.py] =>   Task increments  : [20, 20, 20, 20, 20, 20, 20, 20, 20, 20]
2026-09-03 15:27:48,556 [trainer.py] =>   Init classes     : 20
2026-09-03 15:27:48,556 [trainer.py] =>   Increment per task: 20
2026-09-03 15:27:48,556 [trainer.py] =>   Shuffle          : False
2026-09-03 15:27:48,556 [trainer.py] =>   Seed             : 1993
2026-09-03 15:27:48,556 [trainer.py] => --------------------------------------------------------------------------------
2026-09-03 15:27:48,556 [trainer.py] => Task split:
2026-09-03 15:27:48,557 [trainer.py] =>   Task 0: classes 0-19 (20 classes) | Train: 1253 images (5 batches), Test: 313 images (2 batches)
2026-09-03 15:27:48,558 [trainer.py] =>   Task 1: classes 20-39 (20 classes) | Train: 1000 images (4 batches), Test: 251 images (1 batches)
2026-09-03 15:27:48,559 [trainer.py] =>   Task 2: classes 40-59 (20 classes) | Train: 1000 images (4 batches), Test: 251 images (1 batches)
2026-09-03 15:27:48,559 [trainer.py] =>   Task 3: classes 60-79 (20 classes) | Train: 610 images (3 batches), Test: 151 images (1 batches)
2026-09-03 15:27:48,560 [trainer.py] =>   Task 4: classes 80-99 (20 classes) | Train: 426 images (2 batches), Test: 102 images (1 batches)
2026-09-03 15:27:48,560 [trainer.py] =>   Task 5: classes 100-119 (20 classes) | Train: 263 images (2 batches), Test: 68 images (1 batches)
2026-09-03 15:27:48,561 [trainer.py] =>   Task 6: classes 120-139 (20 classes) | Train: 351 images (2 batches), Test: 89 images (1 batches)
2026-09-03 15:27:48,562 [trainer.py] =>   Task 7: classes 140-159 (20 classes) | Train: 321 images (2 batches), Test: 81 images (1 batches)
2026-09-03 15:27:48,562 [trainer.py] =>   Task 8: classes 160-179 (20 classes) | Train: 391 images (2 batches), Test: 97 images (1 batches)
2026-09-03 15:27:48,563 [trainer.py] =>   Task 9: classes 180-199 (20 classes) | Train: 385 images (2 batches), Test: 97 images (1 batches)
2026-09-03 15:27:48,563 [trainer.py] => ================================================================================
2026-09-03 15:27:48,563 [trainer.py] => ================================================================================
2026-09-03 15:27:49,575 [base.py] => Task 0 learning on class 0-20
2026-09-03 15:27:50,344 [toolkit.py] => Total params:     88,410,038
2026-09-03 15:27:50,344 [toolkit.py] => Trainable params: 660,499
2026-09-03 15:27:50,344 [toolkit.py] => Trainable ratio:  0.7471%
2026-09-03 15:35:49,530 [cllora_o.py] => Task 0, Epoch 25/25 => Loss 0.396, Train_accy 88.75
2026-09-03 15:36:03,930 [trainer.py] => Training time: 0h 8m 14s
2026-09-03 15:36:09,456 [trainer.py] => Evaluation time: 0h 0m 5s
2026-09-03 15:36:09,460 [trainer.py] => Accuracy: {'total': 89.78, '00-19': 89.78, 'old': 0, 'new': 89.78}
2026-09-03 15:36:09,460 [trainer.py] => (curve) top1 Acc: [89.78]
2026-09-03 15:36:09,460 [trainer.py] => Avergae Acc: 89.78
2026-09-03 15:36:09,461 [trainer.py] => (curve) top1 Acc with task: [89.78]
2026-09-03 15:36:09,461 [trainer.py] => Avergae Acc: 89.78
2026-09-03 15:36:09,461 [trainer.py] => (curve) top1 Acc task: [100.0]
2026-09-03 15:36:09,461 [trainer.py] => Avergae Acc: 100.00
2026-09-03 15:36:09,461 [trainer.py] => ================================================================================
2026-09-03 15:36:09,461 [trainer.py] => ================================================================================
2026-09-03 15:36:09,473 [base.py] => Task 1 learning on class 20-40
2026-09-03 15:36:09,490 [toolkit.py] => Total params:     88,456,118
2026-09-03 15:36:09,490 [toolkit.py] => Trainable params: 660,499
2026-09-03 15:36:09,490 [toolkit.py] => Trainable ratio:  0.7467%
2026-09-03 15:54:06,012 [cllora_o.py] => Task 1, Epoch 25/25 => Loss 0.325, Train_accy 92.60, Ortho 0.0447
2026-09-03 15:54:30,908 [trainer.py] => Training time: 0h 18m 21s
2026-09-03 15:54:45,770 [trainer.py] => Evaluation time: 0h 0m 14s
2026-09-03 15:54:45,773 [trainer.py] => Accuracy: {'total': 79.26, '00-19': 78.91, '20-39': 79.68, 'old': 78.91, 'new': 79.68}
2026-09-03 15:54:45,773 [trainer.py] => (curve) top1 Acc: [89.78, 79.26]
2026-09-03 15:54:45,773 [trainer.py] => Avergae Acc: 84.52
2026-09-03 15:54:45,773 [trainer.py] => (curve) top1 Acc with task: [89.78, 87.41]
2026-09-03 15:54:45,774 [trainer.py] => Avergae Acc: 88.59
2026-09-03 15:54:45,774 [trainer.py] => (curve) top1 Acc task: [100.0, 89.18]
2026-09-03 15:54:45,774 [trainer.py] => Avergae Acc: 94.59
2026-09-03 15:54:45,774 [trainer.py] => ================================================================================
2026-09-03 15:54:45,774 [trainer.py] => ================================================================================
2026-09-03 15:54:45,793 [base.py] => Task 2 learning on class 40-60
2026-09-03 15:54:45,823 [toolkit.py] => Total params:     88,532,918
2026-09-03 15:54:45,824 [toolkit.py] => Trainable params: 660,499
2026-09-03 15:54:45,824 [toolkit.py] => Trainable ratio:  0.7460%
2026-09-03 16:13:07,589 [cllora_o.py] => Task 2, Epoch 25/25 => Loss 0.437, Train_accy 89.80, Ortho 0.0371
2026-09-03 16:13:49,800 [trainer.py] => Training time: 0h 19m 4s
2026-09-03 16:14:21,002 [trainer.py] => Evaluation time: 0h 0m 31s
2026-09-03 16:14:21,005 [trainer.py] => Accuracy: {'total': 74.97, '00-19': 73.16, '20-39': 74.9, '40-59': 77.29, 'old': 73.94, 'new': 77.29}
2026-09-03 16:14:21,005 [trainer.py] => (curve) top1 Acc: [89.78, 79.26, 74.97]
2026-09-03 16:14:21,006 [trainer.py] => Avergae Acc: 81.34
2026-09-03 16:14:21,006 [trainer.py] => (curve) top1 Acc with task: [89.78, 87.41, 84.05]
2026-09-03 16:14:21,006 [trainer.py] => Avergae Acc: 87.08
2026-09-03 16:14:21,006 [trainer.py] => (curve) top1 Acc task: [100.0, 89.18, 86.63]
2026-09-03 16:14:21,006 [trainer.py] => Avergae Acc: 91.94
2026-09-03 16:14:21,006 [trainer.py] => ================================================================================
2026-09-03 16:14:21,006 [trainer.py] => ================================================================================
2026-09-03 16:14:21,016 [base.py] => Task 3 learning on class 60-80
2026-09-03 16:14:21,030 [toolkit.py] => Total params:     88,640,438
2026-09-03 16:14:21,031 [toolkit.py] => Trainable params: 660,499
2026-09-03 16:14:21,031 [toolkit.py] => Trainable ratio:  0.7451%
2026-09-03 16:23:54,309 [cllora_o.py] => Task 3, Epoch 25/25 => Loss 2.788, Train_accy 11.80, Ortho 0.2351
2026-09-03 16:24:24,254 [trainer.py] => Training time: 0h 10m 3s
2026-09-03 16:24:55,521 [trainer.py] => Evaluation time: 0h 0m 31s
2026-09-03 16:24:55,524 [trainer.py] => Accuracy: {'total': 1.24, '00-19': 0.0, '20-39': 0.0, '40-59': 0.0, '60-79': 7.95, 'old': 0.0, 'new': 7.95}
2026-09-03 16:24:55,524 [trainer.py] => (curve) top1 Acc: [89.78, 79.26, 74.97, 1.24]
2026-09-03 16:24:55,524 [trainer.py] => Avergae Acc: 61.31
2026-09-03 16:24:55,524 [trainer.py] => (curve) top1 Acc with task: [89.78, 87.41, 84.05, 6.94]
2026-09-03 16:24:55,524 [trainer.py] => Avergae Acc: 67.05
2026-09-03 16:24:55,524 [trainer.py] => (curve) top1 Acc task: [100.0, 89.18, 86.63, 15.63]
2026-09-03 16:24:55,524 [trainer.py] => Avergae Acc: 72.86
2026-09-03 16:24:55,524 [trainer.py] => ================================================================================
2026-09-03 16:24:55,524 [trainer.py] => ================================================================================
2026-09-03 16:24:55,537 [base.py] => Task 4 learning on class 80-100
2026-09-03 16:24:55,546 [toolkit.py] => Total params:     88,778,678
2026-09-03 16:24:55,546 [toolkit.py] => Trainable params: 660,499
2026-09-03 16:24:55,547 [toolkit.py] => Trainable ratio:  0.7440%
