2026-08-28 12:24:09,512 [toolkit.py] => config: configs/inflora_o/domain_seed=1993.json
2026-08-28 12:24:09,513 [toolkit.py] => device: [device(type='cuda', index=2)]
2026-08-28 12:24:09,513 [toolkit.py] => debug: False
2026-08-28 12:24:09,513 [toolkit.py] => save_ckp: False
2026-08-28 12:24:09,513 [toolkit.py] => moe_list: None
2026-08-28 12:24:09,513 [toolkit.py] => seed: 1993
2026-08-28 12:24:09,513 [toolkit.py] => dataset: domainnet
2026-08-28 12:24:09,513 [toolkit.py] => data_path: data/domainnet
2026-08-28 12:24:09,513 [toolkit.py] => load: vit_base_patch16_224_in21k
2026-08-28 12:24:09,513 [toolkit.py] => init_cls: 69
2026-08-28 12:24:09,513 [toolkit.py] => increment: 69
2026-08-28 12:24:09,513 [toolkit.py] => sessions: 5
2026-08-28 12:24:09,513 [toolkit.py] => shuffle: False
2026-08-28 12:24:09,513 [toolkit.py] => method: inflorao
2026-08-28 12:24:09,513 [toolkit.py] => optimizer: adam
2026-08-28 12:24:09,513 [toolkit.py] => scheduler: cosine
2026-08-28 12:24:09,513 [toolkit.py] => epochs: 5
2026-08-28 12:24:09,514 [toolkit.py] => lrate: 0.0005
2026-08-28 12:24:09,514 [toolkit.py] => weight_decay: 0.0
2026-08-28 12:24:09,514 [toolkit.py] => batch_size: 128
2026-08-28 12:24:09,514 [toolkit.py] => rank: 30
2026-08-28 12:24:09,514 [toolkit.py] => num_workers: 16
2026-08-28 12:24:09,514 [toolkit.py] => lamb: 0.95
2026-08-28 12:24:09,514 [toolkit.py] => lame: 1.0
2026-08-28 12:24:09,514 [toolkit.py] => lrate_head: 0
2026-08-28 12:24:09,514 [toolkit.py] => R: 0.5
2026-08-28 12:24:09,514 [toolkit.py] => logdir: logs/inflorao/domainnet/t5
2026-08-28 12:24:09,514 [toolkit.py] => logfilename: logs/inflorao/domainnet/t5/seed1993
2026-08-28 12:24:09,879 [data_manager.py] => Class index order: 0, 1, 2, 3, 4, ..., 340, 341, 342, 343, 344
2026-08-28 12:24:13,309 [trainer.py] => ================================================================================
2026-08-28 12:24:13,309 [trainer.py] => Dataset Information
2026-08-28 12:24:13,309 [trainer.py] => ================================================================================
2026-08-28 12:24:13,309 [trainer.py] =>   Dataset name     : domainnet
2026-08-28 12:24:13,309 [trainer.py] =>   Data path        : data/domainnet
2026-08-28 12:24:13,309 [trainer.py] =>   Total classes    : 345
2026-08-28 12:24:13,309 [trainer.py] =>   Total tasks      : 5
2026-08-28 12:24:13,309 [trainer.py] =>   Task increments  : [69, 69, 69, 69, 69]
2026-08-28 12:24:13,309 [trainer.py] =>   Init classes     : 69
2026-08-28 12:24:13,309 [trainer.py] =>   Increment per task: 69
2026-08-28 12:24:13,309 [trainer.py] =>   Shuffle          : False
2026-08-28 12:24:13,309 [trainer.py] =>   Seed             : 1993
2026-08-28 12:24:13,309 [trainer.py] => --------------------------------------------------------------------------------
2026-08-28 12:24:13,309 [trainer.py] => Task split:
2026-08-28 12:24:13,515 [trainer.py] =>   Task 0: classes 0-68 (69 classes) | Train: 67628 images (265 batches), Test: 17009 images (67 batches)
2026-08-28 12:24:13,600 [trainer.py] =>   Task 1: classes 69-137 (69 classes) | Train: 65335 images (256 batches), Test: 16374 images (64 batches)
2026-08-28 12:24:13,679 [trainer.py] =>   Task 2: classes 138-206 (69 classes) | Train: 70512 images (276 batches), Test: 17747 images (70 batches)
2026-08-28 12:24:13,756 [trainer.py] =>   Task 3: classes 207-275 (69 classes) | Train: 68362 images (268 batches), Test: 16831 images (66 batches)
2026-08-28 12:24:13,824 [trainer.py] =>   Task 4: classes 276-344 (69 classes) | Train: 66967 images (262 batches), Test: 16741 images (66 batches)
2026-08-28 12:24:13,824 [trainer.py] => ================================================================================
2026-08-28 12:24:13,824 [trainer.py] => ================================================================================
