2026-07-02 03:00:37,569 [toolkit.py] => config: /home/zll2025/low-rank-cl-main/configs/splitlorav6/cifar100_seed=1.json
2026-07-02 03:00:37,569 [toolkit.py] => device: [device(type='cuda', index=3)]
2026-07-02 03:00:37,569 [toolkit.py] => debug: False
2026-07-02 03:00:37,569 [toolkit.py] => save_ckp: False
2026-07-02 03:00:37,569 [toolkit.py] => moe_list: None
2026-07-02 03:00:37,569 [toolkit.py] => seed: 1
2026-07-02 03:00:37,569 [toolkit.py] => dataset: cifar100
2026-07-02 03:00:37,569 [toolkit.py] => data_path: data/cifar100
2026-07-02 03:00:37,569 [toolkit.py] => load: vit_base_patch16_224_in21k
2026-07-02 03:00:37,569 [toolkit.py] => init_cls: 10
2026-07-02 03:00:37,569 [toolkit.py] => increment: 10
2026-07-02 03:00:37,569 [toolkit.py] => sessions: 10
2026-07-02 03:00:37,569 [toolkit.py] => shuffle: False
2026-07-02 03:00:37,569 [toolkit.py] => method: splitlorav6
2026-07-02 03:00:37,569 [toolkit.py] => optimizer: adamw
2026-07-02 03:00:37,569 [toolkit.py] => scheduler: steplr
2026-07-02 03:00:37,570 [toolkit.py] => epochs: 10
2026-07-02 03:00:37,570 [toolkit.py] => lrate: 0.001
2026-07-02 03:00:37,570 [toolkit.py] => weight_decay: 0.0
2026-07-02 03:00:37,570 [toolkit.py] => batch_size: 256
2026-07-02 03:00:37,570 [toolkit.py] => rank: 10
2026-07-02 03:00:37,570 [toolkit.py] => num_workers: 16
2026-07-02 03:00:37,570 [toolkit.py] => lamb: 0.95
2026-07-02 03:00:37,570 [toolkit.py] => lame: 1.0
2026-07-02 03:00:37,570 [toolkit.py] => in_dim: 768
2026-07-02 03:00:37,570 [toolkit.py] => alpha: 20
2026-07-02 03:00:37,570 [toolkit.py] => logdir: logs/splitlorav6/cifar100/t10
2026-07-02 03:00:37,570 [toolkit.py] => logfilename: logs/splitlorav6/cifar100/t10/seed1
2026-07-02 03:00:39,827 [data_manager.py] => Class index order: 0, 1, 2, 3, 4, ..., 95, 96, 97, 98, 99
