nohup: ignoring input
2026-08-04 18:49:18,609 [toolkit.py] => config: configs/splitlorav6/imagenet-a_seed=1993_grad_direction.json
2026-08-04 18:49:18,609 [toolkit.py] => device: [device(type='cuda', index=5)]
2026-08-04 18:49:18,609 [toolkit.py] => debug: False
2026-08-04 18:49:18,609 [toolkit.py] => save_ckp: False
2026-08-04 18:49:18,609 [toolkit.py] => moe_list: None
2026-08-04 18:49:18,609 [toolkit.py] => seed: 1993
2026-08-04 18:49:18,609 [toolkit.py] => dataset: imagenet-a
2026-08-04 18:49:18,609 [toolkit.py] => data_path: data/imagenet-a
2026-08-04 18:49:18,609 [toolkit.py] => load: vit_base_patch16_224_in21k
2026-08-04 18:49:18,609 [toolkit.py] => init_cls: 20
2026-08-04 18:49:18,609 [toolkit.py] => increment: 20
2026-08-04 18:49:18,609 [toolkit.py] => sessions: 10
2026-08-04 18:49:18,609 [toolkit.py] => shuffle: False
2026-08-04 18:49:18,609 [toolkit.py] => method: splitlorav6
2026-08-04 18:49:18,609 [toolkit.py] => ema_type: grad_direction
2026-08-04 18:49:18,609 [toolkit.py] => optimizer: adamw
2026-08-04 18:49:18,609 [toolkit.py] => scheduler: steplr
2026-08-04 18:49:18,609 [toolkit.py] => epochs: 10
2026-08-04 18:49:18,609 [toolkit.py] => lrate: 0.001
2026-08-04 18:49:18,609 [toolkit.py] => lrate_head: 0.01
2026-08-04 18:49:18,609 [toolkit.py] => weight_decay: 5e-05
2026-08-04 18:49:18,609 [toolkit.py] => batch_size: 256
2026-08-04 18:49:18,609 [toolkit.py] => rank: 10
2026-08-04 18:49:18,609 [toolkit.py] => num_workers: 16
2026-08-04 18:49:18,609 [toolkit.py] => lamb: 0.95
2026-08-04 18:49:18,610 [toolkit.py] => lame: 1.0
2026-08-04 18:49:18,610 [toolkit.py] => in_dim: 768
2026-08-04 18:49:18,610 [toolkit.py] => alpha: 20
2026-08-04 18:49:18,610 [toolkit.py] => ema_decay: 0.99999
2026-08-04 18:49:18,610 [toolkit.py] => ema_decay2: 0
2026-08-04 18:49:18,610 [toolkit.py] => grad_ema_decay: 0.99
2026-08-04 18:49:18,610 [toolkit.py] => grad_direction_eta: 0.5
2026-08-04 18:49:18,610 [toolkit.py] => logdir: logs/splitlorav6/imagenet-a/t10
2026-08-04 18:49:18,610 [toolkit.py] => logfilename: logs/splitlorav6/imagenet-a/t10/seed1993
2026-08-04 18:49:18,636 [data_manager.py] => Class index order: 0, 1, 2, 3, 4, ..., 195, 196, 197, 198, 199
2026-08-04 18:49:20,893 [trainer.py] => ================================================================================
2026-08-04 18:49:20,893 [trainer.py] => Dataset Information
2026-08-04 18:49:20,894 [trainer.py] => ================================================================================
2026-08-04 18:49:20,894 [trainer.py] =>   Dataset name     : imagenet-a
2026-08-04 18:49:20,894 [trainer.py] =>   Data path        : data/imagenet-a
2026-08-04 18:49:20,894 [trainer.py] =>   Total classes    : 200
2026-08-04 18:49:20,894 [trainer.py] =>   Total tasks      : 10
2026-08-04 18:49:20,894 [trainer.py] =>   Task increments  : [20, 20, 20, 20, 20, 20, 20, 20, 20, 20]
2026-08-04 18:49:20,894 [trainer.py] =>   Init classes     : 20
2026-08-04 18:49:20,894 [trainer.py] =>   Increment per task: 20
2026-08-04 18:49:20,894 [trainer.py] =>   Shuffle          : False
2026-08-04 18:49:20,894 [trainer.py] =>   Seed             : 1993
2026-08-04 18:49:20,894 [trainer.py] => --------------------------------------------------------------------------------
2026-08-04 18:49:20,894 [trainer.py] => Task split:
2026-08-04 18:49:20,895 [trainer.py] =>   Task 0: classes 0-19 (20 classes) | Train: 1253 images (5 batches), Test: 313 images (2 batches)
2026-08-04 18:49:20,896 [trainer.py] =>   Task 1: classes 20-39 (20 classes) | Train: 1000 images (4 batches), Test: 251 images (1 batches)
2026-08-04 18:49:20,896 [trainer.py] =>   Task 2: classes 40-59 (20 classes) | Train: 1000 images (4 batches), Test: 251 images (1 batches)
2026-08-04 18:49:20,897 [trainer.py] =>   Task 3: classes 60-79 (20 classes) | Train: 610 images (3 batches), Test: 151 images (1 batches)
2026-08-04 18:49:20,897 [trainer.py] =>   Task 4: classes 80-99 (20 classes) | Train: 426 images (2 batches), Test: 102 images (1 batches)
2026-08-04 18:49:20,898 [trainer.py] =>   Task 5: classes 100-119 (20 classes) | Train: 263 images (2 batches), Test: 68 images (1 batches)
2026-08-04 18:49:20,898 [trainer.py] =>   Task 6: classes 120-139 (20 classes) | Train: 351 images (2 batches), Test: 89 images (1 batches)
2026-08-04 18:49:20,899 [trainer.py] =>   Task 7: classes 140-159 (20 classes) | Train: 321 images (2 batches), Test: 81 images (1 batches)
2026-08-04 18:49:20,899 [trainer.py] =>   Task 8: classes 160-179 (20 classes) | Train: 391 images (2 batches), Test: 97 images (1 batches)
2026-08-04 18:49:20,900 [trainer.py] =>   Task 9: classes 180-199 (20 classes) | Train: 385 images (2 batches), Test: 97 images (1 batches)
2026-08-04 18:49:20,900 [trainer.py] => ================================================================================
2026-08-04 18:49:20,900 [trainer.py] => ================================================================================
2026-08-04 18:49:20,901 [splitlorav6.py] => Task 0 learning on class 0-20
Traceback (most recent call last):
  File "/home/zll2025/low-rank-cl-main/main.py", line 57, in <module>
    main()
  File "/home/zll2025/low-rank-cl-main/main.py", line 30, in main
    start(args)
  File "/home/zll2025/low-rank-cl-main/trainer.py", line 15, in start
    train(data_manager, model, args)
  File "/home/zll2025/low-rank-cl-main/trainer.py", line 107, in train
    model.incremental_train(data_manager)
  File "/home/zll2025/low-rank-cl-main/methods/splitlorav6.py", line 152, in incremental_train
    self._train(self.train_loader)
  File "/home/zll2025/low-rank-cl-main/methods/splitlorav6.py", line 265, in _train
    self.network.to(self.device)
  File "/home/zll2025/anaconda3/envs/low-rank-cl/lib/python3.9/site-packages/torch/nn/modules/module.py", line 1355, in to
    return self._apply(convert)
  File "/home/zll2025/anaconda3/envs/low-rank-cl/lib/python3.9/site-packages/torch/nn/modules/module.py", line 915, in _apply
    module._apply(fn)
  File "/home/zll2025/anaconda3/envs/low-rank-cl/lib/python3.9/site-packages/torch/nn/modules/module.py", line 915, in _apply
    module._apply(fn)
  File "/home/zll2025/anaconda3/envs/low-rank-cl/lib/python3.9/site-packages/torch/nn/modules/module.py", line 915, in _apply
    module._apply(fn)
  File "/home/zll2025/anaconda3/envs/low-rank-cl/lib/python3.9/site-packages/torch/nn/modules/module.py", line 942, in _apply
    param_applied = fn(param)
  File "/home/zll2025/anaconda3/envs/low-rank-cl/lib/python3.9/site-packages/torch/nn/modules/module.py", line 1341, in convert
    return t.to(
RuntimeError: CUDA error: out of memory
CUDA kernel errors might be asynchronously reported at some other API call, so the stacktrace below might be incorrect.
For debugging consider passing CUDA_LAUNCH_BLOCKING=1
Compile with `TORCH_USE_CUDA_DSA` to enable device-side assertions.

