2026-07-02 01:05:27,713 [toolkit.py] => config: /home/zll2025/low-rank-cl-main/configs/inflora/domain.json
2026-07-02 01:05:27,713 [toolkit.py] => device: [device(type='cuda', index=5)]
2026-07-02 01:05:27,713 [toolkit.py] => debug: False
2026-07-02 01:05:27,713 [toolkit.py] => save_ckp: False
2026-07-02 01:05:27,713 [toolkit.py] => moe_list: None
2026-07-02 01:05:27,713 [toolkit.py] => seed: 1993
2026-07-02 01:05:27,713 [toolkit.py] => dataset: domainnet
2026-07-02 01:05:27,713 [toolkit.py] => data_path: data/domainnet
2026-07-02 01:05:27,713 [toolkit.py] => load: vit_base_patch16_224_in21k
2026-07-02 01:05:27,713 [toolkit.py] => init_cls: 69
2026-07-02 01:05:27,713 [toolkit.py] => increment: 69
2026-07-02 01:05:27,713 [toolkit.py] => sessions: 5
2026-07-02 01:05:27,713 [toolkit.py] => shuffle: False
2026-07-02 01:05:27,713 [toolkit.py] => method: inflora
2026-07-02 01:05:27,713 [toolkit.py] => optimizer: adam
2026-07-02 01:05:27,713 [toolkit.py] => scheduler: cosine
2026-07-02 01:05:27,713 [toolkit.py] => epochs: 5
2026-07-02 01:05:27,713 [toolkit.py] => lrate: 0.0005
2026-07-02 01:05:27,713 [toolkit.py] => weight_decay: 0.0
2026-07-02 01:05:27,713 [toolkit.py] => batch_size: 128
2026-07-02 01:05:27,713 [toolkit.py] => rank: 30
2026-07-02 01:05:27,713 [toolkit.py] => num_workers: 16
2026-07-02 01:05:27,713 [toolkit.py] => lamb: 0.95
2026-07-02 01:05:27,713 [toolkit.py] => lame: 1.0
2026-07-02 01:05:27,713 [toolkit.py] => logdir: logs/inflora/domainnet/t5
2026-07-02 01:05:27,713 [toolkit.py] => logfilename: logs/inflora/domainnet/t5/seed1993
2026-07-02 01:05:27,940 [data_manager.py] => Class index order: 0, 1, 2, 3, 4, ..., 340, 341, 342, 343, 344
2026-07-02 06:17:31,815 [toolkit.py] => config: /home/zll2025/low-rank-cl-main/configs/inflora/domain.json
2026-07-02 06:17:31,830 [toolkit.py] => device: [device(type='cuda', index=5)]
2026-07-02 06:17:31,830 [toolkit.py] => debug: False
2026-07-02 06:17:31,831 [toolkit.py] => save_ckp: False
2026-07-02 06:17:31,831 [toolkit.py] => moe_list: None
2026-07-02 06:17:31,831 [toolkit.py] => seed: 1993
2026-07-02 06:17:31,831 [toolkit.py] => dataset: domainnet
2026-07-02 06:17:31,831 [toolkit.py] => data_path: data/domainnet
2026-07-02 06:17:31,831 [toolkit.py] => load: vit_base_patch16_224_in21k
2026-07-02 06:17:31,831 [toolkit.py] => init_cls: 69
2026-07-02 06:17:31,831 [toolkit.py] => increment: 69
2026-07-02 06:17:31,831 [toolkit.py] => sessions: 5
2026-07-02 06:17:31,831 [toolkit.py] => shuffle: False
2026-07-02 06:17:31,831 [toolkit.py] => method: inflora
2026-07-02 06:17:31,831 [toolkit.py] => optimizer: adam
2026-07-02 06:17:31,831 [toolkit.py] => scheduler: cosine
2026-07-02 06:17:31,831 [toolkit.py] => epochs: 5
2026-07-02 06:17:31,832 [toolkit.py] => lrate: 0.0005
2026-07-02 06:17:31,832 [toolkit.py] => weight_decay: 0.0
2026-07-02 06:17:31,832 [toolkit.py] => batch_size: 128
2026-07-02 06:17:31,832 [toolkit.py] => rank: 30
2026-07-02 06:17:31,832 [toolkit.py] => num_workers: 16
2026-07-02 06:17:31,832 [toolkit.py] => lamb: 0.95
2026-07-02 06:17:31,832 [toolkit.py] => lame: 1.0
2026-07-02 06:17:31,832 [toolkit.py] => lrate_head: 0
2026-07-02 06:17:31,832 [toolkit.py] => logdir: logs/inflora/domainnet/t5
2026-07-02 06:17:31,832 [toolkit.py] => logfilename: logs/inflora/domainnet/t5/seed1993
2026-07-02 06:17:32,053 [data_manager.py] => Class index order: 0, 1, 2, 3, 4, ..., 340, 341, 342, 343, 344
2026-07-02 06:17:40,160 [trainer.py] => ================================================================================
2026-07-02 06:17:40,235 [base.py] => Task 0 learning on class 0-69
2026-07-02 06:17:40,690 [toolkit.py] => Total params:     108,390,828
2026-07-02 06:17:40,690 [toolkit.py] => Trainable params: 606,021
2026-07-02 06:17:40,690 [toolkit.py] => Trainable ratio:  0.5591%
2026-07-02 07:00:26,447 [inflora.py] => Task 0, Epoch 5/5 => Loss 0.536, Train_accy 86.17
2026-07-02 07:04:16,890 [trainer.py] => Training time: 0h 46m 36s
2026-07-02 07:05:13,192 [trainer.py] => Evaluation time: 0h 0m 56s
2026-07-02 07:05:13,192 [trainer.py] => Accuracy: {'total': 87.77, '00-68': 87.77, 'old': 0, 'new': 87.77}
2026-07-02 07:05:13,192 [trainer.py] => (curve) top1 Acc: [87.77]
2026-07-02 07:05:13,192 [trainer.py] => Avergae Acc: 87.77
2026-07-02 07:05:13,192 [trainer.py] => (curve) top1 Acc with task: [87.77]
2026-07-02 07:05:13,192 [trainer.py] => Avergae Acc: 87.77
2026-07-02 07:05:13,192 [trainer.py] => (curve) top1 Acc task: [100.0]
2026-07-02 07:05:13,192 [trainer.py] => Avergae Acc: 100.00
2026-07-02 07:05:13,192 [trainer.py] => ================================================================================
2026-07-02 07:05:13,192 [trainer.py] => ================================================================================
2026-07-02 07:05:13,249 [base.py] => Task 1 learning on class 69-138
2026-07-02 07:05:13,256 [toolkit.py] => Total params:     108,390,828
2026-07-02 07:05:13,256 [toolkit.py] => Trainable params: 606,021
2026-07-02 07:05:13,256 [toolkit.py] => Trainable ratio:  0.5591%
2026-07-02 07:46:31,227 [inflora.py] => Task 1, Epoch 5/5 => Loss 0.554, Train_accy 85.70
2026-07-02 07:50:14,580 [trainer.py] => Training time: 0h 45m 1s
2026-07-02 07:52:03,778 [trainer.py] => Evaluation time: 0h 1m 49s
2026-07-02 07:52:03,778 [trainer.py] => Accuracy: {'total': 82.14, '00-68': 81.55, '69-137': 82.76, 'old': 81.55, 'new': 82.76}
2026-07-02 07:52:03,778 [trainer.py] => (curve) top1 Acc: [87.77, 82.14]
2026-07-02 07:52:03,779 [trainer.py] => Avergae Acc: 84.95
2026-07-02 07:52:03,779 [trainer.py] => (curve) top1 Acc with task: [87.77, 87.26]
2026-07-02 07:52:03,779 [trainer.py] => Avergae Acc: 87.52
2026-07-02 07:52:03,779 [trainer.py] => (curve) top1 Acc task: [100.0, 89.36]
2026-07-02 07:52:03,779 [trainer.py] => Avergae Acc: 94.68
2026-07-02 07:52:03,779 [trainer.py] => ================================================================================
2026-07-02 07:52:03,779 [trainer.py] => ================================================================================
2026-07-02 07:52:03,837 [base.py] => Task 2 learning on class 138-207
2026-07-02 07:52:03,844 [toolkit.py] => Total params:     108,390,828
2026-07-02 07:52:03,844 [toolkit.py] => Trainable params: 606,021
2026-07-02 07:52:03,844 [toolkit.py] => Trainable ratio:  0.5591%
2026-07-02 08:36:39,491 [inflora.py] => Task 2, Epoch 5/5 => Loss 0.606, Train_accy 84.28
2026-07-02 08:40:41,513 [trainer.py] => Training time: 0h 48m 37s
2026-07-02 08:43:27,628 [trainer.py] => Evaluation time: 0h 2m 46s
2026-07-02 08:43:27,628 [trainer.py] => Accuracy: {'total': 78.01, '00-68': 76.44, '69-137': 77.71, '138-206': 79.79, 'old': 77.06, 'new': 79.79}
2026-07-02 08:43:27,628 [trainer.py] => (curve) top1 Acc: [87.77, 82.14, 78.01]
2026-07-02 08:43:27,628 [trainer.py] => Avergae Acc: 82.64
2026-07-02 08:43:27,628 [trainer.py] => (curve) top1 Acc with task: [87.77, 87.26, 86.31]
2026-07-02 08:43:27,628 [trainer.py] => Avergae Acc: 87.11
2026-07-02 08:43:27,628 [trainer.py] => (curve) top1 Acc task: [100.0, 89.36, 83.94]
2026-07-02 08:43:27,628 [trainer.py] => Avergae Acc: 91.10
2026-07-02 08:43:27,629 [trainer.py] => ================================================================================
2026-07-02 08:43:27,629 [trainer.py] => ================================================================================
2026-07-02 08:43:27,687 [base.py] => Task 3 learning on class 207-276
2026-07-02 08:43:27,694 [toolkit.py] => Total params:     108,390,828
2026-07-02 08:43:27,694 [toolkit.py] => Trainable params: 606,021
2026-07-02 08:43:27,694 [toolkit.py] => Trainable ratio:  0.5591%
2026-07-02 09:26:48,213 [inflora.py] => Task 3, Epoch 5/5 => Loss 0.566, Train_accy 85.33
2026-07-02 09:30:44,330 [trainer.py] => Training time: 0h 47m 16s
2026-07-02 09:34:25,538 [trainer.py] => Evaluation time: 0h 3m 41s
2026-07-02 09:34:25,539 [trainer.py] => Accuracy: {'total': 75.15, '00-68': 73.44, '69-137': 74.33, '138-206': 75.52, '207-275': 77.29, 'old': 74.45, 'new': 77.29}
2026-07-02 09:34:25,539 [trainer.py] => (curve) top1 Acc: [87.77, 82.14, 78.01, 75.15]
2026-07-02 09:34:25,539 [trainer.py] => Avergae Acc: 80.77
2026-07-02 09:34:25,539 [trainer.py] => (curve) top1 Acc with task: [87.77, 87.26, 86.31, 86.03]
2026-07-02 09:34:25,539 [trainer.py] => Avergae Acc: 86.84
2026-07-02 09:34:25,539 [trainer.py] => (curve) top1 Acc task: [100.0, 89.36, 83.94, 80.14]
2026-07-02 09:34:25,539 [trainer.py] => Avergae Acc: 88.36
2026-07-02 09:34:25,539 [trainer.py] => ================================================================================
2026-07-02 09:34:25,539 [trainer.py] => ================================================================================
2026-07-02 09:34:25,602 [base.py] => Task 4 learning on class 276-345
2026-07-02 09:34:25,609 [toolkit.py] => Total params:     108,390,828
2026-07-02 09:34:25,609 [toolkit.py] => Trainable params: 606,021
2026-07-02 09:34:25,609 [toolkit.py] => Trainable ratio:  0.5591%
2026-07-02 10:16:51,348 [inflora.py] => Task 4, Epoch 5/5 => Loss 0.557, Train_accy 85.39
2026-07-02 10:20:41,302 [trainer.py] => Training time: 0h 46m 15s
2026-07-02 10:25:17,093 [trainer.py] => Evaluation time: 0h 4m 35s
2026-07-02 10:25:17,093 [trainer.py] => Accuracy: {'total': 72.64, '00-68': 70.7, '69-137': 71.36, '138-206': 72.99, '207-275': 73.95, '276-344': 74.2, 'old': 72.26, 'new': 74.2}
2026-07-02 10:25:17,094 [trainer.py] => (curve) top1 Acc: [87.77, 82.14, 78.01, 75.15, 72.64]
2026-07-02 10:25:17,094 [trainer.py] => Avergae Acc: 79.14
2026-07-02 10:25:17,094 [trainer.py] => (curve) top1 Acc with task: [87.77, 87.26, 86.31, 86.03, 85.93]
2026-07-02 10:25:17,094 [trainer.py] => Avergae Acc: 86.66
2026-07-02 10:25:17,094 [trainer.py] => (curve) top1 Acc task: [100.0, 89.36, 83.94, 80.14, 76.77]
2026-07-02 10:25:17,094 [trainer.py] => Avergae Acc: 86.04
2026-07-02 10:25:17,094 [trainer.py] => ================================================================================
2026-07-26 03:58:26,705 [toolkit.py] => config: configs/inflora/domain.json
2026-07-26 03:58:26,716 [toolkit.py] => device: [device(type='cuda', index=2)]
2026-07-26 03:58:26,716 [toolkit.py] => debug: False
2026-07-26 03:58:26,716 [toolkit.py] => save_ckp: False
2026-07-26 03:58:26,716 [toolkit.py] => moe_list: None
2026-07-26 03:58:26,716 [toolkit.py] => seed: 1993
2026-07-26 03:58:26,716 [toolkit.py] => dataset: domainnet
2026-07-26 03:58:26,716 [toolkit.py] => data_path: data/domainnet
2026-07-26 03:58:26,716 [toolkit.py] => load: vit_base_patch16_224_in21k
2026-07-26 03:58:26,716 [toolkit.py] => init_cls: 69
2026-07-26 03:58:26,717 [toolkit.py] => increment: 69
2026-07-26 03:58:26,717 [toolkit.py] => sessions: 5
2026-07-26 03:58:26,717 [toolkit.py] => shuffle: False
2026-07-26 03:58:26,717 [toolkit.py] => method: inflora
2026-07-26 03:58:26,717 [toolkit.py] => optimizer: adam
2026-07-26 03:58:26,717 [toolkit.py] => scheduler: cosine
2026-07-26 03:58:26,717 [toolkit.py] => epochs: 10
2026-07-26 03:58:26,717 [toolkit.py] => lrate: 0.0005
2026-07-26 03:58:26,717 [toolkit.py] => weight_decay: 0.0
2026-07-26 03:58:26,717 [toolkit.py] => batch_size: 128
2026-07-26 03:58:26,717 [toolkit.py] => rank: 30
2026-07-26 03:58:26,717 [toolkit.py] => num_workers: 16
2026-07-26 03:58:26,717 [toolkit.py] => lamb: 0.95
2026-07-26 03:58:26,717 [toolkit.py] => lame: 1.0
2026-07-26 03:58:26,717 [toolkit.py] => lrate_head: 0
2026-07-26 03:58:26,717 [toolkit.py] => logdir: logs/inflora/domainnet/t5
2026-07-26 03:58:26,717 [toolkit.py] => logfilename: logs/inflora/domainnet/t5/seed1993
2026-07-26 03:58:26,934 [data_manager.py] => Class index order: 0, 1, 2, 3, 4, ..., 340, 341, 342, 343, 344
2026-07-26 03:58:32,625 [trainer.py] => ================================================================================
2026-07-26 03:58:32,699 [base.py] => Task 0 learning on class 0-69
2026-07-26 03:58:33,210 [toolkit.py] => Total params:     108,390,828
2026-07-26 03:58:33,210 [toolkit.py] => Trainable params: 606,021
2026-07-26 03:58:33,210 [toolkit.py] => Trainable ratio:  0.5591%
2026-07-26 05:20:41,555 [inflora.py] => Task 0, Epoch 10/10 => Loss 0.439, Train_accy 88.44
2026-07-26 05:24:36,245 [trainer.py] => Training time: 1h 26m 3s
2026-07-26 05:25:32,402 [trainer.py] => Evaluation time: 0h 0m 56s
2026-07-26 05:25:32,402 [trainer.py] => Accuracy: {'total': 87.84, '00-68': 87.84, 'old': 0, 'new': 87.84}
2026-07-26 05:25:32,402 [trainer.py] => (curve) top1 Acc: [87.84]
2026-07-26 05:25:32,403 [trainer.py] => Avergae Acc: 87.84
2026-07-26 05:25:32,403 [trainer.py] => (curve) top1 Acc with task: [87.84]
2026-07-26 05:25:32,403 [trainer.py] => Avergae Acc: 87.84
2026-07-26 05:25:32,403 [trainer.py] => (curve) top1 Acc task: [100.0]
2026-07-26 05:25:32,403 [trainer.py] => Avergae Acc: 100.00
2026-07-26 05:25:32,403 [trainer.py] => ================================================================================
2026-07-26 05:25:32,403 [trainer.py] => ================================================================================
2026-07-26 05:25:32,465 [base.py] => Task 1 learning on class 69-138
2026-07-26 05:25:32,472 [toolkit.py] => Total params:     108,390,828
2026-07-26 05:25:32,472 [toolkit.py] => Trainable params: 606,021
2026-07-26 05:25:32,472 [toolkit.py] => Trainable ratio:  0.5591%
2026-07-26 06:44:55,157 [inflora.py] => Task 1, Epoch 10/10 => Loss 0.469, Train_accy 87.72
2026-07-26 06:48:41,429 [trainer.py] => Training time: 1h 23m 9s
2026-07-26 06:50:31,213 [trainer.py] => Evaluation time: 0h 1m 49s
2026-07-26 06:50:31,213 [trainer.py] => Accuracy: {'total': 82.01, '00-68': 81.15, '69-137': 82.91, 'old': 81.15, 'new': 82.91}
2026-07-26 06:50:31,214 [trainer.py] => (curve) top1 Acc: [87.84, 82.01]
2026-07-26 06:50:31,214 [trainer.py] => Avergae Acc: 84.93
2026-07-26 06:50:31,214 [trainer.py] => (curve) top1 Acc with task: [87.84, 87.22]
2026-07-26 06:50:31,214 [trainer.py] => Avergae Acc: 87.53
2026-07-26 06:50:31,214 [trainer.py] => (curve) top1 Acc task: [100.0, 89.43]
2026-07-26 06:50:31,214 [trainer.py] => Avergae Acc: 94.72
2026-07-26 06:50:31,214 [trainer.py] => ================================================================================
2026-07-26 06:50:31,214 [trainer.py] => ================================================================================
2026-07-26 06:50:31,282 [base.py] => Task 2 learning on class 138-207
2026-07-26 06:50:31,289 [toolkit.py] => Total params:     108,390,828
2026-07-26 06:50:31,289 [toolkit.py] => Trainable params: 606,021
2026-07-26 06:50:31,289 [toolkit.py] => Trainable ratio:  0.5591%
2026-07-26 08:16:13,715 [inflora.py] => Task 2, Epoch 10/10 => Loss 0.523, Train_accy 86.20
2026-07-26 08:20:20,667 [trainer.py] => Training time: 1h 29m 49s
2026-07-26 08:23:07,010 [trainer.py] => Evaluation time: 0h 2m 46s
2026-07-26 08:23:07,010 [trainer.py] => Accuracy: {'total': 77.62, '00-68': 75.71, '69-137': 76.96, '138-206': 80.07, 'old': 76.32, 'new': 80.07}
2026-07-26 08:23:07,010 [trainer.py] => (curve) top1 Acc: [87.84, 82.01, 77.62]
2026-07-26 08:23:07,010 [trainer.py] => Avergae Acc: 82.49
2026-07-26 08:23:07,010 [trainer.py] => (curve) top1 Acc with task: [87.84, 87.22, 86.14]
2026-07-26 08:23:07,010 [trainer.py] => Avergae Acc: 87.07
2026-07-26 08:23:07,010 [trainer.py] => (curve) top1 Acc task: [100.0, 89.43, 83.6]
2026-07-26 08:23:07,010 [trainer.py] => Avergae Acc: 91.01
2026-07-26 08:23:07,010 [trainer.py] => ================================================================================
2026-07-26 08:23:07,010 [trainer.py] => ================================================================================
2026-07-26 08:23:07,068 [base.py] => Task 3 learning on class 207-276
2026-07-26 08:23:07,075 [toolkit.py] => Total params:     108,390,828
2026-07-26 08:23:07,075 [toolkit.py] => Trainable params: 606,021
2026-07-26 08:23:07,075 [toolkit.py] => Trainable ratio:  0.5591%
2026-07-26 09:46:14,018 [inflora.py] => Task 3, Epoch 10/10 => Loss 0.487, Train_accy 87.30
2026-07-26 09:50:11,194 [trainer.py] => Training time: 1h 27m 4s
2026-07-26 09:53:54,312 [trainer.py] => Evaluation time: 0h 3m 43s
2026-07-26 09:53:54,313 [trainer.py] => Accuracy: {'total': 74.5, '00-68': 72.17, '69-137': 73.33, '138-206': 75.11, '207-275': 77.34, 'old': 73.56, 'new': 77.34}
2026-07-26 09:53:54,313 [trainer.py] => (curve) top1 Acc: [87.84, 82.01, 77.62, 74.5]
2026-07-26 09:53:54,313 [trainer.py] => Avergae Acc: 80.49
2026-07-26 09:53:54,313 [trainer.py] => (curve) top1 Acc with task: [87.84, 87.22, 86.14, 85.88]
2026-07-26 09:53:54,313 [trainer.py] => Avergae Acc: 86.77
2026-07-26 09:53:54,313 [trainer.py] => (curve) top1 Acc task: [100.0, 89.43, 83.6, 79.58]
2026-07-26 09:53:54,313 [trainer.py] => Avergae Acc: 88.15
2026-07-26 09:53:54,313 [trainer.py] => ================================================================================
2026-07-26 09:53:54,313 [trainer.py] => ================================================================================
2026-07-26 09:53:54,373 [base.py] => Task 4 learning on class 276-345
2026-07-26 09:53:54,380 [toolkit.py] => Total params:     108,390,828
2026-07-26 09:53:54,380 [toolkit.py] => Trainable params: 606,021
2026-07-26 09:53:54,380 [toolkit.py] => Trainable ratio:  0.5591%
2026-07-26 11:19:32,394 [inflora.py] => Task 4, Epoch 10/10 => Loss 0.486, Train_accy 87.17
2026-07-26 11:23:55,266 [trainer.py] => Training time: 1h 30m 0s
2026-07-26 11:29:01,601 [trainer.py] => Evaluation time: 0h 5m 6s
2026-07-26 11:29:01,601 [trainer.py] => Accuracy: {'total': 71.9, '00-68': 68.84, '69-137': 69.74, '138-206': 71.94, '207-275': 73.87, '276-344': 75.1, 'old': 71.11, 'new': 75.1}
2026-07-26 11:29:01,601 [trainer.py] => (curve) top1 Acc: [87.84, 82.01, 77.62, 74.5, 71.9]
2026-07-26 11:29:01,601 [trainer.py] => Avergae Acc: 78.77
2026-07-26 11:29:01,601 [trainer.py] => (curve) top1 Acc with task: [87.84, 87.22, 86.14, 85.88, 85.64]
2026-07-26 11:29:01,602 [trainer.py] => Avergae Acc: 86.54
2026-07-26 11:29:01,602 [trainer.py] => (curve) top1 Acc task: [100.0, 89.43, 83.6, 79.58, 76.06]
2026-07-26 11:29:01,602 [trainer.py] => Avergae Acc: 85.73
2026-07-26 11:29:01,602 [trainer.py] => ================================================================================
2026-08-28 09:24:23,738 [toolkit.py] => config: configs/inflora/domain_seed=1993.json
2026-08-28 09:24:23,759 [toolkit.py] => device: [device(type='cuda', index=5)]
2026-08-28 09:24:23,759 [toolkit.py] => debug: False
2026-08-28 09:24:23,759 [toolkit.py] => save_ckp: False
2026-08-28 09:24:23,759 [toolkit.py] => moe_list: None
2026-08-28 09:24:23,759 [toolkit.py] => seed: 1993
2026-08-28 09:24:23,759 [toolkit.py] => dataset: domainnet
2026-08-28 09:24:23,759 [toolkit.py] => data_path: data/domainnet
2026-08-28 09:24:23,760 [toolkit.py] => load: vit_base_patch16_224_in21k
2026-08-28 09:24:23,760 [toolkit.py] => init_cls: 69
2026-08-28 09:24:23,760 [toolkit.py] => increment: 69
2026-08-28 09:24:23,760 [toolkit.py] => sessions: 5
2026-08-28 09:24:23,760 [toolkit.py] => shuffle: False
2026-08-28 09:24:23,760 [toolkit.py] => method: inflora
2026-08-28 09:24:23,760 [toolkit.py] => optimizer: adam
2026-08-28 09:24:23,760 [toolkit.py] => scheduler: cosine
2026-08-28 09:24:23,760 [toolkit.py] => epochs: 5
2026-08-28 09:24:23,760 [toolkit.py] => lrate: 0.0005
2026-08-28 09:24:23,760 [toolkit.py] => weight_decay: 0.0
2026-08-28 09:24:23,760 [toolkit.py] => batch_size: 128
2026-08-28 09:24:23,760 [toolkit.py] => rank: 30
2026-08-28 09:24:23,760 [toolkit.py] => num_workers: 16
2026-08-28 09:24:23,760 [toolkit.py] => lamb: 0.95
2026-08-28 09:24:23,760 [toolkit.py] => lame: 1.0
2026-08-28 09:24:23,760 [toolkit.py] => lrate_head: 0
2026-08-28 09:24:23,760 [toolkit.py] => R: 0.5
2026-08-28 09:24:23,760 [toolkit.py] => logdir: logs/inflora/domainnet/t5
2026-08-28 09:24:23,760 [toolkit.py] => logfilename: logs/inflora/domainnet/t5/seed1993
2026-08-28 09:24:24,043 [data_manager.py] => Class index order: 0, 1, 2, 3, 4, ..., 340, 341, 342, 343, 344
2026-08-28 09:24:26,509 [trainer.py] => ================================================================================
2026-08-28 09:24:26,509 [trainer.py] => Dataset Information
2026-08-28 09:24:26,509 [trainer.py] => ================================================================================
2026-08-28 09:24:26,509 [trainer.py] =>   Dataset name     : domainnet
2026-08-28 09:24:26,509 [trainer.py] =>   Data path        : data/domainnet
2026-08-28 09:24:26,509 [trainer.py] =>   Total classes    : 345
2026-08-28 09:24:26,509 [trainer.py] =>   Total tasks      : 5
2026-08-28 09:24:26,509 [trainer.py] =>   Task increments  : [69, 69, 69, 69, 69]
2026-08-28 09:24:26,509 [trainer.py] =>   Init classes     : 69
2026-08-28 09:24:26,509 [trainer.py] =>   Increment per task: 69
2026-08-28 09:24:26,509 [trainer.py] =>   Shuffle          : False
2026-08-28 09:24:26,509 [trainer.py] =>   Seed             : 1993
2026-08-28 09:24:26,509 [trainer.py] => --------------------------------------------------------------------------------
2026-08-28 09:24:26,510 [trainer.py] => Task split:
2026-08-28 09:24:26,574 [trainer.py] =>   Task 0: classes 0-68 (69 classes) | Train: 67628 images (265 batches), Test: 17009 images (67 batches)
2026-08-28 09:24:26,633 [trainer.py] =>   Task 1: classes 69-137 (69 classes) | Train: 65335 images (256 batches), Test: 16374 images (64 batches)
2026-08-28 09:24:26,693 [trainer.py] =>   Task 2: classes 138-206 (69 classes) | Train: 70512 images (276 batches), Test: 17747 images (70 batches)
2026-08-28 09:24:26,752 [trainer.py] =>   Task 3: classes 207-275 (69 classes) | Train: 68362 images (268 batches), Test: 16831 images (66 batches)
2026-08-28 09:24:26,810 [trainer.py] =>   Task 4: classes 276-344 (69 classes) | Train: 66967 images (262 batches), Test: 16741 images (66 batches)
2026-08-28 09:24:26,810 [trainer.py] => ================================================================================
2026-08-28 09:24:26,810 [trainer.py] => ================================================================================
2026-08-28 12:12:03,944 [toolkit.py] => config: configs/inflora/domain_seed=1993.json
2026-08-28 12:12:03,944 [toolkit.py] => device: [device(type='cuda', index=5)]
2026-08-28 12:12:03,944 [toolkit.py] => debug: False
2026-08-28 12:12:03,944 [toolkit.py] => save_ckp: False
2026-08-28 12:12:03,945 [toolkit.py] => moe_list: None
2026-08-28 12:12:03,945 [toolkit.py] => seed: 1993
2026-08-28 12:12:03,945 [toolkit.py] => dataset: domainnet
2026-08-28 12:12:03,945 [toolkit.py] => data_path: data/domainnet
2026-08-28 12:12:03,945 [toolkit.py] => load: vit_base_patch16_224_in21k
2026-08-28 12:12:03,945 [toolkit.py] => init_cls: 69
2026-08-28 12:12:03,945 [toolkit.py] => increment: 69
2026-08-28 12:12:03,945 [toolkit.py] => sessions: 5
2026-08-28 12:12:03,945 [toolkit.py] => shuffle: False
2026-08-28 12:12:03,945 [toolkit.py] => method: inflora
2026-08-28 12:12:03,945 [toolkit.py] => optimizer: adam
2026-08-28 12:12:03,945 [toolkit.py] => scheduler: cosine
2026-08-28 12:12:03,945 [toolkit.py] => epochs: 5
2026-08-28 12:12:03,945 [toolkit.py] => lrate: 0.0005
2026-08-28 12:12:03,945 [toolkit.py] => weight_decay: 0.0
2026-08-28 12:12:03,945 [toolkit.py] => batch_size: 128
2026-08-28 12:12:03,945 [toolkit.py] => rank: 30
2026-08-28 12:12:03,945 [toolkit.py] => num_workers: 16
2026-08-28 12:12:03,945 [toolkit.py] => lamb: 0.95
2026-08-28 12:12:03,945 [toolkit.py] => lame: 1.0
2026-08-28 12:12:03,945 [toolkit.py] => lrate_head: 0
2026-08-28 12:12:03,945 [toolkit.py] => R: 0.5
2026-08-28 12:12:03,945 [toolkit.py] => logdir: logs/inflora/domainnet/t5
2026-08-28 12:12:03,945 [toolkit.py] => logfilename: logs/inflora/domainnet/t5/seed1993
2026-08-28 12:12:04,263 [data_manager.py] => Class index order: 0, 1, 2, 3, 4, ..., 340, 341, 342, 343, 344
2026-08-28 12:12:15,323 [trainer.py] => ================================================================================
2026-08-28 12:12:15,324 [trainer.py] => Dataset Information
2026-08-28 12:12:15,324 [trainer.py] => ================================================================================
2026-08-28 12:12:15,324 [trainer.py] =>   Dataset name     : domainnet
2026-08-28 12:12:15,324 [trainer.py] =>   Data path        : data/domainnet
2026-08-28 12:12:15,324 [trainer.py] =>   Total classes    : 345
2026-08-28 12:12:15,324 [trainer.py] =>   Total tasks      : 5
2026-08-28 12:12:15,324 [trainer.py] =>   Task increments  : [69, 69, 69, 69, 69]
2026-08-28 12:12:15,324 [trainer.py] =>   Init classes     : 69
2026-08-28 12:12:15,324 [trainer.py] =>   Increment per task: 69
2026-08-28 12:12:15,324 [trainer.py] =>   Shuffle          : False
2026-08-28 12:12:15,324 [trainer.py] =>   Seed             : 1993
2026-08-28 12:12:15,324 [trainer.py] => --------------------------------------------------------------------------------
2026-08-28 12:12:15,324 [trainer.py] => Task split:
2026-08-28 12:12:15,439 [trainer.py] =>   Task 0: classes 0-68 (69 classes) | Train: 67628 images (265 batches), Test: 17009 images (67 batches)
2026-08-28 12:12:15,515 [trainer.py] =>   Task 1: classes 69-137 (69 classes) | Train: 65335 images (256 batches), Test: 16374 images (64 batches)
2026-08-28 12:12:15,589 [trainer.py] =>   Task 2: classes 138-206 (69 classes) | Train: 70512 images (276 batches), Test: 17747 images (70 batches)
2026-08-28 12:12:15,657 [trainer.py] =>   Task 3: classes 207-275 (69 classes) | Train: 68362 images (268 batches), Test: 16831 images (66 batches)
2026-08-28 12:12:15,731 [trainer.py] =>   Task 4: classes 276-344 (69 classes) | Train: 66967 images (262 batches), Test: 16741 images (66 batches)
2026-08-28 12:12:15,731 [trainer.py] => ================================================================================
2026-08-28 12:12:15,731 [trainer.py] => ================================================================================
2026-08-28 12:12:15,788 [base.py] => Task 0 learning on class 0-69
2026-08-28 12:12:16,351 [toolkit.py] => Total params:     108,390,828
2026-08-28 12:12:16,351 [toolkit.py] => Trainable params: 606,021
2026-08-28 12:12:16,351 [toolkit.py] => Trainable ratio:  0.5591%
2026-08-28 12:57:07,397 [inflora.py] => Task 0, Epoch 5/5 => Loss 0.536, Train_accy 86.17
2026-08-28 13:01:25,314 [trainer.py] => Training time: 0h 49m 9s
2026-08-28 13:02:23,623 [trainer.py] => Evaluation time: 0h 0m 58s
2026-08-28 13:02:23,623 [trainer.py] => Accuracy: {'total': 87.77, '00-68': 87.77, 'old': 0, 'new': 87.77}
2026-08-28 13:02:23,623 [trainer.py] => (curve) top1 Acc: [87.77]
2026-08-28 13:02:23,624 [trainer.py] => Avergae Acc: 87.77
2026-08-28 13:02:23,624 [trainer.py] => (curve) top1 Acc with task: [87.77]
2026-08-28 13:02:23,624 [trainer.py] => Avergae Acc: 87.77
2026-08-28 13:02:23,624 [trainer.py] => (curve) top1 Acc task: [100.0]
2026-08-28 13:02:23,624 [trainer.py] => Avergae Acc: 100.00
2026-08-28 13:02:23,624 [trainer.py] => ================================================================================
2026-08-28 13:02:23,624 [trainer.py] => ================================================================================
2026-08-28 13:02:23,687 [base.py] => Task 1 learning on class 69-138
2026-08-28 13:02:23,695 [toolkit.py] => Total params:     108,390,828
2026-08-28 13:02:23,695 [toolkit.py] => Trainable params: 606,021
2026-08-28 13:02:23,695 [toolkit.py] => Trainable ratio:  0.5591%
2026-08-28 13:47:20,940 [inflora.py] => Task 1, Epoch 5/5 => Loss 0.554, Train_accy 85.70
2026-08-28 13:51:13,100 [trainer.py] => Training time: 0h 48m 49s
2026-08-28 13:53:02,370 [trainer.py] => Evaluation time: 0h 1m 49s
2026-08-28 13:53:02,370 [trainer.py] => Accuracy: {'total': 82.14, '00-68': 81.55, '69-137': 82.76, 'old': 81.55, 'new': 82.76}
2026-08-28 13:53:02,370 [trainer.py] => (curve) top1 Acc: [87.77, 82.14]
2026-08-28 13:53:02,371 [trainer.py] => Avergae Acc: 84.95
2026-08-28 13:53:02,371 [trainer.py] => (curve) top1 Acc with task: [87.77, 87.26]
2026-08-28 13:53:02,371 [trainer.py] => Avergae Acc: 87.52
2026-08-28 13:53:02,371 [trainer.py] => (curve) top1 Acc task: [100.0, 89.36]
2026-08-28 13:53:02,371 [trainer.py] => Avergae Acc: 94.68
2026-08-28 13:53:02,371 [trainer.py] => ================================================================================
2026-08-28 13:53:02,371 [trainer.py] => ================================================================================
2026-08-28 13:53:02,436 [base.py] => Task 2 learning on class 138-207
2026-08-28 13:53:02,443 [toolkit.py] => Total params:     108,390,828
2026-08-28 13:53:02,443 [toolkit.py] => Trainable params: 606,021
2026-08-28 13:53:02,443 [toolkit.py] => Trainable ratio:  0.5591%
2026-08-28 14:38:00,787 [inflora.py] => Task 2, Epoch 5/5 => Loss 0.606, Train_accy 84.28
2026-08-28 14:42:50,778 [trainer.py] => Training time: 0h 49m 48s
2026-08-28 14:45:39,772 [trainer.py] => Evaluation time: 0h 2m 48s
2026-08-28 14:45:39,773 [trainer.py] => Accuracy: {'total': 78.01, '00-68': 76.44, '69-137': 77.71, '138-206': 79.79, 'old': 77.06, 'new': 79.79}
2026-08-28 14:45:39,773 [trainer.py] => (curve) top1 Acc: [87.77, 82.14, 78.01]
2026-08-28 14:45:39,773 [trainer.py] => Avergae Acc: 82.64
2026-08-28 14:45:39,773 [trainer.py] => (curve) top1 Acc with task: [87.77, 87.26, 86.31]
2026-08-28 14:45:39,773 [trainer.py] => Avergae Acc: 87.11
2026-08-28 14:45:39,773 [trainer.py] => (curve) top1 Acc task: [100.0, 89.36, 83.94]
2026-08-28 14:45:39,773 [trainer.py] => Avergae Acc: 91.10
2026-08-28 14:45:39,773 [trainer.py] => ================================================================================
2026-08-28 14:45:39,773 [trainer.py] => ================================================================================
2026-08-28 14:45:39,830 [base.py] => Task 3 learning on class 207-276
2026-08-28 14:45:39,837 [toolkit.py] => Total params:     108,390,828
2026-08-28 14:45:39,837 [toolkit.py] => Trainable params: 606,021
2026-08-28 14:45:39,837 [toolkit.py] => Trainable ratio:  0.5591%
2026-08-28 15:29:18,127 [inflora.py] => Task 3, Epoch 5/5 => Loss 0.566, Train_accy 85.33
2026-08-28 15:38:23,740 [trainer.py] => Training time: 0h 52m 43s
2026-08-28 15:42:04,730 [trainer.py] => Evaluation time: 0h 3m 40s
2026-08-28 15:42:04,730 [trainer.py] => Accuracy: {'total': 75.15, '00-68': 73.44, '69-137': 74.33, '138-206': 75.52, '207-275': 77.29, 'old': 74.45, 'new': 77.29}
2026-08-28 15:42:04,730 [trainer.py] => (curve) top1 Acc: [87.77, 82.14, 78.01, 75.15]
2026-08-28 15:42:04,731 [trainer.py] => Avergae Acc: 80.77
2026-08-28 15:42:04,731 [trainer.py] => (curve) top1 Acc with task: [87.77, 87.26, 86.31, 86.03]
2026-08-28 15:42:04,731 [trainer.py] => Avergae Acc: 86.84
2026-08-28 15:42:04,731 [trainer.py] => (curve) top1 Acc task: [100.0, 89.36, 83.94, 80.14]
2026-08-28 15:42:04,731 [trainer.py] => Avergae Acc: 88.36
2026-08-28 15:42:04,731 [trainer.py] => ================================================================================
2026-08-28 15:42:04,731 [trainer.py] => ================================================================================
2026-08-28 15:42:04,797 [base.py] => Task 4 learning on class 276-345
2026-08-28 15:42:04,804 [toolkit.py] => Total params:     108,390,828
2026-08-28 15:42:04,804 [toolkit.py] => Trainable params: 606,021
2026-08-28 15:42:04,804 [toolkit.py] => Trainable ratio:  0.5591%
2026-08-28 16:25:11,409 [inflora.py] => Task 4, Epoch 5/5 => Loss 0.557, Train_accy 85.39
2026-08-28 16:29:13,779 [trainer.py] => Training time: 0h 47m 9s
2026-08-28 16:34:00,256 [trainer.py] => Evaluation time: 0h 4m 46s
2026-08-28 16:34:00,256 [trainer.py] => Accuracy: {'total': 72.64, '00-68': 70.7, '69-137': 71.36, '138-206': 72.99, '207-275': 73.95, '276-344': 74.2, 'old': 72.26, 'new': 74.2}
2026-08-28 16:34:00,256 [trainer.py] => (curve) top1 Acc: [87.77, 82.14, 78.01, 75.15, 72.64]
2026-08-28 16:34:00,256 [trainer.py] => Avergae Acc: 79.14
2026-08-28 16:34:00,256 [trainer.py] => (curve) top1 Acc with task: [87.77, 87.26, 86.31, 86.03, 85.93]
2026-08-28 16:34:00,257 [trainer.py] => Avergae Acc: 86.66
2026-08-28 16:34:00,257 [trainer.py] => (curve) top1 Acc task: [100.0, 89.36, 83.94, 80.14, 76.77]
2026-08-28 16:34:00,257 [trainer.py] => Avergae Acc: 86.04
2026-08-28 16:34:00,257 [trainer.py] => ================================================================================
