2026-07-01 00:43:27,807 [toolkit.py] => config: /home/zll2025/low-rank-cl-main/configs/ewclora/imagenet-a.json
2026-07-01 00:43:27,807 [toolkit.py] => device: [device(type='cuda', index=5)]
2026-07-01 00:43:27,807 [toolkit.py] => debug: False
2026-07-01 00:43:27,807 [toolkit.py] => save_ckp: False
2026-07-01 00:43:27,807 [toolkit.py] => moe_list: None
2026-07-01 00:43:27,807 [toolkit.py] => seed: 1993
2026-07-01 00:43:27,807 [toolkit.py] => dataset: imagenet-a
2026-07-01 00:43:27,807 [toolkit.py] => data_path: data/imagenet-a
2026-07-01 00:43:27,807 [toolkit.py] => load: vit_base_patch16_224_in21k
2026-07-01 00:43:27,807 [toolkit.py] => init_cls: 20
2026-07-01 00:43:27,807 [toolkit.py] => increment: 20
2026-07-01 00:43:27,807 [toolkit.py] => sessions: 10
2026-07-01 00:43:27,807 [toolkit.py] => shuffle: False
2026-07-01 00:43:27,807 [toolkit.py] => method: ewclora
2026-07-01 00:43:27,807 [toolkit.py] => optimizer: adam
2026-07-01 00:43:27,807 [toolkit.py] => scheduler: cosine
2026-07-01 00:43:27,807 [toolkit.py] => epochs: 20
2026-07-01 00:43:27,807 [toolkit.py] => lrate: 0.0005
2026-07-01 00:43:27,807 [toolkit.py] => fc_lrate: 0.005
2026-07-01 00:43:27,807 [toolkit.py] => weight_decay: 0.0
2026-07-01 00:43:27,807 [toolkit.py] => batch_size: 128
2026-07-01 00:43:27,808 [toolkit.py] => rank: 10
2026-07-01 00:43:27,808 [toolkit.py] => num_workers: 16
2026-07-01 00:43:27,808 [toolkit.py] => gamma: 0.9
2026-07-01 00:43:27,808 [toolkit.py] => lambda: 10000000.0
2026-07-01 00:43:27,808 [toolkit.py] => lrate_head: 0
2026-07-01 00:43:27,808 [toolkit.py] => logdir: logs/ewclora/imagenet-a/t10
2026-07-01 00:43:27,808 [toolkit.py] => logfilename: logs/ewclora/imagenet-a/t10/seed1993
2026-07-01 00:43:27,834 [data_manager.py] => Class index order: 0, 1, 2, 3, 4, ..., 195, 196, 197, 198, 199
2026-07-01 00:43:29,999 [trainer.py] => ================================================================================
2026-07-01 00:43:30,001 [base.py] => Task 0 learning on class 0-20
2026-07-01 00:43:30,460 [toolkit.py] => Total params:     103,487,003
2026-07-01 00:43:30,460 [toolkit.py] => Trainable params: 384,020
2026-07-01 00:43:30,460 [toolkit.py] => Trainable ratio:  0.3711%
2026-07-01 00:47:29,820 [ewclora.py] => Task 0, Epoch 20/20 => Loss 0.206, Train_accy 93.70
2026-07-01 00:47:29,821 [trainer.py] => Training time: 0h 3m 59s
2026-07-01 00:47:32,060 [trainer.py] => Evaluation time: 0h 0m 2s
2026-07-01 00:47:43,880 [trainer.py] => Accuracy: {'total': 84.66, '00-19': 84.66, 'old': 0, 'new': 84.66}
2026-07-01 00:47:43,880 [trainer.py] => (curve) top1 Acc: [84.66]
2026-07-01 00:47:43,881 [trainer.py] => Avergae Acc: 84.66
2026-07-01 00:47:43,881 [trainer.py] => (curve) top1 Acc with task: [84.66]
2026-07-01 00:47:43,881 [trainer.py] => Avergae Acc: 84.66
2026-07-01 00:47:43,881 [trainer.py] => (curve) top1 Acc task: [100.0]
2026-07-01 00:47:43,881 [trainer.py] => Avergae Acc: 100.00
2026-07-01 00:47:43,881 [trainer.py] => ================================================================================
2026-07-01 00:47:43,881 [trainer.py] => ================================================================================
2026-07-01 00:47:43,882 [base.py] => Task 1 learning on class 20-40
2026-07-01 00:47:43,886 [toolkit.py] => Total params:     103,487,003
2026-07-01 00:47:43,886 [toolkit.py] => Trainable params: 384,020
2026-07-01 00:47:43,886 [toolkit.py] => Trainable ratio:  0.3711%
2026-07-01 00:50:59,073 [ewclora.py] => Task 1, Epoch 20/20 => Loss 0.162, Train_accy 96.00
2026-07-01 00:50:59,074 [trainer.py] => Training time: 0h 3m 15s
2026-07-01 00:51:02,205 [trainer.py] => Evaluation time: 0h 0m 3s
2026-07-01 00:51:11,361 [trainer.py] => Accuracy: {'total': 78.19, '00-19': 80.19, '20-39': 75.7, 'old': 80.19, 'new': 75.7}
2026-07-01 00:51:11,361 [trainer.py] => (curve) top1 Acc: [84.66, 78.19]
2026-07-01 00:51:11,361 [trainer.py] => Avergae Acc: 81.42
2026-07-01 00:51:11,361 [trainer.py] => (curve) top1 Acc with task: [84.66, 84.93]
2026-07-01 00:51:11,361 [trainer.py] => Avergae Acc: 84.80
2026-07-01 00:51:11,361 [trainer.py] => (curve) top1 Acc task: [100.0, 86.7]
2026-07-01 00:51:11,361 [trainer.py] => Avergae Acc: 93.35
2026-07-01 00:51:11,361 [trainer.py] => ================================================================================
2026-07-01 00:51:11,361 [trainer.py] => ================================================================================
2026-07-01 00:51:11,362 [base.py] => Task 2 learning on class 40-60
2026-07-01 00:51:11,366 [toolkit.py] => Total params:     103,487,003
2026-07-01 00:51:11,367 [toolkit.py] => Trainable params: 384,020
2026-07-01 00:51:11,367 [toolkit.py] => Trainable ratio:  0.3711%
2026-07-01 00:54:26,652 [ewclora.py] => Task 2, Epoch 20/20 => Loss 0.230, Train_accy 93.00
2026-07-01 00:54:26,653 [trainer.py] => Training time: 0h 3m 15s
2026-07-01 00:54:30,660 [trainer.py] => Evaluation time: 0h 0m 4s
2026-07-01 00:54:39,805 [trainer.py] => Accuracy: {'total': 69.57, '00-19': 74.44, '20-39': 73.71, '40-59': 59.36, 'old': 74.11, 'new': 59.36}
2026-07-01 00:54:39,805 [trainer.py] => (curve) top1 Acc: [84.66, 78.19, 69.57]
2026-07-01 00:54:39,806 [trainer.py] => Avergae Acc: 77.47
2026-07-01 00:54:39,806 [trainer.py] => (curve) top1 Acc with task: [84.66, 84.93, 80.74]
2026-07-01 00:54:39,806 [trainer.py] => Avergae Acc: 83.44
2026-07-01 00:54:39,806 [trainer.py] => (curve) top1 Acc task: [100.0, 86.7, 79.02]
2026-07-01 00:54:39,806 [trainer.py] => Avergae Acc: 88.57
2026-07-01 00:54:39,806 [trainer.py] => ================================================================================
2026-07-01 00:54:39,806 [trainer.py] => ================================================================================
2026-07-01 00:54:39,807 [base.py] => Task 3 learning on class 60-80
2026-07-01 00:54:39,811 [toolkit.py] => Total params:     103,487,003
2026-07-01 00:54:39,811 [toolkit.py] => Trainable params: 384,020
2026-07-01 00:54:39,811 [toolkit.py] => Trainable ratio:  0.3711%
2026-07-01 00:56:46,902 [ewclora.py] => Task 3, Epoch 20/20 => Loss 0.165, Train_accy 94.26
2026-07-01 00:56:46,903 [trainer.py] => Training time: 0h 2m 7s
2026-07-01 00:56:51,399 [trainer.py] => Evaluation time: 0h 0m 4s
2026-07-01 00:56:57,261 [trainer.py] => Accuracy: {'total': 68.94, '00-19': 71.25, '20-39': 72.51, '40-59': 58.17, '60-79': 76.16, 'old': 67.61, 'new': 76.16}
2026-07-01 00:56:57,262 [trainer.py] => (curve) top1 Acc: [84.66, 78.19, 69.57, 68.94]
2026-07-01 00:56:57,262 [trainer.py] => Avergae Acc: 75.34
2026-07-01 00:56:57,262 [trainer.py] => (curve) top1 Acc with task: [84.66, 84.93, 80.74, 81.99]
2026-07-01 00:56:57,262 [trainer.py] => Avergae Acc: 83.08
2026-07-01 00:56:57,262 [trainer.py] => (curve) top1 Acc task: [100.0, 86.7, 79.02, 76.81]
2026-07-01 00:56:57,262 [trainer.py] => Avergae Acc: 85.63
2026-07-01 00:56:57,262 [trainer.py] => ================================================================================
2026-07-01 00:56:57,262 [trainer.py] => ================================================================================
2026-07-01 00:56:57,263 [base.py] => Task 4 learning on class 80-100
2026-07-01 00:56:57,267 [toolkit.py] => Total params:     103,487,003
2026-07-01 00:56:57,267 [toolkit.py] => Trainable params: 384,020
2026-07-01 00:56:57,267 [toolkit.py] => Trainable ratio:  0.3711%
2026-07-01 00:58:31,204 [ewclora.py] => Task 4, Epoch 20/20 => Loss 0.123, Train_accy 95.77
2026-07-01 00:58:31,205 [trainer.py] => Training time: 0h 1m 33s
2026-07-01 00:58:36,044 [trainer.py] => Evaluation time: 0h 0m 4s
2026-07-01 00:58:40,466 [trainer.py] => Accuracy: {'total': 65.73, '00-19': 70.93, '20-39': 72.51, '40-59': 58.17, '60-79': 74.83, '80-99': 38.24, 'old': 68.63, 'new': 38.24}
2026-07-01 00:58:40,466 [trainer.py] => (curve) top1 Acc: [84.66, 78.19, 69.57, 68.94, 65.73]
2026-07-01 00:58:40,466 [trainer.py] => Avergae Acc: 73.42
2026-07-01 00:58:40,466 [trainer.py] => (curve) top1 Acc with task: [84.66, 84.93, 80.74, 81.99, 79.78]
2026-07-01 00:58:40,466 [trainer.py] => Avergae Acc: 82.42
2026-07-01 00:58:40,466 [trainer.py] => (curve) top1 Acc task: [100.0, 86.7, 79.02, 76.81, 74.06]
2026-07-01 00:58:40,467 [trainer.py] => Avergae Acc: 83.32
2026-07-01 00:58:40,467 [trainer.py] => ================================================================================
2026-07-01 00:58:40,467 [trainer.py] => ================================================================================
2026-07-01 00:58:40,467 [base.py] => Task 5 learning on class 100-120
2026-07-01 00:58:40,471 [toolkit.py] => Total params:     103,487,003
2026-07-01 00:58:40,471 [toolkit.py] => Trainable params: 384,020
2026-07-01 00:58:40,471 [toolkit.py] => Trainable ratio:  0.3711%
2026-07-01 00:59:46,038 [ewclora.py] => Task 5, Epoch 20/20 => Loss 0.103, Train_accy 98.10
2026-07-01 00:59:46,039 [trainer.py] => Training time: 0h 1m 5s
2026-07-01 00:59:51,094 [trainer.py] => Evaluation time: 0h 0m 5s
2026-07-01 00:59:54,361 [trainer.py] => Accuracy: {'total': 63.29, '00-19': 71.25, '20-39': 72.91, '40-59': 57.77, '60-79': 76.16, '80-99': 35.29, '100-119': 25.0, 'old': 65.73, 'new': 25.0}
2026-07-01 00:59:54,361 [trainer.py] => (curve) top1 Acc: [84.66, 78.19, 69.57, 68.94, 65.73, 63.29]
2026-07-01 00:59:54,361 [trainer.py] => Avergae Acc: 71.73
2026-07-01 00:59:54,361 [trainer.py] => (curve) top1 Acc with task: [84.66, 84.93, 80.74, 81.99, 79.78, 78.26]
2026-07-01 00:59:54,361 [trainer.py] => Avergae Acc: 81.73
2026-07-01 00:59:54,361 [trainer.py] => (curve) top1 Acc task: [100.0, 86.7, 79.02, 76.81, 74.06, 71.13]
2026-07-01 00:59:54,361 [trainer.py] => Avergae Acc: 81.29
2026-07-01 00:59:54,361 [trainer.py] => ================================================================================
2026-07-01 00:59:54,361 [trainer.py] => ================================================================================
2026-07-01 00:59:54,362 [base.py] => Task 6 learning on class 120-140
2026-07-01 00:59:54,367 [toolkit.py] => Total params:     103,487,003
2026-07-01 00:59:54,367 [toolkit.py] => Trainable params: 384,020
2026-07-01 00:59:54,367 [toolkit.py] => Trainable ratio:  0.3711%
2026-07-01 01:01:14,694 [ewclora.py] => Task 6, Epoch 20/20 => Loss 0.100, Train_accy 97.72
2026-07-01 01:01:14,696 [trainer.py] => Training time: 0h 1m 20s
2026-07-01 01:01:20,096 [trainer.py] => Evaluation time: 0h 0m 5s
2026-07-01 01:01:23,696 [trainer.py] => Accuracy: {'total': 61.71, '00-19': 71.57, '20-39': 72.91, '40-59': 56.97, '60-79': 75.5, '80-99': 35.29, '100-119': 23.53, '120-139': 44.94, 'old': 63.03, 'new': 44.94}
2026-07-01 01:01:23,697 [trainer.py] => (curve) top1 Acc: [84.66, 78.19, 69.57, 68.94, 65.73, 63.29, 61.71]
2026-07-01 01:01:23,697 [trainer.py] => Avergae Acc: 70.30
2026-07-01 01:01:23,697 [trainer.py] => (curve) top1 Acc with task: [84.66, 84.93, 80.74, 81.99, 79.78, 78.26, 77.31]
2026-07-01 01:01:23,697 [trainer.py] => Avergae Acc: 81.10
2026-07-01 01:01:23,697 [trainer.py] => (curve) top1 Acc task: [100.0, 86.7, 79.02, 76.81, 74.06, 71.13, 69.63]
2026-07-01 01:01:23,697 [trainer.py] => Avergae Acc: 79.62
2026-07-01 01:01:23,697 [trainer.py] => ================================================================================
2026-07-01 01:01:23,697 [trainer.py] => ================================================================================
2026-07-01 01:01:23,698 [base.py] => Task 7 learning on class 140-160
2026-07-01 01:01:23,703 [toolkit.py] => Total params:     103,487,003
2026-07-01 01:01:23,703 [toolkit.py] => Trainable params: 384,020
2026-07-01 01:01:23,703 [toolkit.py] => Trainable ratio:  0.3711%
2026-07-01 01:02:38,610 [ewclora.py] => Task 7, Epoch 20/20 => Loss 0.078, Train_accy 98.13
2026-07-01 01:02:38,611 [trainer.py] => Training time: 0h 1m 14s
2026-07-01 01:02:44,241 [trainer.py] => Evaluation time: 0h 0m 5s
2026-07-01 01:02:47,675 [trainer.py] => Accuracy: {'total': 59.57, '00-19': 71.88, '20-39': 72.51, '40-59': 57.37, '60-79': 74.83, '80-99': 33.33, '100-119': 23.53, '120-139': 41.57, '140-159': 33.33, 'old': 61.31, 'new': 33.33}
2026-07-01 01:02:47,675 [trainer.py] => (curve) top1 Acc: [84.66, 78.19, 69.57, 68.94, 65.73, 63.29, 61.71, 59.57]
2026-07-01 01:02:47,675 [trainer.py] => Avergae Acc: 68.96
2026-07-01 01:02:47,675 [trainer.py] => (curve) top1 Acc with task: [84.66, 84.93, 80.74, 81.99, 79.78, 78.26, 77.31, 76.65]
2026-07-01 01:02:47,675 [trainer.py] => Avergae Acc: 80.54
2026-07-01 01:02:47,676 [trainer.py] => (curve) top1 Acc task: [100.0, 86.7, 79.02, 76.81, 74.06, 71.13, 69.63, 67.3]
2026-07-01 01:02:47,676 [trainer.py] => Avergae Acc: 78.08
2026-07-01 01:02:47,676 [trainer.py] => ================================================================================
2026-07-01 01:02:47,676 [trainer.py] => ================================================================================
2026-07-01 01:02:47,676 [base.py] => Task 8 learning on class 160-180
2026-07-01 01:02:47,680 [toolkit.py] => Total params:     103,487,003
2026-07-01 01:02:47,680 [toolkit.py] => Trainable params: 384,020
2026-07-01 01:02:47,680 [toolkit.py] => Trainable ratio:  0.3711%
2026-07-01 01:04:15,190 [ewclora.py] => Task 8, Epoch 20/20 => Loss 0.143, Train_accy 95.40
2026-07-01 01:04:15,192 [trainer.py] => Training time: 0h 1m 27s
2026-07-01 01:04:21,142 [trainer.py] => Evaluation time: 0h 0m 5s
2026-07-01 01:04:25,496 [trainer.py] => Accuracy: {'total': 57.09, '00-19': 71.57, '20-39': 72.11, '40-59': 57.77, '60-79': 74.17, '80-99': 33.33, '100-119': 22.06, '120-139': 40.45, '140-159': 34.57, '160-179': 26.8, 'old': 59.34, 'new': 26.8}
2026-07-01 01:04:25,496 [trainer.py] => (curve) top1 Acc: [84.66, 78.19, 69.57, 68.94, 65.73, 63.29, 61.71, 59.57, 57.09]
2026-07-01 01:04:25,496 [trainer.py] => Avergae Acc: 67.64
2026-07-01 01:04:25,497 [trainer.py] => (curve) top1 Acc with task: [84.66, 84.93, 80.74, 81.99, 79.78, 78.26, 77.31, 76.65, 75.84]
2026-07-01 01:04:25,497 [trainer.py] => Avergae Acc: 80.02
2026-07-01 01:04:25,497 [trainer.py] => (curve) top1 Acc task: [100.0, 86.7, 79.02, 76.81, 74.06, 71.13, 69.63, 67.3, 64.29]
2026-07-01 01:04:25,497 [trainer.py] => Avergae Acc: 76.55
2026-07-01 01:04:25,497 [trainer.py] => ================================================================================
2026-07-01 01:04:25,497 [trainer.py] => ================================================================================
2026-07-01 01:04:25,497 [base.py] => Task 9 learning on class 180-200
2026-07-01 01:04:25,501 [toolkit.py] => Total params:     103,487,003
2026-07-01 01:04:25,502 [toolkit.py] => Trainable params: 384,020
2026-07-01 01:04:25,502 [toolkit.py] => Trainable ratio:  0.3711%
2026-07-01 01:05:53,221 [ewclora.py] => Task 9, Epoch 20/20 => Loss 0.073, Train_accy 97.14
2026-07-01 01:05:53,223 [trainer.py] => Training time: 0h 1m 27s
2026-07-01 01:05:59,500 [trainer.py] => Evaluation time: 0h 0m 6s
2026-07-01 01:06:03,856 [trainer.py] => Accuracy: {'total': 55.8, '00-19': 69.97, '20-39': 71.31, '40-59': 57.37, '60-79': 73.51, '80-99': 32.35, '100-119': 20.59, '120-139': 42.7, '140-159': 33.33, '160-179': 25.77, '180-199': 48.45, 'old': 56.31, 'new': 48.45}
2026-07-01 01:06:03,856 [trainer.py] => (curve) top1 Acc: [84.66, 78.19, 69.57, 68.94, 65.73, 63.29, 61.71, 59.57, 57.09, 55.8]
2026-07-01 01:06:03,856 [trainer.py] => Avergae Acc: 66.46
2026-07-01 01:06:03,856 [trainer.py] => (curve) top1 Acc with task: [84.66, 84.93, 80.74, 81.99, 79.78, 78.26, 77.31, 76.65, 75.84, 75.4]
2026-07-01 01:06:03,856 [trainer.py] => Avergae Acc: 79.56
2026-07-01 01:06:03,856 [trainer.py] => (curve) top1 Acc task: [100.0, 86.7, 79.02, 76.81, 74.06, 71.13, 69.63, 67.3, 64.29, 62.53]
2026-07-01 01:06:03,856 [trainer.py] => Avergae Acc: 75.15
2026-07-01 01:06:03,856 [trainer.py] => ================================================================================
2026-08-28 17:58:25,601 [toolkit.py] => config: configs/ewclora/imagenet-a_seed=1993.json
2026-08-28 17:58:25,619 [toolkit.py] => device: [device(type='cuda', index=0)]
2026-08-28 17:58:25,619 [toolkit.py] => debug: False
2026-08-28 17:58:25,619 [toolkit.py] => save_ckp: False
2026-08-28 17:58:25,619 [toolkit.py] => moe_list: None
2026-08-28 17:58:25,620 [toolkit.py] => seed: 1993
2026-08-28 17:58:25,620 [toolkit.py] => dataset: imagenet-a
2026-08-28 17:58:25,620 [toolkit.py] => data_path: data/imagenet-a
2026-08-28 17:58:25,620 [toolkit.py] => load: vit_base_patch16_224_in21k
2026-08-28 17:58:25,620 [toolkit.py] => init_cls: 20
2026-08-28 17:58:25,620 [toolkit.py] => increment: 20
2026-08-28 17:58:25,620 [toolkit.py] => sessions: 10
2026-08-28 17:58:25,620 [toolkit.py] => shuffle: False
2026-08-28 17:58:25,620 [toolkit.py] => method: ewclora
2026-08-28 17:58:25,620 [toolkit.py] => optimizer: adam
2026-08-28 17:58:25,620 [toolkit.py] => scheduler: cosine
2026-08-28 17:58:25,620 [toolkit.py] => epochs: 10
2026-08-28 17:58:25,620 [toolkit.py] => lrate: 0.0005
2026-08-28 17:58:25,620 [toolkit.py] => fc_lrate: 0.005
2026-08-28 17:58:25,620 [toolkit.py] => weight_decay: 0.0
2026-08-28 17:58:25,620 [toolkit.py] => batch_size: 128
2026-08-28 17:58:25,621 [toolkit.py] => rank: 10
2026-08-28 17:58:25,621 [toolkit.py] => num_workers: 16
2026-08-28 17:58:25,621 [toolkit.py] => gamma: 0.9
2026-08-28 17:58:25,621 [toolkit.py] => lambda: 10000000.0
2026-08-28 17:58:25,621 [toolkit.py] => lrate_head: 0
2026-08-28 17:58:25,621 [toolkit.py] => logdir: logs/ewclora/imagenet-a/t10
2026-08-28 17:58:25,621 [toolkit.py] => logfilename: logs/ewclora/imagenet-a/t10/seed1993
2026-08-28 17:58:25,648 [data_manager.py] => Class index order: 0, 1, 2, 3, 4, ..., 195, 196, 197, 198, 199
2026-08-28 17:58:27,919 [trainer.py] => ================================================================================
2026-08-28 17:58:27,919 [trainer.py] => Dataset Information
2026-08-28 17:58:27,919 [trainer.py] => ================================================================================
2026-08-28 17:58:27,919 [trainer.py] =>   Dataset name     : imagenet-a
2026-08-28 17:58:27,920 [trainer.py] =>   Data path        : data/imagenet-a
2026-08-28 17:58:27,920 [trainer.py] =>   Total classes    : 200
2026-08-28 17:58:27,920 [trainer.py] =>   Total tasks      : 10
2026-08-28 17:58:27,920 [trainer.py] =>   Task increments  : [20, 20, 20, 20, 20, 20, 20, 20, 20, 20]
2026-08-28 17:58:27,920 [trainer.py] =>   Init classes     : 20
2026-08-28 17:58:27,920 [trainer.py] =>   Increment per task: 20
2026-08-28 17:58:27,920 [trainer.py] =>   Shuffle          : False
2026-08-28 17:58:27,920 [trainer.py] =>   Seed             : 1993
2026-08-28 17:58:27,920 [trainer.py] => --------------------------------------------------------------------------------
2026-08-28 17:58:27,920 [trainer.py] => Task split:
2026-08-28 17:58:27,921 [trainer.py] =>   Task 0: classes 0-19 (20 classes) | Train: 1253 images (5 batches), Test: 313 images (2 batches)
2026-08-28 17:58:27,921 [trainer.py] =>   Task 1: classes 20-39 (20 classes) | Train: 1000 images (4 batches), Test: 251 images (1 batches)
2026-08-28 17:58:27,922 [trainer.py] =>   Task 2: classes 40-59 (20 classes) | Train: 1000 images (4 batches), Test: 251 images (1 batches)
2026-08-28 17:58:27,923 [trainer.py] =>   Task 3: classes 60-79 (20 classes) | Train: 610 images (3 batches), Test: 151 images (1 batches)
2026-08-28 17:58:27,923 [trainer.py] =>   Task 4: classes 80-99 (20 classes) | Train: 426 images (2 batches), Test: 102 images (1 batches)
2026-08-28 17:58:27,924 [trainer.py] =>   Task 5: classes 100-119 (20 classes) | Train: 263 images (2 batches), Test: 68 images (1 batches)
2026-08-28 17:58:27,924 [trainer.py] =>   Task 6: classes 120-139 (20 classes) | Train: 351 images (2 batches), Test: 89 images (1 batches)
2026-08-28 17:58:27,925 [trainer.py] =>   Task 7: classes 140-159 (20 classes) | Train: 321 images (2 batches), Test: 81 images (1 batches)
2026-08-28 17:58:27,925 [trainer.py] =>   Task 8: classes 160-179 (20 classes) | Train: 391 images (2 batches), Test: 97 images (1 batches)
2026-08-28 17:58:27,926 [trainer.py] =>   Task 9: classes 180-199 (20 classes) | Train: 385 images (2 batches), Test: 97 images (1 batches)
2026-08-28 17:58:27,926 [trainer.py] => ================================================================================
2026-08-28 17:58:27,926 [trainer.py] => ================================================================================
2026-08-28 17:58:27,927 [base.py] => Task 0 learning on class 0-20
2026-08-28 17:58:29,170 [toolkit.py] => Total params:     103,855,643
2026-08-28 17:58:29,170 [toolkit.py] => Trainable params: 384,020
2026-08-28 17:58:29,170 [toolkit.py] => Trainable ratio:  0.3698%
2026-08-28 18:02:56,732 [ewclora.py] => Task 0, Epoch 10/10 => Loss 0.328, Train_accy 89.78
2026-08-28 18:02:56,748 [trainer.py] => Training time: 0h 4m 28s
2026-08-28 18:03:01,157 [trainer.py] => Evaluation time: 0h 0m 4s
2026-08-28 18:03:28,029 [trainer.py] => Accuracy: {'total': 84.03, '00-19': 84.03, 'old': 0, 'new': 84.03}
2026-08-28 18:03:28,029 [trainer.py] => (curve) top1 Acc: [84.03]
2026-08-28 18:03:28,029 [trainer.py] => Avergae Acc: 84.03
2026-08-28 18:03:28,030 [trainer.py] => (curve) top1 Acc with task: [84.03]
2026-08-28 18:03:28,030 [trainer.py] => Avergae Acc: 84.03
2026-08-28 18:03:28,030 [trainer.py] => (curve) top1 Acc task: [100.0]
2026-08-28 18:03:28,030 [trainer.py] => Avergae Acc: 100.00
2026-08-28 18:03:28,030 [trainer.py] => ================================================================================
2026-08-28 18:03:28,030 [trainer.py] => ================================================================================
2026-08-28 18:03:28,031 [base.py] => Task 1 learning on class 20-40
2026-08-28 18:03:28,035 [toolkit.py] => Total params:     103,855,643
2026-08-28 18:03:28,035 [toolkit.py] => Trainable params: 384,020
2026-08-28 18:03:28,035 [toolkit.py] => Trainable ratio:  0.3698%
2026-08-28 18:07:03,708 [ewclora.py] => Task 1, Epoch 10/10 => Loss 0.196, Train_accy 93.70
2026-08-28 18:07:03,711 [trainer.py] => Training time: 0h 3m 35s
2026-08-28 18:07:10,805 [trainer.py] => Evaluation time: 0h 0m 7s
2026-08-28 18:07:31,295 [trainer.py] => Accuracy: {'total': 77.66, '00-19': 78.59, '20-39': 76.49, 'old': 78.59, 'new': 76.49}
2026-08-28 18:07:31,295 [trainer.py] => (curve) top1 Acc: [84.03, 77.66]
2026-08-28 18:07:31,295 [trainer.py] => Avergae Acc: 80.84
2026-08-28 18:07:31,295 [trainer.py] => (curve) top1 Acc with task: [84.03, 84.22]
2026-08-28 18:07:31,296 [trainer.py] => Avergae Acc: 84.12
2026-08-28 18:07:31,296 [trainer.py] => (curve) top1 Acc task: [100.0, 87.94]
2026-08-28 18:07:31,296 [trainer.py] => Avergae Acc: 93.97
2026-08-28 18:07:31,296 [trainer.py] => ================================================================================
2026-08-28 18:07:31,296 [trainer.py] => ================================================================================
2026-08-28 18:07:31,297 [base.py] => Task 2 learning on class 40-60
2026-08-28 18:07:31,302 [toolkit.py] => Total params:     103,855,643
2026-08-28 18:07:31,302 [toolkit.py] => Trainable params: 384,020
2026-08-28 18:07:31,302 [toolkit.py] => Trainable ratio:  0.3698%
2026-08-28 18:11:06,244 [ewclora.py] => Task 2, Epoch 10/10 => Loss 0.281, Train_accy 92.50
2026-08-28 18:11:06,246 [trainer.py] => Training time: 0h 3m 34s
2026-08-28 18:11:15,648 [trainer.py] => Evaluation time: 0h 0m 9s
2026-08-28 18:11:36,681 [trainer.py] => Accuracy: {'total': 70.92, '00-19': 76.36, '20-39': 74.1, '40-59': 60.96, 'old': 75.35, 'new': 60.96}
2026-08-28 18:11:36,681 [trainer.py] => (curve) top1 Acc: [84.03, 77.66, 70.92]
2026-08-28 18:11:36,681 [trainer.py] => Avergae Acc: 77.54
2026-08-28 18:11:36,682 [trainer.py] => (curve) top1 Acc with task: [84.03, 84.22, 81.1]
2026-08-28 18:11:36,682 [trainer.py] => Avergae Acc: 83.12
2026-08-28 18:11:36,682 [trainer.py] => (curve) top1 Acc task: [100.0, 87.94, 81.72]
2026-08-28 18:11:36,682 [trainer.py] => Avergae Acc: 89.89
2026-08-28 18:11:36,682 [trainer.py] => ================================================================================
2026-08-28 18:11:36,682 [trainer.py] => ================================================================================
2026-08-28 18:11:36,683 [base.py] => Task 3 learning on class 60-80
2026-08-28 18:11:36,697 [toolkit.py] => Total params:     103,855,643
2026-08-28 18:11:36,697 [toolkit.py] => Trainable params: 384,020
2026-08-28 18:11:36,697 [toolkit.py] => Trainable ratio:  0.3698%
2026-08-28 18:13:54,928 [ewclora.py] => Task 3, Epoch 10/10 => Loss 0.251, Train_accy 92.30
2026-08-28 18:13:54,929 [trainer.py] => Training time: 0h 2m 18s
2026-08-28 18:14:05,500 [trainer.py] => Evaluation time: 0h 0m 10s
2026-08-28 18:14:18,225 [trainer.py] => Accuracy: {'total': 69.77, '00-19': 73.16, '20-39': 72.91, '40-59': 60.16, '60-79': 73.51, 'old': 69.08, 'new': 73.51}
2026-08-28 18:14:18,225 [trainer.py] => (curve) top1 Acc: [84.03, 77.66, 70.92, 69.77]
2026-08-28 18:14:18,225 [trainer.py] => Avergae Acc: 75.59
2026-08-28 18:14:18,226 [trainer.py] => (curve) top1 Acc with task: [84.03, 84.22, 81.1, 81.88]
2026-08-28 18:14:18,226 [trainer.py] => Avergae Acc: 82.81
2026-08-28 18:14:18,226 [trainer.py] => (curve) top1 Acc task: [100.0, 87.94, 81.72, 78.78]
2026-08-28 18:14:18,226 [trainer.py] => Avergae Acc: 87.11
2026-08-28 18:14:18,226 [trainer.py] => ================================================================================
2026-08-28 18:14:18,226 [trainer.py] => ================================================================================
2026-08-28 18:14:18,227 [base.py] => Task 4 learning on class 80-100
2026-08-28 18:14:18,235 [toolkit.py] => Total params:     103,855,643
2026-08-28 18:14:18,235 [toolkit.py] => Trainable params: 384,020
2026-08-28 18:14:18,235 [toolkit.py] => Trainable ratio:  0.3698%
2026-08-28 18:15:59,299 [toolkit.py] => config: configs/ewclora/imagenet-a_seed=1993.json
2026-08-28 18:15:59,299 [toolkit.py] => device: [device(type='cuda', index=0)]
2026-08-28 18:15:59,299 [toolkit.py] => debug: False
2026-08-28 18:15:59,299 [toolkit.py] => save_ckp: False
2026-08-28 18:15:59,299 [toolkit.py] => moe_list: None
2026-08-28 18:15:59,299 [toolkit.py] => seed: 1993
2026-08-28 18:15:59,299 [toolkit.py] => dataset: imagenet-a
2026-08-28 18:15:59,299 [toolkit.py] => data_path: data/imagenet-a
2026-08-28 18:15:59,299 [toolkit.py] => load: vit_base_patch16_224_in21k
2026-08-28 18:15:59,299 [toolkit.py] => init_cls: 20
2026-08-28 18:15:59,299 [toolkit.py] => increment: 20
2026-08-28 18:15:59,299 [toolkit.py] => sessions: 10
2026-08-28 18:15:59,299 [toolkit.py] => shuffle: False
2026-08-28 18:15:59,299 [toolkit.py] => method: ewclora
2026-08-28 18:15:59,299 [toolkit.py] => optimizer: adam
2026-08-28 18:15:59,300 [toolkit.py] => scheduler: cosine
2026-08-28 18:15:59,300 [toolkit.py] => epochs: 10
2026-08-28 18:15:59,300 [toolkit.py] => lrate: 0.0005
2026-08-28 18:15:59,300 [toolkit.py] => fc_lrate: 0.005
2026-08-28 18:15:59,300 [toolkit.py] => weight_decay: 0.0
2026-08-28 18:15:59,300 [toolkit.py] => batch_size: 128
2026-08-28 18:15:59,300 [toolkit.py] => rank: 10
2026-08-28 18:15:59,300 [toolkit.py] => num_workers: 16
2026-08-28 18:15:59,300 [toolkit.py] => gamma: 0.9
2026-08-28 18:15:59,300 [toolkit.py] => lambda: 10000000.0
2026-08-28 18:15:59,300 [toolkit.py] => lrate_head: 0
2026-08-28 18:15:59,300 [toolkit.py] => logdir: logs/ewclora/imagenet-a/t10
2026-08-28 18:15:59,300 [toolkit.py] => logfilename: logs/ewclora/imagenet-a/t10/seed1993
2026-08-28 18:15:59,330 [data_manager.py] => Class index order: 0, 1, 2, 3, 4, ..., 195, 196, 197, 198, 199
2026-08-28 18:16:01,559 [trainer.py] => ================================================================================
2026-08-28 18:16:01,559 [trainer.py] => Dataset Information
2026-08-28 18:16:01,559 [trainer.py] => ================================================================================
2026-08-28 18:16:01,559 [trainer.py] =>   Dataset name     : imagenet-a
2026-08-28 18:16:01,559 [trainer.py] =>   Data path        : data/imagenet-a
2026-08-28 18:16:01,559 [trainer.py] =>   Total classes    : 200
2026-08-28 18:16:01,559 [trainer.py] =>   Total tasks      : 10
2026-08-28 18:16:01,559 [trainer.py] =>   Task increments  : [20, 20, 20, 20, 20, 20, 20, 20, 20, 20]
2026-08-28 18:16:01,559 [trainer.py] =>   Init classes     : 20
2026-08-28 18:16:01,559 [trainer.py] =>   Increment per task: 20
2026-08-28 18:16:01,559 [trainer.py] =>   Shuffle          : False
2026-08-28 18:16:01,559 [trainer.py] =>   Seed             : 1993
2026-08-28 18:16:01,559 [trainer.py] => --------------------------------------------------------------------------------
2026-08-28 18:16:01,559 [trainer.py] => Task split:
2026-08-28 18:16:01,560 [trainer.py] =>   Task 0: classes 0-19 (20 classes) | Train: 1253 images (5 batches), Test: 313 images (2 batches)
2026-08-28 18:16:01,561 [trainer.py] =>   Task 1: classes 20-39 (20 classes) | Train: 1000 images (4 batches), Test: 251 images (1 batches)
2026-08-28 18:16:01,562 [trainer.py] =>   Task 2: classes 40-59 (20 classes) | Train: 1000 images (4 batches), Test: 251 images (1 batches)
2026-08-28 18:16:01,562 [trainer.py] =>   Task 3: classes 60-79 (20 classes) | Train: 610 images (3 batches), Test: 151 images (1 batches)
2026-08-28 18:16:01,563 [trainer.py] =>   Task 4: classes 80-99 (20 classes) | Train: 426 images (2 batches), Test: 102 images (1 batches)
2026-08-28 18:16:01,563 [trainer.py] =>   Task 5: classes 100-119 (20 classes) | Train: 263 images (2 batches), Test: 68 images (1 batches)
2026-08-28 18:16:01,564 [trainer.py] =>   Task 6: classes 120-139 (20 classes) | Train: 351 images (2 batches), Test: 89 images (1 batches)
2026-08-28 18:16:01,564 [trainer.py] =>   Task 7: classes 140-159 (20 classes) | Train: 321 images (2 batches), Test: 81 images (1 batches)
2026-08-28 18:16:01,565 [trainer.py] =>   Task 8: classes 160-179 (20 classes) | Train: 391 images (2 batches), Test: 97 images (1 batches)
2026-08-28 18:16:01,565 [trainer.py] =>   Task 9: classes 180-199 (20 classes) | Train: 385 images (2 batches), Test: 97 images (1 batches)
2026-08-28 18:16:01,565 [trainer.py] => ================================================================================
2026-08-28 18:16:01,565 [trainer.py] => ================================================================================
2026-08-28 18:16:01,566 [base.py] => Task 0 learning on class 0-20
2026-08-28 18:16:02,606 [toolkit.py] => Total params:     103,487,003
2026-08-28 18:16:02,606 [toolkit.py] => Trainable params: 384,020
2026-08-28 18:16:02,607 [toolkit.py] => Trainable ratio:  0.3711%
2026-08-28 18:20:09,992 [ewclora.py] => Task 0, Epoch 10/10 => Loss 0.307, Train_accy 90.50
2026-08-28 18:20:09,993 [trainer.py] => Training time: 0h 4m 8s
2026-08-28 18:20:14,312 [trainer.py] => Evaluation time: 0h 0m 4s
2026-08-28 18:20:39,119 [trainer.py] => Accuracy: {'total': 88.18, '00-19': 88.18, 'old': 0, 'new': 88.18}
2026-08-28 18:20:39,119 [trainer.py] => (curve) top1 Acc: [88.18]
2026-08-28 18:20:39,119 [trainer.py] => Avergae Acc: 88.18
2026-08-28 18:20:39,119 [trainer.py] => (curve) top1 Acc with task: [88.18]
2026-08-28 18:20:39,119 [trainer.py] => Avergae Acc: 88.18
2026-08-28 18:20:39,119 [trainer.py] => (curve) top1 Acc task: [100.0]
2026-08-28 18:20:39,119 [trainer.py] => Avergae Acc: 100.00
2026-08-28 18:20:39,119 [trainer.py] => ================================================================================
2026-08-28 18:20:39,119 [trainer.py] => ================================================================================
2026-08-28 18:20:39,120 [base.py] => Task 1 learning on class 20-40
2026-08-28 18:20:39,125 [toolkit.py] => Total params:     103,487,003
2026-08-28 18:20:39,125 [toolkit.py] => Trainable params: 384,020
2026-08-28 18:20:39,125 [toolkit.py] => Trainable ratio:  0.3711%
2026-08-28 18:23:58,943 [ewclora.py] => Task 1, Epoch 10/10 => Loss 0.189, Train_accy 94.10
2026-08-28 18:23:58,944 [trainer.py] => Training time: 0h 3m 19s
2026-08-28 18:24:05,529 [trainer.py] => Evaluation time: 0h 0m 6s
2026-08-28 18:24:24,437 [trainer.py] => Accuracy: {'total': 80.32, '00-19': 80.51, '20-39': 80.08, 'old': 80.51, 'new': 80.08}
2026-08-28 18:24:24,437 [trainer.py] => (curve) top1 Acc: [88.18, 80.32]
2026-08-28 18:24:24,437 [trainer.py] => Avergae Acc: 84.25
2026-08-28 18:24:24,437 [trainer.py] => (curve) top1 Acc with task: [88.18, 87.41]
2026-08-28 18:24:24,437 [trainer.py] => Avergae Acc: 87.80
2026-08-28 18:24:24,437 [trainer.py] => (curve) top1 Acc task: [100.0, 89.36]
2026-08-28 18:24:24,437 [trainer.py] => Avergae Acc: 94.68
2026-08-28 18:24:24,437 [trainer.py] => ================================================================================
2026-08-28 18:24:24,437 [trainer.py] => ================================================================================
2026-08-28 18:24:24,438 [base.py] => Task 2 learning on class 40-60
2026-08-28 18:24:24,442 [toolkit.py] => Total params:     103,487,003
2026-08-28 18:24:24,443 [toolkit.py] => Trainable params: 384,020
2026-08-28 18:24:24,443 [toolkit.py] => Trainable ratio:  0.3711%
2026-08-28 18:27:45,789 [ewclora.py] => Task 2, Epoch 10/10 => Loss 0.328, Train_accy 90.80
2026-08-28 18:27:45,790 [trainer.py] => Training time: 0h 3m 21s
2026-08-28 18:27:54,242 [trainer.py] => Evaluation time: 0h 0m 8s
2026-08-28 18:28:13,254 [trainer.py] => Accuracy: {'total': 73.13, '00-19': 78.27, '20-39': 77.29, '40-59': 62.55, 'old': 77.84, 'new': 62.55}
2026-08-28 18:28:13,255 [trainer.py] => (curve) top1 Acc: [88.18, 80.32, 73.13]
2026-08-28 18:28:13,255 [trainer.py] => Avergae Acc: 80.54
2026-08-28 18:28:13,255 [trainer.py] => (curve) top1 Acc with task: [88.18, 87.41, 83.07]
2026-08-28 18:28:13,255 [trainer.py] => Avergae Acc: 86.22
2026-08-28 18:28:13,255 [trainer.py] => (curve) top1 Acc task: [100.0, 89.36, 82.58]
2026-08-28 18:28:13,255 [trainer.py] => Avergae Acc: 90.65
2026-08-28 18:28:13,255 [trainer.py] => ================================================================================
2026-08-28 18:28:13,255 [trainer.py] => ================================================================================
2026-08-28 18:28:13,256 [base.py] => Task 3 learning on class 60-80
2026-08-28 18:28:13,260 [toolkit.py] => Total params:     103,487,003
2026-08-28 18:28:13,260 [toolkit.py] => Trainable params: 384,020
2026-08-28 18:28:13,260 [toolkit.py] => Trainable ratio:  0.3711%
2026-08-28 18:30:20,996 [ewclora.py] => Task 3, Epoch 10/10 => Loss 0.225, Train_accy 93.44
2026-08-28 18:30:20,997 [trainer.py] => Training time: 0h 2m 7s
2026-08-28 18:30:31,556 [trainer.py] => Evaluation time: 0h 0m 10s
2026-08-28 18:30:43,324 [trainer.py] => Accuracy: {'total': 72.15, '00-19': 75.72, '20-39': 77.29, '40-59': 58.57, '60-79': 78.81, 'old': 70.92, 'new': 78.81}
2026-08-28 18:30:43,324 [trainer.py] => (curve) top1 Acc: [88.18, 80.32, 73.13, 72.15]
2026-08-28 18:30:43,325 [trainer.py] => Avergae Acc: 78.44
2026-08-28 18:30:43,325 [trainer.py] => (curve) top1 Acc with task: [88.18, 87.41, 83.07, 83.85]
2026-08-28 18:30:43,325 [trainer.py] => Avergae Acc: 85.63
2026-08-28 18:30:43,325 [trainer.py] => (curve) top1 Acc task: [100.0, 89.36, 82.58, 80.43]
2026-08-28 18:30:43,325 [trainer.py] => Avergae Acc: 88.09
2026-08-28 18:30:43,325 [trainer.py] => ================================================================================
2026-08-28 18:30:43,325 [trainer.py] => ================================================================================
2026-08-28 18:30:43,326 [base.py] => Task 4 learning on class 80-100
2026-08-28 18:30:43,330 [toolkit.py] => Total params:     103,487,003
2026-08-28 18:30:43,330 [toolkit.py] => Trainable params: 384,020
2026-08-28 18:30:43,330 [toolkit.py] => Trainable ratio:  0.3711%
2026-08-28 18:32:15,069 [ewclora.py] => Task 4, Epoch 10/10 => Loss 0.227, Train_accy 93.90
2026-08-28 18:32:15,070 [trainer.py] => Training time: 0h 1m 31s
2026-08-28 18:32:26,631 [trainer.py] => Evaluation time: 0h 0m 11s
2026-08-28 18:32:35,495 [trainer.py] => Accuracy: {'total': 69.29, '00-19': 74.76, '20-39': 77.29, '40-59': 58.57, '60-79': 78.15, '80-99': 46.08, 'old': 71.74, 'new': 46.08}
2026-08-28 18:32:35,496 [trainer.py] => (curve) top1 Acc: [88.18, 80.32, 73.13, 72.15, 69.29]
2026-08-28 18:32:35,496 [trainer.py] => Avergae Acc: 76.61
2026-08-28 18:32:35,496 [trainer.py] => (curve) top1 Acc with task: [88.18, 87.41, 83.07, 83.85, 81.74]
2026-08-28 18:32:35,496 [trainer.py] => Avergae Acc: 84.85
2026-08-28 18:32:35,496 [trainer.py] => (curve) top1 Acc task: [100.0, 89.36, 82.58, 80.43, 77.34]
2026-08-28 18:32:35,496 [trainer.py] => Avergae Acc: 85.94
2026-08-28 18:32:35,496 [trainer.py] => ================================================================================
2026-08-28 18:32:35,496 [trainer.py] => ================================================================================
2026-08-28 18:32:35,497 [base.py] => Task 5 learning on class 100-120
2026-08-28 18:32:35,504 [toolkit.py] => Total params:     103,487,003
2026-08-28 18:32:35,505 [toolkit.py] => Trainable params: 384,020
2026-08-28 18:32:35,505 [toolkit.py] => Trainable ratio:  0.3711%
2026-08-28 18:33:36,196 [ewclora.py] => Task 5, Epoch 10/10 => Loss 0.224, Train_accy 95.44
2026-08-28 18:33:36,198 [trainer.py] => Training time: 0h 1m 0s
2026-08-28 18:33:48,150 [trainer.py] => Evaluation time: 0h 0m 11s
2026-08-28 18:33:54,172 [trainer.py] => Accuracy: {'total': 65.93, '00-19': 74.76, '20-39': 77.69, '40-59': 57.77, '60-79': 77.48, '80-99': 43.14, '100-119': 20.59, 'old': 68.82, 'new': 20.59}
2026-08-28 18:33:54,173 [trainer.py] => (curve) top1 Acc: [88.18, 80.32, 73.13, 72.15, 69.29, 65.93]
2026-08-28 18:33:54,173 [trainer.py] => Avergae Acc: 74.83
2026-08-28 18:33:54,173 [trainer.py] => (curve) top1 Acc with task: [88.18, 87.41, 83.07, 83.85, 81.74, 80.02]
2026-08-28 18:33:54,173 [trainer.py] => Avergae Acc: 84.05
2026-08-28 18:33:54,173 [trainer.py] => (curve) top1 Acc task: [100.0, 89.36, 82.58, 80.43, 77.34, 73.94]
2026-08-28 18:33:54,173 [trainer.py] => Avergae Acc: 83.94
2026-08-28 18:33:54,173 [trainer.py] => ================================================================================
2026-08-28 18:33:54,173 [trainer.py] => ================================================================================
2026-08-28 18:33:54,174 [base.py] => Task 6 learning on class 120-140
2026-08-28 18:33:54,178 [toolkit.py] => Total params:     103,487,003
2026-08-28 18:33:54,178 [toolkit.py] => Trainable params: 384,020
2026-08-28 18:33:54,178 [toolkit.py] => Trainable ratio:  0.3711%
2026-08-28 18:35:11,263 [ewclora.py] => Task 6, Epoch 10/10 => Loss 0.207, Train_accy 95.44
2026-08-28 18:35:11,264 [trainer.py] => Training time: 0h 1m 17s
2026-08-28 18:35:24,150 [trainer.py] => Evaluation time: 0h 0m 12s
2026-08-28 18:35:31,073 [trainer.py] => Accuracy: {'total': 63.67, '00-19': 74.44, '20-39': 76.89, '40-59': 58.17, '60-79': 77.48, '80-99': 42.16, '100-119': 17.65, '120-139': 40.45, 'old': 65.49, 'new': 40.45}
2026-08-28 18:35:31,073 [trainer.py] => (curve) top1 Acc: [88.18, 80.32, 73.13, 72.15, 69.29, 65.93, 63.67]
2026-08-28 18:35:31,073 [trainer.py] => Avergae Acc: 73.24
2026-08-28 18:35:31,073 [trainer.py] => (curve) top1 Acc with task: [88.18, 87.41, 83.07, 83.85, 81.74, 80.02, 78.86]
2026-08-28 18:35:31,073 [trainer.py] => Avergae Acc: 83.30
2026-08-28 18:35:31,073 [trainer.py] => (curve) top1 Acc task: [100.0, 89.36, 82.58, 80.43, 77.34, 73.94, 71.76]
2026-08-28 18:35:31,073 [trainer.py] => Avergae Acc: 82.20
2026-08-28 18:35:31,073 [trainer.py] => ================================================================================
2026-08-28 18:35:31,073 [trainer.py] => ================================================================================
2026-08-28 18:35:31,074 [base.py] => Task 7 learning on class 140-160
2026-08-28 18:35:31,078 [toolkit.py] => Total params:     103,487,003
2026-08-28 18:35:31,078 [toolkit.py] => Trainable params: 384,020
2026-08-28 18:35:31,078 [toolkit.py] => Trainable ratio:  0.3711%
2026-08-28 18:36:42,834 [ewclora.py] => Task 7, Epoch 10/10 => Loss 0.139, Train_accy 96.57
2026-08-28 18:36:42,835 [trainer.py] => Training time: 0h 1m 11s
2026-08-28 18:36:56,267 [trainer.py] => Evaluation time: 0h 0m 13s
2026-08-28 18:37:02,905 [trainer.py] => Accuracy: {'total': 62.25, '00-19': 75.08, '20-39': 77.29, '40-59': 58.96, '60-79': 76.82, '80-99': 42.16, '100-119': 17.65, '120-139': 39.33, '140-159': 37.04, 'old': 63.92, 'new': 37.04}
2026-08-28 18:37:02,905 [trainer.py] => (curve) top1 Acc: [88.18, 80.32, 73.13, 72.15, 69.29, 65.93, 63.67, 62.25]
2026-08-28 18:37:02,905 [trainer.py] => Avergae Acc: 71.87
2026-08-28 18:37:02,905 [trainer.py] => (curve) top1 Acc with task: [88.18, 87.41, 83.07, 83.85, 81.74, 80.02, 78.86, 78.18]
2026-08-28 18:37:02,905 [trainer.py] => Avergae Acc: 82.66
2026-08-28 18:37:02,905 [trainer.py] => (curve) top1 Acc task: [100.0, 89.36, 82.58, 80.43, 77.34, 73.94, 71.76, 69.45]
2026-08-28 18:37:02,905 [trainer.py] => Avergae Acc: 80.61
2026-08-28 18:37:02,906 [trainer.py] => ================================================================================
2026-08-28 18:37:02,906 [trainer.py] => ================================================================================
2026-08-28 18:37:02,906 [base.py] => Task 8 learning on class 160-180
2026-08-28 18:37:02,911 [toolkit.py] => Total params:     103,487,003
2026-08-28 18:37:02,911 [toolkit.py] => Trainable params: 384,020
2026-08-28 18:37:02,911 [toolkit.py] => Trainable ratio:  0.3711%
2026-08-28 18:38:27,617 [ewclora.py] => Task 8, Epoch 10/10 => Loss 0.278, Train_accy 93.35
2026-08-28 18:38:27,619 [trainer.py] => Training time: 0h 1m 24s
2026-08-28 18:38:42,134 [trainer.py] => Evaluation time: 0h 0m 14s
2026-08-28 18:38:50,558 [trainer.py] => Accuracy: {'total': 59.73, '00-19': 74.76, '20-39': 76.49, '40-59': 59.36, '60-79': 76.16, '80-99': 41.18, '100-119': 19.12, '120-139': 40.45, '140-159': 35.8, '160-179': 28.87, 'old': 62.02, 'new': 28.87}
2026-08-28 18:38:50,558 [trainer.py] => (curve) top1 Acc: [88.18, 80.32, 73.13, 72.15, 69.29, 65.93, 63.67, 62.25, 59.73]
2026-08-28 18:38:50,559 [trainer.py] => Avergae Acc: 70.52
2026-08-28 18:38:50,559 [trainer.py] => (curve) top1 Acc with task: [88.18, 87.41, 83.07, 83.85, 81.74, 80.02, 78.86, 78.18, 77.33]
2026-08-28 18:38:50,559 [trainer.py] => Avergae Acc: 82.07
2026-08-28 18:38:50,559 [trainer.py] => (curve) top1 Acc task: [100.0, 89.36, 82.58, 80.43, 77.34, 73.94, 71.76, 69.45, 66.43]
2026-08-28 18:38:50,559 [trainer.py] => Avergae Acc: 79.03
2026-08-28 18:38:50,559 [trainer.py] => ================================================================================
2026-08-28 18:38:50,559 [trainer.py] => ================================================================================
2026-08-28 18:38:50,560 [base.py] => Task 9 learning on class 180-200
2026-08-28 18:38:50,564 [toolkit.py] => Total params:     103,487,003
2026-08-28 18:38:50,564 [toolkit.py] => Trainable params: 384,020
2026-08-28 18:38:50,564 [toolkit.py] => Trainable ratio:  0.3711%
2026-08-28 18:40:14,294 [ewclora.py] => Task 9, Epoch 10/10 => Loss 0.121, Train_accy 95.58
2026-08-28 18:40:14,295 [trainer.py] => Training time: 0h 1m 23s
2026-08-28 18:40:29,005 [trainer.py] => Evaluation time: 0h 0m 14s
2026-08-28 18:40:36,474 [trainer.py] => Accuracy: {'total': 58.33, '00-19': 74.12, '20-39': 77.29, '40-59': 58.57, '60-79': 76.82, '80-99': 39.22, '100-119': 17.65, '120-139': 40.45, '140-159': 33.33, '160-179': 27.84, '180-199': 45.36, 'old': 59.23, 'new': 45.36}
2026-08-28 18:40:36,474 [trainer.py] => (curve) top1 Acc: [88.18, 80.32, 73.13, 72.15, 69.29, 65.93, 63.67, 62.25, 59.73, 58.33]
2026-08-28 18:40:36,474 [trainer.py] => Avergae Acc: 69.30
2026-08-28 18:40:36,474 [trainer.py] => (curve) top1 Acc with task: [88.18, 87.41, 83.07, 83.85, 81.74, 80.02, 78.86, 78.18, 77.33, 76.93]
2026-08-28 18:40:36,474 [trainer.py] => Avergae Acc: 81.56
2026-08-28 18:40:36,474 [trainer.py] => (curve) top1 Acc task: [100.0, 89.36, 82.58, 80.43, 77.34, 73.94, 71.76, 69.45, 66.43, 65.0]
2026-08-28 18:40:36,474 [trainer.py] => Avergae Acc: 77.63
2026-08-28 18:40:36,474 [trainer.py] => ================================================================================
