2026-09-04 08:24:03,121 [toolkit.py] => config: configs/ewclora/imagenet-a_seed=1997.json
2026-09-04 08:24:03,121 [toolkit.py] => device: [device(type='cuda', index=5)]
2026-09-04 08:24:03,121 [toolkit.py] => debug: False
2026-09-04 08:24:03,121 [toolkit.py] => save_ckp: False
2026-09-04 08:24:03,121 [toolkit.py] => moe_list: None
2026-09-04 08:24:03,121 [toolkit.py] => seed: 1997
2026-09-04 08:24:03,122 [toolkit.py] => dataset: imagenet-a
2026-09-04 08:24:03,122 [toolkit.py] => data_path: data/imagenet-a
2026-09-04 08:24:03,122 [toolkit.py] => load: vit_base_patch16_224_in21k
2026-09-04 08:24:03,122 [toolkit.py] => init_cls: 20
2026-09-04 08:24:03,122 [toolkit.py] => increment: 20
2026-09-04 08:24:03,122 [toolkit.py] => sessions: 10
2026-09-04 08:24:03,122 [toolkit.py] => shuffle: False
2026-09-04 08:24:03,122 [toolkit.py] => method: ewclora
2026-09-04 08:24:03,122 [toolkit.py] => optimizer: adam
2026-09-04 08:24:03,122 [toolkit.py] => scheduler: cosine
2026-09-04 08:24:03,122 [toolkit.py] => epochs: 10
2026-09-04 08:24:03,122 [toolkit.py] => lrate: 0.0005
2026-09-04 08:24:03,122 [toolkit.py] => fc_lrate: 0.005
2026-09-04 08:24:03,122 [toolkit.py] => weight_decay: 0.0
2026-09-04 08:24:03,122 [toolkit.py] => batch_size: 128
2026-09-04 08:24:03,122 [toolkit.py] => rank: 10
2026-09-04 08:24:03,122 [toolkit.py] => num_workers: 16
2026-09-04 08:24:03,123 [toolkit.py] => gamma: 0.9
2026-09-04 08:24:03,123 [toolkit.py] => lambda: 10000000.0
2026-09-04 08:24:03,123 [toolkit.py] => lrate_head: 0
2026-09-04 08:24:03,123 [toolkit.py] => logdir: logs/ewclora/imagenet-a/t10
2026-09-04 08:24:03,123 [toolkit.py] => logfilename: logs/ewclora/imagenet-a/t10/seed1997
2026-09-04 08:24:03,177 [data_manager.py] => Class index order: 0, 1, 2, 3, 4, ..., 195, 196, 197, 198, 199
2026-09-04 08:24:07,920 [trainer.py] => ================================================================================
2026-09-04 08:24:07,921 [trainer.py] => Dataset Information
2026-09-04 08:24:07,921 [trainer.py] => ================================================================================
2026-09-04 08:24:07,921 [trainer.py] =>   Dataset name     : imagenet-a
2026-09-04 08:24:07,921 [trainer.py] =>   Data path        : data/imagenet-a
2026-09-04 08:24:07,921 [trainer.py] =>   Total classes    : 200
2026-09-04 08:24:07,921 [trainer.py] =>   Total tasks      : 10
2026-09-04 08:24:07,921 [trainer.py] =>   Task increments  : [20, 20, 20, 20, 20, 20, 20, 20, 20, 20]
2026-09-04 08:24:07,921 [trainer.py] =>   Init classes     : 20
2026-09-04 08:24:07,921 [trainer.py] =>   Increment per task: 20
2026-09-04 08:24:07,921 [trainer.py] =>   Shuffle          : False
2026-09-04 08:24:07,921 [trainer.py] =>   Seed             : 1997
2026-09-04 08:24:07,921 [trainer.py] => --------------------------------------------------------------------------------
2026-09-04 08:24:07,921 [trainer.py] => Task split:
2026-09-04 08:24:07,922 [trainer.py] =>   Task 0: classes 0-19 (20 classes) | Train: 1253 images (5 batches), Test: 313 images (2 batches)
2026-09-04 08:24:07,923 [trainer.py] =>   Task 1: classes 20-39 (20 classes) | Train: 1000 images (4 batches), Test: 251 images (1 batches)
2026-09-04 08:24:07,923 [trainer.py] =>   Task 2: classes 40-59 (20 classes) | Train: 1000 images (4 batches), Test: 251 images (1 batches)
2026-09-04 08:24:07,924 [trainer.py] =>   Task 3: classes 60-79 (20 classes) | Train: 610 images (3 batches), Test: 151 images (1 batches)
2026-09-04 08:24:07,925 [trainer.py] =>   Task 4: classes 80-99 (20 classes) | Train: 426 images (2 batches), Test: 102 images (1 batches)
2026-09-04 08:24:07,925 [trainer.py] =>   Task 5: classes 100-119 (20 classes) | Train: 263 images (2 batches), Test: 68 images (1 batches)
2026-09-04 08:24:07,926 [trainer.py] =>   Task 6: classes 120-139 (20 classes) | Train: 351 images (2 batches), Test: 89 images (1 batches)
2026-09-04 08:24:07,926 [trainer.py] =>   Task 7: classes 140-159 (20 classes) | Train: 321 images (2 batches), Test: 81 images (1 batches)
2026-09-04 08:24:07,927 [trainer.py] =>   Task 8: classes 160-179 (20 classes) | Train: 391 images (2 batches), Test: 97 images (1 batches)
2026-09-04 08:24:07,928 [trainer.py] =>   Task 9: classes 180-199 (20 classes) | Train: 385 images (2 batches), Test: 97 images (1 batches)
2026-09-04 08:24:07,928 [trainer.py] => ================================================================================
2026-09-04 08:24:07,928 [trainer.py] => ================================================================================
2026-09-04 08:24:07,929 [base.py] => Task 0 learning on class 0-20
2026-09-04 08:24:08,416 [toolkit.py] => Total params:     103,487,003
2026-09-04 08:24:08,417 [toolkit.py] => Trainable params: 384,020
2026-09-04 08:24:08,417 [toolkit.py] => Trainable ratio:  0.3711%
2026-09-04 08:26:08,411 [ewclora.py] => Task 0, Epoch 10/10 => Loss 0.307, Train_accy 90.42
2026-09-04 08:26:08,411 [trainer.py] => Training time: 0h 2m 0s
2026-09-04 08:26:11,448 [trainer.py] => Evaluation time: 0h 0m 3s
2026-09-04 08:26:23,305 [trainer.py] => Accuracy: {'total': 86.26, '00-19': 86.26, 'old': 0, 'new': 86.26}
2026-09-04 08:26:23,305 [trainer.py] => (curve) top1 Acc: [86.26]
2026-09-04 08:26:23,305 [trainer.py] => Avergae Acc: 86.26
2026-09-04 08:26:23,305 [trainer.py] => (curve) top1 Acc with task: [86.26]
2026-09-04 08:26:23,305 [trainer.py] => Avergae Acc: 86.26
2026-09-04 08:26:23,305 [trainer.py] => (curve) top1 Acc task: [100.0]
2026-09-04 08:26:23,305 [trainer.py] => Avergae Acc: 100.00
2026-09-04 08:26:23,306 [trainer.py] => ================================================================================
2026-09-04 08:26:23,306 [trainer.py] => ================================================================================
2026-09-04 08:26:23,307 [base.py] => Task 1 learning on class 20-40
2026-09-04 08:26:23,311 [toolkit.py] => Total params:     103,487,003
2026-09-04 08:26:23,311 [toolkit.py] => Trainable params: 384,020
2026-09-04 08:26:23,311 [toolkit.py] => Trainable ratio:  0.3711%
2026-09-04 08:28:02,959 [ewclora.py] => Task 1, Epoch 10/10 => Loss 0.202, Train_accy 93.20
2026-09-04 08:28:02,961 [trainer.py] => Training time: 0h 1m 39s
2026-09-04 08:28:06,135 [trainer.py] => Evaluation time: 0h 0m 3s
2026-09-04 08:28:15,341 [trainer.py] => Accuracy: {'total': 79.61, '00-19': 79.87, '20-39': 79.28, 'old': 79.87, 'new': 79.28}
2026-09-04 08:28:15,341 [trainer.py] => (curve) top1 Acc: [86.26, 79.61]
2026-09-04 08:28:15,341 [trainer.py] => Avergae Acc: 82.94
2026-09-04 08:28:15,341 [trainer.py] => (curve) top1 Acc with task: [86.26, 86.52]
2026-09-04 08:28:15,341 [trainer.py] => Avergae Acc: 86.39
2026-09-04 08:28:15,341 [trainer.py] => (curve) top1 Acc task: [100.0, 89.01]
2026-09-04 08:28:15,341 [trainer.py] => Avergae Acc: 94.50
2026-09-04 08:28:15,341 [trainer.py] => ================================================================================
2026-09-04 08:28:15,341 [trainer.py] => ================================================================================
2026-09-04 08:28:15,342 [base.py] => Task 2 learning on class 40-60
2026-09-04 08:28:15,347 [toolkit.py] => Total params:     103,487,003
2026-09-04 08:28:15,347 [toolkit.py] => Trainable params: 384,020
2026-09-04 08:28:15,347 [toolkit.py] => Trainable ratio:  0.3711%
2026-09-04 08:29:54,840 [ewclora.py] => Task 2, Epoch 10/10 => Loss 0.335, Train_accy 89.50
2026-09-04 08:29:54,842 [trainer.py] => Training time: 0h 1m 39s
2026-09-04 08:29:58,925 [trainer.py] => Evaluation time: 0h 0m 4s
2026-09-04 08:30:08,149 [trainer.py] => Accuracy: {'total': 73.87, '00-19': 77.32, '20-39': 78.88, '40-59': 64.54, 'old': 78.01, 'new': 64.54}
2026-09-04 08:30:08,149 [trainer.py] => (curve) top1 Acc: [86.26, 79.61, 73.87]
2026-09-04 08:30:08,149 [trainer.py] => Avergae Acc: 79.91
2026-09-04 08:30:08,149 [trainer.py] => (curve) top1 Acc with task: [86.26, 86.52, 84.05]
2026-09-04 08:30:08,149 [trainer.py] => Avergae Acc: 85.61
2026-09-04 08:30:08,149 [trainer.py] => (curve) top1 Acc task: [100.0, 89.01, 83.44]
2026-09-04 08:30:08,150 [trainer.py] => Avergae Acc: 90.82
2026-09-04 08:30:08,150 [trainer.py] => ================================================================================
2026-09-04 08:30:08,150 [trainer.py] => ================================================================================
2026-09-04 08:30:08,150 [base.py] => Task 3 learning on class 60-80
2026-09-04 08:30:08,155 [toolkit.py] => Total params:     103,487,003
2026-09-04 08:30:08,155 [toolkit.py] => Trainable params: 384,020
2026-09-04 08:30:08,155 [toolkit.py] => Trainable ratio:  0.3711%
2026-09-04 08:31:12,450 [ewclora.py] => Task 3, Epoch 10/10 => Loss 0.196, Train_accy 93.44
2026-09-04 08:31:12,452 [trainer.py] => Training time: 0h 1m 4s
2026-09-04 08:31:17,015 [trainer.py] => Evaluation time: 0h 0m 4s
2026-09-04 08:31:23,117 [trainer.py] => Accuracy: {'total': 72.36, '00-19': 76.36, '20-39': 76.89, '40-59': 60.96, '60-79': 75.5, 'old': 71.78, 'new': 75.5}
2026-09-04 08:31:23,117 [trainer.py] => (curve) top1 Acc: [86.26, 79.61, 73.87, 72.36]
2026-09-04 08:31:23,117 [trainer.py] => Avergae Acc: 78.03
2026-09-04 08:31:23,117 [trainer.py] => (curve) top1 Acc with task: [86.26, 86.52, 84.05, 84.47]
2026-09-04 08:31:23,118 [trainer.py] => Avergae Acc: 85.32
2026-09-04 08:31:23,118 [trainer.py] => (curve) top1 Acc task: [100.0, 89.01, 83.44, 80.12]
2026-09-04 08:31:23,118 [trainer.py] => Avergae Acc: 88.14
2026-09-04 08:31:23,118 [trainer.py] => ================================================================================
2026-09-04 08:31:23,118 [trainer.py] => ================================================================================
2026-09-04 08:31:23,119 [base.py] => Task 4 learning on class 80-100
2026-09-04 08:31:23,123 [toolkit.py] => Total params:     103,487,003
2026-09-04 08:31:23,123 [toolkit.py] => Trainable params: 384,020
2026-09-04 08:31:23,123 [toolkit.py] => Trainable ratio:  0.3711%
2026-09-04 08:32:11,664 [ewclora.py] => Task 4, Epoch 10/10 => Loss 0.192, Train_accy 93.90
2026-09-04 08:32:11,665 [trainer.py] => Training time: 0h 0m 48s
2026-09-04 08:32:16,608 [trainer.py] => Evaluation time: 0h 0m 4s
2026-09-04 08:32:21,095 [trainer.py] => Accuracy: {'total': 69.94, '00-19': 75.72, '20-39': 76.89, '40-59': 60.96, '60-79': 75.5, '80-99': 49.02, 'old': 72.15, 'new': 49.02}
2026-09-04 08:32:21,095 [trainer.py] => (curve) top1 Acc: [86.26, 79.61, 73.87, 72.36, 69.94]
2026-09-04 08:32:21,095 [trainer.py] => Avergae Acc: 76.41
2026-09-04 08:32:21,095 [trainer.py] => (curve) top1 Acc with task: [86.26, 86.52, 84.05, 84.47, 83.05]
2026-09-04 08:32:21,095 [trainer.py] => Avergae Acc: 84.87
2026-09-04 08:32:21,095 [trainer.py] => (curve) top1 Acc task: [100.0, 89.01, 83.44, 80.12, 77.62]
2026-09-04 08:32:21,095 [trainer.py] => Avergae Acc: 86.04
2026-09-04 08:32:21,095 [trainer.py] => ================================================================================
2026-09-04 08:32:21,095 [trainer.py] => ================================================================================
2026-09-04 08:32:21,097 [base.py] => Task 5 learning on class 100-120
2026-09-04 08:32:21,101 [toolkit.py] => Total params:     103,487,003
2026-09-04 08:32:21,101 [toolkit.py] => Trainable params: 384,020
2026-09-04 08:32:21,101 [toolkit.py] => Trainable ratio:  0.3711%
2026-09-04 08:32:55,347 [ewclora.py] => Task 5, Epoch 10/10 => Loss 0.170, Train_accy 95.82
2026-09-04 08:32:55,348 [trainer.py] => Training time: 0h 0m 34s
2026-09-04 08:33:00,502 [trainer.py] => Evaluation time: 0h 0m 5s
2026-09-04 08:33:03,808 [trainer.py] => Accuracy: {'total': 66.99, '00-19': 76.04, '20-39': 76.89, '40-59': 60.96, '60-79': 76.16, '80-99': 46.08, '100-119': 22.06, 'old': 69.85, 'new': 22.06}
2026-09-04 08:33:03,808 [trainer.py] => (curve) top1 Acc: [86.26, 79.61, 73.87, 72.36, 69.94, 66.99]
2026-09-04 08:33:03,809 [trainer.py] => Avergae Acc: 74.84
2026-09-04 08:33:03,809 [trainer.py] => (curve) top1 Acc with task: [86.26, 86.52, 84.05, 84.47, 83.05, 81.07]
2026-09-04 08:33:03,809 [trainer.py] => Avergae Acc: 84.24
2026-09-04 08:33:03,809 [trainer.py] => (curve) top1 Acc task: [100.0, 89.01, 83.44, 80.12, 77.62, 74.3]
2026-09-04 08:33:03,809 [trainer.py] => Avergae Acc: 84.08
2026-09-04 08:33:03,809 [trainer.py] => ================================================================================
2026-09-04 08:33:03,809 [trainer.py] => ================================================================================
2026-09-04 08:33:03,810 [base.py] => Task 6 learning on class 120-140
2026-09-04 08:33:03,814 [toolkit.py] => Total params:     103,487,003
2026-09-04 08:33:03,814 [toolkit.py] => Trainable params: 384,020
2026-09-04 08:33:03,814 [toolkit.py] => Trainable ratio:  0.3711%
2026-09-04 08:33:45,175 [ewclora.py] => Task 6, Epoch 10/10 => Loss 0.196, Train_accy 94.30
2026-09-04 08:33:45,177 [trainer.py] => Training time: 0h 0m 41s
2026-09-04 08:33:50,670 [trainer.py] => Evaluation time: 0h 0m 5s
2026-09-04 08:33:54,330 [trainer.py] => Accuracy: {'total': 64.98, '00-19': 77.0, '20-39': 77.29, '40-59': 61.35, '60-79': 74.83, '80-99': 43.14, '100-119': 17.65, '120-139': 42.7, 'old': 66.73, 'new': 42.7}
2026-09-04 08:33:54,330 [trainer.py] => (curve) top1 Acc: [86.26, 79.61, 73.87, 72.36, 69.94, 66.99, 64.98]
2026-09-04 08:33:54,331 [trainer.py] => Avergae Acc: 73.43
2026-09-04 08:33:54,331 [trainer.py] => (curve) top1 Acc with task: [86.26, 86.52, 84.05, 84.47, 83.05, 81.07, 79.59]
2026-09-04 08:33:54,331 [trainer.py] => Avergae Acc: 83.57
2026-09-04 08:33:54,331 [trainer.py] => (curve) top1 Acc task: [100.0, 89.01, 83.44, 80.12, 77.62, 74.3, 72.41]
2026-09-04 08:33:54,331 [trainer.py] => Avergae Acc: 82.41
2026-09-04 08:33:54,331 [trainer.py] => ================================================================================
2026-09-04 08:33:54,331 [trainer.py] => ================================================================================
2026-09-04 08:33:54,332 [base.py] => Task 7 learning on class 140-160
2026-09-04 08:33:54,336 [toolkit.py] => Total params:     103,487,003
2026-09-04 08:33:54,336 [toolkit.py] => Trainable params: 384,020
2026-09-04 08:33:54,336 [toolkit.py] => Trainable ratio:  0.3711%
2026-09-04 08:34:33,181 [ewclora.py] => Task 7, Epoch 10/10 => Loss 0.169, Train_accy 96.26
2026-09-04 08:34:33,183 [trainer.py] => Training time: 0h 0m 38s
2026-09-04 08:34:38,830 [trainer.py] => Evaluation time: 0h 0m 5s
2026-09-04 08:34:42,305 [trainer.py] => Accuracy: {'total': 62.86, '00-19': 76.36, '20-39': 76.89, '40-59': 61.75, '60-79': 74.83, '80-99': 41.18, '100-119': 17.65, '120-139': 38.2, '140-159': 40.74, 'old': 64.33, 'new': 40.74}
2026-09-04 08:34:42,306 [trainer.py] => (curve) top1 Acc: [86.26, 79.61, 73.87, 72.36, 69.94, 66.99, 64.98, 62.86]
2026-09-04 08:34:42,306 [trainer.py] => Avergae Acc: 72.11
2026-09-04 08:34:42,306 [trainer.py] => (curve) top1 Acc with task: [86.26, 86.52, 84.05, 84.47, 83.05, 81.07, 79.59, 78.94]
2026-09-04 08:34:42,306 [trainer.py] => Avergae Acc: 82.99
2026-09-04 08:34:42,306 [trainer.py] => (curve) top1 Acc task: [100.0, 89.01, 83.44, 80.12, 77.62, 74.3, 72.41, 69.68]
2026-09-04 08:34:42,306 [trainer.py] => Avergae Acc: 80.82
2026-09-04 08:34:42,306 [trainer.py] => ================================================================================
2026-09-04 08:34:42,306 [trainer.py] => ================================================================================
2026-09-04 08:34:42,307 [base.py] => Task 8 learning on class 160-180
2026-09-04 08:34:42,317 [toolkit.py] => Total params:     103,487,003
2026-09-04 08:34:42,317 [toolkit.py] => Trainable params: 384,020
2026-09-04 08:34:42,317 [toolkit.py] => Trainable ratio:  0.3711%
2026-09-04 08:35:27,152 [ewclora.py] => Task 8, Epoch 10/10 => Loss 0.222, Train_accy 92.58
2026-09-04 08:35:27,153 [trainer.py] => Training time: 0h 0m 44s
2026-09-04 08:35:33,260 [trainer.py] => Evaluation time: 0h 0m 6s
2026-09-04 08:35:37,659 [trainer.py] => Accuracy: {'total': 60.09, '00-19': 75.72, '20-39': 77.69, '40-59': 61.75, '60-79': 74.83, '80-99': 41.18, '100-119': 16.18, '120-139': 37.08, '140-159': 35.8, '160-179': 28.87, 'old': 62.4, 'new': 28.87}
2026-09-04 08:35:37,660 [trainer.py] => (curve) top1 Acc: [86.26, 79.61, 73.87, 72.36, 69.94, 66.99, 64.98, 62.86, 60.09]
2026-09-04 08:35:37,660 [trainer.py] => Avergae Acc: 70.77
2026-09-04 08:35:37,660 [trainer.py] => (curve) top1 Acc with task: [86.26, 86.52, 84.05, 84.47, 83.05, 81.07, 79.59, 78.94, 77.62]
2026-09-04 08:35:37,660 [trainer.py] => Avergae Acc: 82.40
2026-09-04 08:35:37,660 [trainer.py] => (curve) top1 Acc task: [100.0, 89.01, 83.44, 80.12, 77.62, 74.3, 72.41, 69.68, 66.71]
2026-09-04 08:35:37,660 [trainer.py] => Avergae Acc: 79.25
2026-09-04 08:35:37,660 [trainer.py] => ================================================================================
2026-09-04 08:35:37,660 [trainer.py] => ================================================================================
2026-09-04 08:35:37,661 [base.py] => Task 9 learning on class 180-200
2026-09-04 08:35:37,665 [toolkit.py] => Total params:     103,487,003
2026-09-04 08:35:37,665 [toolkit.py] => Trainable params: 384,020
2026-09-04 08:35:37,665 [toolkit.py] => Trainable ratio:  0.3711%
2026-09-04 08:36:23,171 [ewclora.py] => Task 9, Epoch 10/10 => Loss 0.138, Train_accy 95.84
2026-09-04 08:36:23,173 [trainer.py] => Training time: 0h 0m 45s
2026-09-04 08:36:29,573 [trainer.py] => Evaluation time: 0h 0m 6s
2026-09-04 08:36:33,938 [trainer.py] => Accuracy: {'total': 59.4, '00-19': 76.04, '20-39': 76.89, '40-59': 61.75, '60-79': 73.51, '80-99': 42.16, '100-119': 16.18, '120-139': 35.96, '140-159': 37.04, '160-179': 26.8, '180-199': 53.61, 'old': 59.8, 'new': 53.61}
2026-09-04 08:36:33,938 [trainer.py] => (curve) top1 Acc: [86.26, 79.61, 73.87, 72.36, 69.94, 66.99, 64.98, 62.86, 60.09, 59.4]
2026-09-04 08:36:33,938 [trainer.py] => Avergae Acc: 69.64
2026-09-04 08:36:33,938 [trainer.py] => (curve) top1 Acc with task: [86.26, 86.52, 84.05, 84.47, 83.05, 81.07, 79.59, 78.94, 77.62, 76.73]
2026-09-04 08:36:33,938 [trainer.py] => Avergae Acc: 81.83
2026-09-04 08:36:33,938 [trainer.py] => (curve) top1 Acc task: [100.0, 89.01, 83.44, 80.12, 77.62, 74.3, 72.41, 69.68, 66.71, 65.6]
2026-09-04 08:36:33,938 [trainer.py] => Avergae Acc: 77.89
2026-09-04 08:36:33,938 [trainer.py] => ================================================================================
