2026-09-13 09:51:13,058 [toolkit.py] => config: configs/ewclora/imagenet-a_seed=2026.json
2026-09-13 09:51:13,058 [toolkit.py] => device: [device(type='cuda', index=1)]
2026-09-13 09:51:13,058 [toolkit.py] => debug: False
2026-09-13 09:51:13,058 [toolkit.py] => save_ckp: False
2026-09-13 09:51:13,058 [toolkit.py] => moe_list: None
2026-09-13 09:51:13,058 [toolkit.py] => seed: 2026
2026-09-13 09:51:13,059 [toolkit.py] => dataset: imagenet-a
2026-09-13 09:51:13,059 [toolkit.py] => data_path: data/imagenet-a
2026-09-13 09:51:13,059 [toolkit.py] => load: vit_base_patch16_224_in21k
2026-09-13 09:51:13,059 [toolkit.py] => init_cls: 20
2026-09-13 09:51:13,059 [toolkit.py] => increment: 20
2026-09-13 09:51:13,059 [toolkit.py] => sessions: 10
2026-09-13 09:51:13,059 [toolkit.py] => shuffle: False
2026-09-13 09:51:13,059 [toolkit.py] => method: ewclora
2026-09-13 09:51:13,059 [toolkit.py] => optimizer: adam
2026-09-13 09:51:13,059 [toolkit.py] => scheduler: cosine
2026-09-13 09:51:13,059 [toolkit.py] => epochs: 10
2026-09-13 09:51:13,059 [toolkit.py] => lrate: 0.0005
2026-09-13 09:51:13,059 [toolkit.py] => fc_lrate: 0.005
2026-09-13 09:51:13,059 [toolkit.py] => weight_decay: 0.0
2026-09-13 09:51:13,059 [toolkit.py] => batch_size: 128
2026-09-13 09:51:13,059 [toolkit.py] => rank: 10
2026-09-13 09:51:13,059 [toolkit.py] => num_workers: 16
2026-09-13 09:51:13,059 [toolkit.py] => gamma: 0.9
2026-09-13 09:51:13,059 [toolkit.py] => lambda: 10000000.0
2026-09-13 09:51:13,059 [toolkit.py] => lrate_head: 0
2026-09-13 09:51:13,059 [toolkit.py] => logdir: logs/ewclora/imagenet-a/t10
2026-09-13 09:51:13,059 [toolkit.py] => logfilename: logs/ewclora/imagenet-a/t10/seed2026
2026-09-13 09:51:13,085 [data_manager.py] => Class index order: 0, 1, 2, 3, 4, ..., 195, 196, 197, 198, 199
2026-09-13 09:51:15,368 [trainer.py] => ================================================================================
2026-09-13 09:51:15,368 [trainer.py] => Dataset Information
2026-09-13 09:51:15,368 [trainer.py] => ================================================================================
2026-09-13 09:51:15,368 [trainer.py] =>   Dataset name     : imagenet-a
2026-09-13 09:51:15,368 [trainer.py] =>   Data path        : data/imagenet-a
2026-09-13 09:51:15,368 [trainer.py] =>   Total classes    : 200
2026-09-13 09:51:15,368 [trainer.py] =>   Total tasks      : 10
2026-09-13 09:51:15,368 [trainer.py] =>   Task increments  : [20, 20, 20, 20, 20, 20, 20, 20, 20, 20]
2026-09-13 09:51:15,368 [trainer.py] =>   Init classes     : 20
2026-09-13 09:51:15,368 [trainer.py] =>   Increment per task: 20
2026-09-13 09:51:15,368 [trainer.py] =>   Shuffle          : False
2026-09-13 09:51:15,368 [trainer.py] =>   Seed             : 2026
2026-09-13 09:51:15,368 [trainer.py] => --------------------------------------------------------------------------------
2026-09-13 09:51:15,368 [trainer.py] => Task split:
2026-09-13 09:51:15,369 [trainer.py] =>   Task 0: classes 0-19 (20 classes) | Train: 1253 images (5 batches), Test: 313 images (2 batches)
2026-09-13 09:51:15,370 [trainer.py] =>   Task 1: classes 20-39 (20 classes) | Train: 1000 images (4 batches), Test: 251 images (1 batches)
2026-09-13 09:51:15,371 [trainer.py] =>   Task 2: classes 40-59 (20 classes) | Train: 1000 images (4 batches), Test: 251 images (1 batches)
2026-09-13 09:51:15,371 [trainer.py] =>   Task 3: classes 60-79 (20 classes) | Train: 610 images (3 batches), Test: 151 images (1 batches)
2026-09-13 09:51:15,372 [trainer.py] =>   Task 4: classes 80-99 (20 classes) | Train: 426 images (2 batches), Test: 102 images (1 batches)
2026-09-13 09:51:15,372 [trainer.py] =>   Task 5: classes 100-119 (20 classes) | Train: 263 images (2 batches), Test: 68 images (1 batches)
2026-09-13 09:51:15,373 [trainer.py] =>   Task 6: classes 120-139 (20 classes) | Train: 351 images (2 batches), Test: 89 images (1 batches)
2026-09-13 09:51:15,373 [trainer.py] =>   Task 7: classes 140-159 (20 classes) | Train: 321 images (2 batches), Test: 81 images (1 batches)
2026-09-13 09:51:15,374 [trainer.py] =>   Task 8: classes 160-179 (20 classes) | Train: 391 images (2 batches), Test: 97 images (1 batches)
2026-09-13 09:51:15,374 [trainer.py] =>   Task 9: classes 180-199 (20 classes) | Train: 385 images (2 batches), Test: 97 images (1 batches)
2026-09-13 09:51:15,374 [trainer.py] => ================================================================================
2026-09-13 09:51:15,374 [trainer.py] => ================================================================================
2026-09-13 09:51:15,375 [base.py] => Task 0 learning on class 0-20
2026-09-13 09:51:15,881 [toolkit.py] => Total params:     103,487,003
2026-09-13 09:51:15,881 [toolkit.py] => Trainable params: 384,020
2026-09-13 09:51:15,881 [toolkit.py] => Trainable ratio:  0.3711%
2026-09-13 09:53:14,120 [ewclora.py] => Task 0, Epoch 10/10 => Loss 0.287, Train_accy 91.14
2026-09-13 09:53:14,120 [trainer.py] => Training time: 0h 1m 58s
2026-09-13 09:53:16,345 [trainer.py] => Evaluation time: 0h 0m 2s
2026-09-13 09:53:28,015 [trainer.py] => Accuracy: {'total': 86.26, '00-19': 86.26, 'old': 0, 'new': 86.26}
2026-09-13 09:53:28,015 [trainer.py] => (curve) top1 Acc: [86.26]
2026-09-13 09:53:28,015 [trainer.py] => Avergae Acc: 86.26
2026-09-13 09:53:28,015 [trainer.py] => (curve) top1 Acc with task: [86.26]
2026-09-13 09:53:28,015 [trainer.py] => Avergae Acc: 86.26
2026-09-13 09:53:28,015 [trainer.py] => (curve) top1 Acc task: [100.0]
2026-09-13 09:53:28,015 [trainer.py] => Avergae Acc: 100.00
2026-09-13 09:53:28,015 [trainer.py] => ================================================================================
2026-09-13 09:53:28,015 [trainer.py] => ================================================================================
2026-09-13 09:53:28,016 [base.py] => Task 1 learning on class 20-40
2026-09-13 09:53:28,020 [toolkit.py] => Total params:     103,487,003
2026-09-13 09:53:28,020 [toolkit.py] => Trainable params: 384,020
2026-09-13 09:53:28,020 [toolkit.py] => Trainable ratio:  0.3711%
2026-09-13 09:55:04,397 [ewclora.py] => Task 1, Epoch 10/10 => Loss 0.226, Train_accy 92.70
2026-09-13 09:55:04,398 [trainer.py] => Training time: 0h 1m 36s
2026-09-13 09:55:07,462 [trainer.py] => Evaluation time: 0h 0m 3s
2026-09-13 09:55:16,542 [trainer.py] => Accuracy: {'total': 79.26, '00-19': 78.91, '20-39': 79.68, 'old': 78.91, 'new': 79.68}
2026-09-13 09:55:16,542 [trainer.py] => (curve) top1 Acc: [86.26, 79.26]
2026-09-13 09:55:16,543 [trainer.py] => Avergae Acc: 82.76
2026-09-13 09:55:16,543 [trainer.py] => (curve) top1 Acc with task: [86.26, 86.88]
2026-09-13 09:55:16,543 [trainer.py] => Avergae Acc: 86.57
2026-09-13 09:55:16,543 [trainer.py] => (curve) top1 Acc task: [100.0, 88.3]
2026-09-13 09:55:16,543 [trainer.py] => Avergae Acc: 94.15
2026-09-13 09:55:16,543 [trainer.py] => ================================================================================
2026-09-13 09:55:16,543 [trainer.py] => ================================================================================
2026-09-13 09:55:16,544 [base.py] => Task 2 learning on class 40-60
2026-09-13 09:55:16,548 [toolkit.py] => Total params:     103,487,003
2026-09-13 09:55:16,548 [toolkit.py] => Trainable params: 384,020
2026-09-13 09:55:16,548 [toolkit.py] => Trainable ratio:  0.3711%
2026-09-13 09:56:53,278 [ewclora.py] => Task 2, Epoch 10/10 => Loss 0.286, Train_accy 91.40
2026-09-13 09:56:53,280 [trainer.py] => Training time: 0h 1m 36s
2026-09-13 09:56:57,335 [trainer.py] => Evaluation time: 0h 0m 4s
2026-09-13 09:57:06,545 [trainer.py] => Accuracy: {'total': 73.87, '00-19': 77.96, '20-39': 78.09, '40-59': 64.54, 'old': 78.01, 'new': 64.54}
2026-09-13 09:57:06,545 [trainer.py] => (curve) top1 Acc: [86.26, 79.26, 73.87]
2026-09-13 09:57:06,545 [trainer.py] => Avergae Acc: 79.80
2026-09-13 09:57:06,545 [trainer.py] => (curve) top1 Acc with task: [86.26, 86.88, 84.17]
2026-09-13 09:57:06,545 [trainer.py] => Avergae Acc: 85.77
2026-09-13 09:57:06,545 [trainer.py] => (curve) top1 Acc task: [100.0, 88.3, 82.7]
2026-09-13 09:57:06,545 [trainer.py] => Avergae Acc: 90.33
2026-09-13 09:57:06,545 [trainer.py] => ================================================================================
2026-09-13 09:57:06,545 [trainer.py] => ================================================================================
2026-09-13 09:57:06,546 [base.py] => Task 3 learning on class 60-80
2026-09-13 09:57:06,550 [toolkit.py] => Total params:     103,487,003
2026-09-13 09:57:06,550 [toolkit.py] => Trainable params: 384,020
2026-09-13 09:57:06,550 [toolkit.py] => Trainable ratio:  0.3711%
2026-09-13 09:58:09,418 [ewclora.py] => Task 3, Epoch 10/10 => Loss 0.218, Train_accy 92.95
2026-09-13 09:58:09,419 [trainer.py] => Training time: 0h 1m 2s
2026-09-13 09:58:13,858 [trainer.py] => Evaluation time: 0h 0m 4s
2026-09-13 09:58:19,680 [trainer.py] => Accuracy: {'total': 72.26, '00-19': 75.72, '20-39': 77.69, '40-59': 60.56, '60-79': 75.5, 'old': 71.66, 'new': 75.5}
2026-09-13 09:58:19,680 [trainer.py] => (curve) top1 Acc: [86.26, 79.26, 73.87, 72.26]
2026-09-13 09:58:19,680 [trainer.py] => Avergae Acc: 77.91
2026-09-13 09:58:19,680 [trainer.py] => (curve) top1 Acc with task: [86.26, 86.88, 84.17, 84.47]
2026-09-13 09:58:19,680 [trainer.py] => Avergae Acc: 85.44
2026-09-13 09:58:19,680 [trainer.py] => (curve) top1 Acc task: [100.0, 88.3, 82.7, 79.92]
2026-09-13 09:58:19,680 [trainer.py] => Avergae Acc: 87.73
2026-09-13 09:58:19,680 [trainer.py] => ================================================================================
2026-09-13 09:58:19,680 [trainer.py] => ================================================================================
2026-09-13 09:58:19,681 [base.py] => Task 4 learning on class 80-100
2026-09-13 09:58:19,685 [toolkit.py] => Total params:     103,487,003
2026-09-13 09:58:19,685 [toolkit.py] => Trainable params: 384,020
2026-09-13 09:58:19,685 [toolkit.py] => Trainable ratio:  0.3711%
2026-09-13 09:59:06,070 [ewclora.py] => Task 4, Epoch 10/10 => Loss 0.207, Train_accy 94.84
2026-09-13 09:59:06,071 [trainer.py] => Training time: 0h 0m 46s
2026-09-13 09:59:10,830 [trainer.py] => Evaluation time: 0h 0m 4s
2026-09-13 09:59:15,288 [trainer.py] => Accuracy: {'total': 69.29, '00-19': 75.08, '20-39': 77.29, '40-59': 60.56, '60-79': 74.17, '80-99': 46.08, 'old': 71.74, 'new': 46.08}
2026-09-13 09:59:15,289 [trainer.py] => (curve) top1 Acc: [86.26, 79.26, 73.87, 72.26, 69.29]
2026-09-13 09:59:15,289 [trainer.py] => Avergae Acc: 76.19
2026-09-13 09:59:15,289 [trainer.py] => (curve) top1 Acc with task: [86.26, 86.88, 84.17, 84.47, 82.4]
2026-09-13 09:59:15,289 [trainer.py] => Avergae Acc: 84.84
2026-09-13 09:59:15,289 [trainer.py] => (curve) top1 Acc task: [100.0, 88.3, 82.7, 79.92, 77.43]
2026-09-13 09:59:15,289 [trainer.py] => Avergae Acc: 85.67
2026-09-13 09:59:15,289 [trainer.py] => ================================================================================
2026-09-13 09:59:15,289 [trainer.py] => ================================================================================
2026-09-13 09:59:15,290 [base.py] => Task 5 learning on class 100-120
2026-09-13 09:59:15,294 [toolkit.py] => Total params:     103,487,003
2026-09-13 09:59:15,294 [toolkit.py] => Trainable params: 384,020
2026-09-13 09:59:15,294 [toolkit.py] => Trainable ratio:  0.3711%
2026-09-13 09:59:48,053 [ewclora.py] => Task 5, Epoch 10/10 => Loss 0.165, Train_accy 93.54
2026-09-13 09:59:48,054 [trainer.py] => Training time: 0h 0m 32s
2026-09-13 09:59:53,053 [trainer.py] => Evaluation time: 0h 0m 4s
2026-09-13 09:59:56,290 [trainer.py] => Accuracy: {'total': 67.08, '00-19': 75.4, '20-39': 76.89, '40-59': 60.96, '60-79': 75.5, '80-99': 47.06, '100-119': 26.47, 'old': 69.66, 'new': 26.47}
2026-09-13 09:59:56,290 [trainer.py] => (curve) top1 Acc: [86.26, 79.26, 73.87, 72.26, 69.29, 67.08]
2026-09-13 09:59:56,290 [trainer.py] => Avergae Acc: 74.67
2026-09-13 09:59:56,290 [trainer.py] => (curve) top1 Acc with task: [86.26, 86.88, 84.17, 84.47, 82.4, 80.81]
2026-09-13 09:59:56,290 [trainer.py] => Avergae Acc: 84.16
2026-09-13 09:59:56,290 [trainer.py] => (curve) top1 Acc task: [100.0, 88.3, 82.7, 79.92, 77.43, 75.09]
2026-09-13 09:59:56,290 [trainer.py] => Avergae Acc: 83.91
2026-09-13 09:59:56,290 [trainer.py] => ================================================================================
2026-09-13 09:59:56,290 [trainer.py] => ================================================================================
2026-09-13 09:59:56,291 [base.py] => Task 6 learning on class 120-140
2026-09-13 09:59:56,295 [toolkit.py] => Total params:     103,487,003
2026-09-13 09:59:56,295 [toolkit.py] => Trainable params: 384,020
2026-09-13 09:59:56,295 [toolkit.py] => Trainable ratio:  0.3711%
2026-09-13 10:00:36,049 [ewclora.py] => Task 6, Epoch 10/10 => Loss 0.165, Train_accy 95.73
2026-09-13 10:00:36,050 [trainer.py] => Training time: 0h 0m 39s
2026-09-13 10:00:41,378 [trainer.py] => Evaluation time: 0h 0m 5s
2026-09-13 10:00:44,920 [trainer.py] => Accuracy: {'total': 64.9, '00-19': 75.72, '20-39': 76.1, '40-59': 61.35, '60-79': 74.17, '80-99': 42.16, '100-119': 25.0, '120-139': 46.07, 'old': 66.37, 'new': 46.07}
2026-09-13 10:00:44,920 [trainer.py] => (curve) top1 Acc: [86.26, 79.26, 73.87, 72.26, 69.29, 67.08, 64.9]
2026-09-13 10:00:44,920 [trainer.py] => Avergae Acc: 73.27
2026-09-13 10:00:44,920 [trainer.py] => (curve) top1 Acc with task: [86.26, 86.88, 84.17, 84.47, 82.4, 80.81, 80.16]
2026-09-13 10:00:44,921 [trainer.py] => Avergae Acc: 83.59
2026-09-13 10:00:44,921 [trainer.py] => (curve) top1 Acc task: [100.0, 88.3, 82.7, 79.92, 77.43, 75.09, 72.49]
2026-09-13 10:00:44,921 [trainer.py] => Avergae Acc: 82.28
2026-09-13 10:00:44,921 [trainer.py] => ================================================================================
2026-09-13 10:00:44,921 [trainer.py] => ================================================================================
2026-09-13 10:00:44,921 [base.py] => Task 7 learning on class 140-160
2026-09-13 10:00:44,925 [toolkit.py] => Total params:     103,487,003
2026-09-13 10:00:44,925 [toolkit.py] => Trainable params: 384,020
2026-09-13 10:00:44,925 [toolkit.py] => Trainable ratio:  0.3711%
2026-09-13 10:01:22,126 [ewclora.py] => Task 7, Epoch 10/10 => Loss 0.149, Train_accy 96.26
2026-09-13 10:01:22,127 [trainer.py] => Training time: 0h 0m 37s
2026-09-13 10:01:27,659 [trainer.py] => Evaluation time: 0h 0m 5s
2026-09-13 10:01:31,084 [trainer.py] => Accuracy: {'total': 63.25, '00-19': 76.68, '20-39': 76.49, '40-59': 60.56, '60-79': 74.83, '80-99': 41.18, '100-119': 22.06, '120-139': 46.07, '140-159': 38.27, 'old': 64.9, 'new': 38.27}
2026-09-13 10:01:31,084 [trainer.py] => (curve) top1 Acc: [86.26, 79.26, 73.87, 72.26, 69.29, 67.08, 64.9, 63.25]
2026-09-13 10:01:31,084 [trainer.py] => Avergae Acc: 72.02
2026-09-13 10:01:31,084 [trainer.py] => (curve) top1 Acc with task: [86.26, 86.88, 84.17, 84.47, 82.4, 80.81, 80.16, 79.4]
2026-09-13 10:01:31,084 [trainer.py] => Avergae Acc: 83.07
2026-09-13 10:01:31,084 [trainer.py] => (curve) top1 Acc task: [100.0, 88.3, 82.7, 79.92, 77.43, 75.09, 72.49, 70.21]
2026-09-13 10:01:31,084 [trainer.py] => Avergae Acc: 80.77
2026-09-13 10:01:31,084 [trainer.py] => ================================================================================
2026-09-13 10:01:31,085 [trainer.py] => ================================================================================
2026-09-13 10:01:31,085 [base.py] => Task 8 learning on class 160-180
2026-09-13 10:01:31,089 [toolkit.py] => Total params:     103,487,003
2026-09-13 10:01:31,089 [toolkit.py] => Trainable params: 384,020
2026-09-13 10:01:31,089 [toolkit.py] => Trainable ratio:  0.3711%
2026-09-13 10:02:14,633 [ewclora.py] => Task 8, Epoch 10/10 => Loss 0.187, Train_accy 93.61
2026-09-13 10:02:14,634 [trainer.py] => Training time: 0h 0m 43s
2026-09-13 10:02:20,501 [trainer.py] => Evaluation time: 0h 0m 5s
2026-09-13 10:02:24,776 [trainer.py] => Accuracy: {'total': 60.8, '00-19': 77.0, '20-39': 76.49, '40-59': 59.76, '60-79': 74.83, '80-99': 41.18, '100-119': 22.06, '120-139': 42.7, '140-159': 37.04, '160-179': 32.99, 'old': 62.86, 'new': 32.99}
2026-09-13 10:02:24,776 [trainer.py] => (curve) top1 Acc: [86.26, 79.26, 73.87, 72.26, 69.29, 67.08, 64.9, 63.25, 60.8]
2026-09-13 10:02:24,776 [trainer.py] => Avergae Acc: 70.77
2026-09-13 10:02:24,776 [trainer.py] => (curve) top1 Acc with task: [86.26, 86.88, 84.17, 84.47, 82.4, 80.81, 80.16, 79.4, 78.26]
2026-09-13 10:02:24,776 [trainer.py] => Avergae Acc: 82.53
2026-09-13 10:02:24,776 [trainer.py] => (curve) top1 Acc task: [100.0, 88.3, 82.7, 79.92, 77.43, 75.09, 72.49, 70.21, 66.93]
2026-09-13 10:02:24,776 [trainer.py] => Avergae Acc: 79.23
2026-09-13 10:02:24,776 [trainer.py] => ================================================================================
2026-09-13 10:02:24,776 [trainer.py] => ================================================================================
2026-09-13 10:02:24,777 [base.py] => Task 9 learning on class 180-200
2026-09-13 10:02:24,781 [toolkit.py] => Total params:     103,487,003
2026-09-13 10:02:24,781 [toolkit.py] => Trainable params: 384,020
2026-09-13 10:02:24,781 [toolkit.py] => Trainable ratio:  0.3711%
2026-09-13 10:03:08,607 [ewclora.py] => Task 9, Epoch 10/10 => Loss 0.122, Train_accy 96.88
2026-09-13 10:03:08,608 [trainer.py] => Training time: 0h 0m 43s
2026-09-13 10:03:14,781 [trainer.py] => Evaluation time: 0h 0m 6s
2026-09-13 10:03:19,102 [trainer.py] => Accuracy: {'total': 59.6, '00-19': 76.68, '20-39': 75.7, '40-59': 59.76, '60-79': 75.5, '80-99': 39.22, '100-119': 22.06, '120-139': 41.57, '140-159': 37.04, '160-179': 31.96, '180-199': 48.45, 'old': 60.37, 'new': 48.45}
2026-09-13 10:03:19,102 [trainer.py] => (curve) top1 Acc: [86.26, 79.26, 73.87, 72.26, 69.29, 67.08, 64.9, 63.25, 60.8, 59.6]
2026-09-13 10:03:19,102 [trainer.py] => Avergae Acc: 69.66
2026-09-13 10:03:19,103 [trainer.py] => (curve) top1 Acc with task: [86.26, 86.88, 84.17, 84.47, 82.4, 80.81, 80.16, 79.4, 78.26, 77.73]
2026-09-13 10:03:19,103 [trainer.py] => Avergae Acc: 82.05
2026-09-13 10:03:19,103 [trainer.py] => (curve) top1 Acc task: [100.0, 88.3, 82.7, 79.92, 77.43, 75.09, 72.49, 70.21, 66.93, 65.53]
2026-09-13 10:03:19,103 [trainer.py] => Avergae Acc: 77.86
2026-09-13 10:03:19,103 [trainer.py] => ================================================================================
