2026-02-17 16:07:16,399 [toolkit.py] => config: configs/ewclora/imagenet-a.json
2026-02-17 16:07:16,399 [toolkit.py] => device: [device(type='cuda', index=0)]
2026-02-17 16:07:16,399 [toolkit.py] => debug: False
2026-02-17 16:07:16,399 [toolkit.py] => save_ckp: False
2026-02-17 16:07:16,399 [toolkit.py] => seed: 0
2026-02-17 16:07:16,399 [toolkit.py] => dataset: imagenet-a
2026-02-17 16:07:16,399 [toolkit.py] => data_path: data/imagenet-a
2026-02-17 16:07:16,399 [toolkit.py] => load: vit_base_patch16_224_in21k
2026-02-17 16:07:16,399 [toolkit.py] => init_cls: 20
2026-02-17 16:07:16,399 [toolkit.py] => increment: 20
2026-02-17 16:07:16,399 [toolkit.py] => sessions: 10
2026-02-17 16:07:16,399 [toolkit.py] => shuffle: False
2026-02-17 16:07:16,399 [toolkit.py] => method: ewclora
2026-02-17 16:07:16,399 [toolkit.py] => optimizer: adam
2026-02-17 16:07:16,399 [toolkit.py] => scheduler: cosine
2026-02-17 16:07:16,399 [toolkit.py] => epochs: 20
2026-02-17 16:07:16,399 [toolkit.py] => lrate: 0.0005
2026-02-17 16:07:16,399 [toolkit.py] => fc_lrate: 0.005
2026-02-17 16:07:16,399 [toolkit.py] => weight_decay: 0.0
2026-02-17 16:07:16,400 [toolkit.py] => batch_size: 128
2026-02-17 16:07:16,400 [toolkit.py] => rank: 10
2026-02-17 16:07:16,400 [toolkit.py] => num_workers: 16
2026-02-17 16:07:16,400 [toolkit.py] => gamma: 1.0
2026-02-17 16:07:16,400 [toolkit.py] => lambda: 10000000.0
2026-02-17 16:07:16,400 [toolkit.py] => logdir: logs/ewclora/imagenet-a/t10
2026-02-17 16:07:16,400 [toolkit.py] => logfilename: logs/ewclora/imagenet-a/t10/seed0
2026-02-17 16:07:16,436 [data_manager.py] => Class index order: 0, 1, 2, 3, 4, ..., 195, 196, 197, 198, 199
2026-02-17 16:07:18,852 [trainer.py] => ================================================================================
2026-02-17 16:07:18,854 [base.py] => Task 0 learning on class 0-20
2026-02-17 16:07:22,848 [toolkit.py] => Total params:     103,487,003
2026-02-17 16:07:22,849 [toolkit.py] => Trainable params: 384,020
2026-02-17 16:07:22,849 [toolkit.py] => Trainable ratio:  0.3711%
2026-02-17 16:12:28,581 [ewclora.py] => Task 0, Epoch 20/20 => Loss 0.241, Train_accy 93.06
2026-02-17 16:12:28,582 [trainer.py] => Training time: 0h 5m 9s
2026-02-17 16:12:31,980 [trainer.py] => Evaluation time: 0h 0m 3s
2026-02-17 16:12:46,658 [trainer.py] => Accuracy: {'total': 85.94, '00-19': 85.94, 'old': 0, 'new': 85.94}
2026-02-17 16:12:46,658 [trainer.py] => (curve) top1 Acc: [85.94]
2026-02-17 16:12:46,659 [trainer.py] => (curve) top1 Acc with task: [85.94]
2026-02-17 16:12:46,659 [trainer.py] => (curve) top1 Acc task: [1.0]
2026-02-17 16:12:46,659 [trainer.py] => ================================================================================
2026-02-17 16:12:46,659 [trainer.py] => ================================================================================
2026-02-17 16:12:46,661 [base.py] => Task 1 learning on class 20-40
2026-02-17 16:12:46,667 [toolkit.py] => Total params:     103,487,003
2026-02-17 16:12:46,667 [toolkit.py] => Trainable params: 384,020
2026-02-17 16:12:46,667 [toolkit.py] => Trainable ratio:  0.3711%
2026-02-17 16:16:59,649 [ewclora.py] => Task 1, Epoch 20/20 => Loss 0.140, Train_accy 95.40
2026-02-17 16:16:59,650 [trainer.py] => Training time: 0h 4m 12s
2026-02-17 16:17:04,295 [trainer.py] => Evaluation time: 0h 0m 4s
2026-02-17 16:17:16,074 [trainer.py] => Accuracy: {'total': 77.48, '00-19': 78.59, '20-39': 76.1, 'old': 78.59, 'new': 76.1}
2026-02-17 16:17:16,074 [trainer.py] => (curve) top1 Acc: [85.94, 77.48]
2026-02-17 16:17:16,074 [trainer.py] => (curve) top1 Acc with task: [85.94, 85.46]
2026-02-17 16:17:16,074 [trainer.py] => (curve) top1 Acc task: [1.0, 0.8812056737588653]
2026-02-17 16:17:16,074 [trainer.py] => ================================================================================
2026-02-17 16:17:16,074 [trainer.py] => ================================================================================
2026-02-17 16:17:16,076 [base.py] => Task 2 learning on class 40-60
2026-02-17 16:17:16,082 [toolkit.py] => Total params:     103,487,003
2026-02-17 16:17:16,082 [toolkit.py] => Trainable params: 384,020
2026-02-17 16:17:16,082 [toolkit.py] => Trainable ratio:  0.3711%
2026-02-17 16:21:28,411 [ewclora.py] => Task 2, Epoch 20/20 => Loss 0.197, Train_accy 94.30
2026-02-17 16:21:28,412 [trainer.py] => Training time: 0h 4m 12s
2026-02-17 16:21:34,114 [trainer.py] => Evaluation time: 0h 0m 5s
2026-02-17 16:21:46,078 [trainer.py] => Accuracy: {'total': 70.92, '00-19': 75.72, '20-39': 75.7, '40-59': 60.16, 'old': 75.71, 'new': 60.16}
2026-02-17 16:21:46,078 [trainer.py] => (curve) top1 Acc: [85.94, 77.48, 70.92]
2026-02-17 16:21:46,078 [trainer.py] => (curve) top1 Acc with task: [85.94, 85.46, 82.33]
2026-02-17 16:21:46,078 [trainer.py] => (curve) top1 Acc task: [1.0, 0.8812056737588653, 0.8085889570552147]
2026-02-17 16:21:46,078 [trainer.py] => ================================================================================
2026-02-17 16:21:46,078 [trainer.py] => ================================================================================
2026-02-17 16:21:46,080 [base.py] => Task 3 learning on class 60-80
2026-02-17 16:21:46,085 [toolkit.py] => Total params:     103,487,003
2026-02-17 16:21:46,085 [toolkit.py] => Trainable params: 384,020
2026-02-17 16:21:46,085 [toolkit.py] => Trainable ratio:  0.3711%
2026-02-17 16:24:32,143 [ewclora.py] => Task 3, Epoch 20/20 => Loss 0.158, Train_accy 94.10
2026-02-17 16:24:32,144 [trainer.py] => Training time: 0h 2m 46s
2026-02-17 16:24:38,543 [trainer.py] => Evaluation time: 0h 0m 6s
2026-02-17 16:24:46,253 [trainer.py] => Accuracy: {'total': 69.98, '00-19': 73.16, '20-39': 74.5, '40-59': 56.97, '60-79': 77.48, 'old': 68.59, 'new': 77.48}
2026-02-17 16:24:46,254 [trainer.py] => (curve) top1 Acc: [85.94, 77.48, 70.92, 69.98]
2026-02-17 16:24:46,254 [trainer.py] => (curve) top1 Acc with task: [85.94, 85.46, 82.33, 83.44]
2026-02-17 16:24:46,254 [trainer.py] => (curve) top1 Acc task: [1.0, 0.8812056737588653, 0.8085889570552147, 0.7753623188405797]
2026-02-17 16:24:46,254 [trainer.py] => ================================================================================
2026-02-17 16:24:46,254 [trainer.py] => ================================================================================
2026-02-17 16:24:46,255 [base.py] => Task 4 learning on class 80-100
2026-02-17 16:24:46,261 [toolkit.py] => Total params:     103,487,003
2026-02-17 16:24:46,261 [toolkit.py] => Trainable params: 384,020
2026-02-17 16:24:46,261 [toolkit.py] => Trainable ratio:  0.3711%
2026-02-17 16:26:50,712 [ewclora.py] => Task 4, Epoch 20/20 => Loss 0.085, Train_accy 96.71
2026-02-17 16:26:50,713 [trainer.py] => Training time: 0h 2m 4s
2026-02-17 16:26:57,537 [trainer.py] => Evaluation time: 0h 0m 6s
2026-02-17 16:27:03,489 [trainer.py] => Accuracy: {'total': 66.48, '00-19': 71.88, '20-39': 73.71, '40-59': 56.97, '60-79': 76.82, '80-99': 40.2, 'old': 69.25, 'new': 40.2}
2026-02-17 16:27:03,490 [trainer.py] => (curve) top1 Acc: [85.94, 77.48, 70.92, 69.98, 66.48]
2026-02-17 16:27:03,490 [trainer.py] => (curve) top1 Acc with task: [85.94, 85.46, 82.33, 83.44, 80.71]
2026-02-17 16:27:03,490 [trainer.py] => (curve) top1 Acc task: [1.0, 0.8812056737588653, 0.8085889570552147, 0.7753623188405797, 0.7406367041198502]
2026-02-17 16:27:03,490 [trainer.py] => ================================================================================
2026-02-17 16:27:03,490 [trainer.py] => ================================================================================
2026-02-17 16:27:03,491 [base.py] => Task 5 learning on class 100-120
2026-02-17 16:27:03,496 [toolkit.py] => Total params:     103,487,003
2026-02-17 16:27:03,496 [toolkit.py] => Trainable params: 384,020
2026-02-17 16:27:03,496 [toolkit.py] => Trainable ratio:  0.3711%
2026-02-17 16:28:31,735 [ewclora.py] => Task 5, Epoch 20/20 => Loss 0.113, Train_accy 96.20
2026-02-17 16:28:31,737 [trainer.py] => Training time: 0h 1m 28s
2026-02-17 16:28:38,905 [trainer.py] => Evaluation time: 0h 0m 7s
2026-02-17 16:28:43,246 [trainer.py] => Accuracy: {'total': 63.38, '00-19': 71.25, '20-39': 74.1, '40-59': 56.57, '60-79': 76.16, '80-99': 38.24, '100-119': 22.06, 'old': 66.01, 'new': 22.06}
2026-02-17 16:28:43,246 [trainer.py] => (curve) top1 Acc: [85.94, 77.48, 70.92, 69.98, 66.48, 63.38]
2026-02-17 16:28:43,246 [trainer.py] => (curve) top1 Acc with task: [85.94, 85.46, 82.33, 83.44, 80.71, 78.08]
2026-02-17 16:28:43,247 [trainer.py] => (curve) top1 Acc task: [1.0, 0.8812056737588653, 0.8085889570552147, 0.7753623188405797, 0.7406367041198502, 0.7139084507042254]
2026-02-17 16:28:43,247 [trainer.py] => ================================================================================
2026-02-17 16:28:43,247 [trainer.py] => ================================================================================
2026-02-17 16:28:43,248 [base.py] => Task 6 learning on class 120-140
2026-02-17 16:28:43,254 [toolkit.py] => Total params:     103,487,003
2026-02-17 16:28:43,254 [toolkit.py] => Trainable params: 384,020
2026-02-17 16:28:43,254 [toolkit.py] => Trainable ratio:  0.3711%
2026-02-17 16:30:31,399 [ewclora.py] => Task 6, Epoch 20/20 => Loss 0.121, Train_accy 96.01
2026-02-17 16:30:31,401 [trainer.py] => Training time: 0h 1m 48s
2026-02-17 16:30:39,135 [trainer.py] => Evaluation time: 0h 0m 7s
2026-02-17 16:30:43,964 [trainer.py] => Accuracy: {'total': 61.8, '00-19': 71.88, '20-39': 73.31, '40-59': 56.97, '60-79': 74.17, '80-99': 36.27, '100-119': 23.53, '120-139': 44.94, 'old': 63.12, 'new': 44.94}
2026-02-17 16:30:43,966 [trainer.py] => (curve) top1 Acc: [85.94, 77.48, 70.92, 69.98, 66.48, 63.38, 61.8]
2026-02-17 16:30:43,966 [trainer.py] => (curve) top1 Acc with task: [85.94, 85.46, 82.33, 83.44, 80.71, 78.08, 77.22]
2026-02-17 16:30:43,966 [trainer.py] => (curve) top1 Acc task: [1.0, 0.8812056737588653, 0.8085889570552147, 0.7753623188405797, 0.7406367041198502, 0.7139084507042254, 0.6955102040816327]
2026-02-17 16:30:43,966 [trainer.py] => ================================================================================
2026-02-17 16:30:43,966 [trainer.py] => ================================================================================
2026-02-17 16:30:43,967 [base.py] => Task 7 learning on class 140-160
2026-02-17 16:30:43,975 [toolkit.py] => Total params:     103,487,003
2026-02-17 16:30:43,975 [toolkit.py] => Trainable params: 384,020
2026-02-17 16:30:43,975 [toolkit.py] => Trainable ratio:  0.3711%
2026-02-17 16:32:24,948 [ewclora.py] => Task 7, Epoch 20/20 => Loss 0.069, Train_accy 96.88
2026-02-17 16:32:24,950 [trainer.py] => Training time: 0h 1m 40s
2026-02-17 16:32:33,051 [trainer.py] => Evaluation time: 0h 0m 8s
2026-02-17 16:32:37,714 [trainer.py] => Accuracy: {'total': 59.95, '00-19': 72.2, '20-39': 73.31, '40-59': 56.97, '60-79': 74.17, '80-99': 36.27, '100-119': 22.06, '120-139': 40.45, '140-159': 37.04, 'old': 61.47, 'new': 37.04}
2026-02-17 16:32:37,715 [trainer.py] => (curve) top1 Acc: [85.94, 77.48, 70.92, 69.98, 66.48, 63.38, 61.8, 59.95]
2026-02-17 16:32:37,715 [trainer.py] => (curve) top1 Acc with task: [85.94, 85.46, 82.33, 83.44, 80.71, 78.08, 77.22, 76.42]
2026-02-17 16:32:37,715 [trainer.py] => (curve) top1 Acc task: [1.0, 0.8812056737588653, 0.8085889570552147, 0.7753623188405797, 0.7406367041198502, 0.7139084507042254, 0.6955102040816327, 0.6722817764165391]
2026-02-17 16:32:37,715 [trainer.py] => ================================================================================
2026-02-17 16:32:37,715 [trainer.py] => ================================================================================
2026-02-17 16:32:37,716 [base.py] => Task 8 learning on class 160-180
2026-02-17 16:32:37,721 [toolkit.py] => Total params:     103,487,003
2026-02-17 16:32:37,721 [toolkit.py] => Trainable params: 384,020
2026-02-17 16:32:37,721 [toolkit.py] => Trainable ratio:  0.3711%
2026-02-17 16:34:34,409 [ewclora.py] => Task 8, Epoch 20/20 => Loss 0.088, Train_accy 98.21
2026-02-17 16:34:34,411 [trainer.py] => Training time: 0h 1m 56s
2026-02-17 16:34:42,890 [trainer.py] => Evaluation time: 0h 0m 8s
2026-02-17 16:34:48,633 [trainer.py] => Accuracy: {'total': 57.16, '00-19': 72.2, '20-39': 72.51, '40-59': 55.78, '60-79': 74.17, '80-99': 33.33, '100-119': 19.12, '120-139': 37.08, '140-159': 37.04, '160-179': 32.99, 'old': 58.96, 'new': 32.99}
2026-02-17 16:34:48,633 [trainer.py] => (curve) top1 Acc: [85.94, 77.48, 70.92, 69.98, 66.48, 63.38, 61.8, 59.95, 57.16]
2026-02-17 16:34:48,633 [trainer.py] => (curve) top1 Acc with task: [85.94, 85.46, 82.33, 83.44, 80.71, 78.08, 77.22, 76.42, 75.62]
2026-02-17 16:34:48,633 [trainer.py] => (curve) top1 Acc task: [1.0, 0.8812056737588653, 0.8085889570552147, 0.7753623188405797, 0.7406367041198502, 0.7139084507042254, 0.6955102040816327, 0.6722817764165391, 0.6386315039201711]
2026-02-17 16:34:48,633 [trainer.py] => ================================================================================
2026-02-17 16:34:48,633 [trainer.py] => ================================================================================
2026-02-17 16:34:48,634 [base.py] => Task 9 learning on class 180-200
2026-02-17 16:34:48,640 [toolkit.py] => Total params:     103,487,003
2026-02-17 16:34:48,640 [toolkit.py] => Trainable params: 384,020
2026-02-17 16:34:48,640 [toolkit.py] => Trainable ratio:  0.3711%
2026-02-17 16:36:44,603 [ewclora.py] => Task 9, Epoch 20/20 => Loss 0.057, Train_accy 97.92
2026-02-17 16:36:44,604 [trainer.py] => Training time: 0h 1m 55s
2026-02-17 16:36:53,484 [trainer.py] => Evaluation time: 0h 0m 8s
2026-02-17 16:36:59,246 [trainer.py] => Accuracy: {'total': 56.33, '00-19': 71.88, '20-39': 70.52, '40-59': 56.57, '60-79': 74.17, '80-99': 33.33, '100-119': 19.12, '120-139': 35.96, '140-159': 34.57, '160-179': 32.99, '180-199': 51.55, 'old': 56.66, 'new': 51.55}
2026-02-17 16:36:59,247 [trainer.py] => (curve) top1 Acc: [85.94, 77.48, 70.92, 69.98, 66.48, 63.38, 61.8, 59.95, 57.16, 56.33]
2026-02-17 16:36:59,247 [trainer.py] => (curve) top1 Acc with task: [85.94, 85.46, 82.33, 83.44, 80.71, 78.08, 77.22, 76.42, 75.62, 74.8]
2026-02-17 16:36:59,247 [trainer.py] => (curve) top1 Acc task: [1.0, 0.8812056737588653, 0.8085889570552147, 0.7753623188405797, 0.7406367041198502, 0.7139084507042254, 0.6955102040816327, 0.6722817764165391, 0.6386315039201711, 0.6266666666666667]
2026-02-17 16:36:59,247 [trainer.py] => ================================================================================
2026-06-30 18:47:46,325 [toolkit.py] => config: /home/zll2025/low-rank-cl-main/configs/ewclora/imagenet-a.json
2026-06-30 18:47:46,329 [toolkit.py] => device: [device(type='cuda', index=4)]
2026-06-30 18:47:46,329 [toolkit.py] => debug: False
2026-06-30 18:47:46,329 [toolkit.py] => save_ckp: False
2026-06-30 18:47:46,329 [toolkit.py] => moe_list: None
2026-06-30 18:47:46,329 [toolkit.py] => seed: 0
2026-06-30 18:47:46,330 [toolkit.py] => dataset: imagenet-a
2026-06-30 18:47:46,330 [toolkit.py] => data_path: data/imagenet-a
2026-06-30 18:47:46,330 [toolkit.py] => load: vit_base_patch16_224_in21k
2026-06-30 18:47:46,330 [toolkit.py] => init_cls: 20
2026-06-30 18:47:46,330 [toolkit.py] => increment: 20
2026-06-30 18:47:46,330 [toolkit.py] => sessions: 10
2026-06-30 18:47:46,330 [toolkit.py] => shuffle: False
2026-06-30 18:47:46,330 [toolkit.py] => method: ewclora
2026-06-30 18:47:46,330 [toolkit.py] => optimizer: adam
2026-06-30 18:47:46,330 [toolkit.py] => scheduler: cosine
2026-06-30 18:47:46,330 [toolkit.py] => epochs: 20
2026-06-30 18:47:46,330 [toolkit.py] => lrate: 0.0005
2026-06-30 18:47:46,330 [toolkit.py] => fc_lrate: 0.005
2026-06-30 18:47:46,330 [toolkit.py] => weight_decay: 0.0
2026-06-30 18:47:46,330 [toolkit.py] => batch_size: 128
2026-06-30 18:47:46,330 [toolkit.py] => rank: 10
2026-06-30 18:47:46,331 [toolkit.py] => num_workers: 16
2026-06-30 18:47:46,331 [toolkit.py] => gamma: 0.9
2026-06-30 18:47:46,331 [toolkit.py] => lambda: 10000000.0
2026-06-30 18:47:46,331 [toolkit.py] => lrate_head: 0
2026-06-30 18:47:46,331 [toolkit.py] => logdir: logs/ewclora/imagenet-a/t10
2026-06-30 18:47:46,331 [toolkit.py] => logfilename: logs/ewclora/imagenet-a/t10/seed0
2026-06-30 18:49:07,198 [data_manager.py] => Class index order: 0, 1, 2, 3, 4, ..., 195, 196, 197, 198, 199
2026-06-30 18:49:10,258 [trainer.py] => ================================================================================
2026-06-30 18:49:10,259 [base.py] => Task 0 learning on class 0-20
2026-06-30 18:49:10,630 [toolkit.py] => Total params:     103,487,003
2026-06-30 18:49:10,630 [toolkit.py] => Trainable params: 384,020
2026-06-30 18:49:10,630 [toolkit.py] => Trainable ratio:  0.3711%
