2026-07-01 00:43:27,807 [toolkit.py] => config: /home/zll2025/low-rank-cl-main/configs/ewclora/imagenet-a.json
2026-07-01 00:43:27,807 [toolkit.py] => device: [device(type='cuda', index=5)]
2026-07-01 00:43:27,807 [toolkit.py] => debug: False
2026-07-01 00:43:27,807 [toolkit.py] => save_ckp: False
2026-07-01 00:43:27,807 [toolkit.py] => moe_list: None
2026-07-01 00:43:27,807 [toolkit.py] => seed: 1993
2026-07-01 00:43:27,807 [toolkit.py] => dataset: imagenet-a
2026-07-01 00:43:27,807 [toolkit.py] => data_path: data/imagenet-a
2026-07-01 00:43:27,807 [toolkit.py] => load: vit_base_patch16_224_in21k
2026-07-01 00:43:27,807 [toolkit.py] => init_cls: 20
2026-07-01 00:43:27,807 [toolkit.py] => increment: 20
2026-07-01 00:43:27,807 [toolkit.py] => sessions: 10
2026-07-01 00:43:27,807 [toolkit.py] => shuffle: False
2026-07-01 00:43:27,807 [toolkit.py] => method: ewclora
2026-07-01 00:43:27,807 [toolkit.py] => optimizer: adam
2026-07-01 00:43:27,807 [toolkit.py] => scheduler: cosine
2026-07-01 00:43:27,807 [toolkit.py] => epochs: 20
2026-07-01 00:43:27,807 [toolkit.py] => lrate: 0.0005
2026-07-01 00:43:27,807 [toolkit.py] => fc_lrate: 0.005
2026-07-01 00:43:27,807 [toolkit.py] => weight_decay: 0.0
2026-07-01 00:43:27,807 [toolkit.py] => batch_size: 128
2026-07-01 00:43:27,808 [toolkit.py] => rank: 10
2026-07-01 00:43:27,808 [toolkit.py] => num_workers: 16
2026-07-01 00:43:27,808 [toolkit.py] => gamma: 0.9
2026-07-01 00:43:27,808 [toolkit.py] => lambda: 10000000.0
2026-07-01 00:43:27,808 [toolkit.py] => lrate_head: 0
2026-07-01 00:43:27,808 [toolkit.py] => logdir: logs/ewclora/imagenet-a/t10
2026-07-01 00:43:27,808 [toolkit.py] => logfilename: logs/ewclora/imagenet-a/t10/seed1993
2026-07-01 00:43:27,834 [data_manager.py] => Class index order: 0, 1, 2, 3, 4, ..., 195, 196, 197, 198, 199
2026-07-01 00:43:29,999 [trainer.py] => ================================================================================
2026-07-01 00:43:30,001 [base.py] => Task 0 learning on class 0-20
Parameters to be updated:
[Trainable] image_encoder.blocks.0.attn.lora_new_A_k.weight              (10, 768) | 7680
[Trainable] image_encoder.blocks.0.attn.lora_new_B_k.weight              (768, 10) | 7680
[Trainable] image_encoder.blocks.0.attn.lora_new_A_v.weight              (10, 768) | 7680
[Trainable] image_encoder.blocks.0.attn.lora_new_B_v.weight              (768, 10) | 7680
[Trainable] image_encoder.blocks.1.attn.lora_new_A_k.weight              (10, 768) | 7680
[Trainable] image_encoder.blocks.1.attn.lora_new_B_k.weight              (768, 10) | 7680
[Trainable] image_encoder.blocks.1.attn.lora_new_A_v.weight              (10, 768) | 7680
[Trainable] image_encoder.blocks.1.attn.lora_new_B_v.weight              (768, 10) | 7680
[Trainable] image_encoder.blocks.2.attn.lora_new_A_k.weight              (10, 768) | 7680
[Trainable] image_encoder.blocks.2.attn.lora_new_B_k.weight              (768, 10) | 7680
[Trainable] image_encoder.blocks.2.attn.lora_new_A_v.weight              (10, 768) | 7680
[Trainable] image_encoder.blocks.2.attn.lora_new_B_v.weight              (768, 10) | 7680
[Trainable] image_encoder.blocks.3.attn.lora_new_A_k.weight              (10, 768) | 7680
[Trainable] image_encoder.blocks.3.attn.lora_new_B_k.weight              (768, 10) | 7680
[Trainable] image_encoder.blocks.3.attn.lora_new_A_v.weight              (10, 768) | 7680
[Trainable] image_encoder.blocks.3.attn.lora_new_B_v.weight              (768, 10) | 7680
[Trainable] image_encoder.blocks.4.attn.lora_new_A_k.weight              (10, 768) | 7680
[Trainable] image_encoder.blocks.4.attn.lora_new_B_k.weight              (768, 10) | 7680
[Trainable] image_encoder.blocks.4.attn.lora_new_A_v.weight              (10, 768) | 7680
[Trainable] image_encoder.blocks.4.attn.lora_new_B_v.weight              (768, 10) | 7680
[Trainable] image_encoder.blocks.5.attn.lora_new_A_k.weight              (10, 768) | 7680
[Trainable] image_encoder.blocks.5.attn.lora_new_B_k.weight              (768, 10) | 7680
[Trainable] image_encoder.blocks.5.attn.lora_new_A_v.weight              (10, 768) | 7680
[Trainable] image_encoder.blocks.5.attn.lora_new_B_v.weight              (768, 10) | 7680
[Trainable] image_encoder.blocks.6.attn.lora_new_A_k.weight              (10, 768) | 7680
[Trainable] image_encoder.blocks.6.attn.lora_new_B_k.weight              (768, 10) | 7680
[Trainable] image_encoder.blocks.6.attn.lora_new_A_v.weight              (10, 768) | 7680
[Trainable] image_encoder.blocks.6.attn.lora_new_B_v.weight              (768, 10) | 7680
[Trainable] image_encoder.blocks.7.attn.lora_new_A_k.weight              (10, 768) | 7680
[Trainable] image_encoder.blocks.7.attn.lora_new_B_k.weight              (768, 10) | 7680
[Trainable] image_encoder.blocks.7.attn.lora_new_A_v.weight              (10, 768) | 7680
[Trainable] image_encoder.blocks.7.attn.lora_new_B_v.weight              (768, 10) | 7680
[Trainable] image_encoder.blocks.8.attn.lora_new_A_k.weight              (10, 768) | 7680
[Trainable] image_encoder.blocks.8.attn.lora_new_B_k.weight              (768, 10) | 7680
[Trainable] image_encoder.blocks.8.attn.lora_new_A_v.weight              (10, 768) | 7680
[Trainable] image_encoder.blocks.8.attn.lora_new_B_v.weight              (768, 10) | 7680
[Trainable] image_encoder.blocks.9.attn.lora_new_A_k.weight              (10, 768) | 7680
[Trainable] image_encoder.blocks.9.attn.lora_new_B_k.weight              (768, 10) | 7680
[Trainable] image_encoder.blocks.9.attn.lora_new_A_v.weight              (10, 768) | 7680
[Trainable] image_encoder.blocks.9.attn.lora_new_B_v.weight              (768, 10) | 7680
[Trainable] image_encoder.blocks.10.attn.lora_new_A_k.weight             (10, 768) | 7680
[Trainable] image_encoder.blocks.10.attn.lora_new_B_k.weight             (768, 10) | 7680
[Trainable] image_encoder.blocks.10.attn.lora_new_A_v.weight             (10, 768) | 7680
[Trainable] image_encoder.blocks.10.attn.lora_new_B_v.weight             (768, 10) | 7680
[Trainable] image_encoder.blocks.11.attn.lora_new_A_k.weight             (10, 768) | 7680
[Trainable] image_encoder.blocks.11.attn.lora_new_B_k.weight             (768, 10) | 7680
[Trainable] image_encoder.blocks.11.attn.lora_new_A_v.weight             (10, 768) | 7680
[Trainable] image_encoder.blocks.11.attn.lora_new_B_v.weight             (768, 10) | 7680
[Trainable] classifier_pool.0.weight                                     (20, 768) | 15360
[Trainable] classifier_pool.0.bias                                       (20,) | 20
2026-07-01 00:43:30,460 [toolkit.py] => Total params:     103,487,003
2026-07-01 00:43:30,460 [toolkit.py] => Trainable params: 384,020
2026-07-01 00:43:30,460 [toolkit.py] => Trainable ratio:  0.3711%
✅ Requires_grad parameters and optimizer parameters are consistent.
2026-07-01 00:47:29,820 [ewclora.py] => Task 0, Epoch 20/20 => Loss 0.206, Train_accy 93.70
2026-07-01 00:47:29,821 [trainer.py] => Training time: 0h 3m 59s
2026-07-01 00:47:32,060 [trainer.py] => Evaluation time: 0h 0m 2s
=== Update Importance Matrix ===
2026-07-01 00:47:43,880 [trainer.py] => Accuracy: {'total': 84.66, '00-19': 84.66, 'old': 0, 'new': 84.66}
2026-07-01 00:47:43,880 [trainer.py] => (curve) top1 Acc: [84.66]
2026-07-01 00:47:43,881 [trainer.py] => Avergae Acc: 84.66
2026-07-01 00:47:43,881 [trainer.py] => (curve) top1 Acc with task: [84.66]
2026-07-01 00:47:43,881 [trainer.py] => Avergae Acc: 84.66
2026-07-01 00:47:43,881 [trainer.py] => (curve) top1 Acc task: [100.0]
2026-07-01 00:47:43,881 [trainer.py] => Avergae Acc: 100.00
2026-07-01 00:47:43,881 [trainer.py] => ================================================================================
2026-07-01 00:47:43,881 [trainer.py] => ================================================================================
2026-07-01 00:47:43,882 [base.py] => Task 1 learning on class 20-40
Parameters to be updated:
[Trainable] image_encoder.blocks.0.attn.lora_new_A_k.weight              (10, 768) | 7680
[Trainable] image_encoder.blocks.0.attn.lora_new_B_k.weight              (768, 10) | 7680
[Trainable] image_encoder.blocks.0.attn.lora_new_A_v.weight              (10, 768) | 7680
[Trainable] image_encoder.blocks.0.attn.lora_new_B_v.weight              (768, 10) | 7680
[Trainable] image_encoder.blocks.1.attn.lora_new_A_k.weight              (10, 768) | 7680
[Trainable] image_encoder.blocks.1.attn.lora_new_B_k.weight              (768, 10) | 7680
[Trainable] image_encoder.blocks.1.attn.lora_new_A_v.weight              (10, 768) | 7680
[Trainable] image_encoder.blocks.1.attn.lora_new_B_v.weight              (768, 10) | 7680
[Trainable] image_encoder.blocks.2.attn.lora_new_A_k.weight              (10, 768) | 7680
[Trainable] image_encoder.blocks.2.attn.lora_new_B_k.weight              (768, 10) | 7680
[Trainable] image_encoder.blocks.2.attn.lora_new_A_v.weight              (10, 768) | 7680
[Trainable] image_encoder.blocks.2.attn.lora_new_B_v.weight              (768, 10) | 7680
[Trainable] image_encoder.blocks.3.attn.lora_new_A_k.weight              (10, 768) | 7680
[Trainable] image_encoder.blocks.3.attn.lora_new_B_k.weight              (768, 10) | 7680
[Trainable] image_encoder.blocks.3.attn.lora_new_A_v.weight              (10, 768) | 7680
[Trainable] image_encoder.blocks.3.attn.lora_new_B_v.weight              (768, 10) | 7680
[Trainable] image_encoder.blocks.4.attn.lora_new_A_k.weight              (10, 768) | 7680
[Trainable] image_encoder.blocks.4.attn.lora_new_B_k.weight              (768, 10) | 7680
[Trainable] image_encoder.blocks.4.attn.lora_new_A_v.weight              (10, 768) | 7680
[Trainable] image_encoder.blocks.4.attn.lora_new_B_v.weight              (768, 10) | 7680
[Trainable] image_encoder.blocks.5.attn.lora_new_A_k.weight              (10, 768) | 7680
[Trainable] image_encoder.blocks.5.attn.lora_new_B_k.weight              (768, 10) | 7680
[Trainable] image_encoder.blocks.5.attn.lora_new_A_v.weight              (10, 768) | 7680
[Trainable] image_encoder.blocks.5.attn.lora_new_B_v.weight              (768, 10) | 7680
[Trainable] image_encoder.blocks.6.attn.lora_new_A_k.weight              (10, 768) | 7680
[Trainable] image_encoder.blocks.6.attn.lora_new_B_k.weight              (768, 10) | 7680
[Trainable] image_encoder.blocks.6.attn.lora_new_A_v.weight              (10, 768) | 7680
[Trainable] image_encoder.blocks.6.attn.lora_new_B_v.weight              (768, 10) | 7680
[Trainable] image_encoder.blocks.7.attn.lora_new_A_k.weight              (10, 768) | 7680
[Trainable] image_encoder.blocks.7.attn.lora_new_B_k.weight              (768, 10) | 7680
[Trainable] image_encoder.blocks.7.attn.lora_new_A_v.weight              (10, 768) | 7680
[Trainable] image_encoder.blocks.7.attn.lora_new_B_v.weight              (768, 10) | 7680
[Trainable] image_encoder.blocks.8.attn.lora_new_A_k.weight              (10, 768) | 7680
[Trainable] image_encoder.blocks.8.attn.lora_new_B_k.weight              (768, 10) | 7680
[Trainable] image_encoder.blocks.8.attn.lora_new_A_v.weight              (10, 768) | 7680
[Trainable] image_encoder.blocks.8.attn.lora_new_B_v.weight              (768, 10) | 7680
[Trainable] image_encoder.blocks.9.attn.lora_new_A_k.weight              (10, 768) | 7680
[Trainable] image_encoder.blocks.9.attn.lora_new_B_k.weight              (768, 10) | 7680
[Trainable] image_encoder.blocks.9.attn.lora_new_A_v.weight              (10, 768) | 7680
[Trainable] image_encoder.blocks.9.attn.lora_new_B_v.weight              (768, 10) | 7680
[Trainable] image_encoder.blocks.10.attn.lora_new_A_k.weight             (10, 768) | 7680
[Trainable] image_encoder.blocks.10.attn.lora_new_B_k.weight             (768, 10) | 7680
[Trainable] image_encoder.blocks.10.attn.lora_new_A_v.weight             (10, 768) | 7680
[Trainable] image_encoder.blocks.10.attn.lora_new_B_v.weight             (768, 10) | 7680
[Trainable] image_encoder.blocks.11.attn.lora_new_A_k.weight             (10, 768) | 7680
[Trainable] image_encoder.blocks.11.attn.lora_new_B_k.weight             (768, 10) | 7680
[Trainable] image_encoder.blocks.11.attn.lora_new_A_v.weight             (10, 768) | 7680
[Trainable] image_encoder.blocks.11.attn.lora_new_B_v.weight             (768, 10) | 7680
[Trainable] classifier_pool.1.weight                                     (20, 768) | 15360
[Trainable] classifier_pool.1.bias                                       (20,) | 20
2026-07-01 00:47:43,886 [toolkit.py] => Total params:     103,487,003
2026-07-01 00:47:43,886 [toolkit.py] => Trainable params: 384,020
2026-07-01 00:47:43,886 [toolkit.py] => Trainable ratio:  0.3711%
✅ Requires_grad parameters and optimizer parameters are consistent.
2026-07-01 00:50:59,073 [ewclora.py] => Task 1, Epoch 20/20 => Loss 0.162, Train_accy 96.00
2026-07-01 00:50:59,074 [trainer.py] => Training time: 0h 3m 15s
2026-07-01 00:51:02,205 [trainer.py] => Evaluation time: 0h 0m 3s
=== Update Importance Matrix ===
2026-07-01 00:51:11,361 [trainer.py] => Accuracy: {'total': 78.19, '00-19': 80.19, '20-39': 75.7, 'old': 80.19, 'new': 75.7}
2026-07-01 00:51:11,361 [trainer.py] => (curve) top1 Acc: [84.66, 78.19]
2026-07-01 00:51:11,361 [trainer.py] => Avergae Acc: 81.42
2026-07-01 00:51:11,361 [trainer.py] => (curve) top1 Acc with task: [84.66, 84.93]
2026-07-01 00:51:11,361 [trainer.py] => Avergae Acc: 84.80
2026-07-01 00:51:11,361 [trainer.py] => (curve) top1 Acc task: [100.0, 86.7]
2026-07-01 00:51:11,361 [trainer.py] => Avergae Acc: 93.35
2026-07-01 00:51:11,361 [trainer.py] => ================================================================================
2026-07-01 00:51:11,361 [trainer.py] => ================================================================================
2026-07-01 00:51:11,362 [base.py] => Task 2 learning on class 40-60
Parameters to be updated:
[Trainable] image_encoder.blocks.0.attn.lora_new_A_k.weight              (10, 768) | 7680
[Trainable] image_encoder.blocks.0.attn.lora_new_B_k.weight              (768, 10) | 7680
[Trainable] image_encoder.blocks.0.attn.lora_new_A_v.weight              (10, 768) | 7680
[Trainable] image_encoder.blocks.0.attn.lora_new_B_v.weight              (768, 10) | 7680
[Trainable] image_encoder.blocks.1.attn.lora_new_A_k.weight              (10, 768) | 7680
[Trainable] image_encoder.blocks.1.attn.lora_new_B_k.weight              (768, 10) | 7680
[Trainable] image_encoder.blocks.1.attn.lora_new_A_v.weight              (10, 768) | 7680
[Trainable] image_encoder.blocks.1.attn.lora_new_B_v.weight              (768, 10) | 7680
[Trainable] image_encoder.blocks.2.attn.lora_new_A_k.weight              (10, 768) | 7680
[Trainable] image_encoder.blocks.2.attn.lora_new_B_k.weight              (768, 10) | 7680
[Trainable] image_encoder.blocks.2.attn.lora_new_A_v.weight              (10, 768) | 7680
[Trainable] image_encoder.blocks.2.attn.lora_new_B_v.weight              (768, 10) | 7680
[Trainable] image_encoder.blocks.3.attn.lora_new_A_k.weight              (10, 768) | 7680
[Trainable] image_encoder.blocks.3.attn.lora_new_B_k.weight              (768, 10) | 7680
[Trainable] image_encoder.blocks.3.attn.lora_new_A_v.weight              (10, 768) | 7680
[Trainable] image_encoder.blocks.3.attn.lora_new_B_v.weight              (768, 10) | 7680
[Trainable] image_encoder.blocks.4.attn.lora_new_A_k.weight              (10, 768) | 7680
[Trainable] image_encoder.blocks.4.attn.lora_new_B_k.weight              (768, 10) | 7680
[Trainable] image_encoder.blocks.4.attn.lora_new_A_v.weight              (10, 768) | 7680
[Trainable] image_encoder.blocks.4.attn.lora_new_B_v.weight              (768, 10) | 7680
[Trainable] image_encoder.blocks.5.attn.lora_new_A_k.weight              (10, 768) | 7680
[Trainable] image_encoder.blocks.5.attn.lora_new_B_k.weight              (768, 10) | 7680
[Trainable] image_encoder.blocks.5.attn.lora_new_A_v.weight              (10, 768) | 7680
[Trainable] image_encoder.blocks.5.attn.lora_new_B_v.weight              (768, 10) | 7680
[Trainable] image_encoder.blocks.6.attn.lora_new_A_k.weight              (10, 768) | 7680
[Trainable] image_encoder.blocks.6.attn.lora_new_B_k.weight              (768, 10) | 7680
[Trainable] image_encoder.blocks.6.attn.lora_new_A_v.weight              (10, 768) | 7680
[Trainable] image_encoder.blocks.6.attn.lora_new_B_v.weight              (768, 10) | 7680
[Trainable] image_encoder.blocks.7.attn.lora_new_A_k.weight              (10, 768) | 7680
[Trainable] image_encoder.blocks.7.attn.lora_new_B_k.weight              (768, 10) | 7680
[Trainable] image_encoder.blocks.7.attn.lora_new_A_v.weight              (10, 768) | 7680
[Trainable] image_encoder.blocks.7.attn.lora_new_B_v.weight              (768, 10) | 7680
[Trainable] image_encoder.blocks.8.attn.lora_new_A_k.weight              (10, 768) | 7680
[Trainable] image_encoder.blocks.8.attn.lora_new_B_k.weight              (768, 10) | 7680
[Trainable] image_encoder.blocks.8.attn.lora_new_A_v.weight              (10, 768) | 7680
[Trainable] image_encoder.blocks.8.attn.lora_new_B_v.weight              (768, 10) | 7680
[Trainable] image_encoder.blocks.9.attn.lora_new_A_k.weight              (10, 768) | 7680
[Trainable] image_encoder.blocks.9.attn.lora_new_B_k.weight              (768, 10) | 7680
[Trainable] image_encoder.blocks.9.attn.lora_new_A_v.weight              (10, 768) | 7680
[Trainable] image_encoder.blocks.9.attn.lora_new_B_v.weight              (768, 10) | 7680
[Trainable] image_encoder.blocks.10.attn.lora_new_A_k.weight             (10, 768) | 7680
[Trainable] image_encoder.blocks.10.attn.lora_new_B_k.weight             (768, 10) | 7680
[Trainable] image_encoder.blocks.10.attn.lora_new_A_v.weight             (10, 768) | 7680
[Trainable] image_encoder.blocks.10.attn.lora_new_B_v.weight             (768, 10) | 7680
[Trainable] image_encoder.blocks.11.attn.lora_new_A_k.weight             (10, 768) | 7680
[Trainable] image_encoder.blocks.11.attn.lora_new_B_k.weight             (768, 10) | 7680
[Trainable] image_encoder.blocks.11.attn.lora_new_A_v.weight             (10, 768) | 7680
[Trainable] image_encoder.blocks.11.attn.lora_new_B_v.weight             (768, 10) | 7680
[Trainable] classifier_pool.2.weight                                     (20, 768) | 15360
[Trainable] classifier_pool.2.bias                                       (20,) | 20
2026-07-01 00:51:11,366 [toolkit.py] => Total params:     103,487,003
2026-07-01 00:51:11,367 [toolkit.py] => Trainable params: 384,020
2026-07-01 00:51:11,367 [toolkit.py] => Trainable ratio:  0.3711%
✅ Requires_grad parameters and optimizer parameters are consistent.
2026-07-01 00:54:26,652 [ewclora.py] => Task 2, Epoch 20/20 => Loss 0.230, Train_accy 93.00
2026-07-01 00:54:26,653 [trainer.py] => Training time: 0h 3m 15s
2026-07-01 00:54:30,660 [trainer.py] => Evaluation time: 0h 0m 4s
=== Update Importance Matrix ===
2026-07-01 00:54:39,805 [trainer.py] => Accuracy: {'total': 69.57, '00-19': 74.44, '20-39': 73.71, '40-59': 59.36, 'old': 74.11, 'new': 59.36}
2026-07-01 00:54:39,805 [trainer.py] => (curve) top1 Acc: [84.66, 78.19, 69.57]
2026-07-01 00:54:39,806 [trainer.py] => Avergae Acc: 77.47
2026-07-01 00:54:39,806 [trainer.py] => (curve) top1 Acc with task: [84.66, 84.93, 80.74]
2026-07-01 00:54:39,806 [trainer.py] => Avergae Acc: 83.44
2026-07-01 00:54:39,806 [trainer.py] => (curve) top1 Acc task: [100.0, 86.7, 79.02]
2026-07-01 00:54:39,806 [trainer.py] => Avergae Acc: 88.57
2026-07-01 00:54:39,806 [trainer.py] => ================================================================================
2026-07-01 00:54:39,806 [trainer.py] => ================================================================================
2026-07-01 00:54:39,807 [base.py] => Task 3 learning on class 60-80
Parameters to be updated:
[Trainable] image_encoder.blocks.0.attn.lora_new_A_k.weight              (10, 768) | 7680
[Trainable] image_encoder.blocks.0.attn.lora_new_B_k.weight              (768, 10) | 7680
[Trainable] image_encoder.blocks.0.attn.lora_new_A_v.weight              (10, 768) | 7680
[Trainable] image_encoder.blocks.0.attn.lora_new_B_v.weight              (768, 10) | 7680
[Trainable] image_encoder.blocks.1.attn.lora_new_A_k.weight              (10, 768) | 7680
[Trainable] image_encoder.blocks.1.attn.lora_new_B_k.weight              (768, 10) | 7680
[Trainable] image_encoder.blocks.1.attn.lora_new_A_v.weight              (10, 768) | 7680
[Trainable] image_encoder.blocks.1.attn.lora_new_B_v.weight              (768, 10) | 7680
[Trainable] image_encoder.blocks.2.attn.lora_new_A_k.weight              (10, 768) | 7680
[Trainable] image_encoder.blocks.2.attn.lora_new_B_k.weight              (768, 10) | 7680
[Trainable] image_encoder.blocks.2.attn.lora_new_A_v.weight              (10, 768) | 7680
[Trainable] image_encoder.blocks.2.attn.lora_new_B_v.weight              (768, 10) | 7680
[Trainable] image_encoder.blocks.3.attn.lora_new_A_k.weight              (10, 768) | 7680
[Trainable] image_encoder.blocks.3.attn.lora_new_B_k.weight              (768, 10) | 7680
[Trainable] image_encoder.blocks.3.attn.lora_new_A_v.weight              (10, 768) | 7680
[Trainable] image_encoder.blocks.3.attn.lora_new_B_v.weight              (768, 10) | 7680
[Trainable] image_encoder.blocks.4.attn.lora_new_A_k.weight              (10, 768) | 7680
[Trainable] image_encoder.blocks.4.attn.lora_new_B_k.weight              (768, 10) | 7680
[Trainable] image_encoder.blocks.4.attn.lora_new_A_v.weight              (10, 768) | 7680
[Trainable] image_encoder.blocks.4.attn.lora_new_B_v.weight              (768, 10) | 7680
[Trainable] image_encoder.blocks.5.attn.lora_new_A_k.weight              (10, 768) | 7680
[Trainable] image_encoder.blocks.5.attn.lora_new_B_k.weight              (768, 10) | 7680
[Trainable] image_encoder.blocks.5.attn.lora_new_A_v.weight              (10, 768) | 7680
[Trainable] image_encoder.blocks.5.attn.lora_new_B_v.weight              (768, 10) | 7680
[Trainable] image_encoder.blocks.6.attn.lora_new_A_k.weight              (10, 768) | 7680
[Trainable] image_encoder.blocks.6.attn.lora_new_B_k.weight              (768, 10) | 7680
[Trainable] image_encoder.blocks.6.attn.lora_new_A_v.weight              (10, 768) | 7680
[Trainable] image_encoder.blocks.6.attn.lora_new_B_v.weight              (768, 10) | 7680
[Trainable] image_encoder.blocks.7.attn.lora_new_A_k.weight              (10, 768) | 7680
[Trainable] image_encoder.blocks.7.attn.lora_new_B_k.weight              (768, 10) | 7680
[Trainable] image_encoder.blocks.7.attn.lora_new_A_v.weight              (10, 768) | 7680
[Trainable] image_encoder.blocks.7.attn.lora_new_B_v.weight              (768, 10) | 7680
[Trainable] image_encoder.blocks.8.attn.lora_new_A_k.weight              (10, 768) | 7680
[Trainable] image_encoder.blocks.8.attn.lora_new_B_k.weight              (768, 10) | 7680
[Trainable] image_encoder.blocks.8.attn.lora_new_A_v.weight              (10, 768) | 7680
[Trainable] image_encoder.blocks.8.attn.lora_new_B_v.weight              (768, 10) | 7680
[Trainable] image_encoder.blocks.9.attn.lora_new_A_k.weight              (10, 768) | 7680
[Trainable] image_encoder.blocks.9.attn.lora_new_B_k.weight              (768, 10) | 7680
[Trainable] image_encoder.blocks.9.attn.lora_new_A_v.weight              (10, 768) | 7680
[Trainable] image_encoder.blocks.9.attn.lora_new_B_v.weight              (768, 10) | 7680
[Trainable] image_encoder.blocks.10.attn.lora_new_A_k.weight             (10, 768) | 7680
[Trainable] image_encoder.blocks.10.attn.lora_new_B_k.weight             (768, 10) | 7680
[Trainable] image_encoder.blocks.10.attn.lora_new_A_v.weight             (10, 768) | 7680
[Trainable] image_encoder.blocks.10.attn.lora_new_B_v.weight             (768, 10) | 7680
[Trainable] image_encoder.blocks.11.attn.lora_new_A_k.weight             (10, 768) | 7680
[Trainable] image_encoder.blocks.11.attn.lora_new_B_k.weight             (768, 10) | 7680
[Trainable] image_encoder.blocks.11.attn.lora_new_A_v.weight             (10, 768) | 7680
[Trainable] image_encoder.blocks.11.attn.lora_new_B_v.weight             (768, 10) | 7680
[Trainable] classifier_pool.3.weight                                     (20, 768) | 15360
[Trainable] classifier_pool.3.bias                                       (20,) | 20
2026-07-01 00:54:39,811 [toolkit.py] => Total params:     103,487,003
2026-07-01 00:54:39,811 [toolkit.py] => Trainable params: 384,020
2026-07-01 00:54:39,811 [toolkit.py] => Trainable ratio:  0.3711%
✅ Requires_grad parameters and optimizer parameters are consistent.
2026-07-01 00:56:46,902 [ewclora.py] => Task 3, Epoch 20/20 => Loss 0.165, Train_accy 94.26
2026-07-01 00:56:46,903 [trainer.py] => Training time: 0h 2m 7s
2026-07-01 00:56:51,399 [trainer.py] => Evaluation time: 0h 0m 4s
=== Update Importance Matrix ===
2026-07-01 00:56:57,261 [trainer.py] => Accuracy: {'total': 68.94, '00-19': 71.25, '20-39': 72.51, '40-59': 58.17, '60-79': 76.16, 'old': 67.61, 'new': 76.16}
2026-07-01 00:56:57,262 [trainer.py] => (curve) top1 Acc: [84.66, 78.19, 69.57, 68.94]
2026-07-01 00:56:57,262 [trainer.py] => Avergae Acc: 75.34
2026-07-01 00:56:57,262 [trainer.py] => (curve) top1 Acc with task: [84.66, 84.93, 80.74, 81.99]
2026-07-01 00:56:57,262 [trainer.py] => Avergae Acc: 83.08
2026-07-01 00:56:57,262 [trainer.py] => (curve) top1 Acc task: [100.0, 86.7, 79.02, 76.81]
2026-07-01 00:56:57,262 [trainer.py] => Avergae Acc: 85.63
2026-07-01 00:56:57,262 [trainer.py] => ================================================================================
2026-07-01 00:56:57,262 [trainer.py] => ================================================================================
2026-07-01 00:56:57,263 [base.py] => Task 4 learning on class 80-100
Parameters to be updated:
[Trainable] image_encoder.blocks.0.attn.lora_new_A_k.weight              (10, 768) | 7680
[Trainable] image_encoder.blocks.0.attn.lora_new_B_k.weight              (768, 10) | 7680
[Trainable] image_encoder.blocks.0.attn.lora_new_A_v.weight              (10, 768) | 7680
[Trainable] image_encoder.blocks.0.attn.lora_new_B_v.weight              (768, 10) | 7680
[Trainable] image_encoder.blocks.1.attn.lora_new_A_k.weight              (10, 768) | 7680
[Trainable] image_encoder.blocks.1.attn.lora_new_B_k.weight              (768, 10) | 7680
[Trainable] image_encoder.blocks.1.attn.lora_new_A_v.weight              (10, 768) | 7680
[Trainable] image_encoder.blocks.1.attn.lora_new_B_v.weight              (768, 10) | 7680
[Trainable] image_encoder.blocks.2.attn.lora_new_A_k.weight              (10, 768) | 7680
[Trainable] image_encoder.blocks.2.attn.lora_new_B_k.weight              (768, 10) | 7680
[Trainable] image_encoder.blocks.2.attn.lora_new_A_v.weight              (10, 768) | 7680
[Trainable] image_encoder.blocks.2.attn.lora_new_B_v.weight              (768, 10) | 7680
[Trainable] image_encoder.blocks.3.attn.lora_new_A_k.weight              (10, 768) | 7680
[Trainable] image_encoder.blocks.3.attn.lora_new_B_k.weight              (768, 10) | 7680
[Trainable] image_encoder.blocks.3.attn.lora_new_A_v.weight              (10, 768) | 7680
[Trainable] image_encoder.blocks.3.attn.lora_new_B_v.weight              (768, 10) | 7680
[Trainable] image_encoder.blocks.4.attn.lora_new_A_k.weight              (10, 768) | 7680
[Trainable] image_encoder.blocks.4.attn.lora_new_B_k.weight              (768, 10) | 7680
[Trainable] image_encoder.blocks.4.attn.lora_new_A_v.weight              (10, 768) | 7680
[Trainable] image_encoder.blocks.4.attn.lora_new_B_v.weight              (768, 10) | 7680
[Trainable] image_encoder.blocks.5.attn.lora_new_A_k.weight              (10, 768) | 7680
[Trainable] image_encoder.blocks.5.attn.lora_new_B_k.weight              (768, 10) | 7680
[Trainable] image_encoder.blocks.5.attn.lora_new_A_v.weight              (10, 768) | 7680
[Trainable] image_encoder.blocks.5.attn.lora_new_B_v.weight              (768, 10) | 7680
[Trainable] image_encoder.blocks.6.attn.lora_new_A_k.weight              (10, 768) | 7680
[Trainable] image_encoder.blocks.6.attn.lora_new_B_k.weight              (768, 10) | 7680
[Trainable] image_encoder.blocks.6.attn.lora_new_A_v.weight              (10, 768) | 7680
[Trainable] image_encoder.blocks.6.attn.lora_new_B_v.weight              (768, 10) | 7680
[Trainable] image_encoder.blocks.7.attn.lora_new_A_k.weight              (10, 768) | 7680
[Trainable] image_encoder.blocks.7.attn.lora_new_B_k.weight              (768, 10) | 7680
[Trainable] image_encoder.blocks.7.attn.lora_new_A_v.weight              (10, 768) | 7680
[Trainable] image_encoder.blocks.7.attn.lora_new_B_v.weight              (768, 10) | 7680
[Trainable] image_encoder.blocks.8.attn.lora_new_A_k.weight              (10, 768) | 7680
[Trainable] image_encoder.blocks.8.attn.lora_new_B_k.weight              (768, 10) | 7680
[Trainable] image_encoder.blocks.8.attn.lora_new_A_v.weight              (10, 768) | 7680
[Trainable] image_encoder.blocks.8.attn.lora_new_B_v.weight              (768, 10) | 7680
[Trainable] image_encoder.blocks.9.attn.lora_new_A_k.weight              (10, 768) | 7680
[Trainable] image_encoder.blocks.9.attn.lora_new_B_k.weight              (768, 10) | 7680
[Trainable] image_encoder.blocks.9.attn.lora_new_A_v.weight              (10, 768) | 7680
[Trainable] image_encoder.blocks.9.attn.lora_new_B_v.weight              (768, 10) | 7680
[Trainable] image_encoder.blocks.10.attn.lora_new_A_k.weight             (10, 768) | 7680
[Trainable] image_encoder.blocks.10.attn.lora_new_B_k.weight             (768, 10) | 7680
[Trainable] image_encoder.blocks.10.attn.lora_new_A_v.weight             (10, 768) | 7680
[Trainable] image_encoder.blocks.10.attn.lora_new_B_v.weight             (768, 10) | 7680
[Trainable] image_encoder.blocks.11.attn.lora_new_A_k.weight             (10, 768) | 7680
[Trainable] image_encoder.blocks.11.attn.lora_new_B_k.weight             (768, 10) | 7680
[Trainable] image_encoder.blocks.11.attn.lora_new_A_v.weight             (10, 768) | 7680
[Trainable] image_encoder.blocks.11.attn.lora_new_B_v.weight             (768, 10) | 7680
[Trainable] classifier_pool.4.weight                                     (20, 768) | 15360
[Trainable] classifier_pool.4.bias                                       (20,) | 20
2026-07-01 00:56:57,267 [toolkit.py] => Total params:     103,487,003
2026-07-01 00:56:57,267 [toolkit.py] => Trainable params: 384,020
2026-07-01 00:56:57,267 [toolkit.py] => Trainable ratio:  0.3711%
✅ Requires_grad parameters and optimizer parameters are consistent.
2026-07-01 00:58:31,204 [ewclora.py] => Task 4, Epoch 20/20 => Loss 0.123, Train_accy 95.77
2026-07-01 00:58:31,205 [trainer.py] => Training time: 0h 1m 33s
2026-07-01 00:58:36,044 [trainer.py] => Evaluation time: 0h 0m 4s
=== Update Importance Matrix ===
2026-07-01 00:58:40,466 [trainer.py] => Accuracy: {'total': 65.73, '00-19': 70.93, '20-39': 72.51, '40-59': 58.17, '60-79': 74.83, '80-99': 38.24, 'old': 68.63, 'new': 38.24}
2026-07-01 00:58:40,466 [trainer.py] => (curve) top1 Acc: [84.66, 78.19, 69.57, 68.94, 65.73]
2026-07-01 00:58:40,466 [trainer.py] => Avergae Acc: 73.42
2026-07-01 00:58:40,466 [trainer.py] => (curve) top1 Acc with task: [84.66, 84.93, 80.74, 81.99, 79.78]
2026-07-01 00:58:40,466 [trainer.py] => Avergae Acc: 82.42
2026-07-01 00:58:40,466 [trainer.py] => (curve) top1 Acc task: [100.0, 86.7, 79.02, 76.81, 74.06]
2026-07-01 00:58:40,467 [trainer.py] => Avergae Acc: 83.32
2026-07-01 00:58:40,467 [trainer.py] => ================================================================================
2026-07-01 00:58:40,467 [trainer.py] => ================================================================================
2026-07-01 00:58:40,467 [base.py] => Task 5 learning on class 100-120
Parameters to be updated:
[Trainable] image_encoder.blocks.0.attn.lora_new_A_k.weight              (10, 768) | 7680
[Trainable] image_encoder.blocks.0.attn.lora_new_B_k.weight              (768, 10) | 7680
[Trainable] image_encoder.blocks.0.attn.lora_new_A_v.weight              (10, 768) | 7680
[Trainable] image_encoder.blocks.0.attn.lora_new_B_v.weight              (768, 10) | 7680
[Trainable] image_encoder.blocks.1.attn.lora_new_A_k.weight              (10, 768) | 7680
[Trainable] image_encoder.blocks.1.attn.lora_new_B_k.weight              (768, 10) | 7680
[Trainable] image_encoder.blocks.1.attn.lora_new_A_v.weight              (10, 768) | 7680
[Trainable] image_encoder.blocks.1.attn.lora_new_B_v.weight              (768, 10) | 7680
[Trainable] image_encoder.blocks.2.attn.lora_new_A_k.weight              (10, 768) | 7680
[Trainable] image_encoder.blocks.2.attn.lora_new_B_k.weight              (768, 10) | 7680
[Trainable] image_encoder.blocks.2.attn.lora_new_A_v.weight              (10, 768) | 7680
[Trainable] image_encoder.blocks.2.attn.lora_new_B_v.weight              (768, 10) | 7680
[Trainable] image_encoder.blocks.3.attn.lora_new_A_k.weight              (10, 768) | 7680
[Trainable] image_encoder.blocks.3.attn.lora_new_B_k.weight              (768, 10) | 7680
[Trainable] image_encoder.blocks.3.attn.lora_new_A_v.weight              (10, 768) | 7680
[Trainable] image_encoder.blocks.3.attn.lora_new_B_v.weight              (768, 10) | 7680
[Trainable] image_encoder.blocks.4.attn.lora_new_A_k.weight              (10, 768) | 7680
[Trainable] image_encoder.blocks.4.attn.lora_new_B_k.weight              (768, 10) | 7680
[Trainable] image_encoder.blocks.4.attn.lora_new_A_v.weight              (10, 768) | 7680
[Trainable] image_encoder.blocks.4.attn.lora_new_B_v.weight              (768, 10) | 7680
[Trainable] image_encoder.blocks.5.attn.lora_new_A_k.weight              (10, 768) | 7680
[Trainable] image_encoder.blocks.5.attn.lora_new_B_k.weight              (768, 10) | 7680
[Trainable] image_encoder.blocks.5.attn.lora_new_A_v.weight              (10, 768) | 7680
[Trainable] image_encoder.blocks.5.attn.lora_new_B_v.weight              (768, 10) | 7680
[Trainable] image_encoder.blocks.6.attn.lora_new_A_k.weight              (10, 768) | 7680
[Trainable] image_encoder.blocks.6.attn.lora_new_B_k.weight              (768, 10) | 7680
[Trainable] image_encoder.blocks.6.attn.lora_new_A_v.weight              (10, 768) | 7680
[Trainable] image_encoder.blocks.6.attn.lora_new_B_v.weight              (768, 10) | 7680
[Trainable] image_encoder.blocks.7.attn.lora_new_A_k.weight              (10, 768) | 7680
[Trainable] image_encoder.blocks.7.attn.lora_new_B_k.weight              (768, 10) | 7680
[Trainable] image_encoder.blocks.7.attn.lora_new_A_v.weight              (10, 768) | 7680
[Trainable] image_encoder.blocks.7.attn.lora_new_B_v.weight              (768, 10) | 7680
[Trainable] image_encoder.blocks.8.attn.lora_new_A_k.weight              (10, 768) | 7680
[Trainable] image_encoder.blocks.8.attn.lora_new_B_k.weight              (768, 10) | 7680
[Trainable] image_encoder.blocks.8.attn.lora_new_A_v.weight              (10, 768) | 7680
[Trainable] image_encoder.blocks.8.attn.lora_new_B_v.weight              (768, 10) | 7680
[Trainable] image_encoder.blocks.9.attn.lora_new_A_k.weight              (10, 768) | 7680
[Trainable] image_encoder.blocks.9.attn.lora_new_B_k.weight              (768, 10) | 7680
[Trainable] image_encoder.blocks.9.attn.lora_new_A_v.weight              (10, 768) | 7680
[Trainable] image_encoder.blocks.9.attn.lora_new_B_v.weight              (768, 10) | 7680
[Trainable] image_encoder.blocks.10.attn.lora_new_A_k.weight             (10, 768) | 7680
[Trainable] image_encoder.blocks.10.attn.lora_new_B_k.weight             (768, 10) | 7680
[Trainable] image_encoder.blocks.10.attn.lora_new_A_v.weight             (10, 768) | 7680
[Trainable] image_encoder.blocks.10.attn.lora_new_B_v.weight             (768, 10) | 7680
[Trainable] image_encoder.blocks.11.attn.lora_new_A_k.weight             (10, 768) | 7680
[Trainable] image_encoder.blocks.11.attn.lora_new_B_k.weight             (768, 10) | 7680
[Trainable] image_encoder.blocks.11.attn.lora_new_A_v.weight             (10, 768) | 7680
[Trainable] image_encoder.blocks.11.attn.lora_new_B_v.weight             (768, 10) | 7680
[Trainable] classifier_pool.5.weight                                     (20, 768) | 15360
[Trainable] classifier_pool.5.bias                                       (20,) | 20
2026-07-01 00:58:40,471 [toolkit.py] => Total params:     103,487,003
2026-07-01 00:58:40,471 [toolkit.py] => Trainable params: 384,020
2026-07-01 00:58:40,471 [toolkit.py] => Trainable ratio:  0.3711%
✅ Requires_grad parameters and optimizer parameters are consistent.
2026-07-01 00:59:46,038 [ewclora.py] => Task 5, Epoch 20/20 => Loss 0.103, Train_accy 98.10
2026-07-01 00:59:46,039 [trainer.py] => Training time: 0h 1m 5s
2026-07-01 00:59:51,094 [trainer.py] => Evaluation time: 0h 0m 5s
=== Update Importance Matrix ===
2026-07-01 00:59:54,361 [trainer.py] => Accuracy: {'total': 63.29, '00-19': 71.25, '20-39': 72.91, '40-59': 57.77, '60-79': 76.16, '80-99': 35.29, '100-119': 25.0, 'old': 65.73, 'new': 25.0}
2026-07-01 00:59:54,361 [trainer.py] => (curve) top1 Acc: [84.66, 78.19, 69.57, 68.94, 65.73, 63.29]
2026-07-01 00:59:54,361 [trainer.py] => Avergae Acc: 71.73
2026-07-01 00:59:54,361 [trainer.py] => (curve) top1 Acc with task: [84.66, 84.93, 80.74, 81.99, 79.78, 78.26]
2026-07-01 00:59:54,361 [trainer.py] => Avergae Acc: 81.73
2026-07-01 00:59:54,361 [trainer.py] => (curve) top1 Acc task: [100.0, 86.7, 79.02, 76.81, 74.06, 71.13]
2026-07-01 00:59:54,361 [trainer.py] => Avergae Acc: 81.29
2026-07-01 00:59:54,361 [trainer.py] => ================================================================================
2026-07-01 00:59:54,361 [trainer.py] => ================================================================================
2026-07-01 00:59:54,362 [base.py] => Task 6 learning on class 120-140
Parameters to be updated:
[Trainable] image_encoder.blocks.0.attn.lora_new_A_k.weight              (10, 768) | 7680
[Trainable] image_encoder.blocks.0.attn.lora_new_B_k.weight              (768, 10) | 7680
[Trainable] image_encoder.blocks.0.attn.lora_new_A_v.weight              (10, 768) | 7680
[Trainable] image_encoder.blocks.0.attn.lora_new_B_v.weight              (768, 10) | 7680
[Trainable] image_encoder.blocks.1.attn.lora_new_A_k.weight              (10, 768) | 7680
[Trainable] image_encoder.blocks.1.attn.lora_new_B_k.weight              (768, 10) | 7680
[Trainable] image_encoder.blocks.1.attn.lora_new_A_v.weight              (10, 768) | 7680
[Trainable] image_encoder.blocks.1.attn.lora_new_B_v.weight              (768, 10) | 7680
[Trainable] image_encoder.blocks.2.attn.lora_new_A_k.weight              (10, 768) | 7680
[Trainable] image_encoder.blocks.2.attn.lora_new_B_k.weight              (768, 10) | 7680
[Trainable] image_encoder.blocks.2.attn.lora_new_A_v.weight              (10, 768) | 7680
[Trainable] image_encoder.blocks.2.attn.lora_new_B_v.weight              (768, 10) | 7680
[Trainable] image_encoder.blocks.3.attn.lora_new_A_k.weight              (10, 768) | 7680
[Trainable] image_encoder.blocks.3.attn.lora_new_B_k.weight              (768, 10) | 7680
[Trainable] image_encoder.blocks.3.attn.lora_new_A_v.weight              (10, 768) | 7680
[Trainable] image_encoder.blocks.3.attn.lora_new_B_v.weight              (768, 10) | 7680
[Trainable] image_encoder.blocks.4.attn.lora_new_A_k.weight              (10, 768) | 7680
[Trainable] image_encoder.blocks.4.attn.lora_new_B_k.weight              (768, 10) | 7680
[Trainable] image_encoder.blocks.4.attn.lora_new_A_v.weight              (10, 768) | 7680
[Trainable] image_encoder.blocks.4.attn.lora_new_B_v.weight              (768, 10) | 7680
[Trainable] image_encoder.blocks.5.attn.lora_new_A_k.weight              (10, 768) | 7680
[Trainable] image_encoder.blocks.5.attn.lora_new_B_k.weight              (768, 10) | 7680
[Trainable] image_encoder.blocks.5.attn.lora_new_A_v.weight              (10, 768) | 7680
[Trainable] image_encoder.blocks.5.attn.lora_new_B_v.weight              (768, 10) | 7680
[Trainable] image_encoder.blocks.6.attn.lora_new_A_k.weight              (10, 768) | 7680
[Trainable] image_encoder.blocks.6.attn.lora_new_B_k.weight              (768, 10) | 7680
[Trainable] image_encoder.blocks.6.attn.lora_new_A_v.weight              (10, 768) | 7680
[Trainable] image_encoder.blocks.6.attn.lora_new_B_v.weight              (768, 10) | 7680
[Trainable] image_encoder.blocks.7.attn.lora_new_A_k.weight              (10, 768) | 7680
[Trainable] image_encoder.blocks.7.attn.lora_new_B_k.weight              (768, 10) | 7680
[Trainable] image_encoder.blocks.7.attn.lora_new_A_v.weight              (10, 768) | 7680
[Trainable] image_encoder.blocks.7.attn.lora_new_B_v.weight              (768, 10) | 7680
[Trainable] image_encoder.blocks.8.attn.lora_new_A_k.weight              (10, 768) | 7680
[Trainable] image_encoder.blocks.8.attn.lora_new_B_k.weight              (768, 10) | 7680
[Trainable] image_encoder.blocks.8.attn.lora_new_A_v.weight              (10, 768) | 7680
[Trainable] image_encoder.blocks.8.attn.lora_new_B_v.weight              (768, 10) | 7680
[Trainable] image_encoder.blocks.9.attn.lora_new_A_k.weight              (10, 768) | 7680
[Trainable] image_encoder.blocks.9.attn.lora_new_B_k.weight              (768, 10) | 7680
[Trainable] image_encoder.blocks.9.attn.lora_new_A_v.weight              (10, 768) | 7680
[Trainable] image_encoder.blocks.9.attn.lora_new_B_v.weight              (768, 10) | 7680
[Trainable] image_encoder.blocks.10.attn.lora_new_A_k.weight             (10, 768) | 7680
[Trainable] image_encoder.blocks.10.attn.lora_new_B_k.weight             (768, 10) | 7680
[Trainable] image_encoder.blocks.10.attn.lora_new_A_v.weight             (10, 768) | 7680
[Trainable] image_encoder.blocks.10.attn.lora_new_B_v.weight             (768, 10) | 7680
[Trainable] image_encoder.blocks.11.attn.lora_new_A_k.weight             (10, 768) | 7680
[Trainable] image_encoder.blocks.11.attn.lora_new_B_k.weight             (768, 10) | 7680
[Trainable] image_encoder.blocks.11.attn.lora_new_A_v.weight             (10, 768) | 7680
[Trainable] image_encoder.blocks.11.attn.lora_new_B_v.weight             (768, 10) | 7680
[Trainable] classifier_pool.6.weight                                     (20, 768) | 15360
[Trainable] classifier_pool.6.bias                                       (20,) | 20
2026-07-01 00:59:54,367 [toolkit.py] => Total params:     103,487,003
2026-07-01 00:59:54,367 [toolkit.py] => Trainable params: 384,020
2026-07-01 00:59:54,367 [toolkit.py] => Trainable ratio:  0.3711%
✅ Requires_grad parameters and optimizer parameters are consistent.
2026-07-01 01:01:14,694 [ewclora.py] => Task 6, Epoch 20/20 => Loss 0.100, Train_accy 97.72
2026-07-01 01:01:14,696 [trainer.py] => Training time: 0h 1m 20s
2026-07-01 01:01:20,096 [trainer.py] => Evaluation time: 0h 0m 5s
=== Update Importance Matrix ===
2026-07-01 01:01:23,696 [trainer.py] => Accuracy: {'total': 61.71, '00-19': 71.57, '20-39': 72.91, '40-59': 56.97, '60-79': 75.5, '80-99': 35.29, '100-119': 23.53, '120-139': 44.94, 'old': 63.03, 'new': 44.94}
2026-07-01 01:01:23,697 [trainer.py] => (curve) top1 Acc: [84.66, 78.19, 69.57, 68.94, 65.73, 63.29, 61.71]
2026-07-01 01:01:23,697 [trainer.py] => Avergae Acc: 70.30
2026-07-01 01:01:23,697 [trainer.py] => (curve) top1 Acc with task: [84.66, 84.93, 80.74, 81.99, 79.78, 78.26, 77.31]
2026-07-01 01:01:23,697 [trainer.py] => Avergae Acc: 81.10
2026-07-01 01:01:23,697 [trainer.py] => (curve) top1 Acc task: [100.0, 86.7, 79.02, 76.81, 74.06, 71.13, 69.63]
2026-07-01 01:01:23,697 [trainer.py] => Avergae Acc: 79.62
2026-07-01 01:01:23,697 [trainer.py] => ================================================================================
2026-07-01 01:01:23,697 [trainer.py] => ================================================================================
2026-07-01 01:01:23,698 [base.py] => Task 7 learning on class 140-160
Parameters to be updated:
[Trainable] image_encoder.blocks.0.attn.lora_new_A_k.weight              (10, 768) | 7680
[Trainable] image_encoder.blocks.0.attn.lora_new_B_k.weight              (768, 10) | 7680
[Trainable] image_encoder.blocks.0.attn.lora_new_A_v.weight              (10, 768) | 7680
[Trainable] image_encoder.blocks.0.attn.lora_new_B_v.weight              (768, 10) | 7680
[Trainable] image_encoder.blocks.1.attn.lora_new_A_k.weight              (10, 768) | 7680
[Trainable] image_encoder.blocks.1.attn.lora_new_B_k.weight              (768, 10) | 7680
[Trainable] image_encoder.blocks.1.attn.lora_new_A_v.weight              (10, 768) | 7680
[Trainable] image_encoder.blocks.1.attn.lora_new_B_v.weight              (768, 10) | 7680
[Trainable] image_encoder.blocks.2.attn.lora_new_A_k.weight              (10, 768) | 7680
[Trainable] image_encoder.blocks.2.attn.lora_new_B_k.weight              (768, 10) | 7680
[Trainable] image_encoder.blocks.2.attn.lora_new_A_v.weight              (10, 768) | 7680
[Trainable] image_encoder.blocks.2.attn.lora_new_B_v.weight              (768, 10) | 7680
[Trainable] image_encoder.blocks.3.attn.lora_new_A_k.weight              (10, 768) | 7680
[Trainable] image_encoder.blocks.3.attn.lora_new_B_k.weight              (768, 10) | 7680
[Trainable] image_encoder.blocks.3.attn.lora_new_A_v.weight              (10, 768) | 7680
[Trainable] image_encoder.blocks.3.attn.lora_new_B_v.weight              (768, 10) | 7680
[Trainable] image_encoder.blocks.4.attn.lora_new_A_k.weight              (10, 768) | 7680
[Trainable] image_encoder.blocks.4.attn.lora_new_B_k.weight              (768, 10) | 7680
[Trainable] image_encoder.blocks.4.attn.lora_new_A_v.weight              (10, 768) | 7680
[Trainable] image_encoder.blocks.4.attn.lora_new_B_v.weight              (768, 10) | 7680
[Trainable] image_encoder.blocks.5.attn.lora_new_A_k.weight              (10, 768) | 7680
[Trainable] image_encoder.blocks.5.attn.lora_new_B_k.weight              (768, 10) | 7680
[Trainable] image_encoder.blocks.5.attn.lora_new_A_v.weight              (10, 768) | 7680
[Trainable] image_encoder.blocks.5.attn.lora_new_B_v.weight              (768, 10) | 7680
[Trainable] image_encoder.blocks.6.attn.lora_new_A_k.weight              (10, 768) | 7680
[Trainable] image_encoder.blocks.6.attn.lora_new_B_k.weight              (768, 10) | 7680
[Trainable] image_encoder.blocks.6.attn.lora_new_A_v.weight              (10, 768) | 7680
[Trainable] image_encoder.blocks.6.attn.lora_new_B_v.weight              (768, 10) | 7680
[Trainable] image_encoder.blocks.7.attn.lora_new_A_k.weight              (10, 768) | 7680
[Trainable] image_encoder.blocks.7.attn.lora_new_B_k.weight              (768, 10) | 7680
[Trainable] image_encoder.blocks.7.attn.lora_new_A_v.weight              (10, 768) | 7680
[Trainable] image_encoder.blocks.7.attn.lora_new_B_v.weight              (768, 10) | 7680
[Trainable] image_encoder.blocks.8.attn.lora_new_A_k.weight              (10, 768) | 7680
[Trainable] image_encoder.blocks.8.attn.lora_new_B_k.weight              (768, 10) | 7680
[Trainable] image_encoder.blocks.8.attn.lora_new_A_v.weight              (10, 768) | 7680
[Trainable] image_encoder.blocks.8.attn.lora_new_B_v.weight              (768, 10) | 7680
[Trainable] image_encoder.blocks.9.attn.lora_new_A_k.weight              (10, 768) | 7680
[Trainable] image_encoder.blocks.9.attn.lora_new_B_k.weight              (768, 10) | 7680
[Trainable] image_encoder.blocks.9.attn.lora_new_A_v.weight              (10, 768) | 7680
[Trainable] image_encoder.blocks.9.attn.lora_new_B_v.weight              (768, 10) | 7680
[Trainable] image_encoder.blocks.10.attn.lora_new_A_k.weight             (10, 768) | 7680
[Trainable] image_encoder.blocks.10.attn.lora_new_B_k.weight             (768, 10) | 7680
[Trainable] image_encoder.blocks.10.attn.lora_new_A_v.weight             (10, 768) | 7680
[Trainable] image_encoder.blocks.10.attn.lora_new_B_v.weight             (768, 10) | 7680
[Trainable] image_encoder.blocks.11.attn.lora_new_A_k.weight             (10, 768) | 7680
[Trainable] image_encoder.blocks.11.attn.lora_new_B_k.weight             (768, 10) | 7680
[Trainable] image_encoder.blocks.11.attn.lora_new_A_v.weight             (10, 768) | 7680
[Trainable] image_encoder.blocks.11.attn.lora_new_B_v.weight             (768, 10) | 7680
[Trainable] classifier_pool.7.weight                                     (20, 768) | 15360
[Trainable] classifier_pool.7.bias                                       (20,) | 20
2026-07-01 01:01:23,703 [toolkit.py] => Total params:     103,487,003
2026-07-01 01:01:23,703 [toolkit.py] => Trainable params: 384,020
2026-07-01 01:01:23,703 [toolkit.py] => Trainable ratio:  0.3711%
✅ Requires_grad parameters and optimizer parameters are consistent.
2026-07-01 01:02:38,610 [ewclora.py] => Task 7, Epoch 20/20 => Loss 0.078, Train_accy 98.13
2026-07-01 01:02:38,611 [trainer.py] => Training time: 0h 1m 14s
2026-07-01 01:02:44,241 [trainer.py] => Evaluation time: 0h 0m 5s
=== Update Importance Matrix ===
2026-07-01 01:02:47,675 [trainer.py] => Accuracy: {'total': 59.57, '00-19': 71.88, '20-39': 72.51, '40-59': 57.37, '60-79': 74.83, '80-99': 33.33, '100-119': 23.53, '120-139': 41.57, '140-159': 33.33, 'old': 61.31, 'new': 33.33}
2026-07-01 01:02:47,675 [trainer.py] => (curve) top1 Acc: [84.66, 78.19, 69.57, 68.94, 65.73, 63.29, 61.71, 59.57]
2026-07-01 01:02:47,675 [trainer.py] => Avergae Acc: 68.96
2026-07-01 01:02:47,675 [trainer.py] => (curve) top1 Acc with task: [84.66, 84.93, 80.74, 81.99, 79.78, 78.26, 77.31, 76.65]
2026-07-01 01:02:47,675 [trainer.py] => Avergae Acc: 80.54
2026-07-01 01:02:47,676 [trainer.py] => (curve) top1 Acc task: [100.0, 86.7, 79.02, 76.81, 74.06, 71.13, 69.63, 67.3]
2026-07-01 01:02:47,676 [trainer.py] => Avergae Acc: 78.08
2026-07-01 01:02:47,676 [trainer.py] => ================================================================================
2026-07-01 01:02:47,676 [trainer.py] => ================================================================================
2026-07-01 01:02:47,676 [base.py] => Task 8 learning on class 160-180
Parameters to be updated:
[Trainable] image_encoder.blocks.0.attn.lora_new_A_k.weight              (10, 768) | 7680
[Trainable] image_encoder.blocks.0.attn.lora_new_B_k.weight              (768, 10) | 7680
[Trainable] image_encoder.blocks.0.attn.lora_new_A_v.weight              (10, 768) | 7680
[Trainable] image_encoder.blocks.0.attn.lora_new_B_v.weight              (768, 10) | 7680
[Trainable] image_encoder.blocks.1.attn.lora_new_A_k.weight              (10, 768) | 7680
[Trainable] image_encoder.blocks.1.attn.lora_new_B_k.weight              (768, 10) | 7680
[Trainable] image_encoder.blocks.1.attn.lora_new_A_v.weight              (10, 768) | 7680
[Trainable] image_encoder.blocks.1.attn.lora_new_B_v.weight              (768, 10) | 7680
[Trainable] image_encoder.blocks.2.attn.lora_new_A_k.weight              (10, 768) | 7680
[Trainable] image_encoder.blocks.2.attn.lora_new_B_k.weight              (768, 10) | 7680
[Trainable] image_encoder.blocks.2.attn.lora_new_A_v.weight              (10, 768) | 7680
[Trainable] image_encoder.blocks.2.attn.lora_new_B_v.weight              (768, 10) | 7680
[Trainable] image_encoder.blocks.3.attn.lora_new_A_k.weight              (10, 768) | 7680
[Trainable] image_encoder.blocks.3.attn.lora_new_B_k.weight              (768, 10) | 7680
[Trainable] image_encoder.blocks.3.attn.lora_new_A_v.weight              (10, 768) | 7680
[Trainable] image_encoder.blocks.3.attn.lora_new_B_v.weight              (768, 10) | 7680
[Trainable] image_encoder.blocks.4.attn.lora_new_A_k.weight              (10, 768) | 7680
[Trainable] image_encoder.blocks.4.attn.lora_new_B_k.weight              (768, 10) | 7680
[Trainable] image_encoder.blocks.4.attn.lora_new_A_v.weight              (10, 768) | 7680
[Trainable] image_encoder.blocks.4.attn.lora_new_B_v.weight              (768, 10) | 7680
[Trainable] image_encoder.blocks.5.attn.lora_new_A_k.weight              (10, 768) | 7680
[Trainable] image_encoder.blocks.5.attn.lora_new_B_k.weight              (768, 10) | 7680
[Trainable] image_encoder.blocks.5.attn.lora_new_A_v.weight              (10, 768) | 7680
[Trainable] image_encoder.blocks.5.attn.lora_new_B_v.weight              (768, 10) | 7680
[Trainable] image_encoder.blocks.6.attn.lora_new_A_k.weight              (10, 768) | 7680
[Trainable] image_encoder.blocks.6.attn.lora_new_B_k.weight              (768, 10) | 7680
[Trainable] image_encoder.blocks.6.attn.lora_new_A_v.weight              (10, 768) | 7680
[Trainable] image_encoder.blocks.6.attn.lora_new_B_v.weight              (768, 10) | 7680
[Trainable] image_encoder.blocks.7.attn.lora_new_A_k.weight              (10, 768) | 7680
[Trainable] image_encoder.blocks.7.attn.lora_new_B_k.weight              (768, 10) | 7680
[Trainable] image_encoder.blocks.7.attn.lora_new_A_v.weight              (10, 768) | 7680
[Trainable] image_encoder.blocks.7.attn.lora_new_B_v.weight              (768, 10) | 7680
[Trainable] image_encoder.blocks.8.attn.lora_new_A_k.weight              (10, 768) | 7680
[Trainable] image_encoder.blocks.8.attn.lora_new_B_k.weight              (768, 10) | 7680
[Trainable] image_encoder.blocks.8.attn.lora_new_A_v.weight              (10, 768) | 7680
[Trainable] image_encoder.blocks.8.attn.lora_new_B_v.weight              (768, 10) | 7680
[Trainable] image_encoder.blocks.9.attn.lora_new_A_k.weight              (10, 768) | 7680
[Trainable] image_encoder.blocks.9.attn.lora_new_B_k.weight              (768, 10) | 7680
[Trainable] image_encoder.blocks.9.attn.lora_new_A_v.weight              (10, 768) | 7680
[Trainable] image_encoder.blocks.9.attn.lora_new_B_v.weight              (768, 10) | 7680
[Trainable] image_encoder.blocks.10.attn.lora_new_A_k.weight             (10, 768) | 7680
[Trainable] image_encoder.blocks.10.attn.lora_new_B_k.weight             (768, 10) | 7680
[Trainable] image_encoder.blocks.10.attn.lora_new_A_v.weight             (10, 768) | 7680
[Trainable] image_encoder.blocks.10.attn.lora_new_B_v.weight             (768, 10) | 7680
[Trainable] image_encoder.blocks.11.attn.lora_new_A_k.weight             (10, 768) | 7680
[Trainable] image_encoder.blocks.11.attn.lora_new_B_k.weight             (768, 10) | 7680
[Trainable] image_encoder.blocks.11.attn.lora_new_A_v.weight             (10, 768) | 7680
[Trainable] image_encoder.blocks.11.attn.lora_new_B_v.weight             (768, 10) | 7680
[Trainable] classifier_pool.8.weight                                     (20, 768) | 15360
[Trainable] classifier_pool.8.bias                                       (20,) | 20
2026-07-01 01:02:47,680 [toolkit.py] => Total params:     103,487,003
2026-07-01 01:02:47,680 [toolkit.py] => Trainable params: 384,020
2026-07-01 01:02:47,680 [toolkit.py] => Trainable ratio:  0.3711%
✅ Requires_grad parameters and optimizer parameters are consistent.
2026-07-01 01:04:15,190 [ewclora.py] => Task 8, Epoch 20/20 => Loss 0.143, Train_accy 95.40
2026-07-01 01:04:15,192 [trainer.py] => Training time: 0h 1m 27s
2026-07-01 01:04:21,142 [trainer.py] => Evaluation time: 0h 0m 5s
=== Update Importance Matrix ===
2026-07-01 01:04:25,496 [trainer.py] => Accuracy: {'total': 57.09, '00-19': 71.57, '20-39': 72.11, '40-59': 57.77, '60-79': 74.17, '80-99': 33.33, '100-119': 22.06, '120-139': 40.45, '140-159': 34.57, '160-179': 26.8, 'old': 59.34, 'new': 26.8}
2026-07-01 01:04:25,496 [trainer.py] => (curve) top1 Acc: [84.66, 78.19, 69.57, 68.94, 65.73, 63.29, 61.71, 59.57, 57.09]
2026-07-01 01:04:25,496 [trainer.py] => Avergae Acc: 67.64
2026-07-01 01:04:25,497 [trainer.py] => (curve) top1 Acc with task: [84.66, 84.93, 80.74, 81.99, 79.78, 78.26, 77.31, 76.65, 75.84]
2026-07-01 01:04:25,497 [trainer.py] => Avergae Acc: 80.02
2026-07-01 01:04:25,497 [trainer.py] => (curve) top1 Acc task: [100.0, 86.7, 79.02, 76.81, 74.06, 71.13, 69.63, 67.3, 64.29]
2026-07-01 01:04:25,497 [trainer.py] => Avergae Acc: 76.55
2026-07-01 01:04:25,497 [trainer.py] => ================================================================================
2026-07-01 01:04:25,497 [trainer.py] => ================================================================================
2026-07-01 01:04:25,497 [base.py] => Task 9 learning on class 180-200
Parameters to be updated:
[Trainable] image_encoder.blocks.0.attn.lora_new_A_k.weight              (10, 768) | 7680
[Trainable] image_encoder.blocks.0.attn.lora_new_B_k.weight              (768, 10) | 7680
[Trainable] image_encoder.blocks.0.attn.lora_new_A_v.weight              (10, 768) | 7680
[Trainable] image_encoder.blocks.0.attn.lora_new_B_v.weight              (768, 10) | 7680
[Trainable] image_encoder.blocks.1.attn.lora_new_A_k.weight              (10, 768) | 7680
[Trainable] image_encoder.blocks.1.attn.lora_new_B_k.weight              (768, 10) | 7680
[Trainable] image_encoder.blocks.1.attn.lora_new_A_v.weight              (10, 768) | 7680
[Trainable] image_encoder.blocks.1.attn.lora_new_B_v.weight              (768, 10) | 7680
[Trainable] image_encoder.blocks.2.attn.lora_new_A_k.weight              (10, 768) | 7680
[Trainable] image_encoder.blocks.2.attn.lora_new_B_k.weight              (768, 10) | 7680
[Trainable] image_encoder.blocks.2.attn.lora_new_A_v.weight              (10, 768) | 7680
[Trainable] image_encoder.blocks.2.attn.lora_new_B_v.weight              (768, 10) | 7680
[Trainable] image_encoder.blocks.3.attn.lora_new_A_k.weight              (10, 768) | 7680
[Trainable] image_encoder.blocks.3.attn.lora_new_B_k.weight              (768, 10) | 7680
[Trainable] image_encoder.blocks.3.attn.lora_new_A_v.weight              (10, 768) | 7680
[Trainable] image_encoder.blocks.3.attn.lora_new_B_v.weight              (768, 10) | 7680
[Trainable] image_encoder.blocks.4.attn.lora_new_A_k.weight              (10, 768) | 7680
[Trainable] image_encoder.blocks.4.attn.lora_new_B_k.weight              (768, 10) | 7680
[Trainable] image_encoder.blocks.4.attn.lora_new_A_v.weight              (10, 768) | 7680
[Trainable] image_encoder.blocks.4.attn.lora_new_B_v.weight              (768, 10) | 7680
[Trainable] image_encoder.blocks.5.attn.lora_new_A_k.weight              (10, 768) | 7680
[Trainable] image_encoder.blocks.5.attn.lora_new_B_k.weight              (768, 10) | 7680
[Trainable] image_encoder.blocks.5.attn.lora_new_A_v.weight              (10, 768) | 7680
[Trainable] image_encoder.blocks.5.attn.lora_new_B_v.weight              (768, 10) | 7680
[Trainable] image_encoder.blocks.6.attn.lora_new_A_k.weight              (10, 768) | 7680
[Trainable] image_encoder.blocks.6.attn.lora_new_B_k.weight              (768, 10) | 7680
[Trainable] image_encoder.blocks.6.attn.lora_new_A_v.weight              (10, 768) | 7680
[Trainable] image_encoder.blocks.6.attn.lora_new_B_v.weight              (768, 10) | 7680
[Trainable] image_encoder.blocks.7.attn.lora_new_A_k.weight              (10, 768) | 7680
[Trainable] image_encoder.blocks.7.attn.lora_new_B_k.weight              (768, 10) | 7680
[Trainable] image_encoder.blocks.7.attn.lora_new_A_v.weight              (10, 768) | 7680
[Trainable] image_encoder.blocks.7.attn.lora_new_B_v.weight              (768, 10) | 7680
[Trainable] image_encoder.blocks.8.attn.lora_new_A_k.weight              (10, 768) | 7680
[Trainable] image_encoder.blocks.8.attn.lora_new_B_k.weight              (768, 10) | 7680
[Trainable] image_encoder.blocks.8.attn.lora_new_A_v.weight              (10, 768) | 7680
[Trainable] image_encoder.blocks.8.attn.lora_new_B_v.weight              (768, 10) | 7680
[Trainable] image_encoder.blocks.9.attn.lora_new_A_k.weight              (10, 768) | 7680
[Trainable] image_encoder.blocks.9.attn.lora_new_B_k.weight              (768, 10) | 7680
[Trainable] image_encoder.blocks.9.attn.lora_new_A_v.weight              (10, 768) | 7680
[Trainable] image_encoder.blocks.9.attn.lora_new_B_v.weight              (768, 10) | 7680
[Trainable] image_encoder.blocks.10.attn.lora_new_A_k.weight             (10, 768) | 7680
[Trainable] image_encoder.blocks.10.attn.lora_new_B_k.weight             (768, 10) | 7680
[Trainable] image_encoder.blocks.10.attn.lora_new_A_v.weight             (10, 768) | 7680
[Trainable] image_encoder.blocks.10.attn.lora_new_B_v.weight             (768, 10) | 7680
[Trainable] image_encoder.blocks.11.attn.lora_new_A_k.weight             (10, 768) | 7680
[Trainable] image_encoder.blocks.11.attn.lora_new_B_k.weight             (768, 10) | 7680
[Trainable] image_encoder.blocks.11.attn.lora_new_A_v.weight             (10, 768) | 7680
[Trainable] image_encoder.blocks.11.attn.lora_new_B_v.weight             (768, 10) | 7680
[Trainable] classifier_pool.9.weight                                     (20, 768) | 15360
[Trainable] classifier_pool.9.bias                                       (20,) | 20
2026-07-01 01:04:25,501 [toolkit.py] => Total params:     103,487,003
2026-07-01 01:04:25,502 [toolkit.py] => Trainable params: 384,020
2026-07-01 01:04:25,502 [toolkit.py] => Trainable ratio:  0.3711%
✅ Requires_grad parameters and optimizer parameters are consistent.
2026-07-01 01:05:53,221 [ewclora.py] => Task 9, Epoch 20/20 => Loss 0.073, Train_accy 97.14
2026-07-01 01:05:53,223 [trainer.py] => Training time: 0h 1m 27s
2026-07-01 01:05:59,500 [trainer.py] => Evaluation time: 0h 0m 6s
=== Update Importance Matrix ===
2026-07-01 01:06:03,856 [trainer.py] => Accuracy: {'total': 55.8, '00-19': 69.97, '20-39': 71.31, '40-59': 57.37, '60-79': 73.51, '80-99': 32.35, '100-119': 20.59, '120-139': 42.7, '140-159': 33.33, '160-179': 25.77, '180-199': 48.45, 'old': 56.31, 'new': 48.45}
2026-07-01 01:06:03,856 [trainer.py] => (curve) top1 Acc: [84.66, 78.19, 69.57, 68.94, 65.73, 63.29, 61.71, 59.57, 57.09, 55.8]
2026-07-01 01:06:03,856 [trainer.py] => Avergae Acc: 66.46
2026-07-01 01:06:03,856 [trainer.py] => (curve) top1 Acc with task: [84.66, 84.93, 80.74, 81.99, 79.78, 78.26, 77.31, 76.65, 75.84, 75.4]
2026-07-01 01:06:03,856 [trainer.py] => Avergae Acc: 79.56
2026-07-01 01:06:03,856 [trainer.py] => (curve) top1 Acc task: [100.0, 86.7, 79.02, 76.81, 74.06, 71.13, 69.63, 67.3, 64.29, 62.53]
2026-07-01 01:06:03,856 [trainer.py] => Avergae Acc: 75.15
2026-07-01 01:06:03,856 [trainer.py] => ================================================================================
