2026-06-30 23:47:38,537 [toolkit.py] => config: /home/zll2025/low-rank-cl-main/configs/sdlora/imagenet-a.json
2026-06-30 23:47:38,537 [toolkit.py] => device: [device(type='cuda', index=5)]
2026-06-30 23:47:38,537 [toolkit.py] => debug: False
2026-06-30 23:47:38,537 [toolkit.py] => save_ckp: False
2026-06-30 23:47:38,537 [toolkit.py] => moe_list: None
2026-06-30 23:47:38,537 [toolkit.py] => seed: 1993
2026-06-30 23:47:38,537 [toolkit.py] => dataset: imagenet-a
2026-06-30 23:47:38,537 [toolkit.py] => data_path: data/imagenet-a
2026-06-30 23:47:38,537 [toolkit.py] => load: vit_base_patch16_224_in21k
2026-06-30 23:47:38,537 [toolkit.py] => init_cls: 20
2026-06-30 23:47:38,537 [toolkit.py] => increment: 20
2026-06-30 23:47:38,537 [toolkit.py] => sessions: 10
2026-06-30 23:47:38,537 [toolkit.py] => shuffle: False
2026-06-30 23:47:38,537 [toolkit.py] => method: sdlora
2026-06-30 23:47:38,537 [toolkit.py] => optimizer: adam
2026-06-30 23:47:38,537 [toolkit.py] => scheduler: cosine
2026-06-30 23:47:38,537 [toolkit.py] => epochs: 20
2026-06-30 23:47:38,537 [toolkit.py] => lrate: 0.0005
2026-06-30 23:47:38,538 [toolkit.py] => fc_lrate: 0.005
2026-06-30 23:47:38,538 [toolkit.py] => weight_decay: 0.0
2026-06-30 23:47:38,538 [toolkit.py] => batch_size: 128
2026-06-30 23:47:38,538 [toolkit.py] => rank: 10
2026-06-30 23:47:38,538 [toolkit.py] => num_workers: 16
2026-06-30 23:47:38,538 [toolkit.py] => lrate_head: 0
2026-06-30 23:47:38,538 [toolkit.py] => logdir: logs/sdlora/imagenet-a/t10
2026-06-30 23:47:38,538 [toolkit.py] => logfilename: logs/sdlora/imagenet-a/t10/seed1993
2026-06-30 23:47:38,565 [data_manager.py] => Class index order: 0, 1, 2, 3, 4, ..., 195, 196, 197, 198, 199
2026-06-30 23:47:40,789 [trainer.py] => ================================================================================
2026-06-30 23:47:40,790 [base.py] => Task 0 learning on class 0-20
Parameters to be updated:
[Trainable] image_encoder.scaling_factor.0.param                         (1,) | 1
[Trainable] image_encoder.scaling_factor_prev.0.param                    (1,) | 1
[Trainable] image_encoder.scaling_factor_prev.1.param                    (1,) | 1
[Trainable] image_encoder.scaling_factor_prev.2.param                    (1,) | 1
[Trainable] image_encoder.scaling_factor_prev.3.param                    (1,) | 1
[Trainable] image_encoder.scaling_factor_prev.4.param                    (1,) | 1
[Trainable] image_encoder.scaling_factor_prev.5.param                    (1,) | 1
[Trainable] image_encoder.scaling_factor_prev.6.param                    (1,) | 1
[Trainable] image_encoder.scaling_factor_prev.7.param                    (1,) | 1
[Trainable] image_encoder.scaling_factor_prev.8.param                    (1,) | 1
[Trainable] image_encoder.scaling_factor_prev.9.param                    (1,) | 1
[Trainable] image_encoder.scaling_factor_prev.10.param                   (1,) | 1
[Trainable] image_encoder.scaling_factor_prev.11.param                   (1,) | 1
[Trainable] image_encoder.scaling_factor_prev.12.param                   (1,) | 1
[Trainable] image_encoder.scaling_factor_prev.13.param                   (1,) | 1
[Trainable] image_encoder.scaling_factor_prev.14.param                   (1,) | 1
[Trainable] image_encoder.scaling_factor_prev.15.param                   (1,) | 1
[Trainable] image_encoder.scaling_factor_prev.16.param                   (1,) | 1
[Trainable] image_encoder.scaling_factor_prev.17.param                   (1,) | 1
[Trainable] image_encoder.scaling_factor_prev.18.param                   (1,) | 1
[Trainable] image_encoder.scaling_factor_prev.19.param                   (1,) | 1
[Trainable] image_encoder.blocks.0.attn.lora_A_k.0.weight                (10, 768) | 7680
[Trainable] image_encoder.blocks.0.attn.lora_B_k.0.weight                (768, 10) | 7680
[Trainable] image_encoder.blocks.0.attn.lora_A_v.0.weight                (10, 768) | 7680
[Trainable] image_encoder.blocks.0.attn.lora_B_v.0.weight                (768, 10) | 7680
[Trainable] image_encoder.blocks.1.attn.lora_A_k.0.weight                (10, 768) | 7680
[Trainable] image_encoder.blocks.1.attn.lora_B_k.0.weight                (768, 10) | 7680
[Trainable] image_encoder.blocks.1.attn.lora_A_v.0.weight                (10, 768) | 7680
[Trainable] image_encoder.blocks.1.attn.lora_B_v.0.weight                (768, 10) | 7680
[Trainable] image_encoder.blocks.2.attn.lora_A_k.0.weight                (10, 768) | 7680
[Trainable] image_encoder.blocks.2.attn.lora_B_k.0.weight                (768, 10) | 7680
[Trainable] image_encoder.blocks.2.attn.lora_A_v.0.weight                (10, 768) | 7680
[Trainable] image_encoder.blocks.2.attn.lora_B_v.0.weight                (768, 10) | 7680
[Trainable] image_encoder.blocks.3.attn.lora_A_k.0.weight                (10, 768) | 7680
[Trainable] image_encoder.blocks.3.attn.lora_B_k.0.weight                (768, 10) | 7680
[Trainable] image_encoder.blocks.3.attn.lora_A_v.0.weight                (10, 768) | 7680
[Trainable] image_encoder.blocks.3.attn.lora_B_v.0.weight                (768, 10) | 7680
[Trainable] image_encoder.blocks.4.attn.lora_A_k.0.weight                (10, 768) | 7680
[Trainable] image_encoder.blocks.4.attn.lora_B_k.0.weight                (768, 10) | 7680
[Trainable] image_encoder.blocks.4.attn.lora_A_v.0.weight                (10, 768) | 7680
[Trainable] image_encoder.blocks.4.attn.lora_B_v.0.weight                (768, 10) | 7680
[Trainable] image_encoder.blocks.5.attn.lora_A_k.0.weight                (10, 768) | 7680
[Trainable] image_encoder.blocks.5.attn.lora_B_k.0.weight                (768, 10) | 7680
[Trainable] image_encoder.blocks.5.attn.lora_A_v.0.weight                (10, 768) | 7680
[Trainable] image_encoder.blocks.5.attn.lora_B_v.0.weight                (768, 10) | 7680
[Trainable] image_encoder.blocks.6.attn.lora_A_k.0.weight                (10, 768) | 7680
[Trainable] image_encoder.blocks.6.attn.lora_B_k.0.weight                (768, 10) | 7680
[Trainable] image_encoder.blocks.6.attn.lora_A_v.0.weight                (10, 768) | 7680
[Trainable] image_encoder.blocks.6.attn.lora_B_v.0.weight                (768, 10) | 7680
[Trainable] image_encoder.blocks.7.attn.lora_A_k.0.weight                (10, 768) | 7680
[Trainable] image_encoder.blocks.7.attn.lora_B_k.0.weight                (768, 10) | 7680
[Trainable] image_encoder.blocks.7.attn.lora_A_v.0.weight                (10, 768) | 7680
[Trainable] image_encoder.blocks.7.attn.lora_B_v.0.weight                (768, 10) | 7680
[Trainable] image_encoder.blocks.8.attn.lora_A_k.0.weight                (10, 768) | 7680
[Trainable] image_encoder.blocks.8.attn.lora_B_k.0.weight                (768, 10) | 7680
[Trainable] image_encoder.blocks.8.attn.lora_A_v.0.weight                (10, 768) | 7680
[Trainable] image_encoder.blocks.8.attn.lora_B_v.0.weight                (768, 10) | 7680
[Trainable] image_encoder.blocks.9.attn.lora_A_k.0.weight                (10, 768) | 7680
[Trainable] image_encoder.blocks.9.attn.lora_B_k.0.weight                (768, 10) | 7680
[Trainable] image_encoder.blocks.9.attn.lora_A_v.0.weight                (10, 768) | 7680
[Trainable] image_encoder.blocks.9.attn.lora_B_v.0.weight                (768, 10) | 7680
[Trainable] image_encoder.blocks.10.attn.lora_A_k.0.weight               (10, 768) | 7680
[Trainable] image_encoder.blocks.10.attn.lora_B_k.0.weight               (768, 10) | 7680
[Trainable] image_encoder.blocks.10.attn.lora_A_v.0.weight               (10, 768) | 7680
[Trainable] image_encoder.blocks.10.attn.lora_B_v.0.weight               (768, 10) | 7680
[Trainable] image_encoder.blocks.11.attn.lora_A_k.0.weight               (10, 768) | 7680
[Trainable] image_encoder.blocks.11.attn.lora_B_k.0.weight               (768, 10) | 7680
[Trainable] image_encoder.blocks.11.attn.lora_A_v.0.weight               (10, 768) | 7680
[Trainable] image_encoder.blocks.11.attn.lora_B_v.0.weight               (768, 10) | 7680
[Trainable] classifier_pool.0.weight                                     (20, 768) | 15360
[Trainable] classifier_pool.0.bias                                       (20,) | 20
2026-06-30 23:47:41,248 [toolkit.py] => Total params:     106,436,144
2026-06-30 23:47:41,248 [toolkit.py] => Trainable params: 384,041
2026-06-30 23:47:41,248 [toolkit.py] => Trainable ratio:  0.3608%
✅ Requires_grad parameters and optimizer parameters are consistent.
2026-06-30 23:51:01,552 [sdlora.py] => Task 0, Epoch 20/20 => Loss 0.193, Train_accy 93.77
2026-06-30 23:51:01,553 [trainer.py] => Training time: 0h 3m 20s
2026-06-30 23:51:04,345 [trainer.py] => Evaluation time: 0h 0m 2s
2026-06-30 23:51:04,345 [trainer.py] => Accuracy: {'total': 84.35, '00-19': 84.35, 'old': 0, 'new': 84.35}
2026-06-30 23:51:04,345 [trainer.py] => (curve) top1 Acc: [84.35]
2026-06-30 23:51:04,346 [trainer.py] => Avergae Acc: 84.35
2026-06-30 23:51:04,346 [trainer.py] => (curve) top1 Acc with task: [84.35]
2026-06-30 23:51:04,346 [trainer.py] => Avergae Acc: 84.35
2026-06-30 23:51:04,346 [trainer.py] => (curve) top1 Acc task: [100.0]
2026-06-30 23:51:04,346 [trainer.py] => Avergae Acc: 100.00
2026-06-30 23:51:04,346 [trainer.py] => ================================================================================
2026-06-30 23:51:04,346 [trainer.py] => ================================================================================
2026-06-30 23:51:04,346 [base.py] => Task 1 learning on class 20-40
Parameters to be updated:
[Trainable] image_encoder.scaling_factor.0.param                         (1,) | 1
[Trainable] image_encoder.scaling_factor_prev.0.param                    (1,) | 1
[Trainable] image_encoder.scaling_factor_prev.1.param                    (1,) | 1
[Trainable] image_encoder.scaling_factor_prev.2.param                    (1,) | 1
[Trainable] image_encoder.scaling_factor_prev.3.param                    (1,) | 1
[Trainable] image_encoder.scaling_factor_prev.4.param                    (1,) | 1
[Trainable] image_encoder.scaling_factor_prev.5.param                    (1,) | 1
[Trainable] image_encoder.scaling_factor_prev.6.param                    (1,) | 1
[Trainable] image_encoder.scaling_factor_prev.7.param                    (1,) | 1
[Trainable] image_encoder.scaling_factor_prev.8.param                    (1,) | 1
[Trainable] image_encoder.scaling_factor_prev.9.param                    (1,) | 1
[Trainable] image_encoder.scaling_factor_prev.10.param                   (1,) | 1
[Trainable] image_encoder.scaling_factor_prev.11.param                   (1,) | 1
[Trainable] image_encoder.scaling_factor_prev.12.param                   (1,) | 1
[Trainable] image_encoder.scaling_factor_prev.13.param                   (1,) | 1
[Trainable] image_encoder.scaling_factor_prev.14.param                   (1,) | 1
[Trainable] image_encoder.scaling_factor_prev.15.param                   (1,) | 1
[Trainable] image_encoder.scaling_factor_prev.16.param                   (1,) | 1
[Trainable] image_encoder.scaling_factor_prev.17.param                   (1,) | 1
[Trainable] image_encoder.scaling_factor_prev.18.param                   (1,) | 1
[Trainable] image_encoder.scaling_factor_prev.19.param                   (1,) | 1
[Trainable] image_encoder.blocks.0.attn.lora_A_k.1.weight                (10, 768) | 7680
[Trainable] image_encoder.blocks.0.attn.lora_B_k.1.weight                (768, 10) | 7680
[Trainable] image_encoder.blocks.0.attn.lora_A_v.1.weight                (10, 768) | 7680
[Trainable] image_encoder.blocks.0.attn.lora_B_v.1.weight                (768, 10) | 7680
[Trainable] image_encoder.blocks.1.attn.lora_A_k.1.weight                (10, 768) | 7680
[Trainable] image_encoder.blocks.1.attn.lora_B_k.1.weight                (768, 10) | 7680
[Trainable] image_encoder.blocks.1.attn.lora_A_v.1.weight                (10, 768) | 7680
[Trainable] image_encoder.blocks.1.attn.lora_B_v.1.weight                (768, 10) | 7680
[Trainable] image_encoder.blocks.2.attn.lora_A_k.1.weight                (10, 768) | 7680
[Trainable] image_encoder.blocks.2.attn.lora_B_k.1.weight                (768, 10) | 7680
[Trainable] image_encoder.blocks.2.attn.lora_A_v.1.weight                (10, 768) | 7680
[Trainable] image_encoder.blocks.2.attn.lora_B_v.1.weight                (768, 10) | 7680
[Trainable] image_encoder.blocks.3.attn.lora_A_k.1.weight                (10, 768) | 7680
[Trainable] image_encoder.blocks.3.attn.lora_B_k.1.weight                (768, 10) | 7680
[Trainable] image_encoder.blocks.3.attn.lora_A_v.1.weight                (10, 768) | 7680
[Trainable] image_encoder.blocks.3.attn.lora_B_v.1.weight                (768, 10) | 7680
[Trainable] image_encoder.blocks.4.attn.lora_A_k.1.weight                (10, 768) | 7680
[Trainable] image_encoder.blocks.4.attn.lora_B_k.1.weight                (768, 10) | 7680
[Trainable] image_encoder.blocks.4.attn.lora_A_v.1.weight                (10, 768) | 7680
[Trainable] image_encoder.blocks.4.attn.lora_B_v.1.weight                (768, 10) | 7680
[Trainable] image_encoder.blocks.5.attn.lora_A_k.1.weight                (10, 768) | 7680
[Trainable] image_encoder.blocks.5.attn.lora_B_k.1.weight                (768, 10) | 7680
[Trainable] image_encoder.blocks.5.attn.lora_A_v.1.weight                (10, 768) | 7680
[Trainable] image_encoder.blocks.5.attn.lora_B_v.1.weight                (768, 10) | 7680
[Trainable] image_encoder.blocks.6.attn.lora_A_k.1.weight                (10, 768) | 7680
[Trainable] image_encoder.blocks.6.attn.lora_B_k.1.weight                (768, 10) | 7680
[Trainable] image_encoder.blocks.6.attn.lora_A_v.1.weight                (10, 768) | 7680
[Trainable] image_encoder.blocks.6.attn.lora_B_v.1.weight                (768, 10) | 7680
[Trainable] image_encoder.blocks.7.attn.lora_A_k.1.weight                (10, 768) | 7680
[Trainable] image_encoder.blocks.7.attn.lora_B_k.1.weight                (768, 10) | 7680
[Trainable] image_encoder.blocks.7.attn.lora_A_v.1.weight                (10, 768) | 7680
[Trainable] image_encoder.blocks.7.attn.lora_B_v.1.weight                (768, 10) | 7680
[Trainable] image_encoder.blocks.8.attn.lora_A_k.1.weight                (10, 768) | 7680
[Trainable] image_encoder.blocks.8.attn.lora_B_k.1.weight                (768, 10) | 7680
[Trainable] image_encoder.blocks.8.attn.lora_A_v.1.weight                (10, 768) | 7680
[Trainable] image_encoder.blocks.8.attn.lora_B_v.1.weight                (768, 10) | 7680
[Trainable] image_encoder.blocks.9.attn.lora_A_k.1.weight                (10, 768) | 7680
[Trainable] image_encoder.blocks.9.attn.lora_B_k.1.weight                (768, 10) | 7680
[Trainable] image_encoder.blocks.9.attn.lora_A_v.1.weight                (10, 768) | 7680
[Trainable] image_encoder.blocks.9.attn.lora_B_v.1.weight                (768, 10) | 7680
[Trainable] image_encoder.blocks.10.attn.lora_A_k.1.weight               (10, 768) | 7680
[Trainable] image_encoder.blocks.10.attn.lora_B_k.1.weight               (768, 10) | 7680
[Trainable] image_encoder.blocks.10.attn.lora_A_v.1.weight               (10, 768) | 7680
[Trainable] image_encoder.blocks.10.attn.lora_B_v.1.weight               (768, 10) | 7680
[Trainable] image_encoder.blocks.11.attn.lora_A_k.1.weight               (10, 768) | 7680
[Trainable] image_encoder.blocks.11.attn.lora_B_k.1.weight               (768, 10) | 7680
[Trainable] image_encoder.blocks.11.attn.lora_A_v.1.weight               (10, 768) | 7680
[Trainable] image_encoder.blocks.11.attn.lora_B_v.1.weight               (768, 10) | 7680
[Trainable] classifier_pool.1.weight                                     (20, 768) | 15360
[Trainable] classifier_pool.1.bias                                       (20,) | 20
2026-06-30 23:51:04,359 [toolkit.py] => Total params:     106,436,144
2026-06-30 23:51:04,359 [toolkit.py] => Trainable params: 384,041
2026-06-30 23:51:04,359 [toolkit.py] => Trainable ratio:  0.3608%
✅ Requires_grad parameters and optimizer parameters are consistent.
2026-06-30 23:54:01,163 [sdlora.py] => Task 1, Epoch 20/20 => Loss 0.148, Train_accy 95.40
2026-06-30 23:54:01,164 [trainer.py] => Training time: 0h 2m 56s
2026-06-30 23:54:04,345 [trainer.py] => Evaluation time: 0h 0m 3s
2026-06-30 23:54:04,345 [trainer.py] => Accuracy: {'total': 79.43, '00-19': 77.64, '20-39': 81.67, 'old': 77.64, 'new': 81.67}
2026-06-30 23:54:04,345 [trainer.py] => (curve) top1 Acc: [84.35, 79.43]
2026-06-30 23:54:04,345 [trainer.py] => Avergae Acc: 81.89
2026-06-30 23:54:04,345 [trainer.py] => (curve) top1 Acc with task: [84.35, 86.52]
2026-06-30 23:54:04,345 [trainer.py] => Avergae Acc: 85.44
2026-06-30 23:54:04,345 [trainer.py] => (curve) top1 Acc task: [100.0, 87.06]
2026-06-30 23:54:04,345 [trainer.py] => Avergae Acc: 93.53
2026-06-30 23:54:04,345 [trainer.py] => ================================================================================
2026-06-30 23:54:04,345 [trainer.py] => ================================================================================
2026-06-30 23:54:04,346 [base.py] => Task 2 learning on class 40-60
Parameters to be updated:
[Trainable] image_encoder.scaling_factor.0.param                         (1,) | 1
[Trainable] image_encoder.scaling_factor_prev.0.param                    (1,) | 1
[Trainable] image_encoder.scaling_factor_prev.1.param                    (1,) | 1
[Trainable] image_encoder.scaling_factor_prev.2.param                    (1,) | 1
[Trainable] image_encoder.scaling_factor_prev.3.param                    (1,) | 1
[Trainable] image_encoder.scaling_factor_prev.4.param                    (1,) | 1
[Trainable] image_encoder.scaling_factor_prev.5.param                    (1,) | 1
[Trainable] image_encoder.scaling_factor_prev.6.param                    (1,) | 1
[Trainable] image_encoder.scaling_factor_prev.7.param                    (1,) | 1
[Trainable] image_encoder.scaling_factor_prev.8.param                    (1,) | 1
[Trainable] image_encoder.scaling_factor_prev.9.param                    (1,) | 1
[Trainable] image_encoder.scaling_factor_prev.10.param                   (1,) | 1
[Trainable] image_encoder.scaling_factor_prev.11.param                   (1,) | 1
[Trainable] image_encoder.scaling_factor_prev.12.param                   (1,) | 1
[Trainable] image_encoder.scaling_factor_prev.13.param                   (1,) | 1
[Trainable] image_encoder.scaling_factor_prev.14.param                   (1,) | 1
[Trainable] image_encoder.scaling_factor_prev.15.param                   (1,) | 1
[Trainable] image_encoder.scaling_factor_prev.16.param                   (1,) | 1
[Trainable] image_encoder.scaling_factor_prev.17.param                   (1,) | 1
[Trainable] image_encoder.scaling_factor_prev.18.param                   (1,) | 1
[Trainable] image_encoder.scaling_factor_prev.19.param                   (1,) | 1
[Trainable] image_encoder.blocks.0.attn.lora_A_k.2.weight                (10, 768) | 7680
[Trainable] image_encoder.blocks.0.attn.lora_B_k.2.weight                (768, 10) | 7680
[Trainable] image_encoder.blocks.0.attn.lora_A_v.2.weight                (10, 768) | 7680
[Trainable] image_encoder.blocks.0.attn.lora_B_v.2.weight                (768, 10) | 7680
[Trainable] image_encoder.blocks.1.attn.lora_A_k.2.weight                (10, 768) | 7680
[Trainable] image_encoder.blocks.1.attn.lora_B_k.2.weight                (768, 10) | 7680
[Trainable] image_encoder.blocks.1.attn.lora_A_v.2.weight                (10, 768) | 7680
[Trainable] image_encoder.blocks.1.attn.lora_B_v.2.weight                (768, 10) | 7680
[Trainable] image_encoder.blocks.2.attn.lora_A_k.2.weight                (10, 768) | 7680
[Trainable] image_encoder.blocks.2.attn.lora_B_k.2.weight                (768, 10) | 7680
[Trainable] image_encoder.blocks.2.attn.lora_A_v.2.weight                (10, 768) | 7680
[Trainable] image_encoder.blocks.2.attn.lora_B_v.2.weight                (768, 10) | 7680
[Trainable] image_encoder.blocks.3.attn.lora_A_k.2.weight                (10, 768) | 7680
[Trainable] image_encoder.blocks.3.attn.lora_B_k.2.weight                (768, 10) | 7680
[Trainable] image_encoder.blocks.3.attn.lora_A_v.2.weight                (10, 768) | 7680
[Trainable] image_encoder.blocks.3.attn.lora_B_v.2.weight                (768, 10) | 7680
[Trainable] image_encoder.blocks.4.attn.lora_A_k.2.weight                (10, 768) | 7680
[Trainable] image_encoder.blocks.4.attn.lora_B_k.2.weight                (768, 10) | 7680
[Trainable] image_encoder.blocks.4.attn.lora_A_v.2.weight                (10, 768) | 7680
[Trainable] image_encoder.blocks.4.attn.lora_B_v.2.weight                (768, 10) | 7680
[Trainable] image_encoder.blocks.5.attn.lora_A_k.2.weight                (10, 768) | 7680
[Trainable] image_encoder.blocks.5.attn.lora_B_k.2.weight                (768, 10) | 7680
[Trainable] image_encoder.blocks.5.attn.lora_A_v.2.weight                (10, 768) | 7680
[Trainable] image_encoder.blocks.5.attn.lora_B_v.2.weight                (768, 10) | 7680
[Trainable] image_encoder.blocks.6.attn.lora_A_k.2.weight                (10, 768) | 7680
[Trainable] image_encoder.blocks.6.attn.lora_B_k.2.weight                (768, 10) | 7680
[Trainable] image_encoder.blocks.6.attn.lora_A_v.2.weight                (10, 768) | 7680
[Trainable] image_encoder.blocks.6.attn.lora_B_v.2.weight                (768, 10) | 7680
[Trainable] image_encoder.blocks.7.attn.lora_A_k.2.weight                (10, 768) | 7680
[Trainable] image_encoder.blocks.7.attn.lora_B_k.2.weight                (768, 10) | 7680
[Trainable] image_encoder.blocks.7.attn.lora_A_v.2.weight                (10, 768) | 7680
[Trainable] image_encoder.blocks.7.attn.lora_B_v.2.weight                (768, 10) | 7680
[Trainable] image_encoder.blocks.8.attn.lora_A_k.2.weight                (10, 768) | 7680
[Trainable] image_encoder.blocks.8.attn.lora_B_k.2.weight                (768, 10) | 7680
[Trainable] image_encoder.blocks.8.attn.lora_A_v.2.weight                (10, 768) | 7680
[Trainable] image_encoder.blocks.8.attn.lora_B_v.2.weight                (768, 10) | 7680
[Trainable] image_encoder.blocks.9.attn.lora_A_k.2.weight                (10, 768) | 7680
[Trainable] image_encoder.blocks.9.attn.lora_B_k.2.weight                (768, 10) | 7680
[Trainable] image_encoder.blocks.9.attn.lora_A_v.2.weight                (10, 768) | 7680
[Trainable] image_encoder.blocks.9.attn.lora_B_v.2.weight                (768, 10) | 7680
[Trainable] image_encoder.blocks.10.attn.lora_A_k.2.weight               (10, 768) | 7680
[Trainable] image_encoder.blocks.10.attn.lora_B_k.2.weight               (768, 10) | 7680
[Trainable] image_encoder.blocks.10.attn.lora_A_v.2.weight               (10, 768) | 7680
[Trainable] image_encoder.blocks.10.attn.lora_B_v.2.weight               (768, 10) | 7680
[Trainable] image_encoder.blocks.11.attn.lora_A_k.2.weight               (10, 768) | 7680
[Trainable] image_encoder.blocks.11.attn.lora_B_k.2.weight               (768, 10) | 7680
[Trainable] image_encoder.blocks.11.attn.lora_A_v.2.weight               (10, 768) | 7680
[Trainable] image_encoder.blocks.11.attn.lora_B_v.2.weight               (768, 10) | 7680
[Trainable] classifier_pool.2.weight                                     (20, 768) | 15360
[Trainable] classifier_pool.2.bias                                       (20,) | 20
2026-06-30 23:54:04,359 [toolkit.py] => Total params:     106,436,144
2026-06-30 23:54:04,359 [toolkit.py] => Trainable params: 384,041
2026-06-30 23:54:04,359 [toolkit.py] => Trainable ratio:  0.3608%
✅ Requires_grad parameters and optimizer parameters are consistent.
2026-06-30 23:57:12,367 [sdlora.py] => Task 2, Epoch 20/20 => Loss 0.180, Train_accy 95.10
2026-06-30 23:57:12,369 [trainer.py] => Training time: 0h 3m 8s
2026-06-30 23:57:16,524 [trainer.py] => Evaluation time: 0h 0m 4s
2026-06-30 23:57:16,525 [trainer.py] => Accuracy: {'total': 73.01, '00-19': 75.4, '20-39': 79.68, '40-59': 63.35, 'old': 77.3, 'new': 63.35}
2026-06-30 23:57:16,525 [trainer.py] => (curve) top1 Acc: [84.35, 79.43, 73.01]
2026-06-30 23:57:16,525 [trainer.py] => Avergae Acc: 78.93
2026-06-30 23:57:16,525 [trainer.py] => (curve) top1 Acc with task: [84.35, 86.52, 82.94]
2026-06-30 23:57:16,525 [trainer.py] => Avergae Acc: 84.60
2026-06-30 23:57:16,525 [trainer.py] => (curve) top1 Acc task: [100.0, 87.06, 80.86]
2026-06-30 23:57:16,525 [trainer.py] => Avergae Acc: 89.31
2026-06-30 23:57:16,525 [trainer.py] => ================================================================================
2026-06-30 23:57:16,525 [trainer.py] => ================================================================================
2026-06-30 23:57:16,526 [base.py] => Task 3 learning on class 60-80
Parameters to be updated:
[Trainable] image_encoder.scaling_factor.0.param                         (1,) | 1
[Trainable] image_encoder.scaling_factor_prev.0.param                    (1,) | 1
[Trainable] image_encoder.scaling_factor_prev.1.param                    (1,) | 1
[Trainable] image_encoder.scaling_factor_prev.2.param                    (1,) | 1
[Trainable] image_encoder.scaling_factor_prev.3.param                    (1,) | 1
[Trainable] image_encoder.scaling_factor_prev.4.param                    (1,) | 1
[Trainable] image_encoder.scaling_factor_prev.5.param                    (1,) | 1
[Trainable] image_encoder.scaling_factor_prev.6.param                    (1,) | 1
[Trainable] image_encoder.scaling_factor_prev.7.param                    (1,) | 1
[Trainable] image_encoder.scaling_factor_prev.8.param                    (1,) | 1
[Trainable] image_encoder.scaling_factor_prev.9.param                    (1,) | 1
[Trainable] image_encoder.scaling_factor_prev.10.param                   (1,) | 1
[Trainable] image_encoder.scaling_factor_prev.11.param                   (1,) | 1
[Trainable] image_encoder.scaling_factor_prev.12.param                   (1,) | 1
[Trainable] image_encoder.scaling_factor_prev.13.param                   (1,) | 1
[Trainable] image_encoder.scaling_factor_prev.14.param                   (1,) | 1
[Trainable] image_encoder.scaling_factor_prev.15.param                   (1,) | 1
[Trainable] image_encoder.scaling_factor_prev.16.param                   (1,) | 1
[Trainable] image_encoder.scaling_factor_prev.17.param                   (1,) | 1
[Trainable] image_encoder.scaling_factor_prev.18.param                   (1,) | 1
[Trainable] image_encoder.scaling_factor_prev.19.param                   (1,) | 1
[Trainable] image_encoder.blocks.0.attn.lora_A_k.3.weight                (10, 768) | 7680
[Trainable] image_encoder.blocks.0.attn.lora_B_k.3.weight                (768, 10) | 7680
[Trainable] image_encoder.blocks.0.attn.lora_A_v.3.weight                (10, 768) | 7680
[Trainable] image_encoder.blocks.0.attn.lora_B_v.3.weight                (768, 10) | 7680
[Trainable] image_encoder.blocks.1.attn.lora_A_k.3.weight                (10, 768) | 7680
[Trainable] image_encoder.blocks.1.attn.lora_B_k.3.weight                (768, 10) | 7680
[Trainable] image_encoder.blocks.1.attn.lora_A_v.3.weight                (10, 768) | 7680
[Trainable] image_encoder.blocks.1.attn.lora_B_v.3.weight                (768, 10) | 7680
[Trainable] image_encoder.blocks.2.attn.lora_A_k.3.weight                (10, 768) | 7680
[Trainable] image_encoder.blocks.2.attn.lora_B_k.3.weight                (768, 10) | 7680
[Trainable] image_encoder.blocks.2.attn.lora_A_v.3.weight                (10, 768) | 7680
[Trainable] image_encoder.blocks.2.attn.lora_B_v.3.weight                (768, 10) | 7680
[Trainable] image_encoder.blocks.3.attn.lora_A_k.3.weight                (10, 768) | 7680
[Trainable] image_encoder.blocks.3.attn.lora_B_k.3.weight                (768, 10) | 7680
[Trainable] image_encoder.blocks.3.attn.lora_A_v.3.weight                (10, 768) | 7680
[Trainable] image_encoder.blocks.3.attn.lora_B_v.3.weight                (768, 10) | 7680
[Trainable] image_encoder.blocks.4.attn.lora_A_k.3.weight                (10, 768) | 7680
[Trainable] image_encoder.blocks.4.attn.lora_B_k.3.weight                (768, 10) | 7680
[Trainable] image_encoder.blocks.4.attn.lora_A_v.3.weight                (10, 768) | 7680
[Trainable] image_encoder.blocks.4.attn.lora_B_v.3.weight                (768, 10) | 7680
[Trainable] image_encoder.blocks.5.attn.lora_A_k.3.weight                (10, 768) | 7680
[Trainable] image_encoder.blocks.5.attn.lora_B_k.3.weight                (768, 10) | 7680
[Trainable] image_encoder.blocks.5.attn.lora_A_v.3.weight                (10, 768) | 7680
[Trainable] image_encoder.blocks.5.attn.lora_B_v.3.weight                (768, 10) | 7680
[Trainable] image_encoder.blocks.6.attn.lora_A_k.3.weight                (10, 768) | 7680
[Trainable] image_encoder.blocks.6.attn.lora_B_k.3.weight                (768, 10) | 7680
[Trainable] image_encoder.blocks.6.attn.lora_A_v.3.weight                (10, 768) | 7680
[Trainable] image_encoder.blocks.6.attn.lora_B_v.3.weight                (768, 10) | 7680
[Trainable] image_encoder.blocks.7.attn.lora_A_k.3.weight                (10, 768) | 7680
[Trainable] image_encoder.blocks.7.attn.lora_B_k.3.weight                (768, 10) | 7680
[Trainable] image_encoder.blocks.7.attn.lora_A_v.3.weight                (10, 768) | 7680
[Trainable] image_encoder.blocks.7.attn.lora_B_v.3.weight                (768, 10) | 7680
[Trainable] image_encoder.blocks.8.attn.lora_A_k.3.weight                (10, 768) | 7680
[Trainable] image_encoder.blocks.8.attn.lora_B_k.3.weight                (768, 10) | 7680
[Trainable] image_encoder.blocks.8.attn.lora_A_v.3.weight                (10, 768) | 7680
[Trainable] image_encoder.blocks.8.attn.lora_B_v.3.weight                (768, 10) | 7680
[Trainable] image_encoder.blocks.9.attn.lora_A_k.3.weight                (10, 768) | 7680
[Trainable] image_encoder.blocks.9.attn.lora_B_k.3.weight                (768, 10) | 7680
[Trainable] image_encoder.blocks.9.attn.lora_A_v.3.weight                (10, 768) | 7680
[Trainable] image_encoder.blocks.9.attn.lora_B_v.3.weight                (768, 10) | 7680
[Trainable] image_encoder.blocks.10.attn.lora_A_k.3.weight               (10, 768) | 7680
[Trainable] image_encoder.blocks.10.attn.lora_B_k.3.weight               (768, 10) | 7680
[Trainable] image_encoder.blocks.10.attn.lora_A_v.3.weight               (10, 768) | 7680
[Trainable] image_encoder.blocks.10.attn.lora_B_v.3.weight               (768, 10) | 7680
[Trainable] image_encoder.blocks.11.attn.lora_A_k.3.weight               (10, 768) | 7680
[Trainable] image_encoder.blocks.11.attn.lora_B_k.3.weight               (768, 10) | 7680
[Trainable] image_encoder.blocks.11.attn.lora_A_v.3.weight               (10, 768) | 7680
[Trainable] image_encoder.blocks.11.attn.lora_B_v.3.weight               (768, 10) | 7680
[Trainable] classifier_pool.3.weight                                     (20, 768) | 15360
[Trainable] classifier_pool.3.bias                                       (20,) | 20
2026-06-30 23:57:16,539 [toolkit.py] => Total params:     106,436,144
2026-06-30 23:57:16,539 [toolkit.py] => Trainable params: 384,041
2026-06-30 23:57:16,539 [toolkit.py] => Trainable ratio:  0.3608%
✅ Requires_grad parameters and optimizer parameters are consistent.
2026-06-30 23:59:26,001 [sdlora.py] => Task 3, Epoch 20/20 => Loss 0.186, Train_accy 93.93
2026-06-30 23:59:26,002 [trainer.py] => Training time: 0h 2m 9s
2026-06-30 23:59:30,902 [trainer.py] => Evaluation time: 0h 0m 4s
2026-06-30 23:59:30,902 [trainer.py] => Accuracy: {'total': 71.01, '00-19': 73.16, '20-39': 77.29, '40-59': 62.15, '60-79': 70.86, 'old': 71.04, 'new': 70.86}
2026-06-30 23:59:30,902 [trainer.py] => (curve) top1 Acc: [84.35, 79.43, 73.01, 71.01]
2026-06-30 23:59:30,902 [trainer.py] => Avergae Acc: 76.95
2026-06-30 23:59:30,902 [trainer.py] => (curve) top1 Acc with task: [84.35, 86.52, 82.94, 83.44]
2026-06-30 23:59:30,902 [trainer.py] => Avergae Acc: 84.31
2026-06-30 23:59:30,902 [trainer.py] => (curve) top1 Acc task: [100.0, 87.06, 80.86, 77.64]
2026-06-30 23:59:30,903 [trainer.py] => Avergae Acc: 86.39
2026-06-30 23:59:30,903 [trainer.py] => ================================================================================
2026-06-30 23:59:30,903 [trainer.py] => ================================================================================
2026-06-30 23:59:30,903 [base.py] => Task 4 learning on class 80-100
Parameters to be updated:
[Trainable] image_encoder.scaling_factor.0.param                         (1,) | 1
[Trainable] image_encoder.scaling_factor_prev.0.param                    (1,) | 1
[Trainable] image_encoder.scaling_factor_prev.1.param                    (1,) | 1
[Trainable] image_encoder.scaling_factor_prev.2.param                    (1,) | 1
[Trainable] image_encoder.scaling_factor_prev.3.param                    (1,) | 1
[Trainable] image_encoder.scaling_factor_prev.4.param                    (1,) | 1
[Trainable] image_encoder.scaling_factor_prev.5.param                    (1,) | 1
[Trainable] image_encoder.scaling_factor_prev.6.param                    (1,) | 1
[Trainable] image_encoder.scaling_factor_prev.7.param                    (1,) | 1
[Trainable] image_encoder.scaling_factor_prev.8.param                    (1,) | 1
[Trainable] image_encoder.scaling_factor_prev.9.param                    (1,) | 1
[Trainable] image_encoder.scaling_factor_prev.10.param                   (1,) | 1
[Trainable] image_encoder.scaling_factor_prev.11.param                   (1,) | 1
[Trainable] image_encoder.scaling_factor_prev.12.param                   (1,) | 1
[Trainable] image_encoder.scaling_factor_prev.13.param                   (1,) | 1
[Trainable] image_encoder.scaling_factor_prev.14.param                   (1,) | 1
[Trainable] image_encoder.scaling_factor_prev.15.param                   (1,) | 1
[Trainable] image_encoder.scaling_factor_prev.16.param                   (1,) | 1
[Trainable] image_encoder.scaling_factor_prev.17.param                   (1,) | 1
[Trainable] image_encoder.scaling_factor_prev.18.param                   (1,) | 1
[Trainable] image_encoder.scaling_factor_prev.19.param                   (1,) | 1
[Trainable] image_encoder.blocks.0.attn.lora_A_k.4.weight                (10, 768) | 7680
[Trainable] image_encoder.blocks.0.attn.lora_B_k.4.weight                (768, 10) | 7680
[Trainable] image_encoder.blocks.0.attn.lora_A_v.4.weight                (10, 768) | 7680
[Trainable] image_encoder.blocks.0.attn.lora_B_v.4.weight                (768, 10) | 7680
[Trainable] image_encoder.blocks.1.attn.lora_A_k.4.weight                (10, 768) | 7680
[Trainable] image_encoder.blocks.1.attn.lora_B_k.4.weight                (768, 10) | 7680
[Trainable] image_encoder.blocks.1.attn.lora_A_v.4.weight                (10, 768) | 7680
[Trainable] image_encoder.blocks.1.attn.lora_B_v.4.weight                (768, 10) | 7680
[Trainable] image_encoder.blocks.2.attn.lora_A_k.4.weight                (10, 768) | 7680
[Trainable] image_encoder.blocks.2.attn.lora_B_k.4.weight                (768, 10) | 7680
[Trainable] image_encoder.blocks.2.attn.lora_A_v.4.weight                (10, 768) | 7680
[Trainable] image_encoder.blocks.2.attn.lora_B_v.4.weight                (768, 10) | 7680
[Trainable] image_encoder.blocks.3.attn.lora_A_k.4.weight                (10, 768) | 7680
[Trainable] image_encoder.blocks.3.attn.lora_B_k.4.weight                (768, 10) | 7680
[Trainable] image_encoder.blocks.3.attn.lora_A_v.4.weight                (10, 768) | 7680
[Trainable] image_encoder.blocks.3.attn.lora_B_v.4.weight                (768, 10) | 7680
[Trainable] image_encoder.blocks.4.attn.lora_A_k.4.weight                (10, 768) | 7680
[Trainable] image_encoder.blocks.4.attn.lora_B_k.4.weight                (768, 10) | 7680
[Trainable] image_encoder.blocks.4.attn.lora_A_v.4.weight                (10, 768) | 7680
[Trainable] image_encoder.blocks.4.attn.lora_B_v.4.weight                (768, 10) | 7680
[Trainable] image_encoder.blocks.5.attn.lora_A_k.4.weight                (10, 768) | 7680
[Trainable] image_encoder.blocks.5.attn.lora_B_k.4.weight                (768, 10) | 7680
[Trainable] image_encoder.blocks.5.attn.lora_A_v.4.weight                (10, 768) | 7680
[Trainable] image_encoder.blocks.5.attn.lora_B_v.4.weight                (768, 10) | 7680
[Trainable] image_encoder.blocks.6.attn.lora_A_k.4.weight                (10, 768) | 7680
[Trainable] image_encoder.blocks.6.attn.lora_B_k.4.weight                (768, 10) | 7680
[Trainable] image_encoder.blocks.6.attn.lora_A_v.4.weight                (10, 768) | 7680
[Trainable] image_encoder.blocks.6.attn.lora_B_v.4.weight                (768, 10) | 7680
[Trainable] image_encoder.blocks.7.attn.lora_A_k.4.weight                (10, 768) | 7680
[Trainable] image_encoder.blocks.7.attn.lora_B_k.4.weight                (768, 10) | 7680
[Trainable] image_encoder.blocks.7.attn.lora_A_v.4.weight                (10, 768) | 7680
[Trainable] image_encoder.blocks.7.attn.lora_B_v.4.weight                (768, 10) | 7680
[Trainable] image_encoder.blocks.8.attn.lora_A_k.4.weight                (10, 768) | 7680
[Trainable] image_encoder.blocks.8.attn.lora_B_k.4.weight                (768, 10) | 7680
[Trainable] image_encoder.blocks.8.attn.lora_A_v.4.weight                (10, 768) | 7680
[Trainable] image_encoder.blocks.8.attn.lora_B_v.4.weight                (768, 10) | 7680
[Trainable] image_encoder.blocks.9.attn.lora_A_k.4.weight                (10, 768) | 7680
[Trainable] image_encoder.blocks.9.attn.lora_B_k.4.weight                (768, 10) | 7680
[Trainable] image_encoder.blocks.9.attn.lora_A_v.4.weight                (10, 768) | 7680
[Trainable] image_encoder.blocks.9.attn.lora_B_v.4.weight                (768, 10) | 7680
[Trainable] image_encoder.blocks.10.attn.lora_A_k.4.weight               (10, 768) | 7680
[Trainable] image_encoder.blocks.10.attn.lora_B_k.4.weight               (768, 10) | 7680
[Trainable] image_encoder.blocks.10.attn.lora_A_v.4.weight               (10, 768) | 7680
[Trainable] image_encoder.blocks.10.attn.lora_B_v.4.weight               (768, 10) | 7680
[Trainable] image_encoder.blocks.11.attn.lora_A_k.4.weight               (10, 768) | 7680
[Trainable] image_encoder.blocks.11.attn.lora_B_k.4.weight               (768, 10) | 7680
[Trainable] image_encoder.blocks.11.attn.lora_A_v.4.weight               (10, 768) | 7680
[Trainable] image_encoder.blocks.11.attn.lora_B_v.4.weight               (768, 10) | 7680
[Trainable] classifier_pool.4.weight                                     (20, 768) | 15360
[Trainable] classifier_pool.4.bias                                       (20,) | 20
2026-06-30 23:59:30,916 [toolkit.py] => Total params:     106,436,144
2026-06-30 23:59:30,916 [toolkit.py] => Trainable params: 384,041
2026-06-30 23:59:30,916 [toolkit.py] => Trainable ratio:  0.3608%
✅ Requires_grad parameters and optimizer parameters are consistent.
2026-07-01 00:01:11,808 [sdlora.py] => Task 4, Epoch 20/20 => Loss 0.111, Train_accy 96.95
2026-07-01 00:01:11,810 [trainer.py] => Training time: 0h 1m 40s
2026-07-01 00:01:17,394 [trainer.py] => Evaluation time: 0h 0m 5s
2026-07-01 00:01:17,394 [trainer.py] => Accuracy: {'total': 66.57, '00-19': 70.93, '20-39': 76.1, '40-59': 60.56, '60-79': 70.86, '80-99': 38.24, 'old': 69.57, 'new': 38.24}
2026-07-01 00:01:17,394 [trainer.py] => (curve) top1 Acc: [84.35, 79.43, 73.01, 71.01, 66.57]
2026-07-01 00:01:17,394 [trainer.py] => Avergae Acc: 74.87
2026-07-01 00:01:17,394 [trainer.py] => (curve) top1 Acc with task: [84.35, 86.52, 82.94, 83.44, 80.43]
2026-07-01 00:01:17,394 [trainer.py] => Avergae Acc: 83.54
2026-07-01 00:01:17,394 [trainer.py] => (curve) top1 Acc task: [100.0, 87.06, 80.86, 77.64, 73.6]
2026-07-01 00:01:17,394 [trainer.py] => Avergae Acc: 83.83
2026-07-01 00:01:17,394 [trainer.py] => ================================================================================
2026-07-01 00:01:17,394 [trainer.py] => ================================================================================
2026-07-01 00:01:17,395 [base.py] => Task 5 learning on class 100-120
Parameters to be updated:
[Trainable] image_encoder.scaling_factor.0.param                         (1,) | 1
[Trainable] image_encoder.scaling_factor_prev.0.param                    (1,) | 1
[Trainable] image_encoder.scaling_factor_prev.1.param                    (1,) | 1
[Trainable] image_encoder.scaling_factor_prev.2.param                    (1,) | 1
[Trainable] image_encoder.scaling_factor_prev.3.param                    (1,) | 1
[Trainable] image_encoder.scaling_factor_prev.4.param                    (1,) | 1
[Trainable] image_encoder.scaling_factor_prev.5.param                    (1,) | 1
[Trainable] image_encoder.scaling_factor_prev.6.param                    (1,) | 1
[Trainable] image_encoder.scaling_factor_prev.7.param                    (1,) | 1
[Trainable] image_encoder.scaling_factor_prev.8.param                    (1,) | 1
[Trainable] image_encoder.scaling_factor_prev.9.param                    (1,) | 1
[Trainable] image_encoder.scaling_factor_prev.10.param                   (1,) | 1
[Trainable] image_encoder.scaling_factor_prev.11.param                   (1,) | 1
[Trainable] image_encoder.scaling_factor_prev.12.param                   (1,) | 1
[Trainable] image_encoder.scaling_factor_prev.13.param                   (1,) | 1
[Trainable] image_encoder.scaling_factor_prev.14.param                   (1,) | 1
[Trainable] image_encoder.scaling_factor_prev.15.param                   (1,) | 1
[Trainable] image_encoder.scaling_factor_prev.16.param                   (1,) | 1
[Trainable] image_encoder.scaling_factor_prev.17.param                   (1,) | 1
[Trainable] image_encoder.scaling_factor_prev.18.param                   (1,) | 1
[Trainable] image_encoder.scaling_factor_prev.19.param                   (1,) | 1
[Trainable] image_encoder.blocks.0.attn.lora_A_k.5.weight                (10, 768) | 7680
[Trainable] image_encoder.blocks.0.attn.lora_B_k.5.weight                (768, 10) | 7680
[Trainable] image_encoder.blocks.0.attn.lora_A_v.5.weight                (10, 768) | 7680
[Trainable] image_encoder.blocks.0.attn.lora_B_v.5.weight                (768, 10) | 7680
[Trainable] image_encoder.blocks.1.attn.lora_A_k.5.weight                (10, 768) | 7680
[Trainable] image_encoder.blocks.1.attn.lora_B_k.5.weight                (768, 10) | 7680
[Trainable] image_encoder.blocks.1.attn.lora_A_v.5.weight                (10, 768) | 7680
[Trainable] image_encoder.blocks.1.attn.lora_B_v.5.weight                (768, 10) | 7680
[Trainable] image_encoder.blocks.2.attn.lora_A_k.5.weight                (10, 768) | 7680
[Trainable] image_encoder.blocks.2.attn.lora_B_k.5.weight                (768, 10) | 7680
[Trainable] image_encoder.blocks.2.attn.lora_A_v.5.weight                (10, 768) | 7680
[Trainable] image_encoder.blocks.2.attn.lora_B_v.5.weight                (768, 10) | 7680
[Trainable] image_encoder.blocks.3.attn.lora_A_k.5.weight                (10, 768) | 7680
[Trainable] image_encoder.blocks.3.attn.lora_B_k.5.weight                (768, 10) | 7680
[Trainable] image_encoder.blocks.3.attn.lora_A_v.5.weight                (10, 768) | 7680
[Trainable] image_encoder.blocks.3.attn.lora_B_v.5.weight                (768, 10) | 7680
[Trainable] image_encoder.blocks.4.attn.lora_A_k.5.weight                (10, 768) | 7680
[Trainable] image_encoder.blocks.4.attn.lora_B_k.5.weight                (768, 10) | 7680
[Trainable] image_encoder.blocks.4.attn.lora_A_v.5.weight                (10, 768) | 7680
[Trainable] image_encoder.blocks.4.attn.lora_B_v.5.weight                (768, 10) | 7680
[Trainable] image_encoder.blocks.5.attn.lora_A_k.5.weight                (10, 768) | 7680
[Trainable] image_encoder.blocks.5.attn.lora_B_k.5.weight                (768, 10) | 7680
[Trainable] image_encoder.blocks.5.attn.lora_A_v.5.weight                (10, 768) | 7680
[Trainable] image_encoder.blocks.5.attn.lora_B_v.5.weight                (768, 10) | 7680
[Trainable] image_encoder.blocks.6.attn.lora_A_k.5.weight                (10, 768) | 7680
[Trainable] image_encoder.blocks.6.attn.lora_B_k.5.weight                (768, 10) | 7680
[Trainable] image_encoder.blocks.6.attn.lora_A_v.5.weight                (10, 768) | 7680
[Trainable] image_encoder.blocks.6.attn.lora_B_v.5.weight                (768, 10) | 7680
[Trainable] image_encoder.blocks.7.attn.lora_A_k.5.weight                (10, 768) | 7680
[Trainable] image_encoder.blocks.7.attn.lora_B_k.5.weight                (768, 10) | 7680
[Trainable] image_encoder.blocks.7.attn.lora_A_v.5.weight                (10, 768) | 7680
[Trainable] image_encoder.blocks.7.attn.lora_B_v.5.weight                (768, 10) | 7680
[Trainable] image_encoder.blocks.8.attn.lora_A_k.5.weight                (10, 768) | 7680
[Trainable] image_encoder.blocks.8.attn.lora_B_k.5.weight                (768, 10) | 7680
[Trainable] image_encoder.blocks.8.attn.lora_A_v.5.weight                (10, 768) | 7680
[Trainable] image_encoder.blocks.8.attn.lora_B_v.5.weight                (768, 10) | 7680
[Trainable] image_encoder.blocks.9.attn.lora_A_k.5.weight                (10, 768) | 7680
[Trainable] image_encoder.blocks.9.attn.lora_B_k.5.weight                (768, 10) | 7680
[Trainable] image_encoder.blocks.9.attn.lora_A_v.5.weight                (10, 768) | 7680
[Trainable] image_encoder.blocks.9.attn.lora_B_v.5.weight                (768, 10) | 7680
[Trainable] image_encoder.blocks.10.attn.lora_A_k.5.weight               (10, 768) | 7680
[Trainable] image_encoder.blocks.10.attn.lora_B_k.5.weight               (768, 10) | 7680
[Trainable] image_encoder.blocks.10.attn.lora_A_v.5.weight               (10, 768) | 7680
[Trainable] image_encoder.blocks.10.attn.lora_B_v.5.weight               (768, 10) | 7680
[Trainable] image_encoder.blocks.11.attn.lora_A_k.5.weight               (10, 768) | 7680
[Trainable] image_encoder.blocks.11.attn.lora_B_k.5.weight               (768, 10) | 7680
[Trainable] image_encoder.blocks.11.attn.lora_A_v.5.weight               (10, 768) | 7680
[Trainable] image_encoder.blocks.11.attn.lora_B_v.5.weight               (768, 10) | 7680
[Trainable] classifier_pool.5.weight                                     (20, 768) | 15360
[Trainable] classifier_pool.5.bias                                       (20,) | 20
2026-07-01 00:01:17,409 [toolkit.py] => Total params:     106,436,144
2026-07-01 00:01:17,409 [toolkit.py] => Trainable params: 384,041
2026-07-01 00:01:17,409 [toolkit.py] => Trainable ratio:  0.3608%
✅ Requires_grad parameters and optimizer parameters are consistent.
2026-07-01 00:02:30,758 [sdlora.py] => Task 5, Epoch 20/20 => Loss 0.144, Train_accy 94.68
2026-07-01 00:02:30,761 [trainer.py] => Training time: 0h 1m 13s
2026-07-01 00:02:36,861 [trainer.py] => Evaluation time: 0h 0m 6s
2026-07-01 00:02:36,861 [trainer.py] => Accuracy: {'total': 62.94, '00-19': 70.29, '20-39': 74.5, '40-59': 58.57, '60-79': 71.52, '80-99': 37.25, '100-119': 22.06, 'old': 65.54, 'new': 22.06}
2026-07-01 00:02:36,861 [trainer.py] => (curve) top1 Acc: [84.35, 79.43, 73.01, 71.01, 66.57, 62.94]
2026-07-01 00:02:36,861 [trainer.py] => Avergae Acc: 72.89
2026-07-01 00:02:36,861 [trainer.py] => (curve) top1 Acc with task: [84.35, 86.52, 82.94, 83.44, 80.43, 78.35]
2026-07-01 00:02:36,861 [trainer.py] => Avergae Acc: 82.67
2026-07-01 00:02:36,861 [trainer.py] => (curve) top1 Acc task: [100.0, 87.06, 80.86, 77.64, 73.6, 70.16]
2026-07-01 00:02:36,861 [trainer.py] => Avergae Acc: 81.55
2026-07-01 00:02:36,861 [trainer.py] => ================================================================================
2026-07-01 00:02:36,861 [trainer.py] => ================================================================================
2026-07-01 00:02:36,862 [base.py] => Task 6 learning on class 120-140
Parameters to be updated:
[Trainable] image_encoder.scaling_factor.0.param                         (1,) | 1
[Trainable] image_encoder.scaling_factor_prev.0.param                    (1,) | 1
[Trainable] image_encoder.scaling_factor_prev.1.param                    (1,) | 1
[Trainable] image_encoder.scaling_factor_prev.2.param                    (1,) | 1
[Trainable] image_encoder.scaling_factor_prev.3.param                    (1,) | 1
[Trainable] image_encoder.scaling_factor_prev.4.param                    (1,) | 1
[Trainable] image_encoder.scaling_factor_prev.5.param                    (1,) | 1
[Trainable] image_encoder.scaling_factor_prev.6.param                    (1,) | 1
[Trainable] image_encoder.scaling_factor_prev.7.param                    (1,) | 1
[Trainable] image_encoder.scaling_factor_prev.8.param                    (1,) | 1
[Trainable] image_encoder.scaling_factor_prev.9.param                    (1,) | 1
[Trainable] image_encoder.scaling_factor_prev.10.param                   (1,) | 1
[Trainable] image_encoder.scaling_factor_prev.11.param                   (1,) | 1
[Trainable] image_encoder.scaling_factor_prev.12.param                   (1,) | 1
[Trainable] image_encoder.scaling_factor_prev.13.param                   (1,) | 1
[Trainable] image_encoder.scaling_factor_prev.14.param                   (1,) | 1
[Trainable] image_encoder.scaling_factor_prev.15.param                   (1,) | 1
[Trainable] image_encoder.scaling_factor_prev.16.param                   (1,) | 1
[Trainable] image_encoder.scaling_factor_prev.17.param                   (1,) | 1
[Trainable] image_encoder.scaling_factor_prev.18.param                   (1,) | 1
[Trainable] image_encoder.scaling_factor_prev.19.param                   (1,) | 1
[Trainable] image_encoder.blocks.0.attn.lora_A_k.6.weight                (10, 768) | 7680
[Trainable] image_encoder.blocks.0.attn.lora_B_k.6.weight                (768, 10) | 7680
[Trainable] image_encoder.blocks.0.attn.lora_A_v.6.weight                (10, 768) | 7680
[Trainable] image_encoder.blocks.0.attn.lora_B_v.6.weight                (768, 10) | 7680
[Trainable] image_encoder.blocks.1.attn.lora_A_k.6.weight                (10, 768) | 7680
[Trainable] image_encoder.blocks.1.attn.lora_B_k.6.weight                (768, 10) | 7680
[Trainable] image_encoder.blocks.1.attn.lora_A_v.6.weight                (10, 768) | 7680
[Trainable] image_encoder.blocks.1.attn.lora_B_v.6.weight                (768, 10) | 7680
[Trainable] image_encoder.blocks.2.attn.lora_A_k.6.weight                (10, 768) | 7680
[Trainable] image_encoder.blocks.2.attn.lora_B_k.6.weight                (768, 10) | 7680
[Trainable] image_encoder.blocks.2.attn.lora_A_v.6.weight                (10, 768) | 7680
[Trainable] image_encoder.blocks.2.attn.lora_B_v.6.weight                (768, 10) | 7680
[Trainable] image_encoder.blocks.3.attn.lora_A_k.6.weight                (10, 768) | 7680
[Trainable] image_encoder.blocks.3.attn.lora_B_k.6.weight                (768, 10) | 7680
[Trainable] image_encoder.blocks.3.attn.lora_A_v.6.weight                (10, 768) | 7680
[Trainable] image_encoder.blocks.3.attn.lora_B_v.6.weight                (768, 10) | 7680
[Trainable] image_encoder.blocks.4.attn.lora_A_k.6.weight                (10, 768) | 7680
[Trainable] image_encoder.blocks.4.attn.lora_B_k.6.weight                (768, 10) | 7680
[Trainable] image_encoder.blocks.4.attn.lora_A_v.6.weight                (10, 768) | 7680
[Trainable] image_encoder.blocks.4.attn.lora_B_v.6.weight                (768, 10) | 7680
[Trainable] image_encoder.blocks.5.attn.lora_A_k.6.weight                (10, 768) | 7680
[Trainable] image_encoder.blocks.5.attn.lora_B_k.6.weight                (768, 10) | 7680
[Trainable] image_encoder.blocks.5.attn.lora_A_v.6.weight                (10, 768) | 7680
[Trainable] image_encoder.blocks.5.attn.lora_B_v.6.weight                (768, 10) | 7680
[Trainable] image_encoder.blocks.6.attn.lora_A_k.6.weight                (10, 768) | 7680
[Trainable] image_encoder.blocks.6.attn.lora_B_k.6.weight                (768, 10) | 7680
[Trainable] image_encoder.blocks.6.attn.lora_A_v.6.weight                (10, 768) | 7680
[Trainable] image_encoder.blocks.6.attn.lora_B_v.6.weight                (768, 10) | 7680
[Trainable] image_encoder.blocks.7.attn.lora_A_k.6.weight                (10, 768) | 7680
[Trainable] image_encoder.blocks.7.attn.lora_B_k.6.weight                (768, 10) | 7680
[Trainable] image_encoder.blocks.7.attn.lora_A_v.6.weight                (10, 768) | 7680
[Trainable] image_encoder.blocks.7.attn.lora_B_v.6.weight                (768, 10) | 7680
[Trainable] image_encoder.blocks.8.attn.lora_A_k.6.weight                (10, 768) | 7680
[Trainable] image_encoder.blocks.8.attn.lora_B_k.6.weight                (768, 10) | 7680
[Trainable] image_encoder.blocks.8.attn.lora_A_v.6.weight                (10, 768) | 7680
[Trainable] image_encoder.blocks.8.attn.lora_B_v.6.weight                (768, 10) | 7680
[Trainable] image_encoder.blocks.9.attn.lora_A_k.6.weight                (10, 768) | 7680
[Trainable] image_encoder.blocks.9.attn.lora_B_k.6.weight                (768, 10) | 7680
[Trainable] image_encoder.blocks.9.attn.lora_A_v.6.weight                (10, 768) | 7680
[Trainable] image_encoder.blocks.9.attn.lora_B_v.6.weight                (768, 10) | 7680
[Trainable] image_encoder.blocks.10.attn.lora_A_k.6.weight               (10, 768) | 7680
[Trainable] image_encoder.blocks.10.attn.lora_B_k.6.weight               (768, 10) | 7680
[Trainable] image_encoder.blocks.10.attn.lora_A_v.6.weight               (10, 768) | 7680
[Trainable] image_encoder.blocks.10.attn.lora_B_v.6.weight               (768, 10) | 7680
[Trainable] image_encoder.blocks.11.attn.lora_A_k.6.weight               (10, 768) | 7680
[Trainable] image_encoder.blocks.11.attn.lora_B_k.6.weight               (768, 10) | 7680
[Trainable] image_encoder.blocks.11.attn.lora_A_v.6.weight               (10, 768) | 7680
[Trainable] image_encoder.blocks.11.attn.lora_B_v.6.weight               (768, 10) | 7680
[Trainable] classifier_pool.6.weight                                     (20, 768) | 15360
[Trainable] classifier_pool.6.bias                                       (20,) | 20
2026-07-01 00:02:36,876 [toolkit.py] => Total params:     106,436,144
2026-07-01 00:02:36,876 [toolkit.py] => Trainable params: 384,041
2026-07-01 00:02:36,876 [toolkit.py] => Trainable ratio:  0.3608%
✅ Requires_grad parameters and optimizer parameters are consistent.
2026-07-01 00:04:10,671 [sdlora.py] => Task 6, Epoch 20/20 => Loss 0.067, Train_accy 97.15
2026-07-01 00:04:10,673 [trainer.py] => Training time: 0h 1m 33s
2026-07-01 00:04:17,494 [trainer.py] => Evaluation time: 0h 0m 6s
2026-07-01 00:04:17,494 [trainer.py] => Accuracy: {'total': 60.73, '00-19': 70.61, '20-39': 73.71, '40-59': 56.57, '60-79': 72.19, '80-99': 36.27, '100-119': 20.59, '120-139': 40.45, 'old': 62.32, 'new': 40.45}
2026-07-01 00:04:17,494 [trainer.py] => (curve) top1 Acc: [84.35, 79.43, 73.01, 71.01, 66.57, 62.94, 60.73]
2026-07-01 00:04:17,494 [trainer.py] => Avergae Acc: 71.15
2026-07-01 00:04:17,494 [trainer.py] => (curve) top1 Acc with task: [84.35, 86.52, 82.94, 83.44, 80.43, 78.35, 77.06]
2026-07-01 00:04:17,494 [trainer.py] => Avergae Acc: 81.87
2026-07-01 00:04:17,494 [trainer.py] => (curve) top1 Acc task: [100.0, 87.06, 80.86, 77.64, 73.6, 70.16, 68.16]
2026-07-01 00:04:17,494 [trainer.py] => Avergae Acc: 79.64
2026-07-01 00:04:17,494 [trainer.py] => ================================================================================
2026-07-01 00:04:17,494 [trainer.py] => ================================================================================
2026-07-01 00:04:17,495 [base.py] => Task 7 learning on class 140-160
Parameters to be updated:
[Trainable] image_encoder.scaling_factor.0.param                         (1,) | 1
[Trainable] image_encoder.scaling_factor_prev.0.param                    (1,) | 1
[Trainable] image_encoder.scaling_factor_prev.1.param                    (1,) | 1
[Trainable] image_encoder.scaling_factor_prev.2.param                    (1,) | 1
[Trainable] image_encoder.scaling_factor_prev.3.param                    (1,) | 1
[Trainable] image_encoder.scaling_factor_prev.4.param                    (1,) | 1
[Trainable] image_encoder.scaling_factor_prev.5.param                    (1,) | 1
[Trainable] image_encoder.scaling_factor_prev.6.param                    (1,) | 1
[Trainable] image_encoder.scaling_factor_prev.7.param                    (1,) | 1
[Trainable] image_encoder.scaling_factor_prev.8.param                    (1,) | 1
[Trainable] image_encoder.scaling_factor_prev.9.param                    (1,) | 1
[Trainable] image_encoder.scaling_factor_prev.10.param                   (1,) | 1
[Trainable] image_encoder.scaling_factor_prev.11.param                   (1,) | 1
[Trainable] image_encoder.scaling_factor_prev.12.param                   (1,) | 1
[Trainable] image_encoder.scaling_factor_prev.13.param                   (1,) | 1
[Trainable] image_encoder.scaling_factor_prev.14.param                   (1,) | 1
[Trainable] image_encoder.scaling_factor_prev.15.param                   (1,) | 1
[Trainable] image_encoder.scaling_factor_prev.16.param                   (1,) | 1
[Trainable] image_encoder.scaling_factor_prev.17.param                   (1,) | 1
[Trainable] image_encoder.scaling_factor_prev.18.param                   (1,) | 1
[Trainable] image_encoder.scaling_factor_prev.19.param                   (1,) | 1
[Trainable] image_encoder.blocks.0.attn.lora_A_k.7.weight                (10, 768) | 7680
[Trainable] image_encoder.blocks.0.attn.lora_B_k.7.weight                (768, 10) | 7680
[Trainable] image_encoder.blocks.0.attn.lora_A_v.7.weight                (10, 768) | 7680
[Trainable] image_encoder.blocks.0.attn.lora_B_v.7.weight                (768, 10) | 7680
[Trainable] image_encoder.blocks.1.attn.lora_A_k.7.weight                (10, 768) | 7680
[Trainable] image_encoder.blocks.1.attn.lora_B_k.7.weight                (768, 10) | 7680
[Trainable] image_encoder.blocks.1.attn.lora_A_v.7.weight                (10, 768) | 7680
[Trainable] image_encoder.blocks.1.attn.lora_B_v.7.weight                (768, 10) | 7680
[Trainable] image_encoder.blocks.2.attn.lora_A_k.7.weight                (10, 768) | 7680
[Trainable] image_encoder.blocks.2.attn.lora_B_k.7.weight                (768, 10) | 7680
[Trainable] image_encoder.blocks.2.attn.lora_A_v.7.weight                (10, 768) | 7680
[Trainable] image_encoder.blocks.2.attn.lora_B_v.7.weight                (768, 10) | 7680
[Trainable] image_encoder.blocks.3.attn.lora_A_k.7.weight                (10, 768) | 7680
[Trainable] image_encoder.blocks.3.attn.lora_B_k.7.weight                (768, 10) | 7680
[Trainable] image_encoder.blocks.3.attn.lora_A_v.7.weight                (10, 768) | 7680
[Trainable] image_encoder.blocks.3.attn.lora_B_v.7.weight                (768, 10) | 7680
[Trainable] image_encoder.blocks.4.attn.lora_A_k.7.weight                (10, 768) | 7680
[Trainable] image_encoder.blocks.4.attn.lora_B_k.7.weight                (768, 10) | 7680
[Trainable] image_encoder.blocks.4.attn.lora_A_v.7.weight                (10, 768) | 7680
[Trainable] image_encoder.blocks.4.attn.lora_B_v.7.weight                (768, 10) | 7680
[Trainable] image_encoder.blocks.5.attn.lora_A_k.7.weight                (10, 768) | 7680
[Trainable] image_encoder.blocks.5.attn.lora_B_k.7.weight                (768, 10) | 7680
[Trainable] image_encoder.blocks.5.attn.lora_A_v.7.weight                (10, 768) | 7680
[Trainable] image_encoder.blocks.5.attn.lora_B_v.7.weight                (768, 10) | 7680
[Trainable] image_encoder.blocks.6.attn.lora_A_k.7.weight                (10, 768) | 7680
[Trainable] image_encoder.blocks.6.attn.lora_B_k.7.weight                (768, 10) | 7680
[Trainable] image_encoder.blocks.6.attn.lora_A_v.7.weight                (10, 768) | 7680
[Trainable] image_encoder.blocks.6.attn.lora_B_v.7.weight                (768, 10) | 7680
[Trainable] image_encoder.blocks.7.attn.lora_A_k.7.weight                (10, 768) | 7680
[Trainable] image_encoder.blocks.7.attn.lora_B_k.7.weight                (768, 10) | 7680
[Trainable] image_encoder.blocks.7.attn.lora_A_v.7.weight                (10, 768) | 7680
[Trainable] image_encoder.blocks.7.attn.lora_B_v.7.weight                (768, 10) | 7680
[Trainable] image_encoder.blocks.8.attn.lora_A_k.7.weight                (10, 768) | 7680
[Trainable] image_encoder.blocks.8.attn.lora_B_k.7.weight                (768, 10) | 7680
[Trainable] image_encoder.blocks.8.attn.lora_A_v.7.weight                (10, 768) | 7680
[Trainable] image_encoder.blocks.8.attn.lora_B_v.7.weight                (768, 10) | 7680
[Trainable] image_encoder.blocks.9.attn.lora_A_k.7.weight                (10, 768) | 7680
[Trainable] image_encoder.blocks.9.attn.lora_B_k.7.weight                (768, 10) | 7680
[Trainable] image_encoder.blocks.9.attn.lora_A_v.7.weight                (10, 768) | 7680
[Trainable] image_encoder.blocks.9.attn.lora_B_v.7.weight                (768, 10) | 7680
[Trainable] image_encoder.blocks.10.attn.lora_A_k.7.weight               (10, 768) | 7680
[Trainable] image_encoder.blocks.10.attn.lora_B_k.7.weight               (768, 10) | 7680
[Trainable] image_encoder.blocks.10.attn.lora_A_v.7.weight               (10, 768) | 7680
[Trainable] image_encoder.blocks.10.attn.lora_B_v.7.weight               (768, 10) | 7680
[Trainable] image_encoder.blocks.11.attn.lora_A_k.7.weight               (10, 768) | 7680
[Trainable] image_encoder.blocks.11.attn.lora_B_k.7.weight               (768, 10) | 7680
[Trainable] image_encoder.blocks.11.attn.lora_A_v.7.weight               (10, 768) | 7680
[Trainable] image_encoder.blocks.11.attn.lora_B_v.7.weight               (768, 10) | 7680
[Trainable] classifier_pool.7.weight                                     (20, 768) | 15360
[Trainable] classifier_pool.7.bias                                       (20,) | 20
2026-07-01 00:04:17,509 [toolkit.py] => Total params:     106,436,144
2026-07-01 00:04:17,509 [toolkit.py] => Trainable params: 384,041
2026-07-01 00:04:17,509 [toolkit.py] => Trainable ratio:  0.3608%
✅ Requires_grad parameters and optimizer parameters are consistent.
2026-07-01 00:05:49,010 [sdlora.py] => Task 7, Epoch 20/20 => Loss 0.067, Train_accy 98.13
2026-07-01 00:05:49,012 [trainer.py] => Training time: 0h 1m 31s
2026-07-01 00:05:56,451 [trainer.py] => Evaluation time: 0h 0m 7s
2026-07-01 00:05:56,451 [trainer.py] => Accuracy: {'total': 58.73, '00-19': 70.93, '20-39': 73.31, '40-59': 55.38, '60-79': 74.17, '80-99': 33.33, '100-119': 20.59, '120-139': 35.96, '140-159': 37.04, 'old': 60.16, 'new': 37.04}
2026-07-01 00:05:56,451 [trainer.py] => (curve) top1 Acc: [84.35, 79.43, 73.01, 71.01, 66.57, 62.94, 60.73, 58.73]
2026-07-01 00:05:56,451 [trainer.py] => Avergae Acc: 69.60
2026-07-01 00:05:56,451 [trainer.py] => (curve) top1 Acc with task: [84.35, 86.52, 82.94, 83.44, 80.43, 78.35, 77.06, 76.72]
2026-07-01 00:05:56,451 [trainer.py] => Avergae Acc: 81.23
2026-07-01 00:05:56,451 [trainer.py] => (curve) top1 Acc task: [100.0, 87.06, 80.86, 77.64, 73.6, 70.16, 68.16, 65.24]
2026-07-01 00:05:56,451 [trainer.py] => Avergae Acc: 77.84
2026-07-01 00:05:56,451 [trainer.py] => ================================================================================
2026-07-01 00:05:56,451 [trainer.py] => ================================================================================
2026-07-01 00:05:56,452 [base.py] => Task 8 learning on class 160-180
Parameters to be updated:
[Trainable] image_encoder.scaling_factor.0.param                         (1,) | 1
[Trainable] image_encoder.scaling_factor_prev.0.param                    (1,) | 1
[Trainable] image_encoder.scaling_factor_prev.1.param                    (1,) | 1
[Trainable] image_encoder.scaling_factor_prev.2.param                    (1,) | 1
[Trainable] image_encoder.scaling_factor_prev.3.param                    (1,) | 1
[Trainable] image_encoder.scaling_factor_prev.4.param                    (1,) | 1
[Trainable] image_encoder.scaling_factor_prev.5.param                    (1,) | 1
[Trainable] image_encoder.scaling_factor_prev.6.param                    (1,) | 1
[Trainable] image_encoder.scaling_factor_prev.7.param                    (1,) | 1
[Trainable] image_encoder.scaling_factor_prev.8.param                    (1,) | 1
[Trainable] image_encoder.scaling_factor_prev.9.param                    (1,) | 1
[Trainable] image_encoder.scaling_factor_prev.10.param                   (1,) | 1
[Trainable] image_encoder.scaling_factor_prev.11.param                   (1,) | 1
[Trainable] image_encoder.scaling_factor_prev.12.param                   (1,) | 1
[Trainable] image_encoder.scaling_factor_prev.13.param                   (1,) | 1
[Trainable] image_encoder.scaling_factor_prev.14.param                   (1,) | 1
[Trainable] image_encoder.scaling_factor_prev.15.param                   (1,) | 1
[Trainable] image_encoder.scaling_factor_prev.16.param                   (1,) | 1
[Trainable] image_encoder.scaling_factor_prev.17.param                   (1,) | 1
[Trainable] image_encoder.scaling_factor_prev.18.param                   (1,) | 1
[Trainable] image_encoder.scaling_factor_prev.19.param                   (1,) | 1
[Trainable] image_encoder.blocks.0.attn.lora_A_k.8.weight                (10, 768) | 7680
[Trainable] image_encoder.blocks.0.attn.lora_B_k.8.weight                (768, 10) | 7680
[Trainable] image_encoder.blocks.0.attn.lora_A_v.8.weight                (10, 768) | 7680
[Trainable] image_encoder.blocks.0.attn.lora_B_v.8.weight                (768, 10) | 7680
[Trainable] image_encoder.blocks.1.attn.lora_A_k.8.weight                (10, 768) | 7680
[Trainable] image_encoder.blocks.1.attn.lora_B_k.8.weight                (768, 10) | 7680
[Trainable] image_encoder.blocks.1.attn.lora_A_v.8.weight                (10, 768) | 7680
[Trainable] image_encoder.blocks.1.attn.lora_B_v.8.weight                (768, 10) | 7680
[Trainable] image_encoder.blocks.2.attn.lora_A_k.8.weight                (10, 768) | 7680
[Trainable] image_encoder.blocks.2.attn.lora_B_k.8.weight                (768, 10) | 7680
[Trainable] image_encoder.blocks.2.attn.lora_A_v.8.weight                (10, 768) | 7680
[Trainable] image_encoder.blocks.2.attn.lora_B_v.8.weight                (768, 10) | 7680
[Trainable] image_encoder.blocks.3.attn.lora_A_k.8.weight                (10, 768) | 7680
[Trainable] image_encoder.blocks.3.attn.lora_B_k.8.weight                (768, 10) | 7680
[Trainable] image_encoder.blocks.3.attn.lora_A_v.8.weight                (10, 768) | 7680
[Trainable] image_encoder.blocks.3.attn.lora_B_v.8.weight                (768, 10) | 7680
[Trainable] image_encoder.blocks.4.attn.lora_A_k.8.weight                (10, 768) | 7680
[Trainable] image_encoder.blocks.4.attn.lora_B_k.8.weight                (768, 10) | 7680
[Trainable] image_encoder.blocks.4.attn.lora_A_v.8.weight                (10, 768) | 7680
[Trainable] image_encoder.blocks.4.attn.lora_B_v.8.weight                (768, 10) | 7680
[Trainable] image_encoder.blocks.5.attn.lora_A_k.8.weight                (10, 768) | 7680
[Trainable] image_encoder.blocks.5.attn.lora_B_k.8.weight                (768, 10) | 7680
[Trainable] image_encoder.blocks.5.attn.lora_A_v.8.weight                (10, 768) | 7680
[Trainable] image_encoder.blocks.5.attn.lora_B_v.8.weight                (768, 10) | 7680
[Trainable] image_encoder.blocks.6.attn.lora_A_k.8.weight                (10, 768) | 7680
[Trainable] image_encoder.blocks.6.attn.lora_B_k.8.weight                (768, 10) | 7680
[Trainable] image_encoder.blocks.6.attn.lora_A_v.8.weight                (10, 768) | 7680
[Trainable] image_encoder.blocks.6.attn.lora_B_v.8.weight                (768, 10) | 7680
[Trainable] image_encoder.blocks.7.attn.lora_A_k.8.weight                (10, 768) | 7680
[Trainable] image_encoder.blocks.7.attn.lora_B_k.8.weight                (768, 10) | 7680
[Trainable] image_encoder.blocks.7.attn.lora_A_v.8.weight                (10, 768) | 7680
[Trainable] image_encoder.blocks.7.attn.lora_B_v.8.weight                (768, 10) | 7680
[Trainable] image_encoder.blocks.8.attn.lora_A_k.8.weight                (10, 768) | 7680
[Trainable] image_encoder.blocks.8.attn.lora_B_k.8.weight                (768, 10) | 7680
[Trainable] image_encoder.blocks.8.attn.lora_A_v.8.weight                (10, 768) | 7680
[Trainable] image_encoder.blocks.8.attn.lora_B_v.8.weight                (768, 10) | 7680
[Trainable] image_encoder.blocks.9.attn.lora_A_k.8.weight                (10, 768) | 7680
[Trainable] image_encoder.blocks.9.attn.lora_B_k.8.weight                (768, 10) | 7680
[Trainable] image_encoder.blocks.9.attn.lora_A_v.8.weight                (10, 768) | 7680
[Trainable] image_encoder.blocks.9.attn.lora_B_v.8.weight                (768, 10) | 7680
[Trainable] image_encoder.blocks.10.attn.lora_A_k.8.weight               (10, 768) | 7680
[Trainable] image_encoder.blocks.10.attn.lora_B_k.8.weight               (768, 10) | 7680
[Trainable] image_encoder.blocks.10.attn.lora_A_v.8.weight               (10, 768) | 7680
[Trainable] image_encoder.blocks.10.attn.lora_B_v.8.weight               (768, 10) | 7680
[Trainable] image_encoder.blocks.11.attn.lora_A_k.8.weight               (10, 768) | 7680
[Trainable] image_encoder.blocks.11.attn.lora_B_k.8.weight               (768, 10) | 7680
[Trainable] image_encoder.blocks.11.attn.lora_A_v.8.weight               (10, 768) | 7680
[Trainable] image_encoder.blocks.11.attn.lora_B_v.8.weight               (768, 10) | 7680
[Trainable] classifier_pool.8.weight                                     (20, 768) | 15360
[Trainable] classifier_pool.8.bias                                       (20,) | 20
2026-07-01 00:05:56,467 [toolkit.py] => Total params:     106,436,144
2026-07-01 00:05:56,467 [toolkit.py] => Trainable params: 384,041
2026-07-01 00:05:56,467 [toolkit.py] => Trainable ratio:  0.3608%
✅ Requires_grad parameters and optimizer parameters are consistent.
2026-07-01 00:07:48,439 [sdlora.py] => Task 8, Epoch 20/20 => Loss 0.116, Train_accy 94.63
2026-07-01 00:07:48,441 [trainer.py] => Training time: 0h 1m 51s
2026-07-01 00:07:56,693 [trainer.py] => Evaluation time: 0h 0m 8s
2026-07-01 00:07:56,694 [trainer.py] => Accuracy: {'total': 56.09, '00-19': 71.88, '20-39': 73.71, '40-59': 53.39, '60-79': 74.17, '80-99': 33.33, '100-119': 20.59, '120-139': 34.83, '140-159': 34.57, '160-179': 24.74, 'old': 58.42, 'new': 24.74}
2026-07-01 00:07:56,694 [trainer.py] => (curve) top1 Acc: [84.35, 79.43, 73.01, 71.01, 66.57, 62.94, 60.73, 58.73, 56.09]
2026-07-01 00:07:56,694 [trainer.py] => Avergae Acc: 68.10
2026-07-01 00:07:56,694 [trainer.py] => (curve) top1 Acc with task: [84.35, 86.52, 82.94, 83.44, 80.43, 78.35, 77.06, 76.72, 75.34]
2026-07-01 00:07:56,694 [trainer.py] => Avergae Acc: 80.57
2026-07-01 00:07:56,694 [trainer.py] => (curve) top1 Acc task: [100.0, 87.06, 80.86, 77.64, 73.6, 70.16, 68.16, 65.24, 62.3]
2026-07-01 00:07:56,694 [trainer.py] => Avergae Acc: 76.11
2026-07-01 00:07:56,694 [trainer.py] => ================================================================================
2026-07-01 00:07:56,694 [trainer.py] => ================================================================================
2026-07-01 00:07:56,695 [base.py] => Task 9 learning on class 180-200
Parameters to be updated:
[Trainable] image_encoder.scaling_factor.0.param                         (1,) | 1
[Trainable] image_encoder.scaling_factor_prev.0.param                    (1,) | 1
[Trainable] image_encoder.scaling_factor_prev.1.param                    (1,) | 1
[Trainable] image_encoder.scaling_factor_prev.2.param                    (1,) | 1
[Trainable] image_encoder.scaling_factor_prev.3.param                    (1,) | 1
[Trainable] image_encoder.scaling_factor_prev.4.param                    (1,) | 1
[Trainable] image_encoder.scaling_factor_prev.5.param                    (1,) | 1
[Trainable] image_encoder.scaling_factor_prev.6.param                    (1,) | 1
[Trainable] image_encoder.scaling_factor_prev.7.param                    (1,) | 1
[Trainable] image_encoder.scaling_factor_prev.8.param                    (1,) | 1
[Trainable] image_encoder.scaling_factor_prev.9.param                    (1,) | 1
[Trainable] image_encoder.scaling_factor_prev.10.param                   (1,) | 1
[Trainable] image_encoder.scaling_factor_prev.11.param                   (1,) | 1
[Trainable] image_encoder.scaling_factor_prev.12.param                   (1,) | 1
[Trainable] image_encoder.scaling_factor_prev.13.param                   (1,) | 1
[Trainable] image_encoder.scaling_factor_prev.14.param                   (1,) | 1
[Trainable] image_encoder.scaling_factor_prev.15.param                   (1,) | 1
[Trainable] image_encoder.scaling_factor_prev.16.param                   (1,) | 1
[Trainable] image_encoder.scaling_factor_prev.17.param                   (1,) | 1
[Trainable] image_encoder.scaling_factor_prev.18.param                   (1,) | 1
[Trainable] image_encoder.scaling_factor_prev.19.param                   (1,) | 1
[Trainable] image_encoder.blocks.0.attn.lora_A_k.9.weight                (10, 768) | 7680
[Trainable] image_encoder.blocks.0.attn.lora_B_k.9.weight                (768, 10) | 7680
[Trainable] image_encoder.blocks.0.attn.lora_A_v.9.weight                (10, 768) | 7680
[Trainable] image_encoder.blocks.0.attn.lora_B_v.9.weight                (768, 10) | 7680
[Trainable] image_encoder.blocks.1.attn.lora_A_k.9.weight                (10, 768) | 7680
[Trainable] image_encoder.blocks.1.attn.lora_B_k.9.weight                (768, 10) | 7680
[Trainable] image_encoder.blocks.1.attn.lora_A_v.9.weight                (10, 768) | 7680
[Trainable] image_encoder.blocks.1.attn.lora_B_v.9.weight                (768, 10) | 7680
[Trainable] image_encoder.blocks.2.attn.lora_A_k.9.weight                (10, 768) | 7680
[Trainable] image_encoder.blocks.2.attn.lora_B_k.9.weight                (768, 10) | 7680
[Trainable] image_encoder.blocks.2.attn.lora_A_v.9.weight                (10, 768) | 7680
[Trainable] image_encoder.blocks.2.attn.lora_B_v.9.weight                (768, 10) | 7680
[Trainable] image_encoder.blocks.3.attn.lora_A_k.9.weight                (10, 768) | 7680
[Trainable] image_encoder.blocks.3.attn.lora_B_k.9.weight                (768, 10) | 7680
[Trainable] image_encoder.blocks.3.attn.lora_A_v.9.weight                (10, 768) | 7680
[Trainable] image_encoder.blocks.3.attn.lora_B_v.9.weight                (768, 10) | 7680
[Trainable] image_encoder.blocks.4.attn.lora_A_k.9.weight                (10, 768) | 7680
[Trainable] image_encoder.blocks.4.attn.lora_B_k.9.weight                (768, 10) | 7680
[Trainable] image_encoder.blocks.4.attn.lora_A_v.9.weight                (10, 768) | 7680
[Trainable] image_encoder.blocks.4.attn.lora_B_v.9.weight                (768, 10) | 7680
[Trainable] image_encoder.blocks.5.attn.lora_A_k.9.weight                (10, 768) | 7680
[Trainable] image_encoder.blocks.5.attn.lora_B_k.9.weight                (768, 10) | 7680
[Trainable] image_encoder.blocks.5.attn.lora_A_v.9.weight                (10, 768) | 7680
[Trainable] image_encoder.blocks.5.attn.lora_B_v.9.weight                (768, 10) | 7680
[Trainable] image_encoder.blocks.6.attn.lora_A_k.9.weight                (10, 768) | 7680
[Trainable] image_encoder.blocks.6.attn.lora_B_k.9.weight                (768, 10) | 7680
[Trainable] image_encoder.blocks.6.attn.lora_A_v.9.weight                (10, 768) | 7680
[Trainable] image_encoder.blocks.6.attn.lora_B_v.9.weight                (768, 10) | 7680
[Trainable] image_encoder.blocks.7.attn.lora_A_k.9.weight                (10, 768) | 7680
[Trainable] image_encoder.blocks.7.attn.lora_B_k.9.weight                (768, 10) | 7680
[Trainable] image_encoder.blocks.7.attn.lora_A_v.9.weight                (10, 768) | 7680
[Trainable] image_encoder.blocks.7.attn.lora_B_v.9.weight                (768, 10) | 7680
[Trainable] image_encoder.blocks.8.attn.lora_A_k.9.weight                (10, 768) | 7680
[Trainable] image_encoder.blocks.8.attn.lora_B_k.9.weight                (768, 10) | 7680
[Trainable] image_encoder.blocks.8.attn.lora_A_v.9.weight                (10, 768) | 7680
[Trainable] image_encoder.blocks.8.attn.lora_B_v.9.weight                (768, 10) | 7680
[Trainable] image_encoder.blocks.9.attn.lora_A_k.9.weight                (10, 768) | 7680
[Trainable] image_encoder.blocks.9.attn.lora_B_k.9.weight                (768, 10) | 7680
[Trainable] image_encoder.blocks.9.attn.lora_A_v.9.weight                (10, 768) | 7680
[Trainable] image_encoder.blocks.9.attn.lora_B_v.9.weight                (768, 10) | 7680
[Trainable] image_encoder.blocks.10.attn.lora_A_k.9.weight               (10, 768) | 7680
[Trainable] image_encoder.blocks.10.attn.lora_B_k.9.weight               (768, 10) | 7680
[Trainable] image_encoder.blocks.10.attn.lora_A_v.9.weight               (10, 768) | 7680
[Trainable] image_encoder.blocks.10.attn.lora_B_v.9.weight               (768, 10) | 7680
[Trainable] image_encoder.blocks.11.attn.lora_A_k.9.weight               (10, 768) | 7680
[Trainable] image_encoder.blocks.11.attn.lora_B_k.9.weight               (768, 10) | 7680
[Trainable] image_encoder.blocks.11.attn.lora_A_v.9.weight               (10, 768) | 7680
[Trainable] image_encoder.blocks.11.attn.lora_B_v.9.weight               (768, 10) | 7680
[Trainable] classifier_pool.9.weight                                     (20, 768) | 15360
[Trainable] classifier_pool.9.bias                                       (20,) | 20
2026-07-01 00:07:56,710 [toolkit.py] => Total params:     106,436,144
2026-07-01 00:07:56,710 [toolkit.py] => Trainable params: 384,041
2026-07-01 00:07:56,710 [toolkit.py] => Trainable ratio:  0.3608%
✅ Requires_grad parameters and optimizer parameters are consistent.
2026-07-01 00:09:52,989 [sdlora.py] => Task 9, Epoch 20/20 => Loss 0.067, Train_accy 98.18
2026-07-01 00:09:52,991 [trainer.py] => Training time: 0h 1m 56s
2026-07-01 00:10:02,126 [trainer.py] => Evaluation time: 0h 0m 9s
2026-07-01 00:10:02,126 [trainer.py] => Accuracy: {'total': 55.33, '00-19': 70.61, '20-39': 74.1, '40-59': 51.39, '60-79': 73.51, '80-99': 33.33, '100-119': 20.59, '120-139': 37.08, '140-159': 35.8, '160-179': 24.74, '180-199': 50.52, 'old': 55.67, 'new': 50.52}
2026-07-01 00:10:02,126 [trainer.py] => (curve) top1 Acc: [84.35, 79.43, 73.01, 71.01, 66.57, 62.94, 60.73, 58.73, 56.09, 55.33]
2026-07-01 00:10:02,127 [trainer.py] => Avergae Acc: 66.82
2026-07-01 00:10:02,127 [trainer.py] => (curve) top1 Acc with task: [84.35, 86.52, 82.94, 83.44, 80.43, 78.35, 77.06, 76.72, 75.34, 75.2]
2026-07-01 00:10:02,127 [trainer.py] => Avergae Acc: 80.03
2026-07-01 00:10:02,127 [trainer.py] => (curve) top1 Acc task: [100.0, 87.06, 80.86, 77.64, 73.6, 70.16, 68.16, 65.24, 62.3, 61.47]
2026-07-01 00:10:02,127 [trainer.py] => Avergae Acc: 74.65
2026-07-01 00:10:02,127 [trainer.py] => ================================================================================
