nohup: ignoring input
2026-07-04 19:58:17,771 [toolkit.py] => config: /home/zll2025/low-rank-cl-main/configs/splitlorav6/domain_seed=1993.json
2026-07-04 19:58:17,771 [toolkit.py] => device: [device(type='cuda', index=5)]
2026-07-04 19:58:17,771 [toolkit.py] => debug: False
2026-07-04 19:58:17,771 [toolkit.py] => save_ckp: False
2026-07-04 19:58:17,771 [toolkit.py] => moe_list: None
2026-07-04 19:58:17,771 [toolkit.py] => seed: 1993
2026-07-04 19:58:17,771 [toolkit.py] => dataset: domainnet
2026-07-04 19:58:17,771 [toolkit.py] => data_path: data/domainnet
2026-07-04 19:58:17,771 [toolkit.py] => load: vit_base_patch16_224_in21k
2026-07-04 19:58:17,771 [toolkit.py] => init_cls: 69
2026-07-04 19:58:17,771 [toolkit.py] => increment: 69
2026-07-04 19:58:17,771 [toolkit.py] => sessions: 5
2026-07-04 19:58:17,771 [toolkit.py] => shuffle: False
2026-07-04 19:58:17,771 [toolkit.py] => method: splitlorav6
2026-07-04 19:58:17,771 [toolkit.py] => optimizer: adamw
2026-07-04 19:58:17,771 [toolkit.py] => scheduler: steplr
2026-07-04 19:58:17,771 [toolkit.py] => epochs: 15
2026-07-04 19:58:17,772 [toolkit.py] => lrate: 0.001
2026-07-04 19:58:17,772 [toolkit.py] => lrate_head: 0.01
2026-07-04 19:58:17,772 [toolkit.py] => weight_decay: 5e-05
2026-07-04 19:58:17,772 [toolkit.py] => batch_size: 256
2026-07-04 19:58:17,772 [toolkit.py] => rank: 10
2026-07-04 19:58:17,772 [toolkit.py] => num_workers: 16
2026-07-04 19:58:17,772 [toolkit.py] => lamb: 0.95
2026-07-04 19:58:17,772 [toolkit.py] => lame: 1.0
2026-07-04 19:58:17,772 [toolkit.py] => in_dim: 768
2026-07-04 19:58:17,772 [toolkit.py] => alpha: 20
2026-07-04 19:58:17,772 [toolkit.py] => logdir: logs/splitlorav6/domainnet/t5
2026-07-04 19:58:17,772 [toolkit.py] => logfilename: logs/splitlorav6/domainnet/t5/seed1993
2026-07-04 19:58:18,110 [data_manager.py] => Class index order: 0, 1, 2, 3, 4, ..., 340, 341, 342, 343, 344
2026-07-04 19:58:25,676 [trainer.py] => ================================================================================
2026-07-04 19:58:25,740 [base.py] => Task 0 learning on class 0-69
Parameters to be updated:
[Trainable] image_encoder.blocks.0.attn.lora_B_k.0.weight                (768, 10) | 7680
[Trainable] image_encoder.blocks.0.attn.lora_B_v.0.weight                (768, 10) | 7680
[Trainable] image_encoder.blocks.0.attn.Lora_shared_A_k.weight           (10, 768) | 7680
[Trainable] image_encoder.blocks.0.attn.Lora_shared_B_k.weight           (768, 10) | 7680
[Trainable] image_encoder.blocks.0.attn.Lora_shared_A_v.weight           (10, 768) | 7680
[Trainable] image_encoder.blocks.0.attn.Lora_shared_B_v.weight           (768, 10) | 7680
[Trainable] image_encoder.blocks.1.attn.lora_B_k.0.weight                (768, 10) | 7680
[Trainable] image_encoder.blocks.1.attn.lora_B_v.0.weight                (768, 10) | 7680
[Trainable] image_encoder.blocks.1.attn.Lora_shared_A_k.weight           (10, 768) | 7680
[Trainable] image_encoder.blocks.1.attn.Lora_shared_B_k.weight           (768, 10) | 7680
[Trainable] image_encoder.blocks.1.attn.Lora_shared_A_v.weight           (10, 768) | 7680
[Trainable] image_encoder.blocks.1.attn.Lora_shared_B_v.weight           (768, 10) | 7680
[Trainable] image_encoder.blocks.2.attn.lora_B_k.0.weight                (768, 10) | 7680
[Trainable] image_encoder.blocks.2.attn.lora_B_v.0.weight                (768, 10) | 7680
[Trainable] image_encoder.blocks.2.attn.Lora_shared_A_k.weight           (10, 768) | 7680
[Trainable] image_encoder.blocks.2.attn.Lora_shared_B_k.weight           (768, 10) | 7680
[Trainable] image_encoder.blocks.2.attn.Lora_shared_A_v.weight           (10, 768) | 7680
[Trainable] image_encoder.blocks.2.attn.Lora_shared_B_v.weight           (768, 10) | 7680
[Trainable] image_encoder.blocks.3.attn.lora_B_k.0.weight                (768, 10) | 7680
[Trainable] image_encoder.blocks.3.attn.lora_B_v.0.weight                (768, 10) | 7680
[Trainable] image_encoder.blocks.3.attn.Lora_shared_A_k.weight           (10, 768) | 7680
[Trainable] image_encoder.blocks.3.attn.Lora_shared_B_k.weight           (768, 10) | 7680
[Trainable] image_encoder.blocks.3.attn.Lora_shared_A_v.weight           (10, 768) | 7680
[Trainable] image_encoder.blocks.3.attn.Lora_shared_B_v.weight           (768, 10) | 7680
[Trainable] image_encoder.blocks.4.attn.lora_B_k.0.weight                (768, 10) | 7680
[Trainable] image_encoder.blocks.4.attn.lora_B_v.0.weight                (768, 10) | 7680
[Trainable] image_encoder.blocks.4.attn.Lora_shared_A_k.weight           (10, 768) | 7680
[Trainable] image_encoder.blocks.4.attn.Lora_shared_B_k.weight           (768, 10) | 7680
[Trainable] image_encoder.blocks.4.attn.Lora_shared_A_v.weight           (10, 768) | 7680
[Trainable] image_encoder.blocks.4.attn.Lora_shared_B_v.weight           (768, 10) | 7680
[Trainable] image_encoder.blocks.5.attn.lora_B_k.0.weight                (768, 10) | 7680
[Trainable] image_encoder.blocks.5.attn.lora_B_v.0.weight                (768, 10) | 7680
[Trainable] image_encoder.blocks.5.attn.Lora_shared_A_k.weight           (10, 768) | 7680
[Trainable] image_encoder.blocks.5.attn.Lora_shared_B_k.weight           (768, 10) | 7680
[Trainable] image_encoder.blocks.5.attn.Lora_shared_A_v.weight           (10, 768) | 7680
[Trainable] image_encoder.blocks.5.attn.Lora_shared_B_v.weight           (768, 10) | 7680
[Trainable] image_encoder.blocks.6.attn.lora_B_k.0.weight                (768, 10) | 7680
[Trainable] image_encoder.blocks.6.attn.lora_B_v.0.weight                (768, 10) | 7680
[Trainable] image_encoder.blocks.6.attn.Lora_shared_A_k.weight           (10, 768) | 7680
[Trainable] image_encoder.blocks.6.attn.Lora_shared_B_k.weight           (768, 10) | 7680
[Trainable] image_encoder.blocks.6.attn.Lora_shared_A_v.weight           (10, 768) | 7680
[Trainable] image_encoder.blocks.6.attn.Lora_shared_B_v.weight           (768, 10) | 7680
[Trainable] image_encoder.blocks.7.attn.lora_B_k.0.weight                (768, 10) | 7680
[Trainable] image_encoder.blocks.7.attn.lora_B_v.0.weight                (768, 10) | 7680
[Trainable] image_encoder.blocks.7.attn.Lora_shared_A_k.weight           (10, 768) | 7680
[Trainable] image_encoder.blocks.7.attn.Lora_shared_B_k.weight           (768, 10) | 7680
[Trainable] image_encoder.blocks.7.attn.Lora_shared_A_v.weight           (10, 768) | 7680
[Trainable] image_encoder.blocks.7.attn.Lora_shared_B_v.weight           (768, 10) | 7680
[Trainable] image_encoder.blocks.8.attn.lora_B_k.0.weight                (768, 10) | 7680
[Trainable] image_encoder.blocks.8.attn.lora_B_v.0.weight                (768, 10) | 7680
[Trainable] image_encoder.blocks.8.attn.Lora_shared_A_k.weight           (10, 768) | 7680
[Trainable] image_encoder.blocks.8.attn.Lora_shared_B_k.weight           (768, 10) | 7680
[Trainable] image_encoder.blocks.8.attn.Lora_shared_A_v.weight           (10, 768) | 7680
[Trainable] image_encoder.blocks.8.attn.Lora_shared_B_v.weight           (768, 10) | 7680
[Trainable] image_encoder.blocks.9.attn.lora_B_k.0.weight                (768, 10) | 7680
[Trainable] image_encoder.blocks.9.attn.lora_B_v.0.weight                (768, 10) | 7680
[Trainable] image_encoder.blocks.9.attn.Lora_shared_A_k.weight           (10, 768) | 7680
[Trainable] image_encoder.blocks.9.attn.Lora_shared_B_k.weight           (768, 10) | 7680
[Trainable] image_encoder.blocks.9.attn.Lora_shared_A_v.weight           (10, 768) | 7680
[Trainable] image_encoder.blocks.9.attn.Lora_shared_B_v.weight           (768, 10) | 7680
[Trainable] image_encoder.blocks.10.attn.lora_B_k.0.weight               (768, 10) | 7680
[Trainable] image_encoder.blocks.10.attn.lora_B_v.0.weight               (768, 10) | 7680
[Trainable] image_encoder.blocks.10.attn.Lora_shared_A_k.weight          (10, 768) | 7680
[Trainable] image_encoder.blocks.10.attn.Lora_shared_B_k.weight          (768, 10) | 7680
[Trainable] image_encoder.blocks.10.attn.Lora_shared_A_v.weight          (10, 768) | 7680
[Trainable] image_encoder.blocks.10.attn.Lora_shared_B_v.weight          (768, 10) | 7680
[Trainable] image_encoder.blocks.11.attn.lora_B_k.0.weight               (768, 10) | 7680
[Trainable] image_encoder.blocks.11.attn.lora_B_v.0.weight               (768, 10) | 7680
[Trainable] image_encoder.blocks.11.attn.Lora_shared_A_k.weight          (10, 768) | 7680
[Trainable] image_encoder.blocks.11.attn.Lora_shared_B_k.weight          (768, 10) | 7680
[Trainable] image_encoder.blocks.11.attn.Lora_shared_A_v.weight          (10, 768) | 7680
[Trainable] image_encoder.blocks.11.attn.Lora_shared_B_v.weight          (768, 10) | 7680
[Trainable] classifier_pool.0.weight                                     (69, 768) | 52992
[Trainable] classifier_pool.0.bias                                       (69,) | 69
2026-07-04 19:58:26,161 [toolkit.py] => Total params:     105,073,068
2026-07-04 19:58:26,162 [toolkit.py] => Trainable params: 606,021
2026-07-04 19:58:26,162 [toolkit.py] => Trainable ratio:  0.5768%
Using Original LoRA Initialization for Task 0
✅ Requires_grad parameters and optimizer parameters are consistent.
  0%|          | 0/15 [00:00<?, ?it/s]Task 0, Epoch 1/15 => Loss 0.942, Train_accy 78.00:   0%|          | 0/15 [08:53<?, ?it/s]Task 0, Epoch 1/15 => Loss 0.942, Train_accy 78.00:   7%|▋         | 1/15 [08:53<2:04:24, 533.21s/it]Task 0, Epoch 2/15 => Loss 0.742, Train_accy 81.80:   7%|▋         | 1/15 [17:39<2:04:24, 533.21s/it]Task 0, Epoch 2/15 => Loss 0.742, Train_accy 81.80:  13%|█▎        | 2/15 [17:39<1:54:40, 529.31s/it]Task 0, Epoch 3/15 => Loss 0.688, Train_accy 82.98:  13%|█▎        | 2/15 [26:27<1:54:40, 529.31s/it]Task 0, Epoch 3/15 => Loss 0.688, Train_accy 82.98:  20%|██        | 3/15 [26:27<1:45:43, 528.61s/it]Task 0, Epoch 4/15 => Loss 0.648, Train_accy 83.75:  20%|██        | 3/15 [35:15<1:45:43, 528.61s/it]Task 0, Epoch 4/15 => Loss 0.648, Train_accy 83.75:  27%|██▋       | 4/15 [35:15<1:36:50, 528.20s/it]