2026-08-29 20:36:32,122 [toolkit.py] => config: configs/sdlora_e/cifar100_seed=1993.json
2026-08-29 20:36:32,122 [toolkit.py] => device: [device(type='cuda', index=5)]
2026-08-29 20:36:32,122 [toolkit.py] => debug: False
2026-08-29 20:36:32,122 [toolkit.py] => save_ckp: False
2026-08-29 20:36:32,122 [toolkit.py] => moe_list: None
2026-08-29 20:36:32,122 [toolkit.py] => seed: 1993
2026-08-29 20:36:32,122 [toolkit.py] => dataset: cifar100
2026-08-29 20:36:32,122 [toolkit.py] => data_path: data/cifar100
2026-08-29 20:36:32,122 [toolkit.py] => load: vit_base_patch16_224_in21k
2026-08-29 20:36:32,122 [toolkit.py] => init_cls: 10
2026-08-29 20:36:32,123 [toolkit.py] => increment: 10
2026-08-29 20:36:32,123 [toolkit.py] => sessions: 10
2026-08-29 20:36:32,123 [toolkit.py] => shuffle: False
2026-08-29 20:36:32,123 [toolkit.py] => method: sdlora_e
2026-08-29 20:36:32,123 [toolkit.py] => optimizer: adam
2026-08-29 20:36:32,123 [toolkit.py] => scheduler: cosine
2026-08-29 20:36:32,123 [toolkit.py] => epochs: 20
2026-08-29 20:36:32,123 [toolkit.py] => lrate: 0.008
2026-08-29 20:36:32,123 [toolkit.py] => fc_lrate: 0.008
2026-08-29 20:36:32,123 [toolkit.py] => weight_decay: 0.0
2026-08-29 20:36:32,123 [toolkit.py] => batch_size: 128
2026-08-29 20:36:32,123 [toolkit.py] => rank: 10
2026-08-29 20:36:32,123 [toolkit.py] => num_workers: 16
2026-08-29 20:36:32,123 [toolkit.py] => lrate_head: 0
2026-08-29 20:36:32,123 [toolkit.py] => R: 0.5
2026-08-29 20:36:32,123 [toolkit.py] => logdir: logs/sdlora_e/cifar100/t10
2026-08-29 20:36:32,123 [toolkit.py] => logfilename: logs/sdlora_e/cifar100/t10/seed1993
2026-08-29 20:36:33,816 [data_manager.py] => Class index order: 0, 1, 2, 3, 4, ..., 95, 96, 97, 98, 99
2026-08-29 20:36:36,518 [trainer.py] => ================================================================================
2026-08-29 20:36:36,519 [trainer.py] => Dataset Information
2026-08-29 20:36:36,519 [trainer.py] => ================================================================================
2026-08-29 20:36:36,519 [trainer.py] =>   Dataset name     : cifar100
2026-08-29 20:36:36,519 [trainer.py] =>   Data path        : data/cifar100
2026-08-29 20:36:36,519 [trainer.py] =>   Total classes    : 100
2026-08-29 20:36:36,519 [trainer.py] =>   Total tasks      : 10
2026-08-29 20:36:36,519 [trainer.py] =>   Task increments  : [10, 10, 10, 10, 10, 10, 10, 10, 10, 10]
2026-08-29 20:36:36,519 [trainer.py] =>   Init classes     : 10
2026-08-29 20:36:36,519 [trainer.py] =>   Increment per task: 10
2026-08-29 20:36:36,519 [trainer.py] =>   Shuffle          : False
2026-08-29 20:36:36,519 [trainer.py] =>   Seed             : 1993
2026-08-29 20:36:36,519 [trainer.py] => --------------------------------------------------------------------------------
2026-08-29 20:36:36,519 [trainer.py] => Task split:
2026-08-29 20:36:36,529 [trainer.py] =>   Task 0: classes 0-9 (10 classes) | Train: 5000 images (20 batches), Test: 1000 images (4 batches)
2026-08-29 20:36:36,541 [trainer.py] =>   Task 1: classes 10-19 (10 classes) | Train: 5000 images (20 batches), Test: 1000 images (4 batches)
2026-08-29 20:36:36,549 [trainer.py] =>   Task 2: classes 20-29 (10 classes) | Train: 5000 images (20 batches), Test: 1000 images (4 batches)
2026-08-29 20:36:36,558 [trainer.py] =>   Task 3: classes 30-39 (10 classes) | Train: 5000 images (20 batches), Test: 1000 images (4 batches)
2026-08-29 20:36:36,566 [trainer.py] =>   Task 4: classes 40-49 (10 classes) | Train: 5000 images (20 batches), Test: 1000 images (4 batches)
2026-08-29 20:36:36,573 [trainer.py] =>   Task 5: classes 50-59 (10 classes) | Train: 5000 images (20 batches), Test: 1000 images (4 batches)
2026-08-29 20:36:36,583 [trainer.py] =>   Task 6: classes 60-69 (10 classes) | Train: 5000 images (20 batches), Test: 1000 images (4 batches)
2026-08-29 20:36:36,591 [trainer.py] =>   Task 7: classes 70-79 (10 classes) | Train: 5000 images (20 batches), Test: 1000 images (4 batches)
2026-08-29 20:36:36,599 [trainer.py] =>   Task 8: classes 80-89 (10 classes) | Train: 5000 images (20 batches), Test: 1000 images (4 batches)
2026-08-29 20:36:36,606 [trainer.py] =>   Task 9: classes 90-99 (10 classes) | Train: 5000 images (20 batches), Test: 1000 images (4 batches)
2026-08-29 20:36:36,607 [trainer.py] => ================================================================================
2026-08-29 20:36:36,607 [trainer.py] => ================================================================================
2026-08-29 20:36:36,613 [base.py] => Task 0 learning on class 0-10
2026-08-29 20:36:38,432 [toolkit.py] => Total params:     106,727,884
2026-08-29 20:36:38,432 [toolkit.py] => Trainable params: 744,991
2026-08-29 20:36:38,432 [toolkit.py] => Trainable ratio:  0.6980%
2026-08-29 20:45:17,840 [toolkit.py] => config: configs/sdlora_e/cifar100_seed=1993.json
2026-08-29 20:45:17,840 [toolkit.py] => device: [device(type='cuda', index=5)]
2026-08-29 20:45:17,840 [toolkit.py] => debug: False
2026-08-29 20:45:17,840 [toolkit.py] => save_ckp: False
2026-08-29 20:45:17,840 [toolkit.py] => moe_list: None
2026-08-29 20:45:17,840 [toolkit.py] => seed: 1993
2026-08-29 20:45:17,840 [toolkit.py] => dataset: cifar100
2026-08-29 20:45:17,840 [toolkit.py] => data_path: data/cifar100
2026-08-29 20:45:17,840 [toolkit.py] => load: vit_base_patch16_224_in21k
2026-08-29 20:45:17,840 [toolkit.py] => init_cls: 10
2026-08-29 20:45:17,840 [toolkit.py] => increment: 10
2026-08-29 20:45:17,841 [toolkit.py] => sessions: 10
2026-08-29 20:45:17,841 [toolkit.py] => shuffle: False
2026-08-29 20:45:17,841 [toolkit.py] => method: sdlora_e
2026-08-29 20:45:17,841 [toolkit.py] => optimizer: adam
2026-08-29 20:45:17,841 [toolkit.py] => scheduler: cosine
2026-08-29 20:45:17,841 [toolkit.py] => epochs: 20
2026-08-29 20:45:17,841 [toolkit.py] => lrate: 0.0005
2026-08-29 20:45:17,841 [toolkit.py] => fc_lrate: 0.005
2026-08-29 20:45:17,841 [toolkit.py] => weight_decay: 0.0
2026-08-29 20:45:17,841 [toolkit.py] => batch_size: 128
2026-08-29 20:45:17,841 [toolkit.py] => rank: 10
2026-08-29 20:45:17,841 [toolkit.py] => num_workers: 16
2026-08-29 20:45:17,841 [toolkit.py] => lrate_head: 0
2026-08-29 20:45:17,841 [toolkit.py] => R: 0.5
2026-08-29 20:45:17,841 [toolkit.py] => logdir: logs/sdlora_e/cifar100/t10
2026-08-29 20:45:17,841 [toolkit.py] => logfilename: logs/sdlora_e/cifar100/t10/seed1993
2026-08-29 20:45:19,621 [data_manager.py] => Class index order: 0, 1, 2, 3, 4, ..., 95, 96, 97, 98, 99
2026-08-29 20:45:22,126 [trainer.py] => ================================================================================
2026-08-29 20:45:22,127 [trainer.py] => Dataset Information
2026-08-29 20:45:22,127 [trainer.py] => ================================================================================
2026-08-29 20:45:22,127 [trainer.py] =>   Dataset name     : cifar100
2026-08-29 20:45:22,127 [trainer.py] =>   Data path        : data/cifar100
2026-08-29 20:45:22,127 [trainer.py] =>   Total classes    : 100
2026-08-29 20:45:22,127 [trainer.py] =>   Total tasks      : 10
2026-08-29 20:45:22,127 [trainer.py] =>   Task increments  : [10, 10, 10, 10, 10, 10, 10, 10, 10, 10]
2026-08-29 20:45:22,127 [trainer.py] =>   Init classes     : 10
2026-08-29 20:45:22,127 [trainer.py] =>   Increment per task: 10
2026-08-29 20:45:22,127 [trainer.py] =>   Shuffle          : False
2026-08-29 20:45:22,127 [trainer.py] =>   Seed             : 1993
2026-08-29 20:45:22,127 [trainer.py] => --------------------------------------------------------------------------------
2026-08-29 20:45:22,127 [trainer.py] => Task split:
2026-08-29 20:45:22,393 [trainer.py] =>   Task 0: classes 0-9 (10 classes) | Train: 5000 images (20 batches), Test: 1000 images (4 batches)
2026-08-29 20:45:22,607 [trainer.py] =>   Task 1: classes 10-19 (10 classes) | Train: 5000 images (20 batches), Test: 1000 images (4 batches)
2026-08-29 20:45:22,616 [trainer.py] =>   Task 2: classes 20-29 (10 classes) | Train: 5000 images (20 batches), Test: 1000 images (4 batches)
2026-08-29 20:45:22,625 [trainer.py] =>   Task 3: classes 30-39 (10 classes) | Train: 5000 images (20 batches), Test: 1000 images (4 batches)
2026-08-29 20:45:22,634 [trainer.py] =>   Task 4: classes 40-49 (10 classes) | Train: 5000 images (20 batches), Test: 1000 images (4 batches)
2026-08-29 20:45:22,643 [trainer.py] =>   Task 5: classes 50-59 (10 classes) | Train: 5000 images (20 batches), Test: 1000 images (4 batches)
2026-08-29 20:45:22,800 [trainer.py] =>   Task 6: classes 60-69 (10 classes) | Train: 5000 images (20 batches), Test: 1000 images (4 batches)
2026-08-29 20:45:22,810 [trainer.py] =>   Task 7: classes 70-79 (10 classes) | Train: 5000 images (20 batches), Test: 1000 images (4 batches)
2026-08-29 20:45:22,820 [trainer.py] =>   Task 8: classes 80-89 (10 classes) | Train: 5000 images (20 batches), Test: 1000 images (4 batches)
2026-08-29 20:45:22,828 [trainer.py] =>   Task 9: classes 90-99 (10 classes) | Train: 5000 images (20 batches), Test: 1000 images (4 batches)
2026-08-29 20:45:22,828 [trainer.py] => ================================================================================
2026-08-29 20:45:22,828 [trainer.py] => ================================================================================
2026-08-29 20:45:22,837 [base.py] => Task 0 learning on class 0-10
2026-08-29 20:45:23,416 [toolkit.py] => Total params:     106,727,884
2026-08-29 20:45:23,416 [toolkit.py] => Trainable params: 744,991
2026-08-29 20:45:23,416 [toolkit.py] => Trainable ratio:  0.6980%
2026-08-31 10:12:09,855 [toolkit.py] => config: configs/sdlora_e/cifar100_seed=1993.json
2026-08-31 10:12:09,879 [toolkit.py] => device: [device(type='cuda', index=3)]
2026-08-31 10:12:09,880 [toolkit.py] => debug: False
2026-08-31 10:12:09,880 [toolkit.py] => save_ckp: False
2026-08-31 10:12:09,880 [toolkit.py] => moe_list: None
2026-08-31 10:12:09,880 [toolkit.py] => seed: 1993
2026-08-31 10:12:09,880 [toolkit.py] => dataset: cifar100
2026-08-31 10:12:09,880 [toolkit.py] => data_path: data/cifar100
2026-08-31 10:12:09,880 [toolkit.py] => load: vit_base_patch16_224_in21k
2026-08-31 10:12:09,881 [toolkit.py] => init_cls: 10
2026-08-31 10:12:09,881 [toolkit.py] => increment: 10
2026-08-31 10:12:09,881 [toolkit.py] => sessions: 10
2026-08-31 10:12:09,881 [toolkit.py] => shuffle: False
2026-08-31 10:12:09,881 [toolkit.py] => method: sdlora_e
2026-08-31 10:12:09,881 [toolkit.py] => optimizer: adam
2026-08-31 10:12:09,881 [toolkit.py] => scheduler: cosine
2026-08-31 10:12:09,881 [toolkit.py] => epochs: 20
2026-08-31 10:12:09,881 [toolkit.py] => lrate: 0.0005
2026-08-31 10:12:09,881 [toolkit.py] => fc_lrate: 0.005
2026-08-31 10:12:09,881 [toolkit.py] => weight_decay: 0.0
2026-08-31 10:12:09,881 [toolkit.py] => batch_size: 128
2026-08-31 10:12:09,881 [toolkit.py] => rank: 10
2026-08-31 10:12:09,881 [toolkit.py] => num_workers: 16
2026-08-31 10:12:09,881 [toolkit.py] => lrate_head: 0
2026-08-31 10:12:09,881 [toolkit.py] => R: 0.5
2026-08-31 10:12:09,881 [toolkit.py] => logdir: logs/sdlora_e/cifar100/t10
2026-08-31 10:12:09,881 [toolkit.py] => logfilename: logs/sdlora_e/cifar100/t10/seed1993
2026-08-31 10:12:12,349 [data_manager.py] => Class index order: 0, 1, 2, 3, 4, ..., 95, 96, 97, 98, 99
2026-08-31 10:12:14,577 [trainer.py] => ================================================================================
2026-08-31 10:12:14,578 [trainer.py] => Dataset Information
2026-08-31 10:12:14,578 [trainer.py] => ================================================================================
2026-08-31 10:12:14,578 [trainer.py] =>   Dataset name     : cifar100
2026-08-31 10:12:14,578 [trainer.py] =>   Data path        : data/cifar100
2026-08-31 10:12:14,578 [trainer.py] =>   Total classes    : 100
2026-08-31 10:12:14,578 [trainer.py] =>   Total tasks      : 10
2026-08-31 10:12:14,578 [trainer.py] =>   Task increments  : [10, 10, 10, 10, 10, 10, 10, 10, 10, 10]
2026-08-31 10:12:14,578 [trainer.py] =>   Init classes     : 10
2026-08-31 10:12:14,578 [trainer.py] =>   Increment per task: 10
2026-08-31 10:12:14,578 [trainer.py] =>   Shuffle          : False
2026-08-31 10:12:14,578 [trainer.py] =>   Seed             : 1993
2026-08-31 10:12:14,578 [trainer.py] => --------------------------------------------------------------------------------
2026-08-31 10:12:14,578 [trainer.py] => Task split:
2026-08-31 10:12:14,589 [trainer.py] =>   Task 0: classes 0-9 (10 classes) | Train: 5000 images (20 batches), Test: 1000 images (4 batches)
2026-08-31 10:12:14,600 [trainer.py] =>   Task 1: classes 10-19 (10 classes) | Train: 5000 images (20 batches), Test: 1000 images (4 batches)
2026-08-31 10:12:14,608 [trainer.py] =>   Task 2: classes 20-29 (10 classes) | Train: 5000 images (20 batches), Test: 1000 images (4 batches)
2026-08-31 10:12:14,616 [trainer.py] =>   Task 3: classes 30-39 (10 classes) | Train: 5000 images (20 batches), Test: 1000 images (4 batches)
2026-08-31 10:12:14,623 [trainer.py] =>   Task 4: classes 40-49 (10 classes) | Train: 5000 images (20 batches), Test: 1000 images (4 batches)
2026-08-31 10:12:14,630 [trainer.py] =>   Task 5: classes 50-59 (10 classes) | Train: 5000 images (20 batches), Test: 1000 images (4 batches)
2026-08-31 10:12:14,639 [trainer.py] =>   Task 6: classes 60-69 (10 classes) | Train: 5000 images (20 batches), Test: 1000 images (4 batches)
2026-08-31 10:12:14,647 [trainer.py] =>   Task 7: classes 70-79 (10 classes) | Train: 5000 images (20 batches), Test: 1000 images (4 batches)
2026-08-31 10:12:14,654 [trainer.py] =>   Task 8: classes 80-89 (10 classes) | Train: 5000 images (20 batches), Test: 1000 images (4 batches)
2026-08-31 10:12:14,662 [trainer.py] =>   Task 9: classes 90-99 (10 classes) | Train: 5000 images (20 batches), Test: 1000 images (4 batches)
2026-08-31 10:12:14,662 [trainer.py] => ================================================================================
2026-08-31 10:12:14,662 [trainer.py] => ================================================================================
2026-08-31 10:12:14,668 [base.py] => Task 0 learning on class 0-10
2026-08-31 10:12:15,275 [toolkit.py] => Total params:     106,727,884
2026-08-31 10:12:15,276 [toolkit.py] => Trainable params: 744,991
2026-08-31 10:12:15,276 [toolkit.py] => Trainable ratio:  0.6980%
2026-08-31 10:26:08,206 [sdlora_e.py] => Task 0, Epoch 20/20 => Loss 0.083, Train_accy 97.18
2026-08-31 10:26:08,207 [trainer.py] => Training time: 0h 13m 53s
2026-08-31 10:26:12,333 [trainer.py] => Evaluation time: 0h 0m 4s
2026-08-31 10:26:12,333 [trainer.py] => Accuracy: {'total': 99.3, '00-09': 99.3, 'old': 0, 'new': 99.3}
2026-08-31 10:26:12,333 [trainer.py] => (curve) top1 Acc: [99.3]
2026-08-31 10:26:12,333 [trainer.py] => Avergae Acc: 99.30
2026-08-31 10:26:12,333 [trainer.py] => (curve) top1 Acc with task: [99.3]
2026-08-31 10:26:12,333 [trainer.py] => Avergae Acc: 99.30
2026-08-31 10:26:12,333 [trainer.py] => (curve) top1 Acc task: [100.0]
2026-08-31 10:26:12,333 [trainer.py] => Avergae Acc: 100.00
2026-08-31 10:26:12,333 [trainer.py] => ================================================================================
2026-08-31 10:26:12,333 [trainer.py] => ================================================================================
2026-08-31 10:26:12,346 [base.py] => Task 1 learning on class 10-20
2026-08-31 10:26:12,359 [toolkit.py] => Total params:     106,727,884
2026-08-31 10:26:12,359 [toolkit.py] => Trainable params: 744,991
2026-08-31 10:26:12,359 [toolkit.py] => Trainable ratio:  0.6980%
2026-08-31 10:41:00,114 [sdlora_e.py] => Task 1, Epoch 20/20 => Loss 0.110, Train_accy 96.10
2026-08-31 10:41:00,118 [trainer.py] => Training time: 0h 14m 47s
2026-08-31 10:41:08,176 [trainer.py] => Evaluation time: 0h 0m 8s
2026-08-31 10:41:08,176 [trainer.py] => Accuracy: {'total': 95.9, '00-09': 98.9, '10-19': 92.9, 'old': 98.9, 'new': 92.9}
2026-08-31 10:41:08,176 [trainer.py] => (curve) top1 Acc: [99.3, 95.9]
2026-08-31 10:41:08,176 [trainer.py] => Avergae Acc: 97.60
2026-08-31 10:41:08,176 [trainer.py] => (curve) top1 Acc with task: [99.3, 98.95]
2026-08-31 10:41:08,176 [trainer.py] => Avergae Acc: 99.12
2026-08-31 10:41:08,176 [trainer.py] => (curve) top1 Acc task: [100.0, 96.6]
2026-08-31 10:41:08,176 [trainer.py] => Avergae Acc: 98.30
2026-08-31 10:41:08,176 [trainer.py] => ================================================================================
2026-08-31 10:41:08,177 [trainer.py] => ================================================================================
2026-08-31 10:41:08,193 [base.py] => Task 2 learning on class 20-30
2026-08-31 10:41:08,206 [toolkit.py] => Total params:     106,727,884
2026-08-31 10:41:08,206 [toolkit.py] => Trainable params: 744,991
2026-08-31 10:41:08,206 [toolkit.py] => Trainable ratio:  0.6980%
2026-08-31 10:56:50,570 [sdlora_e.py] => Task 2, Epoch 20/20 => Loss 0.108, Train_accy 96.62
2026-08-31 10:56:50,574 [trainer.py] => Training time: 0h 15m 42s
2026-08-31 10:57:03,022 [trainer.py] => Evaluation time: 0h 0m 12s
2026-08-31 10:57:03,022 [trainer.py] => Accuracy: {'total': 95.07, '00-09': 97.0, '10-19': 92.6, '20-29': 95.6, 'old': 94.8, 'new': 95.6}
2026-08-31 10:57:03,022 [trainer.py] => (curve) top1 Acc: [99.3, 95.9, 95.07]
2026-08-31 10:57:03,022 [trainer.py] => Avergae Acc: 96.76
2026-08-31 10:57:03,022 [trainer.py] => (curve) top1 Acc with task: [99.3, 98.95, 98.63]
2026-08-31 10:57:03,023 [trainer.py] => Avergae Acc: 98.96
2026-08-31 10:57:03,023 [trainer.py] => (curve) top1 Acc task: [100.0, 96.6, 95.83]
2026-08-31 10:57:03,023 [trainer.py] => Avergae Acc: 97.48
2026-08-31 10:57:03,023 [trainer.py] => ================================================================================
2026-08-31 10:57:03,023 [trainer.py] => ================================================================================
2026-08-31 10:57:03,041 [base.py] => Task 3 learning on class 30-40
2026-08-31 10:57:03,072 [toolkit.py] => Total params:     106,727,884
2026-08-31 10:57:03,072 [toolkit.py] => Trainable params: 744,991
2026-08-31 10:57:03,072 [toolkit.py] => Trainable ratio:  0.6980%
2026-08-31 11:13:41,001 [sdlora_e.py] => Task 3, Epoch 20/20 => Loss 0.094, Train_accy 96.88
2026-08-31 11:13:41,004 [trainer.py] => Training time: 0h 16m 37s
2026-08-31 11:13:58,240 [trainer.py] => Evaluation time: 0h 0m 17s
2026-08-31 11:13:58,240 [trainer.py] => Accuracy: {'total': 94.02, '00-09': 96.5, '10-19': 89.0, '20-29': 95.3, '30-39': 95.3, 'old': 93.6, 'new': 95.3}
2026-08-31 11:13:58,240 [trainer.py] => (curve) top1 Acc: [99.3, 95.9, 95.07, 94.02]
2026-08-31 11:13:58,240 [trainer.py] => Avergae Acc: 96.07
2026-08-31 11:13:58,240 [trainer.py] => (curve) top1 Acc with task: [99.3, 98.95, 98.63, 98.82]
2026-08-31 11:13:58,241 [trainer.py] => Avergae Acc: 98.92
2026-08-31 11:13:58,241 [trainer.py] => (curve) top1 Acc task: [100.0, 96.6, 95.83, 94.55]
2026-08-31 11:13:58,241 [trainer.py] => Avergae Acc: 96.75
2026-08-31 11:13:58,241 [trainer.py] => ================================================================================
2026-08-31 11:13:58,241 [trainer.py] => ================================================================================
2026-08-31 11:13:58,255 [base.py] => Task 4 learning on class 40-50
2026-08-31 11:13:58,270 [toolkit.py] => Total params:     106,727,884
2026-08-31 11:13:58,270 [toolkit.py] => Trainable params: 744,991
2026-08-31 11:13:58,270 [toolkit.py] => Trainable ratio:  0.6980%
2026-08-31 11:31:32,432 [sdlora_e.py] => Task 4, Epoch 20/20 => Loss 0.098, Train_accy 96.62
2026-08-31 11:31:32,437 [trainer.py] => Training time: 0h 17m 34s
2026-08-31 11:31:55,101 [trainer.py] => Evaluation time: 0h 0m 22s
2026-08-31 11:31:55,101 [trainer.py] => Accuracy: {'total': 93.46, '00-09': 94.5, '10-19': 88.0, '20-29': 93.9, '30-39': 95.0, '40-49': 95.9, 'old': 92.85, 'new': 95.9}
2026-08-31 11:31:55,101 [trainer.py] => (curve) top1 Acc: [99.3, 95.9, 95.07, 94.02, 93.46]
2026-08-31 11:31:55,101 [trainer.py] => Avergae Acc: 95.55
2026-08-31 11:31:55,102 [trainer.py] => (curve) top1 Acc with task: [99.3, 98.95, 98.63, 98.82, 98.82]
2026-08-31 11:31:55,102 [trainer.py] => Avergae Acc: 98.90
2026-08-31 11:31:55,102 [trainer.py] => (curve) top1 Acc task: [100.0, 96.6, 95.83, 94.55, 94.02]
2026-08-31 11:31:55,102 [trainer.py] => Avergae Acc: 96.20
2026-08-31 11:31:55,102 [trainer.py] => ================================================================================
2026-08-31 11:31:55,102 [trainer.py] => ================================================================================
2026-08-31 11:31:55,125 [base.py] => Task 5 learning on class 50-60
2026-08-31 11:31:55,140 [toolkit.py] => Total params:     106,727,884
2026-08-31 11:31:55,140 [toolkit.py] => Trainable params: 744,991
2026-08-31 11:31:55,140 [toolkit.py] => Trainable ratio:  0.6980%
2026-08-31 11:50:25,893 [sdlora_e.py] => Task 5, Epoch 20/20 => Loss 0.108, Train_accy 96.26
2026-08-31 11:50:25,897 [trainer.py] => Training time: 0h 18m 30s
2026-08-31 11:50:54,633 [trainer.py] => Evaluation time: 0h 0m 28s
2026-08-31 11:50:54,633 [trainer.py] => Accuracy: {'total': 91.1, '00-09': 91.5, '10-19': 87.7, '20-29': 92.9, '30-39': 93.2, '40-49': 94.6, '50-59': 86.7, 'old': 91.98, 'new': 86.7}
2026-08-31 11:50:54,633 [trainer.py] => (curve) top1 Acc: [99.3, 95.9, 95.07, 94.02, 93.46, 91.1]
2026-08-31 11:50:54,633 [trainer.py] => Avergae Acc: 94.81
2026-08-31 11:50:54,633 [trainer.py] => (curve) top1 Acc with task: [99.3, 98.95, 98.63, 98.82, 98.82, 98.68]
2026-08-31 11:50:54,633 [trainer.py] => Avergae Acc: 98.87
2026-08-31 11:50:54,633 [trainer.py] => (curve) top1 Acc task: [100.0, 96.6, 95.83, 94.55, 94.02, 91.52]
2026-08-31 11:50:54,633 [trainer.py] => Avergae Acc: 95.42
2026-08-31 11:50:54,633 [trainer.py] => ================================================================================
2026-08-31 11:50:54,633 [trainer.py] => ================================================================================
2026-08-31 11:50:54,649 [base.py] => Task 6 learning on class 60-70
2026-08-31 11:50:54,663 [toolkit.py] => Total params:     106,727,884
2026-08-31 11:50:54,663 [toolkit.py] => Trainable params: 744,991
2026-08-31 11:50:54,663 [toolkit.py] => Trainable ratio:  0.6980%
2026-08-31 12:10:23,300 [sdlora_e.py] => Task 6, Epoch 20/20 => Loss 0.102, Train_accy 96.22
2026-08-31 12:10:23,304 [trainer.py] => Training time: 0h 19m 28s
2026-08-31 12:10:57,926 [trainer.py] => Evaluation time: 0h 0m 34s
2026-08-31 12:10:57,927 [trainer.py] => Accuracy: {'total': 90.57, '00-09': 90.2, '10-19': 86.5, '20-29': 92.5, '30-39': 93.0, '40-49': 93.8, '50-59': 85.9, '60-69': 92.1, 'old': 90.32, 'new': 92.1}
2026-08-31 12:10:57,927 [trainer.py] => (curve) top1 Acc: [99.3, 95.9, 95.07, 94.02, 93.46, 91.1, 90.57]
2026-08-31 12:10:57,927 [trainer.py] => Avergae Acc: 94.20
2026-08-31 12:10:57,927 [trainer.py] => (curve) top1 Acc with task: [99.3, 98.95, 98.63, 98.82, 98.82, 98.68, 98.6]
2026-08-31 12:10:57,927 [trainer.py] => Avergae Acc: 98.83
2026-08-31 12:10:57,927 [trainer.py] => (curve) top1 Acc task: [100.0, 96.6, 95.83, 94.55, 94.02, 91.52, 91.1]
2026-08-31 12:10:57,927 [trainer.py] => Avergae Acc: 94.80
2026-08-31 12:10:57,927 [trainer.py] => ================================================================================
2026-08-31 12:10:57,927 [trainer.py] => ================================================================================
2026-08-31 12:10:57,942 [base.py] => Task 7 learning on class 70-80
2026-08-31 12:10:57,958 [toolkit.py] => Total params:     106,727,884
2026-08-31 12:10:57,958 [toolkit.py] => Trainable params: 744,991
2026-08-31 12:10:57,958 [toolkit.py] => Trainable ratio:  0.6980%
2026-08-31 12:31:21,353 [sdlora_e.py] => Task 7, Epoch 20/20 => Loss 0.115, Train_accy 96.52
2026-08-31 12:31:21,357 [trainer.py] => Training time: 0h 20m 23s
2026-08-31 12:32:02,923 [trainer.py] => Evaluation time: 0h 0m 41s
2026-08-31 12:32:02,923 [trainer.py] => Accuracy: {'total': 89.95, '00-09': 89.4, '10-19': 85.4, '20-29': 91.5, '30-39': 92.1, '40-49': 93.6, '50-59': 84.8, '60-69': 90.5, '70-79': 92.3, 'old': 89.61, 'new': 92.3}
2026-08-31 12:32:02,923 [trainer.py] => (curve) top1 Acc: [99.3, 95.9, 95.07, 94.02, 93.46, 91.1, 90.57, 89.95]
2026-08-31 12:32:02,923 [trainer.py] => Avergae Acc: 93.67
2026-08-31 12:32:02,924 [trainer.py] => (curve) top1 Acc with task: [99.3, 98.95, 98.63, 98.82, 98.82, 98.68, 98.6, 98.6]
2026-08-31 12:32:02,924 [trainer.py] => Avergae Acc: 98.80
2026-08-31 12:32:02,924 [trainer.py] => (curve) top1 Acc task: [100.0, 96.6, 95.83, 94.55, 94.02, 91.52, 91.1, 90.34]
2026-08-31 12:32:02,924 [trainer.py] => Avergae Acc: 94.25
2026-08-31 12:32:02,924 [trainer.py] => ================================================================================
2026-08-31 12:32:02,924 [trainer.py] => ================================================================================
2026-08-31 12:32:02,946 [base.py] => Task 8 learning on class 80-90
2026-08-31 12:32:02,962 [toolkit.py] => Total params:     106,727,884
2026-08-31 12:32:02,962 [toolkit.py] => Trainable params: 744,991
2026-08-31 12:32:02,962 [toolkit.py] => Trainable ratio:  0.6980%
2026-08-31 12:53:22,762 [sdlora_e.py] => Task 8, Epoch 20/20 => Loss 0.082, Train_accy 97.04
2026-08-31 12:53:22,766 [trainer.py] => Training time: 0h 21m 19s
2026-08-31 12:54:11,459 [trainer.py] => Evaluation time: 0h 0m 48s
2026-08-31 12:54:11,459 [trainer.py] => Accuracy: {'total': 90.27, '00-09': 88.7, '10-19': 84.3, '20-29': 90.7, '30-39': 92.1, '40-49': 92.7, '50-59': 86.1, '60-69': 89.7, '70-79': 91.7, '80-89': 96.4, 'old': 89.5, 'new': 96.4}
2026-08-31 12:54:11,459 [trainer.py] => (curve) top1 Acc: [99.3, 95.9, 95.07, 94.02, 93.46, 91.1, 90.57, 89.95, 90.27]
2026-08-31 12:54:11,459 [trainer.py] => Avergae Acc: 93.29
2026-08-31 12:54:11,459 [trainer.py] => (curve) top1 Acc with task: [99.3, 98.95, 98.63, 98.82, 98.82, 98.68, 98.6, 98.6, 98.66]
2026-08-31 12:54:11,460 [trainer.py] => Avergae Acc: 98.78
2026-08-31 12:54:11,460 [trainer.py] => (curve) top1 Acc task: [100.0, 96.6, 95.83, 94.55, 94.02, 91.52, 91.1, 90.34, 90.61]
2026-08-31 12:54:11,460 [trainer.py] => Avergae Acc: 93.84
2026-08-31 12:54:11,460 [trainer.py] => ================================================================================
2026-08-31 12:54:11,460 [trainer.py] => ================================================================================
2026-08-31 12:54:11,474 [base.py] => Task 9 learning on class 90-100
2026-08-31 12:54:11,489 [toolkit.py] => Total params:     106,727,884
2026-08-31 12:54:11,490 [toolkit.py] => Trainable params: 744,991
2026-08-31 12:54:11,490 [toolkit.py] => Trainable ratio:  0.6980%
2026-08-31 13:16:27,041 [sdlora_e.py] => Task 9, Epoch 20/20 => Loss 0.071, Train_accy 97.70
2026-08-31 13:16:27,045 [trainer.py] => Training time: 0h 22m 15s
2026-08-31 13:17:23,420 [trainer.py] => Evaluation time: 0h 0m 56s
2026-08-31 13:17:23,420 [trainer.py] => Accuracy: {'total': 89.01, '00-09': 87.9, '10-19': 83.7, '20-29': 90.3, '30-39': 91.3, '40-49': 90.6, '50-59': 84.4, '60-69': 87.7, '70-79': 89.8, '80-89': 95.3, '90-99': 89.1, 'old': 89.0, 'new': 89.1}
2026-08-31 13:17:23,421 [trainer.py] => (curve) top1 Acc: [99.3, 95.9, 95.07, 94.02, 93.46, 91.1, 90.57, 89.95, 90.27, 89.01]
2026-08-31 13:17:23,421 [trainer.py] => Avergae Acc: 92.86
2026-08-31 13:17:23,421 [trainer.py] => (curve) top1 Acc with task: [99.3, 98.95, 98.63, 98.82, 98.82, 98.68, 98.6, 98.6, 98.66, 98.77]
2026-08-31 13:17:23,421 [trainer.py] => Avergae Acc: 98.78
2026-08-31 13:17:23,421 [trainer.py] => (curve) top1 Acc task: [100.0, 96.6, 95.83, 94.55, 94.02, 91.52, 91.1, 90.34, 90.61, 89.32]
2026-08-31 13:17:23,421 [trainer.py] => Avergae Acc: 93.39
2026-08-31 13:17:23,421 [trainer.py] => ================================================================================
2026-08-31 14:45:03,600 [toolkit.py] => config: configs/sdlora_e/cifar100_seed=1993.json
2026-08-31 14:45:03,601 [toolkit.py] => device: [device(type='cuda', index=5)]
2026-08-31 14:45:03,601 [toolkit.py] => debug: False
2026-08-31 14:45:03,601 [toolkit.py] => save_ckp: False
2026-08-31 14:45:03,601 [toolkit.py] => moe_list: None
2026-08-31 14:45:03,601 [toolkit.py] => seed: 1993
2026-08-31 14:45:03,601 [toolkit.py] => dataset: cifar100
2026-08-31 14:45:03,601 [toolkit.py] => data_path: data/cifar100
2026-08-31 14:45:03,601 [toolkit.py] => load: vit_base_patch16_224_in21k
2026-08-31 14:45:03,601 [toolkit.py] => init_cls: 10
2026-08-31 14:45:03,601 [toolkit.py] => increment: 10
2026-08-31 14:45:03,601 [toolkit.py] => sessions: 10
2026-08-31 14:45:03,601 [toolkit.py] => shuffle: False
2026-08-31 14:45:03,601 [toolkit.py] => method: sdlora_e
2026-08-31 14:45:03,601 [toolkit.py] => optimizer: adam
2026-08-31 14:45:03,601 [toolkit.py] => scheduler: cosine
2026-08-31 14:45:03,601 [toolkit.py] => epochs: 20
2026-08-31 14:45:03,601 [toolkit.py] => lrate: 0.0005
2026-08-31 14:45:03,601 [toolkit.py] => fc_lrate: 0.005
2026-08-31 14:45:03,601 [toolkit.py] => weight_decay: 0.0
2026-08-31 14:45:03,601 [toolkit.py] => batch_size: 128
2026-08-31 14:45:03,601 [toolkit.py] => rank: 10
2026-08-31 14:45:03,601 [toolkit.py] => num_workers: 16
2026-08-31 14:45:03,601 [toolkit.py] => lrate_head: 0
2026-08-31 14:45:03,601 [toolkit.py] => R: 0.5
2026-08-31 14:45:03,601 [toolkit.py] => logdir: logs/sdlora_e/cifar100/t10
2026-08-31 14:45:03,601 [toolkit.py] => logfilename: logs/sdlora_e/cifar100/t10/seed1993
2026-08-31 14:45:05,213 [data_manager.py] => Class index order: 0, 1, 2, 3, 4, ..., 95, 96, 97, 98, 99
2026-08-31 14:45:07,432 [trainer.py] => ================================================================================
2026-08-31 14:45:07,432 [trainer.py] => Dataset Information
2026-08-31 14:45:07,432 [trainer.py] => ================================================================================
2026-08-31 14:45:07,432 [trainer.py] =>   Dataset name     : cifar100
2026-08-31 14:45:07,432 [trainer.py] =>   Data path        : data/cifar100
2026-08-31 14:45:07,432 [trainer.py] =>   Total classes    : 100
2026-08-31 14:45:07,432 [trainer.py] =>   Total tasks      : 10
2026-08-31 14:45:07,432 [trainer.py] =>   Task increments  : [10, 10, 10, 10, 10, 10, 10, 10, 10, 10]
2026-08-31 14:45:07,432 [trainer.py] =>   Init classes     : 10
2026-08-31 14:45:07,432 [trainer.py] =>   Increment per task: 10
2026-08-31 14:45:07,432 [trainer.py] =>   Shuffle          : False
2026-08-31 14:45:07,432 [trainer.py] =>   Seed             : 1993
2026-08-31 14:45:07,432 [trainer.py] => --------------------------------------------------------------------------------
2026-08-31 14:45:07,432 [trainer.py] => Task split:
2026-08-31 14:45:07,441 [trainer.py] =>   Task 0: classes 0-9 (10 classes) | Train: 5000 images (20 batches), Test: 1000 images (4 batches)
2026-08-31 14:45:07,451 [trainer.py] =>   Task 1: classes 10-19 (10 classes) | Train: 5000 images (20 batches), Test: 1000 images (4 batches)
2026-08-31 14:45:07,458 [trainer.py] =>   Task 2: classes 20-29 (10 classes) | Train: 5000 images (20 batches), Test: 1000 images (4 batches)
2026-08-31 14:45:07,464 [trainer.py] =>   Task 3: classes 30-39 (10 classes) | Train: 5000 images (20 batches), Test: 1000 images (4 batches)
2026-08-31 14:45:07,471 [trainer.py] =>   Task 4: classes 40-49 (10 classes) | Train: 5000 images (20 batches), Test: 1000 images (4 batches)
2026-08-31 14:45:07,477 [trainer.py] =>   Task 5: classes 50-59 (10 classes) | Train: 5000 images (20 batches), Test: 1000 images (4 batches)
2026-08-31 14:45:07,486 [trainer.py] =>   Task 6: classes 60-69 (10 classes) | Train: 5000 images (20 batches), Test: 1000 images (4 batches)
2026-08-31 14:45:07,493 [trainer.py] =>   Task 7: classes 70-79 (10 classes) | Train: 5000 images (20 batches), Test: 1000 images (4 batches)
2026-08-31 14:45:07,500 [trainer.py] =>   Task 8: classes 80-89 (10 classes) | Train: 5000 images (20 batches), Test: 1000 images (4 batches)
2026-08-31 14:45:07,506 [trainer.py] =>   Task 9: classes 90-99 (10 classes) | Train: 5000 images (20 batches), Test: 1000 images (4 batches)
2026-08-31 14:45:07,506 [trainer.py] => ================================================================================
2026-08-31 14:45:07,506 [trainer.py] => ================================================================================
2026-08-31 14:45:07,512 [base.py] => Task 0 learning on class 0-10
2026-08-31 14:45:07,993 [toolkit.py] => Total params:     106,727,884
2026-08-31 14:45:07,993 [toolkit.py] => Trainable params: 744,991
2026-08-31 14:45:07,993 [toolkit.py] => Trainable ratio:  0.6980%
2026-08-31 15:08:37,709 [sdlora_e.py] => Task 0, Epoch 20/20 => Loss 0.083, Train_accy 97.18
2026-08-31 15:08:37,710 [trainer.py] => Training time: 0h 23m 30s
2026-08-31 15:08:41,822 [trainer.py] => Evaluation time: 0h 0m 4s
2026-08-31 15:08:41,822 [trainer.py] => Accuracy: {'total': 99.3, '00-09': 99.3, 'old': 0, 'new': 99.3}
2026-08-31 15:08:41,822 [trainer.py] => (curve) top1 Acc: [99.3]
2026-08-31 15:08:41,822 [trainer.py] => Avergae Acc: 99.30
2026-08-31 15:08:41,822 [trainer.py] => (curve) top1 Acc with task: [99.3]
2026-08-31 15:08:41,822 [trainer.py] => Avergae Acc: 99.30
2026-08-31 15:08:41,822 [trainer.py] => (curve) top1 Acc task: [100.0]
2026-08-31 15:08:41,822 [trainer.py] => Avergae Acc: 100.00
2026-08-31 15:08:41,822 [trainer.py] => ================================================================================
2026-08-31 15:08:41,822 [trainer.py] => ================================================================================
2026-08-31 15:08:41,848 [base.py] => Task 1 learning on class 10-20
2026-08-31 15:08:41,862 [toolkit.py] => Total params:     106,727,884
2026-08-31 15:08:41,862 [toolkit.py] => Trainable params: 744,991
2026-08-31 15:08:41,862 [toolkit.py] => Trainable ratio:  0.6980%
2026-08-31 15:23:39,466 [sdlora_e.py] => Task 1, Epoch 20/20 => Loss 0.110, Train_accy 96.10
2026-08-31 15:23:39,471 [trainer.py] => Training time: 0h 14m 57s
2026-08-31 15:23:48,179 [trainer.py] => Evaluation time: 0h 0m 8s
2026-08-31 15:23:48,179 [trainer.py] => Accuracy: {'total': 95.9, '00-09': 98.9, '10-19': 92.9, 'old': 98.9, 'new': 92.9}
2026-08-31 15:23:48,179 [trainer.py] => (curve) top1 Acc: [99.3, 95.9]
2026-08-31 15:23:48,179 [trainer.py] => Avergae Acc: 97.60
2026-08-31 15:23:48,179 [trainer.py] => (curve) top1 Acc with task: [99.3, 98.95]
2026-08-31 15:23:48,180 [trainer.py] => Avergae Acc: 99.12
2026-08-31 15:23:48,180 [trainer.py] => (curve) top1 Acc task: [100.0, 96.6]
2026-08-31 15:23:48,180 [trainer.py] => Avergae Acc: 98.30
2026-08-31 15:23:48,180 [trainer.py] => ================================================================================
2026-08-31 15:23:48,180 [trainer.py] => ================================================================================
2026-08-31 15:23:48,194 [base.py] => Task 2 learning on class 20-30
2026-08-31 15:23:48,216 [toolkit.py] => Total params:     106,727,884
2026-08-31 15:23:48,216 [toolkit.py] => Trainable params: 744,991
2026-08-31 15:23:48,216 [toolkit.py] => Trainable ratio:  0.6980%
2026-08-31 15:39:47,226 [sdlora_e.py] => Task 2, Epoch 20/20 => Loss 0.108, Train_accy 96.62
2026-08-31 15:39:47,231 [trainer.py] => Training time: 0h 15m 59s
2026-08-31 15:40:00,387 [trainer.py] => Evaluation time: 0h 0m 13s
2026-08-31 15:40:00,387 [trainer.py] => Accuracy: {'total': 95.07, '00-09': 97.0, '10-19': 92.6, '20-29': 95.6, 'old': 94.8, 'new': 95.6}
2026-08-31 15:40:00,387 [trainer.py] => (curve) top1 Acc: [99.3, 95.9, 95.07]
2026-08-31 15:40:00,387 [trainer.py] => Avergae Acc: 96.76
2026-08-31 15:40:00,387 [trainer.py] => (curve) top1 Acc with task: [99.3, 98.95, 98.63]
2026-08-31 15:40:00,387 [trainer.py] => Avergae Acc: 98.96
2026-08-31 15:40:00,387 [trainer.py] => (curve) top1 Acc task: [100.0, 96.6, 95.83]
2026-08-31 15:40:00,387 [trainer.py] => Avergae Acc: 97.48
2026-08-31 15:40:00,387 [trainer.py] => ================================================================================
2026-08-31 15:40:00,388 [trainer.py] => ================================================================================
2026-08-31 15:40:00,403 [base.py] => Task 3 learning on class 30-40
2026-08-31 15:40:00,426 [toolkit.py] => Total params:     106,727,884
2026-08-31 15:40:00,426 [toolkit.py] => Trainable params: 744,991
2026-08-31 15:40:00,426 [toolkit.py] => Trainable ratio:  0.6980%
2026-08-31 15:56:53,132 [sdlora_e.py] => Task 3, Epoch 20/20 => Loss 0.094, Train_accy 96.88
2026-08-31 15:56:53,137 [trainer.py] => Training time: 0h 16m 52s
2026-08-31 15:57:11,083 [trainer.py] => Evaluation time: 0h 0m 17s
2026-08-31 15:57:11,083 [trainer.py] => Accuracy: {'total': 94.02, '00-09': 96.5, '10-19': 89.0, '20-29': 95.3, '30-39': 95.3, 'old': 93.6, 'new': 95.3}
2026-08-31 15:57:11,083 [trainer.py] => (curve) top1 Acc: [99.3, 95.9, 95.07, 94.02]
2026-08-31 15:57:11,083 [trainer.py] => Avergae Acc: 96.07
2026-08-31 15:57:11,083 [trainer.py] => (curve) top1 Acc with task: [99.3, 98.95, 98.63, 98.82]
2026-08-31 15:57:11,083 [trainer.py] => Avergae Acc: 98.92
2026-08-31 15:57:11,083 [trainer.py] => (curve) top1 Acc task: [100.0, 96.6, 95.83, 94.55]
2026-08-31 15:57:11,083 [trainer.py] => Avergae Acc: 96.75
2026-08-31 15:57:11,084 [trainer.py] => ================================================================================
2026-08-31 15:57:11,084 [trainer.py] => ================================================================================
2026-08-31 15:57:11,097 [base.py] => Task 4 learning on class 40-50
2026-08-31 15:57:11,120 [toolkit.py] => Total params:     106,727,884
2026-08-31 15:57:11,120 [toolkit.py] => Trainable params: 744,991
2026-08-31 15:57:11,120 [toolkit.py] => Trainable ratio:  0.6980%
2026-08-31 16:15:00,418 [sdlora_e.py] => Task 4, Epoch 20/20 => Loss 0.098, Train_accy 96.62
2026-08-31 16:15:00,423 [trainer.py] => Training time: 0h 17m 49s
2026-08-31 16:15:24,043 [trainer.py] => Evaluation time: 0h 0m 23s
2026-08-31 16:15:24,044 [trainer.py] => Accuracy: {'total': 93.46, '00-09': 94.5, '10-19': 88.0, '20-29': 93.9, '30-39': 95.0, '40-49': 95.9, 'old': 92.85, 'new': 95.9}
2026-08-31 16:15:24,044 [trainer.py] => (curve) top1 Acc: [99.3, 95.9, 95.07, 94.02, 93.46]
2026-08-31 16:15:24,044 [trainer.py] => Avergae Acc: 95.55
2026-08-31 16:15:24,044 [trainer.py] => (curve) top1 Acc with task: [99.3, 98.95, 98.63, 98.82, 98.82]
2026-08-31 16:15:24,044 [trainer.py] => Avergae Acc: 98.90
2026-08-31 16:15:24,044 [trainer.py] => (curve) top1 Acc task: [100.0, 96.6, 95.83, 94.55, 94.02]
2026-08-31 16:15:24,044 [trainer.py] => Avergae Acc: 96.20
2026-08-31 16:15:24,044 [trainer.py] => ================================================================================
2026-08-31 16:15:24,044 [trainer.py] => ================================================================================
2026-08-31 16:15:24,060 [base.py] => Task 5 learning on class 50-60
2026-08-31 16:15:24,075 [toolkit.py] => Total params:     106,727,884
2026-08-31 16:15:24,075 [toolkit.py] => Trainable params: 744,991
2026-08-31 16:15:24,075 [toolkit.py] => Trainable ratio:  0.6980%
2026-08-31 16:34:09,434 [sdlora_e.py] => Task 5, Epoch 20/20 => Loss 0.108, Train_accy 96.26
2026-08-31 16:34:09,440 [trainer.py] => Training time: 0h 18m 45s
2026-08-31 16:34:38,614 [trainer.py] => Evaluation time: 0h 0m 29s
2026-08-31 16:34:38,615 [trainer.py] => Accuracy: {'total': 91.1, '00-09': 91.5, '10-19': 87.7, '20-29': 92.9, '30-39': 93.2, '40-49': 94.6, '50-59': 86.7, 'old': 91.98, 'new': 86.7}
2026-08-31 16:34:38,615 [trainer.py] => (curve) top1 Acc: [99.3, 95.9, 95.07, 94.02, 93.46, 91.1]
2026-08-31 16:34:38,615 [trainer.py] => Avergae Acc: 94.81
2026-08-31 16:34:38,615 [trainer.py] => (curve) top1 Acc with task: [99.3, 98.95, 98.63, 98.82, 98.82, 98.68]
2026-08-31 16:34:38,615 [trainer.py] => Avergae Acc: 98.87
2026-08-31 16:34:38,615 [trainer.py] => (curve) top1 Acc task: [100.0, 96.6, 95.83, 94.55, 94.02, 91.52]
2026-08-31 16:34:38,615 [trainer.py] => Avergae Acc: 95.42
2026-08-31 16:34:38,615 [trainer.py] => ================================================================================
2026-08-31 16:34:38,615 [trainer.py] => ================================================================================
2026-08-31 16:34:38,633 [base.py] => Task 6 learning on class 60-70
2026-08-31 16:34:38,656 [toolkit.py] => Total params:     106,727,884
2026-08-31 16:34:38,657 [toolkit.py] => Trainable params: 744,991
2026-08-31 16:34:38,657 [toolkit.py] => Trainable ratio:  0.6980%
2026-08-31 16:54:20,708 [sdlora_e.py] => Task 6, Epoch 20/20 => Loss 0.102, Train_accy 96.22
2026-08-31 16:54:20,713 [trainer.py] => Training time: 0h 19m 42s
2026-08-31 16:54:56,547 [trainer.py] => Evaluation time: 0h 0m 35s
2026-08-31 16:54:56,548 [trainer.py] => Accuracy: {'total': 90.57, '00-09': 90.2, '10-19': 86.5, '20-29': 92.5, '30-39': 93.0, '40-49': 93.8, '50-59': 85.9, '60-69': 92.1, 'old': 90.32, 'new': 92.1}
2026-08-31 16:54:56,548 [trainer.py] => (curve) top1 Acc: [99.3, 95.9, 95.07, 94.02, 93.46, 91.1, 90.57]
2026-08-31 16:54:56,548 [trainer.py] => Avergae Acc: 94.20
2026-08-31 16:54:56,548 [trainer.py] => (curve) top1 Acc with task: [99.3, 98.95, 98.63, 98.82, 98.82, 98.68, 98.6]
2026-08-31 16:54:56,548 [trainer.py] => Avergae Acc: 98.83
2026-08-31 16:54:56,548 [trainer.py] => (curve) top1 Acc task: [100.0, 96.6, 95.83, 94.55, 94.02, 91.52, 91.1]
2026-08-31 16:54:56,548 [trainer.py] => Avergae Acc: 94.80
2026-08-31 16:54:56,548 [trainer.py] => ================================================================================
2026-08-31 16:54:56,548 [trainer.py] => ================================================================================
2026-08-31 16:54:56,563 [base.py] => Task 7 learning on class 70-80
2026-08-31 16:54:56,588 [toolkit.py] => Total params:     106,727,884
2026-08-31 16:54:56,588 [toolkit.py] => Trainable params: 744,991
2026-08-31 16:54:56,588 [toolkit.py] => Trainable ratio:  0.6980%
2026-08-31 17:15:34,947 [sdlora_e.py] => Task 7, Epoch 20/20 => Loss 0.115, Train_accy 96.52
2026-08-31 17:15:34,966 [trainer.py] => Training time: 0h 20m 38s
2026-08-31 17:16:17,539 [trainer.py] => Evaluation time: 0h 0m 42s
2026-08-31 17:16:17,539 [trainer.py] => Accuracy: {'total': 89.95, '00-09': 89.4, '10-19': 85.4, '20-29': 91.5, '30-39': 92.1, '40-49': 93.6, '50-59': 84.8, '60-69': 90.5, '70-79': 92.3, 'old': 89.61, 'new': 92.3}
2026-08-31 17:16:17,539 [trainer.py] => (curve) top1 Acc: [99.3, 95.9, 95.07, 94.02, 93.46, 91.1, 90.57, 89.95]
2026-08-31 17:16:17,539 [trainer.py] => Avergae Acc: 93.67
2026-08-31 17:16:17,539 [trainer.py] => (curve) top1 Acc with task: [99.3, 98.95, 98.63, 98.82, 98.82, 98.68, 98.6, 98.6]
2026-08-31 17:16:17,539 [trainer.py] => Avergae Acc: 98.80
2026-08-31 17:16:17,539 [trainer.py] => (curve) top1 Acc task: [100.0, 96.6, 95.83, 94.55, 94.02, 91.52, 91.1, 90.34]
2026-08-31 17:16:17,539 [trainer.py] => Avergae Acc: 94.25
2026-08-31 17:16:17,540 [trainer.py] => ================================================================================
2026-08-31 17:16:17,540 [trainer.py] => ================================================================================
2026-08-31 17:16:17,555 [base.py] => Task 8 learning on class 80-90
2026-08-31 17:16:17,579 [toolkit.py] => Total params:     106,727,884
2026-08-31 17:16:17,579 [toolkit.py] => Trainable params: 744,991
2026-08-31 17:16:17,579 [toolkit.py] => Trainable ratio:  0.6980%
2026-08-31 17:37:52,868 [sdlora_e.py] => Task 8, Epoch 20/20 => Loss 0.082, Train_accy 97.04
2026-08-31 17:37:52,874 [trainer.py] => Training time: 0h 21m 35s
2026-08-31 17:38:42,728 [trainer.py] => Evaluation time: 0h 0m 49s
2026-08-31 17:38:42,728 [trainer.py] => Accuracy: {'total': 90.27, '00-09': 88.7, '10-19': 84.3, '20-29': 90.7, '30-39': 92.1, '40-49': 92.7, '50-59': 86.1, '60-69': 89.7, '70-79': 91.7, '80-89': 96.4, 'old': 89.5, 'new': 96.4}
2026-08-31 17:38:42,728 [trainer.py] => (curve) top1 Acc: [99.3, 95.9, 95.07, 94.02, 93.46, 91.1, 90.57, 89.95, 90.27]
2026-08-31 17:38:42,728 [trainer.py] => Avergae Acc: 93.29
2026-08-31 17:38:42,728 [trainer.py] => (curve) top1 Acc with task: [99.3, 98.95, 98.63, 98.82, 98.82, 98.68, 98.6, 98.6, 98.66]
2026-08-31 17:38:42,728 [trainer.py] => Avergae Acc: 98.78
2026-08-31 17:38:42,728 [trainer.py] => (curve) top1 Acc task: [100.0, 96.6, 95.83, 94.55, 94.02, 91.52, 91.1, 90.34, 90.61]
2026-08-31 17:38:42,728 [trainer.py] => Avergae Acc: 93.84
2026-08-31 17:38:42,729 [trainer.py] => ================================================================================
2026-08-31 17:38:42,729 [trainer.py] => ================================================================================
2026-08-31 17:38:42,743 [base.py] => Task 9 learning on class 90-100
2026-08-31 17:38:42,765 [toolkit.py] => Total params:     106,727,884
2026-08-31 17:38:42,765 [toolkit.py] => Trainable params: 744,991
2026-08-31 17:38:42,765 [toolkit.py] => Trainable ratio:  0.6980%
2026-08-31 18:01:15,908 [sdlora_e.py] => Task 9, Epoch 20/20 => Loss 0.071, Train_accy 97.70
2026-08-31 18:01:15,914 [trainer.py] => Training time: 0h 22m 33s
2026-08-31 18:02:13,832 [trainer.py] => Evaluation time: 0h 0m 57s
2026-08-31 18:02:13,832 [trainer.py] => Accuracy: {'total': 89.01, '00-09': 87.9, '10-19': 83.7, '20-29': 90.3, '30-39': 91.3, '40-49': 90.6, '50-59': 84.4, '60-69': 87.7, '70-79': 89.8, '80-89': 95.3, '90-99': 89.1, 'old': 89.0, 'new': 89.1}
2026-08-31 18:02:13,832 [trainer.py] => (curve) top1 Acc: [99.3, 95.9, 95.07, 94.02, 93.46, 91.1, 90.57, 89.95, 90.27, 89.01]
2026-08-31 18:02:13,832 [trainer.py] => Avergae Acc: 92.86
2026-08-31 18:02:13,832 [trainer.py] => (curve) top1 Acc with task: [99.3, 98.95, 98.63, 98.82, 98.82, 98.68, 98.6, 98.6, 98.66, 98.77]
2026-08-31 18:02:13,832 [trainer.py] => Avergae Acc: 98.78
2026-08-31 18:02:13,832 [trainer.py] => (curve) top1 Acc task: [100.0, 96.6, 95.83, 94.55, 94.02, 91.52, 91.1, 90.34, 90.61, 89.32]
2026-08-31 18:02:13,832 [trainer.py] => Avergae Acc: 93.39
2026-08-31 18:02:13,832 [trainer.py] => ================================================================================
