2026-09-09 09:29:23,039 [toolkit.py] => config: configs/sdlora_e/cifar100_seed=2026.json
2026-09-09 09:29:23,039 [toolkit.py] => device: [device(type='cuda', index=1)]
2026-09-09 09:29:23,039 [toolkit.py] => debug: False
2026-09-09 09:29:23,039 [toolkit.py] => save_ckp: False
2026-09-09 09:29:23,039 [toolkit.py] => moe_list: None
2026-09-09 09:29:23,039 [toolkit.py] => seed: 2026
2026-09-09 09:29:23,039 [toolkit.py] => dataset: cifar100
2026-09-09 09:29:23,039 [toolkit.py] => data_path: data/cifar100
2026-09-09 09:29:23,039 [toolkit.py] => load: vit_base_patch16_224_in21k
2026-09-09 09:29:23,039 [toolkit.py] => init_cls: 10
2026-09-09 09:29:23,039 [toolkit.py] => increment: 10
2026-09-09 09:29:23,039 [toolkit.py] => sessions: 10
2026-09-09 09:29:23,039 [toolkit.py] => shuffle: False
2026-09-09 09:29:23,039 [toolkit.py] => method: sdlora_e
2026-09-09 09:29:23,039 [toolkit.py] => optimizer: adam
2026-09-09 09:29:23,039 [toolkit.py] => scheduler: cosine
2026-09-09 09:29:23,039 [toolkit.py] => epochs: 20
2026-09-09 09:29:23,039 [toolkit.py] => lrate: 0.0005
2026-09-09 09:29:23,039 [toolkit.py] => fc_lrate: 0.005
2026-09-09 09:29:23,039 [toolkit.py] => weight_decay: 0.0
2026-09-09 09:29:23,040 [toolkit.py] => batch_size: 128
2026-09-09 09:29:23,040 [toolkit.py] => rank: 10
2026-09-09 09:29:23,040 [toolkit.py] => num_workers: 16
2026-09-09 09:29:23,040 [toolkit.py] => lrate_head: 0
2026-09-09 09:29:23,040 [toolkit.py] => R: 0.5
2026-09-09 09:29:23,040 [toolkit.py] => logdir: logs/sdlora_e/cifar100/t10
2026-09-09 09:29:23,040 [toolkit.py] => logfilename: logs/sdlora_e/cifar100/t10/seed2026
2026-09-09 09:29:25,020 [data_manager.py] => Class index order: 0, 1, 2, 3, 4, ..., 95, 96, 97, 98, 99
2026-09-09 09:29:27,301 [trainer.py] => ================================================================================
2026-09-09 09:29:27,302 [trainer.py] => Dataset Information
2026-09-09 09:29:27,302 [trainer.py] => ================================================================================
2026-09-09 09:29:27,302 [trainer.py] =>   Dataset name     : cifar100
2026-09-09 09:29:27,302 [trainer.py] =>   Data path        : data/cifar100
2026-09-09 09:29:27,302 [trainer.py] =>   Total classes    : 100
2026-09-09 09:29:27,302 [trainer.py] =>   Total tasks      : 10
2026-09-09 09:29:27,302 [trainer.py] =>   Task increments  : [10, 10, 10, 10, 10, 10, 10, 10, 10, 10]
2026-09-09 09:29:27,302 [trainer.py] =>   Init classes     : 10
2026-09-09 09:29:27,302 [trainer.py] =>   Increment per task: 10
2026-09-09 09:29:27,302 [trainer.py] =>   Shuffle          : False
2026-09-09 09:29:27,302 [trainer.py] =>   Seed             : 2026
2026-09-09 09:29:27,302 [trainer.py] => --------------------------------------------------------------------------------
2026-09-09 09:29:27,302 [trainer.py] => Task split:
2026-09-09 09:29:27,322 [trainer.py] =>   Task 0: classes 0-9 (10 classes) | Train: 5000 images (20 batches), Test: 1000 images (4 batches)
2026-09-09 09:29:27,343 [trainer.py] =>   Task 1: classes 10-19 (10 classes) | Train: 5000 images (20 batches), Test: 1000 images (4 batches)
2026-09-09 09:29:27,350 [trainer.py] =>   Task 2: classes 20-29 (10 classes) | Train: 5000 images (20 batches), Test: 1000 images (4 batches)
2026-09-09 09:29:27,358 [trainer.py] =>   Task 3: classes 30-39 (10 classes) | Train: 5000 images (20 batches), Test: 1000 images (4 batches)
2026-09-09 09:29:27,365 [trainer.py] =>   Task 4: classes 40-49 (10 classes) | Train: 5000 images (20 batches), Test: 1000 images (4 batches)
2026-09-09 09:29:27,373 [trainer.py] =>   Task 5: classes 50-59 (10 classes) | Train: 5000 images (20 batches), Test: 1000 images (4 batches)
2026-09-09 09:29:27,389 [trainer.py] =>   Task 6: classes 60-69 (10 classes) | Train: 5000 images (20 batches), Test: 1000 images (4 batches)
2026-09-09 09:29:27,397 [trainer.py] =>   Task 7: classes 70-79 (10 classes) | Train: 5000 images (20 batches), Test: 1000 images (4 batches)
2026-09-09 09:29:27,405 [trainer.py] =>   Task 8: classes 80-89 (10 classes) | Train: 5000 images (20 batches), Test: 1000 images (4 batches)
2026-09-09 09:29:27,412 [trainer.py] =>   Task 9: classes 90-99 (10 classes) | Train: 5000 images (20 batches), Test: 1000 images (4 batches)
2026-09-09 09:29:27,413 [trainer.py] => ================================================================================
2026-09-09 09:29:27,413 [trainer.py] => ================================================================================
2026-09-09 09:29:27,419 [base.py] => Task 0 learning on class 0-10
2026-09-09 09:29:27,960 [toolkit.py] => Total params:     106,727,884
2026-09-09 09:29:27,960 [toolkit.py] => Trainable params: 744,991
2026-09-09 09:29:27,960 [toolkit.py] => Trainable ratio:  0.6980%
2026-09-09 09:43:17,230 [sdlora_e.py] => Task 0, Epoch 20/20 => Loss 0.089, Train_accy 97.08
2026-09-09 09:43:17,231 [trainer.py] => Training time: 0h 13m 49s
2026-09-09 09:43:21,547 [trainer.py] => Evaluation time: 0h 0m 4s
2026-09-09 09:43:21,547 [trainer.py] => Accuracy: {'total': 99.6, '00-09': 99.6, 'old': 0, 'new': 99.6}
2026-09-09 09:43:21,547 [trainer.py] => (curve) top1 Acc: [99.6]
2026-09-09 09:43:21,547 [trainer.py] => Avergae Acc: 99.60
2026-09-09 09:43:21,547 [trainer.py] => (curve) top1 Acc with task: [99.6]
2026-09-09 09:43:21,547 [trainer.py] => Avergae Acc: 99.60
2026-09-09 09:43:21,547 [trainer.py] => (curve) top1 Acc task: [100.0]
2026-09-09 09:43:21,547 [trainer.py] => Avergae Acc: 100.00
2026-09-09 09:43:21,547 [trainer.py] => ================================================================================
2026-09-09 09:43:21,547 [trainer.py] => ================================================================================
2026-09-09 09:43:21,561 [base.py] => Task 1 learning on class 10-20
2026-09-09 09:43:21,575 [toolkit.py] => Total params:     106,727,884
2026-09-09 09:43:21,575 [toolkit.py] => Trainable params: 744,991
2026-09-09 09:43:21,575 [toolkit.py] => Trainable ratio:  0.6980%
2026-09-09 09:58:08,668 [sdlora_e.py] => Task 1, Epoch 20/20 => Loss 0.115, Train_accy 96.22
2026-09-09 09:58:08,672 [trainer.py] => Training time: 0h 14m 47s
2026-09-09 09:58:16,858 [trainer.py] => Evaluation time: 0h 0m 8s
2026-09-09 09:58:16,859 [trainer.py] => Accuracy: {'total': 97.0, '00-09': 96.8, '10-19': 97.2, 'old': 96.8, 'new': 97.2}
2026-09-09 09:58:16,859 [trainer.py] => (curve) top1 Acc: [99.6, 97.0]
2026-09-09 09:58:16,859 [trainer.py] => Avergae Acc: 98.30
2026-09-09 09:58:16,859 [trainer.py] => (curve) top1 Acc with task: [99.6, 99.2]
2026-09-09 09:58:16,859 [trainer.py] => Avergae Acc: 99.40
2026-09-09 09:58:16,859 [trainer.py] => (curve) top1 Acc task: [100.0, 97.55]
2026-09-09 09:58:16,859 [trainer.py] => Avergae Acc: 98.78
2026-09-09 09:58:16,859 [trainer.py] => ================================================================================
2026-09-09 09:58:16,859 [trainer.py] => ================================================================================
2026-09-09 09:58:16,875 [base.py] => Task 2 learning on class 20-30
2026-09-09 09:58:16,888 [toolkit.py] => Total params:     106,727,884
2026-09-09 09:58:16,889 [toolkit.py] => Trainable params: 744,991
2026-09-09 09:58:16,889 [toolkit.py] => Trainable ratio:  0.6980%
2026-09-09 10:13:57,366 [sdlora_e.py] => Task 2, Epoch 20/20 => Loss 0.109, Train_accy 97.02
2026-09-09 10:13:57,369 [trainer.py] => Training time: 0h 15m 40s
2026-09-09 10:14:09,762 [trainer.py] => Evaluation time: 0h 0m 12s
2026-09-09 10:14:09,762 [trainer.py] => Accuracy: {'total': 95.33, '00-09': 94.1, '10-19': 95.0, '20-29': 96.9, 'old': 94.55, 'new': 96.9}
2026-09-09 10:14:09,762 [trainer.py] => (curve) top1 Acc: [99.6, 97.0, 95.33]
2026-09-09 10:14:09,762 [trainer.py] => Avergae Acc: 97.31
2026-09-09 10:14:09,762 [trainer.py] => (curve) top1 Acc with task: [99.6, 99.2, 99.0]
2026-09-09 10:14:09,762 [trainer.py] => Avergae Acc: 99.27
2026-09-09 10:14:09,762 [trainer.py] => (curve) top1 Acc task: [100.0, 97.55, 96.0]
2026-09-09 10:14:09,762 [trainer.py] => Avergae Acc: 97.85
2026-09-09 10:14:09,762 [trainer.py] => ================================================================================
2026-09-09 10:14:09,762 [trainer.py] => ================================================================================
2026-09-09 10:14:09,777 [base.py] => Task 3 learning on class 30-40
2026-09-09 10:14:09,791 [toolkit.py] => Total params:     106,727,884
2026-09-09 10:14:09,791 [toolkit.py] => Trainable params: 744,991
2026-09-09 10:14:09,791 [toolkit.py] => Trainable ratio:  0.6980%
2026-09-09 10:30:47,085 [sdlora_e.py] => Task 3, Epoch 20/20 => Loss 0.107, Train_accy 96.70
2026-09-09 10:30:47,089 [trainer.py] => Training time: 0h 16m 37s
2026-09-09 10:31:04,350 [trainer.py] => Evaluation time: 0h 0m 17s
2026-09-09 10:31:04,351 [trainer.py] => Accuracy: {'total': 93.92, '00-09': 93.3, '10-19': 91.6, '20-29': 96.0, '30-39': 94.8, 'old': 93.63, 'new': 94.8}
2026-09-09 10:31:04,351 [trainer.py] => (curve) top1 Acc: [99.6, 97.0, 95.33, 93.92]
2026-09-09 10:31:04,351 [trainer.py] => Avergae Acc: 96.46
2026-09-09 10:31:04,351 [trainer.py] => (curve) top1 Acc with task: [99.6, 99.2, 99.0, 98.95]
2026-09-09 10:31:04,351 [trainer.py] => Avergae Acc: 99.19
2026-09-09 10:31:04,351 [trainer.py] => (curve) top1 Acc task: [100.0, 97.55, 96.0, 94.4]
2026-09-09 10:31:04,351 [trainer.py] => Avergae Acc: 96.99
2026-09-09 10:31:04,351 [trainer.py] => ================================================================================
2026-09-09 10:31:04,351 [trainer.py] => ================================================================================
2026-09-09 10:31:04,369 [base.py] => Task 4 learning on class 40-50
2026-09-09 10:31:04,383 [toolkit.py] => Total params:     106,727,884
2026-09-09 10:31:04,383 [toolkit.py] => Trainable params: 744,991
2026-09-09 10:31:04,383 [toolkit.py] => Trainable ratio:  0.6980%
2026-09-09 10:48:36,569 [sdlora_e.py] => Task 4, Epoch 20/20 => Loss 0.096, Train_accy 96.90
2026-09-09 10:48:36,575 [trainer.py] => Training time: 0h 17m 32s
2026-09-09 10:48:59,167 [trainer.py] => Evaluation time: 0h 0m 22s
2026-09-09 10:48:59,167 [trainer.py] => Accuracy: {'total': 92.98, '00-09': 91.3, '10-19': 89.8, '20-29': 94.8, '30-39': 93.9, '40-49': 95.1, 'old': 92.45, 'new': 95.1}
2026-09-09 10:48:59,168 [trainer.py] => (curve) top1 Acc: [99.6, 97.0, 95.33, 93.92, 92.98]
2026-09-09 10:48:59,168 [trainer.py] => Avergae Acc: 95.77
2026-09-09 10:48:59,168 [trainer.py] => (curve) top1 Acc with task: [99.6, 99.2, 99.0, 98.95, 98.94]
2026-09-09 10:48:59,168 [trainer.py] => Avergae Acc: 99.14
2026-09-09 10:48:59,168 [trainer.py] => (curve) top1 Acc task: [100.0, 97.55, 96.0, 94.4, 93.54]
2026-09-09 10:48:59,168 [trainer.py] => Avergae Acc: 96.30
2026-09-09 10:48:59,168 [trainer.py] => ================================================================================
2026-09-09 10:48:59,168 [trainer.py] => ================================================================================
2026-09-09 10:48:59,187 [base.py] => Task 5 learning on class 50-60
2026-09-09 10:48:59,202 [toolkit.py] => Total params:     106,727,884
2026-09-09 10:48:59,203 [toolkit.py] => Trainable params: 744,991
2026-09-09 10:48:59,203 [toolkit.py] => Trainable ratio:  0.6980%
2026-09-09 11:07:26,623 [sdlora_e.py] => Task 5, Epoch 20/20 => Loss 0.109, Train_accy 95.98
2026-09-09 11:07:26,627 [trainer.py] => Training time: 0h 18m 27s
2026-09-09 11:07:54,987 [trainer.py] => Evaluation time: 0h 0m 28s
2026-09-09 11:07:54,988 [trainer.py] => Accuracy: {'total': 91.05, '00-09': 88.1, '10-19': 89.2, '20-29': 94.3, '30-39': 92.4, '40-49': 93.8, '50-59': 88.5, 'old': 91.56, 'new': 88.5}
2026-09-09 11:07:54,988 [trainer.py] => (curve) top1 Acc: [99.6, 97.0, 95.33, 93.92, 92.98, 91.05]
2026-09-09 11:07:54,988 [trainer.py] => Avergae Acc: 94.98
2026-09-09 11:07:54,988 [trainer.py] => (curve) top1 Acc with task: [99.6, 99.2, 99.0, 98.95, 98.94, 98.75]
2026-09-09 11:07:54,988 [trainer.py] => Avergae Acc: 99.07
2026-09-09 11:07:54,988 [trainer.py] => (curve) top1 Acc task: [100.0, 97.55, 96.0, 94.4, 93.54, 91.58]
2026-09-09 11:07:54,988 [trainer.py] => Avergae Acc: 95.51
2026-09-09 11:07:54,988 [trainer.py] => ================================================================================
2026-09-09 11:07:54,988 [trainer.py] => ================================================================================
2026-09-09 11:07:55,000 [base.py] => Task 6 learning on class 60-70
2026-09-09 11:07:55,015 [toolkit.py] => Total params:     106,727,884
2026-09-09 11:07:55,015 [toolkit.py] => Trainable params: 744,991
2026-09-09 11:07:55,015 [toolkit.py] => Trainable ratio:  0.6980%
2026-09-09 11:27:18,832 [sdlora_e.py] => Task 6, Epoch 20/20 => Loss 0.105, Train_accy 96.22
2026-09-09 11:27:18,836 [trainer.py] => Training time: 0h 19m 23s
2026-09-09 11:27:53,402 [trainer.py] => Evaluation time: 0h 0m 34s
2026-09-09 11:27:53,402 [trainer.py] => Accuracy: {'total': 90.44, '00-09': 88.0, '10-19': 87.9, '20-29': 93.6, '30-39': 92.2, '40-49': 93.3, '50-59': 87.4, '60-69': 90.7, 'old': 90.4, 'new': 90.7}
2026-09-09 11:27:53,402 [trainer.py] => (curve) top1 Acc: [99.6, 97.0, 95.33, 93.92, 92.98, 91.05, 90.44]
2026-09-09 11:27:53,402 [trainer.py] => Avergae Acc: 94.33
2026-09-09 11:27:53,402 [trainer.py] => (curve) top1 Acc with task: [99.6, 99.2, 99.0, 98.95, 98.94, 98.75, 98.6]
2026-09-09 11:27:53,402 [trainer.py] => Avergae Acc: 99.01
2026-09-09 11:27:53,402 [trainer.py] => (curve) top1 Acc task: [100.0, 97.55, 96.0, 94.4, 93.54, 91.58, 90.96]
2026-09-09 11:27:53,402 [trainer.py] => Avergae Acc: 94.86
2026-09-09 11:27:53,402 [trainer.py] => ================================================================================
2026-09-09 11:27:53,402 [trainer.py] => ================================================================================
2026-09-09 11:27:53,417 [base.py] => Task 7 learning on class 70-80
2026-09-09 11:27:53,431 [toolkit.py] => Total params:     106,727,884
2026-09-09 11:27:53,432 [toolkit.py] => Trainable params: 744,991
2026-09-09 11:27:53,432 [toolkit.py] => Trainable ratio:  0.6980%
2026-09-09 11:48:14,919 [sdlora_e.py] => Task 7, Epoch 20/20 => Loss 0.100, Train_accy 96.56
2026-09-09 11:48:14,934 [trainer.py] => Training time: 0h 20m 21s
2026-09-09 11:48:56,411 [trainer.py] => Evaluation time: 0h 0m 41s
2026-09-09 11:48:56,412 [trainer.py] => Accuracy: {'total': 90.05, '00-09': 86.1, '10-19': 87.1, '20-29': 92.4, '30-39': 92.5, '40-49': 93.2, '50-59': 86.6, '60-69': 89.4, '70-79': 93.1, 'old': 89.61, 'new': 93.1}
2026-09-09 11:48:56,412 [trainer.py] => (curve) top1 Acc: [99.6, 97.0, 95.33, 93.92, 92.98, 91.05, 90.44, 90.05]
2026-09-09 11:48:56,412 [trainer.py] => Avergae Acc: 93.80
2026-09-09 11:48:56,412 [trainer.py] => (curve) top1 Acc with task: [99.6, 99.2, 99.0, 98.95, 98.94, 98.75, 98.6, 98.62]
2026-09-09 11:48:56,412 [trainer.py] => Avergae Acc: 98.96
2026-09-09 11:48:56,412 [trainer.py] => (curve) top1 Acc task: [100.0, 97.55, 96.0, 94.4, 93.54, 91.58, 90.96, 90.47]
2026-09-09 11:48:56,412 [trainer.py] => Avergae Acc: 94.31
2026-09-09 11:48:56,412 [trainer.py] => ================================================================================
2026-09-09 11:48:56,412 [trainer.py] => ================================================================================
2026-09-09 11:48:56,427 [base.py] => Task 8 learning on class 80-90
2026-09-09 11:48:56,442 [toolkit.py] => Total params:     106,727,884
2026-09-09 11:48:56,442 [toolkit.py] => Trainable params: 744,991
2026-09-09 11:48:56,442 [toolkit.py] => Trainable ratio:  0.6980%
2026-09-09 12:10:14,881 [sdlora_e.py] => Task 8, Epoch 20/20 => Loss 0.084, Train_accy 97.18
2026-09-09 12:10:14,886 [trainer.py] => Training time: 0h 21m 18s
2026-09-09 12:11:03,695 [trainer.py] => Evaluation time: 0h 0m 48s
2026-09-09 12:11:03,695 [trainer.py] => Accuracy: {'total': 90.06, '00-09': 85.5, '10-19': 87.2, '20-29': 92.5, '30-39': 91.5, '40-49': 92.3, '50-59': 86.5, '60-69': 88.9, '70-79': 92.5, '80-89': 93.6, 'old': 89.61, 'new': 93.6}
2026-09-09 12:11:03,695 [trainer.py] => (curve) top1 Acc: [99.6, 97.0, 95.33, 93.92, 92.98, 91.05, 90.44, 90.05, 90.06]
2026-09-09 12:11:03,695 [trainer.py] => Avergae Acc: 93.38
2026-09-09 12:11:03,695 [trainer.py] => (curve) top1 Acc with task: [99.6, 99.2, 99.0, 98.95, 98.94, 98.75, 98.6, 98.62, 98.63]
2026-09-09 12:11:03,695 [trainer.py] => Avergae Acc: 98.92
2026-09-09 12:11:03,695 [trainer.py] => (curve) top1 Acc task: [100.0, 97.55, 96.0, 94.4, 93.54, 91.58, 90.96, 90.47, 90.44]
2026-09-09 12:11:03,695 [trainer.py] => Avergae Acc: 93.88
2026-09-09 12:11:03,695 [trainer.py] => ================================================================================
2026-09-09 12:11:03,695 [trainer.py] => ================================================================================
2026-09-09 12:11:03,711 [base.py] => Task 9 learning on class 90-100
2026-09-09 12:11:03,726 [toolkit.py] => Total params:     106,727,884
2026-09-09 12:11:03,726 [toolkit.py] => Trainable params: 744,991
2026-09-09 12:11:03,726 [toolkit.py] => Trainable ratio:  0.6980%
2026-09-09 12:33:19,161 [sdlora_e.py] => Task 9, Epoch 20/20 => Loss 0.068, Train_accy 97.70
2026-09-09 12:33:19,166 [trainer.py] => Training time: 0h 22m 15s
2026-09-09 12:34:15,436 [trainer.py] => Evaluation time: 0h 0m 56s
2026-09-09 12:34:15,436 [trainer.py] => Accuracy: {'total': 89.12, '00-09': 84.9, '10-19': 86.5, '20-29': 92.6, '30-39': 90.1, '40-49': 90.9, '50-59': 85.6, '60-69': 86.6, '70-79': 90.6, '80-89': 91.6, '90-99': 91.8, 'old': 88.82, 'new': 91.8}
2026-09-09 12:34:15,436 [trainer.py] => (curve) top1 Acc: [99.6, 97.0, 95.33, 93.92, 92.98, 91.05, 90.44, 90.05, 90.06, 89.12]
2026-09-09 12:34:15,436 [trainer.py] => Avergae Acc: 92.96
2026-09-09 12:34:15,436 [trainer.py] => (curve) top1 Acc with task: [99.6, 99.2, 99.0, 98.95, 98.94, 98.75, 98.6, 98.62, 98.63, 98.86]
2026-09-09 12:34:15,436 [trainer.py] => Avergae Acc: 98.91
2026-09-09 12:34:15,436 [trainer.py] => (curve) top1 Acc task: [100.0, 97.55, 96.0, 94.4, 93.54, 91.58, 90.96, 90.47, 90.44, 89.42]
2026-09-09 12:34:15,436 [trainer.py] => Avergae Acc: 93.44
2026-09-09 12:34:15,436 [trainer.py] => ================================================================================
