2026-09-08 20:53:25,287 [toolkit.py] => config: configs/sdlora_e/cifar100_seed=1997.json
2026-09-08 20:53:25,287 [toolkit.py] => device: [device(type='cuda', index=1)]
2026-09-08 20:53:25,287 [toolkit.py] => debug: False
2026-09-08 20:53:25,287 [toolkit.py] => save_ckp: False
2026-09-08 20:53:25,287 [toolkit.py] => moe_list: None
2026-09-08 20:53:25,287 [toolkit.py] => seed: 1997
2026-09-08 20:53:25,287 [toolkit.py] => dataset: cifar100
2026-09-08 20:53:25,287 [toolkit.py] => data_path: data/cifar100
2026-09-08 20:53:25,287 [toolkit.py] => load: vit_base_patch16_224_in21k
2026-09-08 20:53:25,287 [toolkit.py] => init_cls: 10
2026-09-08 20:53:25,287 [toolkit.py] => increment: 10
2026-09-08 20:53:25,287 [toolkit.py] => sessions: 10
2026-09-08 20:53:25,287 [toolkit.py] => shuffle: False
2026-09-08 20:53:25,287 [toolkit.py] => method: sdlora_e
2026-09-08 20:53:25,287 [toolkit.py] => optimizer: adam
2026-09-08 20:53:25,287 [toolkit.py] => scheduler: cosine
2026-09-08 20:53:25,287 [toolkit.py] => epochs: 20
2026-09-08 20:53:25,287 [toolkit.py] => lrate: 0.0005
2026-09-08 20:53:25,287 [toolkit.py] => fc_lrate: 0.005
2026-09-08 20:53:25,287 [toolkit.py] => weight_decay: 0.0
2026-09-08 20:53:25,287 [toolkit.py] => batch_size: 128
2026-09-08 20:53:25,287 [toolkit.py] => rank: 10
2026-09-08 20:53:25,287 [toolkit.py] => num_workers: 16
2026-09-08 20:53:25,288 [toolkit.py] => lrate_head: 0
2026-09-08 20:53:25,288 [toolkit.py] => R: 0.5
2026-09-08 20:53:25,288 [toolkit.py] => logdir: logs/sdlora_e/cifar100/t10
2026-09-08 20:53:25,288 [toolkit.py] => logfilename: logs/sdlora_e/cifar100/t10/seed1997
2026-09-08 20:53:27,766 [data_manager.py] => Class index order: 0, 1, 2, 3, 4, ..., 95, 96, 97, 98, 99
2026-09-08 20:53:30,207 [trainer.py] => ================================================================================
2026-09-08 20:53:30,207 [trainer.py] => Dataset Information
2026-09-08 20:53:30,207 [trainer.py] => ================================================================================
2026-09-08 20:53:30,207 [trainer.py] =>   Dataset name     : cifar100
2026-09-08 20:53:30,207 [trainer.py] =>   Data path        : data/cifar100
2026-09-08 20:53:30,207 [trainer.py] =>   Total classes    : 100
2026-09-08 20:53:30,207 [trainer.py] =>   Total tasks      : 10
2026-09-08 20:53:30,207 [trainer.py] =>   Task increments  : [10, 10, 10, 10, 10, 10, 10, 10, 10, 10]
2026-09-08 20:53:30,207 [trainer.py] =>   Init classes     : 10
2026-09-08 20:53:30,207 [trainer.py] =>   Increment per task: 10
2026-09-08 20:53:30,207 [trainer.py] =>   Shuffle          : False
2026-09-08 20:53:30,207 [trainer.py] =>   Seed             : 1997
2026-09-08 20:53:30,207 [trainer.py] => --------------------------------------------------------------------------------
2026-09-08 20:53:30,207 [trainer.py] => Task split:
2026-09-08 20:53:30,247 [trainer.py] =>   Task 0: classes 0-9 (10 classes) | Train: 5000 images (20 batches), Test: 1000 images (4 batches)
2026-09-08 20:53:30,287 [trainer.py] =>   Task 1: classes 10-19 (10 classes) | Train: 5000 images (20 batches), Test: 1000 images (4 batches)
2026-09-08 20:53:30,295 [trainer.py] =>   Task 2: classes 20-29 (10 classes) | Train: 5000 images (20 batches), Test: 1000 images (4 batches)
2026-09-08 20:53:30,303 [trainer.py] =>   Task 3: classes 30-39 (10 classes) | Train: 5000 images (20 batches), Test: 1000 images (4 batches)
2026-09-08 20:53:30,311 [trainer.py] =>   Task 4: classes 40-49 (10 classes) | Train: 5000 images (20 batches), Test: 1000 images (4 batches)
2026-09-08 20:53:30,318 [trainer.py] =>   Task 5: classes 50-59 (10 classes) | Train: 5000 images (20 batches), Test: 1000 images (4 batches)
2026-09-08 20:53:30,355 [trainer.py] =>   Task 6: classes 60-69 (10 classes) | Train: 5000 images (20 batches), Test: 1000 images (4 batches)
2026-09-08 20:53:30,363 [trainer.py] =>   Task 7: classes 70-79 (10 classes) | Train: 5000 images (20 batches), Test: 1000 images (4 batches)
2026-09-08 20:53:30,371 [trainer.py] =>   Task 8: classes 80-89 (10 classes) | Train: 5000 images (20 batches), Test: 1000 images (4 batches)
2026-09-08 20:53:30,379 [trainer.py] =>   Task 9: classes 90-99 (10 classes) | Train: 5000 images (20 batches), Test: 1000 images (4 batches)
2026-09-08 20:53:30,379 [trainer.py] => ================================================================================
2026-09-08 20:53:30,379 [trainer.py] => ================================================================================
2026-09-08 20:53:30,386 [base.py] => Task 0 learning on class 0-10
2026-09-08 20:53:30,957 [toolkit.py] => Total params:     106,727,884
2026-09-08 20:53:30,957 [toolkit.py] => Trainable params: 744,991
2026-09-08 20:53:30,958 [toolkit.py] => Trainable ratio:  0.6980%
2026-09-08 21:10:28,953 [sdlora_e.py] => Task 0, Epoch 20/20 => Loss 0.092, Train_accy 96.96
2026-09-08 21:10:28,954 [trainer.py] => Training time: 0h 16m 58s
2026-09-08 21:10:34,774 [trainer.py] => Evaluation time: 0h 0m 5s
2026-09-08 21:10:34,774 [trainer.py] => Accuracy: {'total': 99.5, '00-09': 99.5, 'old': 0, 'new': 99.5}
2026-09-08 21:10:34,774 [trainer.py] => (curve) top1 Acc: [99.5]
2026-09-08 21:10:34,774 [trainer.py] => Avergae Acc: 99.50
2026-09-08 21:10:34,774 [trainer.py] => (curve) top1 Acc with task: [99.5]
2026-09-08 21:10:34,774 [trainer.py] => Avergae Acc: 99.50
2026-09-08 21:10:34,775 [trainer.py] => (curve) top1 Acc task: [100.0]
2026-09-08 21:10:34,775 [trainer.py] => Avergae Acc: 100.00
2026-09-08 21:10:34,775 [trainer.py] => ================================================================================
2026-09-08 21:10:34,775 [trainer.py] => ================================================================================
2026-09-08 21:10:34,791 [base.py] => Task 1 learning on class 10-20
2026-09-08 21:10:34,817 [toolkit.py] => Total params:     106,727,884
2026-09-08 21:10:34,817 [toolkit.py] => Trainable params: 744,991
2026-09-08 21:10:34,817 [toolkit.py] => Trainable ratio:  0.6980%
2026-09-08 21:28:42,982 [sdlora_e.py] => Task 1, Epoch 20/20 => Loss 0.121, Train_accy 96.02
2026-09-08 21:28:42,988 [trainer.py] => Training time: 0h 18m 8s
2026-09-08 21:28:53,618 [trainer.py] => Evaluation time: 0h 0m 10s
2026-09-08 21:28:53,619 [trainer.py] => Accuracy: {'total': 96.8, '00-09': 95.8, '10-19': 97.8, 'old': 95.8, 'new': 97.8}
2026-09-08 21:28:53,619 [trainer.py] => (curve) top1 Acc: [99.5, 96.8]
2026-09-08 21:28:53,619 [trainer.py] => Avergae Acc: 98.15
2026-09-08 21:28:53,619 [trainer.py] => (curve) top1 Acc with task: [99.5, 99.2]
2026-09-08 21:28:53,619 [trainer.py] => Avergae Acc: 99.35
2026-09-08 21:28:53,619 [trainer.py] => (curve) top1 Acc task: [100.0, 97.5]
2026-09-08 21:28:53,619 [trainer.py] => Avergae Acc: 98.75
2026-09-08 21:28:53,619 [trainer.py] => ================================================================================
2026-09-08 21:28:53,619 [trainer.py] => ================================================================================
2026-09-08 21:28:53,635 [base.py] => Task 2 learning on class 20-30
2026-09-08 21:28:53,657 [toolkit.py] => Total params:     106,727,884
2026-09-08 21:28:53,658 [toolkit.py] => Trainable params: 744,991
2026-09-08 21:28:53,658 [toolkit.py] => Trainable ratio:  0.6980%
2026-09-08 21:48:02,004 [sdlora_e.py] => Task 2, Epoch 20/20 => Loss 0.104, Train_accy 96.54
2026-09-08 21:48:02,007 [trainer.py] => Training time: 0h 19m 8s
2026-09-08 21:48:18,058 [trainer.py] => Evaluation time: 0h 0m 16s
2026-09-08 21:48:18,058 [trainer.py] => Accuracy: {'total': 94.87, '00-09': 92.8, '10-19': 96.1, '20-29': 95.7, 'old': 94.45, 'new': 95.7}
2026-09-08 21:48:18,059 [trainer.py] => (curve) top1 Acc: [99.5, 96.8, 94.87]
2026-09-08 21:48:18,059 [trainer.py] => Avergae Acc: 97.06
2026-09-08 21:48:18,059 [trainer.py] => (curve) top1 Acc with task: [99.5, 99.2, 98.83]
2026-09-08 21:48:18,059 [trainer.py] => Avergae Acc: 99.18
2026-09-08 21:48:18,059 [trainer.py] => (curve) top1 Acc task: [100.0, 97.5, 95.53]
2026-09-08 21:48:18,059 [trainer.py] => Avergae Acc: 97.68
2026-09-08 21:48:18,059 [trainer.py] => ================================================================================
2026-09-08 21:48:18,059 [trainer.py] => ================================================================================
2026-09-08 21:48:18,116 [base.py] => Task 3 learning on class 30-40
2026-09-08 21:48:18,129 [toolkit.py] => Total params:     106,727,884
2026-09-08 21:48:18,129 [toolkit.py] => Trainable params: 744,991
2026-09-08 21:48:18,129 [toolkit.py] => Trainable ratio:  0.6980%
2026-09-08 22:08:24,342 [sdlora_e.py] => Task 3, Epoch 20/20 => Loss 0.093, Train_accy 97.10
2026-09-08 22:08:24,346 [trainer.py] => Training time: 0h 20m 6s
2026-09-08 22:08:46,491 [trainer.py] => Evaluation time: 0h 0m 22s
2026-09-08 22:08:46,491 [trainer.py] => Accuracy: {'total': 93.28, '00-09': 92.7, '10-19': 93.6, '20-29': 95.5, '30-39': 91.3, 'old': 93.93, 'new': 91.3}
2026-09-08 22:08:46,491 [trainer.py] => (curve) top1 Acc: [99.5, 96.8, 94.87, 93.28]
2026-09-08 22:08:46,492 [trainer.py] => Avergae Acc: 96.11
2026-09-08 22:08:46,492 [trainer.py] => (curve) top1 Acc with task: [99.5, 99.2, 98.83, 98.95]
2026-09-08 22:08:46,492 [trainer.py] => Avergae Acc: 99.12
2026-09-08 22:08:46,492 [trainer.py] => (curve) top1 Acc task: [100.0, 97.5, 95.53, 93.83]
2026-09-08 22:08:46,492 [trainer.py] => Avergae Acc: 96.71
2026-09-08 22:08:46,492 [trainer.py] => ================================================================================
2026-09-08 22:08:46,492 [trainer.py] => ================================================================================
2026-09-08 22:08:46,507 [base.py] => Task 4 learning on class 40-50
2026-09-08 22:08:46,521 [toolkit.py] => Total params:     106,727,884
2026-09-08 22:08:46,521 [toolkit.py] => Trainable params: 744,991
2026-09-08 22:08:46,521 [toolkit.py] => Trainable ratio:  0.6980%
2026-09-08 22:29:56,236 [sdlora_e.py] => Task 4, Epoch 20/20 => Loss 0.110, Train_accy 96.82
2026-09-08 22:29:56,240 [trainer.py] => Training time: 0h 21m 9s
2026-09-08 22:30:25,548 [trainer.py] => Evaluation time: 0h 0m 29s
2026-09-08 22:30:25,548 [trainer.py] => Accuracy: {'total': 92.52, '00-09': 90.1, '10-19': 91.7, '20-29': 94.5, '30-39': 90.3, '40-49': 96.0, 'old': 91.65, 'new': 96.0}
2026-09-08 22:30:25,548 [trainer.py] => (curve) top1 Acc: [99.5, 96.8, 94.87, 93.28, 92.52]
2026-09-08 22:30:25,548 [trainer.py] => Avergae Acc: 95.39
2026-09-08 22:30:25,548 [trainer.py] => (curve) top1 Acc with task: [99.5, 99.2, 98.83, 98.95, 99.06]
2026-09-08 22:30:25,549 [trainer.py] => Avergae Acc: 99.11
2026-09-08 22:30:25,549 [trainer.py] => (curve) top1 Acc task: [100.0, 97.5, 95.53, 93.83, 92.9]
2026-09-08 22:30:25,549 [trainer.py] => Avergae Acc: 95.95
2026-09-08 22:30:25,549 [trainer.py] => ================================================================================
2026-09-08 22:30:25,549 [trainer.py] => ================================================================================
2026-09-08 22:30:25,564 [base.py] => Task 5 learning on class 50-60
2026-09-08 22:30:25,578 [toolkit.py] => Total params:     106,727,884
2026-09-08 22:30:25,578 [toolkit.py] => Trainable params: 744,991
2026-09-08 22:30:25,578 [toolkit.py] => Trainable ratio:  0.6980%
2026-09-08 22:52:49,880 [sdlora_e.py] => Task 5, Epoch 20/20 => Loss 0.138, Train_accy 96.24
2026-09-08 22:52:49,884 [trainer.py] => Training time: 0h 22m 24s
2026-09-08 22:53:26,500 [trainer.py] => Evaluation time: 0h 0m 36s
2026-09-08 22:53:26,501 [trainer.py] => Accuracy: {'total': 90.72, '00-09': 87.4, '10-19': 91.3, '20-29': 93.5, '30-39': 89.2, '40-49': 94.9, '50-59': 88.0, 'old': 91.26, 'new': 88.0}
2026-09-08 22:53:26,501 [trainer.py] => (curve) top1 Acc: [99.5, 96.8, 94.87, 93.28, 92.52, 90.72]
2026-09-08 22:53:26,501 [trainer.py] => Avergae Acc: 94.62
2026-09-08 22:53:26,501 [trainer.py] => (curve) top1 Acc with task: [99.5, 99.2, 98.83, 98.95, 99.06, 98.8]
2026-09-08 22:53:26,501 [trainer.py] => Avergae Acc: 99.06
2026-09-08 22:53:26,501 [trainer.py] => (curve) top1 Acc task: [100.0, 97.5, 95.53, 93.83, 92.9, 91.13]
2026-09-08 22:53:26,501 [trainer.py] => Avergae Acc: 95.15
2026-09-08 22:53:26,501 [trainer.py] => ================================================================================
2026-09-08 22:53:26,501 [trainer.py] => ================================================================================
2026-09-08 22:53:26,514 [base.py] => Task 6 learning on class 60-70
2026-09-08 22:53:26,528 [toolkit.py] => Total params:     106,727,884
2026-09-08 22:53:26,528 [toolkit.py] => Trainable params: 744,991
2026-09-08 22:53:26,528 [toolkit.py] => Trainable ratio:  0.6980%
2026-09-08 23:20:36,247 [sdlora_e.py] => Task 6, Epoch 20/20 => Loss 0.100, Train_accy 96.36
2026-09-08 23:20:36,253 [trainer.py] => Training time: 0h 27m 9s
2026-09-08 23:21:34,363 [trainer.py] => Evaluation time: 0h 0m 58s
2026-09-08 23:21:34,363 [trainer.py] => Accuracy: {'total': 89.99, '00-09': 86.6, '10-19': 89.4, '20-29': 92.2, '30-39': 88.7, '40-49': 94.0, '50-59': 86.9, '60-69': 92.1, 'old': 89.63, 'new': 92.1}
2026-09-08 23:21:34,364 [trainer.py] => (curve) top1 Acc: [99.5, 96.8, 94.87, 93.28, 92.52, 90.72, 89.99]
2026-09-08 23:21:34,364 [trainer.py] => Avergae Acc: 93.95
2026-09-08 23:21:34,364 [trainer.py] => (curve) top1 Acc with task: [99.5, 99.2, 98.83, 98.95, 99.06, 98.8, 98.64]
2026-09-08 23:21:34,364 [trainer.py] => Avergae Acc: 99.00
2026-09-08 23:21:34,364 [trainer.py] => (curve) top1 Acc task: [100.0, 97.5, 95.53, 93.83, 92.9, 91.13, 90.46]
2026-09-08 23:21:34,364 [trainer.py] => Avergae Acc: 94.48
2026-09-08 23:21:34,364 [trainer.py] => ================================================================================
2026-09-08 23:21:34,364 [trainer.py] => ================================================================================
2026-09-08 23:21:34,382 [base.py] => Task 7 learning on class 70-80
2026-09-08 23:21:34,406 [toolkit.py] => Total params:     106,727,884
2026-09-08 23:21:34,407 [toolkit.py] => Trainable params: 744,991
2026-09-08 23:21:34,407 [toolkit.py] => Trainable ratio:  0.6980%
2026-09-08 23:52:25,834 [sdlora_e.py] => Task 7, Epoch 20/20 => Loss 0.096, Train_accy 96.66
2026-09-08 23:52:25,840 [trainer.py] => Training time: 0h 30m 51s
2026-09-08 23:53:37,399 [trainer.py] => Evaluation time: 0h 1m 11s
2026-09-08 23:53:37,399 [trainer.py] => Accuracy: {'total': 89.6, '00-09': 85.7, '10-19': 89.0, '20-29': 91.3, '30-39': 87.6, '40-49': 93.6, '50-59': 85.9, '60-69': 90.7, '70-79': 93.0, 'old': 89.11, 'new': 93.0}
2026-09-08 23:53:37,399 [trainer.py] => (curve) top1 Acc: [99.5, 96.8, 94.87, 93.28, 92.52, 90.72, 89.99, 89.6]
2026-09-08 23:53:37,400 [trainer.py] => Avergae Acc: 93.41
2026-09-08 23:53:37,400 [trainer.py] => (curve) top1 Acc with task: [99.5, 99.2, 98.83, 98.95, 99.06, 98.8, 98.64, 98.75]
2026-09-08 23:53:37,400 [trainer.py] => Avergae Acc: 98.97
2026-09-08 23:53:37,400 [trainer.py] => (curve) top1 Acc task: [100.0, 97.5, 95.53, 93.83, 92.9, 91.13, 90.46, 90.06]
2026-09-08 23:53:37,400 [trainer.py] => Avergae Acc: 93.93
2026-09-08 23:53:37,400 [trainer.py] => ================================================================================
2026-09-08 23:53:37,400 [trainer.py] => ================================================================================
2026-09-08 23:53:37,455 [base.py] => Task 8 learning on class 80-90
2026-09-08 23:53:37,479 [toolkit.py] => Total params:     106,727,884
2026-09-08 23:53:37,479 [toolkit.py] => Trainable params: 744,991
2026-09-08 23:53:37,479 [toolkit.py] => Trainable ratio:  0.6980%
2026-09-09 00:26:10,360 [sdlora_e.py] => Task 8, Epoch 20/20 => Loss 0.088, Train_accy 97.76
2026-09-09 00:26:10,365 [trainer.py] => Training time: 0h 32m 32s
2026-09-09 00:27:31,901 [trainer.py] => Evaluation time: 0h 1m 21s
2026-09-09 00:27:31,901 [trainer.py] => Accuracy: {'total': 90.2, '00-09': 85.9, '10-19': 88.3, '20-29': 91.9, '30-39': 87.5, '40-49': 93.2, '50-59': 87.0, '60-69': 90.4, '70-79': 92.8, '80-89': 94.8, 'old': 89.62, 'new': 94.8}
2026-09-09 00:27:31,901 [trainer.py] => (curve) top1 Acc: [99.5, 96.8, 94.87, 93.28, 92.52, 90.72, 89.99, 89.6, 90.2]
2026-09-09 00:27:31,901 [trainer.py] => Avergae Acc: 93.05
2026-09-09 00:27:31,902 [trainer.py] => (curve) top1 Acc with task: [99.5, 99.2, 98.83, 98.95, 99.06, 98.8, 98.64, 98.75, 98.84]
2026-09-09 00:27:31,902 [trainer.py] => Avergae Acc: 98.95
2026-09-09 00:27:31,902 [trainer.py] => (curve) top1 Acc task: [100.0, 97.5, 95.53, 93.83, 92.9, 91.13, 90.46, 90.06, 90.57]
2026-09-09 00:27:31,902 [trainer.py] => Avergae Acc: 93.55
2026-09-09 00:27:31,902 [trainer.py] => ================================================================================
2026-09-09 00:27:31,902 [trainer.py] => ================================================================================
2026-09-09 00:27:31,917 [base.py] => Task 9 learning on class 90-100
2026-09-09 00:27:31,933 [toolkit.py] => Total params:     106,727,884
2026-09-09 00:27:31,933 [toolkit.py] => Trainable params: 744,991
2026-09-09 00:27:31,933 [toolkit.py] => Trainable ratio:  0.6980%
2026-09-09 00:49:51,203 [sdlora_e.py] => Task 9, Epoch 20/20 => Loss 0.071, Train_accy 97.76
2026-09-09 00:49:51,220 [trainer.py] => Training time: 0h 22m 19s
2026-09-09 00:50:47,839 [trainer.py] => Evaluation time: 0h 0m 56s
2026-09-09 00:50:47,839 [trainer.py] => Accuracy: {'total': 89.08, '00-09': 84.5, '10-19': 87.9, '20-29': 92.0, '30-39': 85.3, '40-49': 91.4, '50-59': 83.8, '60-69': 89.8, '70-79': 91.9, '80-89': 92.8, '90-99': 91.4, 'old': 88.82, 'new': 91.4}
2026-09-09 00:50:47,839 [trainer.py] => (curve) top1 Acc: [99.5, 96.8, 94.87, 93.28, 92.52, 90.72, 89.99, 89.6, 90.2, 89.08]
2026-09-09 00:50:47,839 [trainer.py] => Avergae Acc: 92.66
2026-09-09 00:50:47,839 [trainer.py] => (curve) top1 Acc with task: [99.5, 99.2, 98.83, 98.95, 99.06, 98.8, 98.64, 98.75, 98.84, 98.89]
2026-09-09 00:50:47,839 [trainer.py] => Avergae Acc: 98.95
2026-09-09 00:50:47,839 [trainer.py] => (curve) top1 Acc task: [100.0, 97.5, 95.53, 93.83, 92.9, 91.13, 90.46, 90.06, 90.57, 89.37]
2026-09-09 00:50:47,839 [trainer.py] => Avergae Acc: 93.14
2026-09-09 00:50:47,839 [trainer.py] => ================================================================================
