nohup: ignoring input
2026-08-29 07:06:24,427 [toolkit.py] => config: configs/sdlora_o/cifar100_seed=1993.json
2026-08-29 07:06:24,427 [toolkit.py] => device: [device(type='cuda', index=5)]
2026-08-29 07:06:24,427 [toolkit.py] => debug: False
2026-08-29 07:06:24,428 [toolkit.py] => save_ckp: False
2026-08-29 07:06:24,428 [toolkit.py] => moe_list: None
2026-08-29 07:06:24,428 [toolkit.py] => seed: 1993
2026-08-29 07:06:24,428 [toolkit.py] => dataset: cifar100
2026-08-29 07:06:24,428 [toolkit.py] => data_path: data/cifar100
2026-08-29 07:06:24,428 [toolkit.py] => load: vit_base_patch16_224_in21k
2026-08-29 07:06:24,428 [toolkit.py] => init_cls: 10
2026-08-29 07:06:24,428 [toolkit.py] => increment: 10
2026-08-29 07:06:24,428 [toolkit.py] => sessions: 10
2026-08-29 07:06:24,428 [toolkit.py] => shuffle: False
2026-08-29 07:06:24,428 [toolkit.py] => method: sdlora_o
2026-08-29 07:06:24,428 [toolkit.py] => optimizer: adam
2026-08-29 07:06:24,428 [toolkit.py] => scheduler: cosine
2026-08-29 07:06:24,428 [toolkit.py] => epochs: 20
2026-08-29 07:06:24,428 [toolkit.py] => lrate: 0.008
2026-08-29 07:06:24,428 [toolkit.py] => fc_lrate: 0.008
2026-08-29 07:06:24,428 [toolkit.py] => weight_decay: 0.0
2026-08-29 07:06:24,428 [toolkit.py] => batch_size: 128
2026-08-29 07:06:24,428 [toolkit.py] => rank: 10
2026-08-29 07:06:24,428 [toolkit.py] => num_workers: 16
2026-08-29 07:06:24,428 [toolkit.py] => lrate_head: 0
2026-08-29 07:06:24,428 [toolkit.py] => R: 0.5
2026-08-29 07:06:24,428 [toolkit.py] => ortho_loss_type: True
2026-08-29 07:06:24,429 [toolkit.py] => ortho_loss_weight: 0.1
2026-08-29 07:06:24,429 [toolkit.py] => logdir: logs/sdlora_o/cifar100/t10
2026-08-29 07:06:24,429 [toolkit.py] => logfilename: logs/sdlora_o/cifar100/t10/seed1993
2026-08-29 07:06:26,193 [data_manager.py] => Class index order: 0, 1, 2, 3, 4, ..., 95, 96, 97, 98, 99
2026-08-29 07:06:28,629 [trainer.py] => ================================================================================
2026-08-29 07:06:28,629 [trainer.py] => Dataset Information
2026-08-29 07:06:28,629 [trainer.py] => ================================================================================
2026-08-29 07:06:28,629 [trainer.py] =>   Dataset name     : cifar100
2026-08-29 07:06:28,630 [trainer.py] =>   Data path        : data/cifar100
2026-08-29 07:06:28,630 [trainer.py] =>   Total classes    : 100
2026-08-29 07:06:28,630 [trainer.py] =>   Total tasks      : 10
2026-08-29 07:06:28,630 [trainer.py] =>   Task increments  : [10, 10, 10, 10, 10, 10, 10, 10, 10, 10]
2026-08-29 07:06:28,630 [trainer.py] =>   Init classes     : 10
2026-08-29 07:06:28,630 [trainer.py] =>   Increment per task: 10
2026-08-29 07:06:28,630 [trainer.py] =>   Shuffle          : False
2026-08-29 07:06:28,630 [trainer.py] =>   Seed             : 1993
2026-08-29 07:06:28,630 [trainer.py] => --------------------------------------------------------------------------------
2026-08-29 07:06:28,630 [trainer.py] => Task split:
2026-08-29 07:06:28,651 [trainer.py] =>   Task 0: classes 0-9 (10 classes) | Train: 5000 images (20 batches), Test: 1000 images (4 batches)
2026-08-29 07:06:28,674 [trainer.py] =>   Task 1: classes 10-19 (10 classes) | Train: 5000 images (20 batches), Test: 1000 images (4 batches)
2026-08-29 07:06:28,682 [trainer.py] =>   Task 2: classes 20-29 (10 classes) | Train: 5000 images (20 batches), Test: 1000 images (4 batches)
2026-08-29 07:06:28,690 [trainer.py] =>   Task 3: classes 30-39 (10 classes) | Train: 5000 images (20 batches), Test: 1000 images (4 batches)
2026-08-29 07:06:28,698 [trainer.py] =>   Task 4: classes 40-49 (10 classes) | Train: 5000 images (20 batches), Test: 1000 images (4 batches)
2026-08-29 07:06:28,706 [trainer.py] =>   Task 5: classes 50-59 (10 classes) | Train: 5000 images (20 batches), Test: 1000 images (4 batches)
2026-08-29 07:06:28,729 [trainer.py] =>   Task 6: classes 60-69 (10 classes) | Train: 5000 images (20 batches), Test: 1000 images (4 batches)
2026-08-29 07:06:28,737 [trainer.py] =>   Task 7: classes 70-79 (10 classes) | Train: 5000 images (20 batches), Test: 1000 images (4 batches)
2026-08-29 07:06:28,745 [trainer.py] =>   Task 8: classes 80-89 (10 classes) | Train: 5000 images (20 batches), Test: 1000 images (4 batches)
2026-08-29 07:06:28,753 [trainer.py] =>   Task 9: classes 90-99 (10 classes) | Train: 5000 images (20 batches), Test: 1000 images (4 batches)
2026-08-29 07:06:28,753 [trainer.py] => ================================================================================
2026-08-29 07:06:28,753 [trainer.py] => ================================================================================
2026-08-29 07:06:28,759 [base.py] => Task 0 learning on class 0-10
Parameters to be updated:
[Trainable] image_encoder.scaling_factor.0.param                         (1,) | 1
[Trainable] image_encoder.scaling_factor_prev.0.param                    (1,) | 1
[Trainable] image_encoder.scaling_factor_prev.1.param                    (1,) | 1
[Trainable] image_encoder.scaling_factor_prev.2.param                    (1,) | 1
[Trainable] image_encoder.scaling_factor_prev.3.param                    (1,) | 1
[Trainable] image_encoder.scaling_factor_prev.4.param                    (1,) | 1
[Trainable] image_encoder.scaling_factor_prev.5.param                    (1,) | 1
[Trainable] image_encoder.scaling_factor_prev.6.param                    (1,) | 1
[Trainable] image_encoder.scaling_factor_prev.7.param                    (1,) | 1
[Trainable] image_encoder.scaling_factor_prev.8.param                    (1,) | 1
[Trainable] image_encoder.scaling_factor_prev.9.param                    (1,) | 1
[Trainable] image_encoder.scaling_factor_prev.10.param                   (1,) | 1
[Trainable] image_encoder.scaling_factor_prev.11.param                   (1,) | 1
[Trainable] image_encoder.scaling_factor_prev.12.param                   (1,) | 1
[Trainable] image_encoder.scaling_factor_prev.13.param                   (1,) | 1
[Trainable] image_encoder.scaling_factor_prev.14.param                   (1,) | 1
[Trainable] image_encoder.scaling_factor_prev.15.param                   (1,) | 1
[Trainable] image_encoder.scaling_factor_prev.16.param                   (1,) | 1
[Trainable] image_encoder.scaling_factor_prev.17.param                   (1,) | 1
[Trainable] image_encoder.scaling_factor_prev.18.param                   (1,) | 1
[Trainable] image_encoder.scaling_factor_prev.19.param                   (1,) | 1
[Trainable] image_encoder.blocks.0.attn.lora_A_k.0.weight                (10, 768) | 7680
[Trainable] image_encoder.blocks.0.attn.lora_B_k.0.weight                (768, 10) | 7680
[Trainable] image_encoder.blocks.0.attn.lora_A_v.0.weight                (10, 768) | 7680
[Trainable] image_encoder.blocks.0.attn.lora_B_v.0.weight                (768, 10) | 7680
[Trainable] image_encoder.blocks.0.attn.Lora_shared_A_k.weight           (10, 768) | 7680
[Trainable] image_encoder.blocks.0.attn.Lora_shared_B_k.weight           (768, 10) | 7680
[Trainable] image_encoder.blocks.0.attn.Lora_shared_A_v.weight           (10, 768) | 7680
[Trainable] image_encoder.blocks.0.attn.Lora_shared_B_v.weight           (768, 10) | 7680
[Trainable] image_encoder.blocks.1.attn.lora_A_k.0.weight                (10, 768) | 7680
[Trainable] image_encoder.blocks.1.attn.lora_B_k.0.weight                (768, 10) | 7680
[Trainable] image_encoder.blocks.1.attn.lora_A_v.0.weight                (10, 768) | 7680
[Trainable] image_encoder.blocks.1.attn.lora_B_v.0.weight                (768, 10) | 7680
[Trainable] image_encoder.blocks.1.attn.Lora_shared_A_k.weight           (10, 768) | 7680
[Trainable] image_encoder.blocks.1.attn.Lora_shared_B_k.weight           (768, 10) | 7680
[Trainable] image_encoder.blocks.1.attn.Lora_shared_A_v.weight           (10, 768) | 7680
[Trainable] image_encoder.blocks.1.attn.Lora_shared_B_v.weight           (768, 10) | 7680
[Trainable] image_encoder.blocks.2.attn.lora_A_k.0.weight                (10, 768) | 7680
[Trainable] image_encoder.blocks.2.attn.lora_B_k.0.weight                (768, 10) | 7680
[Trainable] image_encoder.blocks.2.attn.lora_A_v.0.weight                (10, 768) | 7680
[Trainable] image_encoder.blocks.2.attn.lora_B_v.0.weight                (768, 10) | 7680
[Trainable] image_encoder.blocks.2.attn.Lora_shared_A_k.weight           (10, 768) | 7680
[Trainable] image_encoder.blocks.2.attn.Lora_shared_B_k.weight           (768, 10) | 7680
[Trainable] image_encoder.blocks.2.attn.Lora_shared_A_v.weight           (10, 768) | 7680
[Trainable] image_encoder.blocks.2.attn.Lora_shared_B_v.weight           (768, 10) | 7680
[Trainable] image_encoder.blocks.3.attn.lora_A_k.0.weight                (10, 768) | 7680
[Trainable] image_encoder.blocks.3.attn.lora_B_k.0.weight                (768, 10) | 7680
[Trainable] image_encoder.blocks.3.attn.lora_A_v.0.weight                (10, 768) | 7680
[Trainable] image_encoder.blocks.3.attn.lora_B_v.0.weight                (768, 10) | 7680
[Trainable] image_encoder.blocks.3.attn.Lora_shared_A_k.weight           (10, 768) | 7680
[Trainable] image_encoder.blocks.3.attn.Lora_shared_B_k.weight           (768, 10) | 7680
[Trainable] image_encoder.blocks.3.attn.Lora_shared_A_v.weight           (10, 768) | 7680
[Trainable] image_encoder.blocks.3.attn.Lora_shared_B_v.weight           (768, 10) | 7680
[Trainable] image_encoder.blocks.4.attn.lora_A_k.0.weight                (10, 768) | 7680
[Trainable] image_encoder.blocks.4.attn.lora_B_k.0.weight                (768, 10) | 7680
[Trainable] image_encoder.blocks.4.attn.lora_A_v.0.weight                (10, 768) | 7680
[Trainable] image_encoder.blocks.4.attn.lora_B_v.0.weight                (768, 10) | 7680
[Trainable] image_encoder.blocks.4.attn.Lora_shared_A_k.weight           (10, 768) | 7680
[Trainable] image_encoder.blocks.4.attn.Lora_shared_B_k.weight           (768, 10) | 7680
[Trainable] image_encoder.blocks.4.attn.Lora_shared_A_v.weight           (10, 768) | 7680
[Trainable] image_encoder.blocks.4.attn.Lora_shared_B_v.weight           (768, 10) | 7680
[Trainable] image_encoder.blocks.5.attn.lora_A_k.0.weight                (10, 768) | 7680
[Trainable] image_encoder.blocks.5.attn.lora_B_k.0.weight                (768, 10) | 7680
[Trainable] image_encoder.blocks.5.attn.lora_A_v.0.weight                (10, 768) | 7680
[Trainable] image_encoder.blocks.5.attn.lora_B_v.0.weight                (768, 10) | 7680
[Trainable] image_encoder.blocks.5.attn.Lora_shared_A_k.weight           (10, 768) | 7680
[Trainable] image_encoder.blocks.5.attn.Lora_shared_B_k.weight           (768, 10) | 7680
[Trainable] image_encoder.blocks.5.attn.Lora_shared_A_v.weight           (10, 768) | 7680
[Trainable] image_encoder.blocks.5.attn.Lora_shared_B_v.weight           (768, 10) | 7680
[Trainable] image_encoder.blocks.6.attn.lora_A_k.0.weight                (10, 768) | 7680
[Trainable] image_encoder.blocks.6.attn.lora_B_k.0.weight                (768, 10) | 7680
[Trainable] image_encoder.blocks.6.attn.lora_A_v.0.weight                (10, 768) | 7680
[Trainable] image_encoder.blocks.6.attn.lora_B_v.0.weight                (768, 10) | 7680
[Trainable] image_encoder.blocks.6.attn.Lora_shared_A_k.weight           (10, 768) | 7680
[Trainable] image_encoder.blocks.6.attn.Lora_shared_B_k.weight           (768, 10) | 7680
[Trainable] image_encoder.blocks.6.attn.Lora_shared_A_v.weight           (10, 768) | 7680
[Trainable] image_encoder.blocks.6.attn.Lora_shared_B_v.weight           (768, 10) | 7680
[Trainable] image_encoder.blocks.7.attn.lora_A_k.0.weight                (10, 768) | 7680
[Trainable] image_encoder.blocks.7.attn.lora_B_k.0.weight                (768, 10) | 7680
[Trainable] image_encoder.blocks.7.attn.lora_A_v.0.weight                (10, 768) | 7680
[Trainable] image_encoder.blocks.7.attn.lora_B_v.0.weight                (768, 10) | 7680
[Trainable] image_encoder.blocks.7.attn.Lora_shared_A_k.weight           (10, 768) | 7680
[Trainable] image_encoder.blocks.7.attn.Lora_shared_B_k.weight           (768, 10) | 7680
[Trainable] image_encoder.blocks.7.attn.Lora_shared_A_v.weight           (10, 768) | 7680
[Trainable] image_encoder.blocks.7.attn.Lora_shared_B_v.weight           (768, 10) | 7680
[Trainable] image_encoder.blocks.8.attn.lora_A_k.0.weight                (10, 768) | 7680
[Trainable] image_encoder.blocks.8.attn.lora_B_k.0.weight                (768, 10) | 7680
[Trainable] image_encoder.blocks.8.attn.lora_A_v.0.weight                (10, 768) | 7680
[Trainable] image_encoder.blocks.8.attn.lora_B_v.0.weight                (768, 10) | 7680
[Trainable] image_encoder.blocks.8.attn.Lora_shared_A_k.weight           (10, 768) | 7680
[Trainable] image_encoder.blocks.8.attn.Lora_shared_B_k.weight           (768, 10) | 7680
[Trainable] image_encoder.blocks.8.attn.Lora_shared_A_v.weight           (10, 768) | 7680
[Trainable] image_encoder.blocks.8.attn.Lora_shared_B_v.weight           (768, 10) | 7680
[Trainable] image_encoder.blocks.9.attn.lora_A_k.0.weight                (10, 768) | 7680
[Trainable] image_encoder.blocks.9.attn.lora_B_k.0.weight                (768, 10) | 7680
[Trainable] image_encoder.blocks.9.attn.lora_A_v.0.weight                (10, 768) | 7680
[Trainable] image_encoder.blocks.9.attn.lora_B_v.0.weight                (768, 10) | 7680
[Trainable] image_encoder.blocks.9.attn.Lora_shared_A_k.weight           (10, 768) | 7680
[Trainable] image_encoder.blocks.9.attn.Lora_shared_B_k.weight           (768, 10) | 7680
[Trainable] image_encoder.blocks.9.attn.Lora_shared_A_v.weight           (10, 768) | 7680
[Trainable] image_encoder.blocks.9.attn.Lora_shared_B_v.weight           (768, 10) | 7680
[Trainable] image_encoder.blocks.10.attn.lora_A_k.0.weight               (10, 768) | 7680
[Trainable] image_encoder.blocks.10.attn.lora_B_k.0.weight               (768, 10) | 7680
[Trainable] image_encoder.blocks.10.attn.lora_A_v.0.weight               (10, 768) | 7680
[Trainable] image_encoder.blocks.10.attn.lora_B_v.0.weight               (768, 10) | 7680
[Trainable] image_encoder.blocks.10.attn.Lora_shared_A_k.weight          (10, 768) | 7680
[Trainable] image_encoder.blocks.10.attn.Lora_shared_B_k.weight          (768, 10) | 7680
[Trainable] image_encoder.blocks.10.attn.Lora_shared_A_v.weight          (10, 768) | 7680
[Trainable] image_encoder.blocks.10.attn.Lora_shared_B_v.weight          (768, 10) | 7680
[Trainable] image_encoder.blocks.11.attn.lora_A_k.0.weight               (10, 768) | 7680
[Trainable] image_encoder.blocks.11.attn.lora_B_k.0.weight               (768, 10) | 7680
[Trainable] image_encoder.blocks.11.attn.lora_A_v.0.weight               (10, 768) | 7680
[Trainable] image_encoder.blocks.11.attn.lora_B_v.0.weight               (768, 10) | 7680
[Trainable] image_encoder.blocks.11.attn.Lora_shared_A_k.weight          (10, 768) | 7680
[Trainable] image_encoder.blocks.11.attn.Lora_shared_B_k.weight          (768, 10) | 7680
[Trainable] image_encoder.blocks.11.attn.Lora_shared_A_v.weight          (10, 768) | 7680
[Trainable] image_encoder.blocks.11.attn.Lora_shared_B_v.weight          (768, 10) | 7680
[Trainable] classifier_pool.0.weight                                     (10, 768) | 7680
[Trainable] classifier_pool.0.bias                                       (10,) | 10
2026-08-29 07:06:29,354 [toolkit.py] => Total params:     106,727,884
2026-08-29 07:06:29,355 [toolkit.py] => Trainable params: 744,991
2026-08-29 07:06:29,355 [toolkit.py] => Trainable ratio:  0.6980%
✅ Requires_grad parameters and optimizer parameters are consistent.
  0%|          | 0/20 [00:00<?, ?it/s]Task 0, Epoch 1/20 => Loss 3.288, Train_accy 23.94:   0%|          | 0/20 [01:18<?, ?it/s]Task 0, Epoch 1/20 => Loss 3.288, Train_accy 23.94:   5%|▌         | 1/20 [01:18<24:50, 78.47s/it]Task 0, Epoch 2/20 => Loss 2.407, Train_accy 11.60:   5%|▌         | 1/20 [02:22<24:50, 78.47s/it]Task 0, Epoch 2/20 => Loss 2.407, Train_accy 11.60:  10%|█         | 2/20 [02:22<20:54, 69.71s/it]